[0.004s][info][gc] Using Parallel
[0.005s][info][gc,init] Version: 17.0.1+12-LTS (release)
[0.005s][info][gc,init] CPUs: 8 total, 8 available
[0.005s][info][gc,init] Memory: 32112M
[0.005s][info][gc,init] Large Page Support: Disabled
[0.005s][info][gc,init] NUMA Support: Disabled
[0.005s][info][gc,init] Compressed Oops: Enabled (Zero based)
[0.005s][info][gc,init] Alignments: Space 512K, Generation 512K, Heap 2M
[0.005s][info][gc,init] Heap Min Capacity: 2054M
[0.005s][info][gc,init] Heap Initial Capacity: 2054M
[0.005s][info][gc,init] Heap Max Capacity: 3G
[0.005s][info][gc,init] Pre-touch: Disabled
[0.005s][info][gc,init] Parallel Workers: 4
[0.005s][info][gc,metaspace] CDS archive(s) not mapped
[0.005s][info][gc,metaspace] Compressed class space mapped at: 0x0000000800000000-0x0000000840000000, reserved size: 1073741824
[0.005s][info][gc,metaspace] Narrow klass base: 0x0000000800000000, Narrow klass shift: 0, Narrow klass range: 0x40000000
[0.740s][info][safepoint   ] Safepoint "ICBufferFull", Time since last: 717091210 ns, Reaching safepoint: 235814 ns, At safepoint: 11000 ns, Total: 246814 ns
[0.987s][info][safepoint   ] Safepoint "ICBufferFull", Time since last: 247348281 ns, Reaching safepoint: 113406 ns, At safepoint: 2500 ns, Total: 115906 ns
[1.121s][info][gc,start    ] GC(0) Pause Young (Metadata GC Threshold)
[1.131s][debug][gc,phases   ] GC(0) Scavenge 9.559ms
[1.131s][debug][gc,ref      ] GC(0) Skipped phase 1 of Reference Processing: no references
[1.131s][debug][gc,ref      ] GC(0) ReferenceProcessor::execute queues: 1, RefProcThreadModel::Single, marks_oops_alive: false
[1.131s][debug][gc,ref      ] GC(0) Skipped phase 3 of Reference Processing: no references
[1.131s][debug][gc,ref      ] GC(0) ReferenceProcessor::execute queues: 1, RefProcThreadModel::Single, marks_oops_alive: false
[1.131s][debug][gc,phases   ] GC(0) Reference Processing 0.201ms
[1.131s][debug][gc,phases   ] GC(0)   VM Weak                        Min:  0.0, Avg:  0.0, Max:  0.0, Diff:  0.0, Sum:  0.0, Workers: 4
[1.131s][debug][gc,phases   ] GC(0)     Dead                           Min: 0, Avg:  0.0, Max: 0, Diff: 0, Sum: 0, Workers: 4
[1.131s][debug][gc,phases   ] GC(0)     Total                          Min: 0, Avg: 25.0, Max: 100, Diff: 100, Sum: 100, Workers: 4
[1.131s][debug][gc,phases   ] GC(0)   ObjectSynchronizer Weak        Min:  0.0, Avg:  0.0, Max:  0.0, Diff:  0.0, Sum:  0.0, Workers: 4
[1.131s][debug][gc,phases   ] GC(0)     Dead                           Min: 0, Avg:  0.2, Max: 1, Diff: 1, Sum: 1, Workers: 4
[1.131s][debug][gc,phases   ] GC(0)     Total                          Min: 0, Avg:  1.0, Max: 4, Diff: 4, Sum: 4, Workers: 4
[1.131s][debug][gc,phases   ] GC(0)   JVMTI Tag Weak OopStorage      Min:  0.0, Avg:  0.0, Max:  0.0, Diff:  0.0, Sum:  0.0, Workers: 4
[1.131s][debug][gc,phases   ] GC(0)     Dead                           Min: 0, Avg:  0.0, Max: 0, Diff: 0, Sum: 0, Workers: 4
[1.131s][debug][gc,phases   ] GC(0)     Total                          Min: 0, Avg:  0.0, Max: 0, Diff: 0, Sum: 0, Workers: 4
[1.131s][debug][gc,phases   ] GC(0)   StringTable Weak               Min:  0.1, Avg:  0.1, Max:  0.1, Diff:  0.0, Sum:  0.4, Workers: 4
[1.131s][debug][gc,phases   ] GC(0)     Dead                           Min: 0, Avg:  7.5, Max: 20, Diff: 20, Sum: 30, Workers: 4
[1.131s][debug][gc,phases   ] GC(0)     Total                          Min: 2048, Avg: 2868.8, Max: 3968, Diff: 1920, Sum: 11475, Workers: 4
[1.131s][debug][gc,phases   ] GC(0)   ResolvedMethodTable Weak       Min:  0.0, Avg:  0.0, Max:  0.0, Diff:  0.0, Sum:  0.0, Workers: 4
[1.131s][debug][gc,phases   ] GC(0)     Dead                           Min: 2, Avg: 11.0, Max: 21, Diff: 19, Sum: 44, Workers: 4
[1.131s][debug][gc,phases   ] GC(0)     Total                          Min: 75, Avg: 146.8, Max: 192, Diff: 117, Sum: 587, Workers: 4
[1.131s][debug][gc,phases   ] GC(0)   JNI Weak                       Min:  0.0, Avg:  0.0, Max:  0.0, Diff:  0.0, Sum:  0.0, Workers: 4
[1.131s][debug][gc,phases   ] GC(0)     Dead                           Min: 0, Avg:  0.0, Max: 0, Diff: 0, Sum: 0, Workers: 4
[1.131s][debug][gc,phases   ] GC(0)     Total                          Min: 0, Avg:  0.0, Max: 0, Diff: 0, Sum: 0, Workers: 4
[1.131s][debug][gc,phases   ] GC(0)   StringDedup Table Weak         Min:  0.0, Avg:  0.0, Max:  0.0, Diff:  0.0, Sum:  0.0, Workers: 4
[1.131s][debug][gc,phases   ] GC(0)     Dead                           Min: 0, Avg:  0.0, Max: 0, Diff: 0, Sum: 0, Workers: 4
[1.131s][debug][gc,phases   ] GC(0)     Total                          Min: 0, Avg:  0.0, Max: 0, Diff: 0, Sum: 0, Workers: 4
[1.131s][debug][gc,phases   ] GC(0)   StringDedup Requests0 Weak     Min:  0.0, Avg:  0.0, Max:  0.0, Diff:  0.0, Sum:  0.0, Workers: 4
[1.131s][debug][gc,phases   ] GC(0)     Dead                           Min: 0, Avg:  0.0, Max: 0, Diff: 0, Sum: 0, Workers: 4
[1.131s][debug][gc,phases   ] GC(0)     Total                          Min: 0, Avg:  0.0, Max: 0, Diff: 0, Sum: 0, Workers: 4
[1.131s][debug][gc,phases   ] GC(0)   StringDedup Requests1 Weak     Min:  0.0, Avg:  0.0, Max:  0.0, Diff:  0.0, Sum:  0.0, Workers: 4
[1.131s][debug][gc,phases   ] GC(0)     Dead                           Min: 0, Avg:  0.0, Max: 0, Diff: 0, Sum: 0, Workers: 4
[1.131s][debug][gc,phases   ] GC(0)     Total                          Min: 0, Avg:  0.0, Max: 0, Diff: 0, Sum: 0, Workers: 4
[1.131s][debug][gc,phases   ] GC(0)   Weak JFR Old Object Samples    Min:  0.0, Avg:  0.0, Max:  0.0, Diff:  0.0, Sum:  0.0, Workers: 4
[1.131s][debug][gc,phases   ] GC(0)     Dead                           Min: 0, Avg:  0.0, Max: 0, Diff: 0, Sum: 0, Workers: 4
[1.131s][debug][gc,phases   ] GC(0)     Total                          Min: 0, Avg:  0.0, Max: 0, Diff: 0, Sum: 0, Workers: 4
[1.131s][debug][gc,phases   ] GC(0) Weak Processing 0.298ms
[1.131s][debug][gc,age      ] GC(0) Desired survivor size 536870912 bytes, new threshold 7 (max threshold 15)
[1.131s][info ][gc,heap     ] GC(0) PSYoungGen: 241030K(1572864K)->27295K(1572864K) Eden: 241030K(1048576K)->0K(1048576K) From: 0K(524288K)->27295K(524288K)
[1.131s][info ][gc,heap     ] GC(0) ParOldGen: 0K(6144K)->88K(6144K)
[1.131s][info ][gc,metaspace] GC(0) Metaspace: 21297K(21504K)->21297K(21504K) NonClass: 18872K(18944K)->18872K(18944K) Class: 2425K(2560K)->2425K(2560K)
[1.131s][info ][gc          ] GC(0) Pause Young (Metadata GC Threshold) 235M->26M(1542M) 10.465ms
[1.131s][info ][gc,cpu      ] GC(0) User=0.05s Sys=0.00s Real=0.01s
[1.131s][debug][gc,phases   ] GC(1) Pre Compact 0.011ms
[1.131s][info ][gc,start    ] GC(1) Pause Full (Metadata GC Threshold)
[1.131s][info ][gc,phases,start] GC(1) Marking Phase
[1.136s][debug][gc,phases      ] GC(1) Par Mark 5.093ms
[1.136s][debug][gc,ref         ] GC(1) Skipped phase 1 of Reference Processing: no references
[1.136s][debug][gc,ref         ] GC(1) ReferenceProcessor::execute queues: 1, RefProcThreadModel::Single, marks_oops_alive: false
[1.136s][debug][gc,ref         ] GC(1) Skipped phase 3 of Reference Processing: no references
[1.136s][debug][gc,ref         ] GC(1) ReferenceProcessor::execute queues: 1, RefProcThreadModel::Single, marks_oops_alive: false
[1.136s][debug][gc,phases      ] GC(1) Reference Processing 0.041ms
[1.136s][debug][gc,phases      ] GC(1)   VM Weak                        Min:  0.0, Avg:  0.0, Max:  0.0, Diff:  0.0, Sum:  0.0, Workers: 4
[1.136s][debug][gc,phases      ] GC(1)     Dead                           Min: 0, Avg:  0.0, Max: 0, Diff: 0, Sum: 0, Workers: 4
[1.136s][debug][gc,phases      ] GC(1)     Total                          Min: 0, Avg: 25.0, Max: 100, Diff: 100, Sum: 100, Workers: 4
[1.136s][debug][gc,phases      ] GC(1)   ObjectSynchronizer Weak        Min:  0.0, Avg:  0.0, Max:  0.0, Diff:  0.0, Sum:  0.0, Workers: 4
[1.136s][debug][gc,phases      ] GC(1)     Dead                           Min: 0, Avg:  0.0, Max: 0, Diff: 0, Sum: 0, Workers: 4
[1.136s][debug][gc,phases      ] GC(1)     Total                          Min: 0, Avg:  1.0, Max: 4, Diff: 4, Sum: 4, Workers: 4
[1.136s][debug][gc,phases      ] GC(1)   JVMTI Tag Weak OopStorage      Min:  0.0, Avg:  0.0, Max:  0.0, Diff:  0.0, Sum:  0.0, Workers: 4
[1.137s][debug][gc,phases      ] GC(1)     Dead                           Min: 0, Avg:  0.0, Max: 0, Diff: 0, Sum: 0, Workers: 4
[1.137s][debug][gc,phases      ] GC(1)     Total                          Min: 0, Avg:  0.0, Max: 0, Diff: 0, Sum: 0, Workers: 4
[1.137s][debug][gc,phases      ] GC(1)   StringTable Weak               Min:  0.0, Avg:  0.0, Max:  0.0, Diff:  0.0, Sum:  0.1, Workers: 4
[1.137s][debug][gc,phases      ] GC(1)     Dead                           Min: 0, Avg:  0.0, Max: 0, Diff: 0, Sum: 0, Workers: 4
[1.137s][debug][gc,phases      ] GC(1)     Total                          Min: 2240, Avg: 2868.8, Max: 3584, Diff: 1344, Sum: 11475, Workers: 4
[1.137s][debug][gc,phases      ] GC(1)   ResolvedMethodTable Weak       Min:  0.0, Avg:  0.0, Max:  0.0, Diff:  0.0, Sum:  0.0, Workers: 4
[1.137s][debug][gc,phases      ] GC(1)     Dead                           Min: 0, Avg:  0.0, Max: 0, Diff: 0, Sum: 0, Workers: 4
[1.137s][debug][gc,phases      ] GC(1)     Total                          Min: 128, Avg: 146.8, Max: 192, Diff: 64, Sum: 587, Workers: 4
[1.137s][debug][gc,phases      ] GC(1)   JNI Weak                       Min:  0.0, Avg:  0.0, Max:  0.0, Diff:  0.0, Sum:  0.0, Workers: 4
[1.137s][debug][gc,phases      ] GC(1)     Dead                           Min: 0, Avg:  0.0, Max: 0, Diff: 0, Sum: 0, Workers: 4
[1.137s][debug][gc,phases      ] GC(1)     Total                          Min: 0, Avg:  0.0, Max: 0, Diff: 0, Sum: 0, Workers: 4
[1.137s][debug][gc,phases      ] GC(1)   StringDedup Table Weak         Min:  0.0, Avg:  0.0, Max:  0.0, Diff:  0.0, Sum:  0.0, Workers: 4
[1.137s][debug][gc,phases      ] GC(1)     Dead                           Min: 0, Avg:  0.0, Max: 0, Diff: 0, Sum: 0, Workers: 4
[1.137s][debug][gc,phases      ] GC(1)     Total                          Min: 0, Avg:  0.0, Max: 0, Diff: 0, Sum: 0, Workers: 4
[1.137s][debug][gc,phases      ] GC(1)   StringDedup Requests0 Weak     Min:  0.0, Avg:  0.0, Max:  0.0, Diff:  0.0, Sum:  0.0, Workers: 4
[1.137s][debug][gc,phases      ] GC(1)     Dead                           Min: 0, Avg:  0.0, Max: 0, Diff: 0, Sum: 0, Workers: 4
[1.137s][debug][gc,phases      ] GC(1)     Total                          Min: 0, Avg:  0.0, Max: 0, Diff: 0, Sum: 0, Workers: 4
[1.137s][debug][gc,phases      ] GC(1)   StringDedup Requests1 Weak     Min:  0.0, Avg:  0.0, Max:  0.0, Diff:  0.0, Sum:  0.0, Workers: 4
[1.137s][debug][gc,phases      ] GC(1)     Dead                           Min: 0, Avg:  0.0, Max: 0, Diff: 0, Sum: 0, Workers: 4
[1.137s][debug][gc,phases      ] GC(1)     Total                          Min: 0, Avg:  0.0, Max: 0, Diff: 0, Sum: 0, Workers: 4
[1.137s][debug][gc,phases      ] GC(1)   Weak JFR Old Object Samples    Min:  0.0, Avg:  0.0, Max:  0.0, Diff:  0.0, Sum:  0.0, Workers: 4
[1.137s][debug][gc,phases      ] GC(1)     Dead                           Min: 0, Avg:  0.0, Max: 0, Diff: 0, Sum: 0, Workers: 4
[1.137s][debug][gc,phases      ] GC(1)     Total                          Min: 0, Avg:  0.0, Max: 0, Diff: 0, Sum: 0, Workers: 4
[1.137s][debug][gc,phases      ] GC(1) Weak Processing 0.229ms
[1.137s][debug][gc,phases      ] GC(1) ClassLoaderData 0.009ms
[1.137s][debug][gc,phases      ] GC(1) Trigger cleanups 0.000ms
[1.139s][debug][gc,phases      ] GC(1) Class Unloading 1.969ms
[1.139s][info ][gc,phases      ] GC(1) Marking Phase 7.395ms
[1.139s][info ][gc,phases,start] GC(1) Summary Phase
[1.139s][info ][gc,phases      ] GC(1) Summary Phase 0.005ms
[1.139s][info ][gc,phases,start] GC(1) Adjust Roots
[1.141s][info ][gc,phases      ] GC(1) Adjust Roots 2.595ms
[1.141s][info ][gc,phases,start] GC(1) Compaction Phase
[1.152s][info ][gc,phases      ] GC(1) Compaction Phase 10.336ms
[1.152s][info ][gc,phases,start] GC(1) Post Compact
[1.152s][info ][gc,phases      ] GC(1) Post Compact 0.582ms
[1.152s][info ][gc,heap        ] GC(1) PSYoungGen: 27295K(1572864K)->21564K(1572864K) Eden: 0K(1048576K)->0K(1048576K) From: 27295K(524288K)->21564K(524288K)
[1.152s][info ][gc,heap        ] GC(1) ParOldGen: 88K(6144K)->5666K(6144K)
[1.152s][info ][gc,metaspace   ] GC(1) Metaspace: 21297K(21504K)->21297K(21504K) NonClass: 18872K(18944K)->18872K(18944K) Class: 2425K(2560K)->2425K(2560K)
[1.152s][info ][gc             ] GC(1) Pause Full (Metadata GC Threshold) 26M->26M(1542M) 21.038ms
[1.152s][info ][gc,cpu         ] GC(1) User=0.08s Sys=0.00s Real=0.02s
[1.152s][info ][safepoint      ] Safepoint "CollectForMetadataAllocation", Time since last: 133476253 ns, Reaching safepoint: 183610 ns, At safepoint: 31626813 ns, Total: 31810423 ns
[1.483s][info ][safepoint      ] Safepoint "ICBufferFull", Time since last: 330603754 ns, Reaching safepoint: 117206 ns, At safepoint: 5901 ns, Total: 123107 ns
[1.499s][info ][safepoint      ] Safepoint "ICBufferFull", Time since last: 15817407 ns, Reaching safepoint: 49202 ns, At safepoint: 7901 ns, Total: 57103 ns
[1.504s][info ][safepoint      ] Safepoint "ICBufferFull", Time since last: 4682168 ns, Reaching safepoint: 106806 ns, At safepoint: 4201 ns, Total: 111007 ns
[1.514s][info ][safepoint      ] Safepoint "ICBufferFull", Time since last: 10348193 ns, Reaching safepoint: 58703 ns, At safepoint: 4400 ns, Total: 63103 ns
[1.517s][info ][safepoint      ] Safepoint "ICBufferFull", Time since last: 3111479 ns, Reaching safepoint: 38502 ns, At safepoint: 1500 ns, Total: 40002 ns
[1.521s][info ][safepoint      ] Safepoint "ICBufferFull", Time since last: 3366593 ns, Reaching safepoint: 46503 ns, At safepoint: 1700 ns, Total: 48203 ns
[1.524s][info ][safepoint      ] Safepoint "ICBufferFull", Time since last: 3364393 ns, Reaching safepoint: 176010 ns, At safepoint: 7100 ns, Total: 183110 ns
[1.527s][info ][safepoint      ] Safepoint "ICBufferFull", Time since last: 2927068 ns, Reaching safepoint: 45803 ns, At safepoint: 1500 ns, Total: 47303 ns
[1.530s][info ][safepoint      ] Safepoint "ICBufferFull", Time since last: 2756658 ns, Reaching safepoint: 36002 ns, At safepoint: 1100 ns, Total: 37102 ns
[1.536s][info ][safepoint      ] Safepoint "ICBufferFull", Time since last: 6058847 ns, Reaching safepoint: 50403 ns, At safepoint: 1300 ns, Total: 51703 ns
[1.537s][info ][safepoint      ] Safepoint "ICBufferFull", Time since last: 1350978 ns, Reaching safepoint: 34202 ns, At safepoint: 1100 ns, Total: 35302 ns
[1.538s][info ][safepoint      ] Safepoint "ICBufferFull", Time since last: 504129 ns, Reaching safepoint: 26601 ns, At safepoint: 1200 ns, Total: 27801 ns
[1.608s][info ][safepoint      ] Safepoint "ICBufferFull", Time since last: 69580689 ns, Reaching safepoint: 114407 ns, At safepoint: 2600 ns, Total: 117007 ns
[1.609s][info ][safepoint      ] Safepoint "ICBufferFull", Time since last: 1036859 ns, Reaching safepoint: 37703 ns, At safepoint: 1200 ns, Total: 38903 ns
[1.610s][info ][safepoint      ] Safepoint "ICBufferFull", Time since last: 1139565 ns, Reaching safepoint: 28902 ns, At safepoint: 1200 ns, Total: 30102 ns
[1.611s][info ][safepoint      ] Safepoint "ICBufferFull", Time since last: 847448 ns, Reaching safepoint: 30502 ns, At safepoint: 1300 ns, Total: 31802 ns
[1.612s][info ][safepoint      ] Safepoint "ICBufferFull", Time since last: 1456584 ns, Reaching safepoint: 28201 ns, At safepoint: 1100 ns, Total: 29301 ns
[1.613s][info ][safepoint      ] Safepoint "ICBufferFull", Time since last: 787045 ns, Reaching safepoint: 27102 ns, At safepoint: 1200 ns, Total: 28302 ns
[1.614s][info ][safepoint      ] Safepoint "ICBufferFull", Time since last: 1118264 ns, Reaching safepoint: 33502 ns, At safepoint: 4100 ns, Total: 37602 ns
[1.615s][info ][safepoint      ] Safepoint "ICBufferFull", Time since last: 781645 ns, Reaching safepoint: 13901 ns, At safepoint: 1200 ns, Total: 15101 ns
[1.616s][info ][safepoint      ] Safepoint "ICBufferFull", Time since last: 1024159 ns, Reaching safepoint: 13600 ns, At safepoint: 2001 ns, Total: 15601 ns
[1.617s][info ][safepoint      ] Safepoint "ICBufferFull", Time since last: 774044 ns, Reaching safepoint: 28102 ns, At safepoint: 1200 ns, Total: 29302 ns
[1.618s][info ][safepoint      ] Safepoint "ICBufferFull", Time since last: 1023258 ns, Reaching safepoint: 26102 ns, At safepoint: 1100 ns, Total: 27202 ns
[1.619s][info ][safepoint      ] Safepoint "ICBufferFull", Time since last: 1121264 ns, Reaching safepoint: 14601 ns, At safepoint: 3700 ns, Total: 18301 ns
[1.620s][info ][safepoint      ] Safepoint "ICBufferFull", Time since last: 471527 ns, Reaching safepoint: 13501 ns, At safepoint: 1000 ns, Total: 14501 ns
[1.621s][info ][safepoint      ] Safepoint "ICBufferFull", Time since last: 1274573 ns, Reaching safepoint: 27902 ns, At safepoint: 1200 ns, Total: 29102 ns
[1.623s][info ][safepoint      ] Safepoint "ICBufferFull", Time since last: 1831505 ns, Reaching safepoint: 29101 ns, At safepoint: 4101 ns, Total: 33202 ns
[1.624s][info ][safepoint      ] Safepoint "ICBufferFull", Time since last: 1336176 ns, Reaching safepoint: 42903 ns, At safepoint: 1100 ns, Total: 44003 ns
[1.632s][info ][safepoint      ] Safepoint "ICBufferFull", Time since last: 7732343 ns, Reaching safepoint: 34102 ns, At safepoint: 1500 ns, Total: 35602 ns
[1.650s][info ][safepoint      ] Safepoint "ICBufferFull", Time since last: 18519962 ns, Reaching safepoint: 48603 ns, At safepoint: 2600 ns, Total: 51203 ns
[1.654s][info ][safepoint      ] Safepoint "ICBufferFull", Time since last: 3157081 ns, Reaching safepoint: 33302 ns, At safepoint: 1600 ns, Total: 34902 ns
[1.692s][info ][safepoint      ] Safepoint "ICBufferFull", Time since last: 38281895 ns, Reaching safepoint: 96905 ns, At safepoint: 10401 ns, Total: 107306 ns
[1.693s][info ][safepoint      ] Safepoint "ICBufferFull", Time since last: 532130 ns, Reaching safepoint: 33802 ns, At safepoint: 4500 ns, Total: 38302 ns
[1.696s][info ][safepoint      ] Safepoint "ICBufferFull", Time since last: 2833463 ns, Reaching safepoint: 35802 ns, At safepoint: 1700 ns, Total: 37502 ns
[1.697s][info ][safepoint      ] Safepoint "ICBufferFull", Time since last: 1617593 ns, Reaching safepoint: 36702 ns, At safepoint: 1800 ns, Total: 38502 ns
[1.738s][info ][safepoint      ] Safepoint "ICBufferFull", Time since last: 41097256 ns, Reaching safepoint: 80605 ns, At safepoint: 3600 ns, Total: 84205 ns
[1.741s][info ][safepoint      ] Safepoint "ICBufferFull", Time since last: 2565447 ns, Reaching safepoint: 30202 ns, At safepoint: 2300 ns, Total: 32502 ns
[1.742s][info ][safepoint      ] Safepoint "ICBufferFull", Time since last: 1078062 ns, Reaching safepoint: 20701 ns, At safepoint: 4000 ns, Total: 24701 ns
[1.744s][info ][safepoint      ] Safepoint "ICBufferFull", Time since last: 1788903 ns, Reaching safepoint: 18101 ns, At safepoint: 7900 ns, Total: 26001 ns
[1.746s][info ][safepoint      ] Safepoint "ICBufferFull", Time since last: 1729099 ns, Reaching safepoint: 19101 ns, At safepoint: 5401 ns, Total: 24502 ns
[1.747s][info ][safepoint      ] Safepoint "ICBufferFull", Time since last: 1606192 ns, Reaching safepoint: 19501 ns, At safepoint: 1900 ns, Total: 21401 ns
[1.748s][info ][safepoint      ] Safepoint "ICBufferFull", Time since last: 720241 ns, Reaching safepoint: 16901 ns, At safepoint: 1800 ns, Total: 18701 ns
[1.748s][info ][safepoint      ] Safepoint "ICBufferFull", Time since last: 468927 ns, Reaching safepoint: 16601 ns, At safepoint: 2000 ns, Total: 18601 ns
[1.749s][info ][safepoint      ] Safepoint "ICBufferFull", Time since last: 829348 ns, Reaching safepoint: 17201 ns, At safepoint: 2300 ns, Total: 19501 ns
[1.751s][info ][safepoint      ] Safepoint "ICBufferFull", Time since last: 1766101 ns, Reaching safepoint: 17501 ns, At safepoint: 2100 ns, Total: 19601 ns
[1.752s][info ][safepoint      ] Safepoint "ICBufferFull", Time since last: 768144 ns, Reaching safepoint: 18801 ns, At safepoint: 2601 ns, Total: 21402 ns
[1.753s][info ][safepoint      ] Safepoint "ICBufferFull", Time since last: 736842 ns, Reaching safepoint: 16301 ns, At safepoint: 2100 ns, Total: 18401 ns
[1.753s][info ][safepoint      ] Safepoint "ICBufferFull", Time since last: 619535 ns, Reaching safepoint: 17201 ns, At safepoint: 1900 ns, Total: 19101 ns
[1.755s][info ][safepoint      ] Safepoint "ICBufferFull", Time since last: 2191226 ns, Reaching safepoint: 18901 ns, At safepoint: 1600 ns, Total: 20501 ns
[1.756s][info ][safepoint      ] Safepoint "ICBufferFull", Time since last: 607835 ns, Reaching safepoint: 16201 ns, At safepoint: 1900 ns, Total: 18101 ns
[1.758s][info ][safepoint      ] Safepoint "ICBufferFull", Time since last: 1746900 ns, Reaching safepoint: 20701 ns, At safepoint: 4401 ns, Total: 25102 ns
[1.759s][info ][safepoint      ] Safepoint "ICBufferFull", Time since last: 1240871 ns, Reaching safepoint: 17101 ns, At safepoint: 2100 ns, Total: 19201 ns
[1.761s][info ][safepoint      ] Safepoint "ICBufferFull", Time since last: 1671196 ns, Reaching safepoint: 18801 ns, At safepoint: 7000 ns, Total: 25801 ns
[1.765s][info ][safepoint      ] Safepoint "ICBufferFull", Time since last: 3859121 ns, Reaching safepoint: 34002 ns, At safepoint: 2901 ns, Total: 36903 ns
[1.771s][info ][safepoint      ] Safepoint "ICBufferFull", Time since last: 5831534 ns, Reaching safepoint: 114706 ns, At safepoint: 5501 ns, Total: 120207 ns
[1.776s][info ][safepoint      ] Safepoint "ICBufferFull", Time since last: 4985986 ns, Reaching safepoint: 17801 ns, At safepoint: 1700 ns, Total: 19501 ns
[1.777s][info ][safepoint      ] Safepoint "ICBufferFull", Time since last: 987256 ns, Reaching safepoint: 14101 ns, At safepoint: 1600 ns, Total: 15701 ns
[1.779s][info ][safepoint      ] Safepoint "ICBufferFull", Time since last: 2511544 ns, Reaching safepoint: 25302 ns, At safepoint: 1200 ns, Total: 26502 ns
[1.781s][info ][safepoint      ] Safepoint "ICBufferFull", Time since last: 1468384 ns, Reaching safepoint: 27402 ns, At safepoint: 1100 ns, Total: 28502 ns
[1.783s][info ][safepoint      ] Safepoint "ICBufferFull", Time since last: 1804903 ns, Reaching safepoint: 15901 ns, At safepoint: 1300 ns, Total: 17201 ns
[1.784s][info ][safepoint      ] Safepoint "ICBufferFull", Time since last: 1621693 ns, Reaching safepoint: 26702 ns, At safepoint: 1600 ns, Total: 28302 ns
[1.786s][info ][safepoint      ] Safepoint "ICBufferFull", Time since last: 1774401 ns, Reaching safepoint: 26702 ns, At safepoint: 1100 ns, Total: 27802 ns
[1.788s][info ][safepoint      ] Safepoint "ICBufferFull", Time since last: 1936511 ns, Reaching safepoint: 99706 ns, At safepoint: 4200 ns, Total: 103906 ns
[1.791s][info ][safepoint      ] Safepoint "ICBufferFull", Time since last: 2915067 ns, Reaching safepoint: 34002 ns, At safepoint: 1100 ns, Total: 35102 ns
[1.793s][info ][safepoint      ] Safepoint "ICBufferFull", Time since last: 2028116 ns, Reaching safepoint: 29602 ns, At safepoint: 1300 ns, Total: 30902 ns
[1.795s][info ][safepoint      ] Safepoint "ICBufferFull", Time since last: 1599892 ns, Reaching safepoint: 14601 ns, At safepoint: 1200 ns, Total: 15801 ns
[1.796s][info ][safepoint      ] Safepoint "ICBufferFull", Time since last: 1761701 ns, Reaching safepoint: 28401 ns, At safepoint: 1300 ns, Total: 29701 ns
[1.798s][info ][safepoint      ] Safepoint "ICBufferFull", Time since last: 1635494 ns, Reaching safepoint: 106706 ns, At safepoint: 3801 ns, Total: 110507 ns
[1.800s][info ][safepoint      ] Safepoint "ICBufferFull", Time since last: 2056617 ns, Reaching safepoint: 36603 ns, At safepoint: 4100 ns, Total: 40703 ns
[1.802s][info ][safepoint      ] Safepoint "ICBufferFull", Time since last: 1593391 ns, Reaching safepoint: 28902 ns, At safepoint: 1300 ns, Total: 30202 ns
[1.804s][info ][safepoint      ] Safepoint "ICBufferFull", Time since last: 2261429 ns, Reaching safepoint: 35002 ns, At safepoint: 1401 ns, Total: 36403 ns
[1.813s][info ][safepoint      ] Safepoint "ICBufferFull", Time since last: 9032917 ns, Reaching safepoint: 51903 ns, At safepoint: 4201 ns, Total: 56104 ns
[1.814s][info ][safepoint      ] Safepoint "ICBufferFull", Time since last: 1034559 ns, Reaching safepoint: 42002 ns, At safepoint: 1200 ns, Total: 43202 ns
[1.816s][info ][safepoint      ] Safepoint "ICBufferFull", Time since last: 1472485 ns, Reaching safepoint: 13901 ns, At safepoint: 1300 ns, Total: 15201 ns
[1.816s][info ][safepoint      ] Safepoint "ICBufferFull", Time since last: 476827 ns, Reaching safepoint: 26102 ns, At safepoint: 4000 ns, Total: 30102 ns
[1.818s][info ][safepoint      ] Safepoint "ICBufferFull", Time since last: 1653395 ns, Reaching safepoint: 33702 ns, At safepoint: 4300 ns, Total: 38002 ns
[1.821s][info ][safepoint      ] Safepoint "ICBufferFull", Time since last: 2761458 ns, Reaching safepoint: 106206 ns, At safepoint: 4300 ns, Total: 110506 ns
[1.824s][info ][safepoint      ] Safepoint "ICBufferFull", Time since last: 3043975 ns, Reaching safepoint: 36902 ns, At safepoint: 1500 ns, Total: 38402 ns
[1.828s][info ][safepoint      ] Safepoint "ICBufferFull", Time since last: 4225042 ns, Reaching safepoint: 49603 ns, At safepoint: 1400 ns, Total: 51003 ns
[1.830s][info ][safepoint      ] Safepoint "ICBufferFull", Time since last: 1754301 ns, Reaching safepoint: 26001 ns, At safepoint: 1100 ns, Total: 27101 ns
[1.831s][info ][safepoint      ] Safepoint "ICBufferFull", Time since last: 649038 ns, Reaching safepoint: 34402 ns, At safepoint: 1100 ns, Total: 35502 ns
[1.833s][info ][safepoint      ] Safepoint "ICBufferFull", Time since last: 2653152 ns, Reaching safepoint: 30201 ns, At safepoint: 1301 ns, Total: 31502 ns
[1.834s][info ][safepoint      ] Safepoint "ICBufferFull", Time since last: 852648 ns, Reaching safepoint: 26102 ns, At safepoint: 1100 ns, Total: 27202 ns
[1.835s][info ][safepoint      ] Safepoint "ICBufferFull", Time since last: 479227 ns, Reaching safepoint: 26202 ns, At safepoint: 1200 ns, Total: 27402 ns
[1.838s][info ][safepoint      ] Safepoint "ICBufferFull", Time since last: 2644652 ns, Reaching safepoint: 33702 ns, At safepoint: 4400 ns, Total: 38102 ns
[1.839s][info ][safepoint      ] Safepoint "ICBufferFull", Time since last: 1420181 ns, Reaching safepoint: 25402 ns, At safepoint: 1100 ns, Total: 26502 ns
[1.840s][info ][safepoint      ] Safepoint "ICBufferFull", Time since last: 1380379 ns, Reaching safepoint: 29102 ns, At safepoint: 1500 ns, Total: 30602 ns
[1.841s][info ][safepoint      ] Safepoint "ICBufferFull", Time since last: 466426 ns, Reaching safepoint: 13501 ns, At safepoint: 1100 ns, Total: 14601 ns
[1.844s][info ][safepoint      ] Safepoint "ICBufferFull", Time since last: 3252387 ns, Reaching safepoint: 32502 ns, At safepoint: 1300 ns, Total: 33802 ns
[1.845s][info ][safepoint      ] Safepoint "ICBufferFull", Time since last: 480527 ns, Reaching safepoint: 29302 ns, At safepoint: 4000 ns, Total: 33302 ns
[1.859s][info ][safepoint      ] Safepoint "ICBufferFull", Time since last: 14380425 ns, Reaching safepoint: 51102 ns, At safepoint: 2101 ns, Total: 53203 ns
[1.874s][info ][safepoint      ] Safepoint "ICBufferFull", Time since last: 15040662 ns, Reaching safepoint: 39402 ns, At safepoint: 2200 ns, Total: 41602 ns
[1.875s][info ][safepoint      ] Safepoint "ICBufferFull", Time since last: 769044 ns, Reaching safepoint: 23402 ns, At safepoint: 4400 ns, Total: 27802 ns
[1.876s][info ][safepoint      ] Safepoint "ICBufferFull", Time since last: 910152 ns, Reaching safepoint: 27002 ns, At safepoint: 1100 ns, Total: 28102 ns
[1.877s][info ][safepoint      ] Safepoint "ICBufferFull", Time since last: 719941 ns, Reaching safepoint: 99806 ns, At safepoint: 3900 ns, Total: 103706 ns
[1.877s][info ][safepoint      ] Safepoint "ICBufferFull", Time since last: 716241 ns, Reaching safepoint: 21601 ns, At safepoint: 1500 ns, Total: 23101 ns
[1.880s][info ][safepoint      ] Safepoint "ICBufferFull", Time since last: 2715356 ns, Reaching safepoint: 33202 ns, At safepoint: 1100 ns, Total: 34302 ns
[1.881s][info ][safepoint      ] Safepoint "ICBufferFull", Time since last: 928553 ns, Reaching safepoint: 25102 ns, At safepoint: 1100 ns, Total: 26202 ns
[1.882s][info ][safepoint      ] Safepoint "ICBufferFull", Time since last: 807446 ns, Reaching safepoint: 13301 ns, At safepoint: 1000 ns, Total: 14301 ns
[1.883s][info ][safepoint      ] Safepoint "ICBufferFull", Time since last: 957555 ns, Reaching safepoint: 38002 ns, At safepoint: 7800 ns, Total: 45802 ns
[1.885s][info ][safepoint      ] Safepoint "ICBufferFull", Time since last: 2087220 ns, Reaching safepoint: 35102 ns, At safepoint: 1500 ns, Total: 36602 ns
[1.886s][info ][safepoint      ] Safepoint "ICBufferFull", Time since last: 1319976 ns, Reaching safepoint: 19201 ns, At safepoint: 4700 ns, Total: 23901 ns
[1.888s][info ][safepoint      ] Safepoint "ICBufferFull", Time since last: 1269873 ns, Reaching safepoint: 24101 ns, At safepoint: 1400 ns, Total: 25501 ns
[1.891s][info ][safepoint      ] Safepoint "ICBufferFull", Time since last: 3350892 ns, Reaching safepoint: 29802 ns, At safepoint: 6901 ns, Total: 36703 ns
[1.892s][info ][safepoint      ] Safepoint "ICBufferFull", Time since last: 723341 ns, Reaching safepoint: 29702 ns, At safepoint: 6800 ns, Total: 36502 ns
[1.893s][info ][safepoint      ] Safepoint "ICBufferFull", Time since last: 1242571 ns, Reaching safepoint: 18101 ns, At safepoint: 5801 ns, Total: 23902 ns
[2.004s][info ][safepoint      ] Safepoint "ICBufferFull", Time since last: 110914558 ns, Reaching safepoint: 139008 ns, At safepoint: 16301 ns, Total: 155309 ns
[2.265s][info ][safepoint      ] Safepoint "ICBufferFull", Time since last: 260907358 ns, Reaching safepoint: 244614 ns, At safepoint: 4800 ns, Total: 249414 ns
[2.304s][info ][gc,start       ] GC(2) Pause Young (Metadata GC Threshold)
[2.333s][debug][gc,phases      ] GC(2) Scavenge 28.633ms
[2.333s][debug][gc,ref         ] GC(2) Skipped phase 1 of Reference Processing: no references
[2.333s][debug][gc,ref         ] GC(2) ReferenceProcessor::execute queues: 2, RefProcThreadModel::Multi, marks_oops_alive: false
[2.333s][debug][gc,ref         ] GC(2) Skipped phase 3 of Reference Processing: no references
[2.333s][debug][gc,ref         ] GC(2) ReferenceProcessor::execute queues: 1, RefProcThreadModel::Single, marks_oops_alive: false
[2.333s][debug][gc,phases      ] GC(2) Reference Processing 0.281ms
[2.333s][debug][gc,phases      ] GC(2)   VM Weak                        Min:  0.0, Avg:  0.0, Max:  0.0, Diff:  0.0, Sum:  0.0, Workers: 4
[2.333s][debug][gc,phases      ] GC(2)     Dead                           Min: 0, Avg:  0.0, Max: 0, Diff: 0, Sum: 0, Workers: 4
[2.333s][debug][gc,phases      ] GC(2)     Total                          Min: 0, Avg: 60.0, Max: 128, Diff: 128, Sum: 240, Workers: 4
[2.333s][debug][gc,phases      ] GC(2)   ObjectSynchronizer Weak        Min:  0.0, Avg:  0.0, Max:  0.0, Diff:  0.0, Sum:  0.0, Workers: 4
[2.333s][debug][gc,phases      ] GC(2)     Dead                           Min: 0, Avg:  0.2, Max: 1, Diff: 1, Sum: 1, Workers: 4
[2.333s][debug][gc,phases      ] GC(2)     Total                          Min: 0, Avg:  2.8, Max: 11, Diff: 11, Sum: 11, Workers: 4
[2.333s][debug][gc,phases      ] GC(2)   JVMTI Tag Weak OopStorage      Min:  0.0, Avg:  0.0, Max:  0.0, Diff:  0.0, Sum:  0.0, Workers: 4
[2.333s][debug][gc,phases      ] GC(2)     Dead                           Min: 0, Avg:  0.0, Max: 0, Diff: 0, Sum: 0, Workers: 4
[2.333s][debug][gc,phases      ] GC(2)     Total                          Min: 0, Avg:  0.0, Max: 0, Diff: 0, Sum: 0, Workers: 4
[2.333s][debug][gc,phases      ] GC(2)   StringTable Weak               Min:  0.1, Avg:  0.2, Max:  0.2, Diff:  0.0, Sum:  0.6, Workers: 4
[2.333s][debug][gc,phases      ] GC(2)     Dead                           Min: 1, Avg:  5.2, Max: 13, Diff: 12, Sum: 21, Workers: 4
[2.334s][debug][gc,phases      ] GC(2)     Total                          Min: 3520, Avg: 4957.2, Max: 6400, Diff: 2880, Sum: 19829, Workers: 4
[2.334s][debug][gc,phases      ] GC(2)   ResolvedMethodTable Weak       Min:  0.0, Avg:  0.0, Max:  0.0, Diff:  0.0, Sum:  0.1, Workers: 4
[2.334s][debug][gc,phases      ] GC(2)     Dead                           Min: 7, Avg: 16.8, Max: 36, Diff: 29, Sum: 67, Workers: 4
[2.334s][debug][gc,phases      ] GC(2)     Total                          Min: 320, Avg: 460.5, Max: 703, Diff: 383, Sum: 1842, Workers: 4
[2.334s][debug][gc,phases      ] GC(2)   JNI Weak                       Min:  0.0, Avg:  0.0, Max:  0.0, Diff:  0.0, Sum:  0.0, Workers: 4
[2.334s][debug][gc,phases      ] GC(2)     Dead                           Min: 0, Avg:  0.0, Max: 0, Diff: 0, Sum: 0, Workers: 4
[2.334s][debug][gc,phases      ] GC(2)     Total                          Min: 0, Avg:  0.0, Max: 0, Diff: 0, Sum: 0, Workers: 4
[2.334s][debug][gc,phases      ] GC(2)   StringDedup Table Weak         Min:  0.0, Avg:  0.0, Max:  0.0, Diff:  0.0, Sum:  0.0, Workers: 4
[2.334s][debug][gc,phases      ] GC(2)     Dead                           Min: 0, Avg:  0.0, Max: 0, Diff: 0, Sum: 0, Workers: 4
[2.334s][debug][gc,phases      ] GC(2)     Total                          Min: 0, Avg:  0.0, Max: 0, Diff: 0, Sum: 0, Workers: 4
[2.334s][debug][gc,phases      ] GC(2)   StringDedup Requests0 Weak     Min:  0.0, Avg:  0.0, Max:  0.0, Diff:  0.0, Sum:  0.0, Workers: 4
[2.334s][debug][gc,phases      ] GC(2)     Dead                           Min: 0, Avg:  0.0, Max: 0, Diff: 0, Sum: 0, Workers: 4
[2.334s][debug][gc,phases      ] GC(2)     Total                          Min: 0, Avg:  0.0, Max: 0, Diff: 0, Sum: 0, Workers: 4
[2.334s][debug][gc,phases      ] GC(2)   StringDedup Requests1 Weak     Min:  0.0, Avg:  0.0, Max:  0.0, Diff:  0.0, Sum:  0.0, Workers: 4
[2.334s][debug][gc,phases      ] GC(2)     Dead                           Min: 0, Avg:  0.0, Max: 0, Diff: 0, Sum: 0, Workers: 4
[2.334s][debug][gc,phases      ] GC(2)     Total                          Min: 0, Avg:  0.0, Max: 0, Diff: 0, Sum: 0, Workers: 4
[2.334s][debug][gc,phases      ] GC(2)   Weak JFR Old Object Samples    Min:  0.0, Avg:  0.0, Max:  0.0, Diff:  0.0, Sum:  0.0, Workers: 4
[2.334s][debug][gc,phases      ] GC(2)     Dead                           Min: 0, Avg:  0.0, Max: 0, Diff: 0, Sum: 0, Workers: 4
[2.334s][debug][gc,phases      ] GC(2)     Total                          Min: 0, Avg:  0.0, Max: 0, Diff: 0, Sum: 0, Workers: 4
[2.334s][debug][gc,phases      ] GC(2) Weak Processing 0.363ms
[2.334s][debug][gc,age         ] GC(2) Desired survivor size 536870912 bytes, new threshold 7 (max threshold 15)
[2.334s][info ][gc,heap        ] GC(2) PSYoungGen: 446241K(1572864K)->56429K(1572864K) Eden: 424677K(1048576K)->0K(1048576K) From: 21564K(524288K)->56429K(524288K)
[2.334s][info ][gc,heap        ] GC(2) ParOldGen: 5666K(6144K)->5674K(6144K)
[2.334s][info ][gc,metaspace   ] GC(2) Metaspace: 35464K(35840K)->35464K(35840K) NonClass: 31004K(31168K)->31004K(31168K) Class: 4460K(4672K)->4460K(4672K)
[2.334s][info ][gc             ] GC(2) Pause Young (Metadata GC Threshold) 441M->60M(1542M) 29.402ms
[2.334s][info ][gc,cpu         ] GC(2) User=0.11s Sys=0.03s Real=0.02s
[2.334s][debug][gc,phases      ] GC(3) Pre Compact 0.008ms
[2.334s][info ][gc,start       ] GC(3) Pause Full (Metadata GC Threshold)
[2.334s][info ][gc,phases,start] GC(3) Marking Phase
[2.350s][debug][gc,phases      ] GC(3) Par Mark 16.569ms
[2.350s][debug][gc,ref         ] GC(3) Skipped phase 1 of Reference Processing: no references
[2.350s][debug][gc,ref         ] GC(3) ReferenceProcessor::execute queues: 2, RefProcThreadModel::Multi, marks_oops_alive: false
[2.350s][debug][gc,ref         ] GC(3) Skipped phase 3 of Reference Processing: no references
[2.350s][debug][gc,ref         ] GC(3) ReferenceProcessor::execute queues: 1, RefProcThreadModel::Single, marks_oops_alive: false
[2.350s][debug][gc,phases      ] GC(3) Reference Processing 0.120ms
[2.351s][debug][gc,phases      ] GC(3)   VM Weak                        Min:  0.0, Avg:  0.0, Max:  0.0, Diff:  0.0, Sum:  0.0, Workers: 4
[2.351s][debug][gc,phases      ] GC(3)     Dead                           Min: 0, Avg:  0.0, Max: 0, Diff: 0, Sum: 0, Workers: 4
[2.351s][debug][gc,phases      ] GC(3)     Total                          Min: 0, Avg: 60.0, Max: 176, Diff: 176, Sum: 240, Workers: 4
[2.351s][debug][gc,phases      ] GC(3)   ObjectSynchronizer Weak        Min:  0.0, Avg:  0.0, Max:  0.0, Diff:  0.0, Sum:  0.0, Workers: 4
[2.351s][debug][gc,phases      ] GC(3)     Dead                           Min: 0, Avg:  0.0, Max: 0, Diff: 0, Sum: 0, Workers: 4
[2.351s][debug][gc,phases      ] GC(3)     Total                          Min: 0, Avg:  2.8, Max: 11, Diff: 11, Sum: 11, Workers: 4
[2.351s][debug][gc,phases      ] GC(3)   JVMTI Tag Weak OopStorage      Min:  0.0, Avg:  0.0, Max:  0.0, Diff:  0.0, Sum:  0.0, Workers: 4
[2.351s][debug][gc,phases      ] GC(3)     Dead                           Min: 0, Avg:  0.0, Max: 0, Diff: 0, Sum: 0, Workers: 4
[2.351s][debug][gc,phases      ] GC(3)     Total                          Min: 0, Avg:  0.0, Max: 0, Diff: 0, Sum: 0, Workers: 4
[2.351s][debug][gc,phases      ] GC(3)   StringTable Weak               Min:  0.1, Avg:  0.1, Max:  0.1, Diff:  0.0, Sum:  0.3, Workers: 4
[2.351s][debug][gc,phases      ] GC(3)     Dead                           Min: 0, Avg:  0.5, Max: 1, Diff: 1, Sum: 2, Workers: 4
[2.351s][debug][gc,phases      ] GC(3)     Total                          Min: 4288, Avg: 4957.2, Max: 6144, Diff: 1856, Sum: 19829, Workers: 4
[2.351s][debug][gc,phases      ] GC(3)   ResolvedMethodTable Weak       Min:  0.0, Avg:  0.0, Max:  0.0, Diff:  0.0, Sum:  0.0, Workers: 4
[2.351s][debug][gc,phases      ] GC(3)     Dead                           Min: 0, Avg:  0.0, Max: 0, Diff: 0, Sum: 0, Workers: 4
[2.351s][debug][gc,phases      ] GC(3)     Total                          Min: 384, Avg: 460.5, Max: 511, Diff: 127, Sum: 1842, Workers: 4
[2.351s][debug][gc,phases      ] GC(3)   JNI Weak                       Min:  0.0, Avg:  0.0, Max:  0.0, Diff:  0.0, Sum:  0.0, Workers: 4
[2.351s][debug][gc,phases      ] GC(3)     Dead                           Min: 0, Avg:  0.0, Max: 0, Diff: 0, Sum: 0, Workers: 4
[2.351s][debug][gc,phases      ] GC(3)     Total                          Min: 0, Avg:  0.0, Max: 0, Diff: 0, Sum: 0, Workers: 4
[2.351s][debug][gc,phases      ] GC(3)   StringDedup Table Weak         Min:  0.0, Avg:  0.0, Max:  0.0, Diff:  0.0, Sum:  0.0, Workers: 4
[2.351s][debug][gc,phases      ] GC(3)     Dead                           Min: 0, Avg:  0.0, Max: 0, Diff: 0, Sum: 0, Workers: 4
[2.351s][debug][gc,phases      ] GC(3)     Total                          Min: 0, Avg:  0.0, Max: 0, Diff: 0, Sum: 0, Workers: 4
[2.351s][debug][gc,phases      ] GC(3)   StringDedup Requests0 Weak     Min:  0.0, Avg:  0.0, Max:  0.0, Diff:  0.0, Sum:  0.0, Workers: 4
[2.351s][debug][gc,phases      ] GC(3)     Dead                           Min: 0, Avg:  0.0, Max: 0, Diff: 0, Sum: 0, Workers: 4
[2.351s][debug][gc,phases      ] GC(3)     Total                          Min: 0, Avg:  0.0, Max: 0, Diff: 0, Sum: 0, Workers: 4
[2.351s][debug][gc,phases      ] GC(3)   StringDedup Requests1 Weak     Min:  0.0, Avg:  0.0, Max:  0.0, Diff:  0.0, Sum:  0.0, Workers: 4
[2.351s][debug][gc,phases      ] GC(3)     Dead                           Min: 0, Avg:  0.0, Max: 0, Diff: 0, Sum: 0, Workers: 4
[2.351s][debug][gc,phases      ] GC(3)     Total                          Min: 0, Avg:  0.0, Max: 0, Diff: 0, Sum: 0, Workers: 4
[2.351s][debug][gc,phases      ] GC(3)   Weak JFR Old Object Samples    Min:  0.0, Avg:  0.0, Max:  0.0, Diff:  0.0, Sum:  0.0, Workers: 4
[2.351s][debug][gc,phases      ] GC(3)     Dead                           Min: 0, Avg:  0.0, Max: 0, Diff: 0, Sum: 0, Workers: 4
[2.351s][debug][gc,phases      ] GC(3)     Total                          Min: 0, Avg:  0.0, Max: 0, Diff: 0, Sum: 0, Workers: 4
[2.351s][debug][gc,phases      ] GC(3) Weak Processing 0.268ms
[2.351s][debug][gc,phases      ] GC(3) ClassLoaderData 0.033ms
[2.351s][debug][gc,phases      ] GC(3) Trigger cleanups 0.000ms
[2.354s][debug][gc,phases      ] GC(3) Class Unloading 3.525ms
[2.354s][info ][gc,phases      ] GC(3) Marking Phase 20.600ms
[2.354s][info ][gc,phases,start] GC(3) Summary Phase
[2.354s][info ][gc,phases      ] GC(3) Summary Phase 0.022ms
[2.354s][info ][gc,phases,start] GC(3) Adjust Roots
[2.358s][info ][gc,phases      ] GC(3) Adjust Roots 3.543ms
[2.358s][info ][gc,phases,start] GC(3) Compaction Phase
[2.584s][info ][gc,phases      ] GC(3) Compaction Phase 226.347ms
[2.584s][info ][gc,phases,start] GC(3) Post Compact
[2.585s][info ][gc,phases      ] GC(3) Post Compact 0.604ms
[2.585s][info ][gc,heap        ] GC(3) PSYoungGen: 56429K(1572864K)->55743K(1572864K) Eden: 0K(1048576K)->0K(1048576K) From: 56429K(524288K)->55743K(524288K)
[2.585s][info ][gc,heap        ] GC(3) ParOldGen: 5674K(6144K)->6069K(6144K)
[2.585s][info ][gc,metaspace   ] GC(3) Metaspace: 35464K(35840K)->35464K(35840K) NonClass: 31004K(31168K)->31004K(31168K) Class: 4460K(4672K)->4460K(4672K)
[2.585s][info ][gc             ] GC(3) Pause Full (Metadata GC Threshold) 60M->60M(1542M) 251.247ms
[2.585s][info ][gc,cpu         ] GC(3) User=0.54s Sys=0.01s Real=0.26s
[2.585s][info ][safepoint      ] Safepoint "CollectForMetadataAllocation", Time since last: 38731021 ns, Reaching safepoint: 44502 ns, At safepoint: 280768497 ns, Total: 280812999 ns
[2.764s][info ][safepoint      ] Safepoint "ICBufferFull", Time since last: 178860154 ns, Reaching safepoint: 136008 ns, At safepoint: 8400 ns, Total: 144408 ns
[2.887s][info ][safepoint      ] Safepoint "ICBufferFull", Time since last: 122305812 ns, Reaching safepoint: 217912 ns, At safepoint: 8501 ns, Total: 226413 ns
[3.033s][info ][safepoint      ] Safepoint "ICBufferFull", Time since last: 145877463 ns, Reaching safepoint: 219113 ns, At safepoint: 22601 ns, Total: 241714 ns
[3.033s][info ][safepoint      ] Safepoint "ICBufferFull", Time since last: 78404 ns, Reaching safepoint: 88005 ns, At safepoint: 24302 ns, Total: 112307 ns
[3.033s][info ][safepoint      ] Safepoint "ICBufferFull", Time since last: 45002 ns, Reaching safepoint: 86805 ns, At safepoint: 19701 ns, Total: 106506 ns
[3.099s][info ][safepoint      ] Safepoint "ICBufferFull", Time since last: 65600061 ns, Reaching safepoint: 222613 ns, At safepoint: 29902 ns, Total: 252515 ns
[3.236s][info ][safepoint      ] Safepoint "ICBufferFull", Time since last: 136498925 ns, Reaching safepoint: 215213 ns, At safepoint: 13200 ns, Total: 228413 ns
[3.236s][info ][safepoint      ] Safepoint "ICBufferFull", Time since last: 57404 ns, Reaching safepoint: 84504 ns, At safepoint: 12501 ns, Total: 97005 ns
[3.268s][info ][safepoint      ] Safepoint "ICBufferFull", Time since last: 31929131 ns, Reaching safepoint: 174210 ns, At safepoint: 15701 ns, Total: 189911 ns
[3.268s][info ][safepoint      ] Safepoint "ICBufferFull", Time since last: 68903 ns, Reaching safepoint: 93006 ns, At safepoint: 21901 ns, Total: 114907 ns
[3.268s][info ][safepoint      ] Safepoint "ICBufferFull", Time since last: 61304 ns, Reaching safepoint: 92905 ns, At safepoint: 20301 ns, Total: 113206 ns
[3.268s][info ][safepoint      ] Safepoint "ICBufferFull", Time since last: 43803 ns, Reaching safepoint: 95205 ns, At safepoint: 15901 ns, Total: 111106 ns
[3.433s][info ][safepoint      ] Safepoint "ICBufferFull", Time since last: 164367523 ns, Reaching safepoint: 208912 ns, At safepoint: 23501 ns, Total: 232413 ns
[3.433s][info ][safepoint      ] Safepoint "ICBufferFull", Time since last: 78305 ns, Reaching safepoint: 113706 ns, At safepoint: 22502 ns, Total: 136208 ns
[3.434s][info ][safepoint      ] Safepoint "ICBufferFull", Time since last: 267015 ns, Reaching safepoint: 95706 ns, At safepoint: 27001 ns, Total: 122707 ns
[3.503s][info ][safepoint      ] Safepoint "ICBufferFull", Time since last: 68950353 ns, Reaching safepoint: 196411 ns, At safepoint: 20901 ns, Total: 217312 ns
[3.503s][info ][safepoint      ] Safepoint "ICBufferFull", Time since last: 84705 ns, Reaching safepoint: 156109 ns, At safepoint: 23402 ns, Total: 179511 ns
[3.503s][info ][safepoint      ] Safepoint "ICBufferFull", Time since last: 56903 ns, Reaching safepoint: 99706 ns, At safepoint: 22101 ns, Total: 121807 ns
[3.504s][info ][safepoint      ] Safepoint "ICBufferFull", Time since last: 397723 ns, Reaching safepoint: 91305 ns, At safepoint: 18501 ns, Total: 109806 ns
[3.504s][info ][safepoint      ] Safepoint "ICBufferFull", Time since last: 295817 ns, Reaching safepoint: 110306 ns, At safepoint: 25302 ns, Total: 135608 ns
[3.594s][info ][safepoint      ] Safepoint "ICBufferFull", Time since last: 89440227 ns, Reaching safepoint: 187611 ns, At safepoint: 30202 ns, Total: 217813 ns
[3.596s][info ][safepoint      ] Safepoint "ICBufferFull", Time since last: 2570547 ns, Reaching safepoint: 111707 ns, At safepoint: 23801 ns, Total: 135508 ns
[3.599s][info ][safepoint      ] Safepoint "ICBufferFull", Time since last: 2277630 ns, Reaching safepoint: 117707 ns, At safepoint: 22902 ns, Total: 140609 ns
[3.601s][info ][safepoint      ] Safepoint "ICBufferFull", Time since last: 2151023 ns, Reaching safepoint: 115406 ns, At safepoint: 23602 ns, Total: 139008 ns
[3.604s][info ][safepoint      ] Safepoint "ICBufferFull", Time since last: 2237528 ns, Reaching safepoint: 111507 ns, At safepoint: 20901 ns, Total: 132408 ns
[3.606s][info ][safepoint      ] Safepoint "ICBufferFull", Time since last: 2001214 ns, Reaching safepoint: 111707 ns, At safepoint: 19101 ns, Total: 130808 ns
[3.608s][info ][safepoint      ] Safepoint "ICBufferFull", Time since last: 2283731 ns, Reaching safepoint: 256115 ns, At safepoint: 26801 ns, Total: 282916 ns
[3.611s][info ][safepoint      ] Safepoint "ICBufferFull", Time since last: 2434440 ns, Reaching safepoint: 118606 ns, At safepoint: 22102 ns, Total: 140708 ns
[3.614s][info ][safepoint      ] Safepoint "ICBufferFull", Time since last: 2881465 ns, Reaching safepoint: 113906 ns, At safepoint: 28402 ns, Total: 142308 ns
[3.619s][info ][safepoint      ] Safepoint "ICBufferFull", Time since last: 5285603 ns, Reaching safepoint: 265415 ns, At safepoint: 31002 ns, Total: 296417 ns
[3.655s][info ][safepoint      ] Safepoint "ICBufferFull", Time since last: 35097512 ns, Reaching safepoint: 154409 ns, At safepoint: 18101 ns, Total: 172510 ns
[3.734s][info ][safepoint      ] Safepoint "ICBufferFull", Time since last: 79046232 ns, Reaching safepoint: 202911 ns, At safepoint: 25902 ns, Total: 228813 ns
[3.750s][info ][safepoint      ] Safepoint "ICBufferFull", Time since last: 16225730 ns, Reaching safepoint: 263115 ns, At safepoint: 19401 ns, Total: 282516 ns
[3.751s][info ][safepoint      ] Safepoint "ICBufferFull", Time since last: 415424 ns, Reaching safepoint: 89205 ns, At safepoint: 33202 ns, Total: 122407 ns
[3.752s][info ][safepoint      ] Safepoint "ICBufferFull", Time since last: 745143 ns, Reaching safepoint: 91005 ns, At safepoint: 28202 ns, Total: 119207 ns
[3.752s][info ][safepoint      ] Safepoint "ICBufferFull", Time since last: 218312 ns, Reaching safepoint: 100206 ns, At safepoint: 25701 ns, Total: 125907 ns
[3.771s][info ][safepoint      ] Safepoint "ICBufferFull", Time since last: 18310650 ns, Reaching safepoint: 149309 ns, At safepoint: 37302 ns, Total: 186611 ns
[3.771s][info ][safepoint      ] Safepoint "ICBufferFull", Time since last: 202212 ns, Reaching safepoint: 93605 ns, At safepoint: 25301 ns, Total: 118906 ns
[3.771s][info ][safepoint      ] Safepoint "ICBufferFull", Time since last: 55203 ns, Reaching safepoint: 94806 ns, At safepoint: 27201 ns, Total: 122007 ns
[3.792s][info ][safepoint      ] Safepoint "ICBufferFull", Time since last: 21026306 ns, Reaching safepoint: 166309 ns, At safepoint: 29002 ns, Total: 195311 ns
[3.815s][info ][safepoint      ] Safepoint "ICBufferFull", Time since last: 22782706 ns, Reaching safepoint: 128708 ns, At safepoint: 27001 ns, Total: 155709 ns
[3.829s][info ][safepoint      ] Safepoint "ICBufferFull", Time since last: 13229259 ns, Reaching safepoint: 144108 ns, At safepoint: 26401 ns, Total: 170509 ns
[3.852s][info ][safepoint      ] Safepoint "ICBufferFull", Time since last: 23544250 ns, Reaching safepoint: 141108 ns, At safepoint: 31802 ns, Total: 172910 ns
[3.868s][info ][safepoint      ] Safepoint "ICBufferFull", Time since last: 15716501 ns, Reaching safepoint: 142008 ns, At safepoint: 30802 ns, Total: 172810 ns
[3.871s][debug][gc,phases      ] GC(4) Pre Compact 0.022ms
[3.871s][info ][gc,start       ] GC(4) Pause Full (Ergonomics)
[3.871s][info ][gc,phases,start] GC(4) Marking Phase
[3.979s][debug][gc,phases      ] GC(4) Par Mark 108.146ms
[3.979s][debug][gc,ref         ] GC(4) Skipped phase 1 of Reference Processing: no references
[3.980s][debug][gc,ref         ] GC(4) ReferenceProcessor::execute queues: 4, RefProcThreadModel::Multi, marks_oops_alive: false
[3.980s][debug][gc,ref         ] GC(4) Skipped phase 3 of Reference Processing: no references
[3.980s][debug][gc,ref         ] GC(4) ReferenceProcessor::execute queues: 3, RefProcThreadModel::Multi, marks_oops_alive: false
[3.980s][debug][gc,phases      ] GC(4) Reference Processing 0.905ms
[3.980s][debug][gc,phases      ] GC(4)   VM Weak                        Min:  0.0, Avg:  0.0, Max:  0.0, Diff:  0.0, Sum:  0.0, Workers: 4
[3.980s][debug][gc,phases      ] GC(4)     Dead                           Min: 0, Avg:  2.0, Max: 8, Diff: 8, Sum: 8, Workers: 4
[3.980s][debug][gc,phases      ] GC(4)     Total                          Min: 0, Avg: 98.2, Max: 329, Diff: 329, Sum: 393, Workers: 4
[3.981s][debug][gc,phases      ] GC(4)   ObjectSynchronizer Weak        Min:  0.0, Avg:  0.0, Max:  0.0, Diff:  0.0, Sum:  0.0, Workers: 4
[3.981s][debug][gc,phases      ] GC(4)     Dead                           Min: 58, Avg: 103.0, Max: 157, Diff: 99, Sum: 412, Workers: 4
[3.981s][debug][gc,phases      ] GC(4)     Total                          Min: 64, Avg: 115.8, Max: 192, Diff: 128, Sum: 463, Workers: 4
[3.981s][debug][gc,phases      ] GC(4)   JVMTI Tag Weak OopStorage      Min:  0.0, Avg:  0.0, Max:  0.0, Diff:  0.0, Sum:  0.0, Workers: 4
[3.981s][debug][gc,phases      ] GC(4)     Dead                           Min: 0, Avg:  0.0, Max: 0, Diff: 0, Sum: 0, Workers: 4
[3.981s][debug][gc,phases      ] GC(4)     Total                          Min: 0, Avg:  0.0, Max: 0, Diff: 0, Sum: 0, Workers: 4
[3.981s][debug][gc,phases      ] GC(4)   StringTable Weak               Min:  0.1, Avg:  0.1, Max:  0.1, Diff:  0.0, Sum:  0.5, Workers: 4
[3.981s][debug][gc,phases      ] GC(4)     Dead                           Min: 0, Avg:  6.2, Max: 17, Diff: 17, Sum: 25, Workers: 4
[3.981s][debug][gc,phases      ] GC(4)     Total                          Min: 7808, Avg: 9237.0, Max: 11008, Diff: 3200, Sum: 36948, Workers: 4
[3.981s][debug][gc,phases      ] GC(4)   ResolvedMethodTable Weak       Min:  0.0, Avg:  0.0, Max:  0.0, Diff:  0.0, Sum:  0.1, Workers: 4
[3.981s][debug][gc,phases      ] GC(4)     Dead                           Min: 18, Avg: 31.0, Max: 42, Diff: 24, Sum: 124, Workers: 4
[3.981s][debug][gc,phases      ] GC(4)     Total                          Min: 960, Avg: 1183.5, Max: 1406, Diff: 446, Sum: 4734, Workers: 4
[3.981s][debug][gc,phases      ] GC(4)   JNI Weak                       Min:  0.0, Avg:  0.0, Max:  0.0, Diff:  0.0, Sum:  0.0, Workers: 4
[3.981s][debug][gc,phases      ] GC(4)     Dead                           Min: 0, Avg:  0.0, Max: 0, Diff: 0, Sum: 0, Workers: 4
[3.981s][debug][gc,phases      ] GC(4)     Total                          Min: 0, Avg:  2.2, Max: 9, Diff: 9, Sum: 9, Workers: 4
[3.981s][debug][gc,phases      ] GC(4)   StringDedup Table Weak         Min:  0.0, Avg:  0.0, Max:  0.0, Diff:  0.0, Sum:  0.0, Workers: 4
[3.981s][debug][gc,phases      ] GC(4)     Dead                           Min: 0, Avg:  0.0, Max: 0, Diff: 0, Sum: 0, Workers: 4
[3.981s][debug][gc,phases      ] GC(4)     Total                          Min: 0, Avg:  0.0, Max: 0, Diff: 0, Sum: 0, Workers: 4
[3.981s][debug][gc,phases      ] GC(4)   StringDedup Requests0 Weak     Min:  0.0, Avg:  0.0, Max:  0.0, Diff:  0.0, Sum:  0.0, Workers: 4
[3.981s][debug][gc,phases      ] GC(4)     Dead                           Min: 0, Avg:  0.0, Max: 0, Diff: 0, Sum: 0, Workers: 4
[3.981s][debug][gc,phases      ] GC(4)     Total                          Min: 0, Avg:  0.0, Max: 0, Diff: 0, Sum: 0, Workers: 4
[3.981s][debug][gc,phases      ] GC(4)   StringDedup Requests1 Weak     Min:  0.0, Avg:  0.0, Max:  0.0, Diff:  0.0, Sum:  0.0, Workers: 4
[3.981s][debug][gc,phases      ] GC(4)     Dead                           Min: 0, Avg:  0.0, Max: 0, Diff: 0, Sum: 0, Workers: 4
[3.981s][debug][gc,phases      ] GC(4)     Total                          Min: 0, Avg:  0.0, Max: 0, Diff: 0, Sum: 0, Workers: 4
[3.981s][debug][gc,phases      ] GC(4)   Weak JFR Old Object Samples    Min:  0.0, Avg:  0.0, Max:  0.0, Diff:  0.0, Sum:  0.0, Workers: 4
[3.981s][debug][gc,phases      ] GC(4)     Dead                           Min: 0, Avg:  0.0, Max: 0, Diff: 0, Sum: 0, Workers: 4
[3.981s][debug][gc,phases      ] GC(4)     Total                          Min: 0, Avg:  0.0, Max: 0, Diff: 0, Sum: 0, Workers: 4
[3.981s][debug][gc,phases      ] GC(4) Weak Processing 0.328ms
[3.981s][debug][gc,phases      ] GC(4) ClassLoaderData 0.164ms
[3.981s][debug][gc,phases      ] GC(4) Trigger cleanups 0.001ms
[3.989s][debug][gc,phases      ] GC(4) Class Unloading 8.815ms
[3.989s][info ][gc,phases      ] GC(4) Marking Phase 118.373ms
[3.989s][info ][gc,phases,start] GC(4) Summary Phase
[3.990s][info ][gc,phases      ] GC(4) Summary Phase 0.027ms
[3.990s][info ][gc,phases,start] GC(4) Adjust Roots
[3.997s][info ][gc,phases      ] GC(4) Adjust Roots 7.362ms
[3.997s][info ][gc,phases,start] GC(4) Compaction Phase
[4.224s][info ][gc,phases      ] GC(4) Compaction Phase 227.194ms
[4.224s][info ][gc,phases,start] GC(4) Post Compact
[4.228s][info ][gc,phases      ] GC(4) Post Compact 3.554ms
[4.228s][info ][gc,heap        ] GC(4) PSYoungGen: 1104319K(1572864K)->167939K(1572864K) Eden: 1048576K(1048576K)->167939K(1048576K) From: 55743K(524288K)->0K(524288K)
[4.228s][info ][gc,heap        ] GC(4) ParOldGen: 6069K(6144K)->6099K(18944K)
[4.228s][info ][gc,metaspace   ] GC(4) Metaspace: 51480K(52032K)->51466K(52032K) NonClass: 43902K(44224K)->43892K(44224K) Class: 7578K(7808K)->7574K(7808K)
[4.228s][info ][gc             ] GC(4) Pause Full (Ergonomics) 1084M->169M(1554M) 356.737ms
[4.228s][info ][gc,cpu         ] GC(4) User=1.28s Sys=0.01s Real=0.36s
[4.228s][info ][safepoint      ] Safepoint "ParallelGCFailedAllocation", Time since last: 2482342 ns, Reaching safepoint: 179711 ns, At safepoint: 356899461 ns, Total: 357079172 ns
[4.244s][info ][safepoint      ] Safepoint "ICBufferFull", Time since last: 15423484 ns, Reaching safepoint: 254114 ns, At safepoint: 28402 ns, Total: 282516 ns
[4.252s][info ][safepoint      ] Safepoint "ICBufferFull", Time since last: 8114765 ns, Reaching safepoint: 128108 ns, At safepoint: 27701 ns, Total: 155809 ns
[4.269s][info ][safepoint      ] Safepoint "ICBufferFull", Time since last: 17412499 ns, Reaching safepoint: 121806 ns, At safepoint: 19702 ns, Total: 141508 ns
[4.276s][info ][safepoint      ] Safepoint "ICBufferFull", Time since last: 6319162 ns, Reaching safepoint: 117107 ns, At safepoint: 20001 ns, Total: 137108 ns
[4.284s][info ][safepoint      ] Safepoint "ICBufferFull", Time since last: 7912253 ns, Reaching safepoint: 130108 ns, At safepoint: 21501 ns, Total: 151609 ns
[4.291s][info ][safepoint      ] Safepoint "ICBufferFull", Time since last: 6379266 ns, Reaching safepoint: 137908 ns, At safepoint: 17601 ns, Total: 155509 ns
[4.297s][info ][safepoint      ] Safepoint "ICBufferFull", Time since last: 6366965 ns, Reaching safepoint: 111706 ns, At safepoint: 21501 ns, Total: 133207 ns
[4.303s][info ][safepoint      ] Safepoint "ICBufferFull", Time since last: 5427412 ns, Reaching safepoint: 110306 ns, At safepoint: 23101 ns, Total: 133407 ns
[4.309s][info ][safepoint      ] Safepoint "ICBufferFull", Time since last: 6506673 ns, Reaching safepoint: 123907 ns, At safepoint: 21602 ns, Total: 145509 ns
[4.314s][info ][safepoint      ] Safepoint "ICBufferFull", Time since last: 4949983 ns, Reaching safepoint: 122207 ns, At safepoint: 24302 ns, Total: 146509 ns
[4.319s][info ][safepoint      ] Safepoint "ICBufferFull", Time since last: 4174739 ns, Reaching safepoint: 108506 ns, At safepoint: 21601 ns, Total: 130107 ns
[4.319s][info ][safepoint      ] Safepoint "ICBufferFull", Time since last: 58704 ns, Reaching safepoint: 82905 ns, At safepoint: 19101 ns, Total: 102006 ns
[4.319s][info ][safepoint      ] Safepoint "ICBufferFull", Time since last: 34502 ns, Reaching safepoint: 89805 ns, At safepoint: 21801 ns, Total: 111606 ns
[4.334s][info ][safepoint      ] Safepoint "ICBufferFull", Time since last: 15320878 ns, Reaching safepoint: 120407 ns, At safepoint: 23102 ns, Total: 143509 ns
[4.355s][info ][safepoint      ] Safepoint "ICBufferFull", Time since last: 19986846 ns, Reaching safepoint: 121306 ns, At safepoint: 25202 ns, Total: 146508 ns
[4.357s][info ][safepoint      ] Safepoint "ICBufferFull", Time since last: 2559947 ns, Reaching safepoint: 242414 ns, At safepoint: 28001 ns, Total: 270415 ns
[4.360s][info ][safepoint      ] Safepoint "ICBufferFull", Time since last: 2535046 ns, Reaching safepoint: 102605 ns, At safepoint: 26302 ns, Total: 128907 ns
[4.374s][info ][safepoint      ] Safepoint "ICBufferFull", Time since last: 13499674 ns, Reaching safepoint: 96805 ns, At safepoint: 25202 ns, Total: 122007 ns
[4.376s][info ][safepoint      ] Safepoint "ICBufferFull", Time since last: 2371736 ns, Reaching safepoint: 113006 ns, At safepoint: 24802 ns, Total: 137808 ns
[4.379s][info ][safepoint      ] Safepoint "ICBufferFull", Time since last: 2344634 ns, Reaching safepoint: 93305 ns, At safepoint: 23402 ns, Total: 116707 ns
[4.381s][info ][safepoint      ] Safepoint "ICBufferFull", Time since last: 1949312 ns, Reaching safepoint: 94005 ns, At safepoint: 26101 ns, Total: 120106 ns
[4.383s][info ][safepoint      ] Safepoint "ICBufferFull", Time since last: 2441040 ns, Reaching safepoint: 100806 ns, At safepoint: 24902 ns, Total: 125708 ns
[4.386s][info ][safepoint      ] Safepoint "ICBufferFull", Time since last: 1989614 ns, Reaching safepoint: 904952 ns, At safepoint: 29101 ns, Total: 934053 ns
[4.394s][info ][gc,start       ] GC(5) Pause Young (Allocation Failure)
[4.487s][debug][gc,phases      ] GC(5) Scavenge 92.405ms
[4.487s][debug][gc,ref         ] GC(5) Skipped phase 1 of Reference Processing: no references
[4.487s][debug][gc,ref         ] GC(5) ReferenceProcessor::execute queues: 4, RefProcThreadModel::Multi, marks_oops_alive: false
[4.487s][debug][gc,ref         ] GC(5) Skipped phase 3 of Reference Processing: no references
[4.487s][debug][gc,ref         ] GC(5) ReferenceProcessor::execute queues: 1, RefProcThreadModel::Single, marks_oops_alive: false
[4.487s][debug][gc,phases      ] GC(5) Reference Processing 0.266ms
[4.488s][debug][gc,phases      ] GC(5)   VM Weak                        Min:  0.0, Avg:  0.0, Max:  0.0, Diff:  0.0, Sum:  0.0, Workers: 4
[4.488s][debug][gc,phases      ] GC(5)     Dead                           Min: 0, Avg:  0.0, Max: 0, Diff: 0, Sum: 0, Workers: 4
[4.488s][debug][gc,phases      ] GC(5)     Total                          Min: 0, Avg: 96.2, Max: 184, Diff: 184, Sum: 385, Workers: 4
[4.488s][debug][gc,phases      ] GC(5)   ObjectSynchronizer Weak        Min:  0.0, Avg:  0.0, Max:  0.0, Diff:  0.0, Sum:  0.0, Workers: 4
[4.488s][debug][gc,phases      ] GC(5)     Dead                           Min: 0, Avg:  4.2, Max: 17, Diff: 17, Sum: 17, Workers: 4
[4.488s][debug][gc,phases      ] GC(5)     Total                          Min: 0, Avg: 122.2, Max: 233, Diff: 233, Sum: 489, Workers: 4
[4.488s][debug][gc,phases      ] GC(5)   JVMTI Tag Weak OopStorage      Min:  0.0, Avg:  0.0, Max:  0.0, Diff:  0.0, Sum:  0.0, Workers: 4
[4.488s][debug][gc,phases      ] GC(5)     Dead                           Min: 0, Avg:  0.0, Max: 0, Diff: 0, Sum: 0, Workers: 4
[4.488s][debug][gc,phases      ] GC(5)     Total                          Min: 0, Avg:  0.0, Max: 0, Diff: 0, Sum: 0, Workers: 4
[4.488s][debug][gc,phases      ] GC(5)   StringTable Weak               Min:  0.3, Avg:  0.3, Max:  0.3, Diff:  0.0, Sum:  1.0, Workers: 4
[4.488s][debug][gc,phases      ] GC(5)     Dead                           Min: 0, Avg:  3.2, Max: 13, Diff: 13, Sum: 13, Workers: 4
[4.488s][debug][gc,phases      ] GC(5)     Total                          Min: 8960, Avg: 9238.0, Max: 9472, Diff: 512, Sum: 36952, Workers: 4
[4.488s][debug][gc,phases      ] GC(5)   ResolvedMethodTable Weak       Min:  0.0, Avg:  0.0, Max:  0.0, Diff:  0.0, Sum:  0.1, Workers: 4
[4.488s][debug][gc,phases      ] GC(5)     Dead                           Min: 0, Avg:  0.0, Max: 0, Diff: 0, Sum: 0, Workers: 4
[4.488s][debug][gc,phases      ] GC(5)     Total                          Min: 989, Avg: 1152.5, Max: 1369, Diff: 380, Sum: 4610, Workers: 4
[4.488s][debug][gc,phases      ] GC(5)   JNI Weak                       Min:  0.0, Avg:  0.0, Max:  0.0, Diff:  0.0, Sum:  0.0, Workers: 4
[4.488s][debug][gc,phases      ] GC(5)     Dead                           Min: 0, Avg:  0.0, Max: 0, Diff: 0, Sum: 0, Workers: 4
[4.488s][debug][gc,phases      ] GC(5)     Total                          Min: 0, Avg:  0.5, Max: 2, Diff: 2, Sum: 2, Workers: 4
[4.488s][debug][gc,phases      ] GC(5)   StringDedup Table Weak         Min:  0.0, Avg:  0.0, Max:  0.0, Diff:  0.0, Sum:  0.0, Workers: 4
[4.488s][debug][gc,phases      ] GC(5)     Dead                           Min: 0, Avg:  0.0, Max: 0, Diff: 0, Sum: 0, Workers: 4
[4.488s][debug][gc,phases      ] GC(5)     Total                          Min: 0, Avg:  0.0, Max: 0, Diff: 0, Sum: 0, Workers: 4
[4.488s][debug][gc,phases      ] GC(5)   StringDedup Requests0 Weak     Min:  0.0, Avg:  0.0, Max:  0.0, Diff:  0.0, Sum:  0.0, Workers: 4
[4.488s][debug][gc,phases      ] GC(5)     Dead                           Min: 0, Avg:  0.0, Max: 0, Diff: 0, Sum: 0, Workers: 4
[4.488s][debug][gc,phases      ] GC(5)     Total                          Min: 0, Avg:  0.0, Max: 0, Diff: 0, Sum: 0, Workers: 4
[4.488s][debug][gc,phases      ] GC(5)   StringDedup Requests1 Weak     Min:  0.0, Avg:  0.0, Max:  0.0, Diff:  0.0, Sum:  0.0, Workers: 4
[4.488s][debug][gc,phases      ] GC(5)     Dead                           Min: 0, Avg:  0.0, Max: 0, Diff: 0, Sum: 0, Workers: 4
[4.488s][debug][gc,phases      ] GC(5)     Total                          Min: 0, Avg:  0.0, Max: 0, Diff: 0, Sum: 0, Workers: 4
[4.488s][debug][gc,phases      ] GC(5)   Weak JFR Old Object Samples    Min:  0.0, Avg:  0.0, Max:  0.0, Diff:  0.0, Sum:  0.0, Workers: 4
[4.488s][debug][gc,phases      ] GC(5)     Dead                           Min: 0, Avg:  0.0, Max: 0, Diff: 0, Sum: 0, Workers: 4
[4.488s][debug][gc,phases      ] GC(5)     Total                          Min: 0, Avg:  0.0, Max: 0, Diff: 0, Sum: 0, Workers: 4
[4.488s][debug][gc,phases      ] GC(5) Weak Processing 0.517ms
[4.488s][debug][gc,age         ] GC(5) Desired survivor size 536870912 bytes, new threshold 7 (max threshold 15)
[4.488s][info ][gc,heap        ] GC(5) PSYoungGen: 1048576K(1572864K)->173715K(1572864K) Eden: 1048576K(1048576K)->0K(1048576K) From: 0K(524288K)->173715K(524288K)
[4.488s][info ][gc,heap        ] GC(5) ParOldGen: 6099K(18944K)->6115K(18944K)
[4.488s][info ][gc,metaspace   ] GC(5) Metaspace: 51472K(52032K)->51472K(52032K) NonClass: 43896K(44224K)->43896K(44224K) Class: 7576K(7808K)->7576K(7808K)
[4.488s][info ][gc             ] GC(5) Pause Young (Allocation Failure) 1029M->175M(1554M) 93.317ms
[4.488s][info ][gc,cpu         ] GC(5) User=0.34s Sys=0.04s Real=0.09s
[4.488s][info ][safepoint      ] Safepoint "ParallelGCFailedAllocation", Time since last: 8173669 ns, Reaching safepoint: 91905 ns, At safepoint: 93409355 ns, Total: 93501260 ns
[4.491s][info ][safepoint      ] Safepoint "ICBufferFull", Time since last: 2467342 ns, Reaching safepoint: 831947 ns, At safepoint: 35902 ns, Total: 867849 ns
[4.493s][info ][safepoint      ] Safepoint "ICBufferFull", Time since last: 1948512 ns, Reaching safepoint: 96806 ns, At safepoint: 24501 ns, Total: 121307 ns
[4.599s][info ][safepoint      ] Safepoint "ICBufferFull", Time since last: 105638256 ns, Reaching safepoint: 218713 ns, At safepoint: 25901 ns, Total: 244614 ns
[4.663s][info ][gc,start       ] GC(6) Pause Young (Allocation Failure)
[4.738s][debug][gc,phases      ] GC(6) Scavenge 75.199ms
[4.738s][debug][gc,ref         ] GC(6) Skipped phase 1 of Reference Processing: no references
[4.738s][debug][gc,ref         ] GC(6) ReferenceProcessor::execute queues: 4, RefProcThreadModel::Multi, marks_oops_alive: false
[4.738s][debug][gc,ref         ] GC(6) Skipped phase 3 of Reference Processing: no references
[4.738s][debug][gc,ref         ] GC(6) ReferenceProcessor::execute queues: 1, RefProcThreadModel::Single, marks_oops_alive: false
[4.738s][debug][gc,phases      ] GC(6) Reference Processing 0.293ms
[4.739s][debug][gc,phases      ] GC(6)   VM Weak                        Min:  0.0, Avg:  0.0, Max:  0.0, Diff:  0.0, Sum:  0.0, Workers: 4
[4.739s][debug][gc,phases      ] GC(6)     Dead                           Min: 0, Avg:  0.0, Max: 0, Diff: 0, Sum: 0, Workers: 4
[4.739s][debug][gc,phases      ] GC(6)     Total                          Min: 0, Avg: 97.0, Max: 192, Diff: 192, Sum: 388, Workers: 4
[4.739s][debug][gc,phases      ] GC(6)   ObjectSynchronizer Weak        Min:  0.0, Avg:  0.0, Max:  0.0, Diff:  0.0, Sum:  0.0, Workers: 4
[4.739s][debug][gc,phases      ] GC(6)     Dead                           Min: 0, Avg:  0.0, Max: 0, Diff: 0, Sum: 0, Workers: 4
[4.739s][debug][gc,phases      ] GC(6)     Total                          Min: 41, Avg: 122.2, Max: 192, Diff: 151, Sum: 489, Workers: 4
[4.739s][debug][gc,phases      ] GC(6)   JVMTI Tag Weak OopStorage      Min:  0.0, Avg:  0.0, Max:  0.0, Diff:  0.0, Sum:  0.0, Workers: 4
[4.739s][debug][gc,phases      ] GC(6)     Dead                           Min: 0, Avg:  0.0, Max: 0, Diff: 0, Sum: 0, Workers: 4
[4.739s][debug][gc,phases      ] GC(6)     Total                          Min: 0, Avg:  0.0, Max: 0, Diff: 0, Sum: 0, Workers: 4
[4.739s][debug][gc,phases      ] GC(6)   StringTable Weak               Min:  0.3, Avg:  0.3, Max:  0.3, Diff:  0.0, Sum:  1.1, Workers: 4
[4.739s][debug][gc,phases      ] GC(6)     Dead                           Min: 0, Avg:  1.0, Max: 2, Diff: 2, Sum: 4, Workers: 4
[4.739s][debug][gc,phases      ] GC(6)     Total                          Min: 8503, Avg: 9453.5, Max: 10175, Diff: 1672, Sum: 37814, Workers: 4
[4.739s][debug][gc,phases      ] GC(6)   ResolvedMethodTable Weak       Min:  0.0, Avg:  0.0, Max:  0.0, Diff:  0.0, Sum:  0.1, Workers: 4
[4.739s][debug][gc,phases      ] GC(6)     Dead                           Min: 0, Avg:  5.5, Max: 11, Diff: 11, Sum: 22, Workers: 4
[4.739s][debug][gc,phases      ] GC(6)     Total                          Min: 1076, Avg: 1178.2, Max: 1343, Diff: 267, Sum: 4713, Workers: 4
[4.739s][debug][gc,phases      ] GC(6)   JNI Weak                       Min:  0.0, Avg:  0.0, Max:  0.0, Diff:  0.0, Sum:  0.0, Workers: 4
[4.739s][debug][gc,phases      ] GC(6)     Dead                           Min: 0, Avg:  0.0, Max: 0, Diff: 0, Sum: 0, Workers: 4
[4.739s][debug][gc,phases      ] GC(6)     Total                          Min: 0, Avg:  2.5, Max: 10, Diff: 10, Sum: 10, Workers: 4
[4.739s][debug][gc,phases      ] GC(6)   StringDedup Table Weak         Min:  0.0, Avg:  0.0, Max:  0.0, Diff:  0.0, Sum:  0.0, Workers: 4
[4.739s][debug][gc,phases      ] GC(6)     Dead                           Min: 0, Avg:  0.0, Max: 0, Diff: 0, Sum: 0, Workers: 4
[4.739s][debug][gc,phases      ] GC(6)     Total                          Min: 0, Avg:  0.0, Max: 0, Diff: 0, Sum: 0, Workers: 4
[4.739s][debug][gc,phases      ] GC(6)   StringDedup Requests0 Weak     Min:  0.0, Avg:  0.0, Max:  0.0, Diff:  0.0, Sum:  0.0, Workers: 4
[4.739s][debug][gc,phases      ] GC(6)     Dead                           Min: 0, Avg:  0.0, Max: 0, Diff: 0, Sum: 0, Workers: 4
[4.739s][debug][gc,phases      ] GC(6)     Total                          Min: 0, Avg:  0.0, Max: 0, Diff: 0, Sum: 0, Workers: 4
[4.739s][debug][gc,phases      ] GC(6)   StringDedup Requests1 Weak     Min:  0.0, Avg:  0.0, Max:  0.0, Diff:  0.0, Sum:  0.0, Workers: 4
[4.739s][debug][gc,phases      ] GC(6)     Dead                           Min: 0, Avg:  0.0, Max: 0, Diff: 0, Sum: 0, Workers: 4
[4.739s][debug][gc,phases      ] GC(6)     Total                          Min: 0, Avg:  0.0, Max: 0, Diff: 0, Sum: 0, Workers: 4
[4.739s][debug][gc,phases      ] GC(6)   Weak JFR Old Object Samples    Min:  0.0, Avg:  0.0, Max:  0.0, Diff:  0.0, Sum:  0.0, Workers: 4
[4.739s][debug][gc,phases      ] GC(6)     Dead                           Min: 0, Avg:  0.0, Max: 0, Diff: 0, Sum: 0, Workers: 4
[4.739s][debug][gc,phases      ] GC(6)     Total                          Min: 0, Avg:  0.0, Max: 0, Diff: 0, Sum: 0, Workers: 4
[4.739s][debug][gc,phases      ] GC(6) Weak Processing 0.509ms
[4.739s][debug][gc,age         ] GC(6) Desired survivor size 536870912 bytes, new threshold 7 (max threshold 15)
[4.739s][info ][gc,heap        ] GC(6) PSYoungGen: 1222291K(1572864K)->174347K(1572864K) Eden: 1048576K(1048576K)->0K(1048576K) From: 173715K(524288K)->174347K(524288K)
[4.739s][info ][gc,heap        ] GC(6) ParOldGen: 6115K(18944K)->6123K(18944K)
[4.739s][info ][gc,metaspace   ] GC(6) Metaspace: 52703K(53248K)->52703K(53248K) NonClass: 44939K(45248K)->44939K(45248K) Class: 7763K(8000K)->7763K(8000K)
[4.739s][info ][gc             ] GC(6) Pause Young (Allocation Failure) 1199M->176M(1554M) 76.149ms
[4.739s][info ][gc,cpu         ] GC(6) User=0.32s Sys=0.02s Real=0.07s
[4.739s][info ][safepoint      ] Safepoint "ParallelGCFailedAllocation", Time since last: 63514642 ns, Reaching safepoint: 150308 ns, At safepoint: 76259072 ns, Total: 76409380 ns
[5.078s][info ][gc,start       ] GC(7) Pause Young (Allocation Failure)
[5.144s][debug][gc,phases      ] GC(7) Scavenge 65.546ms
[5.144s][debug][gc,ref         ] GC(7) Skipped phase 1 of Reference Processing: no references
[5.144s][debug][gc,ref         ] GC(7) ReferenceProcessor::execute queues: 4, RefProcThreadModel::Multi, marks_oops_alive: false
[5.144s][debug][gc,ref         ] GC(7) Skipped phase 3 of Reference Processing: no references
[5.144s][debug][gc,ref         ] GC(7) ReferenceProcessor::execute queues: 1, RefProcThreadModel::Single, marks_oops_alive: false
[5.144s][debug][gc,phases      ] GC(7) Reference Processing 0.324ms
[5.145s][debug][gc,phases      ] GC(7)   VM Weak                        Min:  0.0, Avg:  0.0, Max:  0.0, Diff:  0.0, Sum:  0.0, Workers: 4
[5.145s][debug][gc,phases      ] GC(7)     Dead                           Min: 0, Avg:  0.0, Max: 0, Diff: 0, Sum: 0, Workers: 4
[5.145s][debug][gc,phases      ] GC(7)     Total                          Min: 0, Avg: 99.8, Max: 320, Diff: 320, Sum: 399, Workers: 4
[5.145s][debug][gc,phases      ] GC(7)   ObjectSynchronizer Weak        Min:  0.0, Avg:  0.0, Max:  0.0, Diff:  0.0, Sum:  0.0, Workers: 4
[5.145s][debug][gc,phases      ] GC(7)     Dead                           Min: 0, Avg:  0.2, Max: 1, Diff: 1, Sum: 1, Workers: 4
[5.145s][debug][gc,phases      ] GC(7)     Total                          Min: 0, Avg: 122.2, Max: 192, Diff: 192, Sum: 489, Workers: 4
[5.145s][debug][gc,phases      ] GC(7)   JVMTI Tag Weak OopStorage      Min:  0.0, Avg:  0.0, Max:  0.0, Diff:  0.0, Sum:  0.0, Workers: 4
[5.145s][debug][gc,phases      ] GC(7)     Dead                           Min: 0, Avg:  0.0, Max: 0, Diff: 0, Sum: 0, Workers: 4
[5.145s][debug][gc,phases      ] GC(7)     Total                          Min: 0, Avg:  0.0, Max: 0, Diff: 0, Sum: 0, Workers: 4
[5.145s][debug][gc,phases      ] GC(7)   StringTable Weak               Min:  0.3, Avg:  0.3, Max:  0.3, Diff:  0.0, Sum:  1.1, Workers: 4
[5.145s][debug][gc,phases      ] GC(7)     Dead                           Min: 0, Avg:  4.2, Max: 15, Diff: 15, Sum: 17, Workers: 4
[5.145s][debug][gc,phases      ] GC(7)     Total                          Min: 8868, Avg: 9673.0, Max: 10368, Diff: 1500, Sum: 38692, Workers: 4
[5.145s][debug][gc,phases      ] GC(7)   ResolvedMethodTable Weak       Min:  0.1, Avg:  0.1, Max:  0.1, Diff:  0.0, Sum:  0.2, Workers: 4
[5.145s][debug][gc,phases      ] GC(7)     Dead                           Min: 2, Avg:  7.5, Max: 22, Diff: 20, Sum: 30, Workers: 4
[5.145s][debug][gc,phases      ] GC(7)     Total                          Min: 1088, Avg: 1351.0, Max: 1536, Diff: 448, Sum: 5404, Workers: 4
[5.145s][debug][gc,phases      ] GC(7)   JNI Weak                       Min:  0.0, Avg:  0.0, Max:  0.0, Diff:  0.0, Sum:  0.0, Workers: 4
[5.145s][debug][gc,phases      ] GC(7)     Dead                           Min: 0, Avg:  0.0, Max: 0, Diff: 0, Sum: 0, Workers: 4
[5.145s][debug][gc,phases      ] GC(7)     Total                          Min: 0, Avg:  0.2, Max: 1, Diff: 1, Sum: 1, Workers: 4
[5.145s][debug][gc,phases      ] GC(7)   StringDedup Table Weak         Min:  0.0, Avg:  0.0, Max:  0.0, Diff:  0.0, Sum:  0.0, Workers: 4
[5.145s][debug][gc,phases      ] GC(7)     Dead                           Min: 0, Avg:  0.0, Max: 0, Diff: 0, Sum: 0, Workers: 4
[5.145s][debug][gc,phases      ] GC(7)     Total                          Min: 0, Avg:  0.0, Max: 0, Diff: 0, Sum: 0, Workers: 4
[5.145s][debug][gc,phases      ] GC(7)   StringDedup Requests0 Weak     Min:  0.0, Avg:  0.0, Max:  0.0, Diff:  0.0, Sum:  0.0, Workers: 4
[5.145s][debug][gc,phases      ] GC(7)     Dead                           Min: 0, Avg:  0.0, Max: 0, Diff: 0, Sum: 0, Workers: 4
[5.145s][debug][gc,phases      ] GC(7)     Total                          Min: 0, Avg:  0.0, Max: 0, Diff: 0, Sum: 0, Workers: 4
[5.145s][debug][gc,phases      ] GC(7)   StringDedup Requests1 Weak     Min:  0.0, Avg:  0.0, Max:  0.0, Diff:  0.0, Sum:  0.0, Workers: 4
[5.145s][debug][gc,phases      ] GC(7)     Dead                           Min: 0, Avg:  0.0, Max: 0, Diff: 0, Sum: 0, Workers: 4
[5.145s][debug][gc,phases      ] GC(7)     Total                          Min: 0, Avg:  0.0, Max: 0, Diff: 0, Sum: 0, Workers: 4
[5.145s][debug][gc,phases      ] GC(7)   Weak JFR Old Object Samples    Min:  0.0, Avg:  0.0, Max:  0.0, Diff:  0.0, Sum:  0.0, Workers: 4
[5.145s][debug][gc,phases      ] GC(7)     Dead                           Min: 0, Avg:  0.0, Max: 0, Diff: 0, Sum: 0, Workers: 4
[5.145s][debug][gc,phases      ] GC(7)     Total                          Min: 0, Avg:  0.0, Max: 0, Diff: 0, Sum: 0, Workers: 4
[5.145s][debug][gc,phases      ] GC(7) Weak Processing 0.546ms
[5.145s][debug][gc,age         ] GC(7) Desired survivor size 263192576 bytes, new threshold 8 (max threshold 15)
[5.145s][info ][gc,heap        ] GC(7) PSYoungGen: 1222923K(1572864K)->177880K(1840128K) Eden: 1048576K(1048576K)->0K(1315840K) From: 174347K(524288K)->177880K(524288K)
[5.145s][info ][gc,heap        ] GC(7) ParOldGen: 6123K(18944K)->6131K(18944K)
[5.145s][info ][gc,metaspace   ] GC(7) Metaspace: 55137K(55680K)->55137K(55680K) NonClass: 46905K(47232K)->46905K(47232K) Class: 8231K(8448K)->8231K(8448K)
[5.145s][info ][gc             ] GC(7) Pause Young (Allocation Failure) 1200M->179M(1815M) 66.560ms
[5.145s][info ][gc,cpu         ] GC(7) User=0.27s Sys=0.00s Real=0.07s
[5.145s][info ][safepoint      ] Safepoint "ParallelGCFailedAllocation", Time since last: 338858927 ns, Reaching safepoint: 219913 ns, At safepoint: 66674922 ns, Total: 66894835 ns
[5.402s][info ][safepoint      ] Safepoint "ICBufferFull", Time since last: 257203746 ns, Reaching safepoint: 205411 ns, At safepoint: 42403 ns, Total: 247814 ns
[5.406s][info ][safepoint      ] Safepoint "ICBufferFull", Time since last: 3628708 ns, Reaching safepoint: 93205 ns, At safepoint: 28002 ns, Total: 121207 ns
[5.423s][info ][safepoint      ] Safepoint "ICBufferFull", Time since last: 17073879 ns, Reaching safepoint: 140608 ns, At safepoint: 34102 ns, Total: 174710 ns
[5.426s][info ][safepoint      ] Safepoint "ICBufferFull", Time since last: 3058475 ns, Reaching safepoint: 103406 ns, At safepoint: 33102 ns, Total: 136508 ns
[5.433s][info ][safepoint      ] Safepoint "ICBufferFull", Time since last: 6725985 ns, Reaching safepoint: 131008 ns, At safepoint: 42402 ns, Total: 173410 ns
[5.443s][info ][safepoint      ] Safepoint "ICBufferFull", Time since last: 8974415 ns, Reaching safepoint: 126007 ns, At safepoint: 37702 ns, Total: 163709 ns
[5.446s][info ][safepoint      ] Safepoint "ICBufferFull", Time since last: 3776517 ns, Reaching safepoint: 133907 ns, At safepoint: 40003 ns, Total: 173910 ns
[5.637s][info ][gc,start       ] GC(8) Pause Young (Allocation Failure)
[5.740s][debug][gc,phases      ] GC(8) Scavenge 102.537ms
[5.740s][debug][gc,ref         ] GC(8) Skipped phase 1 of Reference Processing: no references
[5.740s][debug][gc,ref         ] GC(8) ReferenceProcessor::execute queues: 4, RefProcThreadModel::Multi, marks_oops_alive: false
[5.740s][debug][gc,ref         ] GC(8) Skipped phase 3 of Reference Processing: no references
[5.740s][debug][gc,ref         ] GC(8) ReferenceProcessor::execute queues: 1, RefProcThreadModel::Single, marks_oops_alive: false
[5.740s][debug][gc,phases      ] GC(8) Reference Processing 0.376ms
[5.741s][debug][gc,phases      ] GC(8)   VM Weak                        Min:  0.0, Avg:  0.0, Max:  0.0, Diff:  0.0, Sum:  0.0, Workers: 4
[5.741s][debug][gc,phases      ] GC(8)     Dead                           Min: 0, Avg:  0.0, Max: 0, Diff: 0, Sum: 0, Workers: 4
[5.741s][debug][gc,phases      ] GC(8)     Total                          Min: 0, Avg: 103.8, Max: 287, Diff: 287, Sum: 415, Workers: 4
[5.741s][debug][gc,phases      ] GC(8)   ObjectSynchronizer Weak        Min:  0.0, Avg:  0.0, Max:  0.0, Diff:  0.0, Sum:  0.0, Workers: 4
[5.741s][debug][gc,phases      ] GC(8)     Dead                           Min: 0, Avg:  4.2, Max: 11, Diff: 11, Sum: 17, Workers: 4
[5.741s][debug][gc,phases      ] GC(8)     Total                          Min: 0, Avg: 131.0, Max: 268, Diff: 268, Sum: 524, Workers: 4
[5.741s][debug][gc,phases      ] GC(8)   JVMTI Tag Weak OopStorage      Min:  0.0, Avg:  0.0, Max:  0.0, Diff:  0.0, Sum:  0.0, Workers: 4
[5.741s][debug][gc,phases      ] GC(8)     Dead                           Min: 0, Avg:  0.0, Max: 0, Diff: 0, Sum: 0, Workers: 4
[5.741s][debug][gc,phases      ] GC(8)     Total                          Min: 0, Avg:  0.0, Max: 0, Diff: 0, Sum: 0, Workers: 4
[5.741s][debug][gc,phases      ] GC(8)   StringTable Weak               Min:  0.3, Avg:  0.3, Max:  0.3, Diff:  0.0, Sum:  1.4, Workers: 4
[5.741s][debug][gc,phases      ] GC(8)     Dead                           Min: 0, Avg:  4.5, Max: 15, Diff: 15, Sum: 18, Workers: 4
[5.741s][debug][gc,phases      ] GC(8)     Total                          Min: 7168, Avg: 9796.5, Max: 12224, Diff: 5056, Sum: 39186, Workers: 4
[5.741s][debug][gc,phases      ] GC(8)   ResolvedMethodTable Weak       Min:  0.1, Avg:  0.1, Max:  0.1, Diff:  0.0, Sum:  0.2, Workers: 4
[5.741s][debug][gc,phases      ] GC(8)     Dead                           Min: 0, Avg:  5.0, Max: 13, Diff: 13, Sum: 20, Workers: 4
[5.741s][debug][gc,phases      ] GC(8)     Total                          Min: 960, Avg: 1432.2, Max: 2017, Diff: 1057, Sum: 5729, Workers: 4
[5.741s][debug][gc,phases      ] GC(8)   JNI Weak                       Min:  0.0, Avg:  0.0, Max:  0.0, Diff:  0.0, Sum:  0.0, Workers: 4
[5.741s][debug][gc,phases      ] GC(8)     Dead                           Min: 0, Avg:  0.0, Max: 0, Diff: 0, Sum: 0, Workers: 4
[5.741s][debug][gc,phases      ] GC(8)     Total                          Min: 0, Avg:  8.5, Max: 26, Diff: 26, Sum: 34, Workers: 4
[5.741s][debug][gc,phases      ] GC(8)   StringDedup Table Weak         Min:  0.0, Avg:  0.0, Max:  0.0, Diff:  0.0, Sum:  0.0, Workers: 4
[5.741s][debug][gc,phases      ] GC(8)     Dead                           Min: 0, Avg:  0.0, Max: 0, Diff: 0, Sum: 0, Workers: 4
[5.741s][debug][gc,phases      ] GC(8)     Total                          Min: 0, Avg:  0.0, Max: 0, Diff: 0, Sum: 0, Workers: 4
[5.741s][debug][gc,phases      ] GC(8)   StringDedup Requests0 Weak     Min:  0.0, Avg:  0.0, Max:  0.0, Diff:  0.0, Sum:  0.0, Workers: 4
[5.741s][debug][gc,phases      ] GC(8)     Dead                           Min: 0, Avg:  0.0, Max: 0, Diff: 0, Sum: 0, Workers: 4
[5.741s][debug][gc,phases      ] GC(8)     Total                          Min: 0, Avg:  0.0, Max: 0, Diff: 0, Sum: 0, Workers: 4
[5.741s][debug][gc,phases      ] GC(8)   StringDedup Requests1 Weak     Min:  0.0, Avg:  0.0, Max:  0.0, Diff:  0.0, Sum:  0.0, Workers: 4
[5.741s][debug][gc,phases      ] GC(8)     Dead                           Min: 0, Avg:  0.0, Max: 0, Diff: 0, Sum: 0, Workers: 4
[5.741s][debug][gc,phases      ] GC(8)     Total                          Min: 0, Avg:  0.0, Max: 0, Diff: 0, Sum: 0, Workers: 4
[5.741s][debug][gc,phases      ] GC(8)   Weak JFR Old Object Samples    Min:  0.0, Avg:  0.0, Max:  0.0, Diff:  0.0, Sum:  0.0, Workers: 4
[5.741s][debug][gc,phases      ] GC(8)     Dead                           Min: 0, Avg:  0.0, Max: 0, Diff: 0, Sum: 0, Workers: 4
[5.741s][debug][gc,phases      ] GC(8)     Total                          Min: 0, Avg:  0.0, Max: 0, Diff: 0, Sum: 0, Workers: 4
[5.741s][debug][gc,phases      ] GC(8) Weak Processing 0.594ms
[5.741s][debug][gc,age         ] GC(8) Desired survivor size 285736960 bytes, new threshold 9 (max threshold 15)
[5.741s][info ][gc,heap        ] GC(8) PSYoungGen: 1493720K(1840128K)->199144K(1572864K) Eden: 1315840K(1315840K)->0K(1315840K) From: 177880K(524288K)->199144K(257024K)
[5.741s][info ][gc,heap        ] GC(8) ParOldGen: 6131K(18944K)->6139K(18944K)
[5.741s][info ][gc,metaspace   ] GC(8) Metaspace: 56776K(57344K)->56776K(57344K) NonClass: 48309K(48640K)->48309K(48640K) Class: 8467K(8704K)->8467K(8704K)
[5.741s][info ][gc             ] GC(8) Pause Young (Allocation Failure) 1464M->200M(1554M) 103.649ms
[5.741s][info ][gc,cpu         ] GC(8) User=0.32s Sys=0.08s Real=0.10s
[5.741s][info ][safepoint      ] Safepoint "ParallelGCFailedAllocation", Time since last: 190784437 ns, Reaching safepoint: 192111 ns, At safepoint: 103785050 ns, Total: 103977161 ns
[6.070s][info ][gc,start       ] GC(9) Pause Young (Allocation Failure)
[6.167s][debug][gc,phases      ] GC(9) Scavenge 96.750ms
[6.167s][debug][gc,ref         ] GC(9) Skipped phase 1 of Reference Processing: no references
[6.167s][debug][gc,ref         ] GC(9) ReferenceProcessor::execute queues: 4, RefProcThreadModel::Multi, marks_oops_alive: false
[6.167s][debug][gc,ref         ] GC(9) Skipped phase 3 of Reference Processing: no references
[6.167s][debug][gc,ref         ] GC(9) ReferenceProcessor::execute queues: 1, RefProcThreadModel::Single, marks_oops_alive: false
[6.167s][debug][gc,phases      ] GC(9) Reference Processing 0.340ms
[6.167s][debug][gc,phases      ] GC(9)   VM Weak                        Min:  0.0, Avg:  0.0, Max:  0.0, Diff:  0.0, Sum:  0.0, Workers: 4
[6.167s][debug][gc,phases      ] GC(9)     Dead                           Min: 0, Avg:  0.0, Max: 0, Diff: 0, Sum: 0, Workers: 4
[6.167s][debug][gc,phases      ] GC(9)     Total                          Min: 0, Avg: 103.8, Max: 287, Diff: 287, Sum: 415, Workers: 4
[6.167s][debug][gc,phases      ] GC(9)   ObjectSynchronizer Weak        Min:  0.0, Avg:  0.0, Max:  0.0, Diff:  0.0, Sum:  0.0, Workers: 4
[6.167s][debug][gc,phases      ] GC(9)     Dead                           Min: 0, Avg:  0.2, Max: 1, Diff: 1, Sum: 1, Workers: 4
[6.167s][debug][gc,phases      ] GC(9)     Total                          Min: 0, Avg: 131.2, Max: 269, Diff: 269, Sum: 525, Workers: 4
[6.167s][debug][gc,phases      ] GC(9)   JVMTI Tag Weak OopStorage      Min:  0.0, Avg:  0.0, Max:  0.0, Diff:  0.0, Sum:  0.0, Workers: 4
[6.167s][debug][gc,phases      ] GC(9)     Dead                           Min: 0, Avg:  0.0, Max: 0, Diff: 0, Sum: 0, Workers: 4
[6.167s][debug][gc,phases      ] GC(9)     Total                          Min: 0, Avg:  0.0, Max: 0, Diff: 0, Sum: 0, Workers: 4
[6.167s][debug][gc,phases      ] GC(9)   StringTable Weak               Min:  0.3, Avg:  0.3, Max:  0.3, Diff:  0.0, Sum:  1.3, Workers: 4
[6.167s][debug][gc,phases      ] GC(9)     Dead                           Min: 0, Avg:  3.0, Max: 12, Diff: 12, Sum: 12, Workers: 4
[6.167s][debug][gc,phases      ] GC(9)     Total                          Min: 7296, Avg: 9814.0, Max: 12667, Diff: 5371, Sum: 39256, Workers: 4
[6.167s][debug][gc,phases      ] GC(9)   ResolvedMethodTable Weak       Min:  0.1, Avg:  0.1, Max:  0.1, Diff:  0.0, Sum:  0.2, Workers: 4
[6.167s][debug][gc,phases      ] GC(9)     Dead                           Min: 0, Avg:  0.0, Max: 0, Diff: 0, Sum: 0, Workers: 4
[6.167s][debug][gc,phases      ] GC(9)     Total                          Min: 1024, Avg: 1432.2, Max: 1953, Diff: 929, Sum: 5729, Workers: 4
[6.167s][debug][gc,phases      ] GC(9)   JNI Weak                       Min:  0.0, Avg:  0.0, Max:  0.0, Diff:  0.0, Sum:  0.0, Workers: 4
[6.167s][debug][gc,phases      ] GC(9)     Dead                           Min: 0, Avg:  0.0, Max: 0, Diff: 0, Sum: 0, Workers: 4
[6.167s][debug][gc,phases      ] GC(9)     Total                          Min: 0, Avg:  1.0, Max: 4, Diff: 4, Sum: 4, Workers: 4
[6.167s][debug][gc,phases      ] GC(9)   StringDedup Table Weak         Min:  0.0, Avg:  0.0, Max:  0.0, Diff:  0.0, Sum:  0.0, Workers: 4
[6.167s][debug][gc,phases      ] GC(9)     Dead                           Min: 0, Avg:  0.0, Max: 0, Diff: 0, Sum: 0, Workers: 4
[6.167s][debug][gc,phases      ] GC(9)     Total                          Min: 0, Avg:  0.0, Max: 0, Diff: 0, Sum: 0, Workers: 4
[6.167s][debug][gc,phases      ] GC(9)   StringDedup Requests0 Weak     Min:  0.0, Avg:  0.0, Max:  0.0, Diff:  0.0, Sum:  0.0, Workers: 4
[6.167s][debug][gc,phases      ] GC(9)     Dead                           Min: 0, Avg:  0.0, Max: 0, Diff: 0, Sum: 0, Workers: 4
[6.167s][debug][gc,phases      ] GC(9)     Total                          Min: 0, Avg:  0.0, Max: 0, Diff: 0, Sum: 0, Workers: 4
[6.167s][debug][gc,phases      ] GC(9)   StringDedup Requests1 Weak     Min:  0.0, Avg:  0.0, Max:  0.0, Diff:  0.0, Sum:  0.0, Workers: 4
[6.167s][debug][gc,phases      ] GC(9)     Dead                           Min: 0, Avg:  0.0, Max: 0, Diff: 0, Sum: 0, Workers: 4
[6.167s][debug][gc,phases      ] GC(9)     Total                          Min: 0, Avg:  0.0, Max: 0, Diff: 0, Sum: 0, Workers: 4
[6.167s][debug][gc,phases      ] GC(9)   Weak JFR Old Object Samples    Min:  0.0, Avg:  0.0, Max:  0.0, Diff:  0.0, Sum:  0.0, Workers: 4
[6.167s][debug][gc,phases      ] GC(9)     Dead                           Min: 0, Avg:  0.0, Max: 0, Diff: 0, Sum: 0, Workers: 4
[6.167s][debug][gc,phases      ] GC(9)     Total                          Min: 0, Avg:  0.0, Max: 0, Diff: 0, Sum: 0, Workers: 4
[6.167s][debug][gc,phases      ] GC(9) Weak Processing 0.587ms
[6.168s][debug][gc,age         ] GC(9) Desired survivor size 303562752 bytes, new threshold 10 (max threshold 15)
[6.168s][info ][gc,heap        ] GC(9) PSYoungGen: 1514984K(1572864K)->209525K(1783296K) Eden: 1315840K(1315840K)->0K(1504256K) From: 199144K(257024K)->209525K(279040K)
[6.168s][info ][gc,heap        ] GC(9) ParOldGen: 6139K(18944K)->6147K(18944K)
[6.168s][info ][gc,metaspace   ] GC(9) Metaspace: 56892K(57472K)->56892K(57472K) NonClass: 48425K(48768K)->48425K(48768K) Class: 8467K(8704K)->8467K(8704K)
[6.168s][info ][gc             ] GC(9) Pause Young (Allocation Failure) 1485M->210M(1760M) 97.816ms
[6.168s][info ][gc,cpu         ] GC(9) User=0.31s Sys=0.09s Real=0.10s
[6.168s][info ][safepoint      ] Safepoint "ParallelGCFailedAllocation", Time since last: 328309222 ns, Reaching safepoint: 170210 ns, At safepoint: 97947116 ns, Total: 98117326 ns
[6.407s][info ][gc,start       ] GC(10) Pause Young (Allocation Failure)
[6.499s][debug][gc,phases      ] GC(10) Scavenge 91.189ms
[6.499s][debug][gc,ref         ] GC(10) Skipped phase 1 of Reference Processing: no references
[6.499s][debug][gc,ref         ] GC(10) ReferenceProcessor::execute queues: 4, RefProcThreadModel::Multi, marks_oops_alive: false
[6.499s][debug][gc,ref         ] GC(10) Skipped phase 3 of Reference Processing: no references
[6.499s][debug][gc,ref         ] GC(10) ReferenceProcessor::execute queues: 1, RefProcThreadModel::Single, marks_oops_alive: false
[6.499s][debug][gc,phases      ] GC(10) Reference Processing 0.378ms
[6.499s][debug][gc,phases      ] GC(10)   VM Weak                        Min:  0.0, Avg:  0.0, Max:  0.0, Diff:  0.0, Sum:  0.0, Workers: 4
[6.499s][debug][gc,phases      ] GC(10)     Dead                           Min: 0, Avg:  0.0, Max: 0, Diff: 0, Sum: 0, Workers: 4
[6.499s][debug][gc,phases      ] GC(10)     Total                          Min: 0, Avg: 104.2, Max: 417, Diff: 417, Sum: 417, Workers: 4
[6.500s][debug][gc,phases      ] GC(10)   ObjectSynchronizer Weak        Min:  0.0, Avg:  0.0, Max:  0.0, Diff:  0.0, Sum:  0.0, Workers: 4
[6.500s][debug][gc,phases      ] GC(10)     Dead                           Min: 0, Avg:  0.0, Max: 0, Diff: 0, Sum: 0, Workers: 4
[6.500s][debug][gc,phases      ] GC(10)     Total                          Min: 0, Avg: 131.2, Max: 320, Diff: 320, Sum: 525, Workers: 4
[6.500s][debug][gc,phases      ] GC(10)   JVMTI Tag Weak OopStorage      Min:  0.0, Avg:  0.0, Max:  0.0, Diff:  0.0, Sum:  0.0, Workers: 4
[6.500s][debug][gc,phases      ] GC(10)     Dead                           Min: 0, Avg:  0.0, Max: 0, Diff: 0, Sum: 0, Workers: 4
[6.500s][debug][gc,phases      ] GC(10)     Total                          Min: 0, Avg:  0.0, Max: 0, Diff: 0, Sum: 0, Workers: 4
[6.500s][debug][gc,phases      ] GC(10)   StringTable Weak               Min:  0.4, Avg:  0.4, Max:  0.4, Diff:  0.0, Sum:  1.4, Workers: 4
[6.500s][debug][gc,phases      ] GC(10)     Dead                           Min: 0, Avg:  3.8, Max: 14, Diff: 14, Sum: 15, Workers: 4
[6.500s][debug][gc,phases      ] GC(10)     Total                          Min: 7423, Avg: 9871.0, Max: 12672, Diff: 5249, Sum: 39484, Workers: 4
[6.500s][debug][gc,phases      ] GC(10)   ResolvedMethodTable Weak       Min:  0.1, Avg:  0.1, Max:  0.1, Diff:  0.0, Sum:  0.2, Workers: 4
[6.500s][debug][gc,phases      ] GC(10)     Dead                           Min: 0, Avg:  5.2, Max: 12, Diff: 12, Sum: 21, Workers: 4
[6.500s][debug][gc,phases      ] GC(10)     Total                          Min: 960, Avg: 1458.5, Max: 2112, Diff: 1152, Sum: 5834, Workers: 4
[6.500s][debug][gc,phases      ] GC(10)   JNI Weak                       Min:  0.0, Avg:  0.0, Max:  0.0, Diff:  0.0, Sum:  0.0, Workers: 4
[6.500s][debug][gc,phases      ] GC(10)     Dead                           Min: 0, Avg:  0.0, Max: 0, Diff: 0, Sum: 0, Workers: 4
[6.500s][debug][gc,phases      ] GC(10)     Total                          Min: 0, Avg:  2.2, Max: 9, Diff: 9, Sum: 9, Workers: 4
[6.500s][debug][gc,phases      ] GC(10)   StringDedup Table Weak         Min:  0.0, Avg:  0.0, Max:  0.0, Diff:  0.0, Sum:  0.0, Workers: 4
[6.500s][debug][gc,phases      ] GC(10)     Dead                           Min: 0, Avg:  0.0, Max: 0, Diff: 0, Sum: 0, Workers: 4
[6.500s][debug][gc,phases      ] GC(10)     Total                          Min: 0, Avg:  0.0, Max: 0, Diff: 0, Sum: 0, Workers: 4
[6.500s][debug][gc,phases      ] GC(10)   StringDedup Requests0 Weak     Min:  0.0, Avg:  0.0, Max:  0.0, Diff:  0.0, Sum:  0.0, Workers: 4
[6.500s][debug][gc,phases      ] GC(10)     Dead                           Min: 0, Avg:  0.0, Max: 0, Diff: 0, Sum: 0, Workers: 4
[6.500s][debug][gc,phases      ] GC(10)     Total                          Min: 0, Avg:  0.0, Max: 0, Diff: 0, Sum: 0, Workers: 4
[6.500s][debug][gc,phases      ] GC(10)   StringDedup Requests1 Weak     Min:  0.0, Avg:  0.0, Max:  0.0, Diff:  0.0, Sum:  0.0, Workers: 4
[6.500s][debug][gc,phases      ] GC(10)     Dead                           Min: 0, Avg:  0.0, Max: 0, Diff: 0, Sum: 0, Workers: 4
[6.500s][debug][gc,phases      ] GC(10)     Total                          Min: 0, Avg:  0.0, Max: 0, Diff: 0, Sum: 0, Workers: 4
[6.500s][debug][gc,phases      ] GC(10)   Weak JFR Old Object Samples    Min:  0.0, Avg:  0.0, Max:  0.0, Diff:  0.0, Sum:  0.0, Workers: 4
[6.500s][debug][gc,phases      ] GC(10)     Dead                           Min: 0, Avg:  0.0, Max: 0, Diff: 0, Sum: 0, Workers: 4
[6.500s][debug][gc,phases      ] GC(10)     Total                          Min: 0, Avg:  0.0, Max: 0, Diff: 0, Sum: 0, Workers: 4
[6.500s][debug][gc,phases      ] GC(10) Weak Processing 0.619ms
[6.500s][debug][gc,age         ] GC(10) Desired survivor size 315621376 bytes, new threshold 11 (max threshold 15)
[6.500s][info ][gc,heap        ] GC(10) PSYoungGen: 1713781K(1783296K)->212792K(1717248K) Eden: 1504256K(1504256K)->0K(1504256K) From: 209525K(279040K)->212792K(212992K)
[6.500s][info ][gc,heap        ] GC(10) ParOldGen: 6147K(18944K)->6155K(18944K)
[6.500s][info ][gc,metaspace   ] GC(10) Metaspace: 57630K(58176K)->57630K(58176K) NonClass: 49061K(49344K)->49061K(49344K) Class: 8568K(8832K)->8568K(8832K)
[6.500s][info ][gc             ] GC(10) Pause Young (Allocation Failure) 1679M->213M(1695M) 92.336ms
[6.500s][info ][gc,cpu         ] GC(10) User=0.46s Sys=0.00s Real=0.09s
[6.500s][info ][safepoint      ] Safepoint "ParallelGCFailedAllocation", Time since last: 239461228 ns, Reaching safepoint: 197811 ns, At safepoint: 92457901 ns, Total: 92655712 ns
[6.795s][info ][gc,start       ] GC(11) Pause Young (Allocation Failure)
[6.876s][debug][gc,phases      ] GC(11) Scavenge 81.511ms
[6.876s][debug][gc,ref         ] GC(11) Skipped phase 1 of Reference Processing: no references
[6.876s][debug][gc,ref         ] GC(11) ReferenceProcessor::execute queues: 4, RefProcThreadModel::Multi, marks_oops_alive: false
[6.876s][debug][gc,ref         ] GC(11) Skipped phase 3 of Reference Processing: no references
[6.876s][debug][gc,ref         ] GC(11) ReferenceProcessor::execute queues: 1, RefProcThreadModel::Single, marks_oops_alive: false
[6.877s][debug][gc,phases      ] GC(11) Reference Processing 0.367ms
[6.877s][debug][gc,phases      ] GC(11)   VM Weak                        Min:  0.0, Avg:  0.0, Max:  0.0, Diff:  0.0, Sum:  0.0, Workers: 4
[6.877s][debug][gc,phases      ] GC(11)     Dead                           Min: 0, Avg:  0.0, Max: 0, Diff: 0, Sum: 0, Workers: 4
[6.877s][debug][gc,phases      ] GC(11)     Total                          Min: 0, Avg: 104.8, Max: 291, Diff: 291, Sum: 419, Workers: 4
[6.877s][debug][gc,phases      ] GC(11)   ObjectSynchronizer Weak        Min:  0.0, Avg:  0.0, Max:  0.0, Diff:  0.0, Sum:  0.0, Workers: 4
[6.877s][debug][gc,phases      ] GC(11)     Dead                           Min: 0, Avg:  0.0, Max: 0, Diff: 0, Sum: 0, Workers: 4
[6.877s][debug][gc,phases      ] GC(11)     Total                          Min: 13, Avg: 131.2, Max: 192, Diff: 179, Sum: 525, Workers: 4
[6.877s][debug][gc,phases      ] GC(11)   JVMTI Tag Weak OopStorage      Min:  0.0, Avg:  0.0, Max:  0.0, Diff:  0.0, Sum:  0.0, Workers: 4
[6.877s][debug][gc,phases      ] GC(11)     Dead                           Min: 0, Avg:  0.0, Max: 0, Diff: 0, Sum: 0, Workers: 4
[6.877s][debug][gc,phases      ] GC(11)     Total                          Min: 0, Avg:  0.0, Max: 0, Diff: 0, Sum: 0, Workers: 4
[6.877s][debug][gc,phases      ] GC(11)   StringTable Weak               Min:  0.4, Avg:  0.4, Max:  0.4, Diff:  0.0, Sum:  1.4, Workers: 4
[6.877s][debug][gc,phases      ] GC(11)     Dead                           Min: 0, Avg:  0.8, Max: 2, Diff: 2, Sum: 3, Workers: 4
[6.877s][debug][gc,phases      ] GC(11)     Total                          Min: 7424, Avg: 9934.5, Max: 13243, Diff: 5819, Sum: 39738, Workers: 4
[6.877s][debug][gc,phases      ] GC(11)   ResolvedMethodTable Weak       Min:  0.1, Avg:  0.1, Max:  0.1, Diff:  0.0, Sum:  0.2, Workers: 4
[6.877s][debug][gc,phases      ] GC(11)     Dead                           Min: 0, Avg:  3.5, Max: 12, Diff: 12, Sum: 14, Workers: 4
[6.877s][debug][gc,phases      ] GC(11)     Total                          Min: 1088, Avg: 1479.0, Max: 1792, Diff: 704, Sum: 5916, Workers: 4
[6.877s][debug][gc,phases      ] GC(11)   JNI Weak                       Min:  0.0, Avg:  0.0, Max:  0.0, Diff:  0.0, Sum:  0.0, Workers: 4
[6.877s][debug][gc,phases      ] GC(11)     Dead                           Min: 0, Avg:  0.0, Max: 0, Diff: 0, Sum: 0, Workers: 4
[6.877s][debug][gc,phases      ] GC(11)     Total                          Min: 0, Avg:  5.0, Max: 20, Diff: 20, Sum: 20, Workers: 4
[6.877s][debug][gc,phases      ] GC(11)   StringDedup Table Weak         Min:  0.0, Avg:  0.0, Max:  0.0, Diff:  0.0, Sum:  0.0, Workers: 4
[6.877s][debug][gc,phases      ] GC(11)     Dead                           Min: 0, Avg:  0.0, Max: 0, Diff: 0, Sum: 0, Workers: 4
[6.877s][debug][gc,phases      ] GC(11)     Total                          Min: 0, Avg:  0.0, Max: 0, Diff: 0, Sum: 0, Workers: 4
[6.877s][debug][gc,phases      ] GC(11)   StringDedup Requests0 Weak     Min:  0.0, Avg:  0.0, Max:  0.0, Diff:  0.0, Sum:  0.0, Workers: 4
[6.877s][debug][gc,phases      ] GC(11)     Dead                           Min: 0, Avg:  0.0, Max: 0, Diff: 0, Sum: 0, Workers: 4
[6.877s][debug][gc,phases      ] GC(11)     Total                          Min: 0, Avg:  0.0, Max: 0, Diff: 0, Sum: 0, Workers: 4
[6.877s][debug][gc,phases      ] GC(11)   StringDedup Requests1 Weak     Min:  0.0, Avg:  0.0, Max:  0.0, Diff:  0.0, Sum:  0.0, Workers: 4
[6.877s][debug][gc,phases      ] GC(11)     Dead                           Min: 0, Avg:  0.0, Max: 0, Diff: 0, Sum: 0, Workers: 4
[6.877s][debug][gc,phases      ] GC(11)     Total                          Min: 0, Avg:  0.0, Max: 0, Diff: 0, Sum: 0, Workers: 4
[6.877s][debug][gc,phases      ] GC(11)   Weak JFR Old Object Samples    Min:  0.0, Avg:  0.0, Max:  0.0, Diff:  0.0, Sum:  0.0, Workers: 4
[6.877s][debug][gc,phases      ] GC(11)     Dead                           Min: 0, Avg:  0.0, Max: 0, Diff: 0, Sum: 0, Workers: 4
[6.877s][debug][gc,phases      ] GC(11)     Total                          Min: 0, Avg:  0.0, Max: 0, Diff: 0, Sum: 0, Workers: 4
[6.877s][debug][gc,phases      ] GC(11) Weak Processing 0.593ms
[6.877s][debug][gc,age         ] GC(11) Desired survivor size 320864256 bytes, new threshold 12 (max threshold 15)
[6.877s][info ][gc,heap        ] GC(11) PSYoungGen: 1717048K(1717248K)->207670K(1778688K) Eden: 1504256K(1504256K)->0K(1470464K) From: 212792K(212992K)->207670K(308224K)
[6.877s][info ][gc,heap        ] GC(11) ParOldGen: 6155K(18944K)->6163K(18944K)
[6.877s][info ][gc,metaspace   ] GC(11) Metaspace: 58306K(58880K)->58306K(58880K) NonClass: 49641K(49984K)->49641K(49984K) Class: 8664K(8896K)->8664K(8896K)
[6.877s][info ][gc             ] GC(11) Pause Young (Allocation Failure) 1682M->208M(1755M) 82.616ms
[6.877s][info ][gc,cpu         ] GC(11) User=0.33s Sys=0.01s Real=0.08s
[6.877s][info ][safepoint      ] Safepoint "ParallelGCFailedAllocation", Time since last: 294567087 ns, Reaching safepoint: 188711 ns, At safepoint: 82727043 ns, Total: 82915754 ns
[7.177s][info ][safepoint      ] Safepoint "ICBufferFull", Time since last: 299099548 ns, Reaching safepoint: 271015 ns, At safepoint: 26902 ns, Total: 297917 ns
[7.202s][info ][gc,start       ] GC(12) Pause Young (Allocation Failure)
[7.283s][debug][gc,phases      ] GC(12) Scavenge 80.388ms
[7.283s][debug][gc,ref         ] GC(12) Skipped phase 1 of Reference Processing: no references
[7.283s][debug][gc,ref         ] GC(12) ReferenceProcessor::execute queues: 4, RefProcThreadModel::Multi, marks_oops_alive: false
[7.283s][debug][gc,ref         ] GC(12) Skipped phase 3 of Reference Processing: no references
[7.283s][debug][gc,ref         ] GC(12) ReferenceProcessor::execute queues: 1, RefProcThreadModel::Single, marks_oops_alive: false
[7.283s][debug][gc,phases      ] GC(12) Reference Processing 0.343ms
[7.284s][debug][gc,phases      ] GC(12)   VM Weak                        Min:  0.0, Avg:  0.0, Max:  0.0, Diff:  0.0, Sum:  0.0, Workers: 4
[7.284s][debug][gc,phases      ] GC(12)     Dead                           Min: 0, Avg:  0.0, Max: 0, Diff: 0, Sum: 0, Workers: 4
[7.284s][debug][gc,phases      ] GC(12)     Total                          Min: 0, Avg: 108.2, Max: 320, Diff: 320, Sum: 433, Workers: 4
[7.284s][debug][gc,phases      ] GC(12)   ObjectSynchronizer Weak        Min:  0.0, Avg:  0.0, Max:  0.0, Diff:  0.0, Sum:  0.0, Workers: 4
[7.284s][debug][gc,phases      ] GC(12)     Dead                           Min: 0, Avg:  0.0, Max: 0, Diff: 0, Sum: 0, Workers: 4
[7.284s][debug][gc,phases      ] GC(12)     Total                          Min: 0, Avg: 131.2, Max: 320, Diff: 320, Sum: 525, Workers: 4
[7.284s][debug][gc,phases      ] GC(12)   JVMTI Tag Weak OopStorage      Min:  0.0, Avg:  0.0, Max:  0.0, Diff:  0.0, Sum:  0.0, Workers: 4
[7.284s][debug][gc,phases      ] GC(12)     Dead                           Min: 0, Avg:  0.0, Max: 0, Diff: 0, Sum: 0, Workers: 4
[7.284s][debug][gc,phases      ] GC(12)     Total                          Min: 0, Avg:  0.0, Max: 0, Diff: 0, Sum: 0, Workers: 4
[7.284s][debug][gc,phases      ] GC(12)   StringTable Weak               Min:  0.3, Avg:  0.3, Max:  0.3, Diff:  0.0, Sum:  1.3, Workers: 4
[7.284s][debug][gc,phases      ] GC(12)     Dead                           Min: 0, Avg:  3.0, Max: 12, Diff: 12, Sum: 12, Workers: 4
[7.284s][debug][gc,phases      ] GC(12)     Total                          Min: 7360, Avg: 9962.2, Max: 12969, Diff: 5609, Sum: 39849, Workers: 4
[7.284s][debug][gc,phases      ] GC(12)   ResolvedMethodTable Weak       Min:  0.1, Avg:  0.1, Max:  0.1, Diff:  0.0, Sum:  0.2, Workers: 4
[7.284s][debug][gc,phases      ] GC(12)     Dead                           Min: 0, Avg:  1.0, Max: 3, Diff: 3, Sum: 4, Workers: 4
[7.284s][debug][gc,phases      ] GC(12)     Total                          Min: 994, Avg: 1496.0, Max: 1982, Diff: 988, Sum: 5984, Workers: 4
[7.284s][debug][gc,phases      ] GC(12)   JNI Weak                       Min:  0.0, Avg:  0.0, Max:  0.0, Diff:  0.0, Sum:  0.0, Workers: 4
[7.284s][debug][gc,phases      ] GC(12)     Dead                           Min: 0, Avg:  0.0, Max: 0, Diff: 0, Sum: 0, Workers: 4
[7.284s][debug][gc,phases      ] GC(12)     Total                          Min: 0, Avg:  8.5, Max: 32, Diff: 32, Sum: 34, Workers: 4
[7.284s][debug][gc,phases      ] GC(12)   StringDedup Table Weak         Min:  0.0, Avg:  0.0, Max:  0.0, Diff:  0.0, Sum:  0.0, Workers: 4
[7.284s][debug][gc,phases      ] GC(12)     Dead                           Min: 0, Avg:  0.0, Max: 0, Diff: 0, Sum: 0, Workers: 4
[7.284s][debug][gc,phases      ] GC(12)     Total                          Min: 0, Avg:  0.0, Max: 0, Diff: 0, Sum: 0, Workers: 4
[7.284s][debug][gc,phases      ] GC(12)   StringDedup Requests0 Weak     Min:  0.0, Avg:  0.0, Max:  0.0, Diff:  0.0, Sum:  0.0, Workers: 4
[7.284s][debug][gc,phases      ] GC(12)     Dead                           Min: 0, Avg:  0.0, Max: 0, Diff: 0, Sum: 0, Workers: 4
[7.284s][debug][gc,phases      ] GC(12)     Total                          Min: 0, Avg:  0.0, Max: 0, Diff: 0, Sum: 0, Workers: 4
[7.284s][debug][gc,phases      ] GC(12)   StringDedup Requests1 Weak     Min:  0.0, Avg:  0.0, Max:  0.0, Diff:  0.0, Sum:  0.0, Workers: 4
[7.284s][debug][gc,phases      ] GC(12)     Dead                           Min: 0, Avg:  0.0, Max: 0, Diff: 0, Sum: 0, Workers: 4
[7.284s][debug][gc,phases      ] GC(12)     Total                          Min: 0, Avg:  0.0, Max: 0, Diff: 0, Sum: 0, Workers: 4
[7.284s][debug][gc,phases      ] GC(12)   Weak JFR Old Object Samples    Min:  0.0, Avg:  0.0, Max:  0.0, Diff:  0.0, Sum:  0.0, Workers: 4
[7.284s][debug][gc,phases      ] GC(12)     Dead                           Min: 0, Avg:  0.0, Max: 0, Diff: 0, Sum: 0, Workers: 4
[7.284s][debug][gc,phases      ] GC(12)     Total                          Min: 0, Avg:  0.0, Max: 0, Diff: 0, Sum: 0, Workers: 4
[7.284s][debug][gc,phases      ] GC(12) Weak Processing 0.579ms
[7.284s][debug][gc,age         ] GC(12) Desired survivor size 322437120 bytes, new threshold 13 (max threshold 15)
[7.284s][info ][gc,heap        ] GC(12) PSYoungGen: 1678134K(1778688K)->205057K(1675776K) Eden: 1470464K(1470464K)->0K(1470464K) From: 207670K(308224K)->205057K(205312K)
[7.284s][info ][gc,heap        ] GC(12) ParOldGen: 6163K(18944K)->6171K(18944K)
[7.284s][info ][gc,metaspace   ] GC(12) Metaspace: 58772K(59328K)->58772K(59328K) NonClass: 50052K(50368K)->50052K(50368K) Class: 8719K(8960K)->8719K(8960K)
[7.284s][info ][gc             ] GC(12) Pause Young (Allocation Failure) 1644M->206M(1655M) 81.450ms
[7.284s][info ][gc,cpu         ] GC(12) User=0.32s Sys=0.00s Real=0.08s
[7.284s][info ][safepoint      ] Safepoint "ParallelGCFailedAllocation", Time since last: 25463559 ns, Reaching safepoint: 150909 ns, At safepoint: 81574377 ns, Total: 81725286 ns
[7.576s][info ][gc,start       ] GC(13) Pause Young (Allocation Failure)
[7.660s][debug][gc,phases      ] GC(13) Scavenge 84.314ms
[7.660s][debug][gc,ref         ] GC(13) Skipped phase 1 of Reference Processing: no references
[7.661s][debug][gc,ref         ] GC(13) ReferenceProcessor::execute queues: 4, RefProcThreadModel::Multi, marks_oops_alive: false
[7.661s][debug][gc,ref         ] GC(13) Skipped phase 3 of Reference Processing: no references
[7.661s][debug][gc,ref         ] GC(13) ReferenceProcessor::execute queues: 1, RefProcThreadModel::Single, marks_oops_alive: false
[7.661s][debug][gc,phases      ] GC(13) Reference Processing 0.376ms
[7.661s][debug][gc,phases      ] GC(13)   VM Weak                        Min:  0.0, Avg:  0.0, Max:  0.0, Diff:  0.0, Sum:  0.0, Workers: 4
[7.661s][debug][gc,phases      ] GC(13)     Dead                           Min: 0, Avg:  0.0, Max: 0, Diff: 0, Sum: 0, Workers: 4
[7.661s][debug][gc,phases      ] GC(13)     Total                          Min: 0, Avg: 108.2, Max: 369, Diff: 369, Sum: 433, Workers: 4
[7.661s][debug][gc,phases      ] GC(13)   ObjectSynchronizer Weak        Min:  0.0, Avg:  0.0, Max:  0.0, Diff:  0.0, Sum:  0.0, Workers: 4
[7.661s][debug][gc,phases      ] GC(13)     Dead                           Min: 0, Avg:  0.0, Max: 0, Diff: 0, Sum: 0, Workers: 4
[7.661s][debug][gc,phases      ] GC(13)     Total                          Min: 0, Avg: 131.2, Max: 269, Diff: 269, Sum: 525, Workers: 4
[7.661s][debug][gc,phases      ] GC(13)   JVMTI Tag Weak OopStorage      Min:  0.0, Avg:  0.0, Max:  0.0, Diff:  0.0, Sum:  0.0, Workers: 4
[7.661s][debug][gc,phases      ] GC(13)     Dead                           Min: 0, Avg:  0.0, Max: 0, Diff: 0, Sum: 0, Workers: 4
[7.661s][debug][gc,phases      ] GC(13)     Total                          Min: 0, Avg:  0.0, Max: 0, Diff: 0, Sum: 0, Workers: 4
[7.661s][debug][gc,phases      ] GC(13)   StringTable Weak               Min:  0.4, Avg:  0.4, Max:  0.4, Diff:  0.0, Sum:  1.5, Workers: 4
[7.661s][debug][gc,phases      ] GC(13)     Dead                           Min: 0, Avg:  3.0, Max: 12, Diff: 12, Sum: 12, Workers: 4
[7.661s][debug][gc,phases      ] GC(13)     Total                          Min: 8768, Avg: 9998.0, Max: 12920, Diff: 4152, Sum: 39992, Workers: 4
[7.661s][debug][gc,phases      ] GC(13)   ResolvedMethodTable Weak       Min:  0.1, Avg:  0.1, Max:  0.1, Diff:  0.0, Sum:  0.3, Workers: 4
[7.661s][debug][gc,phases      ] GC(13)     Dead                           Min: 0, Avg:  0.0, Max: 0, Diff: 0, Sum: 0, Workers: 4
[7.661s][debug][gc,phases      ] GC(13)     Total                          Min: 1214, Avg: 1498.5, Max: 1856, Diff: 642, Sum: 5994, Workers: 4
[7.661s][debug][gc,phases      ] GC(13)   JNI Weak                       Min:  0.0, Avg:  0.0, Max:  0.0, Diff:  0.0, Sum:  0.0, Workers: 4
[7.661s][debug][gc,phases      ] GC(13)     Dead                           Min: 0, Avg:  0.0, Max: 0, Diff: 0, Sum: 0, Workers: 4
[7.661s][debug][gc,phases      ] GC(13)     Total                          Min: 0, Avg:  5.2, Max: 21, Diff: 21, Sum: 21, Workers: 4
[7.661s][debug][gc,phases      ] GC(13)   StringDedup Table Weak         Min:  0.0, Avg:  0.0, Max:  0.0, Diff:  0.0, Sum:  0.0, Workers: 4
[7.661s][debug][gc,phases      ] GC(13)     Dead                           Min: 0, Avg:  0.0, Max: 0, Diff: 0, Sum: 0, Workers: 4
[7.661s][debug][gc,phases      ] GC(13)     Total                          Min: 0, Avg:  0.0, Max: 0, Diff: 0, Sum: 0, Workers: 4
[7.661s][debug][gc,phases      ] GC(13)   StringDedup Requests0 Weak     Min:  0.0, Avg:  0.0, Max:  0.0, Diff:  0.0, Sum:  0.0, Workers: 4
[7.661s][debug][gc,phases      ] GC(13)     Dead                           Min: 0, Avg:  0.0, Max: 0, Diff: 0, Sum: 0, Workers: 4
[7.661s][debug][gc,phases      ] GC(13)     Total                          Min: 0, Avg:  0.0, Max: 0, Diff: 0, Sum: 0, Workers: 4
[7.661s][debug][gc,phases      ] GC(13)   StringDedup Requests1 Weak     Min:  0.0, Avg:  0.0, Max:  0.0, Diff:  0.0, Sum:  0.0, Workers: 4
[7.661s][debug][gc,phases      ] GC(13)     Dead                           Min: 0, Avg:  0.0, Max: 0, Diff: 0, Sum: 0, Workers: 4
[7.661s][debug][gc,phases      ] GC(13)     Total                          Min: 0, Avg:  0.0, Max: 0, Diff: 0, Sum: 0, Workers: 4
[7.661s][debug][gc,phases      ] GC(13)   Weak JFR Old Object Samples    Min:  0.0, Avg:  0.0, Max:  0.0, Diff:  0.0, Sum:  0.0, Workers: 4
[7.661s][debug][gc,phases      ] GC(13)     Dead                           Min: 0, Avg:  0.0, Max: 0, Diff: 0, Sum: 0, Workers: 4
[7.661s][debug][gc,phases      ] GC(13)     Total                          Min: 0, Avg:  0.0, Max: 0, Diff: 0, Sum: 0, Workers: 4
[7.661s][debug][gc,phases      ] GC(13) Weak Processing 0.671ms
[7.661s][debug][gc,age         ] GC(13) Desired survivor size 322961408 bytes, new threshold 13 (max threshold 15)
[7.662s][info ][gc,heap        ] GC(13) PSYoungGen: 1675521K(1675776K)->205686K(1781248K) Eden: 1470464K(1470464K)->0K(1466368K) From: 205057K(205312K)->205686K(314880K)
[7.662s][info ][gc,heap        ] GC(13) ParOldGen: 6171K(18944K)->6179K(18944K)
[7.662s][info ][gc,metaspace   ] GC(13) Metaspace: 59091K(59648K)->59091K(59648K) NonClass: 50339K(50624K)->50339K(50624K) Class: 8751K(9024K)->8751K(9024K)
[7.662s][info ][gc             ] GC(13) Pause Young (Allocation Failure) 1642M->206M(1758M) 85.515ms
[7.662s][info ][gc,cpu         ] GC(13) User=0.35s Sys=0.00s Real=0.08s
[7.662s][info ][safepoint      ] Safepoint "ParallelGCFailedAllocation", Time since last: 291918936 ns, Reaching safepoint: 219712 ns, At safepoint: 85637910 ns, Total: 85857622 ns
[7.943s][info ][gc,start       ] GC(14) Pause Young (Allocation Failure)
[8.016s][debug][gc,phases      ] GC(14) Scavenge 72.681ms
[8.016s][debug][gc,ref         ] GC(14) Skipped phase 1 of Reference Processing: no references
[8.016s][debug][gc,ref         ] GC(14) ReferenceProcessor::execute queues: 4, RefProcThreadModel::Multi, marks_oops_alive: false
[8.016s][debug][gc,ref         ] GC(14) Skipped phase 3 of Reference Processing: no references
[8.016s][debug][gc,ref         ] GC(14) ReferenceProcessor::execute queues: 1, RefProcThreadModel::Single, marks_oops_alive: false
[8.016s][debug][gc,phases      ] GC(14) Reference Processing 0.307ms
[8.016s][debug][gc,phases      ] GC(14)   VM Weak                        Min:  0.0, Avg:  0.0, Max:  0.0, Diff:  0.0, Sum:  0.0, Workers: 4
[8.016s][debug][gc,phases      ] GC(14)     Dead                           Min: 0, Avg:  0.0, Max: 0, Diff: 0, Sum: 0, Workers: 4
[8.016s][debug][gc,phases      ] GC(14)     Total                          Min: 0, Avg: 108.2, Max: 305, Diff: 305, Sum: 433, Workers: 4
[8.016s][debug][gc,phases      ] GC(14)   ObjectSynchronizer Weak        Min:  0.0, Avg:  0.0, Max:  0.0, Diff:  0.0, Sum:  0.0, Workers: 4
[8.016s][debug][gc,phases      ] GC(14)     Dead                           Min: 0, Avg:  0.0, Max: 0, Diff: 0, Sum: 0, Workers: 4
[8.016s][debug][gc,phases      ] GC(14)     Total                          Min: 0, Avg: 131.2, Max: 205, Diff: 205, Sum: 525, Workers: 4
[8.016s][debug][gc,phases      ] GC(14)   JVMTI Tag Weak OopStorage      Min:  0.0, Avg:  0.0, Max:  0.0, Diff:  0.0, Sum:  0.0, Workers: 4
[8.016s][debug][gc,phases      ] GC(14)     Dead                           Min: 0, Avg:  0.0, Max: 0, Diff: 0, Sum: 0, Workers: 4
[8.016s][debug][gc,phases      ] GC(14)     Total                          Min: 0, Avg:  0.0, Max: 0, Diff: 0, Sum: 0, Workers: 4
[8.016s][debug][gc,phases      ] GC(14)   StringTable Weak               Min:  0.3, Avg:  0.3, Max:  0.3, Diff:  0.0, Sum:  1.2, Workers: 4
[8.016s][debug][gc,phases      ] GC(14)     Dead                           Min: 0, Avg:  3.0, Max: 8, Diff: 8, Sum: 12, Workers: 4
[8.016s][debug][gc,phases      ] GC(14)     Total                          Min: 9344, Avg: 9999.0, Max: 10688, Diff: 1344, Sum: 39996, Workers: 4
[8.016s][debug][gc,phases      ] GC(14)   ResolvedMethodTable Weak       Min:  0.0, Avg:  0.0, Max:  0.1, Diff:  0.0, Sum:  0.2, Workers: 4
[8.016s][debug][gc,phases      ] GC(14)     Dead                           Min: 0, Avg:  0.0, Max: 0, Diff: 0, Sum: 0, Workers: 4
[8.016s][debug][gc,phases      ] GC(14)     Total                          Min: 1387, Avg: 1498.5, Max: 1536, Diff: 149, Sum: 5994, Workers: 4
[8.016s][debug][gc,phases      ] GC(14)   JNI Weak                       Min:  0.0, Avg:  0.0, Max:  0.0, Diff:  0.0, Sum:  0.0, Workers: 4
[8.016s][debug][gc,phases      ] GC(14)     Dead                           Min: 0, Avg:  0.0, Max: 0, Diff: 0, Sum: 0, Workers: 4
[8.016s][debug][gc,phases      ] GC(14)     Total                          Min: 0, Avg:  6.2, Max: 24, Diff: 24, Sum: 25, Workers: 4
[8.016s][debug][gc,phases      ] GC(14)   StringDedup Table Weak         Min:  0.0, Avg:  0.0, Max:  0.0, Diff:  0.0, Sum:  0.0, Workers: 4
[8.016s][debug][gc,phases      ] GC(14)     Dead                           Min: 0, Avg:  0.0, Max: 0, Diff: 0, Sum: 0, Workers: 4
[8.017s][debug][gc,phases      ] GC(14)     Total                          Min: 0, Avg:  0.0, Max: 0, Diff: 0, Sum: 0, Workers: 4
[8.017s][debug][gc,phases      ] GC(14)   StringDedup Requests0 Weak     Min:  0.0, Avg:  0.0, Max:  0.0, Diff:  0.0, Sum:  0.0, Workers: 4
[8.017s][debug][gc,phases      ] GC(14)     Dead                           Min: 0, Avg:  0.0, Max: 0, Diff: 0, Sum: 0, Workers: 4
[8.017s][debug][gc,phases      ] GC(14)     Total                          Min: 0, Avg:  0.0, Max: 0, Diff: 0, Sum: 0, Workers: 4
[8.017s][debug][gc,phases      ] GC(14)   StringDedup Requests1 Weak     Min:  0.0, Avg:  0.0, Max:  0.0, Diff:  0.0, Sum:  0.0, Workers: 4
[8.017s][debug][gc,phases      ] GC(14)     Dead                           Min: 0, Avg:  0.0, Max: 0, Diff: 0, Sum: 0, Workers: 4
[8.017s][debug][gc,phases      ] GC(14)     Total                          Min: 0, Avg:  0.0, Max: 0, Diff: 0, Sum: 0, Workers: 4
[8.017s][debug][gc,phases      ] GC(14)   Weak JFR Old Object Samples    Min:  0.0, Avg:  0.0, Max:  0.0, Diff:  0.0, Sum:  0.0, Workers: 4
[8.017s][debug][gc,phases      ] GC(14)     Dead                           Min: 0, Avg:  0.0, Max: 0, Diff: 0, Sum: 0, Workers: 4
[8.017s][debug][gc,phases      ] GC(14)     Total                          Min: 0, Avg:  0.0, Max: 0, Diff: 0, Sum: 0, Workers: 4
[8.017s][debug][gc,phases      ] GC(14) Weak Processing 0.555ms
[8.017s][debug][gc,age         ] GC(14) Desired survivor size 322961408 bytes, new threshold 13 (max threshold 15)
[8.017s][info ][gc,heap        ] GC(14) PSYoungGen: 1672054K(1781248K)->207141K(1781760K) Eden: 1466368K(1466368K)->0K(1466368K) From: 205686K(314880K)->207141K(315392K)
[8.017s][info ][gc,heap        ] GC(14) ParOldGen: 6179K(18944K)->6187K(18944K)
[8.017s][info ][gc,metaspace   ] GC(14) Metaspace: 59123K(59712K)->59123K(59712K) NonClass: 50369K(50688K)->50369K(50688K) Class: 8753K(9024K)->8753K(9024K)
[8.017s][info ][gc             ] GC(14) Pause Young (Allocation Failure) 1638M->208M(1758M) 74.286ms
[8.017s][info ][gc,cpu         ] GC(14) User=0.30s Sys=0.00s Real=0.07s
[8.017s][info ][safepoint      ] Safepoint "ParallelGCFailedAllocation", Time since last: 281082318 ns, Reaching safepoint: 201511 ns, At safepoint: 74406774 ns, Total: 74608285 ns
[8.316s][info ][safepoint      ] Safepoint "ICBufferFull", Time since last: 298319437 ns, Reaching safepoint: 269115 ns, At safepoint: 32502 ns, Total: 301617 ns
[8.346s][info ][gc,start       ] GC(15) Pause Young (Allocation Failure)
[8.418s][debug][gc,phases      ] GC(15) Scavenge 71.885ms
[8.418s][debug][gc,ref         ] GC(15) Skipped phase 1 of Reference Processing: no references
[8.418s][debug][gc,ref         ] GC(15) ReferenceProcessor::execute queues: 4, RefProcThreadModel::Multi, marks_oops_alive: false
[8.418s][debug][gc,ref         ] GC(15) Skipped phase 3 of Reference Processing: no references
[8.418s][debug][gc,ref         ] GC(15) ReferenceProcessor::execute queues: 1, RefProcThreadModel::Single, marks_oops_alive: false
[8.418s][debug][gc,phases      ] GC(15) Reference Processing 0.327ms
[8.419s][debug][gc,phases      ] GC(15)   VM Weak                        Min:  0.0, Avg:  0.0, Max:  0.0, Diff:  0.0, Sum:  0.0, Workers: 4
[8.419s][debug][gc,phases      ] GC(15)     Dead                           Min: 0, Avg:  0.0, Max: 0, Diff: 0, Sum: 0, Workers: 4
[8.419s][debug][gc,phases      ] GC(15)     Total                          Min: 0, Avg: 108.2, Max: 192, Diff: 192, Sum: 433, Workers: 4
[8.419s][debug][gc,phases      ] GC(15)   ObjectSynchronizer Weak        Min:  0.0, Avg:  0.0, Max:  0.0, Diff:  0.0, Sum:  0.0, Workers: 4
[8.419s][debug][gc,phases      ] GC(15)     Dead                           Min: 0, Avg:  0.0, Max: 0, Diff: 0, Sum: 0, Workers: 4
[8.419s][debug][gc,phases      ] GC(15)     Total                          Min: 0, Avg: 131.2, Max: 192, Diff: 192, Sum: 525, Workers: 4
[8.419s][debug][gc,phases      ] GC(15)   JVMTI Tag Weak OopStorage      Min:  0.0, Avg:  0.0, Max:  0.0, Diff:  0.0, Sum:  0.0, Workers: 4
[8.419s][debug][gc,phases      ] GC(15)     Dead                           Min: 0, Avg:  0.0, Max: 0, Diff: 0, Sum: 0, Workers: 4
[8.419s][debug][gc,phases      ] GC(15)     Total                          Min: 0, Avg:  0.0, Max: 0, Diff: 0, Sum: 0, Workers: 4
[8.419s][debug][gc,phases      ] GC(15)   StringTable Weak               Min:  0.3, Avg:  0.3, Max:  0.3, Diff:  0.0, Sum:  1.2, Workers: 4
[8.419s][debug][gc,phases      ] GC(15)     Dead                           Min: 0, Avg:  0.0, Max: 0, Diff: 0, Sum: 0, Workers: 4
[8.419s][debug][gc,phases      ] GC(15)     Total                          Min: 9664, Avg: 10000.0, Max: 10176, Diff: 512, Sum: 40000, Workers: 4
[8.419s][debug][gc,phases      ] GC(15)   ResolvedMethodTable Weak       Min:  0.0, Avg:  0.0, Max:  0.0, Diff:  0.0, Sum:  0.2, Workers: 4
[8.419s][debug][gc,phases      ] GC(15)     Dead                           Min: 0, Avg:  0.0, Max: 0, Diff: 0, Sum: 0, Workers: 4
[8.419s][debug][gc,phases      ] GC(15)     Total                          Min: 1471, Avg: 1498.5, Max: 1535, Diff: 64, Sum: 5994, Workers: 4
[8.419s][debug][gc,phases      ] GC(15)   JNI Weak                       Min:  0.0, Avg:  0.0, Max:  0.0, Diff:  0.0, Sum:  0.0, Workers: 4
[8.419s][debug][gc,phases      ] GC(15)     Dead                           Min: 0, Avg:  0.0, Max: 0, Diff: 0, Sum: 0, Workers: 4
[8.419s][debug][gc,phases      ] GC(15)     Total                          Min: 0, Avg:  2.5, Max: 10, Diff: 10, Sum: 10, Workers: 4
[8.419s][debug][gc,phases      ] GC(15)   StringDedup Table Weak         Min:  0.0, Avg:  0.0, Max:  0.0, Diff:  0.0, Sum:  0.0, Workers: 4
[8.419s][debug][gc,phases      ] GC(15)     Dead                           Min: 0, Avg:  0.0, Max: 0, Diff: 0, Sum: 0, Workers: 4
[8.419s][debug][gc,phases      ] GC(15)     Total                          Min: 0, Avg:  0.0, Max: 0, Diff: 0, Sum: 0, Workers: 4
[8.419s][debug][gc,phases      ] GC(15)   StringDedup Requests0 Weak     Min:  0.0, Avg:  0.0, Max:  0.0, Diff:  0.0, Sum:  0.0, Workers: 4
[8.419s][debug][gc,phases      ] GC(15)     Dead                           Min: 0, Avg:  0.0, Max: 0, Diff: 0, Sum: 0, Workers: 4
[8.419s][debug][gc,phases      ] GC(15)     Total                          Min: 0, Avg:  0.0, Max: 0, Diff: 0, Sum: 0, Workers: 4
[8.419s][debug][gc,phases      ] GC(15)   StringDedup Requests1 Weak     Min:  0.0, Avg:  0.0, Max:  0.0, Diff:  0.0, Sum:  0.0, Workers: 4
[8.419s][debug][gc,phases      ] GC(15)     Dead                           Min: 0, Avg:  0.0, Max: 0, Diff: 0, Sum: 0, Workers: 4
[8.419s][debug][gc,phases      ] GC(15)     Total                          Min: 0, Avg:  0.0, Max: 0, Diff: 0, Sum: 0, Workers: 4
[8.419s][debug][gc,phases      ] GC(15)   Weak JFR Old Object Samples    Min:  0.0, Avg:  0.0, Max:  0.0, Diff:  0.0, Sum:  0.0, Workers: 4
[8.419s][debug][gc,phases      ] GC(15)     Dead                           Min: 0, Avg:  0.0, Max: 0, Diff: 0, Sum: 0, Workers: 4
[8.419s][debug][gc,phases      ] GC(15)     Total                          Min: 0, Avg:  0.0, Max: 0, Diff: 0, Sum: 0, Workers: 4
[8.419s][debug][gc,phases      ] GC(15) Weak Processing 0.551ms
[8.419s][debug][gc,age         ] GC(15) Desired survivor size 322437120 bytes, new threshold 13 (max threshold 15)
[8.419s][info ][gc,heap        ] GC(15) PSYoungGen: 1673509K(1781760K)->208696K(1782272K) Eden: 1466368K(1466368K)->0K(1466880K) From: 207141K(315392K)->208696K(315392K)
[8.419s][info ][gc,heap        ] GC(15) ParOldGen: 6187K(18944K)->6195K(18944K)
[8.419s][info ][gc,metaspace   ] GC(15) Metaspace: 59136K(59712K)->59136K(59712K) NonClass: 50381K(50688K)->50381K(50688K) Class: 8754K(9024K)->8754K(9024K)
[8.419s][info ][gc             ] GC(15) Pause Young (Allocation Failure) 1640M->209M(1759M) 72.918ms
[8.419s][info ][gc,cpu         ] GC(15) User=0.30s Sys=0.00s Real=0.07s
[8.419s][info ][safepoint      ] Safepoint "ParallelGCFailedAllocation", Time since last: 30064927 ns, Reaching safepoint: 120507 ns, At safepoint: 73033195 ns, Total: 73153702 ns
[8.584s][info ][safepoint      ] Safepoint "ICBufferFull", Time since last: 164211633 ns, Reaching safepoint: 223013 ns, At safepoint: 28201 ns, Total: 251214 ns
[8.657s][info ][gc,start       ] GC(16) Pause Young (Allocation Failure)
[8.729s][debug][gc,phases      ] GC(16) Scavenge 72.376ms
[8.729s][debug][gc,ref         ] GC(16) Skipped phase 1 of Reference Processing: no references
[8.730s][debug][gc,ref         ] GC(16) ReferenceProcessor::execute queues: 4, RefProcThreadModel::Multi, marks_oops_alive: false
[8.730s][debug][gc,ref         ] GC(16) Skipped phase 3 of Reference Processing: no references
[8.730s][debug][gc,ref         ] GC(16) ReferenceProcessor::execute queues: 1, RefProcThreadModel::Single, marks_oops_alive: false
[8.730s][debug][gc,phases      ] GC(16) Reference Processing 0.314ms
[8.730s][debug][gc,phases      ] GC(16)   VM Weak                        Min:  0.0, Avg:  0.0, Max:  0.0, Diff:  0.0, Sum:  0.0, Workers: 4
[8.730s][debug][gc,phases      ] GC(16)     Dead                           Min: 0, Avg:  0.0, Max: 0, Diff: 0, Sum: 0, Workers: 4
[8.730s][debug][gc,phases      ] GC(16)     Total                          Min: 0, Avg: 108.2, Max: 256, Diff: 256, Sum: 433, Workers: 4
[8.730s][debug][gc,phases      ] GC(16)   ObjectSynchronizer Weak        Min:  0.0, Avg:  0.0, Max:  0.0, Diff:  0.0, Sum:  0.0, Workers: 4
[8.730s][debug][gc,phases      ] GC(16)     Dead                           Min: 0, Avg:  0.0, Max: 0, Diff: 0, Sum: 0, Workers: 4
[8.730s][debug][gc,phases      ] GC(16)     Total                          Min: 0, Avg: 131.2, Max: 269, Diff: 269, Sum: 525, Workers: 4
[8.730s][debug][gc,phases      ] GC(16)   JVMTI Tag Weak OopStorage      Min:  0.0, Avg:  0.0, Max:  0.0, Diff:  0.0, Sum:  0.0, Workers: 4
[8.730s][debug][gc,phases      ] GC(16)     Dead                           Min: 0, Avg:  0.0, Max: 0, Diff: 0, Sum: 0, Workers: 4
[8.730s][debug][gc,phases      ] GC(16)     Total                          Min: 0, Avg:  0.0, Max: 0, Diff: 0, Sum: 0, Workers: 4
[8.730s][debug][gc,phases      ] GC(16)   StringTable Weak               Min:  0.3, Avg:  0.3, Max:  0.3, Diff:  0.0, Sum:  1.2, Workers: 4
[8.730s][debug][gc,phases      ] GC(16)     Dead                           Min: 0, Avg:  3.0, Max: 12, Diff: 12, Sum: 12, Workers: 4
[8.730s][debug][gc,phases      ] GC(16)     Total                          Min: 9600, Avg: 10004.8, Max: 10527, Diff: 927, Sum: 40019, Workers: 4
[8.730s][debug][gc,phases      ] GC(16)   ResolvedMethodTable Weak       Min:  0.0, Avg:  0.0, Max:  0.0, Diff:  0.0, Sum:  0.2, Workers: 4
[8.730s][debug][gc,phases      ] GC(16)     Dead                           Min: 0, Avg:  0.0, Max: 0, Diff: 0, Sum: 0, Workers: 4
[8.730s][debug][gc,phases      ] GC(16)     Total                          Min: 1407, Avg: 1498.5, Max: 1600, Diff: 193, Sum: 5994, Workers: 4
[8.730s][debug][gc,phases      ] GC(16)   JNI Weak                       Min:  0.0, Avg:  0.0, Max:  0.0, Diff:  0.0, Sum:  0.0, Workers: 4
[8.730s][debug][gc,phases      ] GC(16)     Dead                           Min: 0, Avg:  0.0, Max: 0, Diff: 0, Sum: 0, Workers: 4
[8.730s][debug][gc,phases      ] GC(16)     Total                          Min: 0, Avg:  1.2, Max: 5, Diff: 5, Sum: 5, Workers: 4
[8.730s][debug][gc,phases      ] GC(16)   StringDedup Table Weak         Min:  0.0, Avg:  0.0, Max:  0.0, Diff:  0.0, Sum:  0.0, Workers: 4
[8.730s][debug][gc,phases      ] GC(16)     Dead                           Min: 0, Avg:  0.0, Max: 0, Diff: 0, Sum: 0, Workers: 4
[8.730s][debug][gc,phases      ] GC(16)     Total                          Min: 0, Avg:  0.0, Max: 0, Diff: 0, Sum: 0, Workers: 4
[8.730s][debug][gc,phases      ] GC(16)   StringDedup Requests0 Weak     Min:  0.0, Avg:  0.0, Max:  0.0, Diff:  0.0, Sum:  0.0, Workers: 4
[8.730s][debug][gc,phases      ] GC(16)     Dead                           Min: 0, Avg:  0.0, Max: 0, Diff: 0, Sum: 0, Workers: 4
[8.730s][debug][gc,phases      ] GC(16)     Total                          Min: 0, Avg:  0.0, Max: 0, Diff: 0, Sum: 0, Workers: 4
[8.730s][debug][gc,phases      ] GC(16)   StringDedup Requests1 Weak     Min:  0.0, Avg:  0.0, Max:  0.0, Diff:  0.0, Sum:  0.0, Workers: 4
[8.730s][debug][gc,phases      ] GC(16)     Dead                           Min: 0, Avg:  0.0, Max: 0, Diff: 0, Sum: 0, Workers: 4
[8.730s][debug][gc,phases      ] GC(16)     Total                          Min: 0, Avg:  0.0, Max: 0, Diff: 0, Sum: 0, Workers: 4
[8.730s][debug][gc,phases      ] GC(16)   Weak JFR Old Object Samples    Min:  0.0, Avg:  0.0, Max:  0.0, Diff:  0.0, Sum:  0.0, Workers: 4
[8.730s][debug][gc,phases      ] GC(16)     Dead                           Min: 0, Avg:  0.0, Max: 0, Diff: 0, Sum: 0, Workers: 4
[8.730s][debug][gc,phases      ] GC(16)     Total                          Min: 0, Avg:  0.0, Max: 0, Diff: 0, Sum: 0, Workers: 4
[8.730s][debug][gc,phases      ] GC(16) Weak Processing 0.530ms
[8.730s][debug][gc,age         ] GC(16) Desired survivor size 313524224 bytes, new threshold 13 (max threshold 15)
[8.730s][info ][gc,heap        ] GC(16) PSYoungGen: 1675576K(1782272K)->190367K(1781760K) Eden: 1466880K(1466880K)->0K(1466880K) From: 208696K(315392K)->190367K(314880K)
[8.730s][info ][gc,heap        ] GC(16) ParOldGen: 6195K(18944K)->26588K(29696K)
[8.730s][info ][gc,metaspace   ] GC(16) Metaspace: 59140K(59712K)->59140K(59712K) NonClass: 50386K(50688K)->50386K(50688K) Class: 8754K(9024K)->8754K(9024K)
[8.730s][info ][gc             ] GC(16) Pause Young (Allocation Failure) 1642M->211M(1769M) 73.390ms
[8.730s][info ][gc,cpu         ] GC(16) User=0.28s Sys=0.00s Real=0.07s
[8.730s][debug][gc,phases      ] GC(17) Pre Compact 0.011ms
[8.730s][info ][gc,start       ] GC(17) Pause Full (Ergonomics)
[8.730s][info ][gc,phases,start] GC(17) Marking Phase
[8.807s][debug][gc,phases      ] GC(17) Par Mark 76.963ms
[8.807s][debug][gc,ref         ] GC(17) Skipped phase 1 of Reference Processing: no references
[8.808s][debug][gc,ref         ] GC(17) ReferenceProcessor::execute queues: 4, RefProcThreadModel::Multi, marks_oops_alive: false
[8.808s][debug][gc,ref         ] GC(17) Skipped phase 3 of Reference Processing: no references
[8.808s][debug][gc,ref         ] GC(17) ReferenceProcessor::execute queues: 1, RefProcThreadModel::Single, marks_oops_alive: false
[8.808s][debug][gc,phases      ] GC(17) Reference Processing 0.260ms
[8.808s][debug][gc,phases      ] GC(17)   VM Weak                        Min:  0.0, Avg:  0.0, Max:  0.0, Diff:  0.0, Sum:  0.0, Workers: 4
[8.808s][debug][gc,phases      ] GC(17)     Dead                           Min: 0, Avg:  0.0, Max: 0, Diff: 0, Sum: 0, Workers: 4
[8.808s][debug][gc,phases      ] GC(17)     Total                          Min: 0, Avg: 108.2, Max: 320, Diff: 320, Sum: 433, Workers: 4
[8.808s][debug][gc,phases      ] GC(17)   ObjectSynchronizer Weak        Min:  0.0, Avg:  0.0, Max:  0.0, Diff:  0.0, Sum:  0.0, Workers: 4
[8.808s][debug][gc,phases      ] GC(17)     Dead                           Min: 0, Avg:  0.0, Max: 0, Diff: 0, Sum: 0, Workers: 4
[8.808s][debug][gc,phases      ] GC(17)     Total                          Min: 0, Avg: 131.2, Max: 320, Diff: 320, Sum: 525, Workers: 4
[8.808s][debug][gc,phases      ] GC(17)   JVMTI Tag Weak OopStorage      Min:  0.0, Avg:  0.0, Max:  0.0, Diff:  0.0, Sum:  0.0, Workers: 4
[8.808s][debug][gc,phases      ] GC(17)     Dead                           Min: 0, Avg:  0.0, Max: 0, Diff: 0, Sum: 0, Workers: 4
[8.808s][debug][gc,phases      ] GC(17)     Total                          Min: 0, Avg:  0.0, Max: 0, Diff: 0, Sum: 0, Workers: 4
[8.808s][debug][gc,phases      ] GC(17)   StringTable Weak               Min:  0.1, Avg:  0.1, Max:  0.1, Diff:  0.0, Sum:  0.5, Workers: 4
[8.808s][debug][gc,phases      ] GC(17)     Dead                           Min: 0, Avg:  0.0, Max: 0, Diff: 0, Sum: 0, Workers: 4
[8.808s][debug][gc,phases      ] GC(17)     Total                          Min: 8415, Avg: 10004.8, Max: 11388, Diff: 2973, Sum: 40019, Workers: 4
[8.808s][debug][gc,phases      ] GC(17)   ResolvedMethodTable Weak       Min:  0.0, Avg:  0.0, Max:  0.0, Diff:  0.0, Sum:  0.1, Workers: 4
[8.808s][debug][gc,phases      ] GC(17)     Dead                           Min: 0, Avg:  0.0, Max: 0, Diff: 0, Sum: 0, Workers: 4
[8.808s][debug][gc,phases      ] GC(17)     Total                          Min: 1259, Avg: 1498.5, Max: 1664, Diff: 405, Sum: 5994, Workers: 4
[8.808s][debug][gc,phases      ] GC(17)   JNI Weak                       Min:  0.0, Avg:  0.0, Max:  0.0, Diff:  0.0, Sum:  0.0, Workers: 4
[8.808s][debug][gc,phases      ] GC(17)     Dead                           Min: 0, Avg:  0.0, Max: 0, Diff: 0, Sum: 0, Workers: 4
[8.808s][debug][gc,phases      ] GC(17)     Total                          Min: 0, Avg:  1.2, Max: 5, Diff: 5, Sum: 5, Workers: 4
[8.808s][debug][gc,phases      ] GC(17)   StringDedup Table Weak         Min:  0.0, Avg:  0.0, Max:  0.0, Diff:  0.0, Sum:  0.0, Workers: 4
[8.808s][debug][gc,phases      ] GC(17)     Dead                           Min: 0, Avg:  0.0, Max: 0, Diff: 0, Sum: 0, Workers: 4
[8.808s][debug][gc,phases      ] GC(17)     Total                          Min: 0, Avg:  0.0, Max: 0, Diff: 0, Sum: 0, Workers: 4
[8.808s][debug][gc,phases      ] GC(17)   StringDedup Requests0 Weak     Min:  0.0, Avg:  0.0, Max:  0.0, Diff:  0.0, Sum:  0.0, Workers: 4
[8.808s][debug][gc,phases      ] GC(17)     Dead                           Min: 0, Avg:  0.0, Max: 0, Diff: 0, Sum: 0, Workers: 4
[8.808s][debug][gc,phases      ] GC(17)     Total                          Min: 0, Avg:  0.0, Max: 0, Diff: 0, Sum: 0, Workers: 4
[8.808s][debug][gc,phases      ] GC(17)   StringDedup Requests1 Weak     Min:  0.0, Avg:  0.0, Max:  0.0, Diff:  0.0, Sum:  0.0, Workers: 4
[8.808s][debug][gc,phases      ] GC(17)     Dead                           Min: 0, Avg:  0.0, Max: 0, Diff: 0, Sum: 0, Workers: 4
[8.808s][debug][gc,phases      ] GC(17)     Total                          Min: 0, Avg:  0.0, Max: 0, Diff: 0, Sum: 0, Workers: 4
[8.808s][debug][gc,phases      ] GC(17)   Weak JFR Old Object Samples    Min:  0.0, Avg:  0.0, Max:  0.0, Diff:  0.0, Sum:  0.0, Workers: 4
[8.808s][debug][gc,phases      ] GC(17)     Dead                           Min: 0, Avg:  0.0, Max: 0, Diff: 0, Sum: 0, Workers: 4
[8.808s][debug][gc,phases      ] GC(17)     Total                          Min: 0, Avg:  0.0, Max: 0, Diff: 0, Sum: 0, Workers: 4
[8.808s][debug][gc,phases      ] GC(17) Weak Processing 0.349ms
[8.808s][debug][gc,phases      ] GC(17) ClassLoaderData 0.062ms
[8.808s][debug][gc,phases      ] GC(17) Trigger cleanups 0.000ms
[8.815s][debug][gc,phases      ] GC(17) Class Unloading 7.345ms
[8.815s][info ][gc,phases      ] GC(17) Marking Phase 85.056ms
[8.815s][info ][gc,phases,start] GC(17) Summary Phase
[8.815s][info ][gc,phases      ] GC(17) Summary Phase 0.009ms
[8.815s][info ][gc,phases,start] GC(17) Adjust Roots
[8.825s][info ][gc,phases      ] GC(17) Adjust Roots 9.473ms
[8.825s][info ][gc,phases,start] GC(17) Compaction Phase
[9.138s][info ][gc,phases      ] GC(17) Compaction Phase 312.747ms
[9.138s][info ][gc,phases,start] GC(17) Post Compact
[9.139s][info ][gc,phases      ] GC(17) Post Compact 1.276ms
[9.139s][info ][gc,heap        ] GC(17) PSYoungGen: 190367K(1781760K)->186920K(1781760K) Eden: 0K(1466880K)->0K(1466880K) From: 190367K(314880K)->186920K(314880K)
[9.139s][info ][gc,heap        ] GC(17) ParOldGen: 26588K(29696K)->29506K(55296K)
[9.139s][info ][gc,metaspace   ] GC(17) Metaspace: 59140K(59712K)->59140K(59712K) NonClass: 50386K(50688K)->50386K(50688K) Class: 8754K(9024K)->8754K(9024K)
[9.139s][info ][gc             ] GC(17) Pause Full (Ergonomics) 211M->211M(1794M) 408.747ms
[9.139s][info ][gc,cpu         ] GC(17) User=1.52s Sys=0.00s Real=0.41s
[9.139s][info ][safepoint      ] Safepoint "ParallelGCFailedAllocation", Time since last: 72878887 ns, Reaching safepoint: 442325 ns, At safepoint: 482557075 ns, Total: 482999400 ns
[9.463s][info ][gc,start       ] GC(18) Pause Young (Allocation Failure)
[9.548s][debug][gc,phases      ] GC(18) Scavenge 84.017ms
[9.548s][debug][gc,ref         ] GC(18) Skipped phase 1 of Reference Processing: no references
[9.548s][debug][gc,ref         ] GC(18) ReferenceProcessor::execute queues: 1, RefProcThreadModel::Single, marks_oops_alive: false
[9.548s][debug][gc,ref         ] GC(18) Skipped phase 3 of Reference Processing: no references
[9.548s][debug][gc,ref         ] GC(18) Skipped phase 4 of Reference Processing: no references
[9.548s][debug][gc,phases      ] GC(18) Reference Processing 0.124ms
[9.548s][debug][gc,phases      ] GC(18)   VM Weak                        Min:  0.0, Avg:  0.0, Max:  0.0, Diff:  0.0, Sum:  0.0, Workers: 4
[9.548s][debug][gc,phases      ] GC(18)     Dead                           Min: 0, Avg:  0.0, Max: 0, Diff: 0, Sum: 0, Workers: 4
[9.548s][debug][gc,phases      ] GC(18)     Total                          Min: 0, Avg: 109.0, Max: 256, Diff: 256, Sum: 436, Workers: 4
[9.548s][debug][gc,phases      ] GC(18)   ObjectSynchronizer Weak        Min:  0.0, Avg:  0.0, Max:  0.0, Diff:  0.0, Sum:  0.0, Workers: 4
[9.548s][debug][gc,phases      ] GC(18)     Dead                           Min: 0, Avg:  0.0, Max: 0, Diff: 0, Sum: 0, Workers: 4
[9.548s][debug][gc,phases      ] GC(18)     Total                          Min: 0, Avg: 131.2, Max: 205, Diff: 205, Sum: 525, Workers: 4
[9.548s][debug][gc,phases      ] GC(18)   JVMTI Tag Weak OopStorage      Min:  0.0, Avg:  0.0, Max:  0.0, Diff:  0.0, Sum:  0.0, Workers: 4
[9.548s][debug][gc,phases      ] GC(18)     Dead                           Min: 0, Avg:  0.0, Max: 0, Diff: 0, Sum: 0, Workers: 4
[9.548s][debug][gc,phases      ] GC(18)     Total                          Min: 0, Avg:  0.0, Max: 0, Diff: 0, Sum: 0, Workers: 4
[9.548s][debug][gc,phases      ] GC(18)   StringTable Weak               Min:  0.3, Avg:  0.3, Max:  0.3, Diff:  0.0, Sum:  1.1, Workers: 4
[9.548s][debug][gc,phases      ] GC(18)     Dead                           Min: 0, Avg:  3.0, Max: 12, Diff: 12, Sum: 12, Workers: 4
[9.548s][debug][gc,phases      ] GC(18)     Total                          Min: 8758, Avg: 10013.5, Max: 10944, Diff: 2186, Sum: 40054, Workers: 4
[9.548s][debug][gc,phases      ] GC(18)   ResolvedMethodTable Weak       Min:  0.0, Avg:  0.0, Max:  0.0, Diff:  0.0, Sum:  0.2, Workers: 4
[9.548s][debug][gc,phases      ] GC(18)     Dead                           Min: 0, Avg:  0.0, Max: 0, Diff: 0, Sum: 0, Workers: 4
[9.548s][debug][gc,phases      ] GC(18)     Total                          Min: 1343, Avg: 1498.5, Max: 1727, Diff: 384, Sum: 5994, Workers: 4
[9.548s][debug][gc,phases      ] GC(18)   JNI Weak                       Min:  0.0, Avg:  0.0, Max:  0.0, Diff:  0.0, Sum:  0.0, Workers: 4
[9.548s][debug][gc,phases      ] GC(18)     Dead                           Min: 0, Avg:  0.0, Max: 0, Diff: 0, Sum: 0, Workers: 4
[9.548s][debug][gc,phases      ] GC(18)     Total                          Min: 0, Avg:  2.0, Max: 8, Diff: 8, Sum: 8, Workers: 4
[9.548s][debug][gc,phases      ] GC(18)   StringDedup Table Weak         Min:  0.0, Avg:  0.0, Max:  0.0, Diff:  0.0, Sum:  0.0, Workers: 4
[9.548s][debug][gc,phases      ] GC(18)     Dead                           Min: 0, Avg:  0.0, Max: 0, Diff: 0, Sum: 0, Workers: 4
[9.548s][debug][gc,phases      ] GC(18)     Total                          Min: 0, Avg:  0.0, Max: 0, Diff: 0, Sum: 0, Workers: 4
[9.548s][debug][gc,phases      ] GC(18)   StringDedup Requests0 Weak     Min:  0.0, Avg:  0.0, Max:  0.0, Diff:  0.0, Sum:  0.0, Workers: 4
[9.548s][debug][gc,phases      ] GC(18)     Dead                           Min: 0, Avg:  0.0, Max: 0, Diff: 0, Sum: 0, Workers: 4
[9.548s][debug][gc,phases      ] GC(18)     Total                          Min: 0, Avg:  0.0, Max: 0, Diff: 0, Sum: 0, Workers: 4
[9.548s][debug][gc,phases      ] GC(18)   StringDedup Requests1 Weak     Min:  0.0, Avg:  0.0, Max:  0.0, Diff:  0.0, Sum:  0.0, Workers: 4
[9.548s][debug][gc,phases      ] GC(18)     Dead                           Min: 0, Avg:  0.0, Max: 0, Diff: 0, Sum: 0, Workers: 4
[9.548s][debug][gc,phases      ] GC(18)     Total                          Min: 0, Avg:  0.0, Max: 0, Diff: 0, Sum: 0, Workers: 4
[9.548s][debug][gc,phases      ] GC(18)   Weak JFR Old Object Samples    Min:  0.0, Avg:  0.0, Max:  0.0, Diff:  0.0, Sum:  0.0, Workers: 4
[9.548s][debug][gc,phases      ] GC(18)     Dead                           Min: 0, Avg:  0.0, Max: 0, Diff: 0, Sum: 0, Workers: 4
[9.548s][debug][gc,phases      ] GC(18)     Total                          Min: 0, Avg:  0.0, Max: 0, Diff: 0, Sum: 0, Workers: 4
[9.548s][debug][gc,phases      ] GC(18) Weak Processing 0.530ms
[9.548s][debug][gc,age         ] GC(18) Desired survivor size 304087040 bytes, new threshold 12 (max threshold 15)
[9.548s][info ][gc,heap        ] GC(18) PSYoungGen: 1653800K(1781760K)->156306K(1800192K) Eden: 1466880K(1466880K)->0K(1494016K) From: 186920K(314880K)->156306K(306176K)
[9.548s][info ][gc,heap        ] GC(18) ParOldGen: 29506K(55296K)->63880K(64000K)
[9.548s][info ][gc,metaspace   ] GC(18) Metaspace: 59155K(59712K)->59155K(59712K) NonClass: 50398K(50688K)->50398K(50688K) Class: 8756K(9024K)->8756K(9024K)
[9.548s][info ][gc             ] GC(18) Pause Young (Allocation Failure) 1643M->215M(1820M) 84.824ms
[9.548s][info ][gc,cpu         ] GC(18) User=0.34s Sys=0.01s Real=0.08s
[9.548s][debug][gc,phases      ] GC(19) Pre Compact 0.011ms
[9.548s][info ][gc,start       ] GC(19) Pause Full (Ergonomics)
[9.548s][info ][gc,phases,start] GC(19) Marking Phase
[9.625s][debug][gc,phases      ] GC(19) Par Mark 77.047ms
[9.625s][debug][gc,ref         ] GC(19) Skipped phase 1 of Reference Processing: no references
[9.626s][debug][gc,ref         ] GC(19) ReferenceProcessor::execute queues: 1, RefProcThreadModel::Single, marks_oops_alive: false
[9.626s][debug][gc,ref         ] GC(19) Skipped phase 3 of Reference Processing: no references
[9.626s][debug][gc,ref         ] GC(19) ReferenceProcessor::execute queues: 1, RefProcThreadModel::Single, marks_oops_alive: false
[9.626s][debug][gc,phases      ] GC(19) Reference Processing 0.173ms
[9.626s][debug][gc,phases      ] GC(19)   VM Weak                        Min:  0.0, Avg:  0.0, Max:  0.0, Diff:  0.0, Sum:  0.0, Workers: 4
[9.626s][debug][gc,phases      ] GC(19)     Dead                           Min: 0, Avg:  0.0, Max: 0, Diff: 0, Sum: 0, Workers: 4
[9.626s][debug][gc,phases      ] GC(19)     Total                          Min: 0, Avg: 109.0, Max: 308, Diff: 308, Sum: 436, Workers: 4
[9.626s][debug][gc,phases      ] GC(19)   ObjectSynchronizer Weak        Min:  0.0, Avg:  0.0, Max:  0.0, Diff:  0.0, Sum:  0.0, Workers: 4
[9.626s][debug][gc,phases      ] GC(19)     Dead                           Min: 0, Avg:  0.0, Max: 0, Diff: 0, Sum: 0, Workers: 4
[9.626s][debug][gc,phases      ] GC(19)     Total                          Min: 0, Avg: 131.2, Max: 269, Diff: 269, Sum: 525, Workers: 4
[9.626s][debug][gc,phases      ] GC(19)   JVMTI Tag Weak OopStorage      Min:  0.0, Avg:  0.0, Max:  0.0, Diff:  0.0, Sum:  0.0, Workers: 4
[9.626s][debug][gc,phases      ] GC(19)     Dead                           Min: 0, Avg:  0.0, Max: 0, Diff: 0, Sum: 0, Workers: 4
[9.626s][debug][gc,phases      ] GC(19)     Total                          Min: 0, Avg:  0.0, Max: 0, Diff: 0, Sum: 0, Workers: 4
[9.626s][debug][gc,phases      ] GC(19)   StringTable Weak               Min:  0.1, Avg:  0.1, Max:  0.1, Diff:  0.0, Sum:  0.5, Workers: 4
[9.626s][debug][gc,phases      ] GC(19)     Dead                           Min: 0, Avg:  0.0, Max: 0, Diff: 0, Sum: 0, Workers: 4
[9.626s][debug][gc,phases      ] GC(19)     Total                          Min: 9536, Avg: 10013.5, Max: 10298, Diff: 762, Sum: 40054, Workers: 4
[9.626s][debug][gc,phases      ] GC(19)   ResolvedMethodTable Weak       Min:  0.0, Avg:  0.0, Max:  0.0, Diff:  0.0, Sum:  0.1, Workers: 4
[9.626s][debug][gc,phases      ] GC(19)     Dead                           Min: 0, Avg:  0.0, Max: 0, Diff: 0, Sum: 0, Workers: 4
[9.626s][debug][gc,phases      ] GC(19)     Total                          Min: 1407, Avg: 1498.5, Max: 1728, Diff: 321, Sum: 5994, Workers: 4
[9.626s][debug][gc,phases      ] GC(19)   JNI Weak                       Min:  0.0, Avg:  0.0, Max:  0.0, Diff:  0.0, Sum:  0.0, Workers: 4
[9.626s][debug][gc,phases      ] GC(19)     Dead                           Min: 0, Avg:  0.0, Max: 0, Diff: 0, Sum: 0, Workers: 4
[9.626s][debug][gc,phases      ] GC(19)     Total                          Min: 0, Avg:  2.0, Max: 8, Diff: 8, Sum: 8, Workers: 4
[9.626s][debug][gc,phases      ] GC(19)   StringDedup Table Weak         Min:  0.0, Avg:  0.0, Max:  0.0, Diff:  0.0, Sum:  0.0, Workers: 4
[9.626s][debug][gc,phases      ] GC(19)     Dead                           Min: 0, Avg:  0.0, Max: 0, Diff: 0, Sum: 0, Workers: 4
[9.626s][debug][gc,phases      ] GC(19)     Total                          Min: 0, Avg:  0.0, Max: 0, Diff: 0, Sum: 0, Workers: 4
[9.626s][debug][gc,phases      ] GC(19)   StringDedup Requests0 Weak     Min:  0.0, Avg:  0.0, Max:  0.0, Diff:  0.0, Sum:  0.0, Workers: 4
[9.626s][debug][gc,phases      ] GC(19)     Dead                           Min: 0, Avg:  0.0, Max: 0, Diff: 0, Sum: 0, Workers: 4
[9.626s][debug][gc,phases      ] GC(19)     Total                          Min: 0, Avg:  0.0, Max: 0, Diff: 0, Sum: 0, Workers: 4
[9.626s][debug][gc,phases      ] GC(19)   StringDedup Requests1 Weak     Min:  0.0, Avg:  0.0, Max:  0.0, Diff:  0.0, Sum:  0.0, Workers: 4
[9.626s][debug][gc,phases      ] GC(19)     Dead                           Min: 0, Avg:  0.0, Max: 0, Diff: 0, Sum: 0, Workers: 4
[9.626s][debug][gc,phases      ] GC(19)     Total                          Min: 0, Avg:  0.0, Max: 0, Diff: 0, Sum: 0, Workers: 4
[9.626s][debug][gc,phases      ] GC(19)   Weak JFR Old Object Samples    Min:  0.0, Avg:  0.0, Max:  0.0, Diff:  0.0, Sum:  0.0, Workers: 4
[9.626s][debug][gc,phases      ] GC(19)     Dead                           Min: 0, Avg:  0.0, Max: 0, Diff: 0, Sum: 0, Workers: 4
[9.626s][debug][gc,phases      ] GC(19)     Total                          Min: 0, Avg:  0.0, Max: 0, Diff: 0, Sum: 0, Workers: 4
[9.626s][debug][gc,phases      ] GC(19) Weak Processing 0.352ms
[9.626s][debug][gc,phases      ] GC(19) ClassLoaderData 0.062ms
[9.626s][debug][gc,phases      ] GC(19) Trigger cleanups 0.000ms
[9.633s][debug][gc,phases      ] GC(19) Class Unloading 7.271ms
[9.633s][info ][gc,phases      ] GC(19) Marking Phase 84.979ms
[9.633s][info ][gc,phases,start] GC(19) Summary Phase
[9.633s][info ][gc,phases      ] GC(19) Summary Phase 0.008ms
[9.633s][info ][gc,phases,start] GC(19) Adjust Roots
[9.642s][info ][gc,phases      ] GC(19) Adjust Roots 8.611ms
[9.642s][info ][gc,phases,start] GC(19) Compaction Phase
[10.467s][info ][gc,phases      ] GC(19) Compaction Phase 825.197ms
[10.467s][info ][gc,phases,start] GC(19) Post Compact
[10.468s][info ][gc,phases      ] GC(19) Post Compact 0.675ms
[10.468s][info ][gc,heap        ] GC(19) PSYoungGen: 156306K(1800192K)->156060K(1800192K) Eden: 0K(1494016K)->0K(1494016K) From: 156306K(306176K)->156060K(306176K)
[10.468s][info ][gc,heap        ] GC(19) ParOldGen: 63880K(64000K)->63685K(108032K)
[10.468s][info ][gc,metaspace   ] GC(19) Metaspace: 59155K(59712K)->59155K(59712K) NonClass: 50398K(50688K)->50398K(50688K) Class: 8756K(9024K)->8756K(9024K)
[10.468s][info ][gc             ] GC(19) Pause Full (Ergonomics) 215M->214M(1863M) 919.685ms
[10.468s][info ][gc,cpu         ] GC(19) User=2.09s Sys=0.01s Real=0.92s
[10.468s][info ][safepoint      ] Safepoint "ParallelGCFailedAllocation", Time since last: 323713131 ns, Reaching safepoint: 222413 ns, At safepoint: 1004904326 ns, Total: 1005126739 ns
[10.640s][info ][safepoint      ] Safepoint "ICBufferFull", Time since last: 171035892 ns, Reaching safepoint: 154408 ns, At safepoint: 28402 ns, Total: 182810 ns
[10.641s][info ][safepoint      ] Safepoint "ICBufferFull", Time since last: 938854 ns, Reaching safepoint: 103006 ns, At safepoint: 26501 ns, Total: 129507 ns
[10.641s][info ][safepoint      ] Safepoint "ICBufferFull", Time since last: 691240 ns, Reaching safepoint: 107206 ns, At safepoint: 25701 ns, Total: 132907 ns
[10.642s][info ][safepoint      ] Safepoint "ICBufferFull", Time since last: 676739 ns, Reaching safepoint: 102206 ns, At safepoint: 22801 ns, Total: 125007 ns
[10.643s][info ][safepoint      ] Safepoint "ICBufferFull", Time since last: 680339 ns, Reaching safepoint: 92906 ns, At safepoint: 22901 ns, Total: 115807 ns
[10.651s][info ][safepoint      ] Safepoint "ICBufferFull", Time since last: 7463427 ns, Reaching safepoint: 93105 ns, At safepoint: 26702 ns, Total: 119807 ns
[10.655s][info ][safepoint      ] Safepoint "ICBufferFull", Time since last: 4385051 ns, Reaching safepoint: 93605 ns, At safepoint: 26302 ns, Total: 119907 ns
[10.656s][info ][safepoint      ] Safepoint "ICBufferFull", Time since last: 674138 ns, Reaching safepoint: 95606 ns, At safepoint: 23801 ns, Total: 119407 ns
[10.657s][info ][safepoint      ] Safepoint "ICBufferFull", Time since last: 668139 ns, Reaching safepoint: 93305 ns, At safepoint: 26701 ns, Total: 120006 ns
[10.657s][info ][safepoint      ] Safepoint "ICBufferFull", Time since last: 674439 ns, Reaching safepoint: 94805 ns, At safepoint: 27002 ns, Total: 121807 ns
[10.658s][info ][safepoint      ] Safepoint "ICBufferFull", Time since last: 728942 ns, Reaching safepoint: 94605 ns, At safepoint: 25902 ns, Total: 120507 ns
[10.660s][info ][safepoint      ] Safepoint "ICBufferFull", Time since last: 672038 ns, Reaching safepoint: 633436 ns, At safepoint: 27102 ns, Total: 660538 ns
[10.714s][info ][gc,start       ] GC(20) Pause Young (Allocation Failure)
[10.823s][debug][gc,phases      ] GC(20) Scavenge 108.889ms
[10.823s][debug][gc,ref         ] GC(20) Skipped phase 1 of Reference Processing: no references
[10.824s][debug][gc,ref         ] GC(20) ReferenceProcessor::execute queues: 1, RefProcThreadModel::Single, marks_oops_alive: false
[10.824s][debug][gc,ref         ] GC(20) Skipped phase 3 of Reference Processing: no references
[10.824s][debug][gc,ref         ] GC(20) ReferenceProcessor::execute queues: 1, RefProcThreadModel::Single, marks_oops_alive: false
[10.824s][debug][gc,phases      ] GC(20) Reference Processing 0.159ms
[10.824s][debug][gc,phases      ] GC(20)   VM Weak                        Min:  0.0, Avg:  0.0, Max:  0.0, Diff:  0.0, Sum:  0.0, Workers: 4
[10.824s][debug][gc,phases      ] GC(20)     Dead                           Min: 0, Avg:  0.0, Max: 0, Diff: 0, Sum: 0, Workers: 4
[10.824s][debug][gc,phases      ] GC(20)     Total                          Min: 0, Avg: 111.8, Max: 192, Diff: 192, Sum: 447, Workers: 4
[10.824s][debug][gc,phases      ] GC(20)   ObjectSynchronizer Weak        Min:  0.0, Avg:  0.0, Max:  0.0, Diff:  0.0, Sum:  0.0, Workers: 4
[10.824s][debug][gc,phases      ] GC(20)     Dead                           Min: 0, Avg:  0.0, Max: 0, Diff: 0, Sum: 0, Workers: 4
[10.824s][debug][gc,phases      ] GC(20)     Total                          Min: 0, Avg: 131.2, Max: 256, Diff: 256, Sum: 525, Workers: 4
[10.824s][debug][gc,phases      ] GC(20)   JVMTI Tag Weak OopStorage      Min:  0.0, Avg:  0.0, Max:  0.0, Diff:  0.0, Sum:  0.0, Workers: 4
[10.824s][debug][gc,phases      ] GC(20)     Dead                           Min: 0, Avg:  0.0, Max: 0, Diff: 0, Sum: 0, Workers: 4
[10.824s][debug][gc,phases      ] GC(20)     Total                          Min: 0, Avg:  0.0, Max: 0, Diff: 0, Sum: 0, Workers: 4
[10.824s][debug][gc,phases      ] GC(20)   StringTable Weak               Min:  0.2, Avg:  0.2, Max:  0.2, Diff:  0.0, Sum:  0.9, Workers: 4
[10.824s][debug][gc,phases      ] GC(20)     Dead                           Min: 0, Avg:  4.2, Max: 9, Diff: 9, Sum: 17, Workers: 4
[10.824s][debug][gc,phases      ] GC(20)     Total                          Min: 7360, Avg: 10038.0, Max: 12184, Diff: 4824, Sum: 40152, Workers: 4
[10.824s][debug][gc,phases      ] GC(20)   ResolvedMethodTable Weak       Min:  0.0, Avg:  0.0, Max:  0.0, Diff:  0.0, Sum:  0.2, Workers: 4
[10.824s][debug][gc,phases      ] GC(20)     Dead                           Min: 0, Avg:  1.2, Max: 3, Diff: 3, Sum: 5, Workers: 4
[10.824s][debug][gc,phases      ] GC(20)     Total                          Min: 832, Avg: 1524.8, Max: 2003, Diff: 1171, Sum: 6099, Workers: 4
[10.824s][debug][gc,phases      ] GC(20)   JNI Weak                       Min:  0.0, Avg:  0.0, Max:  0.0, Diff:  0.0, Sum:  0.0, Workers: 4
[10.824s][debug][gc,phases      ] GC(20)     Dead                           Min: 0, Avg:  0.0, Max: 0, Diff: 0, Sum: 0, Workers: 4
[10.824s][debug][gc,phases      ] GC(20)     Total                          Min: 0, Avg:  0.0, Max: 0, Diff: 0, Sum: 0, Workers: 4
[10.824s][debug][gc,phases      ] GC(20)   StringDedup Table Weak         Min:  0.0, Avg:  0.0, Max:  0.0, Diff:  0.0, Sum:  0.0, Workers: 4
[10.824s][debug][gc,phases      ] GC(20)     Dead                           Min: 0, Avg:  0.0, Max: 0, Diff: 0, Sum: 0, Workers: 4
[10.824s][debug][gc,phases      ] GC(20)     Total                          Min: 0, Avg:  0.0, Max: 0, Diff: 0, Sum: 0, Workers: 4
[10.824s][debug][gc,phases      ] GC(20)   StringDedup Requests0 Weak     Min:  0.0, Avg:  0.0, Max:  0.0, Diff:  0.0, Sum:  0.0, Workers: 4
[10.824s][debug][gc,phases      ] GC(20)     Dead                           Min: 0, Avg:  0.0, Max: 0, Diff: 0, Sum: 0, Workers: 4
[10.824s][debug][gc,phases      ] GC(20)     Total                          Min: 0, Avg:  0.0, Max: 0, Diff: 0, Sum: 0, Workers: 4
[10.824s][debug][gc,phases      ] GC(20)   StringDedup Requests1 Weak     Min:  0.0, Avg:  0.0, Max:  0.0, Diff:  0.0, Sum:  0.0, Workers: 4
[10.824s][debug][gc,phases      ] GC(20)     Dead                           Min: 0, Avg:  0.0, Max: 0, Diff: 0, Sum: 0, Workers: 4
[10.824s][debug][gc,phases      ] GC(20)     Total                          Min: 0, Avg:  0.0, Max: 0, Diff: 0, Sum: 0, Workers: 4
[10.824s][debug][gc,phases      ] GC(20)   Weak JFR Old Object Samples    Min:  0.0, Avg:  0.0, Max:  0.0, Diff:  0.0, Sum:  0.0, Workers: 4
[10.824s][debug][gc,phases      ] GC(20)     Dead                           Min: 0, Avg:  0.0, Max: 0, Diff: 0, Sum: 0, Workers: 4
[10.824s][debug][gc,phases      ] GC(20)     Total                          Min: 0, Avg:  0.0, Max: 0, Diff: 0, Sum: 0, Workers: 4
[10.824s][debug][gc,phases      ] GC(20) Weak Processing 0.496ms
[10.824s][debug][gc,age         ] GC(20) Desired survivor size 314572800 bytes, new threshold 13 (max threshold 15)
[10.824s][info ][gc,heap        ] GC(20) PSYoungGen: 1650076K(1800192K)->42041K(1536512K) Eden: 1494016K(1494016K)->0K(1494016K) From: 156060K(306176K)->42041K(42496K)
[10.824s][info ][gc,heap        ] GC(20) ParOldGen: 63685K(108032K)->181309K(181760K)
[10.824s][info ][gc,metaspace   ] GC(20) Metaspace: 59604K(60224K)->59604K(60224K) NonClass: 50781K(51136K)->50781K(51136K) Class: 8823K(9088K)->8823K(9088K)
[10.824s][info ][gc             ] GC(20) Pause Young (Allocation Failure) 1673M->218M(1678M) 109.683ms
[10.824s][info ][gc,cpu         ] GC(20) User=0.36s Sys=0.08s Real=0.11s
[10.824s][debug][gc,phases      ] GC(21) Pre Compact 0.009ms
[10.824s][info ][gc,start       ] GC(21) Pause Full (Ergonomics)
[10.824s][info ][gc,phases,start] GC(21) Marking Phase
[10.913s][debug][gc,phases      ] GC(21) Par Mark 89.015ms
[10.913s][debug][gc,ref         ] GC(21) Skipped phase 1 of Reference Processing: no references
[10.913s][debug][gc,ref         ] GC(21) ReferenceProcessor::execute queues: 4, RefProcThreadModel::Multi, marks_oops_alive: false
[10.914s][debug][gc,ref         ] GC(21) Skipped phase 3 of Reference Processing: no references
[10.914s][debug][gc,ref         ] GC(21) ReferenceProcessor::execute queues: 1, RefProcThreadModel::Single, marks_oops_alive: false
[10.914s][debug][gc,phases      ] GC(21) Reference Processing 0.274ms
[10.914s][debug][gc,phases      ] GC(21)   VM Weak                        Min:  0.0, Avg:  0.0, Max:  0.0, Diff:  0.0, Sum:  0.0, Workers: 4
[10.914s][debug][gc,phases      ] GC(21)     Dead                           Min: 0, Avg:  0.0, Max: 0, Diff: 0, Sum: 0, Workers: 4
[10.914s][debug][gc,phases      ] GC(21)     Total                          Min: 0, Avg: 111.8, Max: 320, Diff: 320, Sum: 447, Workers: 4
[10.914s][debug][gc,phases      ] GC(21)   ObjectSynchronizer Weak        Min:  0.0, Avg:  0.0, Max:  0.0, Diff:  0.0, Sum:  0.0, Workers: 4
[10.914s][debug][gc,phases      ] GC(21)     Dead                           Min: 0, Avg:  0.0, Max: 0, Diff: 0, Sum: 0, Workers: 4
[10.914s][debug][gc,phases      ] GC(21)     Total                          Min: 64, Avg: 131.2, Max: 192, Diff: 128, Sum: 525, Workers: 4
[10.914s][debug][gc,phases      ] GC(21)   JVMTI Tag Weak OopStorage      Min:  0.0, Avg:  0.0, Max:  0.0, Diff:  0.0, Sum:  0.0, Workers: 4
[10.914s][debug][gc,phases      ] GC(21)     Dead                           Min: 0, Avg:  0.0, Max: 0, Diff: 0, Sum: 0, Workers: 4
[10.914s][debug][gc,phases      ] GC(21)     Total                          Min: 0, Avg:  0.0, Max: 0, Diff: 0, Sum: 0, Workers: 4
[10.914s][debug][gc,phases      ] GC(21)   StringTable Weak               Min:  0.1, Avg:  0.1, Max:  0.1, Diff:  0.0, Sum:  0.5, Workers: 4
[10.914s][debug][gc,phases      ] GC(21)     Dead                           Min: 0, Avg:  0.0, Max: 0, Diff: 0, Sum: 0, Workers: 4
[10.914s][debug][gc,phases      ] GC(21)     Total                          Min: 9344, Avg: 10038.0, Max: 10880, Diff: 1536, Sum: 40152, Workers: 4
[10.914s][debug][gc,phases      ] GC(21)   ResolvedMethodTable Weak       Min:  0.0, Avg:  0.0, Max:  0.0, Diff:  0.0, Sum:  0.1, Workers: 4
[10.914s][debug][gc,phases      ] GC(21)     Dead                           Min: 0, Avg:  0.0, Max: 0, Diff: 0, Sum: 0, Workers: 4
[10.914s][debug][gc,phases      ] GC(21)     Total                          Min: 1344, Avg: 1524.8, Max: 1747, Diff: 403, Sum: 6099, Workers: 4
[10.914s][debug][gc,phases      ] GC(21)   JNI Weak                       Min:  0.0, Avg:  0.0, Max:  0.0, Diff:  0.0, Sum:  0.0, Workers: 4
[10.914s][debug][gc,phases      ] GC(21)     Dead                           Min: 0, Avg:  0.0, Max: 0, Diff: 0, Sum: 0, Workers: 4
[10.914s][debug][gc,phases      ] GC(21)     Total                          Min: 0, Avg:  0.0, Max: 0, Diff: 0, Sum: 0, Workers: 4
[10.914s][debug][gc,phases      ] GC(21)   StringDedup Table Weak         Min:  0.0, Avg:  0.0, Max:  0.0, Diff:  0.0, Sum:  0.0, Workers: 4
[10.914s][debug][gc,phases      ] GC(21)     Dead                           Min: 0, Avg:  0.0, Max: 0, Diff: 0, Sum: 0, Workers: 4
[10.914s][debug][gc,phases      ] GC(21)     Total                          Min: 0, Avg:  0.0, Max: 0, Diff: 0, Sum: 0, Workers: 4
[10.914s][debug][gc,phases      ] GC(21)   StringDedup Requests0 Weak     Min:  0.0, Avg:  0.0, Max:  0.0, Diff:  0.0, Sum:  0.0, Workers: 4
[10.914s][debug][gc,phases      ] GC(21)     Dead                           Min: 0, Avg:  0.0, Max: 0, Diff: 0, Sum: 0, Workers: 4
[10.914s][debug][gc,phases      ] GC(21)     Total                          Min: 0, Avg:  0.0, Max: 0, Diff: 0, Sum: 0, Workers: 4
[10.914s][debug][gc,phases      ] GC(21)   StringDedup Requests1 Weak     Min:  0.0, Avg:  0.0, Max:  0.0, Diff:  0.0, Sum:  0.0, Workers: 4
[10.914s][debug][gc,phases      ] GC(21)     Dead                           Min: 0, Avg:  0.0, Max: 0, Diff: 0, Sum: 0, Workers: 4
[10.914s][debug][gc,phases      ] GC(21)     Total                          Min: 0, Avg:  0.0, Max: 0, Diff: 0, Sum: 0, Workers: 4
[10.914s][debug][gc,phases      ] GC(21)   Weak JFR Old Object Samples    Min:  0.0, Avg:  0.0, Max:  0.0, Diff:  0.0, Sum:  0.0, Workers: 4
[10.914s][debug][gc,phases      ] GC(21)     Dead                           Min: 0, Avg:  0.0, Max: 0, Diff: 0, Sum: 0, Workers: 4
[10.914s][debug][gc,phases      ] GC(21)     Total                          Min: 0, Avg:  0.0, Max: 0, Diff: 0, Sum: 0, Workers: 4
[10.914s][debug][gc,phases      ] GC(21) Weak Processing 0.343ms
[10.914s][debug][gc,phases      ] GC(21) ClassLoaderData 0.060ms
[10.914s][debug][gc,phases      ] GC(21) Trigger cleanups 0.000ms
[10.921s][debug][gc,phases      ] GC(21) Class Unloading 7.479ms
[10.921s][info ][gc,phases      ] GC(21) Marking Phase 97.245ms
[10.921s][info ][gc,phases,start] GC(21) Summary Phase
[10.921s][info ][gc,phases      ] GC(21) Summary Phase 0.008ms
[10.921s][info ][gc,phases,start] GC(21) Adjust Roots
[10.929s][info ][gc,phases      ] GC(21) Adjust Roots 7.553ms
[10.929s][info ][gc,phases,start] GC(21) Compaction Phase
[11.261s][info ][gc,phases      ] GC(21) Compaction Phase 331.751ms
[11.261s][info ][gc,phases,start] GC(21) Post Compact
[11.261s][info ][gc,phases      ] GC(21) Post Compact 0.613ms
[11.262s][info ][gc,heap        ] GC(21) PSYoungGen: 42041K(1536512K)->41412K(1536512K) Eden: 0K(1494016K)->0K(1494016K) From: 42041K(42496K)->41412K(42496K)
[11.262s][info ][gc,heap        ] GC(21) ParOldGen: 181309K(181760K)->181388K(276992K)
[11.262s][info ][gc,metaspace   ] GC(21) Metaspace: 59604K(60224K)->59604K(60224K) NonClass: 50781K(51136K)->50781K(51136K) Class: 8823K(9088K)->8823K(9088K)
[11.262s][info ][gc             ] GC(21) Pause Full (Ergonomics) 218M->217M(1771M) 437.425ms
[11.262s][info ][gc,cpu         ] GC(21) User=1.37s Sys=0.00s Real=0.43s
[11.263s][info ][safepoint      ] Safepoint "ParallelGCFailedAllocation", Time since last: 54558423 ns, Reaching safepoint: 205612 ns, At safepoint: 548357691 ns, Total: 548563303 ns
[11.536s][info ][safepoint      ] Safepoint "ICBufferFull", Time since last: 273130136 ns, Reaching safepoint: 175510 ns, At safepoint: 33802 ns, Total: 209312 ns
[11.551s][info ][safepoint      ] Safepoint "ICBufferFull", Time since last: 14919754 ns, Reaching safepoint: 121907 ns, At safepoint: 26701 ns, Total: 148608 ns
[11.552s][info ][safepoint      ] Safepoint "ICBufferFull", Time since last: 782345 ns, Reaching safepoint: 98406 ns, At safepoint: 23701 ns, Total: 122107 ns
[11.553s][info ][safepoint      ] Safepoint "ICBufferFull", Time since last: 711441 ns, Reaching safepoint: 97005 ns, At safepoint: 20602 ns, Total: 117607 ns
[11.554s][info ][safepoint      ] Safepoint "ICBufferFull", Time since last: 721541 ns, Reaching safepoint: 92905 ns, At safepoint: 20201 ns, Total: 113106 ns
[11.555s][info ][safepoint      ] Safepoint "ICBufferFull", Time since last: 853449 ns, Reaching safepoint: 90405 ns, At safepoint: 21802 ns, Total: 112207 ns
[11.556s][info ][safepoint      ] Safepoint "ICBufferFull", Time since last: 746942 ns, Reaching safepoint: 91506 ns, At safepoint: 20401 ns, Total: 111907 ns
[11.558s][info ][safepoint      ] Safepoint "ICBufferFull", Time since last: 650737 ns, Reaching safepoint: 2104121 ns, At safepoint: 26301 ns, Total: 2130422 ns
[11.580s][info ][gc,start       ] GC(22) Pause Young (Allocation Failure)
[11.615s][debug][gc,phases      ] GC(22) Scavenge 34.741ms
[11.615s][debug][gc,ref         ] GC(22) Skipped phase 1 of Reference Processing: no references
[11.615s][debug][gc,ref         ] GC(22) ReferenceProcessor::execute queues: 1, RefProcThreadModel::Single, marks_oops_alive: false
[11.615s][debug][gc,ref         ] GC(22) Skipped phase 3 of Reference Processing: no references
[11.615s][debug][gc,ref         ] GC(22) ReferenceProcessor::execute queues: 1, RefProcThreadModel::Single, marks_oops_alive: false
[11.615s][debug][gc,phases      ] GC(22) Reference Processing 0.182ms
[11.615s][debug][gc,phases      ] GC(22)   VM Weak                        Min:  0.0, Avg:  0.0, Max:  0.0, Diff:  0.0, Sum:  0.0, Workers: 4
[11.615s][debug][gc,phases      ] GC(22)     Dead                           Min: 0, Avg:  0.0, Max: 0, Diff: 0, Sum: 0, Workers: 4
[11.615s][debug][gc,phases      ] GC(22)     Total                          Min: 0, Avg: 111.8, Max: 447, Diff: 447, Sum: 447, Workers: 4
[11.615s][debug][gc,phases      ] GC(22)   ObjectSynchronizer Weak        Min:  0.0, Avg:  0.0, Max:  0.0, Diff:  0.0, Sum:  0.0, Workers: 4
[11.615s][debug][gc,phases      ] GC(22)     Dead                           Min: 0, Avg:  0.0, Max: 0, Diff: 0, Sum: 0, Workers: 4
[11.615s][debug][gc,phases      ] GC(22)     Total                          Min: 0, Avg: 131.2, Max: 397, Diff: 397, Sum: 525, Workers: 4
[11.615s][debug][gc,phases      ] GC(22)   JVMTI Tag Weak OopStorage      Min:  0.0, Avg:  0.0, Max:  0.0, Diff:  0.0, Sum:  0.0, Workers: 4
[11.615s][debug][gc,phases      ] GC(22)     Dead                           Min: 0, Avg:  0.0, Max: 0, Diff: 0, Sum: 0, Workers: 4
[11.615s][debug][gc,phases      ] GC(22)     Total                          Min: 0, Avg:  0.0, Max: 0, Diff: 0, Sum: 0, Workers: 4
[11.615s][debug][gc,phases      ] GC(22)   StringTable Weak               Min:  0.1, Avg:  0.1, Max:  0.1, Diff:  0.0, Sum:  0.6, Workers: 4
[11.615s][debug][gc,phases      ] GC(22)     Dead                           Min: 0, Avg:  3.0, Max: 11, Diff: 11, Sum: 12, Workers: 4
[11.615s][debug][gc,phases      ] GC(22)     Total                          Min: 9471, Avg: 10048.8, Max: 10816, Diff: 1345, Sum: 40195, Workers: 4
[11.615s][debug][gc,phases      ] GC(22)   ResolvedMethodTable Weak       Min:  0.0, Avg:  0.0, Max:  0.0, Diff:  0.0, Sum:  0.1, Workers: 4
[11.615s][debug][gc,phases      ] GC(22)     Dead                           Min: 0, Avg:  0.2, Max: 1, Diff: 1, Sum: 1, Workers: 4
[11.615s][debug][gc,phases      ] GC(22)     Total                          Min: 1280, Avg: 1529.8, Max: 1639, Diff: 359, Sum: 6119, Workers: 4
[11.615s][debug][gc,phases      ] GC(22)   JNI Weak                       Min:  0.0, Avg:  0.0, Max:  0.0, Diff:  0.0, Sum:  0.0, Workers: 4
[11.615s][debug][gc,phases      ] GC(22)     Dead                           Min: 0, Avg:  0.0, Max: 0, Diff: 0, Sum: 0, Workers: 4
[11.615s][debug][gc,phases      ] GC(22)     Total                          Min: 0, Avg:  1.2, Max: 5, Diff: 5, Sum: 5, Workers: 4
[11.615s][debug][gc,phases      ] GC(22)   StringDedup Table Weak         Min:  0.0, Avg:  0.0, Max:  0.0, Diff:  0.0, Sum:  0.0, Workers: 4
[11.615s][debug][gc,phases      ] GC(22)     Dead                           Min: 0, Avg:  0.0, Max: 0, Diff: 0, Sum: 0, Workers: 4
[11.615s][debug][gc,phases      ] GC(22)     Total                          Min: 0, Avg:  0.0, Max: 0, Diff: 0, Sum: 0, Workers: 4
[11.615s][debug][gc,phases      ] GC(22)   StringDedup Requests0 Weak     Min:  0.0, Avg:  0.0, Max:  0.0, Diff:  0.0, Sum:  0.0, Workers: 4
[11.615s][debug][gc,phases      ] GC(22)     Dead                           Min: 0, Avg:  0.0, Max: 0, Diff: 0, Sum: 0, Workers: 4
[11.615s][debug][gc,phases      ] GC(22)     Total                          Min: 0, Avg:  0.0, Max: 0, Diff: 0, Sum: 0, Workers: 4
[11.615s][debug][gc,phases      ] GC(22)   StringDedup Requests1 Weak     Min:  0.0, Avg:  0.0, Max:  0.0, Diff:  0.0, Sum:  0.0, Workers: 4
[11.615s][debug][gc,phases      ] GC(22)     Dead                           Min: 0, Avg:  0.0, Max: 0, Diff: 0, Sum: 0, Workers: 4
[11.615s][debug][gc,phases      ] GC(22)     Total                          Min: 0, Avg:  0.0, Max: 0, Diff: 0, Sum: 0, Workers: 4
[11.615s][debug][gc,phases      ] GC(22)   Weak JFR Old Object Samples    Min:  0.0, Avg:  0.0, Max:  0.0, Diff:  0.0, Sum:  0.0, Workers: 4
[11.615s][debug][gc,phases      ] GC(22)     Dead                           Min: 0, Avg:  0.0, Max: 0, Diff: 0, Sum: 0, Workers: 4
[11.615s][debug][gc,phases      ] GC(22)     Total                          Min: 0, Avg:  0.0, Max: 0, Diff: 0, Sum: 0, Workers: 4
[11.615s][debug][gc,phases      ] GC(22) Weak Processing 0.379ms
[11.615s][debug][gc,age         ] GC(22) Desired survivor size 320339968 bytes, new threshold 14 (max threshold 15)
[11.615s][info ][gc,heap        ] GC(22) PSYoungGen: 1535428K(1536512K)->44031K(1778688K) Eden: 1494016K(1494016K)->0K(1471488K) From: 41412K(42496K)->44031K(307200K)
[11.615s][info ][gc,heap        ] GC(22) ParOldGen: 181388K(276992K)->181388K(276992K)
[11.615s][info ][gc,metaspace   ] GC(22) Metaspace: 59838K(60416K)->59838K(60416K) NonClass: 50989K(51328K)->50989K(51328K) Class: 8849K(9088K)->8849K(9088K)
[11.615s][info ][gc             ] GC(22) Pause Young (Allocation Failure) 1676M->220M(2007M) 35.464ms
[11.615s][info ][gc,cpu         ] GC(22) User=0.14s Sys=0.00s Real=0.04s
[11.615s][info ][safepoint      ] Safepoint "ParallelGCFailedAllocation", Time since last: 21121709 ns, Reaching safepoint: 157409 ns, At safepoint: 35580337 ns, Total: 35737746 ns
[11.878s][info ][gc,start       ] GC(23) Pause Young (Allocation Failure)
[11.894s][debug][gc,phases      ] GC(23) Scavenge 15.957ms
[11.894s][debug][gc,ref         ] GC(23) Skipped phase 1 of Reference Processing: no references
[11.894s][debug][gc,ref         ] GC(23) ReferenceProcessor::execute queues: 1, RefProcThreadModel::Single, marks_oops_alive: false
[11.894s][debug][gc,ref         ] GC(23) Skipped phase 3 of Reference Processing: no references
[11.894s][debug][gc,ref         ] GC(23) ReferenceProcessor::execute queues: 1, RefProcThreadModel::Single, marks_oops_alive: false
[11.894s][debug][gc,phases      ] GC(23) Reference Processing 0.186ms
[11.895s][debug][gc,phases      ] GC(23)   VM Weak                        Min:  0.0, Avg:  0.0, Max:  0.0, Diff:  0.0, Sum:  0.0, Workers: 4
[11.895s][debug][gc,phases      ] GC(23)     Dead                           Min: 0, Avg:  0.0, Max: 0, Diff: 0, Sum: 0, Workers: 4
[11.895s][debug][gc,phases      ] GC(23)     Total                          Min: 0, Avg: 111.8, Max: 256, Diff: 256, Sum: 447, Workers: 4
[11.895s][debug][gc,phases      ] GC(23)   ObjectSynchronizer Weak        Min:  0.0, Avg:  0.0, Max:  0.0, Diff:  0.0, Sum:  0.0, Workers: 4
[11.895s][debug][gc,phases      ] GC(23)     Dead                           Min: 0, Avg:  0.0, Max: 0, Diff: 0, Sum: 0, Workers: 4
[11.895s][debug][gc,phases      ] GC(23)     Total                          Min: 0, Avg: 131.2, Max: 333, Diff: 333, Sum: 525, Workers: 4
[11.895s][debug][gc,phases      ] GC(23)   JVMTI Tag Weak OopStorage      Min:  0.0, Avg:  0.0, Max:  0.0, Diff:  0.0, Sum:  0.0, Workers: 4
[11.895s][debug][gc,phases      ] GC(23)     Dead                           Min: 0, Avg:  0.0, Max: 0, Diff: 0, Sum: 0, Workers: 4
[11.895s][debug][gc,phases      ] GC(23)     Total                          Min: 0, Avg:  0.0, Max: 0, Diff: 0, Sum: 0, Workers: 4
[11.895s][debug][gc,phases      ] GC(23)   StringTable Weak               Min:  0.1, Avg:  0.1, Max:  0.1, Diff:  0.0, Sum:  0.5, Workers: 4
[11.895s][debug][gc,phases      ] GC(23)     Dead                           Min: 0, Avg:  2.8, Max: 11, Diff: 11, Sum: 11, Workers: 4
[11.895s][debug][gc,phases      ] GC(23)     Total                          Min: 9472, Avg: 10059.5, Max: 10932, Diff: 1460, Sum: 40238, Workers: 4
[11.895s][debug][gc,phases      ] GC(23)   ResolvedMethodTable Weak       Min:  0.0, Avg:  0.0, Max:  0.0, Diff:  0.0, Sum:  0.1, Workers: 4
[11.895s][debug][gc,phases      ] GC(23)     Dead                           Min: 0, Avg:  1.2, Max: 5, Diff: 5, Sum: 5, Workers: 4
[11.895s][debug][gc,phases      ] GC(23)     Total                          Min: 1280, Avg: 1536.8, Max: 1792, Diff: 512, Sum: 6147, Workers: 4
[11.895s][debug][gc,phases      ] GC(23)   JNI Weak                       Min:  0.0, Avg:  0.0, Max:  0.0, Diff:  0.0, Sum:  0.0, Workers: 4
[11.895s][debug][gc,phases      ] GC(23)     Dead                           Min: 0, Avg:  0.0, Max: 0, Diff: 0, Sum: 0, Workers: 4
[11.895s][debug][gc,phases      ] GC(23)     Total                          Min: 0, Avg:  0.2, Max: 1, Diff: 1, Sum: 1, Workers: 4
[11.895s][debug][gc,phases      ] GC(23)   StringDedup Table Weak         Min:  0.0, Avg:  0.0, Max:  0.0, Diff:  0.0, Sum:  0.0, Workers: 4
[11.895s][debug][gc,phases      ] GC(23)     Dead                           Min: 0, Avg:  0.0, Max: 0, Diff: 0, Sum: 0, Workers: 4
[11.895s][debug][gc,phases      ] GC(23)     Total                          Min: 0, Avg:  0.0, Max: 0, Diff: 0, Sum: 0, Workers: 4
[11.895s][debug][gc,phases      ] GC(23)   StringDedup Requests0 Weak     Min:  0.0, Avg:  0.0, Max:  0.0, Diff:  0.0, Sum:  0.0, Workers: 4
[11.895s][debug][gc,phases      ] GC(23)     Dead                           Min: 0, Avg:  0.0, Max: 0, Diff: 0, Sum: 0, Workers: 4
[11.895s][debug][gc,phases      ] GC(23)     Total                          Min: 0, Avg:  0.0, Max: 0, Diff: 0, Sum: 0, Workers: 4
[11.895s][debug][gc,phases      ] GC(23)   StringDedup Requests1 Weak     Min:  0.0, Avg:  0.0, Max:  0.0, Diff:  0.0, Sum:  0.0, Workers: 4
[11.895s][debug][gc,phases      ] GC(23)     Dead                           Min: 0, Avg:  0.0, Max: 0, Diff: 0, Sum: 0, Workers: 4
[11.895s][debug][gc,phases      ] GC(23)     Total                          Min: 0, Avg:  0.0, Max: 0, Diff: 0, Sum: 0, Workers: 4
[11.895s][debug][gc,phases      ] GC(23)   Weak JFR Old Object Samples    Min:  0.0, Avg:  0.0, Max:  0.0, Diff:  0.0, Sum:  0.0, Workers: 4
[11.895s][debug][gc,phases      ] GC(23)     Dead                           Min: 0, Avg:  0.0, Max: 0, Diff: 0, Sum: 0, Workers: 4
[11.895s][debug][gc,phases      ] GC(23)     Total                          Min: 0, Avg:  0.0, Max: 0, Diff: 0, Sum: 0, Workers: 4
[11.895s][debug][gc,phases      ] GC(23) Weak Processing 0.351ms
[11.895s][debug][gc,age         ] GC(23) Desired survivor size 321912832 bytes, new threshold 15 (max threshold 15)
[11.895s][info ][gc,heap        ] GC(23) PSYoungGen: 1515519K(1778688K)->44603K(1516544K) Eden: 1471488K(1471488K)->0K(1471488K) From: 44031K(307200K)->44603K(45056K)
[11.895s][info ][gc,heap        ] GC(23) ParOldGen: 181388K(276992K)->181396K(276992K)
[11.895s][info ][gc,metaspace   ] GC(23) Metaspace: 59914K(60480K)->59914K(60480K) NonClass: 51054K(51392K)->51054K(51392K) Class: 8860K(9088K)->8860K(9088K)
[11.895s][info ][gc             ] GC(23) Pause Young (Allocation Failure) 1657M->220M(1751M) 16.626ms
[11.895s][info ][gc,cpu         ] GC(23) User=0.07s Sys=0.00s Real=0.02s
[11.895s][info ][safepoint      ] Safepoint "ParallelGCFailedAllocation", Time since last: 262684938 ns, Reaching safepoint: 177310 ns, At safepoint: 16735658 ns, Total: 16912968 ns
[12.219s][info ][gc,start       ] GC(24) Pause Young (Allocation Failure)
[12.240s][debug][gc,phases      ] GC(24) Scavenge 20.831ms
[12.240s][debug][gc,ref         ] GC(24) Skipped phase 1 of Reference Processing: no references
[12.240s][debug][gc,ref         ] GC(24) ReferenceProcessor::execute queues: 1, RefProcThreadModel::Single, marks_oops_alive: false
[12.240s][debug][gc,ref         ] GC(24) Skipped phase 3 of Reference Processing: no references
[12.240s][debug][gc,ref         ] GC(24) ReferenceProcessor::execute queues: 1, RefProcThreadModel::Single, marks_oops_alive: false
[12.240s][debug][gc,phases      ] GC(24) Reference Processing 0.168ms
[12.241s][debug][gc,phases      ] GC(24)   VM Weak                        Min:  0.0, Avg:  0.0, Max:  0.0, Diff:  0.0, Sum:  0.0, Workers: 4
[12.241s][debug][gc,phases      ] GC(24)     Dead                           Min: 0, Avg:  0.0, Max: 0, Diff: 0, Sum: 0, Workers: 4
[12.241s][debug][gc,phases      ] GC(24)     Total                          Min: 0, Avg: 113.2, Max: 384, Diff: 384, Sum: 453, Workers: 4
[12.241s][debug][gc,phases      ] GC(24)   ObjectSynchronizer Weak        Min:  0.0, Avg:  0.0, Max:  0.0, Diff:  0.0, Sum:  0.0, Workers: 4
[12.241s][debug][gc,phases      ] GC(24)     Dead                           Min: 0, Avg:  0.0, Max: 0, Diff: 0, Sum: 0, Workers: 4
[12.241s][debug][gc,phases      ] GC(24)     Total                          Min: 0, Avg: 131.2, Max: 205, Diff: 205, Sum: 525, Workers: 4
[12.241s][debug][gc,phases      ] GC(24)   JVMTI Tag Weak OopStorage      Min:  0.0, Avg:  0.0, Max:  0.0, Diff:  0.0, Sum:  0.0, Workers: 4
[12.241s][debug][gc,phases      ] GC(24)     Dead                           Min: 0, Avg:  0.0, Max: 0, Diff: 0, Sum: 0, Workers: 4
[12.241s][debug][gc,phases      ] GC(24)     Total                          Min: 0, Avg:  0.0, Max: 0, Diff: 0, Sum: 0, Workers: 4
[12.241s][debug][gc,phases      ] GC(24)   StringTable Weak               Min:  0.1, Avg:  0.1, Max:  0.1, Diff:  0.0, Sum:  0.5, Workers: 4
[12.241s][debug][gc,phases      ] GC(24)     Dead                           Min: 0, Avg:  1.8, Max: 4, Diff: 4, Sum: 7, Workers: 4
[12.241s][debug][gc,phases      ] GC(24)     Total                          Min: 9536, Avg: 10091.8, Max: 11008, Diff: 1472, Sum: 40367, Workers: 4
[12.241s][debug][gc,phases      ] GC(24)   ResolvedMethodTable Weak       Min:  0.0, Avg:  0.0, Max:  0.0, Diff:  0.0, Sum:  0.1, Workers: 4
[12.241s][debug][gc,phases      ] GC(24)     Dead                           Min: 0, Avg:  4.8, Max: 18, Diff: 18, Sum: 19, Workers: 4
[12.241s][debug][gc,phases      ] GC(24)     Total                          Min: 1280, Avg: 1556.8, Max: 1747, Diff: 467, Sum: 6227, Workers: 4
[12.241s][debug][gc,phases      ] GC(24)   JNI Weak                       Min:  0.0, Avg:  0.0, Max:  0.0, Diff:  0.0, Sum:  0.0, Workers: 4
[12.241s][debug][gc,phases      ] GC(24)     Dead                           Min: 0, Avg:  0.0, Max: 0, Diff: 0, Sum: 0, Workers: 4
[12.241s][debug][gc,phases      ] GC(24)     Total                          Min: 0, Avg:  0.0, Max: 0, Diff: 0, Sum: 0, Workers: 4
[12.241s][debug][gc,phases      ] GC(24)   StringDedup Table Weak         Min:  0.0, Avg:  0.0, Max:  0.0, Diff:  0.0, Sum:  0.0, Workers: 4
[12.241s][debug][gc,phases      ] GC(24)     Dead                           Min: 0, Avg:  0.0, Max: 0, Diff: 0, Sum: 0, Workers: 4
[12.241s][debug][gc,phases      ] GC(24)     Total                          Min: 0, Avg:  0.0, Max: 0, Diff: 0, Sum: 0, Workers: 4
[12.241s][debug][gc,phases      ] GC(24)   StringDedup Requests0 Weak     Min:  0.0, Avg:  0.0, Max:  0.0, Diff:  0.0, Sum:  0.0, Workers: 4
[12.241s][debug][gc,phases      ] GC(24)     Dead                           Min: 0, Avg:  0.0, Max: 0, Diff: 0, Sum: 0, Workers: 4
[12.241s][debug][gc,phases      ] GC(24)     Total                          Min: 0, Avg:  0.0, Max: 0, Diff: 0, Sum: 0, Workers: 4
[12.241s][debug][gc,phases      ] GC(24)   StringDedup Requests1 Weak     Min:  0.0, Avg:  0.0, Max:  0.0, Diff:  0.0, Sum:  0.0, Workers: 4
[12.241s][debug][gc,phases      ] GC(24)     Dead                           Min: 0, Avg:  0.0, Max: 0, Diff: 0, Sum: 0, Workers: 4
[12.241s][debug][gc,phases      ] GC(24)     Total                          Min: 0, Avg:  0.0, Max: 0, Diff: 0, Sum: 0, Workers: 4
[12.241s][debug][gc,phases      ] GC(24)   Weak JFR Old Object Samples    Min:  0.0, Avg:  0.0, Max:  0.0, Diff:  0.0, Sum:  0.0, Workers: 4
[12.241s][debug][gc,phases      ] GC(24)     Dead                           Min: 0, Avg:  0.0, Max: 0, Diff: 0, Sum: 0, Workers: 4
[12.241s][debug][gc,phases      ] GC(24)     Total                          Min: 0, Avg:  0.0, Max: 0, Diff: 0, Sum: 0, Workers: 4
[12.241s][debug][gc,phases      ] GC(24) Weak Processing 0.350ms
[12.241s][debug][gc,age         ] GC(24) Desired survivor size 320339968 bytes, new threshold 15 (max threshold 15)
[12.241s][info ][gc,heap        ] GC(24) PSYoungGen: 1516091K(1516544K)->44875K(1784320K) Eden: 1471488K(1471488K)->0K(1469952K) From: 44603K(45056K)->44875K(314368K)
[12.241s][info ][gc,heap        ] GC(24) ParOldGen: 181396K(276992K)->181404K(276992K)
[12.241s][info ][gc,metaspace   ] GC(24) Metaspace: 60562K(61248K)->60562K(61248K) NonClass: 51627K(51968K)->51627K(51968K) Class: 8934K(9280K)->8934K(9280K)
[12.241s][info ][gc             ] GC(24) Pause Young (Allocation Failure) 1657M->220M(2013M) 21.509ms
[12.241s][info ][gc,cpu         ] GC(24) User=0.10s Sys=0.00s Real=0.02s
[12.241s][info ][safepoint      ] Safepoint "ParallelGCFailedAllocation", Time since last: 324294865 ns, Reaching safepoint: 179210 ns, At safepoint: 21616737 ns, Total: 21795947 ns
[12.523s][info ][gc,start       ] GC(25) Pause Young (Allocation Failure)
[12.545s][debug][gc,phases      ] GC(25) Scavenge 21.906ms
[12.545s][debug][gc,ref         ] GC(25) Skipped phase 1 of Reference Processing: no references
[12.545s][debug][gc,ref         ] GC(25) ReferenceProcessor::execute queues: 1, RefProcThreadModel::Single, marks_oops_alive: false
[12.545s][debug][gc,ref         ] GC(25) Skipped phase 3 of Reference Processing: no references
[12.545s][debug][gc,ref         ] GC(25) ReferenceProcessor::execute queues: 1, RefProcThreadModel::Single, marks_oops_alive: false
[12.545s][debug][gc,phases      ] GC(25) Reference Processing 0.172ms
[12.545s][debug][gc,phases      ] GC(25)   VM Weak                        Min:  0.0, Avg:  0.0, Max:  0.0, Diff:  0.0, Sum:  0.0, Workers: 4
[12.545s][debug][gc,phases      ] GC(25)     Dead                           Min: 0, Avg:  0.0, Max: 0, Diff: 0, Sum: 0, Workers: 4
[12.545s][debug][gc,phases      ] GC(25)     Total                          Min: 0, Avg: 113.8, Max: 455, Diff: 455, Sum: 455, Workers: 4
[12.545s][debug][gc,phases      ] GC(25)   ObjectSynchronizer Weak        Min:  0.0, Avg:  0.0, Max:  0.0, Diff:  0.0, Sum:  0.0, Workers: 4
[12.545s][debug][gc,phases      ] GC(25)     Dead                           Min: 0, Avg:  0.2, Max: 1, Diff: 1, Sum: 1, Workers: 4
[12.545s][debug][gc,phases      ] GC(25)     Total                          Min: 64, Avg: 131.8, Max: 192, Diff: 128, Sum: 527, Workers: 4
[12.545s][debug][gc,phases      ] GC(25)   JVMTI Tag Weak OopStorage      Min:  0.0, Avg:  0.0, Max:  0.0, Diff:  0.0, Sum:  0.0, Workers: 4
[12.545s][debug][gc,phases      ] GC(25)     Dead                           Min: 0, Avg:  0.0, Max: 0, Diff: 0, Sum: 0, Workers: 4
[12.545s][debug][gc,phases      ] GC(25)     Total                          Min: 0, Avg:  0.0, Max: 0, Diff: 0, Sum: 0, Workers: 4
[12.545s][debug][gc,phases      ] GC(25)   StringTable Weak               Min:  0.1, Avg:  0.1, Max:  0.1, Diff:  0.0, Sum:  0.5, Workers: 4
[12.545s][debug][gc,phases      ] GC(25)     Dead                           Min: 0, Avg:  3.2, Max: 11, Diff: 11, Sum: 13, Workers: 4
[12.545s][debug][gc,phases      ] GC(25)     Total                          Min: 9216, Avg: 10395.5, Max: 11968, Diff: 2752, Sum: 41582, Workers: 4
[12.545s][debug][gc,phases      ] GC(25)   ResolvedMethodTable Weak       Min:  0.0, Avg:  0.0, Max:  0.0, Diff:  0.0, Sum:  0.1, Workers: 4
[12.545s][debug][gc,phases      ] GC(25)     Dead                           Min: 0, Avg: 31.0, Max: 65, Diff: 65, Sum: 124, Workers: 4
[12.545s][debug][gc,phases      ] GC(25)     Total                          Min: 1255, Avg: 1593.8, Max: 1856, Diff: 601, Sum: 6375, Workers: 4
[12.545s][debug][gc,phases      ] GC(25)   JNI Weak                       Min:  0.0, Avg:  0.0, Max:  0.0, Diff:  0.0, Sum:  0.0, Workers: 4
[12.545s][debug][gc,phases      ] GC(25)     Dead                           Min: 0, Avg:  0.0, Max: 0, Diff: 0, Sum: 0, Workers: 4
[12.545s][debug][gc,phases      ] GC(25)     Total                          Min: 0, Avg:  0.0, Max: 0, Diff: 0, Sum: 0, Workers: 4
[12.545s][debug][gc,phases      ] GC(25)   StringDedup Table Weak         Min:  0.0, Avg:  0.0, Max:  0.0, Diff:  0.0, Sum:  0.0, Workers: 4
[12.545s][debug][gc,phases      ] GC(25)     Dead                           Min: 0, Avg:  0.0, Max: 0, Diff: 0, Sum: 0, Workers: 4
[12.545s][debug][gc,phases      ] GC(25)     Total                          Min: 0, Avg:  0.0, Max: 0, Diff: 0, Sum: 0, Workers: 4
[12.545s][debug][gc,phases      ] GC(25)   StringDedup Requests0 Weak     Min:  0.0, Avg:  0.0, Max:  0.0, Diff:  0.0, Sum:  0.0, Workers: 4
[12.545s][debug][gc,phases      ] GC(25)     Dead                           Min: 0, Avg:  0.0, Max: 0, Diff: 0, Sum: 0, Workers: 4
[12.545s][debug][gc,phases      ] GC(25)     Total                          Min: 0, Avg:  0.0, Max: 0, Diff: 0, Sum: 0, Workers: 4
[12.545s][debug][gc,phases      ] GC(25)   StringDedup Requests1 Weak     Min:  0.0, Avg:  0.0, Max:  0.0, Diff:  0.0, Sum:  0.0, Workers: 4
[12.545s][debug][gc,phases      ] GC(25)     Dead                           Min: 0, Avg:  0.0, Max: 0, Diff: 0, Sum: 0, Workers: 4
[12.545s][debug][gc,phases      ] GC(25)     Total                          Min: 0, Avg:  0.0, Max: 0, Diff: 0, Sum: 0, Workers: 4
[12.545s][debug][gc,phases      ] GC(25)   Weak JFR Old Object Samples    Min:  0.0, Avg:  0.0, Max:  0.0, Diff:  0.0, Sum:  0.0, Workers: 4
[12.545s][debug][gc,phases      ] GC(25)     Dead                           Min: 0, Avg:  0.0, Max: 0, Diff: 0, Sum: 0, Workers: 4
[12.545s][debug][gc,phases      ] GC(25)     Total                          Min: 0, Avg:  0.0, Max: 0, Diff: 0, Sum: 0, Workers: 4
[12.545s][debug][gc,phases      ] GC(25) Weak Processing 0.365ms
[12.545s][debug][gc,age         ] GC(25) Desired survivor size 316669952 bytes, new threshold 15 (max threshold 15)
[12.545s][info ][gc,heap        ] GC(25) PSYoungGen: 1514827K(1784320K)->43099K(1782784K) Eden: 1469952K(1469952K)->0K(1469952K) From: 44875K(314368K)->43099K(312832K)
[12.545s][info ][gc,heap        ] GC(25) ParOldGen: 181404K(276992K)->184788K(276992K)
[12.545s][info ][gc,metaspace   ] GC(25) Metaspace: 63985K(64640K)->63985K(64640K) NonClass: 54618K(54976K)->54618K(54976K) Class: 9367K(9664K)->9367K(9664K)
[12.545s][info ][gc             ] GC(25) Pause Young (Allocation Failure) 1656M->222M(2011M) 22.589ms
[12.545s][info ][gc,cpu         ] GC(25) User=0.09s Sys=0.00s Real=0.02s
[12.546s][info ][safepoint      ] Safepoint "ParallelGCFailedAllocation", Time since last: 281709727 ns, Reaching safepoint: 216113 ns, At safepoint: 22710300 ns, Total: 22926413 ns
[12.862s][info ][gc,start       ] GC(26) Pause Young (Allocation Failure)
[12.892s][debug][gc,phases      ] GC(26) Scavenge 30.902ms
[12.893s][debug][gc,ref         ] GC(26) Skipped phase 1 of Reference Processing: no references
[12.893s][debug][gc,ref         ] GC(26) ReferenceProcessor::execute queues: 1, RefProcThreadModel::Single, marks_oops_alive: false
[12.893s][debug][gc,ref         ] GC(26) Skipped phase 3 of Reference Processing: no references
[12.893s][debug][gc,ref         ] GC(26) ReferenceProcessor::execute queues: 1, RefProcThreadModel::Single, marks_oops_alive: false
[12.893s][debug][gc,phases      ] GC(26) Reference Processing 0.197ms
[12.893s][debug][gc,phases      ] GC(26)   VM Weak                        Min:  0.0, Avg:  0.0, Max:  0.0, Diff:  0.0, Sum:  0.0, Workers: 4
[12.893s][debug][gc,phases      ] GC(26)     Dead                           Min: 0, Avg:  0.0, Max: 0, Diff: 0, Sum: 0, Workers: 4
[12.893s][debug][gc,phases      ] GC(26)     Total                          Min: 0, Avg: 117.8, Max: 279, Diff: 279, Sum: 471, Workers: 4
[12.893s][debug][gc,phases      ] GC(26)   ObjectSynchronizer Weak        Min:  0.0, Avg:  0.0, Max:  0.0, Diff:  0.0, Sum:  0.0, Workers: 4
[12.893s][debug][gc,phases      ] GC(26)     Dead                           Min: 0, Avg:  0.0, Max: 0, Diff: 0, Sum: 0, Workers: 4
[12.893s][debug][gc,phases      ] GC(26)     Total                          Min: 0, Avg: 131.8, Max: 256, Diff: 256, Sum: 527, Workers: 4
[12.893s][debug][gc,phases      ] GC(26)   JVMTI Tag Weak OopStorage      Min:  0.0, Avg:  0.0, Max:  0.0, Diff:  0.0, Sum:  0.0, Workers: 4
[12.893s][debug][gc,phases      ] GC(26)     Dead                           Min: 0, Avg:  0.0, Max: 0, Diff: 0, Sum: 0, Workers: 4
[12.893s][debug][gc,phases      ] GC(26)     Total                          Min: 0, Avg:  0.0, Max: 0, Diff: 0, Sum: 0, Workers: 4
[12.893s][debug][gc,phases      ] GC(26)   StringTable Weak               Min:  0.1, Avg:  0.1, Max:  0.1, Diff:  0.0, Sum:  0.5, Workers: 4
[12.893s][debug][gc,phases      ] GC(26)     Dead                           Min: 0, Avg:  3.5, Max: 13, Diff: 13, Sum: 14, Workers: 4
[12.893s][debug][gc,phases      ] GC(26)     Total                          Min: 9856, Avg: 10453.0, Max: 11668, Diff: 1812, Sum: 41812, Workers: 4
[12.893s][debug][gc,phases      ] GC(26)   ResolvedMethodTable Weak       Min:  0.0, Avg:  0.0, Max:  0.0, Diff:  0.0, Sum:  0.1, Workers: 4
[12.893s][debug][gc,phases      ] GC(26)     Dead                           Min: 0, Avg:  4.2, Max: 16, Diff: 16, Sum: 17, Workers: 4
[12.893s][debug][gc,phases      ] GC(26)     Total                          Min: 1407, Avg: 1627.0, Max: 1919, Diff: 512, Sum: 6508, Workers: 4
[12.893s][debug][gc,phases      ] GC(26)   JNI Weak                       Min:  0.0, Avg:  0.0, Max:  0.0, Diff:  0.0, Sum:  0.0, Workers: 4
[12.893s][debug][gc,phases      ] GC(26)     Dead                           Min: 0, Avg:  0.0, Max: 0, Diff: 0, Sum: 0, Workers: 4
[12.893s][debug][gc,phases      ] GC(26)     Total                          Min: 0, Avg:  2.5, Max: 10, Diff: 10, Sum: 10, Workers: 4
[12.893s][debug][gc,phases      ] GC(26)   StringDedup Table Weak         Min:  0.0, Avg:  0.0, Max:  0.0, Diff:  0.0, Sum:  0.0, Workers: 4
[12.893s][debug][gc,phases      ] GC(26)     Dead                           Min: 0, Avg:  0.0, Max: 0, Diff: 0, Sum: 0, Workers: 4
[12.893s][debug][gc,phases      ] GC(26)     Total                          Min: 0, Avg:  0.0, Max: 0, Diff: 0, Sum: 0, Workers: 4
[12.893s][debug][gc,phases      ] GC(26)   StringDedup Requests0 Weak     Min:  0.0, Avg:  0.0, Max:  0.0, Diff:  0.0, Sum:  0.0, Workers: 4
[12.893s][debug][gc,phases      ] GC(26)     Dead                           Min: 0, Avg:  0.0, Max: 0, Diff: 0, Sum: 0, Workers: 4
[12.893s][debug][gc,phases      ] GC(26)     Total                          Min: 0, Avg:  0.0, Max: 0, Diff: 0, Sum: 0, Workers: 4
[12.893s][debug][gc,phases      ] GC(26)   StringDedup Requests1 Weak     Min:  0.0, Avg:  0.0, Max:  0.0, Diff:  0.0, Sum:  0.0, Workers: 4
[12.893s][debug][gc,phases      ] GC(26)     Dead                           Min: 0, Avg:  0.0, Max: 0, Diff: 0, Sum: 0, Workers: 4
[12.893s][debug][gc,phases      ] GC(26)     Total                          Min: 0, Avg:  0.0, Max: 0, Diff: 0, Sum: 0, Workers: 4
[12.893s][debug][gc,phases      ] GC(26)   Weak JFR Old Object Samples    Min:  0.0, Avg:  0.0, Max:  0.0, Diff:  0.0, Sum:  0.0, Workers: 4
[12.893s][debug][gc,phases      ] GC(26)     Dead                           Min: 0, Avg:  0.0, Max: 0, Diff: 0, Sum: 0, Workers: 4
[12.893s][debug][gc,phases      ] GC(26)     Total                          Min: 0, Avg:  0.0, Max: 0, Diff: 0, Sum: 0, Workers: 4
[12.893s][debug][gc,phases      ] GC(26) Weak Processing 0.380ms
[12.893s][debug][gc,age         ] GC(26) Desired survivor size 310902784 bytes, new threshold 15 (max threshold 15)
[12.893s][info ][gc,heap        ] GC(26) PSYoungGen: 1513051K(1782784K)->42923K(1793536K) Eden: 1469952K(1469952K)->0K(1484288K) From: 43099K(312832K)->42923K(309248K)
[12.893s][info ][gc,heap        ] GC(26) ParOldGen: 184788K(276992K)->202912K(276992K)
[12.893s][info ][gc,metaspace   ] GC(26) Metaspace: 65284K(65920K)->65284K(65920K) NonClass: 55759K(56128K)->55759K(56128K) Class: 9524K(9792K)->9524K(9792K)
[12.893s][info ][gc             ] GC(26) Pause Young (Allocation Failure) 1658M->240M(2022M) 31.631ms
[12.893s][info ][gc,cpu         ] GC(26) User=0.12s Sys=0.01s Real=0.03s
[12.893s][info ][safepoint      ] Safepoint "ParallelGCFailedAllocation", Time since last: 315767676 ns, Reaching safepoint: 163009 ns, At safepoint: 31746618 ns, Total: 31909627 ns
[13.171s][info ][gc,start       ] GC(27) Pause Young (Allocation Failure)
[13.234s][debug][gc,phases      ] GC(27) Scavenge 62.115ms
[13.234s][debug][gc,ref         ] GC(27) Skipped phase 1 of Reference Processing: no references
[13.234s][debug][gc,ref         ] GC(27) ReferenceProcessor::execute queues: 1, RefProcThreadModel::Single, marks_oops_alive: false
[13.234s][debug][gc,ref         ] GC(27) Skipped phase 3 of Reference Processing: no references
[13.234s][debug][gc,ref         ] GC(27) ReferenceProcessor::execute queues: 1, RefProcThreadModel::Single, marks_oops_alive: false
[13.234s][debug][gc,phases      ] GC(27) Reference Processing 0.189ms
[13.234s][debug][gc,phases      ] GC(27)   VM Weak                        Min:  0.0, Avg:  0.0, Max:  0.0, Diff:  0.0, Sum:  0.0, Workers: 4
[13.234s][debug][gc,phases      ] GC(27)     Dead                           Min: 0, Avg:  0.0, Max: 0, Diff: 0, Sum: 0, Workers: 4
[13.234s][debug][gc,phases      ] GC(27)     Total                          Min: 0, Avg: 117.8, Max: 471, Diff: 471, Sum: 471, Workers: 4
[13.234s][debug][gc,phases      ] GC(27)   ObjectSynchronizer Weak        Min:  0.0, Avg:  0.0, Max:  0.0, Diff:  0.0, Sum:  0.0, Workers: 4
[13.234s][debug][gc,phases      ] GC(27)     Dead                           Min: 0, Avg:  0.0, Max: 0, Diff: 0, Sum: 0, Workers: 4
[13.234s][debug][gc,phases      ] GC(27)     Total                          Min: 0, Avg: 131.8, Max: 271, Diff: 271, Sum: 527, Workers: 4
[13.234s][debug][gc,phases      ] GC(27)   JVMTI Tag Weak OopStorage      Min:  0.0, Avg:  0.0, Max:  0.0, Diff:  0.0, Sum:  0.0, Workers: 4
[13.234s][debug][gc,phases      ] GC(27)     Dead                           Min: 0, Avg:  0.0, Max: 0, Diff: 0, Sum: 0, Workers: 4
[13.234s][debug][gc,phases      ] GC(27)     Total                          Min: 0, Avg:  0.0, Max: 0, Diff: 0, Sum: 0, Workers: 4
[13.234s][debug][gc,phases      ] GC(27)   StringTable Weak               Min:  0.1, Avg:  0.1, Max:  0.1, Diff:  0.0, Sum:  0.4, Workers: 4
[13.234s][debug][gc,phases      ] GC(27)     Dead                           Min: 0, Avg:  0.0, Max: 0, Diff: 0, Sum: 0, Workers: 4
[13.234s][debug][gc,phases      ] GC(27)     Total                          Min: 9024, Avg: 10464.5, Max: 11264, Diff: 2240, Sum: 41858, Workers: 4
[13.234s][debug][gc,phases      ] GC(27)   ResolvedMethodTable Weak       Min:  0.0, Avg:  0.0, Max:  0.0, Diff:  0.0, Sum:  0.1, Workers: 4
[13.234s][debug][gc,phases      ] GC(27)     Dead                           Min: 0, Avg:  0.0, Max: 0, Diff: 0, Sum: 0, Workers: 4
[13.234s][debug][gc,phases      ] GC(27)     Total                          Min: 1471, Avg: 1629.5, Max: 1855, Diff: 384, Sum: 6518, Workers: 4
[13.234s][debug][gc,phases      ] GC(27)   JNI Weak                       Min:  0.0, Avg:  0.0, Max:  0.0, Diff:  0.0, Sum:  0.0, Workers: 4
[13.234s][debug][gc,phases      ] GC(27)     Dead                           Min: 0, Avg:  0.0, Max: 0, Diff: 0, Sum: 0, Workers: 4
[13.234s][debug][gc,phases      ] GC(27)     Total                          Min: 0, Avg:  1.8, Max: 7, Diff: 7, Sum: 7, Workers: 4
[13.234s][debug][gc,phases      ] GC(27)   StringDedup Table Weak         Min:  0.0, Avg:  0.0, Max:  0.0, Diff:  0.0, Sum:  0.0, Workers: 4
[13.234s][debug][gc,phases      ] GC(27)     Dead                           Min: 0, Avg:  0.0, Max: 0, Diff: 0, Sum: 0, Workers: 4
[13.234s][debug][gc,phases      ] GC(27)     Total                          Min: 0, Avg:  0.0, Max: 0, Diff: 0, Sum: 0, Workers: 4
[13.234s][debug][gc,phases      ] GC(27)   StringDedup Requests0 Weak     Min:  0.0, Avg:  0.0, Max:  0.0, Diff:  0.0, Sum:  0.0, Workers: 4
[13.234s][debug][gc,phases      ] GC(27)     Dead                           Min: 0, Avg:  0.0, Max: 0, Diff: 0, Sum: 0, Workers: 4
[13.234s][debug][gc,phases      ] GC(27)     Total                          Min: 0, Avg:  0.0, Max: 0, Diff: 0, Sum: 0, Workers: 4
[13.234s][debug][gc,phases      ] GC(27)   StringDedup Requests1 Weak     Min:  0.0, Avg:  0.0, Max:  0.0, Diff:  0.0, Sum:  0.0, Workers: 4
[13.234s][debug][gc,phases      ] GC(27)     Dead                           Min: 0, Avg:  0.0, Max: 0, Diff: 0, Sum: 0, Workers: 4
[13.234s][debug][gc,phases      ] GC(27)     Total                          Min: 0, Avg:  0.0, Max: 0, Diff: 0, Sum: 0, Workers: 4
[13.234s][debug][gc,phases      ] GC(27)   Weak JFR Old Object Samples    Min:  0.0, Avg:  0.0, Max:  0.0, Diff:  0.0, Sum:  0.0, Workers: 4
[13.234s][debug][gc,phases      ] GC(27)     Dead                           Min: 0, Avg:  0.0, Max: 0, Diff: 0, Sum: 0, Workers: 4
[13.234s][debug][gc,phases      ] GC(27)     Total                          Min: 0, Avg:  0.0, Max: 0, Diff: 0, Sum: 0, Workers: 4
[13.234s][debug][gc,phases      ] GC(27) Weak Processing 0.379ms
[13.234s][debug][gc,age         ] GC(27) Desired survivor size 294649856 bytes, new threshold 15 (max threshold 15)
[13.234s][info ][gc,heap        ] GC(27) PSYoungGen: 1527211K(1793536K)->96126K(1787904K) Eden: 1484288K(1484288K)->0K(1484288K) From: 42923K(309248K)->96126K(303616K)
[13.234s][info ][gc,heap        ] GC(27) ParOldGen: 202912K(276992K)->206728K(276992K)
[13.234s][info ][gc,metaspace   ] GC(27) Metaspace: 65293K(65920K)->65293K(65920K) NonClass: 55765K(56128K)->55765K(56128K) Class: 9528K(9792K)->9528K(9792K)
[13.234s][info ][gc             ] GC(27) Pause Young (Allocation Failure) 1689M->295M(2016M) 62.829ms
[13.234s][info ][gc,cpu         ] GC(27) User=0.24s Sys=0.00s Real=0.06s
[13.234s][info ][safepoint      ] Safepoint "ParallelGCFailedAllocation", Time since last: 274838396 ns, Reaching safepoint: 3249487 ns, At safepoint: 62956119 ns, Total: 66205606 ns
[13.534s][info ][gc,start       ] GC(28) Pause Young (Allocation Failure)
[13.611s][debug][gc,phases      ] GC(28) Scavenge 76.493ms
[13.611s][debug][gc,ref         ] GC(28) Skipped phase 1 of Reference Processing: no references
[13.611s][debug][gc,ref         ] GC(28) ReferenceProcessor::execute queues: 1, RefProcThreadModel::Single, marks_oops_alive: false
[13.611s][debug][gc,ref         ] GC(28) Skipped phase 3 of Reference Processing: no references
[13.611s][debug][gc,ref         ] GC(28) ReferenceProcessor::execute queues: 1, RefProcThreadModel::Single, marks_oops_alive: false
[13.611s][debug][gc,phases      ] GC(28) Reference Processing 0.186ms
[13.611s][debug][gc,phases      ] GC(28)   VM Weak                        Min:  0.0, Avg:  0.0, Max:  0.0, Diff:  0.0, Sum:  0.0, Workers: 4
[13.611s][debug][gc,phases      ] GC(28)     Dead                           Min: 0, Avg:  0.0, Max: 0, Diff: 0, Sum: 0, Workers: 4
[13.611s][debug][gc,phases      ] GC(28)     Total                          Min: 0, Avg: 117.8, Max: 448, Diff: 448, Sum: 471, Workers: 4
[13.611s][debug][gc,phases      ] GC(28)   ObjectSynchronizer Weak        Min:  0.0, Avg:  0.0, Max:  0.0, Diff:  0.0, Sum:  0.0, Workers: 4
[13.611s][debug][gc,phases      ] GC(28)     Dead                           Min: 0, Avg:  0.0, Max: 0, Diff: 0, Sum: 0, Workers: 4
[13.611s][debug][gc,phases      ] GC(28)     Total                          Min: 0, Avg: 131.8, Max: 207, Diff: 207, Sum: 527, Workers: 4
[13.611s][debug][gc,phases      ] GC(28)   JVMTI Tag Weak OopStorage      Min:  0.0, Avg:  0.0, Max:  0.0, Diff:  0.0, Sum:  0.0, Workers: 4
[13.611s][debug][gc,phases      ] GC(28)     Dead                           Min: 0, Avg:  0.0, Max: 0, Diff: 0, Sum: 0, Workers: 4
[13.611s][debug][gc,phases      ] GC(28)     Total                          Min: 0, Avg:  0.0, Max: 0, Diff: 0, Sum: 0, Workers: 4
[13.611s][debug][gc,phases      ] GC(28)   StringTable Weak               Min:  0.1, Avg:  0.1, Max:  0.1, Diff:  0.0, Sum:  0.4, Workers: 4
[13.611s][debug][gc,phases      ] GC(28)     Dead                           Min: 0, Avg:  2.8, Max: 11, Diff: 11, Sum: 11, Workers: 4
[13.611s][debug][gc,phases      ] GC(28)     Total                          Min: 8576, Avg: 10464.5, Max: 11789, Diff: 3213, Sum: 41858, Workers: 4
[13.611s][debug][gc,phases      ] GC(28)   ResolvedMethodTable Weak       Min:  0.0, Avg:  0.0, Max:  0.0, Diff:  0.0, Sum:  0.1, Workers: 4
[13.611s][debug][gc,phases      ] GC(28)     Dead                           Min: 0, Avg:  0.0, Max: 0, Diff: 0, Sum: 0, Workers: 4
[13.611s][debug][gc,phases      ] GC(28)     Total                          Min: 1407, Avg: 1629.5, Max: 1855, Diff: 448, Sum: 6518, Workers: 4
[13.611s][debug][gc,phases      ] GC(28)   JNI Weak                       Min:  0.0, Avg:  0.0, Max:  0.0, Diff:  0.0, Sum:  0.0, Workers: 4
[13.611s][debug][gc,phases      ] GC(28)     Dead                           Min: 0, Avg:  0.0, Max: 0, Diff: 0, Sum: 0, Workers: 4
[13.611s][debug][gc,phases      ] GC(28)     Total                          Min: 0, Avg:  3.0, Max: 12, Diff: 12, Sum: 12, Workers: 4
[13.611s][debug][gc,phases      ] GC(28)   StringDedup Table Weak         Min:  0.0, Avg:  0.0, Max:  0.0, Diff:  0.0, Sum:  0.0, Workers: 4
[13.611s][debug][gc,phases      ] GC(28)     Dead                           Min: 0, Avg:  0.0, Max: 0, Diff: 0, Sum: 0, Workers: 4
[13.611s][debug][gc,phases      ] GC(28)     Total                          Min: 0, Avg:  0.0, Max: 0, Diff: 0, Sum: 0, Workers: 4
[13.611s][debug][gc,phases      ] GC(28)   StringDedup Requests0 Weak     Min:  0.0, Avg:  0.0, Max:  0.0, Diff:  0.0, Sum:  0.0, Workers: 4
[13.611s][debug][gc,phases      ] GC(28)     Dead                           Min: 0, Avg:  0.0, Max: 0, Diff: 0, Sum: 0, Workers: 4
[13.611s][debug][gc,phases      ] GC(28)     Total                          Min: 0, Avg:  0.0, Max: 0, Diff: 0, Sum: 0, Workers: 4
[13.611s][debug][gc,phases      ] GC(28)   StringDedup Requests1 Weak     Min:  0.0, Avg:  0.0, Max:  0.0, Diff:  0.0, Sum:  0.0, Workers: 4
[13.611s][debug][gc,phases      ] GC(28)     Dead                           Min: 0, Avg:  0.0, Max: 0, Diff: 0, Sum: 0, Workers: 4
[13.611s][debug][gc,phases      ] GC(28)     Total                          Min: 0, Avg:  0.0, Max: 0, Diff: 0, Sum: 0, Workers: 4
[13.611s][debug][gc,phases      ] GC(28)   Weak JFR Old Object Samples    Min:  0.0, Avg:  0.0, Max:  0.0, Diff:  0.0, Sum:  0.0, Workers: 4
[13.611s][debug][gc,phases      ] GC(28)     Dead                           Min: 0, Avg:  0.0, Max: 0, Diff: 0, Sum: 0, Workers: 4
[13.611s][debug][gc,phases      ] GC(28)     Total                          Min: 0, Avg:  0.0, Max: 0, Diff: 0, Sum: 0, Workers: 4
[13.611s][debug][gc,phases      ] GC(28) Weak Processing 0.382ms
[13.611s][debug][gc,age         ] GC(28) Desired survivor size 293601280 bytes, new threshold 15 (max threshold 15)
[13.611s][info ][gc,heap        ] GC(28) PSYoungGen: 1580414K(1787904K)->157115K(1810432K) Eden: 1484288K(1484288K)->0K(1522688K) From: 96126K(303616K)->157115K(287744K)
[13.611s][info ][gc,heap        ] GC(28) ParOldGen: 206728K(276992K)->208016K(276992K)
[13.611s][info ][gc,metaspace   ] GC(28) Metaspace: 65294K(65920K)->65294K(65920K) NonClass: 55766K(56128K)->55766K(56128K) Class: 9528K(9792K)->9528K(9792K)
[13.611s][info ][gc             ] GC(28) Pause Young (Allocation Failure) 1745M->356M(2038M) 77.206ms
[13.611s][info ][gc,cpu         ] GC(28) User=0.30s Sys=0.00s Real=0.08s
[13.611s][info ][safepoint      ] Safepoint "ParallelGCFailedAllocation", Time since last: 299670729 ns, Reaching safepoint: 127307 ns, At safepoint: 77330046 ns, Total: 77457353 ns
[13.904s][info ][gc,start       ] GC(29) Pause Young (Allocation Failure)
[14.007s][debug][gc,phases      ] GC(29) Scavenge 102.553ms
[14.007s][debug][gc,ref         ] GC(29) Skipped phase 1 of Reference Processing: no references
[14.007s][debug][gc,ref         ] GC(29) ReferenceProcessor::execute queues: 1, RefProcThreadModel::Single, marks_oops_alive: false
[14.007s][debug][gc,ref         ] GC(29) Skipped phase 3 of Reference Processing: no references
[14.007s][debug][gc,ref         ] GC(29) ReferenceProcessor::execute queues: 1, RefProcThreadModel::Single, marks_oops_alive: false
[14.007s][debug][gc,phases      ] GC(29) Reference Processing 0.200ms
[14.008s][debug][gc,phases      ] GC(29)   VM Weak                        Min:  0.0, Avg:  0.0, Max:  0.0, Diff:  0.0, Sum:  0.0, Workers: 4
[14.008s][debug][gc,phases      ] GC(29)     Dead                           Min: 0, Avg:  0.0, Max: 0, Diff: 0, Sum: 0, Workers: 4
[14.008s][debug][gc,phases      ] GC(29)     Total                          Min: 0, Avg: 117.8, Max: 471, Diff: 471, Sum: 471, Workers: 4
[14.008s][debug][gc,phases      ] GC(29)   ObjectSynchronizer Weak        Min:  0.0, Avg:  0.0, Max:  0.0, Diff:  0.0, Sum:  0.0, Workers: 4
[14.008s][debug][gc,phases      ] GC(29)     Dead                           Min: 0, Avg:  0.0, Max: 0, Diff: 0, Sum: 0, Workers: 4
[14.008s][debug][gc,phases      ] GC(29)     Total                          Min: 0, Avg: 131.8, Max: 399, Diff: 399, Sum: 527, Workers: 4
[14.008s][debug][gc,phases      ] GC(29)   JVMTI Tag Weak OopStorage      Min:  0.0, Avg:  0.0, Max:  0.0, Diff:  0.0, Sum:  0.0, Workers: 4
[14.008s][debug][gc,phases      ] GC(29)     Dead                           Min: 0, Avg:  0.0, Max: 0, Diff: 0, Sum: 0, Workers: 4
[14.008s][debug][gc,phases      ] GC(29)     Total                          Min: 0, Avg:  0.0, Max: 0, Diff: 0, Sum: 0, Workers: 4
[14.008s][debug][gc,phases      ] GC(29)   StringTable Weak               Min:  0.1, Avg:  0.1, Max:  0.1, Diff:  0.0, Sum:  0.5, Workers: 4
[14.008s][debug][gc,phases      ] GC(29)     Dead                           Min: 0, Avg:  2.8, Max: 11, Diff: 11, Sum: 11, Workers: 4
[14.008s][debug][gc,phases      ] GC(29)     Total                          Min: 9664, Avg: 10464.5, Max: 11661, Diff: 1997, Sum: 41858, Workers: 4
[14.008s][debug][gc,phases      ] GC(29)   ResolvedMethodTable Weak       Min:  0.0, Avg:  0.0, Max:  0.0, Diff:  0.0, Sum:  0.1, Workers: 4
[14.008s][debug][gc,phases      ] GC(29)     Dead                           Min: 0, Avg:  0.0, Max: 0, Diff: 0, Sum: 0, Workers: 4
[14.008s][debug][gc,phases      ] GC(29)     Total                          Min: 1408, Avg: 1629.5, Max: 1854, Diff: 446, Sum: 6518, Workers: 4
[14.008s][debug][gc,phases      ] GC(29)   JNI Weak                       Min:  0.0, Avg:  0.0, Max:  0.0, Diff:  0.0, Sum:  0.0, Workers: 4
[14.008s][debug][gc,phases      ] GC(29)     Dead                           Min: 0, Avg:  0.0, Max: 0, Diff: 0, Sum: 0, Workers: 4
[14.008s][debug][gc,phases      ] GC(29)     Total                          Min: 0, Avg:  2.5, Max: 10, Diff: 10, Sum: 10, Workers: 4
[14.008s][debug][gc,phases      ] GC(29)   StringDedup Table Weak         Min:  0.0, Avg:  0.0, Max:  0.0, Diff:  0.0, Sum:  0.0, Workers: 4
[14.008s][debug][gc,phases      ] GC(29)     Dead                           Min: 0, Avg:  0.0, Max: 0, Diff: 0, Sum: 0, Workers: 4
[14.008s][debug][gc,phases      ] GC(29)     Total                          Min: 0, Avg:  0.0, Max: 0, Diff: 0, Sum: 0, Workers: 4
[14.008s][debug][gc,phases      ] GC(29)   StringDedup Requests0 Weak     Min:  0.0, Avg:  0.0, Max:  0.0, Diff:  0.0, Sum:  0.0, Workers: 4
[14.008s][debug][gc,phases      ] GC(29)     Dead                           Min: 0, Avg:  0.0, Max: 0, Diff: 0, Sum: 0, Workers: 4
[14.008s][debug][gc,phases      ] GC(29)     Total                          Min: 0, Avg:  0.0, Max: 0, Diff: 0, Sum: 0, Workers: 4
[14.008s][debug][gc,phases      ] GC(29)   StringDedup Requests1 Weak     Min:  0.0, Avg:  0.0, Max:  0.0, Diff:  0.0, Sum:  0.0, Workers: 4
[14.008s][debug][gc,phases      ] GC(29)     Dead                           Min: 0, Avg:  0.0, Max: 0, Diff: 0, Sum: 0, Workers: 4
[14.008s][debug][gc,phases      ] GC(29)     Total                          Min: 0, Avg:  0.0, Max: 0, Diff: 0, Sum: 0, Workers: 4
[14.008s][debug][gc,phases      ] GC(29)   Weak JFR Old Object Samples    Min:  0.0, Avg:  0.0, Max:  0.0, Diff:  0.0, Sum:  0.0, Workers: 4
[14.008s][debug][gc,phases      ] GC(29)     Dead                           Min: 0, Avg:  0.0, Max: 0, Diff: 0, Sum: 0, Workers: 4
[14.008s][debug][gc,phases      ] GC(29)     Total                          Min: 0, Avg:  0.0, Max: 0, Diff: 0, Sum: 0, Workers: 4
[14.008s][debug][gc,phases      ] GC(29) Weak Processing 0.399ms
[14.008s][debug][gc,age         ] GC(29) Desired survivor size 308281344 bytes, new threshold 15 (max threshold 15)
[14.008s][info ][gc,heap        ] GC(29) PSYoungGen: 1679803K(1810432K)->200174K(1722880K) Eden: 1522688K(1522688K)->0K(1522688K) From: 157115K(287744K)->200174K(200192K)
[14.008s][info ][gc,heap        ] GC(29) ParOldGen: 208016K(276992K)->209339K(276992K)
[14.008s][info ][gc,metaspace   ] GC(29) Metaspace: 65304K(65920K)->65304K(65920K) NonClass: 55776K(56128K)->55776K(56128K) Class: 9528K(9792K)->9528K(9792K)
[14.008s][info ][gc             ] GC(29) Pause Young (Allocation Failure) 1843M->399M(1953M) 103.319ms
[14.008s][info ][gc,cpu         ] GC(29) User=0.46s Sys=0.01s Real=0.10s
[14.008s][info ][safepoint      ] Safepoint "ParallelGCFailedAllocation", Time since last: 292841336 ns, Reaching safepoint: 189411 ns, At safepoint: 103440136 ns, Total: 103629547 ns
[14.374s][info ][gc,start       ] GC(30) Pause Young (Allocation Failure)
[14.508s][debug][gc,phases      ] GC(30) Scavenge 133.427ms
[14.508s][debug][gc,ref         ] GC(30) Skipped phase 1 of Reference Processing: no references
[14.508s][debug][gc,ref         ] GC(30) ReferenceProcessor::execute queues: 1, RefProcThreadModel::Single, marks_oops_alive: false
[14.508s][debug][gc,ref         ] GC(30) Skipped phase 3 of Reference Processing: no references
[14.508s][debug][gc,ref         ] GC(30) ReferenceProcessor::execute queues: 1, RefProcThreadModel::Single, marks_oops_alive: false
[14.508s][debug][gc,phases      ] GC(30) Reference Processing 0.169ms
[14.508s][debug][gc,phases      ] GC(30)   VM Weak                        Min:  0.0, Avg:  0.0, Max:  0.0, Diff:  0.0, Sum:  0.0, Workers: 4
[14.508s][debug][gc,phases      ] GC(30)     Dead                           Min: 0, Avg:  0.0, Max: 0, Diff: 0, Sum: 0, Workers: 4
[14.508s][debug][gc,phases      ] GC(30)     Total                          Min: 0, Avg: 117.8, Max: 407, Diff: 407, Sum: 471, Workers: 4
[14.508s][debug][gc,phases      ] GC(30)   ObjectSynchronizer Weak        Min:  0.0, Avg:  0.0, Max:  0.0, Diff:  0.0, Sum:  0.0, Workers: 4
[14.508s][debug][gc,phases      ] GC(30)     Dead                           Min: 0, Avg:  0.0, Max: 0, Diff: 0, Sum: 0, Workers: 4
[14.508s][debug][gc,phases      ] GC(30)     Total                          Min: 0, Avg: 131.8, Max: 271, Diff: 271, Sum: 527, Workers: 4
[14.508s][debug][gc,phases      ] GC(30)   JVMTI Tag Weak OopStorage      Min:  0.0, Avg:  0.0, Max:  0.0, Diff:  0.0, Sum:  0.0, Workers: 4
[14.508s][debug][gc,phases      ] GC(30)     Dead                           Min: 0, Avg:  0.0, Max: 0, Diff: 0, Sum: 0, Workers: 4
[14.508s][debug][gc,phases      ] GC(30)     Total                          Min: 0, Avg:  0.0, Max: 0, Diff: 0, Sum: 0, Workers: 4
[14.508s][debug][gc,phases      ] GC(30)   StringTable Weak               Min:  0.1, Avg:  0.1, Max:  0.1, Diff:  0.0, Sum:  0.5, Workers: 4
[14.508s][debug][gc,phases      ] GC(30)     Dead                           Min: 0, Avg:  2.8, Max: 11, Diff: 11, Sum: 11, Workers: 4
[14.508s][debug][gc,phases      ] GC(30)     Total                          Min: 9280, Avg: 10464.5, Max: 11341, Diff: 2061, Sum: 41858, Workers: 4
[14.508s][debug][gc,phases      ] GC(30)   ResolvedMethodTable Weak       Min:  0.0, Avg:  0.0, Max:  0.0, Diff:  0.0, Sum:  0.1, Workers: 4
[14.508s][debug][gc,phases      ] GC(30)     Dead                           Min: 0, Avg:  0.0, Max: 0, Diff: 0, Sum: 0, Workers: 4
[14.508s][debug][gc,phases      ] GC(30)     Total                          Min: 1408, Avg: 1629.5, Max: 1854, Diff: 446, Sum: 6518, Workers: 4
[14.508s][debug][gc,phases      ] GC(30)   JNI Weak                       Min:  0.0, Avg:  0.0, Max:  0.0, Diff:  0.0, Sum:  0.0, Workers: 4
[14.508s][debug][gc,phases      ] GC(30)     Dead                           Min: 0, Avg:  0.0, Max: 0, Diff: 0, Sum: 0, Workers: 4
[14.508s][debug][gc,phases      ] GC(30)     Total                          Min: 0, Avg:  2.2, Max: 9, Diff: 9, Sum: 9, Workers: 4
[14.508s][debug][gc,phases      ] GC(30)   StringDedup Table Weak         Min:  0.0, Avg:  0.0, Max:  0.0, Diff:  0.0, Sum:  0.0, Workers: 4
[14.508s][debug][gc,phases      ] GC(30)     Dead                           Min: 0, Avg:  0.0, Max: 0, Diff: 0, Sum: 0, Workers: 4
[14.508s][debug][gc,phases      ] GC(30)     Total                          Min: 0, Avg:  0.0, Max: 0, Diff: 0, Sum: 0, Workers: 4
[14.508s][debug][gc,phases      ] GC(30)   StringDedup Requests0 Weak     Min:  0.0, Avg:  0.0, Max:  0.0, Diff:  0.0, Sum:  0.0, Workers: 4
[14.508s][debug][gc,phases      ] GC(30)     Dead                           Min: 0, Avg:  0.0, Max: 0, Diff: 0, Sum: 0, Workers: 4
[14.508s][debug][gc,phases      ] GC(30)     Total                          Min: 0, Avg:  0.0, Max: 0, Diff: 0, Sum: 0, Workers: 4
[14.508s][debug][gc,phases      ] GC(30)   StringDedup Requests1 Weak     Min:  0.0, Avg:  0.0, Max:  0.0, Diff:  0.0, Sum:  0.0, Workers: 4
[14.508s][debug][gc,phases      ] GC(30)     Dead                           Min: 0, Avg:  0.0, Max: 0, Diff: 0, Sum: 0, Workers: 4
[14.508s][debug][gc,phases      ] GC(30)     Total                          Min: 0, Avg:  0.0, Max: 0, Diff: 0, Sum: 0, Workers: 4
[14.508s][debug][gc,phases      ] GC(30)   Weak JFR Old Object Samples    Min:  0.0, Avg:  0.0, Max:  0.0, Diff:  0.0, Sum:  0.0, Workers: 4
[14.508s][debug][gc,phases      ] GC(30)     Dead                           Min: 0, Avg:  0.0, Max: 0, Diff: 0, Sum: 0, Workers: 4
[14.508s][debug][gc,phases      ] GC(30)     Total                          Min: 0, Avg:  0.0, Max: 0, Diff: 0, Sum: 0, Workers: 4
[14.508s][debug][gc,phases      ] GC(30) Weak Processing 0.345ms
[14.508s][debug][gc,age         ] GC(30) Desired survivor size 337117184 bytes, new threshold 15 (max threshold 15)
[14.508s][info ][gc,heap        ] GC(30) PSYoungGen: 1722862K(1722880K)->248267K(1739776K) Eden: 1522688K(1522688K)->0K(1438720K) From: 200174K(200192K)->248267K(301056K)
[14.508s][info ][gc,heap        ] GC(30) ParOldGen: 209339K(276992K)->211051K(276992K)
[14.509s][info ][gc,metaspace   ] GC(30) Metaspace: 65308K(65920K)->65308K(65920K) NonClass: 55780K(56128K)->55780K(56128K) Class: 9528K(9792K)->9528K(9792K)
[14.509s][info ][gc             ] GC(30) Pause Young (Allocation Failure) 1886M->448M(1969M) 134.088ms
[14.509s][info ][gc,cpu         ] GC(30) User=0.65s Sys=0.00s Real=0.13s
[14.509s][info ][safepoint      ] Safepoint "ParallelGCFailedAllocation", Time since last: 365956496 ns, Reaching safepoint: 549131 ns, At safepoint: 134199199 ns, Total: 134748330 ns
[14.824s][info ][gc,start       ] GC(31) Pause Young (Allocation Failure)
[14.996s][debug][gc,phases      ] GC(31) Scavenge 172.117ms
[14.996s][debug][gc,ref         ] GC(31) Skipped phase 1 of Reference Processing: no references
[14.997s][debug][gc,ref         ] GC(31) ReferenceProcessor::execute queues: 1, RefProcThreadModel::Single, marks_oops_alive: false
[14.997s][debug][gc,ref         ] GC(31) Skipped phase 3 of Reference Processing: no references
[14.997s][debug][gc,ref         ] GC(31) ReferenceProcessor::execute queues: 1, RefProcThreadModel::Single, marks_oops_alive: false
[14.997s][debug][gc,phases      ] GC(31) Reference Processing 0.208ms
[14.997s][debug][gc,phases      ] GC(31)   VM Weak                        Min:  0.0, Avg:  0.0, Max:  0.0, Diff:  0.0, Sum:  0.0, Workers: 4
[14.997s][debug][gc,phases      ] GC(31)     Dead                           Min: 0, Avg:  0.0, Max: 0, Diff: 0, Sum: 0, Workers: 4
[14.997s][debug][gc,phases      ] GC(31)     Total                          Min: 0, Avg: 117.8, Max: 384, Diff: 384, Sum: 471, Workers: 4
[14.997s][debug][gc,phases      ] GC(31)   ObjectSynchronizer Weak        Min:  0.0, Avg:  0.0, Max:  0.0, Diff:  0.0, Sum:  0.0, Workers: 4
[14.997s][debug][gc,phases      ] GC(31)     Dead                           Min: 0, Avg:  0.0, Max: 0, Diff: 0, Sum: 0, Workers: 4
[14.997s][debug][gc,phases      ] GC(31)     Total                          Min: 0, Avg: 131.8, Max: 271, Diff: 271, Sum: 527, Workers: 4
[14.997s][debug][gc,phases      ] GC(31)   JVMTI Tag Weak OopStorage      Min:  0.0, Avg:  0.0, Max:  0.0, Diff:  0.0, Sum:  0.0, Workers: 4
[14.997s][debug][gc,phases      ] GC(31)     Dead                           Min: 0, Avg:  0.0, Max: 0, Diff: 0, Sum: 0, Workers: 4
[14.997s][debug][gc,phases      ] GC(31)     Total                          Min: 0, Avg:  0.0, Max: 0, Diff: 0, Sum: 0, Workers: 4
[14.997s][debug][gc,phases      ] GC(31)   StringTable Weak               Min:  0.1, Avg:  0.1, Max:  0.1, Diff:  0.0, Sum:  0.5, Workers: 4
[14.997s][debug][gc,phases      ] GC(31)     Dead                           Min: 0, Avg:  2.8, Max: 11, Diff: 11, Sum: 11, Workers: 4
[14.997s][debug][gc,phases      ] GC(31)     Total                          Min: 9375, Avg: 10469.0, Max: 11573, Diff: 2198, Sum: 41876, Workers: 4
[14.997s][debug][gc,phases      ] GC(31)   ResolvedMethodTable Weak       Min:  0.0, Avg:  0.0, Max:  0.0, Diff:  0.0, Sum:  0.1, Workers: 4
[14.997s][debug][gc,phases      ] GC(31)     Dead                           Min: 0, Avg:  0.0, Max: 0, Diff: 0, Sum: 0, Workers: 4
[14.997s][debug][gc,phases      ] GC(31)     Total                          Min: 1407, Avg: 1629.5, Max: 1855, Diff: 448, Sum: 6518, Workers: 4
[14.997s][debug][gc,phases      ] GC(31)   JNI Weak                       Min:  0.0, Avg:  0.0, Max:  0.0, Diff:  0.0, Sum:  0.0, Workers: 4
[14.997s][debug][gc,phases      ] GC(31)     Dead                           Min: 0, Avg:  0.0, Max: 0, Diff: 0, Sum: 0, Workers: 4
[14.997s][debug][gc,phases      ] GC(31)     Total                          Min: 0, Avg:  0.0, Max: 0, Diff: 0, Sum: 0, Workers: 4
[14.997s][debug][gc,phases      ] GC(31)   StringDedup Table Weak         Min:  0.0, Avg:  0.0, Max:  0.0, Diff:  0.0, Sum:  0.0, Workers: 4
[14.997s][debug][gc,phases      ] GC(31)     Dead                           Min: 0, Avg:  0.0, Max: 0, Diff: 0, Sum: 0, Workers: 4
[14.997s][debug][gc,phases      ] GC(31)     Total                          Min: 0, Avg:  0.0, Max: 0, Diff: 0, Sum: 0, Workers: 4
[14.997s][debug][gc,phases      ] GC(31)   StringDedup Requests0 Weak     Min:  0.0, Avg:  0.0, Max:  0.0, Diff:  0.0, Sum:  0.0, Workers: 4
[14.997s][debug][gc,phases      ] GC(31)     Dead                           Min: 0, Avg:  0.0, Max: 0, Diff: 0, Sum: 0, Workers: 4
[14.997s][debug][gc,phases      ] GC(31)     Total                          Min: 0, Avg:  0.0, Max: 0, Diff: 0, Sum: 0, Workers: 4
[14.997s][debug][gc,phases      ] GC(31)   StringDedup Requests1 Weak     Min:  0.0, Avg:  0.0, Max:  0.0, Diff:  0.0, Sum:  0.0, Workers: 4
[14.997s][debug][gc,phases      ] GC(31)     Dead                           Min: 0, Avg:  0.0, Max: 0, Diff: 0, Sum: 0, Workers: 4
[14.997s][debug][gc,phases      ] GC(31)     Total                          Min: 0, Avg:  0.0, Max: 0, Diff: 0, Sum: 0, Workers: 4
[14.997s][debug][gc,phases      ] GC(31)   Weak JFR Old Object Samples    Min:  0.0, Avg:  0.0, Max:  0.0, Diff:  0.0, Sum:  0.0, Workers: 4
[14.997s][debug][gc,phases      ] GC(31)     Dead                           Min: 0, Avg:  0.0, Max: 0, Diff: 0, Sum: 0, Workers: 4
[14.997s][debug][gc,phases      ] GC(31)     Total                          Min: 0, Avg:  0.0, Max: 0, Diff: 0, Sum: 0, Workers: 4
[14.997s][debug][gc,phases      ] GC(31) Weak Processing 0.412ms
[14.997s][debug][gc,age         ] GC(31) Desired survivor size 389545984 bytes, new threshold 15 (max threshold 15)
[14.997s][info ][gc,heap        ] GC(31) PSYoungGen: 1686987K(1739776K)->328027K(1766912K) Eden: 1438720K(1438720K)->0K(1438720K) From: 248267K(301056K)->328027K(328192K)
[14.997s][info ][gc,heap        ] GC(31) ParOldGen: 211051K(276992K)->211603K(276992K)
[14.997s][info ][gc,metaspace   ] GC(31) Metaspace: 65367K(65984K)->65367K(65984K) NonClass: 55839K(56192K)->55839K(56192K) Class: 9528K(9792K)->9528K(9792K)
[14.997s][info ][gc             ] GC(31) Pause Young (Allocation Failure) 1853M->526M(1996M) 172.902ms
[14.997s][info ][gc,cpu         ] GC(31) User=0.67s Sys=0.02s Real=0.17s
[14.997s][info ][safepoint      ] Safepoint "ParallelGCFailedAllocation", Time since last: 315378194 ns, Reaching safepoint: 223413 ns, At safepoint: 173038757 ns, Total: 173262170 ns
[15.222s][info ][safepoint      ] Safepoint "ICBufferFull", Time since last: 224186739 ns, Reaching safepoint: 184511 ns, At safepoint: 24402 ns, Total: 208913 ns
[15.294s][info ][gc,start       ] GC(32) Pause Young (Allocation Failure)
[15.464s][debug][gc,phases      ] GC(32) Scavenge 170.303ms
[15.464s][debug][gc,ref         ] GC(32) Skipped phase 1 of Reference Processing: no references
[15.464s][debug][gc,ref         ] GC(32) ReferenceProcessor::execute queues: 1, RefProcThreadModel::Single, marks_oops_alive: false
[15.465s][debug][gc,ref         ] GC(32) Skipped phase 3 of Reference Processing: no references
[15.465s][debug][gc,ref         ] GC(32) ReferenceProcessor::execute queues: 1, RefProcThreadModel::Single, marks_oops_alive: false
[15.465s][debug][gc,phases      ] GC(32) Reference Processing 0.168ms
[15.465s][debug][gc,phases      ] GC(32)   VM Weak                        Min:  0.0, Avg:  0.0, Max:  0.0, Diff:  0.0, Sum:  0.0, Workers: 4
[15.465s][debug][gc,phases      ] GC(32)     Dead                           Min: 0, Avg:  0.0, Max: 0, Diff: 0, Sum: 0, Workers: 4
[15.465s][debug][gc,phases      ] GC(32)     Total                          Min: 0, Avg: 120.2, Max: 481, Diff: 481, Sum: 481, Workers: 4
[15.465s][debug][gc,phases      ] GC(32)   ObjectSynchronizer Weak        Min:  0.0, Avg:  0.0, Max:  0.0, Diff:  0.0, Sum:  0.0, Workers: 4
[15.465s][debug][gc,phases      ] GC(32)     Dead                           Min: 0, Avg:  0.0, Max: 0, Diff: 0, Sum: 0, Workers: 4
[15.465s][debug][gc,phases      ] GC(32)     Total                          Min: 0, Avg: 131.8, Max: 463, Diff: 463, Sum: 527, Workers: 4
[15.465s][debug][gc,phases      ] GC(32)   JVMTI Tag Weak OopStorage      Min:  0.0, Avg:  0.0, Max:  0.0, Diff:  0.0, Sum:  0.0, Workers: 4
[15.465s][debug][gc,phases      ] GC(32)     Dead                           Min: 0, Avg:  0.0, Max: 0, Diff: 0, Sum: 0, Workers: 4
[15.465s][debug][gc,phases      ] GC(32)     Total                          Min: 0, Avg:  0.0, Max: 0, Diff: 0, Sum: 0, Workers: 4
[15.465s][debug][gc,phases      ] GC(32)   StringTable Weak               Min:  0.1, Avg:  0.1, Max:  0.1, Diff:  0.0, Sum:  0.4, Workers: 4
[15.465s][debug][gc,phases      ] GC(32)     Dead                           Min: 0, Avg:  1.2, Max: 5, Diff: 5, Sum: 5, Workers: 4
[15.465s][debug][gc,phases      ] GC(32)     Total                          Min: 9344, Avg: 10508.0, Max: 12224, Diff: 2880, Sum: 42032, Workers: 4
[15.465s][debug][gc,phases      ] GC(32)   ResolvedMethodTable Weak       Min:  0.0, Avg:  0.0, Max:  0.0, Diff:  0.0, Sum:  0.1, Workers: 4
[15.465s][debug][gc,phases      ] GC(32)     Dead                           Min: 1, Avg:  4.5, Max: 10, Diff: 9, Sum: 18, Workers: 4
[15.465s][debug][gc,phases      ] GC(32)     Total                          Min: 1408, Avg: 1664.8, Max: 1856, Diff: 448, Sum: 6659, Workers: 4
[15.465s][debug][gc,phases      ] GC(32)   JNI Weak                       Min:  0.0, Avg:  0.0, Max:  0.0, Diff:  0.0, Sum:  0.0, Workers: 4
[15.465s][debug][gc,phases      ] GC(32)     Dead                           Min: 0, Avg:  0.0, Max: 0, Diff: 0, Sum: 0, Workers: 4
[15.465s][debug][gc,phases      ] GC(32)     Total                          Min: 0, Avg:  0.2, Max: 1, Diff: 1, Sum: 1, Workers: 4
[15.465s][debug][gc,phases      ] GC(32)   StringDedup Table Weak         Min:  0.0, Avg:  0.0, Max:  0.0, Diff:  0.0, Sum:  0.0, Workers: 4
[15.465s][debug][gc,phases      ] GC(32)     Dead                           Min: 0, Avg:  0.0, Max: 0, Diff: 0, Sum: 0, Workers: 4
[15.465s][debug][gc,phases      ] GC(32)     Total                          Min: 0, Avg:  0.0, Max: 0, Diff: 0, Sum: 0, Workers: 4
[15.465s][debug][gc,phases      ] GC(32)   StringDedup Requests0 Weak     Min:  0.0, Avg:  0.0, Max:  0.0, Diff:  0.0, Sum:  0.0, Workers: 4
[15.465s][debug][gc,phases      ] GC(32)     Dead                           Min: 0, Avg:  0.0, Max: 0, Diff: 0, Sum: 0, Workers: 4
[15.465s][debug][gc,phases      ] GC(32)     Total                          Min: 0, Avg:  0.0, Max: 0, Diff: 0, Sum: 0, Workers: 4
[15.465s][debug][gc,phases      ] GC(32)   StringDedup Requests1 Weak     Min:  0.0, Avg:  0.0, Max:  0.0, Diff:  0.0, Sum:  0.0, Workers: 4
[15.465s][debug][gc,phases      ] GC(32)     Dead                           Min: 0, Avg:  0.0, Max: 0, Diff: 0, Sum: 0, Workers: 4
[15.465s][debug][gc,phases      ] GC(32)     Total                          Min: 0, Avg:  0.0, Max: 0, Diff: 0, Sum: 0, Workers: 4
[15.465s][debug][gc,phases      ] GC(32)   Weak JFR Old Object Samples    Min:  0.0, Avg:  0.0, Max:  0.0, Diff:  0.0, Sum:  0.0, Workers: 4
[15.465s][debug][gc,phases      ] GC(32)     Dead                           Min: 0, Avg:  0.0, Max: 0, Diff: 0, Sum: 0, Workers: 4
[15.465s][debug][gc,phases      ] GC(32)     Total                          Min: 0, Avg:  0.0, Max: 0, Diff: 0, Sum: 0, Workers: 4
[15.465s][debug][gc,phases      ] GC(32) Weak Processing 0.342ms
[15.465s][debug][gc,age         ] GC(32) Desired survivor size 435683328 bytes, new threshold 14 (max threshold 15)
[15.465s][info ][gc,heap        ] GC(32) PSYoungGen: 1766747K(1766912K)->330219K(1576448K) Eden: 1438720K(1438720K)->0K(1246208K) From: 328027K(328192K)->330219K(330240K)
[15.465s][info ][gc,heap        ] GC(32) ParOldGen: 211603K(276992K)->219619K(276992K)
[15.465s][info ][gc,metaspace   ] GC(32) Metaspace: 66087K(66752K)->66087K(66752K) NonClass: 56456K(56832K)->56456K(56832K) Class: 9630K(9920K)->9630K(9920K)
[15.465s][info ][gc             ] GC(32) Pause Young (Allocation Failure) 1931M->536M(1810M) 170.951ms
[15.465s][info ][gc,cpu         ] GC(32) User=0.66s Sys=0.02s Real=0.18s
[15.465s][info ][safepoint      ] Safepoint "ParallelGCFailedAllocation", Time since last: 72215868 ns, Reaching safepoint: 143108 ns, At safepoint: 171075975 ns, Total: 171219083 ns
[15.505s][info ][safepoint      ] Safepoint "ICBufferFull", Time since last: 39634487 ns, Reaching safepoint: 142908 ns, At safepoint: 31502 ns, Total: 174410 ns
[15.515s][info ][safepoint      ] Safepoint "ICBufferFull", Time since last: 9850769 ns, Reaching safepoint: 130207 ns, At safepoint: 23702 ns, Total: 153909 ns
[15.526s][info ][safepoint      ] Safepoint "ICBufferFull", Time since last: 10757121 ns, Reaching safepoint: 129007 ns, At safepoint: 30902 ns, Total: 159909 ns
[15.555s][info ][safepoint      ] Safepoint "ICBufferFull", Time since last: 29339493 ns, Reaching safepoint: 135608 ns, At safepoint: 28102 ns, Total: 163710 ns
[15.581s][info ][safepoint      ] Safepoint "ICBufferFull", Time since last: 24781930 ns, Reaching safepoint: 1078062 ns, At safepoint: 32002 ns, Total: 1110064 ns
[15.617s][info ][safepoint      ] Safepoint "ICBufferFull", Time since last: 35592355 ns, Reaching safepoint: 143808 ns, At safepoint: 21801 ns, Total: 165609 ns
[15.642s][info ][safepoint      ] Safepoint "ICBufferFull", Time since last: 24742228 ns, Reaching safepoint: 724942 ns, At safepoint: 21001 ns, Total: 745943 ns
[15.675s][info ][safepoint      ] Safepoint "ICBufferFull", Time since last: 28412640 ns, Reaching safepoint: 4285448 ns, At safepoint: 35902 ns, Total: 4321350 ns
[15.705s][info ][safepoint      ] Safepoint "ICBufferFull", Time since last: 29484102 ns, Reaching safepoint: 232913 ns, At safepoint: 26001 ns, Total: 258914 ns
[15.741s][info ][safepoint      ] Safepoint "ICBufferFull", Time since last: 36182689 ns, Reaching safepoint: 128207 ns, At safepoint: 23902 ns, Total: 152109 ns
[15.759s][info ][safepoint      ] Safepoint "ICBufferFull", Time since last: 17170391 ns, Reaching safepoint: 122607 ns, At safepoint: 20901 ns, Total: 143508 ns
[15.779s][info ][safepoint      ] Safepoint "ICBufferFull", Time since last: 20188165 ns, Reaching safepoint: 132308 ns, At safepoint: 22701 ns, Total: 155009 ns
[15.807s][info ][safepoint      ] Safepoint "ICBufferFull", Time since last: 27432984 ns, Reaching safepoint: 623136 ns, At safepoint: 19801 ns, Total: 642937 ns
[15.817s][info ][safepoint      ] Safepoint "ICBufferFull", Time since last: 9490148 ns, Reaching safepoint: 912952 ns, At safepoint: 28802 ns, Total: 941754 ns
[15.829s][info ][safepoint      ] Safepoint "ICBufferFull", Time since last: 11282351 ns, Reaching safepoint: 136608 ns, At safepoint: 31602 ns, Total: 168210 ns
[15.842s][info ][gc,start       ] GC(33) Pause Young (Allocation Failure)
[15.966s][debug][gc,phases      ] GC(33) Scavenge 123.504ms
[15.966s][debug][gc,ref         ] GC(33) Skipped phase 1 of Reference Processing: no references
[15.966s][debug][gc,ref         ] GC(33) ReferenceProcessor::execute queues: 1, RefProcThreadModel::Single, marks_oops_alive: false
[15.966s][debug][gc,ref         ] GC(33) Skipped phase 3 of Reference Processing: no references
[15.966s][debug][gc,ref         ] GC(33) ReferenceProcessor::execute queues: 1, RefProcThreadModel::Single, marks_oops_alive: false
[15.966s][debug][gc,phases      ] GC(33) Reference Processing 0.181ms
[15.966s][debug][gc,phases      ] GC(33)   VM Weak                        Min:  0.0, Avg:  0.0, Max:  0.0, Diff:  0.0, Sum:  0.0, Workers: 4
[15.966s][debug][gc,phases      ] GC(33)     Dead                           Min: 0, Avg:  0.0, Max: 0, Diff: 0, Sum: 0, Workers: 4
[15.966s][debug][gc,phases      ] GC(33)     Total                          Min: 0, Avg: 121.5, Max: 486, Diff: 486, Sum: 486, Workers: 4
[15.966s][debug][gc,phases      ] GC(33)   ObjectSynchronizer Weak        Min:  0.0, Avg:  0.0, Max:  0.0, Diff:  0.0, Sum:  0.0, Workers: 4
[15.966s][debug][gc,phases      ] GC(33)     Dead                           Min: 0, Avg:  0.0, Max: 0, Diff: 0, Sum: 0, Workers: 4
[15.966s][debug][gc,phases      ] GC(33)     Total                          Min: 0, Avg: 131.8, Max: 527, Diff: 527, Sum: 527, Workers: 4
[15.966s][debug][gc,phases      ] GC(33)   JVMTI Tag Weak OopStorage      Min:  0.0, Avg:  0.0, Max:  0.0, Diff:  0.0, Sum:  0.0, Workers: 4
[15.966s][debug][gc,phases      ] GC(33)     Dead                           Min: 0, Avg:  0.0, Max: 0, Diff: 0, Sum: 0, Workers: 4
[15.966s][debug][gc,phases      ] GC(33)     Total                          Min: 0, Avg:  0.0, Max: 0, Diff: 0, Sum: 0, Workers: 4
[15.966s][debug][gc,phases      ] GC(33)   StringTable Weak               Min:  0.1, Avg:  0.1, Max:  0.1, Diff:  0.0, Sum:  0.4, Workers: 4
[15.966s][debug][gc,phases      ] GC(33)     Dead                           Min: 0, Avg:  3.2, Max: 8, Diff: 8, Sum: 13, Workers: 4
[15.966s][debug][gc,phases      ] GC(33)     Total                          Min: 10112, Avg: 10538.2, Max: 10880, Diff: 768, Sum: 42153, Workers: 4
[15.966s][debug][gc,phases      ] GC(33)   ResolvedMethodTable Weak       Min:  0.0, Avg:  0.0, Max:  0.0, Diff:  0.0, Sum:  0.1, Workers: 4
[15.966s][debug][gc,phases      ] GC(33)     Dead                           Min: 0, Avg:  1.2, Max: 5, Diff: 5, Sum: 5, Workers: 4
[15.966s][debug][gc,phases      ] GC(33)     Total                          Min: 1471, Avg: 1678.2, Max: 1984, Diff: 513, Sum: 6713, Workers: 4
[15.966s][debug][gc,phases      ] GC(33)   JNI Weak                       Min:  0.0, Avg:  0.0, Max:  0.0, Diff:  0.0, Sum:  0.0, Workers: 4
[15.966s][debug][gc,phases      ] GC(33)     Dead                           Min: 0, Avg:  0.0, Max: 0, Diff: 0, Sum: 0, Workers: 4
[15.966s][debug][gc,phases      ] GC(33)     Total                          Min: 0, Avg:  4.8, Max: 19, Diff: 19, Sum: 19, Workers: 4
[15.966s][debug][gc,phases      ] GC(33)   StringDedup Table Weak         Min:  0.0, Avg:  0.0, Max:  0.0, Diff:  0.0, Sum:  0.0, Workers: 4
[15.966s][debug][gc,phases      ] GC(33)     Dead                           Min: 0, Avg:  0.0, Max: 0, Diff: 0, Sum: 0, Workers: 4
[15.966s][debug][gc,phases      ] GC(33)     Total                          Min: 0, Avg:  0.0, Max: 0, Diff: 0, Sum: 0, Workers: 4
[15.966s][debug][gc,phases      ] GC(33)   StringDedup Requests0 Weak     Min:  0.0, Avg:  0.0, Max:  0.0, Diff:  0.0, Sum:  0.0, Workers: 4
[15.966s][debug][gc,phases      ] GC(33)     Dead                           Min: 0, Avg:  0.0, Max: 0, Diff: 0, Sum: 0, Workers: 4
[15.966s][debug][gc,phases      ] GC(33)     Total                          Min: 0, Avg:  0.0, Max: 0, Diff: 0, Sum: 0, Workers: 4
[15.966s][debug][gc,phases      ] GC(33)   StringDedup Requests1 Weak     Min:  0.0, Avg:  0.0, Max:  0.0, Diff:  0.0, Sum:  0.0, Workers: 4
[15.966s][debug][gc,phases      ] GC(33)     Dead                           Min: 0, Avg:  0.0, Max: 0, Diff: 0, Sum: 0, Workers: 4
[15.966s][debug][gc,phases      ] GC(33)     Total                          Min: 0, Avg:  0.0, Max: 0, Diff: 0, Sum: 0, Workers: 4
[15.966s][debug][gc,phases      ] GC(33)   Weak JFR Old Object Samples    Min:  0.0, Avg:  0.0, Max:  0.0, Diff:  0.0, Sum:  0.0, Workers: 4
[15.966s][debug][gc,phases      ] GC(33)     Dead                           Min: 0, Avg:  0.0, Max: 0, Diff: 0, Sum: 0, Workers: 4
[15.966s][debug][gc,phases      ] GC(33)     Total                          Min: 0, Avg:  0.0, Max: 0, Diff: 0, Sum: 0, Workers: 4
[15.966s][debug][gc,phases      ] GC(33) Weak Processing 0.370ms
[15.966s][debug][gc,age         ] GC(33) Desired survivor size 468713472 bytes, new threshold 15 (max threshold 15)
[15.966s][info ][gc,heap        ] GC(33) PSYoungGen: 1576427K(1576448K)->329163K(1575424K) Eden: 1246208K(1246208K)->0K(1246208K) From: 330219K(330240K)->329163K(329216K)
[15.966s][info ][gc,heap        ] GC(33) ParOldGen: 219619K(276992K)->222211K(276992K)
[15.966s][info ][gc,metaspace   ] GC(33) Metaspace: 66602K(67264K)->66602K(67264K) NonClass: 56914K(57280K)->56914K(57280K) Class: 9688K(9984K)->9688K(9984K)
[15.966s][info ][gc             ] GC(33) Pause Young (Allocation Failure) 1753M->538M(1809M) 124.218ms
[15.967s][info ][gc,cpu         ] GC(33) User=0.50s Sys=0.00s Real=0.13s
[15.967s][info ][safepoint      ] Safepoint "ParallelGCFailedAllocation", Time since last: 12775737 ns, Reaching safepoint: 609335 ns, At safepoint: 124335277 ns, Total: 124944612 ns
[15.985s][info ][safepoint      ] Safepoint "ICBufferFull", Time since last: 18275455 ns, Reaching safepoint: 135008 ns, At safepoint: 29901 ns, Total: 164909 ns
[16.002s][info ][safepoint      ] Safepoint "ICBufferFull", Time since last: 16983781 ns, Reaching safepoint: 124207 ns, At safepoint: 25001 ns, Total: 149208 ns
[16.017s][info ][safepoint      ] Safepoint "ICBufferFull", Time since last: 14400931 ns, Reaching safepoint: 118007 ns, At safepoint: 22402 ns, Total: 140409 ns
[16.037s][info ][safepoint      ] Safepoint "ICBufferFull", Time since last: 20602189 ns, Reaching safepoint: 132607 ns, At safepoint: 25402 ns, Total: 158009 ns
[16.056s][info ][safepoint      ] Safepoint "ICBufferFull", Time since last: 17987338 ns, Reaching safepoint: 125007 ns, At safepoint: 25902 ns, Total: 150909 ns
[16.062s][info ][safepoint      ] Safepoint "ICBufferFull", Time since last: 5910741 ns, Reaching safepoint: 121307 ns, At safepoint: 26601 ns, Total: 147908 ns
[16.070s][info ][safepoint      ] Safepoint "ICBufferFull", Time since last: 8461689 ns, Reaching safepoint: 118507 ns, At safepoint: 28101 ns, Total: 146608 ns
[16.087s][info ][safepoint      ] Safepoint "ICBufferFull", Time since last: 16585958 ns, Reaching safepoint: 140408 ns, At safepoint: 30901 ns, Total: 171309 ns
[16.105s][info ][safepoint      ] Safepoint "ICBufferFull", Time since last: 18060343 ns, Reaching safepoint: 132608 ns, At safepoint: 25601 ns, Total: 158209 ns
[16.122s][info ][safepoint      ] Safepoint "ICBufferFull", Time since last: 16291940 ns, Reaching safepoint: 140508 ns, At safepoint: 26002 ns, Total: 166510 ns
[16.130s][info ][safepoint      ] Safepoint "ICBufferFull", Time since last: 7848353 ns, Reaching safepoint: 138308 ns, At safepoint: 25301 ns, Total: 163609 ns
[16.148s][info ][safepoint      ] Safepoint "ICBufferFull", Time since last: 18256554 ns, Reaching safepoint: 126307 ns, At safepoint: 26802 ns, Total: 153109 ns
[16.154s][info ][safepoint      ] Safepoint "ICBufferFull", Time since last: 5272404 ns, Reaching safepoint: 106206 ns, At safepoint: 27502 ns, Total: 133708 ns
[16.160s][info ][safepoint      ] Safepoint "ICBufferFull", Time since last: 6137654 ns, Reaching safepoint: 107507 ns, At safepoint: 27301 ns, Total: 134808 ns
[16.166s][info ][safepoint      ] Safepoint "ICBufferFull", Time since last: 6096152 ns, Reaching safepoint: 121507 ns, At safepoint: 24601 ns, Total: 146108 ns
[16.186s][info ][safepoint      ] Safepoint "ICBufferFull", Time since last: 19488525 ns, Reaching safepoint: 137008 ns, At safepoint: 33302 ns, Total: 170310 ns
[16.194s][info ][safepoint      ] Safepoint "ICBufferFull", Time since last: 8305879 ns, Reaching safepoint: 118607 ns, At safepoint: 22502 ns, Total: 141109 ns
[16.200s][info ][safepoint      ] Safepoint "ICBufferFull", Time since last: 5219401 ns, Reaching safepoint: 857949 ns, At safepoint: 29102 ns, Total: 887051 ns
[16.210s][info ][safepoint      ] Safepoint "ICBufferFull", Time since last: 9375841 ns, Reaching safepoint: 100806 ns, At safepoint: 23801 ns, Total: 124607 ns
[16.218s][info ][safepoint      ] Safepoint "ICBufferFull", Time since last: 7867555 ns, Reaching safepoint: 110806 ns, At safepoint: 22301 ns, Total: 133107 ns
[16.239s][info ][safepoint      ] Safepoint "ICBufferFull", Time since last: 20700895 ns, Reaching safepoint: 106606 ns, At safepoint: 28202 ns, Total: 134808 ns
[16.257s][info ][gc,start       ] GC(34) Pause Young (Allocation Failure)
[16.375s][debug][gc,phases      ] GC(34) Scavenge 118.732ms
[16.376s][debug][gc,ref         ] GC(34) Skipped phase 1 of Reference Processing: no references
[16.376s][debug][gc,ref         ] GC(34) ReferenceProcessor::execute queues: 1, RefProcThreadModel::Single, marks_oops_alive: false
[16.376s][debug][gc,ref         ] GC(34) Skipped phase 3 of Reference Processing: no references
[16.376s][debug][gc,ref         ] GC(34) ReferenceProcessor::execute queues: 1, RefProcThreadModel::Single, marks_oops_alive: false
[16.376s][debug][gc,phases      ] GC(34) Reference Processing 0.170ms
[16.376s][debug][gc,phases      ] GC(34)   VM Weak                        Min:  0.0, Avg:  0.0, Max:  0.0, Diff:  0.0, Sum:  0.0, Workers: 4
[16.376s][debug][gc,phases      ] GC(34)     Dead                           Min: 0, Avg:  0.0, Max: 0, Diff: 0, Sum: 0, Workers: 4
[16.376s][debug][gc,phases      ] GC(34)     Total                          Min: 0, Avg: 121.5, Max: 320, Diff: 320, Sum: 486, Workers: 4
[16.376s][debug][gc,phases      ] GC(34)   ObjectSynchronizer Weak        Min:  0.0, Avg:  0.0, Max:  0.0, Diff:  0.0, Sum:  0.0, Workers: 4
[16.376s][debug][gc,phases      ] GC(34)     Dead                           Min: 0, Avg:  0.0, Max: 0, Diff: 0, Sum: 0, Workers: 4
[16.376s][debug][gc,phases      ] GC(34)     Total                          Min: 0, Avg: 131.8, Max: 256, Diff: 256, Sum: 527, Workers: 4
[16.376s][debug][gc,phases      ] GC(34)   JVMTI Tag Weak OopStorage      Min:  0.0, Avg:  0.0, Max:  0.0, Diff:  0.0, Sum:  0.0, Workers: 4
[16.376s][debug][gc,phases      ] GC(34)     Dead                           Min: 0, Avg:  0.0, Max: 0, Diff: 0, Sum: 0, Workers: 4
[16.376s][debug][gc,phases      ] GC(34)     Total                          Min: 0, Avg:  0.0, Max: 0, Diff: 0, Sum: 0, Workers: 4
[16.376s][debug][gc,phases      ] GC(34)   StringTable Weak               Min:  0.1, Avg:  0.1, Max:  0.1, Diff:  0.0, Sum:  0.4, Workers: 4
[16.376s][debug][gc,phases      ] GC(34)     Dead                           Min: 0, Avg:  2.8, Max: 11, Diff: 11, Sum: 11, Workers: 4
[16.376s][debug][gc,phases      ] GC(34)     Total                          Min: 10109, Avg: 10542.5, Max: 11453, Diff: 1344, Sum: 42170, Workers: 4
[16.376s][debug][gc,phases      ] GC(34)   ResolvedMethodTable Weak       Min:  0.0, Avg:  0.0, Max:  0.0, Diff:  0.0, Sum:  0.1, Workers: 4
[16.376s][debug][gc,phases      ] GC(34)     Dead                           Min: 0, Avg:  0.0, Max: 0, Diff: 0, Sum: 0, Workers: 4
[16.376s][debug][gc,phases      ] GC(34)     Total                          Min: 1471, Avg: 1678.8, Max: 1856, Diff: 385, Sum: 6715, Workers: 4
[16.376s][debug][gc,phases      ] GC(34)   JNI Weak                       Min:  0.0, Avg:  0.0, Max:  0.0, Diff:  0.0, Sum:  0.0, Workers: 4
[16.376s][debug][gc,phases      ] GC(34)     Dead                           Min: 0, Avg:  0.0, Max: 0, Diff: 0, Sum: 0, Workers: 4
[16.376s][debug][gc,phases      ] GC(34)     Total                          Min: 0, Avg:  1.2, Max: 5, Diff: 5, Sum: 5, Workers: 4
[16.376s][debug][gc,phases      ] GC(34)   StringDedup Table Weak         Min:  0.0, Avg:  0.0, Max:  0.0, Diff:  0.0, Sum:  0.0, Workers: 4
[16.376s][debug][gc,phases      ] GC(34)     Dead                           Min: 0, Avg:  0.0, Max: 0, Diff: 0, Sum: 0, Workers: 4
[16.376s][debug][gc,phases      ] GC(34)     Total                          Min: 0, Avg:  0.0, Max: 0, Diff: 0, Sum: 0, Workers: 4
[16.376s][debug][gc,phases      ] GC(34)   StringDedup Requests0 Weak     Min:  0.0, Avg:  0.0, Max:  0.0, Diff:  0.0, Sum:  0.0, Workers: 4
[16.376s][debug][gc,phases      ] GC(34)     Dead                           Min: 0, Avg:  0.0, Max: 0, Diff: 0, Sum: 0, Workers: 4
[16.376s][debug][gc,phases      ] GC(34)     Total                          Min: 0, Avg:  0.0, Max: 0, Diff: 0, Sum: 0, Workers: 4
[16.376s][debug][gc,phases      ] GC(34)   StringDedup Requests1 Weak     Min:  0.0, Avg:  0.0, Max:  0.0, Diff:  0.0, Sum:  0.0, Workers: 4
[16.376s][debug][gc,phases      ] GC(34)     Dead                           Min: 0, Avg:  0.0, Max: 0, Diff: 0, Sum: 0, Workers: 4
[16.376s][debug][gc,phases      ] GC(34)     Total                          Min: 0, Avg:  0.0, Max: 0, Diff: 0, Sum: 0, Workers: 4
[16.376s][debug][gc,phases      ] GC(34)   Weak JFR Old Object Samples    Min:  0.0, Avg:  0.0, Max:  0.0, Diff:  0.0, Sum:  0.0, Workers: 4
[16.376s][debug][gc,phases      ] GC(34)     Dead                           Min: 0, Avg:  0.0, Max: 0, Diff: 0, Sum: 0, Workers: 4
[16.376s][debug][gc,phases      ] GC(34)     Total                          Min: 0, Avg:  0.0, Max: 0, Diff: 0, Sum: 0, Workers: 4
[16.376s][debug][gc,phases      ] GC(34) Weak Processing 0.317ms
[16.376s][debug][gc,age         ] GC(34) Desired survivor size 494927872 bytes, new threshold 15 (max threshold 15)
[16.376s][info ][gc,heap        ] GC(34) PSYoungGen: 1575371K(1575424K)->331243K(1588224K) Eden: 1246208K(1246208K)->0K(1130496K) From: 329163K(329216K)->331243K(457728K)
[16.376s][info ][gc,heap        ] GC(34) ParOldGen: 222211K(276992K)->222219K(276992K)
[16.376s][info ][gc,metaspace   ] GC(34) Metaspace: 66683K(67392K)->66683K(67392K) NonClass: 56993K(57408K)->56993K(57408K) Class: 9690K(9984K)->9690K(9984K)
[16.376s][info ][gc             ] GC(34) Pause Young (Allocation Failure) 1755M->540M(1821M) 119.359ms
[16.376s][info ][gc,cpu         ] GC(34) User=0.47s Sys=0.00s Real=0.12s
[16.376s][info ][safepoint      ] Safepoint "ParallelGCFailedAllocation", Time since last: 17945336 ns, Reaching safepoint: 118706 ns, At safepoint: 119474596 ns, Total: 119593302 ns
[16.386s][info ][safepoint      ] Safepoint "ICBufferFull", Time since last: 9986177 ns, Reaching safepoint: 114506 ns, At safepoint: 25202 ns, Total: 139708 ns
[16.393s][info ][safepoint      ] Safepoint "ICBufferFull", Time since last: 6889398 ns, Reaching safepoint: 177610 ns, At safepoint: 30102 ns, Total: 207712 ns
[16.401s][info ][safepoint      ] Safepoint "ICBufferFull", Time since last: 7483631 ns, Reaching safepoint: 124908 ns, At safepoint: 30801 ns, Total: 155709 ns
[16.408s][info ][safepoint      ] Safepoint "ICBufferFull", Time since last: 6987304 ns, Reaching safepoint: 117407 ns, At safepoint: 25801 ns, Total: 143208 ns
[16.416s][info ][safepoint      ] Safepoint "ICBufferFull", Time since last: 7880755 ns, Reaching safepoint: 130207 ns, At safepoint: 26802 ns, Total: 157009 ns
[16.422s][info ][safepoint      ] Safepoint "ICBufferFull", Time since last: 5335408 ns, Reaching safepoint: 117307 ns, At safepoint: 25301 ns, Total: 142608 ns
[16.427s][info ][safepoint      ] Safepoint "ICBufferFull", Time since last: 5184799 ns, Reaching safepoint: 102906 ns, At safepoint: 25202 ns, Total: 128108 ns
[16.432s][info ][safepoint      ] Safepoint "ICBufferFull", Time since last: 5191499 ns, Reaching safepoint: 107907 ns, At safepoint: 25901 ns, Total: 133808 ns
[16.438s][info ][safepoint      ] Safepoint "ICBufferFull", Time since last: 5700229 ns, Reaching safepoint: 105806 ns, At safepoint: 24302 ns, Total: 130108 ns
[16.446s][info ][safepoint      ] Safepoint "ICBufferFull", Time since last: 7521434 ns, Reaching safepoint: 109406 ns, At safepoint: 24502 ns, Total: 133908 ns
[16.452s][info ][safepoint      ] Safepoint "ICBufferFull", Time since last: 6204758 ns, Reaching safepoint: 110606 ns, At safepoint: 24101 ns, Total: 134707 ns
[16.458s][info ][safepoint      ] Safepoint "ICBufferFull", Time since last: 5798435 ns, Reaching safepoint: 467927 ns, At safepoint: 25702 ns, Total: 493629 ns
[16.464s][info ][safepoint      ] Safepoint "ICBufferFull", Time since last: 5481216 ns, Reaching safepoint: 116207 ns, At safepoint: 27401 ns, Total: 143608 ns
[16.470s][info ][safepoint      ] Safepoint "ICBufferFull", Time since last: 5920742 ns, Reaching safepoint: 107306 ns, At safepoint: 24602 ns, Total: 131908 ns
[16.480s][info ][safepoint      ] Safepoint "ICBufferFull", Time since last: 9293936 ns, Reaching safepoint: 136908 ns, At safepoint: 24101 ns, Total: 161009 ns
[16.486s][info ][safepoint      ] Safepoint "ICBufferFull", Time since last: 6542078 ns, Reaching safepoint: 312718 ns, At safepoint: 25701 ns, Total: 338419 ns
[16.492s][info ][safepoint      ] Safepoint "ICBufferFull", Time since last: 5549221 ns, Reaching safepoint: 103006 ns, At safepoint: 24601 ns, Total: 127607 ns
[16.498s][info ][safepoint      ] Safepoint "ICBufferFull", Time since last: 5975345 ns, Reaching safepoint: 107306 ns, At safepoint: 27402 ns, Total: 134708 ns
[16.503s][info ][safepoint      ] Safepoint "ICBufferFull", Time since last: 5111195 ns, Reaching safepoint: 113006 ns, At safepoint: 22602 ns, Total: 135608 ns
[16.561s][info ][gc,start       ] GC(35) Pause Young (Allocation Failure)
[16.685s][debug][gc,phases      ] GC(35) Scavenge 124.184ms
[16.685s][debug][gc,ref         ] GC(35) Skipped phase 1 of Reference Processing: no references
[16.686s][debug][gc,ref         ] GC(35) ReferenceProcessor::execute queues: 1, RefProcThreadModel::Single, marks_oops_alive: false
[16.686s][debug][gc,ref         ] GC(35) Skipped phase 3 of Reference Processing: no references
[16.686s][debug][gc,ref         ] GC(35) ReferenceProcessor::execute queues: 1, RefProcThreadModel::Single, marks_oops_alive: false
[16.686s][debug][gc,phases      ] GC(35) Reference Processing 0.175ms
[16.686s][debug][gc,phases      ] GC(35)   VM Weak                        Min:  0.0, Avg:  0.0, Max:  0.0, Diff:  0.0, Sum:  0.0, Workers: 4
[16.686s][debug][gc,phases      ] GC(35)     Dead                           Min: 0, Avg:  0.0, Max: 0, Diff: 0, Sum: 0, Workers: 4
[16.686s][debug][gc,phases      ] GC(35)     Total                          Min: 0, Avg: 122.5, Max: 490, Diff: 490, Sum: 490, Workers: 4
[16.686s][debug][gc,phases      ] GC(35)   ObjectSynchronizer Weak        Min:  0.0, Avg:  0.0, Max:  0.0, Diff:  0.0, Sum:  0.0, Workers: 4
[16.686s][debug][gc,phases      ] GC(35)     Dead                           Min: 0, Avg:  0.0, Max: 0, Diff: 0, Sum: 0, Workers: 4
[16.686s][debug][gc,phases      ] GC(35)     Total                          Min: 0, Avg: 131.8, Max: 335, Diff: 335, Sum: 527, Workers: 4
[16.686s][debug][gc,phases      ] GC(35)   JVMTI Tag Weak OopStorage      Min:  0.0, Avg:  0.0, Max:  0.0, Diff:  0.0, Sum:  0.0, Workers: 4
[16.686s][debug][gc,phases      ] GC(35)     Dead                           Min: 0, Avg:  0.0, Max: 0, Diff: 0, Sum: 0, Workers: 4
[16.686s][debug][gc,phases      ] GC(35)     Total                          Min: 0, Avg:  0.0, Max: 0, Diff: 0, Sum: 0, Workers: 4
[16.686s][debug][gc,phases      ] GC(35)   StringTable Weak               Min:  0.1, Avg:  0.1, Max:  0.1, Diff:  0.0, Sum:  0.4, Workers: 4
[16.686s][debug][gc,phases      ] GC(35)     Dead                           Min: 0, Avg:  2.8, Max: 11, Diff: 11, Sum: 11, Workers: 4
[16.686s][debug][gc,phases      ] GC(35)     Total                          Min: 8704, Avg: 10545.0, Max: 12597, Diff: 3893, Sum: 42180, Workers: 4
[16.686s][debug][gc,phases      ] GC(35)   ResolvedMethodTable Weak       Min:  0.0, Avg:  0.0, Max:  0.0, Diff:  0.0, Sum:  0.1, Workers: 4
[16.686s][debug][gc,phases      ] GC(35)     Dead                           Min: 0, Avg:  0.0, Max: 0, Diff: 0, Sum: 0, Workers: 4
[16.686s][debug][gc,phases      ] GC(35)     Total                          Min: 1536, Avg: 1681.2, Max: 1856, Diff: 320, Sum: 6725, Workers: 4
[16.686s][debug][gc,phases      ] GC(35)   JNI Weak                       Min:  0.0, Avg:  0.0, Max:  0.0, Diff:  0.0, Sum:  0.0, Workers: 4
[16.686s][debug][gc,phases      ] GC(35)     Dead                           Min: 0, Avg:  0.0, Max: 0, Diff: 0, Sum: 0, Workers: 4
[16.686s][debug][gc,phases      ] GC(35)     Total                          Min: 0, Avg:  1.5, Max: 6, Diff: 6, Sum: 6, Workers: 4
[16.686s][debug][gc,phases      ] GC(35)   StringDedup Table Weak         Min:  0.0, Avg:  0.0, Max:  0.0, Diff:  0.0, Sum:  0.0, Workers: 4
[16.686s][debug][gc,phases      ] GC(35)     Dead                           Min: 0, Avg:  0.0, Max: 0, Diff: 0, Sum: 0, Workers: 4
[16.686s][debug][gc,phases      ] GC(35)     Total                          Min: 0, Avg:  0.0, Max: 0, Diff: 0, Sum: 0, Workers: 4
[16.686s][debug][gc,phases      ] GC(35)   StringDedup Requests0 Weak     Min:  0.0, Avg:  0.0, Max:  0.0, Diff:  0.0, Sum:  0.0, Workers: 4
[16.686s][debug][gc,phases      ] GC(35)     Dead                           Min: 0, Avg:  0.0, Max: 0, Diff: 0, Sum: 0, Workers: 4
[16.686s][debug][gc,phases      ] GC(35)     Total                          Min: 0, Avg:  0.0, Max: 0, Diff: 0, Sum: 0, Workers: 4
[16.686s][debug][gc,phases      ] GC(35)   StringDedup Requests1 Weak     Min:  0.0, Avg:  0.0, Max:  0.0, Diff:  0.0, Sum:  0.0, Workers: 4
[16.686s][debug][gc,phases      ] GC(35)     Dead                           Min: 0, Avg:  0.0, Max: 0, Diff: 0, Sum: 0, Workers: 4
[16.686s][debug][gc,phases      ] GC(35)     Total                          Min: 0, Avg:  0.0, Max: 0, Diff: 0, Sum: 0, Workers: 4
[16.686s][debug][gc,phases      ] GC(35)   Weak JFR Old Object Samples    Min:  0.0, Avg:  0.0, Max:  0.0, Diff:  0.0, Sum:  0.0, Workers: 4
[16.686s][debug][gc,phases      ] GC(35)     Dead                           Min: 0, Avg:  0.0, Max: 0, Diff: 0, Sum: 0, Workers: 4
[16.686s][debug][gc,phases      ] GC(35)     Total                          Min: 0, Avg:  0.0, Max: 0, Diff: 0, Sum: 0, Workers: 4
[16.686s][debug][gc,phases      ] GC(35) Weak Processing 0.327ms
[16.686s][debug][gc,age         ] GC(35) Desired survivor size 514850816 bytes, new threshold 15 (max threshold 15)
[16.686s][info ][gc,heap        ] GC(35) PSYoungGen: 1461739K(1588224K)->331355K(1462272K) Eden: 1130496K(1130496K)->0K(1130496K) From: 331243K(457728K)->331355K(331776K)
[16.686s][info ][gc,heap        ] GC(35) ParOldGen: 222219K(276992K)->224715K(276992K)
[16.686s][info ][gc,metaspace   ] GC(35) Metaspace: 66749K(67392K)->66749K(67392K) NonClass: 57055K(57408K)->57055K(57408K) Class: 9694K(9984K)->9694K(9984K)
[16.686s][info ][gc             ] GC(35) Pause Young (Allocation Failure) 1644M->543M(1698M) 124.832ms
[16.686s][info ][gc,cpu         ] GC(35) User=0.50s Sys=0.00s Real=0.13s
[16.686s][info ][safepoint      ] Safepoint "ParallelGCFailedAllocation", Time since last: 57531920 ns, Reaching safepoint: 146509 ns, At safepoint: 124949712 ns, Total: 125096221 ns
[16.921s][info ][gc,start       ] GC(36) Pause Young (Allocation Failure)
[17.044s][debug][gc,phases      ] GC(36) Scavenge 122.753ms
[17.044s][debug][gc,ref         ] GC(36) Skipped phase 1 of Reference Processing: no references
[17.044s][debug][gc,ref         ] GC(36) ReferenceProcessor::execute queues: 1, RefProcThreadModel::Single, marks_oops_alive: false
[17.044s][debug][gc,ref         ] GC(36) Skipped phase 3 of Reference Processing: no references
[17.044s][debug][gc,ref         ] GC(36) ReferenceProcessor::execute queues: 1, RefProcThreadModel::Single, marks_oops_alive: false
[17.044s][debug][gc,phases      ] GC(36) Reference Processing 0.189ms
[17.045s][debug][gc,phases      ] GC(36)   VM Weak                        Min:  0.0, Avg:  0.0, Max:  0.0, Diff:  0.0, Sum:  0.0, Workers: 4
[17.045s][debug][gc,phases      ] GC(36)     Dead                           Min: 0, Avg:  0.0, Max: 0, Diff: 0, Sum: 0, Workers: 4
[17.045s][debug][gc,phases      ] GC(36)     Total                          Min: 0, Avg: 122.8, Max: 491, Diff: 491, Sum: 491, Workers: 4
[17.045s][debug][gc,phases      ] GC(36)   ObjectSynchronizer Weak        Min:  0.0, Avg:  0.0, Max:  0.0, Diff:  0.0, Sum:  0.0, Workers: 4
[17.045s][debug][gc,phases      ] GC(36)     Dead                           Min: 0, Avg:  0.0, Max: 0, Diff: 0, Sum: 0, Workers: 4
[17.045s][debug][gc,phases      ] GC(36)     Total                          Min: 0, Avg: 131.8, Max: 384, Diff: 384, Sum: 527, Workers: 4
[17.045s][debug][gc,phases      ] GC(36)   JVMTI Tag Weak OopStorage      Min:  0.0, Avg:  0.0, Max:  0.0, Diff:  0.0, Sum:  0.0, Workers: 4
[17.045s][debug][gc,phases      ] GC(36)     Dead                           Min: 0, Avg:  0.0, Max: 0, Diff: 0, Sum: 0, Workers: 4
[17.045s][debug][gc,phases      ] GC(36)     Total                          Min: 0, Avg:  0.0, Max: 0, Diff: 0, Sum: 0, Workers: 4
[17.045s][debug][gc,phases      ] GC(36)   StringTable Weak               Min:  0.1, Avg:  0.1, Max:  0.1, Diff:  0.0, Sum:  0.5, Workers: 4
[17.045s][debug][gc,phases      ] GC(36)     Dead                           Min: 0, Avg:  0.5, Max: 2, Diff: 2, Sum: 2, Workers: 4
[17.045s][debug][gc,phases      ] GC(36)     Total                          Min: 8832, Avg: 10558.8, Max: 11520, Diff: 2688, Sum: 42235, Workers: 4
[17.045s][debug][gc,phases      ] GC(36)   ResolvedMethodTable Weak       Min:  0.0, Avg:  0.0, Max:  0.0, Diff:  0.0, Sum:  0.1, Workers: 4
[17.045s][debug][gc,phases      ] GC(36)     Dead                           Min: 0, Avg:  2.8, Max: 11, Diff: 11, Sum: 11, Workers: 4
[17.045s][debug][gc,phases      ] GC(36)     Total                          Min: 1408, Avg: 1689.5, Max: 2026, Diff: 618, Sum: 6758, Workers: 4
[17.045s][debug][gc,phases      ] GC(36)   JNI Weak                       Min:  0.0, Avg:  0.0, Max:  0.0, Diff:  0.0, Sum:  0.0, Workers: 4
[17.045s][debug][gc,phases      ] GC(36)     Dead                           Min: 0, Avg:  0.0, Max: 0, Diff: 0, Sum: 0, Workers: 4
[17.045s][debug][gc,phases      ] GC(36)     Total                          Min: 0, Avg:  0.5, Max: 2, Diff: 2, Sum: 2, Workers: 4
[17.045s][debug][gc,phases      ] GC(36)   StringDedup Table Weak         Min:  0.0, Avg:  0.0, Max:  0.0, Diff:  0.0, Sum:  0.0, Workers: 4
[17.045s][debug][gc,phases      ] GC(36)     Dead                           Min: 0, Avg:  0.0, Max: 0, Diff: 0, Sum: 0, Workers: 4
[17.045s][debug][gc,phases      ] GC(36)     Total                          Min: 0, Avg:  0.0, Max: 0, Diff: 0, Sum: 0, Workers: 4
[17.045s][debug][gc,phases      ] GC(36)   StringDedup Requests0 Weak     Min:  0.0, Avg:  0.0, Max:  0.0, Diff:  0.0, Sum:  0.0, Workers: 4
[17.045s][debug][gc,phases      ] GC(36)     Dead                           Min: 0, Avg:  0.0, Max: 0, Diff: 0, Sum: 0, Workers: 4
[17.045s][debug][gc,phases      ] GC(36)     Total                          Min: 0, Avg:  0.0, Max: 0, Diff: 0, Sum: 0, Workers: 4
[17.045s][debug][gc,phases      ] GC(36)   StringDedup Requests1 Weak     Min:  0.0, Avg:  0.0, Max:  0.0, Diff:  0.0, Sum:  0.0, Workers: 4
[17.045s][debug][gc,phases      ] GC(36)     Dead                           Min: 0, Avg:  0.0, Max: 0, Diff: 0, Sum: 0, Workers: 4
[17.045s][debug][gc,phases      ] GC(36)     Total                          Min: 0, Avg:  0.0, Max: 0, Diff: 0, Sum: 0, Workers: 4
[17.045s][debug][gc,phases      ] GC(36)   Weak JFR Old Object Samples    Min:  0.0, Avg:  0.0, Max:  0.0, Diff:  0.0, Sum:  0.0, Workers: 4
[17.045s][debug][gc,phases      ] GC(36)     Dead                           Min: 0, Avg:  0.0, Max: 0, Diff: 0, Sum: 0, Workers: 4
[17.045s][debug][gc,phases      ] GC(36)     Total                          Min: 0, Avg:  0.0, Max: 0, Diff: 0, Sum: 0, Workers: 4
[17.045s][debug][gc,phases      ] GC(36) Weak Processing 0.328ms
[17.045s][debug][gc,age         ] GC(36) Desired survivor size 530055168 bytes, new threshold 15 (max threshold 15)
[17.045s][info ][gc,heap        ] GC(36) PSYoungGen: 1461851K(1462272K)->333806K(1564672K) Eden: 1130496K(1130496K)->0K(1061888K) From: 331355K(331776K)->333806K(502784K)
[17.045s][info ][gc,heap        ] GC(36) ParOldGen: 224715K(276992K)->227345K(276992K)
[17.045s][info ][gc,metaspace   ] GC(36) Metaspace: 66931K(67584K)->66931K(67584K) NonClass: 57217K(57600K)->57217K(57600K) Class: 9714K(9984K)->9714K(9984K)
[17.045s][info ][gc             ] GC(36) Pause Young (Allocation Failure) 1647M->547M(1798M) 123.412ms
[17.045s][info ][gc,cpu         ] GC(36) User=0.49s Sys=0.00s Real=0.13s
[17.045s][info ][safepoint      ] Safepoint "ParallelGCFailedAllocation", Time since last: 235144672 ns, Reaching safepoint: 180410 ns, At safepoint: 123534131 ns, Total: 123714541 ns
[17.243s][info ][gc,start       ] GC(37) Pause Young (Allocation Failure)
[17.364s][debug][gc,phases      ] GC(37) Scavenge 121.672ms
[17.364s][debug][gc,ref         ] GC(37) Skipped phase 1 of Reference Processing: no references
[17.365s][debug][gc,ref         ] GC(37) ReferenceProcessor::execute queues: 1, RefProcThreadModel::Single, marks_oops_alive: false
[17.365s][debug][gc,ref         ] GC(37) Skipped phase 3 of Reference Processing: no references
[17.365s][debug][gc,ref         ] GC(37) ReferenceProcessor::execute queues: 1, RefProcThreadModel::Single, marks_oops_alive: false
[17.365s][debug][gc,phases      ] GC(37) Reference Processing 0.162ms
[17.365s][debug][gc,phases      ] GC(37)   VM Weak                        Min:  0.0, Avg:  0.0, Max:  0.0, Diff:  0.0, Sum:  0.0, Workers: 4
[17.365s][debug][gc,phases      ] GC(37)     Dead                           Min: 0, Avg:  0.0, Max: 0, Diff: 0, Sum: 0, Workers: 4
[17.365s][debug][gc,phases      ] GC(37)     Total                          Min: 0, Avg: 122.8, Max: 491, Diff: 491, Sum: 491, Workers: 4
[17.365s][debug][gc,phases      ] GC(37)   ObjectSynchronizer Weak        Min:  0.0, Avg:  0.0, Max:  0.0, Diff:  0.0, Sum:  0.0, Workers: 4
[17.365s][debug][gc,phases      ] GC(37)     Dead                           Min: 0, Avg:  0.0, Max: 0, Diff: 0, Sum: 0, Workers: 4
[17.365s][debug][gc,phases      ] GC(37)     Total                          Min: 0, Avg: 131.8, Max: 271, Diff: 271, Sum: 527, Workers: 4
[17.365s][debug][gc,phases      ] GC(37)   JVMTI Tag Weak OopStorage      Min:  0.0, Avg:  0.0, Max:  0.0, Diff:  0.0, Sum:  0.0, Workers: 4
[17.365s][debug][gc,phases      ] GC(37)     Dead                           Min: 0, Avg:  0.0, Max: 0, Diff: 0, Sum: 0, Workers: 4
[17.365s][debug][gc,phases      ] GC(37)     Total                          Min: 0, Avg:  0.0, Max: 0, Diff: 0, Sum: 0, Workers: 4
[17.365s][debug][gc,phases      ] GC(37)   StringTable Weak               Min:  0.1, Avg:  0.1, Max:  0.1, Diff:  0.0, Sum:  0.4, Workers: 4
[17.365s][debug][gc,phases      ] GC(37)     Dead                           Min: 0, Avg:  2.8, Max: 6, Diff: 6, Sum: 11, Workers: 4
[17.365s][debug][gc,phases      ] GC(37)     Total                          Min: 8448, Avg: 10560.0, Max: 12800, Diff: 4352, Sum: 42240, Workers: 4
[17.365s][debug][gc,phases      ] GC(37)   ResolvedMethodTable Weak       Min:  0.0, Avg:  0.0, Max:  0.0, Diff:  0.0, Sum:  0.1, Workers: 4
[17.365s][debug][gc,phases      ] GC(37)     Dead                           Min: 0, Avg:  0.0, Max: 0, Diff: 0, Sum: 0, Workers: 4
[17.365s][debug][gc,phases      ] GC(37)     Total                          Min: 1536, Avg: 1689.5, Max: 1898, Diff: 362, Sum: 6758, Workers: 4
[17.365s][debug][gc,phases      ] GC(37)   JNI Weak                       Min:  0.0, Avg:  0.0, Max:  0.0, Diff:  0.0, Sum:  0.0, Workers: 4
[17.365s][debug][gc,phases      ] GC(37)     Dead                           Min: 0, Avg:  0.0, Max: 0, Diff: 0, Sum: 0, Workers: 4
[17.365s][debug][gc,phases      ] GC(37)     Total                          Min: 0, Avg:  1.2, Max: 5, Diff: 5, Sum: 5, Workers: 4
[17.365s][debug][gc,phases      ] GC(37)   StringDedup Table Weak         Min:  0.0, Avg:  0.0, Max:  0.0, Diff:  0.0, Sum:  0.0, Workers: 4
[17.365s][debug][gc,phases      ] GC(37)     Dead                           Min: 0, Avg:  0.0, Max: 0, Diff: 0, Sum: 0, Workers: 4
[17.365s][debug][gc,phases      ] GC(37)     Total                          Min: 0, Avg:  0.0, Max: 0, Diff: 0, Sum: 0, Workers: 4
[17.365s][debug][gc,phases      ] GC(37)   StringDedup Requests0 Weak     Min:  0.0, Avg:  0.0, Max:  0.0, Diff:  0.0, Sum:  0.0, Workers: 4
[17.365s][debug][gc,phases      ] GC(37)     Dead                           Min: 0, Avg:  0.0, Max: 0, Diff: 0, Sum: 0, Workers: 4
[17.365s][debug][gc,phases      ] GC(37)     Total                          Min: 0, Avg:  0.0, Max: 0, Diff: 0, Sum: 0, Workers: 4
[17.365s][debug][gc,phases      ] GC(37)   StringDedup Requests1 Weak     Min:  0.0, Avg:  0.0, Max:  0.0, Diff:  0.0, Sum:  0.0, Workers: 4
[17.365s][debug][gc,phases      ] GC(37)     Dead                           Min: 0, Avg:  0.0, Max: 0, Diff: 0, Sum: 0, Workers: 4
[17.365s][debug][gc,phases      ] GC(37)     Total                          Min: 0, Avg:  0.0, Max: 0, Diff: 0, Sum: 0, Workers: 4
[17.365s][debug][gc,phases      ] GC(37)   Weak JFR Old Object Samples    Min:  0.0, Avg:  0.0, Max:  0.0, Diff:  0.0, Sum:  0.0, Workers: 4
[17.365s][debug][gc,phases      ] GC(37)     Dead                           Min: 0, Avg:  0.0, Max: 0, Diff: 0, Sum: 0, Workers: 4
[17.365s][debug][gc,phases      ] GC(37)     Total                          Min: 0, Avg:  0.0, Max: 0, Diff: 0, Sum: 0, Workers: 4
[17.365s][debug][gc,phases      ] GC(37) Weak Processing 0.327ms
[17.365s][debug][gc,age         ] GC(37) Desired survivor size 536870912 bytes, new threshold 14 (max threshold 15)
[17.365s][info ][gc,heap        ] GC(37) PSYoungGen: 1395694K(1564672K)->335040K(1397248K) Eden: 1061888K(1061888K)->0K(1061888K) From: 333806K(502784K)->335040K(335360K)
[17.365s][info ][gc,heap        ] GC(37) ParOldGen: 227345K(276992K)->229766K(276992K)
[17.365s][info ][gc,metaspace   ] GC(37) Metaspace: 66950K(67584K)->66950K(67584K) NonClass: 57236K(57600K)->57236K(57600K) Class: 9714K(9984K)->9714K(9984K)
[17.365s][info ][gc             ] GC(37) Pause Young (Allocation Failure) 1584M->551M(1635M) 122.303ms
[17.365s][info ][gc,cpu         ] GC(37) User=0.49s Sys=0.00s Real=0.12s
[17.365s][info ][safepoint      ] Safepoint "ParallelGCFailedAllocation", Time since last: 197575903 ns, Reaching safepoint: 148409 ns, At safepoint: 122420166 ns, Total: 122568575 ns
[17.571s][info ][gc,start       ] GC(38) Pause Young (Allocation Failure)
[17.695s][debug][gc,phases      ] GC(38) Scavenge 124.376ms
[17.695s][debug][gc,ref         ] GC(38) Skipped phase 1 of Reference Processing: no references
[17.695s][debug][gc,ref         ] GC(38) ReferenceProcessor::execute queues: 1, RefProcThreadModel::Single, marks_oops_alive: false
[17.695s][debug][gc,ref         ] GC(38) Skipped phase 3 of Reference Processing: no references
[17.695s][debug][gc,ref         ] GC(38) ReferenceProcessor::execute queues: 1, RefProcThreadModel::Single, marks_oops_alive: false
[17.695s][debug][gc,phases      ] GC(38) Reference Processing 0.157ms
[17.695s][debug][gc,phases      ] GC(38)   VM Weak                        Min:  0.0, Avg:  0.0, Max:  0.0, Diff:  0.0, Sum:  0.0, Workers: 4
[17.695s][debug][gc,phases      ] GC(38)     Dead                           Min: 0, Avg:  0.0, Max: 0, Diff: 0, Sum: 0, Workers: 4
[17.695s][debug][gc,phases      ] GC(38)     Total                          Min: 0, Avg: 122.8, Max: 256, Diff: 256, Sum: 491, Workers: 4
[17.695s][debug][gc,phases      ] GC(38)   ObjectSynchronizer Weak        Min:  0.0, Avg:  0.0, Max:  0.0, Diff:  0.0, Sum:  0.0, Workers: 4
[17.695s][debug][gc,phases      ] GC(38)     Dead                           Min: 0, Avg:  0.0, Max: 0, Diff: 0, Sum: 0, Workers: 4
[17.695s][debug][gc,phases      ] GC(38)     Total                          Min: 0, Avg: 131.8, Max: 271, Diff: 271, Sum: 527, Workers: 4
[17.695s][debug][gc,phases      ] GC(38)   JVMTI Tag Weak OopStorage      Min:  0.0, Avg:  0.0, Max:  0.0, Diff:  0.0, Sum:  0.0, Workers: 4
[17.695s][debug][gc,phases      ] GC(38)     Dead                           Min: 0, Avg:  0.0, Max: 0, Diff: 0, Sum: 0, Workers: 4
[17.695s][debug][gc,phases      ] GC(38)     Total                          Min: 0, Avg:  0.0, Max: 0, Diff: 0, Sum: 0, Workers: 4
[17.695s][debug][gc,phases      ] GC(38)   StringTable Weak               Min:  0.1, Avg:  0.1, Max:  0.1, Diff:  0.0, Sum:  0.5, Workers: 4
[17.695s][debug][gc,phases      ] GC(38)     Dead                           Min: 0, Avg:  2.8, Max: 11, Diff: 11, Sum: 11, Workers: 4
[17.695s][debug][gc,phases      ] GC(38)     Total                          Min: 9856, Avg: 10562.0, Max: 11450, Diff: 1594, Sum: 42248, Workers: 4
[17.695s][debug][gc,phases      ] GC(38)   ResolvedMethodTable Weak       Min:  0.0, Avg:  0.0, Max:  0.0, Diff:  0.0, Sum:  0.1, Workers: 4
[17.695s][debug][gc,phases      ] GC(38)     Dead                           Min: 0, Avg:  0.0, Max: 0, Diff: 0, Sum: 0, Workers: 4
[17.695s][debug][gc,phases      ] GC(38)     Total                          Min: 1408, Avg: 1689.5, Max: 1981, Diff: 573, Sum: 6758, Workers: 4
[17.695s][debug][gc,phases      ] GC(38)   JNI Weak                       Min:  0.0, Avg:  0.0, Max:  0.0, Diff:  0.0, Sum:  0.0, Workers: 4
[17.695s][debug][gc,phases      ] GC(38)     Dead                           Min: 0, Avg:  0.0, Max: 0, Diff: 0, Sum: 0, Workers: 4
[17.695s][debug][gc,phases      ] GC(38)     Total                          Min: 0, Avg:  1.0, Max: 4, Diff: 4, Sum: 4, Workers: 4
[17.695s][debug][gc,phases      ] GC(38)   StringDedup Table Weak         Min:  0.0, Avg:  0.0, Max:  0.0, Diff:  0.0, Sum:  0.0, Workers: 4
[17.695s][debug][gc,phases      ] GC(38)     Dead                           Min: 0, Avg:  0.0, Max: 0, Diff: 0, Sum: 0, Workers: 4
[17.695s][debug][gc,phases      ] GC(38)     Total                          Min: 0, Avg:  0.0, Max: 0, Diff: 0, Sum: 0, Workers: 4
[17.695s][debug][gc,phases      ] GC(38)   StringDedup Requests0 Weak     Min:  0.0, Avg:  0.0, Max:  0.0, Diff:  0.0, Sum:  0.0, Workers: 4
[17.695s][debug][gc,phases      ] GC(38)     Dead                           Min: 0, Avg:  0.0, Max: 0, Diff: 0, Sum: 0, Workers: 4
[17.695s][debug][gc,phases      ] GC(38)     Total                          Min: 0, Avg:  0.0, Max: 0, Diff: 0, Sum: 0, Workers: 4
[17.695s][debug][gc,phases      ] GC(38)   StringDedup Requests1 Weak     Min:  0.0, Avg:  0.0, Max:  0.0, Diff:  0.0, Sum:  0.0, Workers: 4
[17.695s][debug][gc,phases      ] GC(38)     Dead                           Min: 0, Avg:  0.0, Max: 0, Diff: 0, Sum: 0, Workers: 4
[17.695s][debug][gc,phases      ] GC(38)     Total                          Min: 0, Avg:  0.0, Max: 0, Diff: 0, Sum: 0, Workers: 4
[17.695s][debug][gc,phases      ] GC(38)   Weak JFR Old Object Samples    Min:  0.0, Avg:  0.0, Max:  0.0, Diff:  0.0, Sum:  0.0, Workers: 4
[17.695s][debug][gc,phases      ] GC(38)     Dead                           Min: 0, Avg:  0.0, Max: 0, Diff: 0, Sum: 0, Workers: 4
[17.695s][debug][gc,phases      ] GC(38)     Total                          Min: 0, Avg:  0.0, Max: 0, Diff: 0, Sum: 0, Workers: 4
[17.695s][debug][gc,phases      ] GC(38) Weak Processing 0.340ms
[17.695s][debug][gc,age         ] GC(38) Desired survivor size 536870912 bytes, new threshold 13 (max threshold 15)
[17.696s][info ][gc,heap        ] GC(38) PSYoungGen: 1396928K(1397248K)->338480K(1572864K) Eden: 1061888K(1061888K)->0K(1048576K) From: 335040K(335360K)->338480K(524288K)
[17.696s][info ][gc,heap        ] GC(38) ParOldGen: 229766K(276992K)->230570K(276992K)
[17.696s][info ][gc,metaspace   ] GC(38) Metaspace: 67002K(67584K)->67002K(67584K) NonClass: 57287K(57600K)->57287K(57600K) Class: 9714K(9984K)->9714K(9984K)
[17.696s][info ][gc             ] GC(38) Pause Young (Allocation Failure) 1588M->555M(1806M) 125.016ms
[17.696s][info ][gc,cpu         ] GC(38) User=0.49s Sys=0.00s Real=0.13s
[17.696s][info ][safepoint      ] Safepoint "ParallelGCFailedAllocation", Time since last: 205269548 ns, Reaching safepoint: 146808 ns, At safepoint: 125142723 ns, Total: 125289531 ns
[17.899s][info ][gc,start       ] GC(39) Pause Young (Allocation Failure)
[18.029s][debug][gc,phases      ] GC(39) Scavenge 129.364ms
[18.029s][debug][gc,ref         ] GC(39) Skipped phase 1 of Reference Processing: no references
[18.029s][debug][gc,ref         ] GC(39) ReferenceProcessor::execute queues: 1, RefProcThreadModel::Single, marks_oops_alive: false
[18.029s][debug][gc,ref         ] GC(39) Skipped phase 3 of Reference Processing: no references
[18.029s][debug][gc,ref         ] GC(39) ReferenceProcessor::execute queues: 1, RefProcThreadModel::Single, marks_oops_alive: false
[18.029s][debug][gc,phases      ] GC(39) Reference Processing 0.141ms
[18.029s][debug][gc,phases      ] GC(39)   VM Weak                        Min:  0.0, Avg:  0.0, Max:  0.0, Diff:  0.0, Sum:  0.0, Workers: 4
[18.029s][debug][gc,phases      ] GC(39)     Dead                           Min: 0, Avg:  0.0, Max: 0, Diff: 0, Sum: 0, Workers: 4
[18.029s][debug][gc,phases      ] GC(39)     Total                          Min: 0, Avg: 122.8, Max: 448, Diff: 448, Sum: 491, Workers: 4
[18.029s][debug][gc,phases      ] GC(39)   ObjectSynchronizer Weak        Min:  0.0, Avg:  0.0, Max:  0.0, Diff:  0.0, Sum:  0.0, Workers: 4
[18.029s][debug][gc,phases      ] GC(39)     Dead                           Min: 0, Avg:  0.0, Max: 0, Diff: 0, Sum: 0, Workers: 4
[18.029s][debug][gc,phases      ] GC(39)     Total                          Min: 0, Avg: 131.8, Max: 256, Diff: 256, Sum: 527, Workers: 4
[18.029s][debug][gc,phases      ] GC(39)   JVMTI Tag Weak OopStorage      Min:  0.0, Avg:  0.0, Max:  0.0, Diff:  0.0, Sum:  0.0, Workers: 4
[18.029s][debug][gc,phases      ] GC(39)     Dead                           Min: 0, Avg:  0.0, Max: 0, Diff: 0, Sum: 0, Workers: 4
[18.029s][debug][gc,phases      ] GC(39)     Total                          Min: 0, Avg:  0.0, Max: 0, Diff: 0, Sum: 0, Workers: 4
[18.029s][debug][gc,phases      ] GC(39)   StringTable Weak               Min:  0.1, Avg:  0.1, Max:  0.1, Diff:  0.0, Sum:  0.4, Workers: 4
[18.029s][debug][gc,phases      ] GC(39)     Dead                           Min: 0, Avg:  0.0, Max: 0, Diff: 0, Sum: 0, Workers: 4
[18.029s][debug][gc,phases      ] GC(39)     Total                          Min: 10112, Avg: 10562.2, Max: 10771, Diff: 659, Sum: 42249, Workers: 4
[18.029s][debug][gc,phases      ] GC(39)   ResolvedMethodTable Weak       Min:  0.0, Avg:  0.0, Max:  0.0, Diff:  0.0, Sum:  0.1, Workers: 4
[18.029s][debug][gc,phases      ] GC(39)     Dead                           Min: 0, Avg:  0.0, Max: 0, Diff: 0, Sum: 0, Workers: 4
[18.029s][debug][gc,phases      ] GC(39)     Total                          Min: 1533, Avg: 1689.5, Max: 1834, Diff: 301, Sum: 6758, Workers: 4
[18.029s][debug][gc,phases      ] GC(39)   JNI Weak                       Min:  0.0, Avg:  0.0, Max:  0.0, Diff:  0.0, Sum:  0.0, Workers: 4
[18.029s][debug][gc,phases      ] GC(39)     Dead                           Min: 0, Avg:  0.0, Max: 0, Diff: 0, Sum: 0, Workers: 4
[18.029s][debug][gc,phases      ] GC(39)     Total                          Min: 0, Avg:  0.5, Max: 2, Diff: 2, Sum: 2, Workers: 4
[18.029s][debug][gc,phases      ] GC(39)   StringDedup Table Weak         Min:  0.0, Avg:  0.0, Max:  0.0, Diff:  0.0, Sum:  0.0, Workers: 4
[18.029s][debug][gc,phases      ] GC(39)     Dead                           Min: 0, Avg:  0.0, Max: 0, Diff: 0, Sum: 0, Workers: 4
[18.029s][debug][gc,phases      ] GC(39)     Total                          Min: 0, Avg:  0.0, Max: 0, Diff: 0, Sum: 0, Workers: 4
[18.029s][debug][gc,phases      ] GC(39)   StringDedup Requests0 Weak     Min:  0.0, Avg:  0.0, Max:  0.0, Diff:  0.0, Sum:  0.0, Workers: 4
[18.029s][debug][gc,phases      ] GC(39)     Dead                           Min: 0, Avg:  0.0, Max: 0, Diff: 0, Sum: 0, Workers: 4
[18.029s][debug][gc,phases      ] GC(39)     Total                          Min: 0, Avg:  0.0, Max: 0, Diff: 0, Sum: 0, Workers: 4
[18.029s][debug][gc,phases      ] GC(39)   StringDedup Requests1 Weak     Min:  0.0, Avg:  0.0, Max:  0.0, Diff:  0.0, Sum:  0.0, Workers: 4
[18.029s][debug][gc,phases      ] GC(39)     Dead                           Min: 0, Avg:  0.0, Max: 0, Diff: 0, Sum: 0, Workers: 4
[18.029s][debug][gc,phases      ] GC(39)     Total                          Min: 0, Avg:  0.0, Max: 0, Diff: 0, Sum: 0, Workers: 4
[18.029s][debug][gc,phases      ] GC(39)   Weak JFR Old Object Samples    Min:  0.0, Avg:  0.0, Max:  0.0, Diff:  0.0, Sum:  0.0, Workers: 4
[18.029s][debug][gc,phases      ] GC(39)     Dead                           Min: 0, Avg:  0.0, Max: 0, Diff: 0, Sum: 0, Workers: 4
[18.029s][debug][gc,phases      ] GC(39)     Total                          Min: 0, Avg:  0.0, Max: 0, Diff: 0, Sum: 0, Workers: 4
[18.029s][debug][gc,phases      ] GC(39) Weak Processing 0.326ms
[18.029s][debug][gc,age         ] GC(39) Desired survivor size 536870912 bytes, new threshold 12 (max threshold 15)
[18.029s][info ][gc,heap        ] GC(39) PSYoungGen: 1387056K(1572864K)->325872K(1572864K) Eden: 1048576K(1048576K)->0K(1048576K) From: 338480K(524288K)->325872K(524288K)
[18.029s][info ][gc,heap        ] GC(39) ParOldGen: 230570K(276992K)->247403K(276992K)
[18.029s][info ][gc,metaspace   ] GC(39) Metaspace: 67039K(67712K)->67039K(67712K) NonClass: 57325K(57728K)->57325K(57728K) Class: 9714K(9984K)->9714K(9984K)
[18.029s][info ][gc             ] GC(39) Pause Young (Allocation Failure) 1579M->559M(1806M) 129.974ms
[18.029s][info ][gc,cpu         ] GC(39) User=0.52s Sys=0.00s Real=0.13s
[18.029s][info ][safepoint      ] Safepoint "ParallelGCFailedAllocation", Time since last: 203535048 ns, Reaching safepoint: 162909 ns, At safepoint: 130089309 ns, Total: 130252218 ns
[18.216s][info ][gc,start       ] GC(40) Pause Young (Allocation Failure)
[18.351s][debug][gc,phases      ] GC(40) Scavenge 135.473ms
[18.351s][debug][gc,ref         ] GC(40) Skipped phase 1 of Reference Processing: no references
[18.351s][debug][gc,ref         ] GC(40) ReferenceProcessor::execute queues: 1, RefProcThreadModel::Single, marks_oops_alive: false
[18.351s][debug][gc,ref         ] GC(40) Skipped phase 3 of Reference Processing: no references
[18.351s][debug][gc,ref         ] GC(40) ReferenceProcessor::execute queues: 1, RefProcThreadModel::Single, marks_oops_alive: false
[18.351s][debug][gc,phases      ] GC(40) Reference Processing 0.114ms
[18.352s][debug][gc,phases      ] GC(40)   VM Weak                        Min:  0.0, Avg:  0.0, Max:  0.0, Diff:  0.0, Sum:  0.0, Workers: 4
[18.352s][debug][gc,phases      ] GC(40)     Dead                           Min: 0, Avg:  0.0, Max: 0, Diff: 0, Sum: 0, Workers: 4
[18.352s][debug][gc,phases      ] GC(40)     Total                          Min: 0, Avg: 122.8, Max: 384, Diff: 384, Sum: 491, Workers: 4
[18.352s][debug][gc,phases      ] GC(40)   ObjectSynchronizer Weak        Min:  0.0, Avg:  0.0, Max:  0.0, Diff:  0.0, Sum:  0.0, Workers: 4
[18.352s][debug][gc,phases      ] GC(40)     Dead                           Min: 0, Avg:  0.0, Max: 0, Diff: 0, Sum: 0, Workers: 4
[18.352s][debug][gc,phases      ] GC(40)     Total                          Min: 0, Avg: 131.8, Max: 207, Diff: 207, Sum: 527, Workers: 4
[18.352s][debug][gc,phases      ] GC(40)   JVMTI Tag Weak OopStorage      Min:  0.0, Avg:  0.0, Max:  0.0, Diff:  0.0, Sum:  0.0, Workers: 4
[18.352s][debug][gc,phases      ] GC(40)     Dead                           Min: 0, Avg:  0.0, Max: 0, Diff: 0, Sum: 0, Workers: 4
[18.352s][debug][gc,phases      ] GC(40)     Total                          Min: 0, Avg:  0.0, Max: 0, Diff: 0, Sum: 0, Workers: 4
[18.352s][debug][gc,phases      ] GC(40)   StringTable Weak               Min:  0.1, Avg:  0.1, Max:  0.1, Diff:  0.0, Sum:  0.4, Workers: 4
[18.352s][debug][gc,phases      ] GC(40)     Dead                           Min: 0, Avg:  2.8, Max: 6, Diff: 6, Sum: 11, Workers: 4
[18.352s][debug][gc,phases      ] GC(40)     Total                          Min: 9536, Avg: 10563.0, Max: 11724, Diff: 2188, Sum: 42252, Workers: 4
[18.352s][debug][gc,phases      ] GC(40)   ResolvedMethodTable Weak       Min:  0.0, Avg:  0.0, Max:  0.0, Diff:  0.0, Sum:  0.1, Workers: 4
[18.352s][debug][gc,phases      ] GC(40)     Dead                           Min: 0, Avg:  0.0, Max: 0, Diff: 0, Sum: 0, Workers: 4
[18.352s][debug][gc,phases      ] GC(40)     Total                          Min: 1408, Avg: 1689.5, Max: 1920, Diff: 512, Sum: 6758, Workers: 4
[18.352s][debug][gc,phases      ] GC(40)   JNI Weak                       Min:  0.0, Avg:  0.0, Max:  0.0, Diff:  0.0, Sum:  0.0, Workers: 4
[18.352s][debug][gc,phases      ] GC(40)     Dead                           Min: 0, Avg:  0.0, Max: 0, Diff: 0, Sum: 0, Workers: 4
[18.352s][debug][gc,phases      ] GC(40)     Total                          Min: 0, Avg:  0.0, Max: 0, Diff: 0, Sum: 0, Workers: 4
[18.352s][debug][gc,phases      ] GC(40)   StringDedup Table Weak         Min:  0.0, Avg:  0.0, Max:  0.0, Diff:  0.0, Sum:  0.0, Workers: 4
[18.352s][debug][gc,phases      ] GC(40)     Dead                           Min: 0, Avg:  0.0, Max: 0, Diff: 0, Sum: 0, Workers: 4
[18.352s][debug][gc,phases      ] GC(40)     Total                          Min: 0, Avg:  0.0, Max: 0, Diff: 0, Sum: 0, Workers: 4
[18.352s][debug][gc,phases      ] GC(40)   StringDedup Requests0 Weak     Min:  0.0, Avg:  0.0, Max:  0.0, Diff:  0.0, Sum:  0.0, Workers: 4
[18.352s][debug][gc,phases      ] GC(40)     Dead                           Min: 0, Avg:  0.0, Max: 0, Diff: 0, Sum: 0, Workers: 4
[18.352s][debug][gc,phases      ] GC(40)     Total                          Min: 0, Avg:  0.0, Max: 0, Diff: 0, Sum: 0, Workers: 4
[18.352s][debug][gc,phases      ] GC(40)   StringDedup Requests1 Weak     Min:  0.0, Avg:  0.0, Max:  0.0, Diff:  0.0, Sum:  0.0, Workers: 4
[18.352s][debug][gc,phases      ] GC(40)     Dead                           Min: 0, Avg:  0.0, Max: 0, Diff: 0, Sum: 0, Workers: 4
[18.352s][debug][gc,phases      ] GC(40)     Total                          Min: 0, Avg:  0.0, Max: 0, Diff: 0, Sum: 0, Workers: 4
[18.352s][debug][gc,phases      ] GC(40)   Weak JFR Old Object Samples    Min:  0.0, Avg:  0.0, Max:  0.0, Diff:  0.0, Sum:  0.0, Workers: 4
[18.352s][debug][gc,phases      ] GC(40)     Dead                           Min: 0, Avg:  0.0, Max: 0, Diff: 0, Sum: 0, Workers: 4
[18.352s][debug][gc,phases      ] GC(40)     Total                          Min: 0, Avg:  0.0, Max: 0, Diff: 0, Sum: 0, Workers: 4
[18.352s][debug][gc,phases      ] GC(40) Weak Processing 0.328ms
[18.352s][debug][gc,age         ] GC(40) Desired survivor size 526909440 bytes, new threshold 12 (max threshold 15)
[18.352s][info ][gc,heap        ] GC(40) PSYoungGen: 1374448K(1572864K)->216672K(1582592K) Eden: 1048576K(1048576K)->0K(1058304K) From: 325872K(524288K)->216672K(524288K)
[18.352s][info ][gc,heap        ] GC(40) ParOldGen: 247403K(276992K)->363251K(363520K)
[18.352s][info ][gc,metaspace   ] GC(40) Metaspace: 67083K(67712K)->67083K(67712K) NonClass: 57369K(57728K)->57369K(57728K) Class: 9714K(9984K)->9714K(9984K)
[18.352s][info ][gc             ] GC(40) Pause Young (Allocation Failure) 1583M->566M(1900M) 136.052ms
[18.352s][info ][gc,cpu         ] GC(40) User=0.51s Sys=0.04s Real=0.13s
[18.352s][debug][gc,phases      ] GC(41) Pre Compact 0.011ms
[18.352s][info ][gc,start       ] GC(41) Pause Full (Ergonomics)
[18.352s][info ][gc,phases,start] GC(41) Marking Phase
[18.545s][debug][gc,phases      ] GC(41) Par Mark 193.363ms
[18.545s][debug][gc,ref         ] GC(41) Skipped phase 1 of Reference Processing: no references
[18.545s][debug][gc,ref         ] GC(41) ReferenceProcessor::execute queues: 4, RefProcThreadModel::Multi, marks_oops_alive: false
[18.546s][debug][gc,ref         ] GC(41) Skipped phase 3 of Reference Processing: no references
[18.546s][debug][gc,ref         ] GC(41) ReferenceProcessor::execute queues: 1, RefProcThreadModel::Single, marks_oops_alive: false
[18.546s][debug][gc,phases      ] GC(41) Reference Processing 0.328ms
[18.546s][debug][gc,phases      ] GC(41)   VM Weak                        Min:  0.0, Avg:  0.0, Max:  0.0, Diff:  0.0, Sum:  0.0, Workers: 4
[18.546s][debug][gc,phases      ] GC(41)     Dead                           Min: 0, Avg:  0.0, Max: 0, Diff: 0, Sum: 0, Workers: 4
[18.546s][debug][gc,phases      ] GC(41)     Total                          Min: 0, Avg: 122.8, Max: 491, Diff: 491, Sum: 491, Workers: 4
[18.546s][debug][gc,phases      ] GC(41)   ObjectSynchronizer Weak        Min:  0.0, Avg:  0.0, Max:  0.0, Diff:  0.0, Sum:  0.0, Workers: 4
[18.546s][debug][gc,phases      ] GC(41)     Dead                           Min: 0, Avg:  0.0, Max: 0, Diff: 0, Sum: 0, Workers: 4
[18.546s][debug][gc,phases      ] GC(41)     Total                          Min: 0, Avg: 131.8, Max: 192, Diff: 192, Sum: 527, Workers: 4
[18.546s][debug][gc,phases      ] GC(41)   JVMTI Tag Weak OopStorage      Min:  0.0, Avg:  0.0, Max:  0.0, Diff:  0.0, Sum:  0.0, Workers: 4
[18.546s][debug][gc,phases      ] GC(41)     Dead                           Min: 0, Avg:  0.0, Max: 0, Diff: 0, Sum: 0, Workers: 4
[18.546s][debug][gc,phases      ] GC(41)     Total                          Min: 0, Avg:  0.0, Max: 0, Diff: 0, Sum: 0, Workers: 4
[18.546s][debug][gc,phases      ] GC(41)   StringTable Weak               Min:  0.1, Avg:  0.1, Max:  0.1, Diff:  0.0, Sum:  0.5, Workers: 4
[18.546s][debug][gc,phases      ] GC(41)     Dead                           Min: 0, Avg:  0.0, Max: 0, Diff: 0, Sum: 0, Workers: 4
[18.546s][debug][gc,phases      ] GC(41)     Total                          Min: 9984, Avg: 10563.0, Max: 11456, Diff: 1472, Sum: 42252, Workers: 4
[18.546s][debug][gc,phases      ] GC(41)   ResolvedMethodTable Weak       Min:  0.0, Avg:  0.0, Max:  0.0, Diff:  0.0, Sum:  0.1, Workers: 4
[18.546s][debug][gc,phases      ] GC(41)     Dead                           Min: 0, Avg:  0.2, Max: 1, Diff: 1, Sum: 1, Workers: 4
[18.546s][debug][gc,phases      ] GC(41)     Total                          Min: 1599, Avg: 1689.5, Max: 1856, Diff: 257, Sum: 6758, Workers: 4
[18.546s][debug][gc,phases      ] GC(41)   JNI Weak                       Min:  0.0, Avg:  0.0, Max:  0.0, Diff:  0.0, Sum:  0.0, Workers: 4
[18.546s][debug][gc,phases      ] GC(41)     Dead                           Min: 0, Avg:  0.0, Max: 0, Diff: 0, Sum: 0, Workers: 4
[18.546s][debug][gc,phases      ] GC(41)     Total                          Min: 0, Avg:  0.0, Max: 0, Diff: 0, Sum: 0, Workers: 4
[18.546s][debug][gc,phases      ] GC(41)   StringDedup Table Weak         Min:  0.0, Avg:  0.0, Max:  0.0, Diff:  0.0, Sum:  0.0, Workers: 4
[18.546s][debug][gc,phases      ] GC(41)     Dead                           Min: 0, Avg:  0.0, Max: 0, Diff: 0, Sum: 0, Workers: 4
[18.546s][debug][gc,phases      ] GC(41)     Total                          Min: 0, Avg:  0.0, Max: 0, Diff: 0, Sum: 0, Workers: 4
[18.546s][debug][gc,phases      ] GC(41)   StringDedup Requests0 Weak     Min:  0.0, Avg:  0.0, Max:  0.0, Diff:  0.0, Sum:  0.0, Workers: 4
[18.546s][debug][gc,phases      ] GC(41)     Dead                           Min: 0, Avg:  0.0, Max: 0, Diff: 0, Sum: 0, Workers: 4
[18.546s][debug][gc,phases      ] GC(41)     Total                          Min: 0, Avg:  0.0, Max: 0, Diff: 0, Sum: 0, Workers: 4
[18.546s][debug][gc,phases      ] GC(41)   StringDedup Requests1 Weak     Min:  0.0, Avg:  0.0, Max:  0.0, Diff:  0.0, Sum:  0.0, Workers: 4
[18.546s][debug][gc,phases      ] GC(41)     Dead                           Min: 0, Avg:  0.0, Max: 0, Diff: 0, Sum: 0, Workers: 4
[18.546s][debug][gc,phases      ] GC(41)     Total                          Min: 0, Avg:  0.0, Max: 0, Diff: 0, Sum: 0, Workers: 4
[18.546s][debug][gc,phases      ] GC(41)   Weak JFR Old Object Samples    Min:  0.0, Avg:  0.0, Max:  0.0, Diff:  0.0, Sum:  0.0, Workers: 4
[18.546s][debug][gc,phases      ] GC(41)     Dead                           Min: 0, Avg:  0.0, Max: 0, Diff: 0, Sum: 0, Workers: 4
[18.546s][debug][gc,phases      ] GC(41)     Total                          Min: 0, Avg:  0.0, Max: 0, Diff: 0, Sum: 0, Workers: 4
[18.546s][debug][gc,phases      ] GC(41) Weak Processing 0.332ms
[18.546s][debug][gc,phases      ] GC(41) ClassLoaderData 0.069ms
[18.546s][debug][gc,phases      ] GC(41) Trigger cleanups 0.000ms
[18.554s][debug][gc,phases      ] GC(41) Class Unloading 8.553ms
[18.555s][info ][gc,phases      ] GC(41) Marking Phase 202.731ms
[18.555s][info ][gc,phases,start] GC(41) Summary Phase
[18.555s][info ][gc,phases      ] GC(41) Summary Phase 0.012ms
[18.555s][info ][gc,phases,start] GC(41) Adjust Roots
[18.563s][info ][gc,phases      ] GC(41) Adjust Roots 8.545ms
[18.563s][info ][gc,phases,start] GC(41) Compaction Phase
[19.148s][info ][gc,phases      ] GC(41) Compaction Phase 584.473ms
[19.148s][info ][gc,phases,start] GC(41) Post Compact
[19.150s][info ][gc,phases      ] GC(41) Post Compact 1.996ms
[19.150s][info ][gc,heap        ] GC(41) PSYoungGen: 216672K(1582592K)->210263K(1582592K) Eden: 0K(1058304K)->0K(1058304K) From: 216672K(524288K)->210263K(524288K)
[19.150s][info ][gc,heap        ] GC(41) ParOldGen: 363251K(363520K)->363493K(473600K)
[19.150s][info ][gc,metaspace   ] GC(41) Metaspace: 67083K(67712K)->67083K(67712K) NonClass: 57369K(57728K)->57369K(57728K) Class: 9714K(9984K)->9714K(9984K)
[19.150s][info ][gc             ] GC(41) Pause Full (Ergonomics) 566M->560M(2008M) 798.081ms
[19.150s][info ][gc,cpu         ] GC(41) User=3.12s Sys=0.00s Real=0.80s
[19.150s][info ][safepoint      ] Safepoint "ParallelGCFailedAllocation", Time since last: 186019636 ns, Reaching safepoint: 196812 ns, At safepoint: 934349628 ns, Total: 934546440 ns
[19.382s][info ][gc,start       ] GC(42) Pause Young (Allocation Failure)
[19.512s][debug][gc,phases      ] GC(42) Scavenge 130.463ms
[19.513s][debug][gc,ref         ] GC(42) Skipped phase 1 of Reference Processing: no references
[19.513s][debug][gc,ref         ] GC(42) ReferenceProcessor::execute queues: 1, RefProcThreadModel::Single, marks_oops_alive: false
[19.513s][debug][gc,ref         ] GC(42) Skipped phase 3 of Reference Processing: no references
[19.513s][debug][gc,ref         ] GC(42) ReferenceProcessor::execute queues: 1, RefProcThreadModel::Single, marks_oops_alive: false
[19.513s][debug][gc,phases      ] GC(42) Reference Processing 0.121ms
[19.513s][debug][gc,phases      ] GC(42)   VM Weak                        Min:  0.0, Avg:  0.0, Max:  0.0, Diff:  0.0, Sum:  0.0, Workers: 4
[19.513s][debug][gc,phases      ] GC(42)     Dead                           Min: 0, Avg:  0.0, Max: 0, Diff: 0, Sum: 0, Workers: 4
[19.513s][debug][gc,phases      ] GC(42)     Total                          Min: 0, Avg: 122.8, Max: 448, Diff: 448, Sum: 491, Workers: 4
[19.513s][debug][gc,phases      ] GC(42)   ObjectSynchronizer Weak        Min:  0.0, Avg:  0.0, Max:  0.0, Diff:  0.0, Sum:  0.0, Workers: 4
[19.513s][debug][gc,phases      ] GC(42)     Dead                           Min: 0, Avg:  0.0, Max: 0, Diff: 0, Sum: 0, Workers: 4
[19.513s][debug][gc,phases      ] GC(42)     Total                          Min: 0, Avg: 131.8, Max: 335, Diff: 335, Sum: 527, Workers: 4
[19.513s][debug][gc,phases      ] GC(42)   JVMTI Tag Weak OopStorage      Min:  0.0, Avg:  0.0, Max:  0.0, Diff:  0.0, Sum:  0.0, Workers: 4
[19.513s][debug][gc,phases      ] GC(42)     Dead                           Min: 0, Avg:  0.0, Max: 0, Diff: 0, Sum: 0, Workers: 4
[19.513s][debug][gc,phases      ] GC(42)     Total                          Min: 0, Avg:  0.0, Max: 0, Diff: 0, Sum: 0, Workers: 4
[19.513s][debug][gc,phases      ] GC(42)   StringTable Weak               Min:  0.1, Avg:  0.1, Max:  0.1, Diff:  0.0, Sum:  0.3, Workers: 4
[19.513s][debug][gc,phases      ] GC(42)     Dead                           Min: 0, Avg:  2.8, Max: 11, Diff: 11, Sum: 11, Workers: 4
[19.513s][debug][gc,phases      ] GC(42)     Total                          Min: 9914, Avg: 10563.0, Max: 11456, Diff: 1542, Sum: 42252, Workers: 4
[19.513s][debug][gc,phases      ] GC(42)   ResolvedMethodTable Weak       Min:  0.0, Avg:  0.0, Max:  0.0, Diff:  0.0, Sum:  0.1, Workers: 4
[19.513s][debug][gc,phases      ] GC(42)     Dead                           Min: 0, Avg:  0.0, Max: 0, Diff: 0, Sum: 0, Workers: 4
[19.513s][debug][gc,phases      ] GC(42)     Total                          Min: 1408, Avg: 1689.5, Max: 1792, Diff: 384, Sum: 6758, Workers: 4
[19.513s][debug][gc,phases      ] GC(42)   JNI Weak                       Min:  0.0, Avg:  0.0, Max:  0.0, Diff:  0.0, Sum:  0.0, Workers: 4
[19.513s][debug][gc,phases      ] GC(42)     Dead                           Min: 0, Avg:  0.0, Max: 0, Diff: 0, Sum: 0, Workers: 4
[19.513s][debug][gc,phases      ] GC(42)     Total                          Min: 0, Avg:  0.2, Max: 1, Diff: 1, Sum: 1, Workers: 4
[19.513s][debug][gc,phases      ] GC(42)   StringDedup Table Weak         Min:  0.0, Avg:  0.0, Max:  0.0, Diff:  0.0, Sum:  0.0, Workers: 4
[19.513s][debug][gc,phases      ] GC(42)     Dead                           Min: 0, Avg:  0.0, Max: 0, Diff: 0, Sum: 0, Workers: 4
[19.513s][debug][gc,phases      ] GC(42)     Total                          Min: 0, Avg:  0.0, Max: 0, Diff: 0, Sum: 0, Workers: 4
[19.513s][debug][gc,phases      ] GC(42)   StringDedup Requests0 Weak     Min:  0.0, Avg:  0.0, Max:  0.0, Diff:  0.0, Sum:  0.0, Workers: 4
[19.513s][debug][gc,phases      ] GC(42)     Dead                           Min: 0, Avg:  0.0, Max: 0, Diff: 0, Sum: 0, Workers: 4
[19.513s][debug][gc,phases      ] GC(42)     Total                          Min: 0, Avg:  0.0, Max: 0, Diff: 0, Sum: 0, Workers: 4
[19.513s][debug][gc,phases      ] GC(42)   StringDedup Requests1 Weak     Min:  0.0, Avg:  0.0, Max:  0.0, Diff:  0.0, Sum:  0.0, Workers: 4
[19.513s][debug][gc,phases      ] GC(42)     Dead                           Min: 0, Avg:  0.0, Max: 0, Diff: 0, Sum: 0, Workers: 4
[19.513s][debug][gc,phases      ] GC(42)     Total                          Min: 0, Avg:  0.0, Max: 0, Diff: 0, Sum: 0, Workers: 4
[19.513s][debug][gc,phases      ] GC(42)   Weak JFR Old Object Samples    Min:  0.0, Avg:  0.0, Max:  0.0, Diff:  0.0, Sum:  0.0, Workers: 4
[19.513s][debug][gc,phases      ] GC(42)     Dead                           Min: 0, Avg:  0.0, Max: 0, Diff: 0, Sum: 0, Workers: 4
[19.513s][debug][gc,phases      ] GC(42)     Total                          Min: 0, Avg:  0.0, Max: 0, Diff: 0, Sum: 0, Workers: 4
[19.513s][debug][gc,phases      ] GC(42) Weak Processing 0.300ms
[19.513s][debug][gc,age         ] GC(42) Desired survivor size 510132224 bytes, new threshold 12 (max threshold 15)
[19.513s][info ][gc,heap        ] GC(42) PSYoungGen: 1268567K(1582592K)->194832K(1572864K) Eden: 1058304K(1058304K)->0K(1058304K) From: 210263K(524288K)->194832K(514560K)
[19.513s][info ][gc,heap        ] GC(42) ParOldGen: 363493K(473600K)->407869K(473600K)
[19.513s][info ][gc,metaspace   ] GC(42) Metaspace: 67089K(67776K)->67089K(67776K) NonClass: 57375K(57792K)->57375K(57792K) Class: 9714K(9984K)->9714K(9984K)
[19.513s][info ][gc             ] GC(42) Pause Young (Allocation Failure) 1593M->588M(1998M) 131.024ms
[19.513s][info ][gc,cpu         ] GC(42) User=0.50s Sys=0.01s Real=0.13s
[19.513s][debug][gc,phases      ] GC(43) Pre Compact 0.010ms
[19.513s][info ][gc,start       ] GC(43) Pause Full (Ergonomics)
[19.513s][info ][gc,phases,start] GC(43) Marking Phase
[19.696s][debug][gc,phases      ] GC(43) Par Mark 182.533ms
[19.696s][debug][gc,ref         ] GC(43) Skipped phase 1 of Reference Processing: no references
[19.696s][debug][gc,ref         ] GC(43) ReferenceProcessor::execute queues: 4, RefProcThreadModel::Multi, marks_oops_alive: false
[19.696s][debug][gc,ref         ] GC(43) Skipped phase 3 of Reference Processing: no references
[19.696s][debug][gc,ref         ] GC(43) ReferenceProcessor::execute queues: 1, RefProcThreadModel::Single, marks_oops_alive: false
[19.696s][debug][gc,phases      ] GC(43) Reference Processing 0.329ms
[19.696s][debug][gc,phases      ] GC(43)   VM Weak                        Min:  0.0, Avg:  0.0, Max:  0.0, Diff:  0.0, Sum:  0.0, Workers: 4
[19.696s][debug][gc,phases      ] GC(43)     Dead                           Min: 0, Avg:  0.0, Max: 0, Diff: 0, Sum: 0, Workers: 4
[19.696s][debug][gc,phases      ] GC(43)     Total                          Min: 0, Avg: 122.8, Max: 256, Diff: 256, Sum: 491, Workers: 4
[19.696s][debug][gc,phases      ] GC(43)   ObjectSynchronizer Weak        Min:  0.0, Avg:  0.0, Max:  0.0, Diff:  0.0, Sum:  0.0, Workers: 4
[19.696s][debug][gc,phases      ] GC(43)     Dead                           Min: 0, Avg:  0.0, Max: 0, Diff: 0, Sum: 0, Workers: 4
[19.696s][debug][gc,phases      ] GC(43)     Total                          Min: 0, Avg: 131.8, Max: 207, Diff: 207, Sum: 527, Workers: 4
[19.696s][debug][gc,phases      ] GC(43)   JVMTI Tag Weak OopStorage      Min:  0.0, Avg:  0.0, Max:  0.0, Diff:  0.0, Sum:  0.0, Workers: 4
[19.696s][debug][gc,phases      ] GC(43)     Dead                           Min: 0, Avg:  0.0, Max: 0, Diff: 0, Sum: 0, Workers: 4
[19.696s][debug][gc,phases      ] GC(43)     Total                          Min: 0, Avg:  0.0, Max: 0, Diff: 0, Sum: 0, Workers: 4
[19.696s][debug][gc,phases      ] GC(43)   StringTable Weak               Min:  0.1, Avg:  0.1, Max:  0.1, Diff:  0.0, Sum:  0.6, Workers: 4
[19.696s][debug][gc,phases      ] GC(43)     Dead                           Min: 0, Avg:  0.0, Max: 0, Diff: 0, Sum: 0, Workers: 4
[19.696s][debug][gc,phases      ] GC(43)     Total                          Min: 9984, Avg: 10563.0, Max: 10832, Diff: 848, Sum: 42252, Workers: 4
[19.696s][debug][gc,phases      ] GC(43)   ResolvedMethodTable Weak       Min:  0.0, Avg:  0.0, Max:  0.0, Diff:  0.0, Sum:  0.1, Workers: 4
[19.696s][debug][gc,phases      ] GC(43)     Dead                           Min: 0, Avg:  0.0, Max: 0, Diff: 0, Sum: 0, Workers: 4
[19.696s][debug][gc,phases      ] GC(43)     Total                          Min: 1533, Avg: 1689.5, Max: 1834, Diff: 301, Sum: 6758, Workers: 4
[19.696s][debug][gc,phases      ] GC(43)   JNI Weak                       Min:  0.0, Avg:  0.0, Max:  0.0, Diff:  0.0, Sum:  0.0, Workers: 4
[19.696s][debug][gc,phases      ] GC(43)     Dead                           Min: 0, Avg:  0.0, Max: 0, Diff: 0, Sum: 0, Workers: 4
[19.696s][debug][gc,phases      ] GC(43)     Total                          Min: 0, Avg:  0.2, Max: 1, Diff: 1, Sum: 1, Workers: 4
[19.696s][debug][gc,phases      ] GC(43)   StringDedup Table Weak         Min:  0.0, Avg:  0.0, Max:  0.0, Diff:  0.0, Sum:  0.0, Workers: 4
[19.696s][debug][gc,phases      ] GC(43)     Dead                           Min: 0, Avg:  0.0, Max: 0, Diff: 0, Sum: 0, Workers: 4
[19.696s][debug][gc,phases      ] GC(43)     Total                          Min: 0, Avg:  0.0, Max: 0, Diff: 0, Sum: 0, Workers: 4
[19.696s][debug][gc,phases      ] GC(43)   StringDedup Requests0 Weak     Min:  0.0, Avg:  0.0, Max:  0.0, Diff:  0.0, Sum:  0.0, Workers: 4
[19.696s][debug][gc,phases      ] GC(43)     Dead                           Min: 0, Avg:  0.0, Max: 0, Diff: 0, Sum: 0, Workers: 4
[19.696s][debug][gc,phases      ] GC(43)     Total                          Min: 0, Avg:  0.0, Max: 0, Diff: 0, Sum: 0, Workers: 4
[19.696s][debug][gc,phases      ] GC(43)   StringDedup Requests1 Weak     Min:  0.0, Avg:  0.0, Max:  0.0, Diff:  0.0, Sum:  0.0, Workers: 4
[19.696s][debug][gc,phases      ] GC(43)     Dead                           Min: 0, Avg:  0.0, Max: 0, Diff: 0, Sum: 0, Workers: 4
[19.696s][debug][gc,phases      ] GC(43)     Total                          Min: 0, Avg:  0.0, Max: 0, Diff: 0, Sum: 0, Workers: 4
[19.696s][debug][gc,phases      ] GC(43)   Weak JFR Old Object Samples    Min:  0.0, Avg:  0.0, Max:  0.0, Diff:  0.0, Sum:  0.0, Workers: 4
[19.696s][debug][gc,phases      ] GC(43)     Dead                           Min: 0, Avg:  0.0, Max: 0, Diff: 0, Sum: 0, Workers: 4
[19.696s][debug][gc,phases      ] GC(43)     Total                          Min: 0, Avg:  0.0, Max: 0, Diff: 0, Sum: 0, Workers: 4
[19.696s][debug][gc,phases      ] GC(43) Weak Processing 0.368ms
[19.696s][debug][gc,phases      ] GC(43) ClassLoaderData 0.069ms
[19.696s][debug][gc,phases      ] GC(43) Trigger cleanups 0.000ms
[19.705s][debug][gc,phases      ] GC(43) Class Unloading 8.636ms
[19.705s][info ][gc,phases      ] GC(43) Marking Phase 192.015ms
[19.705s][info ][gc,phases,start] GC(43) Summary Phase
[19.705s][info ][gc,phases      ] GC(43) Summary Phase 0.024ms
[19.705s][info ][gc,phases,start] GC(43) Adjust Roots
[19.711s][info ][gc,phases      ] GC(43) Adjust Roots 5.823ms
[19.711s][info ][gc,phases,start] GC(43) Compaction Phase
[20.137s][info ][gc,phases      ] GC(43) Compaction Phase 426.049ms
[20.137s][info ][gc,phases,start] GC(43) Post Compact
[20.139s][info ][gc,phases      ] GC(43) Post Compact 1.790ms
[20.139s][info ][gc,heap        ] GC(43) PSYoungGen: 194832K(1572864K)->98743K(1572864K) Eden: 0K(1058304K)->0K(1058304K) From: 194832K(514560K)->98743K(514560K)
[20.139s][info ][gc,heap        ] GC(43) ParOldGen: 407869K(473600K)->473536K(599040K)
[20.139s][info ][gc,metaspace   ] GC(43) Metaspace: 67089K(67776K)->67089K(67776K) NonClass: 57375K(57792K)->57375K(57792K) Class: 9714K(9984K)->9714K(9984K)
[20.139s][info ][gc             ] GC(43) Pause Full (Ergonomics) 588M->558M(2121M) 626.048ms
[20.139s][info ][gc,cpu         ] GC(43) User=2.43s Sys=0.01s Real=0.63s
[20.139s][info ][safepoint      ] Safepoint "ParallelGCFailedAllocation", Time since last: 231717474 ns, Reaching safepoint: 215112 ns, At safepoint: 757270808 ns, Total: 757485920 ns
[20.297s][info ][gc,start       ] GC(44) Pause Young (Allocation Failure)
[20.377s][debug][gc,phases      ] GC(44) Scavenge 80.753ms
[20.377s][debug][gc,ref         ] GC(44) Skipped phase 1 of Reference Processing: no references
[20.377s][debug][gc,ref         ] GC(44) ReferenceProcessor::execute queues: 1, RefProcThreadModel::Single, marks_oops_alive: false
[20.378s][debug][gc,ref         ] GC(44) Skipped phase 3 of Reference Processing: no references
[20.378s][debug][gc,ref         ] GC(44) ReferenceProcessor::execute queues: 1, RefProcThreadModel::Single, marks_oops_alive: false
[20.378s][debug][gc,phases      ] GC(44) Reference Processing 0.116ms
[20.378s][debug][gc,phases      ] GC(44)   VM Weak                        Min:  0.0, Avg:  0.0, Max:  0.0, Diff:  0.0, Sum:  0.0, Workers: 4
[20.378s][debug][gc,phases      ] GC(44)     Dead                           Min: 0, Avg:  0.0, Max: 0, Diff: 0, Sum: 0, Workers: 4
[20.378s][debug][gc,phases      ] GC(44)     Total                          Min: 0, Avg: 122.8, Max: 491, Diff: 491, Sum: 491, Workers: 4
[20.378s][debug][gc,phases      ] GC(44)   ObjectSynchronizer Weak        Min:  0.0, Avg:  0.0, Max:  0.0, Diff:  0.0, Sum:  0.0, Workers: 4
[20.378s][debug][gc,phases      ] GC(44)     Dead                           Min: 0, Avg:  0.0, Max: 0, Diff: 0, Sum: 0, Workers: 4
[20.378s][debug][gc,phases      ] GC(44)     Total                          Min: 0, Avg: 131.8, Max: 448, Diff: 448, Sum: 527, Workers: 4
[20.378s][debug][gc,phases      ] GC(44)   JVMTI Tag Weak OopStorage      Min:  0.0, Avg:  0.0, Max:  0.0, Diff:  0.0, Sum:  0.0, Workers: 4
[20.378s][debug][gc,phases      ] GC(44)     Dead                           Min: 0, Avg:  0.0, Max: 0, Diff: 0, Sum: 0, Workers: 4
[20.378s][debug][gc,phases      ] GC(44)     Total                          Min: 0, Avg:  0.0, Max: 0, Diff: 0, Sum: 0, Workers: 4
[20.378s][debug][gc,phases      ] GC(44)   StringTable Weak               Min:  0.1, Avg:  0.1, Max:  0.1, Diff:  0.0, Sum:  0.4, Workers: 4
[20.378s][debug][gc,phases      ] GC(44)     Dead                           Min: 0, Avg:  2.8, Max: 11, Diff: 11, Sum: 11, Workers: 4
[20.378s][debug][gc,phases      ] GC(44)     Total                          Min: 8252, Avg: 10565.0, Max: 12736, Diff: 4484, Sum: 42260, Workers: 4
[20.378s][debug][gc,phases      ] GC(44)   ResolvedMethodTable Weak       Min:  0.0, Avg:  0.0, Max:  0.0, Diff:  0.0, Sum:  0.1, Workers: 4
[20.378s][debug][gc,phases      ] GC(44)     Dead                           Min: 0, Avg:  0.0, Max: 0, Diff: 0, Sum: 0, Workers: 4
[20.378s][debug][gc,phases      ] GC(44)     Total                          Min: 1536, Avg: 1689.5, Max: 1770, Diff: 234, Sum: 6758, Workers: 4
[20.378s][debug][gc,phases      ] GC(44)   JNI Weak                       Min:  0.0, Avg:  0.0, Max:  0.0, Diff:  0.0, Sum:  0.0, Workers: 4
[20.378s][debug][gc,phases      ] GC(44)     Dead                           Min: 0, Avg:  0.0, Max: 0, Diff: 0, Sum: 0, Workers: 4
[20.378s][debug][gc,phases      ] GC(44)     Total                          Min: 0, Avg:  0.5, Max: 2, Diff: 2, Sum: 2, Workers: 4
[20.378s][debug][gc,phases      ] GC(44)   StringDedup Table Weak         Min:  0.0, Avg:  0.0, Max:  0.0, Diff:  0.0, Sum:  0.0, Workers: 4
[20.378s][debug][gc,phases      ] GC(44)     Dead                           Min: 0, Avg:  0.0, Max: 0, Diff: 0, Sum: 0, Workers: 4
[20.378s][debug][gc,phases      ] GC(44)     Total                          Min: 0, Avg:  0.0, Max: 0, Diff: 0, Sum: 0, Workers: 4
[20.378s][debug][gc,phases      ] GC(44)   StringDedup Requests0 Weak     Min:  0.0, Avg:  0.0, Max:  0.0, Diff:  0.0, Sum:  0.0, Workers: 4
[20.378s][debug][gc,phases      ] GC(44)     Dead                           Min: 0, Avg:  0.0, Max: 0, Diff: 0, Sum: 0, Workers: 4
[20.378s][debug][gc,phases      ] GC(44)     Total                          Min: 0, Avg:  0.0, Max: 0, Diff: 0, Sum: 0, Workers: 4
[20.378s][debug][gc,phases      ] GC(44)   StringDedup Requests1 Weak     Min:  0.0, Avg:  0.0, Max:  0.0, Diff:  0.0, Sum:  0.0, Workers: 4
[20.378s][debug][gc,phases      ] GC(44)     Dead                           Min: 0, Avg:  0.0, Max: 0, Diff: 0, Sum: 0, Workers: 4
[20.378s][debug][gc,phases      ] GC(44)     Total                          Min: 0, Avg:  0.0, Max: 0, Diff: 0, Sum: 0, Workers: 4
[20.378s][debug][gc,phases      ] GC(44)   Weak JFR Old Object Samples    Min:  0.0, Avg:  0.0, Max:  0.0, Diff:  0.0, Sum:  0.0, Workers: 4
[20.378s][debug][gc,phases      ] GC(44)     Dead                           Min: 0, Avg:  0.0, Max: 0, Diff: 0, Sum: 0, Workers: 4
[20.378s][debug][gc,phases      ] GC(44)     Total                          Min: 0, Avg:  0.0, Max: 0, Diff: 0, Sum: 0, Workers: 4
[20.378s][debug][gc,phases      ] GC(44) Weak Processing 0.314ms
[20.378s][debug][gc,age         ] GC(44) Desired survivor size 514326528 bytes, new threshold 13 (max threshold 15)
[20.378s][info ][gc,heap        ] GC(44) PSYoungGen: 1157047K(1572864K)->75600K(1590784K) Eden: 1058304K(1058304K)->0K(1092608K) From: 98743K(514560K)->75600K(498176K)
[20.378s][info ][gc,heap        ] GC(44) ParOldGen: 473536K(599040K)->509832K(599040K)
[20.378s][info ][gc,metaspace   ] GC(44) Metaspace: 67091K(67776K)->67091K(67776K) NonClass: 57377K(57792K)->57377K(57792K) Class: 9714K(9984K)->9714K(9984K)
[20.378s][info ][gc             ] GC(44) Pause Young (Allocation Failure) 1592M->571M(2138M) 81.318ms
[20.378s][info ][gc,cpu         ] GC(44) User=0.30s Sys=0.02s Real=0.08s
[20.378s][info ][safepoint      ] Safepoint "ParallelGCFailedAllocation", Time since last: 157209373 ns, Reaching safepoint: 142208 ns, At safepoint: 81439701 ns, Total: 81581909 ns
[20.581s][info ][gc,start       ] GC(45) Pause Young (Allocation Failure)
[20.611s][debug][gc,phases      ] GC(45) Scavenge 29.356ms
[20.611s][debug][gc,ref         ] GC(45) Skipped phase 1 of Reference Processing: no references
[20.611s][debug][gc,ref         ] GC(45) ReferenceProcessor::execute queues: 1, RefProcThreadModel::Single, marks_oops_alive: false
[20.611s][debug][gc,ref         ] GC(45) Skipped phase 3 of Reference Processing: no references
[20.611s][debug][gc,ref         ] GC(45) ReferenceProcessor::execute queues: 1, RefProcThreadModel::Single, marks_oops_alive: false
[20.611s][debug][gc,phases      ] GC(45) Reference Processing 0.151ms
[20.611s][debug][gc,phases      ] GC(45)   VM Weak                        Min:  0.0, Avg:  0.0, Max:  0.0, Diff:  0.0, Sum:  0.0, Workers: 4
[20.611s][debug][gc,phases      ] GC(45)     Dead                           Min: 0, Avg:  0.0, Max: 0, Diff: 0, Sum: 0, Workers: 4
[20.611s][debug][gc,phases      ] GC(45)     Total                          Min: 0, Avg: 126.5, Max: 506, Diff: 506, Sum: 506, Workers: 4
[20.611s][debug][gc,phases      ] GC(45)   ObjectSynchronizer Weak        Min:  0.0, Avg:  0.0, Max:  0.0, Diff:  0.0, Sum:  0.0, Workers: 4
[20.611s][debug][gc,phases      ] GC(45)     Dead                           Min: 0, Avg:  0.0, Max: 0, Diff: 0, Sum: 0, Workers: 4
[20.611s][debug][gc,phases      ] GC(45)     Total                          Min: 0, Avg: 131.8, Max: 384, Diff: 384, Sum: 527, Workers: 4
[20.611s][debug][gc,phases      ] GC(45)   JVMTI Tag Weak OopStorage      Min:  0.0, Avg:  0.0, Max:  0.0, Diff:  0.0, Sum:  0.0, Workers: 4
[20.611s][debug][gc,phases      ] GC(45)     Dead                           Min: 0, Avg:  0.0, Max: 0, Diff: 0, Sum: 0, Workers: 4
[20.611s][debug][gc,phases      ] GC(45)     Total                          Min: 0, Avg:  0.0, Max: 0, Diff: 0, Sum: 0, Workers: 4
[20.611s][debug][gc,phases      ] GC(45)   StringTable Weak               Min:  0.1, Avg:  0.1, Max:  0.1, Diff:  0.0, Sum:  0.4, Workers: 4
[20.611s][debug][gc,phases      ] GC(45)     Dead                           Min: 0, Avg:  0.8, Max: 1, Diff: 1, Sum: 3, Workers: 4
[20.611s][debug][gc,phases      ] GC(45)     Total                          Min: 8639, Avg: 10610.5, Max: 12043, Diff: 3404, Sum: 42442, Workers: 4
[20.611s][debug][gc,phases      ] GC(45)   ResolvedMethodTable Weak       Min:  0.0, Avg:  0.0, Max:  0.0, Diff:  0.0, Sum:  0.1, Workers: 4
[20.611s][debug][gc,phases      ] GC(45)     Dead                           Min: 0, Avg:  0.0, Max: 0, Diff: 0, Sum: 0, Workers: 4
[20.611s][debug][gc,phases      ] GC(45)     Total                          Min: 1408, Avg: 1744.0, Max: 2112, Diff: 704, Sum: 6976, Workers: 4
[20.611s][debug][gc,phases      ] GC(45)   JNI Weak                       Min:  0.0, Avg:  0.0, Max:  0.0, Diff:  0.0, Sum:  0.0, Workers: 4
[20.611s][debug][gc,phases      ] GC(45)     Dead                           Min: 0, Avg:  0.0, Max: 0, Diff: 0, Sum: 0, Workers: 4
[20.611s][debug][gc,phases      ] GC(45)     Total                          Min: 0, Avg:  1.0, Max: 4, Diff: 4, Sum: 4, Workers: 4
[20.611s][debug][gc,phases      ] GC(45)   StringDedup Table Weak         Min:  0.0, Avg:  0.0, Max:  0.0, Diff:  0.0, Sum:  0.0, Workers: 4
[20.611s][debug][gc,phases      ] GC(45)     Dead                           Min: 0, Avg:  0.0, Max: 0, Diff: 0, Sum: 0, Workers: 4
[20.611s][debug][gc,phases      ] GC(45)     Total                          Min: 0, Avg:  0.0, Max: 0, Diff: 0, Sum: 0, Workers: 4
[20.611s][debug][gc,phases      ] GC(45)   StringDedup Requests0 Weak     Min:  0.0, Avg:  0.0, Max:  0.0, Diff:  0.0, Sum:  0.0, Workers: 4
[20.611s][debug][gc,phases      ] GC(45)     Dead                           Min: 0, Avg:  0.0, Max: 0, Diff: 0, Sum: 0, Workers: 4
[20.611s][debug][gc,phases      ] GC(45)     Total                          Min: 0, Avg:  0.0, Max: 0, Diff: 0, Sum: 0, Workers: 4
[20.611s][debug][gc,phases      ] GC(45)   StringDedup Requests1 Weak     Min:  0.0, Avg:  0.0, Max:  0.0, Diff:  0.0, Sum:  0.0, Workers: 4
[20.611s][debug][gc,phases      ] GC(45)     Dead                           Min: 0, Avg:  0.0, Max: 0, Diff: 0, Sum: 0, Workers: 4
[20.611s][debug][gc,phases      ] GC(45)     Total                          Min: 0, Avg:  0.0, Max: 0, Diff: 0, Sum: 0, Workers: 4
[20.611s][debug][gc,phases      ] GC(45)   Weak JFR Old Object Samples    Min:  0.0, Avg:  0.0, Max:  0.0, Diff:  0.0, Sum:  0.0, Workers: 4
[20.611s][debug][gc,phases      ] GC(45)     Dead                           Min: 0, Avg:  0.0, Max: 0, Diff: 0, Sum: 0, Workers: 4
[20.611s][debug][gc,phases      ] GC(45)     Total                          Min: 0, Avg:  0.0, Max: 0, Diff: 0, Sum: 0, Workers: 4
[20.611s][debug][gc,phases      ] GC(45) Weak Processing 0.302ms
[20.611s][debug][gc,age         ] GC(45) Desired survivor size 510656512 bytes, new threshold 14 (max threshold 15)
[20.611s][info ][gc,heap        ] GC(45) PSYoungGen: 1168208K(1590784K)->91323K(1594880K) Eden: 1092608K(1092608K)->0K(1092608K) From: 75600K(498176K)->91323K(502272K)
[20.611s][info ][gc,heap        ] GC(45) ParOldGen: 509832K(599040K)->509840K(599040K)
[20.611s][info ][gc,metaspace   ] GC(45) Metaspace: 67546K(68224K)->67546K(68224K) NonClass: 57703K(58112K)->57703K(58112K) Class: 9842K(10112K)->9842K(10112K)
[20.611s][info ][gc             ] GC(45) Pause Young (Allocation Failure) 1638M->587M(2142M) 29.943ms
[20.611s][info ][gc,cpu         ] GC(45) User=0.11s Sys=0.00s Real=0.03s
[20.611s][info ][safepoint      ] Safepoint "ParallelGCFailedAllocation", Time since last: 203056219 ns, Reaching safepoint: 199212 ns, At safepoint: 30058635 ns, Total: 30257847 ns
[20.653s][info ][safepoint      ] Safepoint "ICBufferFull", Time since last: 41722808 ns, Reaching safepoint: 142508 ns, At safepoint: 28602 ns, Total: 171110 ns
[20.678s][info ][safepoint      ] Safepoint "ICBufferFull", Time since last: 24815332 ns, Reaching safepoint: 140708 ns, At safepoint: 25202 ns, Total: 165910 ns
[20.692s][info ][safepoint      ] Safepoint "ICBufferFull", Time since last: 13550582 ns, Reaching safepoint: 125807 ns, At safepoint: 22701 ns, Total: 148508 ns
[20.741s][info ][safepoint      ] Safepoint "ICBufferFull", Time since last: 48505900 ns, Reaching safepoint: 202812 ns, At safepoint: 28501 ns, Total: 231313 ns
[20.747s][info ][safepoint      ] Safepoint "ICBufferFull", Time since last: 6385569 ns, Reaching safepoint: 121407 ns, At safepoint: 27701 ns, Total: 149108 ns
[20.751s][info ][safepoint      ] Safepoint "ICBufferFull", Time since last: 3471601 ns, Reaching safepoint: 111606 ns, At safepoint: 25202 ns, Total: 136808 ns
[20.771s][info ][safepoint      ] Safepoint "ICBufferFull", Time since last: 20102560 ns, Reaching safepoint: 126907 ns, At safepoint: 31802 ns, Total: 158709 ns
[20.777s][info ][safepoint      ] Safepoint "ICBufferFull", Time since last: 5353609 ns, Reaching safepoint: 131508 ns, At safepoint: 27201 ns, Total: 158709 ns
[20.778s][info ][safepoint      ] Safepoint "ICBufferFull", Time since last: 1045661 ns, Reaching safepoint: 96305 ns, At safepoint: 29102 ns, Total: 125407 ns
[20.822s][info ][gc,start       ] GC(46) Pause Young (Allocation Failure)
[20.851s][debug][gc,phases      ] GC(46) Scavenge 28.889ms
[20.851s][debug][gc,ref         ] GC(46) Skipped phase 1 of Reference Processing: no references
[20.851s][debug][gc,ref         ] GC(46) ReferenceProcessor::execute queues: 1, RefProcThreadModel::Single, marks_oops_alive: false
[20.851s][debug][gc,ref         ] GC(46) Skipped phase 3 of Reference Processing: no references
[20.851s][debug][gc,ref         ] GC(46) ReferenceProcessor::execute queues: 1, RefProcThreadModel::Single, marks_oops_alive: false
[20.851s][debug][gc,phases      ] GC(46) Reference Processing 0.139ms
[20.851s][debug][gc,phases      ] GC(46)   VM Weak                        Min:  0.0, Avg:  0.0, Max:  0.0, Diff:  0.0, Sum:  0.0, Workers: 4
[20.851s][debug][gc,phases      ] GC(46)     Dead                           Min: 0, Avg:  0.0, Max: 0, Diff: 0, Sum: 0, Workers: 4
[20.851s][debug][gc,phases      ] GC(46)     Total                          Min: 0, Avg: 129.5, Max: 384, Diff: 384, Sum: 518, Workers: 4
[20.851s][debug][gc,phases      ] GC(46)   ObjectSynchronizer Weak        Min:  0.0, Avg:  0.0, Max:  0.0, Diff:  0.0, Sum:  0.0, Workers: 4
[20.851s][debug][gc,phases      ] GC(46)     Dead                           Min: 0, Avg:  0.0, Max: 0, Diff: 0, Sum: 0, Workers: 4
[20.851s][debug][gc,phases      ] GC(46)     Total                          Min: 0, Avg: 131.8, Max: 256, Diff: 256, Sum: 527, Workers: 4
[20.851s][debug][gc,phases      ] GC(46)   JVMTI Tag Weak OopStorage      Min:  0.0, Avg:  0.0, Max:  0.0, Diff:  0.0, Sum:  0.0, Workers: 4
[20.851s][debug][gc,phases      ] GC(46)     Dead                           Min: 0, Avg:  0.0, Max: 0, Diff: 0, Sum: 0, Workers: 4
[20.851s][debug][gc,phases      ] GC(46)     Total                          Min: 0, Avg:  0.0, Max: 0, Diff: 0, Sum: 0, Workers: 4
[20.851s][debug][gc,phases      ] GC(46)   StringTable Weak               Min:  0.1, Avg:  0.1, Max:  0.1, Diff:  0.0, Sum:  0.4, Workers: 4
[20.851s][debug][gc,phases      ] GC(46)     Dead                           Min: 0, Avg:  2.8, Max: 11, Diff: 11, Sum: 11, Workers: 4
[20.851s][debug][gc,phases      ] GC(46)     Total                          Min: 8896, Avg: 10633.0, Max: 11904, Diff: 3008, Sum: 42532, Workers: 4
[20.851s][debug][gc,phases      ] GC(46)   ResolvedMethodTable Weak       Min:  0.0, Avg:  0.0, Max:  0.0, Diff:  0.0, Sum:  0.1, Workers: 4
[20.851s][debug][gc,phases      ] GC(46)     Dead                           Min: 0, Avg:  0.0, Max: 0, Diff: 0, Sum: 0, Workers: 4
[20.851s][debug][gc,phases      ] GC(46)     Total                          Min: 1547, Avg: 1778.2, Max: 1983, Diff: 436, Sum: 7113, Workers: 4
[20.851s][debug][gc,phases      ] GC(46)   JNI Weak                       Min:  0.0, Avg:  0.0, Max:  0.0, Diff:  0.0, Sum:  0.0, Workers: 4
[20.851s][debug][gc,phases      ] GC(46)     Dead                           Min: 0, Avg:  0.0, Max: 0, Diff: 0, Sum: 0, Workers: 4
[20.851s][debug][gc,phases      ] GC(46)     Total                          Min: 0, Avg:  2.2, Max: 9, Diff: 9, Sum: 9, Workers: 4
[20.851s][debug][gc,phases      ] GC(46)   StringDedup Table Weak         Min:  0.0, Avg:  0.0, Max:  0.0, Diff:  0.0, Sum:  0.0, Workers: 4
[20.851s][debug][gc,phases      ] GC(46)     Dead                           Min: 0, Avg:  0.0, Max: 0, Diff: 0, Sum: 0, Workers: 4
[20.851s][debug][gc,phases      ] GC(46)     Total                          Min: 0, Avg:  0.0, Max: 0, Diff: 0, Sum: 0, Workers: 4
[20.851s][debug][gc,phases      ] GC(46)   StringDedup Requests0 Weak     Min:  0.0, Avg:  0.0, Max:  0.0, Diff:  0.0, Sum:  0.0, Workers: 4
[20.851s][debug][gc,phases      ] GC(46)     Dead                           Min: 0, Avg:  0.0, Max: 0, Diff: 0, Sum: 0, Workers: 4
[20.851s][debug][gc,phases      ] GC(46)     Total                          Min: 0, Avg:  0.0, Max: 0, Diff: 0, Sum: 0, Workers: 4
[20.851s][debug][gc,phases      ] GC(46)   StringDedup Requests1 Weak     Min:  0.0, Avg:  0.0, Max:  0.0, Diff:  0.0, Sum:  0.0, Workers: 4
[20.851s][debug][gc,phases      ] GC(46)     Dead                           Min: 0, Avg:  0.0, Max: 0, Diff: 0, Sum: 0, Workers: 4
[20.851s][debug][gc,phases      ] GC(46)     Total                          Min: 0, Avg:  0.0, Max: 0, Diff: 0, Sum: 0, Workers: 4
[20.851s][debug][gc,phases      ] GC(46)   Weak JFR Old Object Samples    Min:  0.0, Avg:  0.0, Max:  0.0, Diff:  0.0, Sum:  0.0, Workers: 4
[20.851s][debug][gc,phases      ] GC(46)     Dead                           Min: 0, Avg:  0.0, Max: 0, Diff: 0, Sum: 0, Workers: 4
[20.851s][debug][gc,phases      ] GC(46)     Total                          Min: 0, Avg:  0.0, Max: 0, Diff: 0, Sum: 0, Workers: 4
[20.851s][debug][gc,phases      ] GC(46) Weak Processing 0.330ms
[20.851s][debug][gc,age         ] GC(46) Desired survivor size 503316480 bytes, new threshold 15 (max threshold 15)
[20.851s][info ][gc,heap        ] GC(46) PSYoungGen: 1183931K(1594880K)->91664K(1605632K) Eden: 1092608K(1092608K)->0K(1106944K) From: 91323K(502272K)->91664K(498688K)
[20.851s][info ][gc,heap        ] GC(46) ParOldGen: 509840K(599040K)->509848K(599040K)
[20.851s][info ][gc,metaspace   ] GC(46) Metaspace: 67893K(68544K)->67893K(68544K) NonClass: 57984K(58368K)->57984K(58368K) Class: 9908K(10176K)->9908K(10176K)
[20.851s][info ][gc             ] GC(46) Pause Young (Allocation Failure) 1654M->587M(2153M) 29.484ms
[20.851s][info ][gc,cpu         ] GC(46) User=0.12s Sys=0.00s Real=0.03s
[20.851s][info ][safepoint      ] Safepoint "ParallelGCFailedAllocation", Time since last: 44054642 ns, Reaching safepoint: 150109 ns, At safepoint: 29597208 ns, Total: 29747317 ns
[20.875s][info ][safepoint      ] Safepoint "ICBufferFull", Time since last: 23028329 ns, Reaching safepoint: 129508 ns, At safepoint: 34102 ns, Total: 163610 ns
[20.892s][info ][safepoint      ] Safepoint "ICBufferFull", Time since last: 16823171 ns, Reaching safepoint: 132107 ns, At safepoint: 34902 ns, Total: 167009 ns
[20.895s][info ][safepoint      ] Safepoint "ICBufferFull", Time since last: 2700256 ns, Reaching safepoint: 121607 ns, At safepoint: 29902 ns, Total: 151509 ns
[20.897s][info ][safepoint      ] Safepoint "ICBufferFull", Time since last: 2366237 ns, Reaching safepoint: 119607 ns, At safepoint: 28801 ns, Total: 148408 ns
[20.901s][info ][safepoint      ] Safepoint "ICBufferFull", Time since last: 4082236 ns, Reaching safepoint: 123707 ns, At safepoint: 29002 ns, Total: 152709 ns
[20.902s][info ][safepoint      ] Safepoint "ICBufferFull", Time since last: 865250 ns, Reaching safepoint: 105306 ns, At safepoint: 24101 ns, Total: 129407 ns
[20.944s][info ][safepoint      ] Safepoint "ICBufferFull", Time since last: 41645804 ns, Reaching safepoint: 157509 ns, At safepoint: 33802 ns, Total: 191311 ns
[20.954s][info ][safepoint      ] Safepoint "ICBufferFull", Time since last: 9798065 ns, Reaching safepoint: 139408 ns, At safepoint: 27702 ns, Total: 167110 ns
[20.967s][info ][safepoint      ] Safepoint "ICBufferFull", Time since last: 13174560 ns, Reaching safepoint: 115907 ns, At safepoint: 29102 ns, Total: 145009 ns
[20.970s][info ][safepoint      ] Safepoint "ICBufferFull", Time since last: 1964913 ns, Reaching safepoint: 128307 ns, At safepoint: 26102 ns, Total: 154409 ns
[20.983s][info ][safepoint      ] Safepoint "ICBufferFull", Time since last: 12912145 ns, Reaching safepoint: 118107 ns, At safepoint: 25801 ns, Total: 143908 ns
[20.986s][info ][safepoint      ] Safepoint "ICBufferFull", Time since last: 3765718 ns, Reaching safepoint: 120807 ns, At safepoint: 28601 ns, Total: 149408 ns
[20.988s][info ][safepoint      ] Safepoint "ICBufferFull", Time since last: 1154567 ns, Reaching safepoint: 113407 ns, At safepoint: 31201 ns, Total: 144608 ns
[20.989s][info ][safepoint      ] Safepoint "ICBufferFull", Time since last: 855350 ns, Reaching safepoint: 103006 ns, At safepoint: 25201 ns, Total: 128207 ns
[21.094s][info ][gc,start       ] GC(47) Pause Young (Allocation Failure)
[21.122s][debug][gc,phases      ] GC(47) Scavenge 27.847ms
[21.122s][debug][gc,ref         ] GC(47) Skipped phase 1 of Reference Processing: no references
[21.122s][debug][gc,ref         ] GC(47) ReferenceProcessor::execute queues: 1, RefProcThreadModel::Single, marks_oops_alive: false
[21.122s][debug][gc,ref         ] GC(47) Skipped phase 3 of Reference Processing: no references
[21.122s][debug][gc,ref         ] GC(47) ReferenceProcessor::execute queues: 1, RefProcThreadModel::Single, marks_oops_alive: false
[21.122s][debug][gc,phases      ] GC(47) Reference Processing 0.141ms
[21.123s][debug][gc,phases      ] GC(47)   VM Weak                        Min:  0.0, Avg:  0.0, Max:  0.0, Diff:  0.0, Sum:  0.0, Workers: 4
[21.123s][debug][gc,phases      ] GC(47)     Dead                           Min: 0, Avg:  0.0, Max: 0, Diff: 0, Sum: 0, Workers: 4
[21.123s][debug][gc,phases      ] GC(47)     Total                          Min: 0, Avg: 129.5, Max: 326, Diff: 326, Sum: 518, Workers: 4
[21.123s][debug][gc,phases      ] GC(47)   ObjectSynchronizer Weak        Min:  0.0, Avg:  0.0, Max:  0.0, Diff:  0.0, Sum:  0.0, Workers: 4
[21.123s][debug][gc,phases      ] GC(47)     Dead                           Min: 0, Avg:  0.0, Max: 0, Diff: 0, Sum: 0, Workers: 4
[21.123s][debug][gc,phases      ] GC(47)     Total                          Min: 0, Avg: 131.8, Max: 207, Diff: 207, Sum: 527, Workers: 4
[21.123s][debug][gc,phases      ] GC(47)   JVMTI Tag Weak OopStorage      Min:  0.0, Avg:  0.0, Max:  0.0, Diff:  0.0, Sum:  0.0, Workers: 4
[21.123s][debug][gc,phases      ] GC(47)     Dead                           Min: 0, Avg:  0.0, Max: 0, Diff: 0, Sum: 0, Workers: 4
[21.123s][debug][gc,phases      ] GC(47)     Total                          Min: 0, Avg:  0.0, Max: 0, Diff: 0, Sum: 0, Workers: 4
[21.123s][debug][gc,phases      ] GC(47)   StringTable Weak               Min:  0.1, Avg:  0.1, Max:  0.1, Diff:  0.0, Sum:  0.4, Workers: 4
[21.123s][debug][gc,phases      ] GC(47)     Dead                           Min: 0, Avg:  0.0, Max: 0, Diff: 0, Sum: 0, Workers: 4
[21.123s][debug][gc,phases      ] GC(47)     Total                          Min: 8192, Avg: 10639.2, Max: 12605, Diff: 4413, Sum: 42557, Workers: 4
[21.123s][debug][gc,phases      ] GC(47)   ResolvedMethodTable Weak       Min:  0.0, Avg:  0.0, Max:  0.0, Diff:  0.0, Sum:  0.1, Workers: 4
[21.123s][debug][gc,phases      ] GC(47)     Dead                           Min: 0, Avg:  0.0, Max: 0, Diff: 0, Sum: 0, Workers: 4
[21.123s][debug][gc,phases      ] GC(47)     Total                          Min: 1472, Avg: 1778.2, Max: 1994, Diff: 522, Sum: 7113, Workers: 4
[21.123s][debug][gc,phases      ] GC(47)   JNI Weak                       Min:  0.0, Avg:  0.0, Max:  0.0, Diff:  0.0, Sum:  0.0, Workers: 4
[21.123s][debug][gc,phases      ] GC(47)     Dead                           Min: 0, Avg:  0.0, Max: 0, Diff: 0, Sum: 0, Workers: 4
[21.123s][debug][gc,phases      ] GC(47)     Total                          Min: 0, Avg:  1.2, Max: 5, Diff: 5, Sum: 5, Workers: 4
[21.123s][debug][gc,phases      ] GC(47)   StringDedup Table Weak         Min:  0.0, Avg:  0.0, Max:  0.0, Diff:  0.0, Sum:  0.0, Workers: 4
[21.123s][debug][gc,phases      ] GC(47)     Dead                           Min: 0, Avg:  0.0, Max: 0, Diff: 0, Sum: 0, Workers: 4
[21.123s][debug][gc,phases      ] GC(47)     Total                          Min: 0, Avg:  0.0, Max: 0, Diff: 0, Sum: 0, Workers: 4
[21.123s][debug][gc,phases      ] GC(47)   StringDedup Requests0 Weak     Min:  0.0, Avg:  0.0, Max:  0.0, Diff:  0.0, Sum:  0.0, Workers: 4
[21.123s][debug][gc,phases      ] GC(47)     Dead                           Min: 0, Avg:  0.0, Max: 0, Diff: 0, Sum: 0, Workers: 4
[21.123s][debug][gc,phases      ] GC(47)     Total                          Min: 0, Avg:  0.0, Max: 0, Diff: 0, Sum: 0, Workers: 4
[21.123s][debug][gc,phases      ] GC(47)   StringDedup Requests1 Weak     Min:  0.0, Avg:  0.0, Max:  0.0, Diff:  0.0, Sum:  0.0, Workers: 4
[21.123s][debug][gc,phases      ] GC(47)     Dead                           Min: 0, Avg:  0.0, Max: 0, Diff: 0, Sum: 0, Workers: 4
[21.123s][debug][gc,phases      ] GC(47)     Total                          Min: 0, Avg:  0.0, Max: 0, Diff: 0, Sum: 0, Workers: 4
[21.123s][debug][gc,phases      ] GC(47)   Weak JFR Old Object Samples    Min:  0.0, Avg:  0.0, Max:  0.0, Diff:  0.0, Sum:  0.0, Workers: 4
[21.123s][debug][gc,phases      ] GC(47)     Dead                           Min: 0, Avg:  0.0, Max: 0, Diff: 0, Sum: 0, Workers: 4
[21.123s][debug][gc,phases      ] GC(47)     Total                          Min: 0, Avg:  0.0, Max: 0, Diff: 0, Sum: 0, Workers: 4
[21.123s][debug][gc,phases      ] GC(47) Weak Processing 0.321ms
[21.123s][debug][gc,age         ] GC(47) Desired survivor size 492830720 bytes, new threshold 15 (max threshold 15)
[21.123s][info ][gc,heap        ] GC(47) PSYoungGen: 1198608K(1605632K)->93488K(1598464K) Eden: 1106944K(1106944K)->0K(1106944K) From: 91664K(498688K)->93488K(491520K)
[21.123s][info ][gc,heap        ] GC(47) ParOldGen: 509848K(599040K)->509856K(599040K)
[21.123s][info ][gc,metaspace   ] GC(47) Metaspace: 67977K(68608K)->67977K(68608K) NonClass: 58069K(58432K)->58069K(58432K) Class: 9908K(10176K)->9908K(10176K)
[21.123s][info ][gc             ] GC(47) Pause Young (Allocation Failure) 1668M->589M(2146M) 28.448ms
[21.123s][info ][gc,cpu         ] GC(47) User=0.11s Sys=0.01s Real=0.03s
[21.123s][info ][safepoint      ] Safepoint "ParallelGCFailedAllocation", Time since last: 105377982 ns, Reaching safepoint: 202712 ns, At safepoint: 28571749 ns, Total: 28774461 ns
[21.168s][info ][safepoint      ] Safepoint "ICBufferFull", Time since last: 45055400 ns, Reaching safepoint: 141608 ns, At safepoint: 28802 ns, Total: 170410 ns
[21.177s][info ][safepoint      ] Safepoint "ICBufferFull", Time since last: 8822909 ns, Reaching safepoint: 116807 ns, At safepoint: 28702 ns, Total: 145509 ns
[21.229s][info ][safepoint      ] Safepoint "ICBufferFull", Time since last: 51680683 ns, Reaching safepoint: 139008 ns, At safepoint: 27601 ns, Total: 166609 ns
[21.236s][info ][safepoint      ] Safepoint "ICBufferFull", Time since last: 7028906 ns, Reaching safepoint: 118607 ns, At safepoint: 26001 ns, Total: 144608 ns
[21.251s][info ][safepoint      ] Safepoint "ICBufferFull", Time since last: 14271424 ns, Reaching safepoint: 128207 ns, At safepoint: 26102 ns, Total: 154309 ns
[21.357s][info ][gc,start       ] GC(48) Pause Young (Allocation Failure)
[21.397s][debug][gc,phases      ] GC(48) Scavenge 40.789ms
[21.397s][debug][gc,ref         ] GC(48) Skipped phase 1 of Reference Processing: no references
[21.398s][debug][gc,ref         ] GC(48) ReferenceProcessor::execute queues: 1, RefProcThreadModel::Single, marks_oops_alive: false
[21.398s][debug][gc,ref         ] GC(48) Skipped phase 3 of Reference Processing: no references
[21.398s][debug][gc,ref         ] GC(48) ReferenceProcessor::execute queues: 1, RefProcThreadModel::Single, marks_oops_alive: false
[21.398s][debug][gc,phases      ] GC(48) Reference Processing 0.153ms
[21.398s][debug][gc,phases      ] GC(48)   VM Weak                        Min:  0.0, Avg:  0.0, Max:  0.0, Diff:  0.0, Sum:  0.0, Workers: 4
[21.398s][debug][gc,phases      ] GC(48)     Dead                           Min: 0, Avg:  0.0, Max: 0, Diff: 0, Sum: 0, Workers: 4
[21.398s][debug][gc,phases      ] GC(48)     Total                          Min: 0, Avg: 129.5, Max: 326, Diff: 326, Sum: 518, Workers: 4
[21.398s][debug][gc,phases      ] GC(48)   ObjectSynchronizer Weak        Min:  0.0, Avg:  0.0, Max:  0.0, Diff:  0.0, Sum:  0.0, Workers: 4
[21.398s][debug][gc,phases      ] GC(48)     Dead                           Min: 0, Avg:  0.0, Max: 0, Diff: 0, Sum: 0, Workers: 4
[21.398s][debug][gc,phases      ] GC(48)     Total                          Min: 0, Avg: 131.8, Max: 192, Diff: 192, Sum: 527, Workers: 4
[21.398s][debug][gc,phases      ] GC(48)   JVMTI Tag Weak OopStorage      Min:  0.0, Avg:  0.0, Max:  0.0, Diff:  0.0, Sum:  0.0, Workers: 4
[21.398s][debug][gc,phases      ] GC(48)     Dead                           Min: 0, Avg:  0.0, Max: 0, Diff: 0, Sum: 0, Workers: 4
[21.398s][debug][gc,phases      ] GC(48)     Total                          Min: 0, Avg:  0.0, Max: 0, Diff: 0, Sum: 0, Workers: 4
[21.398s][debug][gc,phases      ] GC(48)   StringTable Weak               Min:  0.1, Avg:  0.1, Max:  0.1, Diff:  0.0, Sum:  0.4, Workers: 4
[21.398s][debug][gc,phases      ] GC(48)     Dead                           Min: 0, Avg:  2.8, Max: 8, Diff: 8, Sum: 11, Workers: 4
[21.398s][debug][gc,phases      ] GC(48)     Total                          Min: 10048, Avg: 10639.5, Max: 11518, Diff: 1470, Sum: 42558, Workers: 4
[21.398s][debug][gc,phases      ] GC(48)   ResolvedMethodTable Weak       Min:  0.0, Avg:  0.0, Max:  0.0, Diff:  0.0, Sum:  0.1, Workers: 4
[21.398s][debug][gc,phases      ] GC(48)     Dead                           Min: 0, Avg:  0.0, Max: 0, Diff: 0, Sum: 0, Workers: 4
[21.398s][debug][gc,phases      ] GC(48)     Total                          Min: 1547, Avg: 1778.2, Max: 1983, Diff: 436, Sum: 7113, Workers: 4
[21.398s][debug][gc,phases      ] GC(48)   JNI Weak                       Min:  0.0, Avg:  0.0, Max:  0.0, Diff:  0.0, Sum:  0.0, Workers: 4
[21.398s][debug][gc,phases      ] GC(48)     Dead                           Min: 0, Avg:  0.0, Max: 0, Diff: 0, Sum: 0, Workers: 4
[21.398s][debug][gc,phases      ] GC(48)     Total                          Min: 0, Avg:  2.8, Max: 11, Diff: 11, Sum: 11, Workers: 4
[21.398s][debug][gc,phases      ] GC(48)   StringDedup Table Weak         Min:  0.0, Avg:  0.0, Max:  0.0, Diff:  0.0, Sum:  0.0, Workers: 4
[21.398s][debug][gc,phases      ] GC(48)     Dead                           Min: 0, Avg:  0.0, Max: 0, Diff: 0, Sum: 0, Workers: 4
[21.398s][debug][gc,phases      ] GC(48)     Total                          Min: 0, Avg:  0.0, Max: 0, Diff: 0, Sum: 0, Workers: 4
[21.398s][debug][gc,phases      ] GC(48)   StringDedup Requests0 Weak     Min:  0.0, Avg:  0.0, Max:  0.0, Diff:  0.0, Sum:  0.0, Workers: 4
[21.398s][debug][gc,phases      ] GC(48)     Dead                           Min: 0, Avg:  0.0, Max: 0, Diff: 0, Sum: 0, Workers: 4
[21.398s][debug][gc,phases      ] GC(48)     Total                          Min: 0, Avg:  0.0, Max: 0, Diff: 0, Sum: 0, Workers: 4
[21.398s][debug][gc,phases      ] GC(48)   StringDedup Requests1 Weak     Min:  0.0, Avg:  0.0, Max:  0.0, Diff:  0.0, Sum:  0.0, Workers: 4
[21.398s][debug][gc,phases      ] GC(48)     Dead                           Min: 0, Avg:  0.0, Max: 0, Diff: 0, Sum: 0, Workers: 4
[21.398s][debug][gc,phases      ] GC(48)     Total                          Min: 0, Avg:  0.0, Max: 0, Diff: 0, Sum: 0, Workers: 4
[21.398s][debug][gc,phases      ] GC(48)   Weak JFR Old Object Samples    Min:  0.0, Avg:  0.0, Max:  0.0, Diff:  0.0, Sum:  0.0, Workers: 4
[21.398s][debug][gc,phases      ] GC(48)     Dead                           Min: 0, Avg:  0.0, Max: 0, Diff: 0, Sum: 0, Workers: 4
[21.398s][debug][gc,phases      ] GC(48)     Total                          Min: 0, Avg:  0.0, Max: 0, Diff: 0, Sum: 0, Workers: 4
[21.398s][debug][gc,phases      ] GC(48) Weak Processing 0.328ms
[21.398s][debug][gc,age         ] GC(48) Desired survivor size 487063552 bytes, new threshold 15 (max threshold 15)
[21.398s][info ][gc,heap        ] GC(48) PSYoungGen: 1200432K(1598464K)->57040K(1621504K) Eden: 1106944K(1106944K)->0K(1140224K) From: 93488K(491520K)->57040K(481280K)
[21.398s][info ][gc,heap        ] GC(48) ParOldGen: 509856K(599040K)->548396K(599040K)
[21.398s][info ][gc,metaspace   ] GC(48) Metaspace: 68039K(68672K)->68039K(68672K) NonClass: 58131K(58496K)->58131K(58496K) Class: 9908K(10176K)->9908K(10176K)
[21.398s][info ][gc             ] GC(48) Pause Young (Allocation Failure) 1670M->591M(2168M) 41.433ms
[21.398s][info ][gc,cpu         ] GC(48) User=0.17s Sys=0.01s Real=0.04s
[21.398s][debug][gc,phases      ] GC(49) Pre Compact 0.008ms
[21.398s][info ][gc,start       ] GC(49) Pause Full (Ergonomics)
[21.398s][info ][gc,phases,start] GC(49) Marking Phase
[21.584s][debug][gc,phases      ] GC(49) Par Mark 185.821ms
[21.584s][debug][gc,ref         ] GC(49) Skipped phase 1 of Reference Processing: no references
[21.584s][debug][gc,ref         ] GC(49) ReferenceProcessor::execute queues: 4, RefProcThreadModel::Multi, marks_oops_alive: false
[21.584s][debug][gc,ref         ] GC(49) Skipped phase 3 of Reference Processing: no references
[21.584s][debug][gc,ref         ] GC(49) ReferenceProcessor::execute queues: 1, RefProcThreadModel::Single, marks_oops_alive: false
[21.584s][debug][gc,phases      ] GC(49) Reference Processing 0.372ms
[21.585s][debug][gc,phases      ] GC(49)   VM Weak                        Min:  0.0, Avg:  0.0, Max:  0.0, Diff:  0.0, Sum:  0.0, Workers: 4
[21.585s][debug][gc,phases      ] GC(49)     Dead                           Min: 0, Avg:  0.0, Max: 0, Diff: 0, Sum: 0, Workers: 4
[21.585s][debug][gc,phases      ] GC(49)     Total                          Min: 0, Avg: 129.5, Max: 326, Diff: 326, Sum: 518, Workers: 4
[21.585s][debug][gc,phases      ] GC(49)   ObjectSynchronizer Weak        Min:  0.0, Avg:  0.0, Max:  0.0, Diff:  0.0, Sum:  0.0, Workers: 4
[21.585s][debug][gc,phases      ] GC(49)     Dead                           Min: 0, Avg:  0.2, Max: 1, Diff: 1, Sum: 1, Workers: 4
[21.585s][debug][gc,phases      ] GC(49)     Total                          Min: 0, Avg: 131.8, Max: 207, Diff: 207, Sum: 527, Workers: 4
[21.585s][debug][gc,phases      ] GC(49)   JVMTI Tag Weak OopStorage      Min:  0.0, Avg:  0.0, Max:  0.0, Diff:  0.0, Sum:  0.0, Workers: 4
[21.585s][debug][gc,phases      ] GC(49)     Dead                           Min: 0, Avg:  0.0, Max: 0, Diff: 0, Sum: 0, Workers: 4
[21.585s][debug][gc,phases      ] GC(49)     Total                          Min: 0, Avg:  0.0, Max: 0, Diff: 0, Sum: 0, Workers: 4
[21.585s][debug][gc,phases      ] GC(49)   StringTable Weak               Min:  0.1, Avg:  0.1, Max:  0.1, Diff:  0.0, Sum:  0.6, Workers: 4
[21.585s][debug][gc,phases      ] GC(49)     Dead                           Min: 0, Avg:  0.0, Max: 0, Diff: 0, Sum: 0, Workers: 4
[21.585s][debug][gc,phases      ] GC(49)     Total                          Min: 9344, Avg: 10639.5, Max: 11840, Diff: 2496, Sum: 42558, Workers: 4
[21.585s][debug][gc,phases      ] GC(49)   ResolvedMethodTable Weak       Min:  0.0, Avg:  0.0, Max:  0.0, Diff:  0.0, Sum:  0.1, Workers: 4
[21.585s][debug][gc,phases      ] GC(49)     Dead                           Min: 0, Avg:  0.0, Max: 0, Diff: 0, Sum: 0, Workers: 4
[21.585s][debug][gc,phases      ] GC(49)     Total                          Min: 1536, Avg: 1778.2, Max: 2238, Diff: 702, Sum: 7113, Workers: 4
[21.585s][debug][gc,phases      ] GC(49)   JNI Weak                       Min:  0.0, Avg:  0.0, Max:  0.0, Diff:  0.0, Sum:  0.0, Workers: 4
[21.585s][debug][gc,phases      ] GC(49)     Dead                           Min: 0, Avg:  0.0, Max: 0, Diff: 0, Sum: 0, Workers: 4
[21.585s][debug][gc,phases      ] GC(49)     Total                          Min: 0, Avg:  2.8, Max: 11, Diff: 11, Sum: 11, Workers: 4
[21.585s][debug][gc,phases      ] GC(49)   StringDedup Table Weak         Min:  0.0, Avg:  0.0, Max:  0.0, Diff:  0.0, Sum:  0.0, Workers: 4
[21.585s][debug][gc,phases      ] GC(49)     Dead                           Min: 0, Avg:  0.0, Max: 0, Diff: 0, Sum: 0, Workers: 4
[21.585s][debug][gc,phases      ] GC(49)     Total                          Min: 0, Avg:  0.0, Max: 0, Diff: 0, Sum: 0, Workers: 4
[21.585s][debug][gc,phases      ] GC(49)   StringDedup Requests0 Weak     Min:  0.0, Avg:  0.0, Max:  0.0, Diff:  0.0, Sum:  0.0, Workers: 4
[21.585s][debug][gc,phases      ] GC(49)     Dead                           Min: 0, Avg:  0.0, Max: 0, Diff: 0, Sum: 0, Workers: 4
[21.585s][debug][gc,phases      ] GC(49)     Total                          Min: 0, Avg:  0.0, Max: 0, Diff: 0, Sum: 0, Workers: 4
[21.585s][debug][gc,phases      ] GC(49)   StringDedup Requests1 Weak     Min:  0.0, Avg:  0.0, Max:  0.0, Diff:  0.0, Sum:  0.0, Workers: 4
[21.585s][debug][gc,phases      ] GC(49)     Dead                           Min: 0, Avg:  0.0, Max: 0, Diff: 0, Sum: 0, Workers: 4
[21.585s][debug][gc,phases      ] GC(49)     Total                          Min: 0, Avg:  0.0, Max: 0, Diff: 0, Sum: 0, Workers: 4
[21.585s][debug][gc,phases      ] GC(49)   Weak JFR Old Object Samples    Min:  0.0, Avg:  0.0, Max:  0.0, Diff:  0.0, Sum:  0.0, Workers: 4
[21.585s][debug][gc,phases      ] GC(49)     Dead                           Min: 0, Avg:  0.0, Max: 0, Diff: 0, Sum: 0, Workers: 4
[21.585s][debug][gc,phases      ] GC(49)     Total                          Min: 0, Avg:  0.0, Max: 0, Diff: 0, Sum: 0, Workers: 4
[21.585s][debug][gc,phases      ] GC(49) Weak Processing 0.357ms
[21.585s][debug][gc,phases      ] GC(49) ClassLoaderData 0.070ms
[21.585s][debug][gc,phases      ] GC(49) Trigger cleanups 0.000ms
[21.594s][debug][gc,phases      ] GC(49) Class Unloading 9.217ms
[21.594s][info ][gc,phases      ] GC(49) Marking Phase 195.896ms
[21.594s][info ][gc,phases,start] GC(49) Summary Phase
[21.594s][info ][gc,phases      ] GC(49) Summary Phase 0.020ms
[21.594s][info ][gc,phases,start] GC(49) Adjust Roots
[21.601s][info ][gc,phases      ] GC(49) Adjust Roots 6.724ms
[21.601s][info ][gc,phases,start] GC(49) Compaction Phase
[21.932s][info ][gc,phases      ] GC(49) Compaction Phase 331.373ms
[21.932s][info ][gc,phases,start] GC(49) Post Compact
[21.934s][info ][gc,phases      ] GC(49) Post Compact 1.974ms
[21.934s][info ][gc,heap        ] GC(49) PSYoungGen: 57040K(1621504K)->0K(1615872K) Eden: 0K(1140224K)->0K(1140224K) From: 57040K(481280K)->0K(475648K)
[21.934s][info ][gc,heap        ] GC(49) ParOldGen: 548396K(599040K)->575980K(712192K)
[21.934s][info ][gc,metaspace   ] GC(49) Metaspace: 68039K(68672K)->68039K(68672K) NonClass: 58131K(58496K)->58131K(58496K) Class: 9908K(10176K)->9908K(10176K)
[21.934s][info ][gc             ] GC(49) Pause Full (Ergonomics) 591M->562M(2273M) 536.332ms
[21.934s][info ][gc,cpu         ] GC(49) User=2.08s Sys=0.01s Real=0.54s
[21.934s][info ][safepoint      ] Safepoint "ParallelGCFailedAllocation", Time since last: 105594494 ns, Reaching safepoint: 351220 ns, At safepoint: 577956358 ns, Total: 578307578 ns
[22.099s][info ][safepoint      ] Safepoint "ICBufferFull", Time since last: 164058368 ns, Reaching safepoint: 148209 ns, At safepoint: 31102 ns, Total: 179311 ns
[22.103s][info ][safepoint      ] Safepoint "ICBufferFull", Time since last: 4130338 ns, Reaching safepoint: 104706 ns, At safepoint: 28002 ns, Total: 132708 ns
[22.142s][info ][safepoint      ] Safepoint "ICBufferFull", Time since last: 38482621 ns, Reaching safepoint: 166309 ns, At safepoint: 33102 ns, Total: 199411 ns
[22.156s][info ][gc,start       ] GC(50) Pause Young (Allocation Failure)
[22.158s][debug][gc,phases      ] GC(50) Scavenge 2.305ms
[22.158s][debug][gc,ref         ] GC(50) Skipped phase 1 of Reference Processing: no references
[22.158s][debug][gc,ref         ] GC(50) Skipped phase 2 of Reference Processing: no references
[22.158s][debug][gc,ref         ] GC(50) Skipped phase 3 of Reference Processing: no references
[22.158s][debug][gc,ref         ] GC(50) Skipped phase 4 of Reference Processing: no references
[22.158s][debug][gc,phases      ] GC(50) Reference Processing 0.024ms
[22.158s][debug][gc,phases      ] GC(50)   VM Weak                        Min:  0.0, Avg:  0.0, Max:  0.0, Diff:  0.0, Sum:  0.0, Workers: 4
[22.158s][debug][gc,phases      ] GC(50)     Dead                           Min: 0, Avg:  0.0, Max: 0, Diff: 0, Sum: 0, Workers: 4
[22.158s][debug][gc,phases      ] GC(50)     Total                          Min: 0, Avg: 129.5, Max: 518, Diff: 518, Sum: 518, Workers: 4
[22.158s][debug][gc,phases      ] GC(50)   ObjectSynchronizer Weak        Min:  0.0, Avg:  0.0, Max:  0.0, Diff:  0.0, Sum:  0.0, Workers: 4
[22.158s][debug][gc,phases      ] GC(50)     Dead                           Min: 0, Avg:  0.0, Max: 0, Diff: 0, Sum: 0, Workers: 4
[22.158s][debug][gc,phases      ] GC(50)     Total                          Min: 0, Avg: 131.8, Max: 463, Diff: 463, Sum: 527, Workers: 4
[22.158s][debug][gc,phases      ] GC(50)   JVMTI Tag Weak OopStorage      Min:  0.0, Avg:  0.0, Max:  0.0, Diff:  0.0, Sum:  0.0, Workers: 4
[22.158s][debug][gc,phases      ] GC(50)     Dead                           Min: 0, Avg:  0.0, Max: 0, Diff: 0, Sum: 0, Workers: 4
[22.158s][debug][gc,phases      ] GC(50)     Total                          Min: 0, Avg:  0.0, Max: 0, Diff: 0, Sum: 0, Workers: 4
[22.158s][debug][gc,phases      ] GC(50)   StringTable Weak               Min:  0.1, Avg:  0.1, Max:  0.1, Diff:  0.0, Sum:  0.4, Workers: 4
[22.158s][debug][gc,phases      ] GC(50)     Dead                           Min: 0, Avg:  2.8, Max: 8, Diff: 8, Sum: 11, Workers: 4
[22.158s][debug][gc,phases      ] GC(50)     Total                          Min: 10112, Avg: 10639.5, Max: 10944, Diff: 832, Sum: 42558, Workers: 4
[22.158s][debug][gc,phases      ] GC(50)   ResolvedMethodTable Weak       Min:  0.0, Avg:  0.0, Max:  0.0, Diff:  0.0, Sum:  0.1, Workers: 4
[22.158s][debug][gc,phases      ] GC(50)     Dead                           Min: 0, Avg:  0.0, Max: 0, Diff: 0, Sum: 0, Workers: 4
[22.158s][debug][gc,phases      ] GC(50)     Total                          Min: 1675, Avg: 1778.2, Max: 1856, Diff: 181, Sum: 7113, Workers: 4
[22.158s][debug][gc,phases      ] GC(50)   JNI Weak                       Min:  0.0, Avg:  0.0, Max:  0.0, Diff:  0.0, Sum:  0.0, Workers: 4
[22.158s][debug][gc,phases      ] GC(50)     Dead                           Min: 0, Avg:  0.0, Max: 0, Diff: 0, Sum: 0, Workers: 4
[22.158s][debug][gc,phases      ] GC(50)     Total                          Min: 0, Avg:  3.0, Max: 12, Diff: 12, Sum: 12, Workers: 4
[22.158s][debug][gc,phases      ] GC(50)   StringDedup Table Weak         Min:  0.0, Avg:  0.0, Max:  0.0, Diff:  0.0, Sum:  0.0, Workers: 4
[22.158s][debug][gc,phases      ] GC(50)     Dead                           Min: 0, Avg:  0.0, Max: 0, Diff: 0, Sum: 0, Workers: 4
[22.158s][debug][gc,phases      ] GC(50)     Total                          Min: 0, Avg:  0.0, Max: 0, Diff: 0, Sum: 0, Workers: 4
[22.158s][debug][gc,phases      ] GC(50)   StringDedup Requests0 Weak     Min:  0.0, Avg:  0.0, Max:  0.0, Diff:  0.0, Sum:  0.0, Workers: 4
[22.158s][debug][gc,phases      ] GC(50)     Dead                           Min: 0, Avg:  0.0, Max: 0, Diff: 0, Sum: 0, Workers: 4
[22.158s][debug][gc,phases      ] GC(50)     Total                          Min: 0, Avg:  0.0, Max: 0, Diff: 0, Sum: 0, Workers: 4
[22.158s][debug][gc,phases      ] GC(50)   StringDedup Requests1 Weak     Min:  0.0, Avg:  0.0, Max:  0.0, Diff:  0.0, Sum:  0.0, Workers: 4
[22.158s][debug][gc,phases      ] GC(50)     Dead                           Min: 0, Avg:  0.0, Max: 0, Diff: 0, Sum: 0, Workers: 4
[22.158s][debug][gc,phases      ] GC(50)     Total                          Min: 0, Avg:  0.0, Max: 0, Diff: 0, Sum: 0, Workers: 4
[22.158s][debug][gc,phases      ] GC(50)   Weak JFR Old Object Samples    Min:  0.0, Avg:  0.0, Max:  0.0, Diff:  0.0, Sum:  0.0, Workers: 4
[22.158s][debug][gc,phases      ] GC(50)     Dead                           Min: 0, Avg:  0.0, Max: 0, Diff: 0, Sum: 0, Workers: 4
[22.158s][debug][gc,phases      ] GC(50)     Total                          Min: 0, Avg:  0.0, Max: 0, Diff: 0, Sum: 0, Workers: 4
[22.158s][debug][gc,phases      ] GC(50) Weak Processing 0.324ms
[22.158s][debug][gc,age         ] GC(50) Desired survivor size 487063552 bytes, new threshold 15 (max threshold 15)
[22.158s][info ][gc,heap        ] GC(50) PSYoungGen: 1140224K(1615872K)->3712K(1621504K) Eden: 1140224K(1140224K)->0K(1145856K) From: 0K(475648K)->3712K(475648K)
[22.158s][info ][gc,heap        ] GC(50) ParOldGen: 575980K(712192K)->575980K(712192K)
[22.158s][info ][gc,metaspace   ] GC(50) Metaspace: 68056K(68672K)->68056K(68672K) NonClass: 58148K(58496K)->58148K(58496K) Class: 9908K(10176K)->9908K(10176K)
[22.158s][info ][gc             ] GC(50) Pause Young (Allocation Failure) 1675M->566M(2279M) 2.775ms
[22.158s][info ][gc,cpu         ] GC(50) User=0.00s Sys=0.00s Real=0.00s
[22.158s][info ][safepoint      ] Safepoint "ParallelGCFailedAllocation", Time since last: 13795996 ns, Reaching safepoint: 160010 ns, At safepoint: 2878166 ns, Total: 3038176 ns
[22.162s][info ][safepoint      ] Safepoint "ICBufferFull", Time since last: 3643610 ns, Reaching safepoint: 120707 ns, At safepoint: 31902 ns, Total: 152609 ns
[22.204s][info ][safepoint      ] Safepoint "ICBufferFull", Time since last: 41818313 ns, Reaching safepoint: 131408 ns, At safepoint: 25902 ns, Total: 157310 ns
[22.207s][info ][safepoint      ] Safepoint "ICBufferFull", Time since last: 2172825 ns, Reaching safepoint: 97406 ns, At safepoint: 24101 ns, Total: 121507 ns
[22.210s][info ][safepoint      ] Safepoint "ICBufferFull", Time since last: 3720815 ns, Reaching safepoint: 79904 ns, At safepoint: 25002 ns, Total: 104906 ns
[22.281s][info ][safepoint      ] Safepoint "ICBufferFull", Time since last: 70164849 ns, Reaching safepoint: 140408 ns, At safepoint: 30002 ns, Total: 170410 ns
[22.284s][info ][safepoint      ] Safepoint "ICBufferFull", Time since last: 3053476 ns, Reaching safepoint: 118007 ns, At safepoint: 26702 ns, Total: 144709 ns
[22.303s][info ][safepoint      ] Safepoint "ICBufferFull", Time since last: 19073901 ns, Reaching safepoint: 141408 ns, At safepoint: 29901 ns, Total: 171309 ns
[22.305s][info ][safepoint      ] Safepoint "ICBufferFull", Time since last: 2156025 ns, Reaching safepoint: 104506 ns, At safepoint: 25801 ns, Total: 130307 ns
[22.322s][info ][safepoint      ] Safepoint "ICBufferFull", Time since last: 16743167 ns, Reaching safepoint: 140808 ns, At safepoint: 25401 ns, Total: 166209 ns
[22.331s][info ][safepoint      ] Safepoint "ICBufferFull", Time since last: 8825610 ns, Reaching safepoint: 129007 ns, At safepoint: 27202 ns, Total: 156209 ns
[22.335s][info ][safepoint      ] Safepoint "ICBufferFull", Time since last: 3312391 ns, Reaching safepoint: 112706 ns, At safepoint: 22502 ns, Total: 135208 ns
[22.358s][info ][safepoint      ] Safepoint "ICBufferFull", Time since last: 23183538 ns, Reaching safepoint: 135808 ns, At safepoint: 27201 ns, Total: 163009 ns
[22.361s][info ][safepoint      ] Safepoint "ICBufferFull", Time since last: 2531146 ns, Reaching safepoint: 136308 ns, At safepoint: 27902 ns, Total: 164210 ns
[22.396s][info ][safepoint      ] Safepoint "ICBufferFull", Time since last: 34916815 ns, Reaching safepoint: 136508 ns, At safepoint: 27901 ns, Total: 164409 ns
[22.401s][info ][safepoint      ] Safepoint "ICBufferFull", Time since last: 4905584 ns, Reaching safepoint: 101905 ns, At safepoint: 30402 ns, Total: 132307 ns
[22.455s][info ][gc,start       ] GC(51) Pause Young (Allocation Failure)
[22.459s][debug][gc,phases      ] GC(51) Scavenge 3.200ms
[22.459s][debug][gc,ref         ] GC(51) Skipped phase 1 of Reference Processing: no references
[22.459s][debug][gc,ref         ] GC(51) Skipped phase 2 of Reference Processing: no references
[22.459s][debug][gc,ref         ] GC(51) Skipped phase 3 of Reference Processing: no references
[22.459s][debug][gc,ref         ] GC(51) Skipped phase 4 of Reference Processing: no references
[22.459s][debug][gc,phases      ] GC(51) Reference Processing 0.027ms
[22.459s][debug][gc,phases      ] GC(51)   VM Weak                        Min:  0.0, Avg:  0.0, Max:  0.0, Diff:  0.0, Sum:  0.0, Workers: 4
[22.459s][debug][gc,phases      ] GC(51)     Dead                           Min: 0, Avg:  0.0, Max: 0, Diff: 0, Sum: 0, Workers: 4
[22.459s][debug][gc,phases      ] GC(51)     Total                          Min: 0, Avg: 129.5, Max: 512, Diff: 512, Sum: 518, Workers: 4
[22.459s][debug][gc,phases      ] GC(51)   ObjectSynchronizer Weak        Min:  0.0, Avg:  0.0, Max:  0.0, Diff:  0.0, Sum:  0.0, Workers: 4
[22.459s][debug][gc,phases      ] GC(51)     Dead                           Min: 0, Avg:  0.0, Max: 0, Diff: 0, Sum: 0, Workers: 4
[22.459s][debug][gc,phases      ] GC(51)     Total                          Min: 0, Avg: 131.8, Max: 192, Diff: 192, Sum: 527, Workers: 4
[22.459s][debug][gc,phases      ] GC(51)   JVMTI Tag Weak OopStorage      Min:  0.0, Avg:  0.0, Max:  0.0, Diff:  0.0, Sum:  0.0, Workers: 4
[22.459s][debug][gc,phases      ] GC(51)     Dead                           Min: 0, Avg:  0.0, Max: 0, Diff: 0, Sum: 0, Workers: 4
[22.459s][debug][gc,phases      ] GC(51)     Total                          Min: 0, Avg:  0.0, Max: 0, Diff: 0, Sum: 0, Workers: 4
[22.459s][debug][gc,phases      ] GC(51)   StringTable Weak               Min:  0.1, Avg:  0.1, Max:  0.1, Diff:  0.0, Sum:  0.4, Workers: 4
[22.459s][debug][gc,phases      ] GC(51)     Dead                           Min: 0, Avg:  2.8, Max: 8, Diff: 8, Sum: 11, Workers: 4
[22.459s][debug][gc,phases      ] GC(51)     Total                          Min: 10176, Avg: 10639.5, Max: 11966, Diff: 1790, Sum: 42558, Workers: 4
[22.459s][debug][gc,phases      ] GC(51)   ResolvedMethodTable Weak       Min:  0.0, Avg:  0.0, Max:  0.0, Diff:  0.0, Sum:  0.1, Workers: 4
[22.459s][debug][gc,phases      ] GC(51)     Dead                           Min: 0, Avg:  0.0, Max: 0, Diff: 0, Sum: 0, Workers: 4
[22.459s][debug][gc,phases      ] GC(51)     Total                          Min: 1600, Avg: 1778.2, Max: 1930, Diff: 330, Sum: 7113, Workers: 4
[22.459s][debug][gc,phases      ] GC(51)   JNI Weak                       Min:  0.0, Avg:  0.0, Max:  0.0, Diff:  0.0, Sum:  0.0, Workers: 4
[22.459s][debug][gc,phases      ] GC(51)     Dead                           Min: 0, Avg:  0.0, Max: 0, Diff: 0, Sum: 0, Workers: 4
[22.459s][debug][gc,phases      ] GC(51)     Total                          Min: 0, Avg:  4.0, Max: 16, Diff: 16, Sum: 16, Workers: 4
[22.459s][debug][gc,phases      ] GC(51)   StringDedup Table Weak         Min:  0.0, Avg:  0.0, Max:  0.0, Diff:  0.0, Sum:  0.0, Workers: 4
[22.459s][debug][gc,phases      ] GC(51)     Dead                           Min: 0, Avg:  0.0, Max: 0, Diff: 0, Sum: 0, Workers: 4
[22.459s][debug][gc,phases      ] GC(51)     Total                          Min: 0, Avg:  0.0, Max: 0, Diff: 0, Sum: 0, Workers: 4
[22.459s][debug][gc,phases      ] GC(51)   StringDedup Requests0 Weak     Min:  0.0, Avg:  0.0, Max:  0.0, Diff:  0.0, Sum:  0.0, Workers: 4
[22.459s][debug][gc,phases      ] GC(51)     Dead                           Min: 0, Avg:  0.0, Max: 0, Diff: 0, Sum: 0, Workers: 4
[22.459s][debug][gc,phases      ] GC(51)     Total                          Min: 0, Avg:  0.0, Max: 0, Diff: 0, Sum: 0, Workers: 4
[22.459s][debug][gc,phases      ] GC(51)   StringDedup Requests1 Weak     Min:  0.0, Avg:  0.0, Max:  0.0, Diff:  0.0, Sum:  0.0, Workers: 4
[22.459s][debug][gc,phases      ] GC(51)     Dead                           Min: 0, Avg:  0.0, Max: 0, Diff: 0, Sum: 0, Workers: 4
[22.459s][debug][gc,phases      ] GC(51)     Total                          Min: 0, Avg:  0.0, Max: 0, Diff: 0, Sum: 0, Workers: 4
[22.459s][debug][gc,phases      ] GC(51)   Weak JFR Old Object Samples    Min:  0.0, Avg:  0.0, Max:  0.0, Diff:  0.0, Sum:  0.0, Workers: 4
[22.459s][debug][gc,phases      ] GC(51)     Dead                           Min: 0, Avg:  0.0, Max: 0, Diff: 0, Sum: 0, Workers: 4
[22.459s][debug][gc,phases      ] GC(51)     Total                          Min: 0, Avg:  0.0, Max: 0, Diff: 0, Sum: 0, Workers: 4
[22.459s][debug][gc,phases      ] GC(51) Weak Processing 0.307ms
[22.459s][debug][gc,age         ] GC(51) Desired survivor size 481820672 bytes, new threshold 15 (max threshold 15)
[22.459s][info ][gc,heap        ] GC(51) PSYoungGen: 1149568K(1621504K)->7248K(1621504K) Eden: 1145856K(1145856K)->0K(1145856K) From: 3712K(475648K)->7248K(475648K)
[22.459s][info ][gc,heap        ] GC(51) ParOldGen: 575980K(712192K)->575980K(712192K)
[22.459s][info ][gc,metaspace   ] GC(51) Metaspace: 68095K(68736K)->68095K(68736K) NonClass: 58187K(58560K)->58187K(58560K) Class: 9908K(10176K)->9908K(10176K)
[22.459s][info ][gc             ] GC(51) Pause Young (Allocation Failure) 1685M->569M(2279M) 3.670ms
[22.459s][info ][gc,cpu         ] GC(51) User=0.01s Sys=0.00s Real=0.00s
[22.459s][info ][safepoint      ] Safepoint "ParallelGCFailedAllocation", Time since last: 54209529 ns, Reaching safepoint: 141108 ns, At safepoint: 3784618 ns, Total: 3925726 ns
[22.676s][info ][gc,start       ] GC(52) Pause Young (Allocation Failure)
[22.681s][debug][gc,phases      ] GC(52) Scavenge 4.833ms
[22.681s][debug][gc,ref         ] GC(52) Skipped phase 1 of Reference Processing: no references
[22.681s][debug][gc,ref         ] GC(52) ReferenceProcessor::execute queues: 1, RefProcThreadModel::Single, marks_oops_alive: false
[22.681s][debug][gc,ref         ] GC(52) Skipped phase 3 of Reference Processing: no references
[22.681s][debug][gc,ref         ] GC(52) ReferenceProcessor::execute queues: 1, RefProcThreadModel::Single, marks_oops_alive: false
[22.681s][debug][gc,phases      ] GC(52) Reference Processing 0.124ms
[22.681s][debug][gc,phases      ] GC(52)   VM Weak                        Min:  0.0, Avg:  0.0, Max:  0.0, Diff:  0.0, Sum:  0.0, Workers: 4
[22.681s][debug][gc,phases      ] GC(52)     Dead                           Min: 0, Avg:  0.0, Max: 0, Diff: 0, Sum: 0, Workers: 4
[22.681s][debug][gc,phases      ] GC(52)     Total                          Min: 0, Avg: 129.5, Max: 512, Diff: 512, Sum: 518, Workers: 4
[22.681s][debug][gc,phases      ] GC(52)   ObjectSynchronizer Weak        Min:  0.0, Avg:  0.0, Max:  0.0, Diff:  0.0, Sum:  0.0, Workers: 4
[22.681s][debug][gc,phases      ] GC(52)     Dead                           Min: 0, Avg:  0.0, Max: 0, Diff: 0, Sum: 0, Workers: 4
[22.681s][debug][gc,phases      ] GC(52)     Total                          Min: 0, Avg: 131.8, Max: 192, Diff: 192, Sum: 527, Workers: 4
[22.681s][debug][gc,phases      ] GC(52)   JVMTI Tag Weak OopStorage      Min:  0.0, Avg:  0.0, Max:  0.0, Diff:  0.0, Sum:  0.0, Workers: 4
[22.681s][debug][gc,phases      ] GC(52)     Dead                           Min: 0, Avg:  0.0, Max: 0, Diff: 0, Sum: 0, Workers: 4
[22.681s][debug][gc,phases      ] GC(52)     Total                          Min: 0, Avg:  0.0, Max: 0, Diff: 0, Sum: 0, Workers: 4
[22.681s][debug][gc,phases      ] GC(52)   StringTable Weak               Min:  0.1, Avg:  0.1, Max:  0.1, Diff:  0.0, Sum:  0.4, Workers: 4
[22.681s][debug][gc,phases      ] GC(52)     Dead                           Min: 0, Avg:  0.0, Max: 0, Diff: 0, Sum: 0, Workers: 4
[22.681s][debug][gc,phases      ] GC(52)     Total                          Min: 10176, Avg: 10641.8, Max: 11591, Diff: 1415, Sum: 42567, Workers: 4
[22.681s][debug][gc,phases      ] GC(52)   ResolvedMethodTable Weak       Min:  0.0, Avg:  0.0, Max:  0.0, Diff:  0.0, Sum:  0.1, Workers: 4
[22.681s][debug][gc,phases      ] GC(52)     Dead                           Min: 0, Avg:  1.2, Max: 4, Diff: 4, Sum: 5, Workers: 4
[22.681s][debug][gc,phases      ] GC(52)     Total                          Min: 1681, Avg: 1779.8, Max: 1856, Diff: 175, Sum: 7119, Workers: 4
[22.682s][debug][gc,phases      ] GC(52)   JNI Weak                       Min:  0.0, Avg:  0.0, Max:  0.0, Diff:  0.0, Sum:  0.0, Workers: 4
[22.682s][debug][gc,phases      ] GC(52)     Dead                           Min: 0, Avg:  0.0, Max: 0, Diff: 0, Sum: 0, Workers: 4
[22.682s][debug][gc,phases      ] GC(52)     Total                          Min: 0, Avg:  4.2, Max: 17, Diff: 17, Sum: 17, Workers: 4
[22.682s][debug][gc,phases      ] GC(52)   StringDedup Table Weak         Min:  0.0, Avg:  0.0, Max:  0.0, Diff:  0.0, Sum:  0.0, Workers: 4
[22.682s][debug][gc,phases      ] GC(52)     Dead                           Min: 0, Avg:  0.0, Max: 0, Diff: 0, Sum: 0, Workers: 4
[22.682s][debug][gc,phases      ] GC(52)     Total                          Min: 0, Avg:  0.0, Max: 0, Diff: 0, Sum: 0, Workers: 4
[22.682s][debug][gc,phases      ] GC(52)   StringDedup Requests0 Weak     Min:  0.0, Avg:  0.0, Max:  0.0, Diff:  0.0, Sum:  0.0, Workers: 4
[22.682s][debug][gc,phases      ] GC(52)     Dead                           Min: 0, Avg:  0.0, Max: 0, Diff: 0, Sum: 0, Workers: 4
[22.682s][debug][gc,phases      ] GC(52)     Total                          Min: 0, Avg:  0.0, Max: 0, Diff: 0, Sum: 0, Workers: 4
[22.682s][debug][gc,phases      ] GC(52)   StringDedup Requests1 Weak     Min:  0.0, Avg:  0.0, Max:  0.0, Diff:  0.0, Sum:  0.0, Workers: 4
[22.682s][debug][gc,phases      ] GC(52)     Dead                           Min: 0, Avg:  0.0, Max: 0, Diff: 0, Sum: 0, Workers: 4
[22.682s][debug][gc,phases      ] GC(52)     Total                          Min: 0, Avg:  0.0, Max: 0, Diff: 0, Sum: 0, Workers: 4
[22.682s][debug][gc,phases      ] GC(52)   Weak JFR Old Object Samples    Min:  0.0, Avg:  0.0, Max:  0.0, Diff:  0.0, Sum:  0.0, Workers: 4
[22.682s][debug][gc,phases      ] GC(52)     Dead                           Min: 0, Avg:  0.0, Max: 0, Diff: 0, Sum: 0, Workers: 4
[22.682s][debug][gc,phases      ] GC(52)     Total                          Min: 0, Avg:  0.0, Max: 0, Diff: 0, Sum: 0, Workers: 4
[22.682s][debug][gc,phases      ] GC(52) Weak Processing 0.313ms
[22.682s][debug][gc,age         ] GC(52) Desired survivor size 471859200 bytes, new threshold 15 (max threshold 15)
[22.682s][info ][gc,heap        ] GC(52) PSYoungGen: 1153104K(1621504K)->13728K(1636352K) Eden: 1145856K(1145856K)->0K(1165824K) From: 7248K(475648K)->13728K(470528K)
[22.682s][info ][gc,heap        ] GC(52) ParOldGen: 575980K(712192K)->575988K(712192K)
[22.682s][info ][gc,metaspace   ] GC(52) Metaspace: 68107K(68800K)->68107K(68800K) NonClass: 58197K(58624K)->58197K(58624K) Class: 9909K(10176K)->9909K(10176K)
[22.682s][info ][gc             ] GC(52) Pause Young (Allocation Failure) 1688M->575M(2293M) 5.384ms
[22.682s][info ][gc,cpu         ] GC(52) User=0.03s Sys=0.00s Real=0.00s
[22.682s][info ][safepoint      ] Safepoint "ParallelGCFailedAllocation", Time since last: 217008625 ns, Reaching safepoint: 126707 ns, At safepoint: 5488117 ns, Total: 5614824 ns
[22.964s][info ][gc,start       ] GC(53) Pause Young (Allocation Failure)
[22.970s][debug][gc,phases      ] GC(53) Scavenge 6.090ms
[22.970s][debug][gc,ref         ] GC(53) Skipped phase 1 of Reference Processing: no references
[22.970s][debug][gc,ref         ] GC(53) ReferenceProcessor::execute queues: 1, RefProcThreadModel::Single, marks_oops_alive: false
[22.970s][debug][gc,ref         ] GC(53) Skipped phase 3 of Reference Processing: no references
[22.970s][debug][gc,ref         ] GC(53) ReferenceProcessor::execute queues: 1, RefProcThreadModel::Single, marks_oops_alive: false
[22.970s][debug][gc,phases      ] GC(53) Reference Processing 0.150ms
[22.971s][debug][gc,phases      ] GC(53)   VM Weak                        Min:  0.0, Avg:  0.0, Max:  0.0, Diff:  0.0, Sum:  0.0, Workers: 4
[22.971s][debug][gc,phases      ] GC(53)     Dead                           Min: 0, Avg:  0.0, Max: 0, Diff: 0, Sum: 0, Workers: 4
[22.971s][debug][gc,phases      ] GC(53)     Total                          Min: 0, Avg: 129.5, Max: 390, Diff: 390, Sum: 518, Workers: 4
[22.971s][debug][gc,phases      ] GC(53)   ObjectSynchronizer Weak        Min:  0.0, Avg:  0.0, Max:  0.0, Diff:  0.0, Sum:  0.0, Workers: 4
[22.971s][debug][gc,phases      ] GC(53)     Dead                           Min: 0, Avg:  0.0, Max: 0, Diff: 0, Sum: 0, Workers: 4
[22.971s][debug][gc,phases      ] GC(53)     Total                          Min: 0, Avg: 131.8, Max: 207, Diff: 207, Sum: 527, Workers: 4
[22.971s][debug][gc,phases      ] GC(53)   JVMTI Tag Weak OopStorage      Min:  0.0, Avg:  0.0, Max:  0.0, Diff:  0.0, Sum:  0.0, Workers: 4
[22.971s][debug][gc,phases      ] GC(53)     Dead                           Min: 0, Avg:  0.0, Max: 0, Diff: 0, Sum: 0, Workers: 4
[22.971s][debug][gc,phases      ] GC(53)     Total                          Min: 0, Avg:  0.0, Max: 0, Diff: 0, Sum: 0, Workers: 4
[22.971s][debug][gc,phases      ] GC(53)   StringTable Weak               Min:  0.1, Avg:  0.1, Max:  0.1, Diff:  0.0, Sum:  0.4, Workers: 4
[22.971s][debug][gc,phases      ] GC(53)     Dead                           Min: 0, Avg:  2.8, Max: 11, Diff: 11, Sum: 11, Workers: 4
[22.971s][debug][gc,phases      ] GC(53)     Total                          Min: 10173, Avg: 10642.5, Max: 11541, Diff: 1368, Sum: 42570, Workers: 4
[22.971s][debug][gc,phases      ] GC(53)   ResolvedMethodTable Weak       Min:  0.0, Avg:  0.0, Max:  0.0, Diff:  0.0, Sum:  0.1, Workers: 4
[22.971s][debug][gc,phases      ] GC(53)     Dead                           Min: 0, Avg:  0.0, Max: 0, Diff: 0, Sum: 0, Workers: 4
[22.971s][debug][gc,phases      ] GC(53)     Total                          Min: 1600, Avg: 1779.8, Max: 1937, Diff: 337, Sum: 7119, Workers: 4
[22.971s][debug][gc,phases      ] GC(53)   JNI Weak                       Min:  0.0, Avg:  0.0, Max:  0.0, Diff:  0.0, Sum:  0.0, Workers: 4
[22.971s][debug][gc,phases      ] GC(53)     Dead                           Min: 0, Avg:  0.0, Max: 0, Diff: 0, Sum: 0, Workers: 4
[22.971s][debug][gc,phases      ] GC(53)     Total                          Min: 0, Avg:  0.5, Max: 2, Diff: 2, Sum: 2, Workers: 4
[22.971s][debug][gc,phases      ] GC(53)   StringDedup Table Weak         Min:  0.0, Avg:  0.0, Max:  0.0, Diff:  0.0, Sum:  0.0, Workers: 4
[22.971s][debug][gc,phases      ] GC(53)     Dead                           Min: 0, Avg:  0.0, Max: 0, Diff: 0, Sum: 0, Workers: 4
[22.971s][debug][gc,phases      ] GC(53)     Total                          Min: 0, Avg:  0.0, Max: 0, Diff: 0, Sum: 0, Workers: 4
[22.971s][debug][gc,phases      ] GC(53)   StringDedup Requests0 Weak     Min:  0.0, Avg:  0.0, Max:  0.0, Diff:  0.0, Sum:  0.0, Workers: 4
[22.971s][debug][gc,phases      ] GC(53)     Dead                           Min: 0, Avg:  0.0, Max: 0, Diff: 0, Sum: 0, Workers: 4
[22.971s][debug][gc,phases      ] GC(53)     Total                          Min: 0, Avg:  0.0, Max: 0, Diff: 0, Sum: 0, Workers: 4
[22.971s][debug][gc,phases      ] GC(53)   StringDedup Requests1 Weak     Min:  0.0, Avg:  0.0, Max:  0.0, Diff:  0.0, Sum:  0.0, Workers: 4
[22.971s][debug][gc,phases      ] GC(53)     Dead                           Min: 0, Avg:  0.0, Max: 0, Diff: 0, Sum: 0, Workers: 4
[22.971s][debug][gc,phases      ] GC(53)     Total                          Min: 0, Avg:  0.0, Max: 0, Diff: 0, Sum: 0, Workers: 4
[22.971s][debug][gc,phases      ] GC(53)   Weak JFR Old Object Samples    Min:  0.0, Avg:  0.0, Max:  0.0, Diff:  0.0, Sum:  0.0, Workers: 4
[22.971s][debug][gc,phases      ] GC(53)     Dead                           Min: 0, Avg:  0.0, Max: 0, Diff: 0, Sum: 0, Workers: 4
[22.971s][debug][gc,phases      ] GC(53)     Total                          Min: 0, Avg:  0.0, Max: 0, Diff: 0, Sum: 0, Workers: 4
[22.971s][debug][gc,phases      ] GC(53) Weak Processing 0.317ms
[22.971s][debug][gc,age         ] GC(53) Desired survivor size 457703424 bytes, new threshold 15 (max threshold 15)
[22.971s][info ][gc,heap        ] GC(53) PSYoungGen: 1179552K(1636352K)->21392K(1626624K) Eden: 1165824K(1165824K)->0K(1165824K) From: 13728K(470528K)->21392K(460800K)
[22.971s][info ][gc,heap        ] GC(53) ParOldGen: 575988K(712192K)->575988K(712192K)
[22.971s][info ][gc,metaspace   ] GC(53) Metaspace: 68110K(68800K)->68110K(68800K) NonClass: 58201K(58624K)->58201K(58624K) Class: 9909K(10176K)->9909K(10176K)
[22.971s][info ][gc             ] GC(53) Pause Young (Allocation Failure) 1714M->583M(2284M) 6.681ms
[22.971s][info ][gc,cpu         ] GC(53) User=0.03s Sys=0.00s Real=0.00s
[22.971s][info ][safepoint      ] Safepoint "ParallelGCFailedAllocation", Time since last: 282148684 ns, Reaching safepoint: 157910 ns, At safepoint: 6801092 ns, Total: 6959002 ns
[23.004s][info ][safepoint      ] Safepoint "ICBufferFull", Time since last: 32685286 ns, Reaching safepoint: 138308 ns, At safepoint: 32102 ns, Total: 170410 ns
[23.007s][info ][safepoint      ] Safepoint "ICBufferFull", Time since last: 3348994 ns, Reaching safepoint: 110906 ns, At safepoint: 23001 ns, Total: 133907 ns
[23.036s][info ][safepoint      ] Safepoint "ICBufferFull", Time since last: 28841865 ns, Reaching safepoint: 140608 ns, At safepoint: 24501 ns, Total: 165109 ns
[23.052s][info ][safepoint      ] Safepoint "ICBufferFull", Time since last: 16091329 ns, Reaching safepoint: 119507 ns, At safepoint: 26702 ns, Total: 146209 ns
[23.080s][info ][safepoint      ] Safepoint "ICBufferFull", Time since last: 27067162 ns, Reaching safepoint: 135508 ns, At safepoint: 28001 ns, Total: 163509 ns
[23.087s][info ][safepoint      ] Safepoint "ICBufferFull", Time since last: 7013505 ns, Reaching safepoint: 121807 ns, At safepoint: 35002 ns, Total: 156809 ns
[23.090s][info ][safepoint      ] Safepoint "ICBufferFull", Time since last: 3015774 ns, Reaching safepoint: 100106 ns, At safepoint: 24901 ns, Total: 125007 ns
[23.129s][info ][gc,start       ] GC(54) Pause Young (Allocation Failure)
[23.135s][debug][gc,phases      ] GC(54) Scavenge 6.020ms
[23.135s][debug][gc,ref         ] GC(54) Skipped phase 1 of Reference Processing: no references
[23.135s][debug][gc,ref         ] GC(54) ReferenceProcessor::execute queues: 1, RefProcThreadModel::Single, marks_oops_alive: false
[23.135s][debug][gc,ref         ] GC(54) Skipped phase 3 of Reference Processing: no references
[23.135s][debug][gc,ref         ] GC(54) ReferenceProcessor::execute queues: 1, RefProcThreadModel::Single, marks_oops_alive: false
[23.135s][debug][gc,phases      ] GC(54) Reference Processing 0.120ms
[23.135s][debug][gc,phases      ] GC(54)   VM Weak                        Min:  0.0, Avg:  0.0, Max:  0.0, Diff:  0.0, Sum:  0.0, Workers: 4
[23.135s][debug][gc,phases      ] GC(54)     Dead                           Min: 0, Avg:  0.0, Max: 0, Diff: 0, Sum: 0, Workers: 4
[23.135s][debug][gc,phases      ] GC(54)     Total                          Min: 0, Avg: 129.5, Max: 518, Diff: 518, Sum: 518, Workers: 4
[23.135s][debug][gc,phases      ] GC(54)   ObjectSynchronizer Weak        Min:  0.0, Avg:  0.0, Max:  0.0, Diff:  0.0, Sum:  0.0, Workers: 4
[23.135s][debug][gc,phases      ] GC(54)     Dead                           Min: 0, Avg:  0.0, Max: 0, Diff: 0, Sum: 0, Workers: 4
[23.135s][debug][gc,phases      ] GC(54)     Total                          Min: 0, Avg: 131.8, Max: 448, Diff: 448, Sum: 527, Workers: 4
[23.135s][debug][gc,phases      ] GC(54)   JVMTI Tag Weak OopStorage      Min:  0.0, Avg:  0.0, Max:  0.0, Diff:  0.0, Sum:  0.0, Workers: 4
[23.135s][debug][gc,phases      ] GC(54)     Dead                           Min: 0, Avg:  0.0, Max: 0, Diff: 0, Sum: 0, Workers: 4
[23.135s][debug][gc,phases      ] GC(54)     Total                          Min: 0, Avg:  0.0, Max: 0, Diff: 0, Sum: 0, Workers: 4
[23.135s][debug][gc,phases      ] GC(54)   StringTable Weak               Min:  0.1, Avg:  0.1, Max:  0.1, Diff:  0.0, Sum:  0.4, Workers: 4
[23.135s][debug][gc,phases      ] GC(54)     Dead                           Min: 0, Avg:  0.0, Max: 0, Diff: 0, Sum: 0, Workers: 4
[23.135s][debug][gc,phases      ] GC(54)     Total                          Min: 10301, Avg: 10643.8, Max: 11029, Diff: 728, Sum: 42575, Workers: 4
[23.135s][debug][gc,phases      ] GC(54)   ResolvedMethodTable Weak       Min:  0.0, Avg:  0.0, Max:  0.0, Diff:  0.0, Sum:  0.1, Workers: 4
[23.135s][debug][gc,phases      ] GC(54)     Dead                           Min: 0, Avg:  0.0, Max: 0, Diff: 0, Sum: 0, Workers: 4
[23.135s][debug][gc,phases      ] GC(54)     Total                          Min: 1664, Avg: 1779.8, Max: 1873, Diff: 209, Sum: 7119, Workers: 4
[23.135s][debug][gc,phases      ] GC(54)   JNI Weak                       Min:  0.0, Avg:  0.0, Max:  0.0, Diff:  0.0, Sum:  0.0, Workers: 4
[23.135s][debug][gc,phases      ] GC(54)     Dead                           Min: 0, Avg:  0.0, Max: 0, Diff: 0, Sum: 0, Workers: 4
[23.135s][debug][gc,phases      ] GC(54)     Total                          Min: 0, Avg:  1.2, Max: 5, Diff: 5, Sum: 5, Workers: 4
[23.135s][debug][gc,phases      ] GC(54)   StringDedup Table Weak         Min:  0.0, Avg:  0.0, Max:  0.0, Diff:  0.0, Sum:  0.0, Workers: 4
[23.135s][debug][gc,phases      ] GC(54)     Dead                           Min: 0, Avg:  0.0, Max: 0, Diff: 0, Sum: 0, Workers: 4
[23.135s][debug][gc,phases      ] GC(54)     Total                          Min: 0, Avg:  0.0, Max: 0, Diff: 0, Sum: 0, Workers: 4
[23.135s][debug][gc,phases      ] GC(54)   StringDedup Requests0 Weak     Min:  0.0, Avg:  0.0, Max:  0.0, Diff:  0.0, Sum:  0.0, Workers: 4
[23.135s][debug][gc,phases      ] GC(54)     Dead                           Min: 0, Avg:  0.0, Max: 0, Diff: 0, Sum: 0, Workers: 4
[23.135s][debug][gc,phases      ] GC(54)     Total                          Min: 0, Avg:  0.0, Max: 0, Diff: 0, Sum: 0, Workers: 4
[23.135s][debug][gc,phases      ] GC(54)   StringDedup Requests1 Weak     Min:  0.0, Avg:  0.0, Max:  0.0, Diff:  0.0, Sum:  0.0, Workers: 4
[23.135s][debug][gc,phases      ] GC(54)     Dead                           Min: 0, Avg:  0.0, Max: 0, Diff: 0, Sum: 0, Workers: 4
[23.135s][debug][gc,phases      ] GC(54)     Total                          Min: 0, Avg:  0.0, Max: 0, Diff: 0, Sum: 0, Workers: 4
[23.135s][debug][gc,phases      ] GC(54)   Weak JFR Old Object Samples    Min:  0.0, Avg:  0.0, Max:  0.0, Diff:  0.0, Sum:  0.0, Workers: 4
[23.135s][debug][gc,phases      ] GC(54)     Dead                           Min: 0, Avg:  0.0, Max: 0, Diff: 0, Sum: 0, Workers: 4
[23.135s][debug][gc,phases      ] GC(54)     Total                          Min: 0, Avg:  0.0, Max: 0, Diff: 0, Sum: 0, Workers: 4
[23.135s][debug][gc,phases      ] GC(54) Weak Processing 0.319ms
[23.135s][debug][gc,age         ] GC(54) Desired survivor size 441450496 bytes, new threshold 15 (max threshold 15)
[23.135s][info ][gc,heap        ] GC(54) PSYoungGen: 1187216K(1626624K)->22347K(1666048K) Eden: 1165824K(1165824K)->0K(1219072K) From: 21392K(460800K)->22347K(446976K)
[23.135s][info ][gc,heap        ] GC(54) ParOldGen: 575988K(712192K)->575988K(712192K)
[23.135s][info ][gc,metaspace   ] GC(54) Metaspace: 68129K(68800K)->68129K(68800K) NonClass: 58219K(58624K)->58219K(58624K) Class: 9909K(10176K)->9909K(10176K)
[23.135s][info ][gc             ] GC(54) Pause Young (Allocation Failure) 1721M->584M(2322M) 6.599ms
[23.135s][info ][gc,cpu         ] GC(54) User=0.03s Sys=0.00s Real=0.01s
[23.136s][info ][safepoint      ] Safepoint "ParallelGCFailedAllocation", Time since last: 38756337 ns, Reaching safepoint: 140008 ns, At safepoint: 6712488 ns, Total: 6852496 ns
[23.140s][info ][safepoint      ] Safepoint "ICBufferFull", Time since last: 4080135 ns, Reaching safepoint: 112207 ns, At safepoint: 36202 ns, Total: 148409 ns
[23.154s][info ][safepoint      ] Safepoint "ICBufferFull", Time since last: 13682089 ns, Reaching safepoint: 109707 ns, At safepoint: 23001 ns, Total: 132708 ns
[23.178s][info ][safepoint      ] Safepoint "ICBufferFull", Time since last: 24504214 ns, Reaching safepoint: 136708 ns, At safepoint: 25001 ns, Total: 161709 ns
[23.207s][info ][safepoint      ] Safepoint "ICBufferFull", Time since last: 28909069 ns, Reaching safepoint: 127007 ns, At safepoint: 27602 ns, Total: 154609 ns
[23.233s][info ][safepoint      ] Safepoint "ICBufferFull", Time since last: 25736985 ns, Reaching safepoint: 136408 ns, At safepoint: 35002 ns, Total: 171410 ns
[23.235s][info ][safepoint      ] Safepoint "ICBufferFull", Time since last: 1862508 ns, Reaching safepoint: 114606 ns, At safepoint: 34302 ns, Total: 148908 ns
[23.238s][info ][safepoint      ] Safepoint "ICBufferFull", Time since last: 2761560 ns, Reaching safepoint: 103906 ns, At safepoint: 29601 ns, Total: 133507 ns
[23.265s][info ][safepoint      ] Safepoint "ICBufferFull", Time since last: 26550533 ns, Reaching safepoint: 133507 ns, At safepoint: 29802 ns, Total: 163309 ns
[23.268s][info ][safepoint      ] Safepoint "ICBufferFull", Time since last: 2532846 ns, Reaching safepoint: 114907 ns, At safepoint: 25201 ns, Total: 140108 ns
[23.281s][info ][safepoint      ] Safepoint "ICBufferFull", Time since last: 13765995 ns, Reaching safepoint: 128907 ns, At safepoint: 26502 ns, Total: 155409 ns
[23.283s][info ][safepoint      ] Safepoint "ICBufferFull", Time since last: 1942012 ns, Reaching safepoint: 108606 ns, At safepoint: 22502 ns, Total: 131108 ns
[23.461s][info ][gc,start       ] GC(55) Pause Young (Allocation Failure)
[23.468s][debug][gc,phases      ] GC(55) Scavenge 6.920ms
[23.468s][debug][gc,ref         ] GC(55) Skipped phase 1 of Reference Processing: no references
[23.469s][debug][gc,ref         ] GC(55) ReferenceProcessor::execute queues: 1, RefProcThreadModel::Single, marks_oops_alive: false
[23.469s][debug][gc,ref         ] GC(55) Skipped phase 3 of Reference Processing: no references
[23.469s][debug][gc,ref         ] GC(55) ReferenceProcessor::execute queues: 1, RefProcThreadModel::Single, marks_oops_alive: false
[23.469s][debug][gc,phases      ] GC(55) Reference Processing 0.120ms
[23.469s][debug][gc,phases      ] GC(55)   VM Weak                        Min:  0.0, Avg:  0.0, Max:  0.0, Diff:  0.0, Sum:  0.0, Workers: 4
[23.469s][debug][gc,phases      ] GC(55)     Dead                           Min: 0, Avg:  0.0, Max: 0, Diff: 0, Sum: 0, Workers: 4
[23.469s][debug][gc,phases      ] GC(55)     Total                          Min: 0, Avg: 129.5, Max: 326, Diff: 326, Sum: 518, Workers: 4
[23.469s][debug][gc,phases      ] GC(55)   ObjectSynchronizer Weak        Min:  0.0, Avg:  0.0, Max:  0.0, Diff:  0.0, Sum:  0.0, Workers: 4
[23.469s][debug][gc,phases      ] GC(55)     Dead                           Min: 0, Avg:  0.0, Max: 0, Diff: 0, Sum: 0, Workers: 4
[23.469s][debug][gc,phases      ] GC(55)     Total                          Min: 15, Avg: 131.8, Max: 192, Diff: 177, Sum: 527, Workers: 4
[23.469s][debug][gc,phases      ] GC(55)   JVMTI Tag Weak OopStorage      Min:  0.0, Avg:  0.0, Max:  0.0, Diff:  0.0, Sum:  0.0, Workers: 4
[23.469s][debug][gc,phases      ] GC(55)     Dead                           Min: 0, Avg:  0.0, Max: 0, Diff: 0, Sum: 0, Workers: 4
[23.469s][debug][gc,phases      ] GC(55)     Total                          Min: 0, Avg:  0.0, Max: 0, Diff: 0, Sum: 0, Workers: 4
[23.469s][debug][gc,phases      ] GC(55)   StringTable Weak               Min:  0.1, Avg:  0.1, Max:  0.1, Diff:  0.0, Sum:  0.4, Workers: 4
[23.469s][debug][gc,phases      ] GC(55)     Dead                           Min: 0, Avg:  2.8, Max: 6, Diff: 6, Sum: 11, Workers: 4
[23.469s][debug][gc,phases      ] GC(55)     Total                          Min: 9856, Avg: 10644.0, Max: 12432, Diff: 2576, Sum: 42576, Workers: 4
[23.469s][debug][gc,phases      ] GC(55)   ResolvedMethodTable Weak       Min:  0.0, Avg:  0.0, Max:  0.0, Diff:  0.0, Sum:  0.1, Workers: 4
[23.469s][debug][gc,phases      ] GC(55)     Dead                           Min: 0, Avg:  0.0, Max: 0, Diff: 0, Sum: 0, Workers: 4
[23.469s][debug][gc,phases      ] GC(55)     Total                          Min: 1681, Avg: 1780.0, Max: 1984, Diff: 303, Sum: 7120, Workers: 4
[23.469s][debug][gc,phases      ] GC(55)   JNI Weak                       Min:  0.0, Avg:  0.0, Max:  0.0, Diff:  0.0, Sum:  0.0, Workers: 4
[23.469s][debug][gc,phases      ] GC(55)     Dead                           Min: 0, Avg:  0.0, Max: 0, Diff: 0, Sum: 0, Workers: 4
[23.469s][debug][gc,phases      ] GC(55)     Total                          Min: 0, Avg:  3.2, Max: 13, Diff: 13, Sum: 13, Workers: 4
[23.469s][debug][gc,phases      ] GC(55)   StringDedup Table Weak         Min:  0.0, Avg:  0.0, Max:  0.0, Diff:  0.0, Sum:  0.0, Workers: 4
[23.469s][debug][gc,phases      ] GC(55)     Dead                           Min: 0, Avg:  0.0, Max: 0, Diff: 0, Sum: 0, Workers: 4
[23.469s][debug][gc,phases      ] GC(55)     Total                          Min: 0, Avg:  0.0, Max: 0, Diff: 0, Sum: 0, Workers: 4
[23.469s][debug][gc,phases      ] GC(55)   StringDedup Requests0 Weak     Min:  0.0, Avg:  0.0, Max:  0.0, Diff:  0.0, Sum:  0.0, Workers: 4
[23.469s][debug][gc,phases      ] GC(55)     Dead                           Min: 0, Avg:  0.0, Max: 0, Diff: 0, Sum: 0, Workers: 4
[23.469s][debug][gc,phases      ] GC(55)     Total                          Min: 0, Avg:  0.0, Max: 0, Diff: 0, Sum: 0, Workers: 4
[23.469s][debug][gc,phases      ] GC(55)   StringDedup Requests1 Weak     Min:  0.0, Avg:  0.0, Max:  0.0, Diff:  0.0, Sum:  0.0, Workers: 4
[23.469s][debug][gc,phases      ] GC(55)     Dead                           Min: 0, Avg:  0.0, Max: 0, Diff: 0, Sum: 0, Workers: 4
[23.469s][debug][gc,phases      ] GC(55)     Total                          Min: 0, Avg:  0.0, Max: 0, Diff: 0, Sum: 0, Workers: 4
[23.469s][debug][gc,phases      ] GC(55)   Weak JFR Old Object Samples    Min:  0.0, Avg:  0.0, Max:  0.0, Diff:  0.0, Sum:  0.0, Workers: 4
[23.469s][debug][gc,phases      ] GC(55)     Dead                           Min: 0, Avg:  0.0, Max: 0, Diff: 0, Sum: 0, Workers: 4
[23.469s][debug][gc,phases      ] GC(55)     Total                          Min: 0, Avg:  0.0, Max: 0, Diff: 0, Sum: 0, Workers: 4
[23.469s][debug][gc,phases      ] GC(55) Weak Processing 0.318ms
[23.469s][debug][gc,age         ] GC(55) Desired survivor size 423624704 bytes, new threshold 15 (max threshold 15)
[23.469s][info ][gc,heap        ] GC(55) PSYoungGen: 1241419K(1666048K)->26304K(1650176K) Eden: 1219072K(1219072K)->0K(1219072K) From: 22347K(446976K)->26304K(431104K)
[23.469s][info ][gc,heap        ] GC(55) ParOldGen: 575988K(712192K)->575996K(712192K)
[23.469s][info ][gc,metaspace   ] GC(55) Metaspace: 68159K(68800K)->68159K(68800K) NonClass: 58249K(58624K)->58249K(58624K) Class: 9910K(10176K)->9910K(10176K)
[23.469s][info ][gc             ] GC(55) Pause Young (Allocation Failure) 1774M->588M(2307M) 7.487ms
[23.469s][info ][gc,cpu         ] GC(55) User=0.04s Sys=0.00s Real=0.01s
[23.469s][info ][safepoint      ] Safepoint "ParallelGCFailedAllocation", Time since last: 175758743 ns, Reaching safepoint: 2169226 ns, At safepoint: 7598038 ns, Total: 9767264 ns
[23.675s][info ][safepoint      ] Safepoint "ICBufferFull", Time since last: 205321450 ns, Reaching safepoint: 143908 ns, At safepoint: 29602 ns, Total: 173510 ns
[23.678s][info ][safepoint      ] Safepoint "ICBufferFull", Time since last: 3257988 ns, Reaching safepoint: 125007 ns, At safepoint: 26102 ns, Total: 151109 ns
[23.680s][info ][gc,start       ] GC(56) Pause Young (Allocation Failure)
[23.688s][debug][gc,phases      ] GC(56) Scavenge 8.148ms
[23.688s][debug][gc,ref         ] GC(56) Skipped phase 1 of Reference Processing: no references
[23.688s][debug][gc,ref         ] GC(56) ReferenceProcessor::execute queues: 1, RefProcThreadModel::Single, marks_oops_alive: false
[23.688s][debug][gc,ref         ] GC(56) Skipped phase 3 of Reference Processing: no references
[23.688s][debug][gc,ref         ] GC(56) ReferenceProcessor::execute queues: 1, RefProcThreadModel::Single, marks_oops_alive: false
[23.688s][debug][gc,phases      ] GC(56) Reference Processing 0.119ms
[23.688s][debug][gc,phases      ] GC(56)   VM Weak                        Min:  0.0, Avg:  0.0, Max:  0.0, Diff:  0.0, Sum:  0.0, Workers: 4
[23.688s][debug][gc,phases      ] GC(56)     Dead                           Min: 0, Avg:  0.0, Max: 0, Diff: 0, Sum: 0, Workers: 4
[23.688s][debug][gc,phases      ] GC(56)     Total                          Min: 0, Avg: 129.5, Max: 326, Diff: 326, Sum: 518, Workers: 4
[23.688s][debug][gc,phases      ] GC(56)   ObjectSynchronizer Weak        Min:  0.0, Avg:  0.0, Max:  0.0, Diff:  0.0, Sum:  0.0, Workers: 4
[23.688s][debug][gc,phases      ] GC(56)     Dead                           Min: 0, Avg:  0.0, Max: 0, Diff: 0, Sum: 0, Workers: 4
[23.688s][debug][gc,phases      ] GC(56)     Total                          Min: 0, Avg: 131.8, Max: 256, Diff: 256, Sum: 527, Workers: 4
[23.688s][debug][gc,phases      ] GC(56)   JVMTI Tag Weak OopStorage      Min:  0.0, Avg:  0.0, Max:  0.0, Diff:  0.0, Sum:  0.0, Workers: 4
[23.688s][debug][gc,phases      ] GC(56)     Dead                           Min: 0, Avg:  0.0, Max: 0, Diff: 0, Sum: 0, Workers: 4
[23.688s][debug][gc,phases      ] GC(56)     Total                          Min: 0, Avg:  0.0, Max: 0, Diff: 0, Sum: 0, Workers: 4
[23.688s][debug][gc,phases      ] GC(56)   StringTable Weak               Min:  0.1, Avg:  0.1, Max:  0.1, Diff:  0.0, Sum:  0.4, Workers: 4
[23.688s][debug][gc,phases      ] GC(56)     Dead                           Min: 0, Avg:  0.0, Max: 0, Diff: 0, Sum: 0, Workers: 4
[23.688s][debug][gc,phases      ] GC(56)     Total                          Min: 9280, Avg: 10645.5, Max: 11350, Diff: 2070, Sum: 42582, Workers: 4
[23.689s][debug][gc,phases      ] GC(56)   ResolvedMethodTable Weak       Min:  0.0, Avg:  0.0, Max:  0.0, Diff:  0.0, Sum:  0.1, Workers: 4
[23.689s][debug][gc,phases      ] GC(56)     Dead                           Min: 0, Avg:  0.0, Max: 0, Diff: 0, Sum: 0, Workers: 4
[23.689s][debug][gc,phases      ] GC(56)     Total                          Min: 1600, Avg: 1780.0, Max: 2047, Diff: 447, Sum: 7120, Workers: 4
[23.689s][debug][gc,phases      ] GC(56)   JNI Weak                       Min:  0.0, Avg:  0.0, Max:  0.0, Diff:  0.0, Sum:  0.0, Workers: 4
[23.689s][debug][gc,phases      ] GC(56)     Dead                           Min: 0, Avg:  0.0, Max: 0, Diff: 0, Sum: 0, Workers: 4
[23.689s][debug][gc,phases      ] GC(56)     Total                          Min: 0, Avg:  5.0, Max: 20, Diff: 20, Sum: 20, Workers: 4
[23.689s][debug][gc,phases      ] GC(56)   StringDedup Table Weak         Min:  0.0, Avg:  0.0, Max:  0.0, Diff:  0.0, Sum:  0.0, Workers: 4
[23.689s][debug][gc,phases      ] GC(56)     Dead                           Min: 0, Avg:  0.0, Max: 0, Diff: 0, Sum: 0, Workers: 4
[23.689s][debug][gc,phases      ] GC(56)     Total                          Min: 0, Avg:  0.0, Max: 0, Diff: 0, Sum: 0, Workers: 4
[23.689s][debug][gc,phases      ] GC(56)   StringDedup Requests0 Weak     Min:  0.0, Avg:  0.0, Max:  0.0, Diff:  0.0, Sum:  0.0, Workers: 4
[23.689s][debug][gc,phases      ] GC(56)     Dead                           Min: 0, Avg:  0.0, Max: 0, Diff: 0, Sum: 0, Workers: 4
[23.689s][debug][gc,phases      ] GC(56)     Total                          Min: 0, Avg:  0.0, Max: 0, Diff: 0, Sum: 0, Workers: 4
[23.689s][debug][gc,phases      ] GC(56)   StringDedup Requests1 Weak     Min:  0.0, Avg:  0.0, Max:  0.0, Diff:  0.0, Sum:  0.0, Workers: 4
[23.689s][debug][gc,phases      ] GC(56)     Dead                           Min: 0, Avg:  0.0, Max: 0, Diff: 0, Sum: 0, Workers: 4
[23.689s][debug][gc,phases      ] GC(56)     Total                          Min: 0, Avg:  0.0, Max: 0, Diff: 0, Sum: 0, Workers: 4
[23.689s][debug][gc,phases      ] GC(56)   Weak JFR Old Object Samples    Min:  0.0, Avg:  0.0, Max:  0.0, Diff:  0.0, Sum:  0.0, Workers: 4
[23.689s][debug][gc,phases      ] GC(56)     Dead                           Min: 0, Avg:  0.0, Max: 0, Diff: 0, Sum: 0, Workers: 4
[23.689s][debug][gc,phases      ] GC(56)     Total                          Min: 0, Avg:  0.0, Max: 0, Diff: 0, Sum: 0, Workers: 4
[23.689s][debug][gc,phases      ] GC(56) Weak Processing 0.307ms
[23.689s][debug][gc,age         ] GC(56) Desired survivor size 404226048 bytes, new threshold 15 (max threshold 15)
[23.689s][info ][gc,heap        ] GC(56) PSYoungGen: 1245376K(1650176K)->31712K(1702400K) Eden: 1219072K(1219072K)->0K(1288704K) From: 26304K(431104K)->31712K(413696K)
[23.689s][info ][gc,heap        ] GC(56) ParOldGen: 575996K(712192K)->576004K(712192K)
[23.689s][info ][gc,metaspace   ] GC(56) Metaspace: 68160K(68800K)->68160K(68800K) NonClass: 58250K(58624K)->58250K(58624K) Class: 9910K(10176K)->9910K(10176K)
[23.689s][info ][gc             ] GC(56) Pause Young (Allocation Failure) 1778M->593M(2358M) 8.672ms
[23.689s][info ][gc,cpu         ] GC(56) User=0.03s Sys=0.00s Real=0.01s
[23.689s][info ][safepoint      ] Safepoint "ParallelGCFailedAllocation", Time since last: 1867908 ns, Reaching safepoint: 116306 ns, At safepoint: 8786707 ns, Total: 8903013 ns
[23.720s][info ][safepoint      ] Safepoint "ICBufferFull", Time since last: 31133697 ns, Reaching safepoint: 142509 ns, At safepoint: 30001 ns, Total: 172510 ns
[23.726s][info ][safepoint      ] Safepoint "ICBufferFull", Time since last: 5400812 ns, Reaching safepoint: 111406 ns, At safepoint: 27402 ns, Total: 138808 ns
[23.765s][info ][safepoint      ] Safepoint "ICBufferFull", Time since last: 39265866 ns, Reaching safepoint: 149909 ns, At safepoint: 32902 ns, Total: 182811 ns
[23.768s][info ][safepoint      ] Safepoint "ICBufferFull", Time since last: 3129480 ns, Reaching safepoint: 104006 ns, At safepoint: 24002 ns, Total: 128008 ns
[23.771s][info ][safepoint      ] Safepoint "ICBufferFull", Time since last: 2590749 ns, Reaching safepoint: 108507 ns, At safepoint: 26201 ns, Total: 134708 ns
[23.815s][info ][safepoint      ] Safepoint "ICBufferFull", Time since last: 43364303 ns, Reaching safepoint: 142208 ns, At safepoint: 24601 ns, Total: 166809 ns
[23.817s][info ][safepoint      ] Safepoint "ICBufferFull", Time since last: 2841464 ns, Reaching safepoint: 109507 ns, At safepoint: 26901 ns, Total: 136408 ns
[23.858s][info ][safepoint      ] Safepoint "ICBufferFull", Time since last: 40845458 ns, Reaching safepoint: 132707 ns, At safepoint: 28502 ns, Total: 161209 ns
[23.860s][info ][safepoint      ] Safepoint "ICBufferFull", Time since last: 1600892 ns, Reaching safepoint: 108307 ns, At safepoint: 24301 ns, Total: 132608 ns
[23.884s][info ][safepoint      ] Safepoint "ICBufferFull", Time since last: 23986684 ns, Reaching safepoint: 132108 ns, At safepoint: 31202 ns, Total: 163310 ns
[23.911s][info ][safepoint      ] Safepoint "ICBufferFull", Time since last: 25948697 ns, Reaching safepoint: 207112 ns, At safepoint: 32502 ns, Total: 239614 ns
[23.913s][info ][safepoint      ] Safepoint "ICBufferFull", Time since last: 2795062 ns, Reaching safepoint: 108606 ns, At safepoint: 29002 ns, Total: 137608 ns
[23.939s][info ][safepoint      ] Safepoint "ICBufferFull", Time since last: 25833490 ns, Reaching safepoint: 131308 ns, At safepoint: 28602 ns, Total: 159910 ns
[23.957s][info ][safepoint      ] Safepoint "ICBufferFull", Time since last: 17421705 ns, Reaching safepoint: 121407 ns, At safepoint: 24802 ns, Total: 146209 ns
[23.971s][info ][safepoint      ] Safepoint "ICBufferFull", Time since last: 13306568 ns, Reaching safepoint: 132407 ns, At safepoint: 24402 ns, Total: 156809 ns
[23.988s][info ][safepoint      ] Safepoint "ICBufferFull", Time since last: 17529811 ns, Reaching safepoint: 115907 ns, At safepoint: 24001 ns, Total: 139908 ns
[23.999s][info ][safepoint      ] Safepoint "ICBufferFull", Time since last: 10344297 ns, Reaching safepoint: 117307 ns, At safepoint: 23602 ns, Total: 140909 ns
[24.016s][info ][safepoint      ] Safepoint "ICBufferFull", Time since last: 17509210 ns, Reaching safepoint: 126207 ns, At safepoint: 24502 ns, Total: 150709 ns
[24.019s][info ][safepoint      ] Safepoint "ICBufferFull", Time since last: 2693555 ns, Reaching safepoint: 110007 ns, At safepoint: 23101 ns, Total: 133108 ns
[24.030s][info ][gc,start       ] GC(57) Pause Young (Allocation Failure)
[24.038s][debug][gc,phases      ] GC(57) Scavenge 8.427ms
[24.038s][debug][gc,ref         ] GC(57) Skipped phase 1 of Reference Processing: no references
[24.039s][debug][gc,ref         ] GC(57) ReferenceProcessor::execute queues: 1, RefProcThreadModel::Single, marks_oops_alive: false
[24.039s][debug][gc,ref         ] GC(57) Skipped phase 3 of Reference Processing: no references
[24.039s][debug][gc,ref         ] GC(57) ReferenceProcessor::execute queues: 1, RefProcThreadModel::Single, marks_oops_alive: false
[24.039s][debug][gc,phases      ] GC(57) Reference Processing 0.115ms
[24.039s][debug][gc,phases      ] GC(57)   VM Weak                        Min:  0.0, Avg:  0.0, Max:  0.0, Diff:  0.0, Sum:  0.0, Workers: 4
[24.039s][debug][gc,phases      ] GC(57)     Dead                           Min: 0, Avg:  0.0, Max: 0, Diff: 0, Sum: 0, Workers: 4
[24.039s][debug][gc,phases      ] GC(57)     Total                          Min: 0, Avg: 129.5, Max: 454, Diff: 454, Sum: 518, Workers: 4
[24.039s][debug][gc,phases      ] GC(57)   ObjectSynchronizer Weak        Min:  0.0, Avg:  0.0, Max:  0.0, Diff:  0.0, Sum:  0.0, Workers: 4
[24.039s][debug][gc,phases      ] GC(57)     Dead                           Min: 0, Avg:  0.0, Max: 0, Diff: 0, Sum: 0, Workers: 4
[24.039s][debug][gc,phases      ] GC(57)     Total                          Min: 0, Avg: 131.8, Max: 256, Diff: 256, Sum: 527, Workers: 4
[24.039s][debug][gc,phases      ] GC(57)   JVMTI Tag Weak OopStorage      Min:  0.0, Avg:  0.0, Max:  0.0, Diff:  0.0, Sum:  0.0, Workers: 4
[24.039s][debug][gc,phases      ] GC(57)     Dead                           Min: 0, Avg:  0.0, Max: 0, Diff: 0, Sum: 0, Workers: 4
[24.039s][debug][gc,phases      ] GC(57)     Total                          Min: 0, Avg:  0.0, Max: 0, Diff: 0, Sum: 0, Workers: 4
[24.039s][debug][gc,phases      ] GC(57)   StringTable Weak               Min:  0.2, Avg:  0.2, Max:  0.2, Diff:  0.0, Sum:  1.0, Workers: 4
[24.039s][debug][gc,phases      ] GC(57)     Dead                           Min: 0, Avg:  2.8, Max: 11, Diff: 11, Sum: 11, Workers: 4
[24.039s][debug][gc,phases      ] GC(57)     Total                          Min: 10240, Avg: 10648.5, Max: 11047, Diff: 807, Sum: 42594, Workers: 4
[24.039s][debug][gc,phases      ] GC(57)   ResolvedMethodTable Weak       Min:  0.0, Avg:  0.0, Max:  0.0, Diff:  0.0, Sum:  0.1, Workers: 4
[24.039s][debug][gc,phases      ] GC(57)     Dead                           Min: 0, Avg:  0.0, Max: 0, Diff: 0, Sum: 0, Workers: 4
[24.039s][debug][gc,phases      ] GC(57)     Total                          Min: 1727, Avg: 1780.0, Max: 1856, Diff: 129, Sum: 7120, Workers: 4
[24.039s][debug][gc,phases      ] GC(57)   JNI Weak                       Min:  0.0, Avg:  0.0, Max:  0.0, Diff:  0.0, Sum:  0.0, Workers: 4
[24.039s][debug][gc,phases      ] GC(57)     Dead                           Min: 0, Avg:  0.0, Max: 0, Diff: 0, Sum: 0, Workers: 4
[24.039s][debug][gc,phases      ] GC(57)     Total                          Min: 0, Avg:  2.8, Max: 11, Diff: 11, Sum: 11, Workers: 4
[24.039s][debug][gc,phases      ] GC(57)   StringDedup Table Weak         Min:  0.0, Avg:  0.0, Max:  0.0, Diff:  0.0, Sum:  0.0, Workers: 4
[24.039s][debug][gc,phases      ] GC(57)     Dead                           Min: 0, Avg:  0.0, Max: 0, Diff: 0, Sum: 0, Workers: 4
[24.039s][debug][gc,phases      ] GC(57)     Total                          Min: 0, Avg:  0.0, Max: 0, Diff: 0, Sum: 0, Workers: 4
[24.039s][debug][gc,phases      ] GC(57)   StringDedup Requests0 Weak     Min:  0.0, Avg:  0.0, Max:  0.0, Diff:  0.0, Sum:  0.0, Workers: 4
[24.039s][debug][gc,phases      ] GC(57)     Dead                           Min: 0, Avg:  0.0, Max: 0, Diff: 0, Sum: 0, Workers: 4
[24.039s][debug][gc,phases      ] GC(57)     Total                          Min: 0, Avg:  0.0, Max: 0, Diff: 0, Sum: 0, Workers: 4
[24.039s][debug][gc,phases      ] GC(57)   StringDedup Requests1 Weak     Min:  0.0, Avg:  0.0, Max:  0.0, Diff:  0.0, Sum:  0.0, Workers: 4
[24.039s][debug][gc,phases      ] GC(57)     Dead                           Min: 0, Avg:  0.0, Max: 0, Diff: 0, Sum: 0, Workers: 4
[24.039s][debug][gc,phases      ] GC(57)     Total                          Min: 0, Avg:  0.0, Max: 0, Diff: 0, Sum: 0, Workers: 4
[24.039s][debug][gc,phases      ] GC(57)   Weak JFR Old Object Samples    Min:  0.0, Avg:  0.0, Max:  0.0, Diff:  0.0, Sum:  0.0, Workers: 4
[24.039s][debug][gc,phases      ] GC(57)     Dead                           Min: 0, Avg:  0.0, Max: 0, Diff: 0, Sum: 0, Workers: 4
[24.039s][debug][gc,phases      ] GC(57)     Total                          Min: 0, Avg:  0.0, Max: 0, Diff: 0, Sum: 0, Workers: 4
[24.039s][debug][gc,phases      ] GC(57) Weak Processing 0.464ms
[24.039s][debug][gc,age         ] GC(57) Desired survivor size 384827392 bytes, new threshold 15 (max threshold 15)
[24.039s][info ][gc,heap        ] GC(57) PSYoungGen: 1320416K(1702400K)->32736K(1683456K) Eden: 1288704K(1288704K)->0K(1288704K) From: 31712K(413696K)->32736K(394752K)
[24.039s][info ][gc,heap        ] GC(57) ParOldGen: 576004K(712192K)->576012K(712192K)
[24.039s][info ][gc,metaspace   ] GC(57) Metaspace: 68177K(68864K)->68177K(68864K) NonClass: 58266K(58688K)->58266K(58688K) Class: 9910K(10176K)->9910K(10176K)
[24.039s][info ][gc             ] GC(57) Pause Young (Allocation Failure) 1851M->594M(2339M) 9.122ms
[24.039s][info ][gc,cpu         ] GC(57) User=0.04s Sys=0.00s Real=0.01s
[24.039s][info ][safepoint      ] Safepoint "ParallelGCFailedAllocation", Time since last: 10646114 ns, Reaching safepoint: 120507 ns, At safepoint: 9229633 ns, Total: 9350140 ns
[24.065s][info ][safepoint      ] Safepoint "ICBufferFull", Time since last: 25830591 ns, Reaching safepoint: 132207 ns, At safepoint: 26202 ns, Total: 158409 ns
[24.068s][info ][safepoint      ] Safepoint "ICBufferFull", Time since last: 3003773 ns, Reaching safepoint: 179111 ns, At safepoint: 25101 ns, Total: 204212 ns
[24.097s][info ][safepoint      ] Safepoint "ICBufferFull", Time since last: 28694356 ns, Reaching safepoint: 144808 ns, At safepoint: 28502 ns, Total: 173310 ns
[24.099s][info ][safepoint      ] Safepoint "ICBufferFull", Time since last: 1558190 ns, Reaching safepoint: 101506 ns, At safepoint: 27701 ns, Total: 129207 ns
[24.118s][info ][safepoint      ] Safepoint "ICBufferFull", Time since last: 18983196 ns, Reaching safepoint: 116107 ns, At safepoint: 29401 ns, Total: 145508 ns
[24.139s][info ][safepoint      ] Safepoint "ICBufferFull", Time since last: 20328974 ns, Reaching safepoint: 119507 ns, At safepoint: 21301 ns, Total: 140808 ns
[24.141s][info ][safepoint      ] Safepoint "ICBufferFull", Time since last: 2756359 ns, Reaching safepoint: 102406 ns, At safepoint: 26801 ns, Total: 129207 ns
[24.156s][info ][safepoint      ] Safepoint "ICBufferFull", Time since last: 13993008 ns, Reaching safepoint: 113407 ns, At safepoint: 27301 ns, Total: 140708 ns
[24.158s][info ][safepoint      ] Safepoint "ICBufferFull", Time since last: 2219128 ns, Reaching safepoint: 100706 ns, At safepoint: 26302 ns, Total: 127008 ns
[24.180s][info ][safepoint      ] Safepoint "ICBufferFull", Time since last: 22060473 ns, Reaching safepoint: 133407 ns, At safepoint: 25702 ns, Total: 159109 ns
[24.196s][info ][safepoint      ] Safepoint "ICBufferFull", Time since last: 16092229 ns, Reaching safepoint: 107306 ns, At safepoint: 28601 ns, Total: 135907 ns
[24.199s][info ][safepoint      ] Safepoint "ICBufferFull", Time since last: 2584350 ns, Reaching safepoint: 92905 ns, At safepoint: 24001 ns, Total: 116906 ns
[24.214s][info ][safepoint      ] Safepoint "ICBufferFull", Time since last: 14615744 ns, Reaching safepoint: 121807 ns, At safepoint: 26701 ns, Total: 148508 ns
[24.234s][info ][safepoint      ] Safepoint "ICBufferFull", Time since last: 20389877 ns, Reaching safepoint: 142508 ns, At safepoint: 26302 ns, Total: 168810 ns
[24.249s][info ][gc,start       ] GC(58) Pause Young (Allocation Failure)
[24.258s][debug][gc,phases      ] GC(58) Scavenge 8.494ms
[24.258s][debug][gc,ref         ] GC(58) Skipped phase 1 of Reference Processing: no references
[24.258s][debug][gc,ref         ] GC(58) ReferenceProcessor::execute queues: 1, RefProcThreadModel::Single, marks_oops_alive: false
[24.258s][debug][gc,ref         ] GC(58) Skipped phase 3 of Reference Processing: no references
[24.258s][debug][gc,ref         ] GC(58) ReferenceProcessor::execute queues: 1, RefProcThreadModel::Single, marks_oops_alive: false
[24.258s][debug][gc,phases      ] GC(58) Reference Processing 0.111ms
[24.258s][debug][gc,phases      ] GC(58)   VM Weak                        Min:  0.0, Avg:  0.0, Max:  0.0, Diff:  0.0, Sum:  0.0, Workers: 4
[24.258s][debug][gc,phases      ] GC(58)     Dead                           Min: 0, Avg:  0.0, Max: 0, Diff: 0, Sum: 0, Workers: 4
[24.258s][debug][gc,phases      ] GC(58)     Total                          Min: 0, Avg: 129.5, Max: 454, Diff: 454, Sum: 518, Workers: 4
[24.258s][debug][gc,phases      ] GC(58)   ObjectSynchronizer Weak        Min:  0.0, Avg:  0.0, Max:  0.0, Diff:  0.0, Sum:  0.0, Workers: 4
[24.258s][debug][gc,phases      ] GC(58)     Dead                           Min: 0, Avg:  0.0, Max: 0, Diff: 0, Sum: 0, Workers: 4
[24.258s][debug][gc,phases      ] GC(58)     Total                          Min: 0, Avg: 131.8, Max: 320, Diff: 320, Sum: 527, Workers: 4
[24.258s][debug][gc,phases      ] GC(58)   JVMTI Tag Weak OopStorage      Min:  0.0, Avg:  0.0, Max:  0.0, Diff:  0.0, Sum:  0.0, Workers: 4
[24.258s][debug][gc,phases      ] GC(58)     Dead                           Min: 0, Avg:  0.0, Max: 0, Diff: 0, Sum: 0, Workers: 4
[24.258s][debug][gc,phases      ] GC(58)     Total                          Min: 0, Avg:  0.0, Max: 0, Diff: 0, Sum: 0, Workers: 4
[24.258s][debug][gc,phases      ] GC(58)   StringTable Weak               Min:  0.1, Avg:  0.1, Max:  0.2, Diff:  0.1, Sum:  0.5, Workers: 4
[24.258s][debug][gc,phases      ] GC(58)     Dead                           Min: 0, Avg:  0.0, Max: 0, Diff: 0, Sum: 0, Workers: 4
[24.258s][debug][gc,phases      ] GC(58)     Total                          Min: 8960, Avg: 10649.0, Max: 11689, Diff: 2729, Sum: 42596, Workers: 4
[24.258s][debug][gc,phases      ] GC(58)   ResolvedMethodTable Weak       Min:  0.0, Avg:  0.0, Max:  0.0, Diff:  0.0, Sum:  0.1, Workers: 4
[24.258s][debug][gc,phases      ] GC(58)     Dead                           Min: 0, Avg:  0.0, Max: 0, Diff: 0, Sum: 0, Workers: 4
[24.258s][debug][gc,phases      ] GC(58)     Total                          Min: 0, Avg: 1780.0, Max: 2432, Diff: 2432, Sum: 7120, Workers: 4
[24.258s][debug][gc,phases      ] GC(58)   JNI Weak                       Min:  0.0, Avg:  0.0, Max:  0.0, Diff:  0.0, Sum:  0.0, Workers: 4
[24.258s][debug][gc,phases      ] GC(58)     Dead                           Min: 0, Avg:  0.0, Max: 0, Diff: 0, Sum: 0, Workers: 4
[24.258s][debug][gc,phases      ] GC(58)     Total                          Min: 0, Avg:  3.0, Max: 12, Diff: 12, Sum: 12, Workers: 4
[24.258s][debug][gc,phases      ] GC(58)   StringDedup Table Weak         Min:  0.0, Avg:  0.0, Max:  0.0, Diff:  0.0, Sum:  0.0, Workers: 4
[24.258s][debug][gc,phases      ] GC(58)     Dead                           Min: 0, Avg:  0.0, Max: 0, Diff: 0, Sum: 0, Workers: 4
[24.258s][debug][gc,phases      ] GC(58)     Total                          Min: 0, Avg:  0.0, Max: 0, Diff: 0, Sum: 0, Workers: 4
[24.258s][debug][gc,phases      ] GC(58)   StringDedup Requests0 Weak     Min:  0.0, Avg:  0.0, Max:  0.0, Diff:  0.0, Sum:  0.0, Workers: 4
[24.258s][debug][gc,phases      ] GC(58)     Dead                           Min: 0, Avg:  0.0, Max: 0, Diff: 0, Sum: 0, Workers: 4
[24.258s][debug][gc,phases      ] GC(58)     Total                          Min: 0, Avg:  0.0, Max: 0, Diff: 0, Sum: 0, Workers: 4
[24.258s][debug][gc,phases      ] GC(58)   StringDedup Requests1 Weak     Min:  0.0, Avg:  0.0, Max:  0.0, Diff:  0.0, Sum:  0.0, Workers: 4
[24.258s][debug][gc,phases      ] GC(58)     Dead                           Min: 0, Avg:  0.0, Max: 0, Diff: 0, Sum: 0, Workers: 4
[24.258s][debug][gc,phases      ] GC(58)     Total                          Min: 0, Avg:  0.0, Max: 0, Diff: 0, Sum: 0, Workers: 4
[24.258s][debug][gc,phases      ] GC(58)   Weak JFR Old Object Samples    Min:  0.0, Avg:  0.0, Max:  0.0, Diff:  0.0, Sum:  0.0, Workers: 4
[24.258s][debug][gc,phases      ] GC(58)     Dead                           Min: 0, Avg:  0.0, Max: 0, Diff: 0, Sum: 0, Workers: 4
[24.258s][debug][gc,phases      ] GC(58)     Total                          Min: 0, Avg:  0.0, Max: 0, Diff: 0, Sum: 0, Workers: 4
[24.258s][debug][gc,phases      ] GC(58) Weak Processing 0.368ms
[24.258s][debug][gc,age         ] GC(58) Desired survivor size 365428736 bytes, new threshold 15 (max threshold 15)
[24.258s][info ][gc,heap        ] GC(58) PSYoungGen: 1321440K(1683456K)->33152K(1740288K) Eden: 1288704K(1288704K)->0K(1364480K) From: 32736K(394752K)->33152K(375808K)
[24.258s][info ][gc,heap        ] GC(58) ParOldGen: 576012K(712192K)->576020K(712192K)
[24.258s][info ][gc,metaspace   ] GC(58) Metaspace: 68193K(68864K)->68193K(68864K) NonClass: 58283K(58688K)->58283K(58688K) Class: 9910K(10176K)->9910K(10176K)
[24.258s][info ][gc             ] GC(58) Pause Young (Allocation Failure) 1852M->594M(2395M) 9.122ms
[24.258s][info ][gc,cpu         ] GC(58) User=0.04s Sys=0.00s Real=0.01s
[24.258s][info ][safepoint      ] Safepoint "ParallelGCFailedAllocation", Time since last: 14752851 ns, Reaching safepoint: 131708 ns, At safepoint: 9233033 ns, Total: 9364741 ns
[24.272s][info ][safepoint      ] Safepoint "ICBufferFull", Time since last: 13706391 ns, Reaching safepoint: 116507 ns, At safepoint: 24501 ns, Total: 141008 ns
[24.324s][info ][safepoint      ] Safepoint "ICBufferFull", Time since last: 51676383 ns, Reaching safepoint: 130607 ns, At safepoint: 28202 ns, Total: 158809 ns
[24.330s][info ][safepoint      ] Safepoint "ICBufferFull", Time since last: 5842637 ns, Reaching safepoint: 122507 ns, At safepoint: 25901 ns, Total: 148408 ns
[24.333s][info ][safepoint      ] Safepoint "ICBufferFull", Time since last: 2850665 ns, Reaching safepoint: 103806 ns, At safepoint: 24801 ns, Total: 128607 ns
[24.358s][info ][safepoint      ] Safepoint "ICBufferFull", Time since last: 24355006 ns, Reaching safepoint: 138608 ns, At safepoint: 27602 ns, Total: 166210 ns
[24.387s][info ][safepoint      ] Safepoint "ICBufferFull", Time since last: 29588507 ns, Reaching safepoint: 119707 ns, At safepoint: 29202 ns, Total: 148909 ns
[24.431s][info ][safepoint      ] Safepoint "ICBufferFull", Time since last: 40195520 ns, Reaching safepoint: 3179383 ns, At safepoint: 28902 ns, Total: 3208285 ns
[24.444s][info ][safepoint      ] Safepoint "ICBufferFull", Time since last: 13473077 ns, Reaching safepoint: 113107 ns, At safepoint: 27402 ns, Total: 140509 ns
[24.463s][info ][safepoint      ] Safepoint "ICBufferFull", Time since last: 18930092 ns, Reaching safepoint: 128708 ns, At safepoint: 27401 ns, Total: 156109 ns
[24.470s][info ][safepoint      ] Safepoint "ICBufferFull", Time since last: 6294763 ns, Reaching safepoint: 114307 ns, At safepoint: 34602 ns, Total: 148909 ns
[24.473s][info ][safepoint      ] Safepoint "ICBufferFull", Time since last: 2675754 ns, Reaching safepoint: 97406 ns, At safepoint: 30702 ns, Total: 128108 ns
[24.498s][info ][safepoint      ] Safepoint "ICBufferFull", Time since last: 23175237 ns, Reaching safepoint: 2128523 ns, At safepoint: 31702 ns, Total: 2160225 ns
[24.504s][info ][safepoint      ] Safepoint "ICBufferFull", Time since last: 6168956 ns, Reaching safepoint: 103106 ns, At safepoint: 32702 ns, Total: 135808 ns
[24.524s][info ][safepoint      ] Safepoint "ICBufferFull", Time since last: 19803743 ns, Reaching safepoint: 140708 ns, At safepoint: 28802 ns, Total: 169510 ns
[24.526s][info ][safepoint      ] Safepoint "ICBufferFull", Time since last: 1707198 ns, Reaching safepoint: 109006 ns, At safepoint: 28202 ns, Total: 137208 ns
[24.531s][info ][safepoint      ] Safepoint "ICBufferFull", Time since last: 4328950 ns, Reaching safepoint: 112206 ns, At safepoint: 29102 ns, Total: 141308 ns
[24.546s][info ][safepoint      ] Safepoint "ICBufferFull", Time since last: 15676705 ns, Reaching safepoint: 125007 ns, At safepoint: 26402 ns, Total: 151409 ns
[24.549s][info ][safepoint      ] Safepoint "ICBufferFull", Time since last: 2528245 ns, Reaching safepoint: 113807 ns, At safepoint: 26402 ns, Total: 140209 ns
[24.565s][info ][safepoint      ] Safepoint "ICBufferFull", Time since last: 15221678 ns, Reaching safepoint: 137308 ns, At safepoint: 31702 ns, Total: 169010 ns
[24.570s][info ][safepoint      ] Safepoint "ICBufferFull", Time since last: 5792034 ns, Reaching safepoint: 97306 ns, At safepoint: 25301 ns, Total: 122607 ns
[24.571s][info ][gc,start       ] GC(59) Pause Young (Allocation Failure)
[24.579s][debug][gc,phases      ] GC(59) Scavenge 7.986ms
[24.579s][debug][gc,ref         ] GC(59) Skipped phase 1 of Reference Processing: no references
[24.579s][debug][gc,ref         ] GC(59) ReferenceProcessor::execute queues: 1, RefProcThreadModel::Single, marks_oops_alive: false
[24.579s][debug][gc,ref         ] GC(59) Skipped phase 3 of Reference Processing: no references
[24.579s][debug][gc,ref         ] GC(59) ReferenceProcessor::execute queues: 1, RefProcThreadModel::Single, marks_oops_alive: false
[24.579s][debug][gc,phases      ] GC(59) Reference Processing 0.135ms
[24.580s][debug][gc,phases      ] GC(59)   VM Weak                        Min:  0.0, Avg:  0.0, Max:  0.0, Diff:  0.0, Sum:  0.0, Workers: 4
[24.580s][debug][gc,phases      ] GC(59)     Dead                           Min: 0, Avg:  0.0, Max: 0, Diff: 0, Sum: 0, Workers: 4
[24.580s][debug][gc,phases      ] GC(59)     Total                          Min: 0, Avg: 129.5, Max: 326, Diff: 326, Sum: 518, Workers: 4
[24.580s][debug][gc,phases      ] GC(59)   ObjectSynchronizer Weak        Min:  0.0, Avg:  0.0, Max:  0.0, Diff:  0.0, Sum:  0.0, Workers: 4
[24.580s][debug][gc,phases      ] GC(59)     Dead                           Min: 0, Avg:  0.0, Max: 0, Diff: 0, Sum: 0, Workers: 4
[24.580s][debug][gc,phases      ] GC(59)     Total                          Min: 0, Avg: 131.8, Max: 271, Diff: 271, Sum: 527, Workers: 4
[24.580s][debug][gc,phases      ] GC(59)   JVMTI Tag Weak OopStorage      Min:  0.0, Avg:  0.0, Max:  0.0, Diff:  0.0, Sum:  0.0, Workers: 4
[24.580s][debug][gc,phases      ] GC(59)     Dead                           Min: 0, Avg:  0.0, Max: 0, Diff: 0, Sum: 0, Workers: 4
[24.580s][debug][gc,phases      ] GC(59)     Total                          Min: 0, Avg:  0.0, Max: 0, Diff: 0, Sum: 0, Workers: 4
[24.580s][debug][gc,phases      ] GC(59)   StringTable Weak               Min:  0.1, Avg:  0.1, Max:  0.1, Diff:  0.0, Sum:  0.4, Workers: 4
[24.580s][debug][gc,phases      ] GC(59)     Dead                           Min: 0, Avg:  2.8, Max: 11, Diff: 11, Sum: 11, Workers: 4
[24.580s][debug][gc,phases      ] GC(59)     Total                          Min: 9918, Avg: 10649.0, Max: 11709, Diff: 1791, Sum: 42596, Workers: 4
[24.580s][debug][gc,phases      ] GC(59)   ResolvedMethodTable Weak       Min:  0.0, Avg:  0.0, Max:  0.0, Diff:  0.0, Sum:  0.1, Workers: 4
[24.580s][debug][gc,phases      ] GC(59)     Dead                           Min: 0, Avg:  0.0, Max: 0, Diff: 0, Sum: 0, Workers: 4
[24.580s][debug][gc,phases      ] GC(59)     Total                          Min: 1664, Avg: 1780.0, Max: 1856, Diff: 192, Sum: 7120, Workers: 4
[24.580s][debug][gc,phases      ] GC(59)   JNI Weak                       Min:  0.0, Avg:  0.0, Max:  0.0, Diff:  0.0, Sum:  0.0, Workers: 4
[24.580s][debug][gc,phases      ] GC(59)     Dead                           Min: 0, Avg:  0.0, Max: 0, Diff: 0, Sum: 0, Workers: 4
[24.580s][debug][gc,phases      ] GC(59)     Total                          Min: 0, Avg:  3.2, Max: 13, Diff: 13, Sum: 13, Workers: 4
[24.580s][debug][gc,phases      ] GC(59)   StringDedup Table Weak         Min:  0.0, Avg:  0.0, Max:  0.0, Diff:  0.0, Sum:  0.0, Workers: 4
[24.580s][debug][gc,phases      ] GC(59)     Dead                           Min: 0, Avg:  0.0, Max: 0, Diff: 0, Sum: 0, Workers: 4
[24.580s][debug][gc,phases      ] GC(59)     Total                          Min: 0, Avg:  0.0, Max: 0, Diff: 0, Sum: 0, Workers: 4
[24.580s][debug][gc,phases      ] GC(59)   StringDedup Requests0 Weak     Min:  0.0, Avg:  0.0, Max:  0.0, Diff:  0.0, Sum:  0.0, Workers: 4
[24.580s][debug][gc,phases      ] GC(59)     Dead                           Min: 0, Avg:  0.0, Max: 0, Diff: 0, Sum: 0, Workers: 4
[24.580s][debug][gc,phases      ] GC(59)     Total                          Min: 0, Avg:  0.0, Max: 0, Diff: 0, Sum: 0, Workers: 4
[24.580s][debug][gc,phases      ] GC(59)   StringDedup Requests1 Weak     Min:  0.0, Avg:  0.0, Max:  0.0, Diff:  0.0, Sum:  0.0, Workers: 4
[24.580s][debug][gc,phases      ] GC(59)     Dead                           Min: 0, Avg:  0.0, Max: 0, Diff: 0, Sum: 0, Workers: 4
[24.580s][debug][gc,phases      ] GC(59)     Total                          Min: 0, Avg:  0.0, Max: 0, Diff: 0, Sum: 0, Workers: 4
[24.580s][debug][gc,phases      ] GC(59)   Weak JFR Old Object Samples    Min:  0.0, Avg:  0.0, Max:  0.0, Diff:  0.0, Sum:  0.0, Workers: 4
[24.580s][debug][gc,phases      ] GC(59)     Dead                           Min: 0, Avg:  0.0, Max: 0, Diff: 0, Sum: 0, Workers: 4
[24.580s][debug][gc,phases      ] GC(59)     Total                          Min: 0, Avg:  0.0, Max: 0, Diff: 0, Sum: 0, Workers: 4
[24.580s][debug][gc,phases      ] GC(59) Weak Processing 0.303ms
[24.580s][debug][gc,age         ] GC(59) Desired survivor size 346030080 bytes, new threshold 15 (max threshold 15)
[24.580s][info ][gc,heap        ] GC(59) PSYoungGen: 1397632K(1740288K)->34032K(1721344K) Eden: 1364480K(1364480K)->0K(1364480K) From: 33152K(375808K)->34032K(356864K)
[24.580s][info ][gc,heap        ] GC(59) ParOldGen: 576020K(712192K)->576020K(712192K)
[24.580s][info ][gc,metaspace   ] GC(59) Metaspace: 68202K(68864K)->68202K(68864K) NonClass: 58292K(58688K)->58292K(58688K) Class: 9910K(10176K)->9910K(10176K)
[24.580s][info ][gc             ] GC(59) Pause Young (Allocation Failure) 1927M->595M(2376M) 8.531ms
[24.580s][info ][gc,cpu         ] GC(59) User=0.04s Sys=0.00s Real=0.01s
[24.580s][info ][safepoint      ] Safepoint "ParallelGCFailedAllocation", Time since last: 628536 ns, Reaching safepoint: 91506 ns, At safepoint: 8638698 ns, Total: 8730204 ns
[24.698s][info ][safepoint      ] Safepoint "ICBufferFull", Time since last: 117926906 ns, Reaching safepoint: 84505 ns, At safepoint: 30902 ns, Total: 115407 ns
[24.713s][info ][safepoint      ] Safepoint "ICBufferFull", Time since last: 14589042 ns, Reaching safepoint: 127407 ns, At safepoint: 24002 ns, Total: 151409 ns
[24.728s][info ][safepoint      ] Safepoint "ICBufferFull", Time since last: 15711606 ns, Reaching safepoint: 114607 ns, At safepoint: 22701 ns, Total: 137308 ns
[24.744s][info ][safepoint      ] Safepoint "ICBufferFull", Time since last: 15706207 ns, Reaching safepoint: 134508 ns, At safepoint: 27201 ns, Total: 161709 ns
[24.760s][info ][safepoint      ] Safepoint "ICBufferFull", Time since last: 15542897 ns, Reaching safepoint: 110507 ns, At safepoint: 24801 ns, Total: 135308 ns
[24.787s][info ][safepoint      ] Safepoint "ICBufferFull", Time since last: 27016859 ns, Reaching safepoint: 129408 ns, At safepoint: 26601 ns, Total: 156009 ns
[24.803s][info ][safepoint      ] Safepoint "ICBufferFull", Time since last: 12899345 ns, Reaching safepoint: 3178783 ns, At safepoint: 25602 ns, Total: 3204385 ns
[24.806s][info ][safepoint      ] Safepoint "ICBufferFull", Time since last: 2674854 ns, Reaching safepoint: 102306 ns, At safepoint: 28602 ns, Total: 130908 ns
[24.822s][info ][safepoint      ] Safepoint "ICBufferFull", Time since last: 15338385 ns, Reaching safepoint: 135608 ns, At safepoint: 25801 ns, Total: 161409 ns
[24.824s][info ][safepoint      ] Safepoint "ICBufferFull", Time since last: 2787861 ns, Reaching safepoint: 109506 ns, At safepoint: 24802 ns, Total: 134308 ns
[24.860s][info ][gc,start       ] GC(60) Pause Young (Allocation Failure)
[24.870s][debug][gc,phases      ] GC(60) Scavenge 9.765ms
[24.870s][debug][gc,ref         ] GC(60) Skipped phase 1 of Reference Processing: no references
[24.870s][debug][gc,ref         ] GC(60) ReferenceProcessor::execute queues: 1, RefProcThreadModel::Single, marks_oops_alive: false
[24.870s][debug][gc,ref         ] GC(60) Skipped phase 3 of Reference Processing: no references
[24.870s][debug][gc,ref         ] GC(60) ReferenceProcessor::execute queues: 1, RefProcThreadModel::Single, marks_oops_alive: false
[24.870s][debug][gc,phases      ] GC(60) Reference Processing 0.116ms
[24.870s][debug][gc,phases      ] GC(60)   VM Weak                        Min:  0.0, Avg:  0.0, Max:  0.0, Diff:  0.0, Sum:  0.0, Workers: 4
[24.870s][debug][gc,phases      ] GC(60)     Dead                           Min: 0, Avg:  0.0, Max: 0, Diff: 0, Sum: 0, Workers: 4
[24.870s][debug][gc,phases      ] GC(60)     Total                          Min: 0, Avg: 129.5, Max: 518, Diff: 518, Sum: 518, Workers: 4
[24.870s][debug][gc,phases      ] GC(60)   ObjectSynchronizer Weak        Min:  0.0, Avg:  0.0, Max:  0.0, Diff:  0.0, Sum:  0.0, Workers: 4
[24.870s][debug][gc,phases      ] GC(60)     Dead                           Min: 0, Avg:  0.0, Max: 0, Diff: 0, Sum: 0, Workers: 4
[24.870s][debug][gc,phases      ] GC(60)     Total                          Min: 0, Avg: 131.8, Max: 527, Diff: 527, Sum: 527, Workers: 4
[24.870s][debug][gc,phases      ] GC(60)   JVMTI Tag Weak OopStorage      Min:  0.0, Avg:  0.0, Max:  0.0, Diff:  0.0, Sum:  0.0, Workers: 4
[24.870s][debug][gc,phases      ] GC(60)     Dead                           Min: 0, Avg:  0.0, Max: 0, Diff: 0, Sum: 0, Workers: 4
[24.870s][debug][gc,phases      ] GC(60)     Total                          Min: 0, Avg:  0.0, Max: 0, Diff: 0, Sum: 0, Workers: 4
[24.870s][debug][gc,phases      ] GC(60)   StringTable Weak               Min:  0.1, Avg:  0.1, Max:  0.1, Diff:  0.0, Sum:  0.4, Workers: 4
[24.870s][debug][gc,phases      ] GC(60)     Dead                           Min: 0, Avg:  0.0, Max: 0, Diff: 0, Sum: 0, Workers: 4
[24.870s][debug][gc,phases      ] GC(60)     Total                          Min: 10174, Avg: 10654.0, Max: 11264, Diff: 1090, Sum: 42616, Workers: 4
[24.870s][debug][gc,phases      ] GC(60)   ResolvedMethodTable Weak       Min:  0.0, Avg:  0.0, Max:  0.0, Diff:  0.0, Sum:  0.1, Workers: 4
[24.870s][debug][gc,phases      ] GC(60)     Dead                           Min: 0, Avg:  0.0, Max: 0, Diff: 0, Sum: 0, Workers: 4
[24.870s][debug][gc,phases      ] GC(60)     Total                          Min: 1664, Avg: 1790.8, Max: 1920, Diff: 256, Sum: 7163, Workers: 4
[24.870s][debug][gc,phases      ] GC(60)   JNI Weak                       Min:  0.0, Avg:  0.0, Max:  0.0, Diff:  0.0, Sum:  0.0, Workers: 4
[24.870s][debug][gc,phases      ] GC(60)     Dead                           Min: 0, Avg:  0.0, Max: 0, Diff: 0, Sum: 0, Workers: 4
[24.870s][debug][gc,phases      ] GC(60)     Total                          Min: 0, Avg:  3.2, Max: 13, Diff: 13, Sum: 13, Workers: 4
[24.870s][debug][gc,phases      ] GC(60)   StringDedup Table Weak         Min:  0.0, Avg:  0.0, Max:  0.0, Diff:  0.0, Sum:  0.0, Workers: 4
[24.870s][debug][gc,phases      ] GC(60)     Dead                           Min: 0, Avg:  0.0, Max: 0, Diff: 0, Sum: 0, Workers: 4
[24.870s][debug][gc,phases      ] GC(60)     Total                          Min: 0, Avg:  0.0, Max: 0, Diff: 0, Sum: 0, Workers: 4
[24.870s][debug][gc,phases      ] GC(60)   StringDedup Requests0 Weak     Min:  0.0, Avg:  0.0, Max:  0.0, Diff:  0.0, Sum:  0.0, Workers: 4
[24.870s][debug][gc,phases      ] GC(60)     Dead                           Min: 0, Avg:  0.0, Max: 0, Diff: 0, Sum: 0, Workers: 4
[24.870s][debug][gc,phases      ] GC(60)     Total                          Min: 0, Avg:  0.0, Max: 0, Diff: 0, Sum: 0, Workers: 4
[24.870s][debug][gc,phases      ] GC(60)   StringDedup Requests1 Weak     Min:  0.0, Avg:  0.0, Max:  0.0, Diff:  0.0, Sum:  0.0, Workers: 4
[24.870s][debug][gc,phases      ] GC(60)     Dead                           Min: 0, Avg:  0.0, Max: 0, Diff: 0, Sum: 0, Workers: 4
[24.871s][debug][gc,phases      ] GC(60)     Total                          Min: 0, Avg:  0.0, Max: 0, Diff: 0, Sum: 0, Workers: 4
[24.871s][debug][gc,phases      ] GC(60)   Weak JFR Old Object Samples    Min:  0.0, Avg:  0.0, Max:  0.0, Diff:  0.0, Sum:  0.0, Workers: 4
[24.871s][debug][gc,phases      ] GC(60)     Dead                           Min: 0, Avg:  0.0, Max: 0, Diff: 0, Sum: 0, Workers: 4
[24.871s][debug][gc,phases      ] GC(60)     Total                          Min: 0, Avg:  0.0, Max: 0, Diff: 0, Sum: 0, Workers: 4
[24.871s][debug][gc,phases      ] GC(60) Weak Processing 0.395ms
[24.871s][debug][gc,age         ] GC(60) Desired survivor size 326631424 bytes, new threshold 15 (max threshold 15)
[24.871s][info ][gc,heap        ] GC(60) PSYoungGen: 1398512K(1721344K)->37872K(1778176K) Eden: 1364480K(1364480K)->0K(1440256K) From: 34032K(356864K)->37872K(337920K)
[24.871s][info ][gc,heap        ] GC(60) ParOldGen: 576020K(712192K)->576028K(712192K)
[24.871s][info ][gc,metaspace   ] GC(60) Metaspace: 68263K(68992K)->68263K(68992K) NonClass: 58336K(58752K)->58336K(58752K) Class: 9926K(10240K)->9926K(10240K)
[24.871s][info ][gc             ] GC(60) Pause Young (Allocation Failure) 1928M->599M(2432M) 10.421ms
[24.871s][info ][gc,cpu         ] GC(60) User=0.02s Sys=0.01s Real=0.01s
[24.871s][info ][safepoint      ] Safepoint "ParallelGCFailedAllocation", Time since last: 35470047 ns, Reaching safepoint: 149109 ns, At safepoint: 10531307 ns, Total: 10680416 ns
[24.913s][info ][safepoint      ] Safepoint "ICBufferFull", Time since last: 41781012 ns, Reaching safepoint: 149508 ns, At safepoint: 28002 ns, Total: 177510 ns
[24.914s][info ][safepoint      ] Safepoint "ICBufferFull", Time since last: 1017859 ns, Reaching safepoint: 109306 ns, At safepoint: 31302 ns, Total: 140608 ns
[24.915s][info ][safepoint      ] Safepoint "ICBufferFull", Time since last: 989057 ns, Reaching safepoint: 110806 ns, At safepoint: 27802 ns, Total: 138608 ns
[24.951s][info ][safepoint      ] Safepoint "ICBufferFull", Time since last: 36226191 ns, Reaching safepoint: 133607 ns, At safepoint: 28402 ns, Total: 162009 ns
[24.952s][info ][safepoint      ] Safepoint "ICBufferFull", Time since last: 1018259 ns, Reaching safepoint: 113006 ns, At safepoint: 29702 ns, Total: 142708 ns
[24.954s][info ][safepoint      ] Safepoint "ICBufferFull", Time since last: 973556 ns, Reaching safepoint: 108406 ns, At safepoint: 26202 ns, Total: 134608 ns
[24.955s][info ][safepoint      ] Safepoint "ICBufferFull", Time since last: 981257 ns, Reaching safepoint: 112006 ns, At safepoint: 28802 ns, Total: 140808 ns
[24.956s][info ][safepoint      ] Safepoint "ICBufferFull", Time since last: 978156 ns, Reaching safepoint: 107206 ns, At safepoint: 27302 ns, Total: 134508 ns
[24.957s][info ][safepoint      ] Safepoint "ICBufferFull", Time since last: 964256 ns, Reaching safepoint: 109006 ns, At safepoint: 24701 ns, Total: 133707 ns
[25.090s][info ][safepoint      ] Safepoint "ICBufferFull", Time since last: 133340296 ns, Reaching safepoint: 153909 ns, At safepoint: 28201 ns, Total: 182110 ns
[25.092s][info ][safepoint      ] Safepoint "ICBufferFull", Time since last: 1170768 ns, Reaching safepoint: 114906 ns, At safepoint: 32702 ns, Total: 147608 ns
[25.093s][info ][safepoint      ] Safepoint "ICBufferFull", Time since last: 1190769 ns, Reaching safepoint: 112607 ns, At safepoint: 27601 ns, Total: 140208 ns
[25.095s][info ][safepoint      ] Safepoint "ICBufferFull", Time since last: 1442583 ns, Reaching safepoint: 110207 ns, At safepoint: 24401 ns, Total: 134608 ns
[25.097s][info ][safepoint      ] Safepoint "ICBufferFull", Time since last: 1861408 ns, Reaching safepoint: 109006 ns, At safepoint: 23901 ns, Total: 132907 ns
[25.119s][info ][gc,start       ] GC(61) Pause Young (Allocation Failure)
[25.178s][debug][gc,phases      ] GC(61) Scavenge 58.505ms
[25.178s][debug][gc,ref         ] GC(61) Skipped phase 1 of Reference Processing: no references
[25.178s][debug][gc,ref         ] GC(61) ReferenceProcessor::execute queues: 1, RefProcThreadModel::Single, marks_oops_alive: false
[25.178s][debug][gc,ref         ] GC(61) Skipped phase 3 of Reference Processing: no references
[25.178s][debug][gc,ref         ] GC(61) ReferenceProcessor::execute queues: 1, RefProcThreadModel::Single, marks_oops_alive: false
[25.178s][debug][gc,phases      ] GC(61) Reference Processing 0.138ms
[25.178s][debug][gc,phases      ] GC(61)   VM Weak                        Min:  0.0, Avg:  0.0, Max:  0.0, Diff:  0.0, Sum:  0.0, Workers: 4
[25.178s][debug][gc,phases      ] GC(61)     Dead                           Min: 0, Avg:  0.0, Max: 0, Diff: 0, Sum: 0, Workers: 4
[25.178s][debug][gc,phases      ] GC(61)     Total                          Min: 0, Avg: 131.5, Max: 462, Diff: 462, Sum: 526, Workers: 4
[25.178s][debug][gc,phases      ] GC(61)   ObjectSynchronizer Weak        Min:  0.0, Avg:  0.0, Max:  0.0, Diff:  0.0, Sum:  0.0, Workers: 4
[25.178s][debug][gc,phases      ] GC(61)     Dead                           Min: 0, Avg:  0.0, Max: 0, Diff: 0, Sum: 0, Workers: 4
[25.178s][debug][gc,phases      ] GC(61)     Total                          Min: 0, Avg: 131.8, Max: 320, Diff: 320, Sum: 527, Workers: 4
[25.178s][debug][gc,phases      ] GC(61)   JVMTI Tag Weak OopStorage      Min:  0.0, Avg:  0.0, Max:  0.0, Diff:  0.0, Sum:  0.0, Workers: 4
[25.178s][debug][gc,phases      ] GC(61)     Dead                           Min: 0, Avg:  0.0, Max: 0, Diff: 0, Sum: 0, Workers: 4
[25.178s][debug][gc,phases      ] GC(61)     Total                          Min: 0, Avg:  0.0, Max: 0, Diff: 0, Sum: 0, Workers: 4
[25.178s][debug][gc,phases      ] GC(61)   StringTable Weak               Min:  0.1, Avg:  0.1, Max:  0.1, Diff:  0.0, Sum:  0.4, Workers: 4
[25.178s][debug][gc,phases      ] GC(61)     Dead                           Min: 0, Avg:  3.2, Max: 12, Diff: 12, Sum: 13, Workers: 4
[25.178s][debug][gc,phases      ] GC(61)     Total                          Min: 8832, Avg: 10659.2, Max: 11853, Diff: 3021, Sum: 42637, Workers: 4
[25.178s][debug][gc,phases      ] GC(61)   ResolvedMethodTable Weak       Min:  0.0, Avg:  0.0, Max:  0.0, Diff:  0.0, Sum:  0.1, Workers: 4
[25.178s][debug][gc,phases      ] GC(61)     Dead                           Min: 0, Avg:  0.0, Max: 0, Diff: 0, Sum: 0, Workers: 4
[25.178s][debug][gc,phases      ] GC(61)     Total                          Min: 1600, Avg: 1800.8, Max: 2047, Diff: 447, Sum: 7203, Workers: 4
[25.178s][debug][gc,phases      ] GC(61)   JNI Weak                       Min:  0.0, Avg:  0.0, Max:  0.0, Diff:  0.0, Sum:  0.0, Workers: 4
[25.178s][debug][gc,phases      ] GC(61)     Dead                           Min: 0, Avg:  0.0, Max: 0, Diff: 0, Sum: 0, Workers: 4
[25.178s][debug][gc,phases      ] GC(61)     Total                          Min: 0, Avg:  5.8, Max: 23, Diff: 23, Sum: 23, Workers: 4
[25.178s][debug][gc,phases      ] GC(61)   StringDedup Table Weak         Min:  0.0, Avg:  0.0, Max:  0.0, Diff:  0.0, Sum:  0.0, Workers: 4
[25.178s][debug][gc,phases      ] GC(61)     Dead                           Min: 0, Avg:  0.0, Max: 0, Diff: 0, Sum: 0, Workers: 4
[25.178s][debug][gc,phases      ] GC(61)     Total                          Min: 0, Avg:  0.0, Max: 0, Diff: 0, Sum: 0, Workers: 4
[25.178s][debug][gc,phases      ] GC(61)   StringDedup Requests0 Weak     Min:  0.0, Avg:  0.0, Max:  0.0, Diff:  0.0, Sum:  0.0, Workers: 4
[25.178s][debug][gc,phases      ] GC(61)     Dead                           Min: 0, Avg:  0.0, Max: 0, Diff: 0, Sum: 0, Workers: 4
[25.178s][debug][gc,phases      ] GC(61)     Total                          Min: 0, Avg:  0.0, Max: 0, Diff: 0, Sum: 0, Workers: 4
[25.178s][debug][gc,phases      ] GC(61)   StringDedup Requests1 Weak     Min:  0.0, Avg:  0.0, Max:  0.0, Diff:  0.0, Sum:  0.0, Workers: 4
[25.178s][debug][gc,phases      ] GC(61)     Dead                           Min: 0, Avg:  0.0, Max: 0, Diff: 0, Sum: 0, Workers: 4
[25.178s][debug][gc,phases      ] GC(61)     Total                          Min: 0, Avg:  0.0, Max: 0, Diff: 0, Sum: 0, Workers: 4
[25.178s][debug][gc,phases      ] GC(61)   Weak JFR Old Object Samples    Min:  0.0, Avg:  0.0, Max:  0.0, Diff:  0.0, Sum:  0.0, Workers: 4
[25.178s][debug][gc,phases      ] GC(61)     Dead                           Min: 0, Avg:  0.0, Max: 0, Diff: 0, Sum: 0, Workers: 4
[25.178s][debug][gc,phases      ] GC(61)     Total                          Min: 0, Avg:  0.0, Max: 0, Diff: 0, Sum: 0, Workers: 4
[25.178s][debug][gc,phases      ] GC(61) Weak Processing 0.321ms
[25.178s][debug][gc,age         ] GC(61) Desired survivor size 323485696 bytes, new threshold 15 (max threshold 15)
[25.178s][info ][gc,heap        ] GC(61) PSYoungGen: 1478128K(1778176K)->131376K(1759232K) Eden: 1440256K(1440256K)->0K(1440256K) From: 37872K(337920K)->131376K(318976K)
[25.178s][info ][gc,heap        ] GC(61) ParOldGen: 576028K(712192K)->576036K(712192K)
[25.178s][info ][gc,metaspace   ] GC(61) Metaspace: 68404K(69120K)->68404K(69120K) NonClass: 58458K(58880K)->58458K(58880K) Class: 9945K(10240K)->9945K(10240K)
[25.178s][info ][gc             ] GC(61) Pause Young (Allocation Failure) 2006M->690M(2413M) 59.111ms
[25.178s][info ][gc,cpu         ] GC(61) User=0.29s Sys=0.00s Real=0.06s
[25.178s][info ][safepoint      ] Safepoint "ParallelGCFailedAllocation", Time since last: 22282586 ns, Reaching safepoint: 128008 ns, At safepoint: 59236918 ns, Total: 59364926 ns
[25.301s][info ][safepoint      ] Safepoint "ICBufferFull", Time since last: 122912394 ns, Reaching safepoint: 156209 ns, At safepoint: 33502 ns, Total: 189711 ns
[25.304s][info ][safepoint      ] Safepoint "ICBufferFull", Time since last: 2115722 ns, Reaching safepoint: 112907 ns, At safepoint: 27401 ns, Total: 140308 ns
[25.306s][info ][safepoint      ] Safepoint "ICBufferFull", Time since last: 1923311 ns, Reaching safepoint: 106306 ns, At safepoint: 25102 ns, Total: 131408 ns
[25.314s][info ][safepoint      ] Safepoint "ICBufferFull", Time since last: 8046364 ns, Reaching safepoint: 109407 ns, At safepoint: 28001 ns, Total: 137408 ns
[25.328s][info ][safepoint      ] Safepoint "ICBufferFull", Time since last: 13836199 ns, Reaching safepoint: 119407 ns, At safepoint: 24801 ns, Total: 144208 ns
[25.329s][info ][safepoint      ] Safepoint "ICBufferFull", Time since last: 1494086 ns, Reaching safepoint: 104806 ns, At safepoint: 22402 ns, Total: 127208 ns
[25.387s][info ][safepoint      ] Safepoint "ICBufferFull", Time since last: 55250588 ns, Reaching safepoint: 2134623 ns, At safepoint: 35803 ns, Total: 2170426 ns
[25.426s][info ][safepoint      ] Safepoint "ICBufferFull", Time since last: 38795939 ns, Reaching safepoint: 135207 ns, At safepoint: 30102 ns, Total: 165309 ns
[25.427s][info ][safepoint      ] Safepoint "ICBufferFull", Time since last: 987857 ns, Reaching safepoint: 114807 ns, At safepoint: 26801 ns, Total: 141608 ns
[25.428s][info ][safepoint      ] Safepoint "ICBufferFull", Time since last: 940555 ns, Reaching safepoint: 108506 ns, At safepoint: 29202 ns, Total: 137708 ns
[25.429s][info ][safepoint      ] Safepoint "ICBufferFull", Time since last: 949554 ns, Reaching safepoint: 110807 ns, At safepoint: 27101 ns, Total: 137908 ns
[25.445s][info ][gc,start       ] GC(62) Pause Young (Allocation Failure)
[25.529s][debug][gc,phases      ] GC(62) Scavenge 84.086ms
[25.529s][debug][gc,ref         ] GC(62) Skipped phase 1 of Reference Processing: no references
[25.529s][debug][gc,ref         ] GC(62) ReferenceProcessor::execute queues: 1, RefProcThreadModel::Single, marks_oops_alive: false
[25.529s][debug][gc,ref         ] GC(62) Skipped phase 3 of Reference Processing: no references
[25.529s][debug][gc,ref         ] GC(62) ReferenceProcessor::execute queues: 1, RefProcThreadModel::Single, marks_oops_alive: false
[25.529s][debug][gc,phases      ] GC(62) Reference Processing 0.133ms
[25.529s][debug][gc,phases      ] GC(62)   VM Weak                        Min:  0.0, Avg:  0.0, Max:  0.0, Diff:  0.0, Sum:  0.0, Workers: 4
[25.529s][debug][gc,phases      ] GC(62)     Dead                           Min: 0, Avg:  0.0, Max: 0, Diff: 0, Sum: 0, Workers: 4
[25.529s][debug][gc,phases      ] GC(62)     Total                          Min: 0, Avg: 131.5, Max: 320, Diff: 320, Sum: 526, Workers: 4
[25.529s][debug][gc,phases      ] GC(62)   ObjectSynchronizer Weak        Min:  0.0, Avg:  0.0, Max:  0.0, Diff:  0.0, Sum:  0.0, Workers: 4
[25.529s][debug][gc,phases      ] GC(62)     Dead                           Min: 0, Avg:  0.0, Max: 0, Diff: 0, Sum: 0, Workers: 4
[25.529s][debug][gc,phases      ] GC(62)     Total                          Min: 0, Avg: 131.8, Max: 192, Diff: 192, Sum: 527, Workers: 4
[25.529s][debug][gc,phases      ] GC(62)   JVMTI Tag Weak OopStorage      Min:  0.0, Avg:  0.0, Max:  0.0, Diff:  0.0, Sum:  0.0, Workers: 4
[25.529s][debug][gc,phases      ] GC(62)     Dead                           Min: 0, Avg:  0.0, Max: 0, Diff: 0, Sum: 0, Workers: 4
[25.529s][debug][gc,phases      ] GC(62)     Total                          Min: 0, Avg:  0.0, Max: 0, Diff: 0, Sum: 0, Workers: 4
[25.529s][debug][gc,phases      ] GC(62)   StringTable Weak               Min:  0.1, Avg:  0.1, Max:  0.1, Diff:  0.0, Sum:  0.4, Workers: 4
[25.529s][debug][gc,phases      ] GC(62)     Dead                           Min: 0, Avg:  0.0, Max: 0, Diff: 0, Sum: 0, Workers: 4
[25.529s][debug][gc,phases      ] GC(62)     Total                          Min: 9664, Avg: 10659.8, Max: 12096, Diff: 2432, Sum: 42639, Workers: 4
[25.529s][debug][gc,phases      ] GC(62)   ResolvedMethodTable Weak       Min:  0.0, Avg:  0.0, Max:  0.0, Diff:  0.0, Sum:  0.1, Workers: 4
[25.529s][debug][gc,phases      ] GC(62)     Dead                           Min: 0, Avg:  0.0, Max: 0, Diff: 0, Sum: 0, Workers: 4
[25.529s][debug][gc,phases      ] GC(62)     Total                          Min: 1600, Avg: 1801.2, Max: 2151, Diff: 551, Sum: 7205, Workers: 4
[25.529s][debug][gc,phases      ] GC(62)   JNI Weak                       Min:  0.0, Avg:  0.0, Max:  0.0, Diff:  0.0, Sum:  0.0, Workers: 4
[25.529s][debug][gc,phases      ] GC(62)     Dead                           Min: 0, Avg:  0.0, Max: 0, Diff: 0, Sum: 0, Workers: 4
[25.529s][debug][gc,phases      ] GC(62)     Total                          Min: 0, Avg:  2.8, Max: 11, Diff: 11, Sum: 11, Workers: 4
[25.529s][debug][gc,phases      ] GC(62)   StringDedup Table Weak         Min:  0.0, Avg:  0.0, Max:  0.0, Diff:  0.0, Sum:  0.0, Workers: 4
[25.529s][debug][gc,phases      ] GC(62)     Dead                           Min: 0, Avg:  0.0, Max: 0, Diff: 0, Sum: 0, Workers: 4
[25.529s][debug][gc,phases      ] GC(62)     Total                          Min: 0, Avg:  0.0, Max: 0, Diff: 0, Sum: 0, Workers: 4
[25.529s][debug][gc,phases      ] GC(62)   StringDedup Requests0 Weak     Min:  0.0, Avg:  0.0, Max:  0.0, Diff:  0.0, Sum:  0.0, Workers: 4
[25.529s][debug][gc,phases      ] GC(62)     Dead                           Min: 0, Avg:  0.0, Max: 0, Diff: 0, Sum: 0, Workers: 4
[25.529s][debug][gc,phases      ] GC(62)     Total                          Min: 0, Avg:  0.0, Max: 0, Diff: 0, Sum: 0, Workers: 4
[25.529s][debug][gc,phases      ] GC(62)   StringDedup Requests1 Weak     Min:  0.0, Avg:  0.0, Max:  0.0, Diff:  0.0, Sum:  0.0, Workers: 4
[25.529s][debug][gc,phases      ] GC(62)     Dead                           Min: 0, Avg:  0.0, Max: 0, Diff: 0, Sum: 0, Workers: 4
[25.529s][debug][gc,phases      ] GC(62)     Total                          Min: 0, Avg:  0.0, Max: 0, Diff: 0, Sum: 0, Workers: 4
[25.529s][debug][gc,phases      ] GC(62)   Weak JFR Old Object Samples    Min:  0.0, Avg:  0.0, Max:  0.0, Diff:  0.0, Sum:  0.0, Workers: 4
[25.529s][debug][gc,phases      ] GC(62)     Dead                           Min: 0, Avg:  0.0, Max: 0, Diff: 0, Sum: 0, Workers: 4
[25.529s][debug][gc,phases      ] GC(62)     Total                          Min: 0, Avg:  0.0, Max: 0, Diff: 0, Sum: 0, Workers: 4
[25.529s][debug][gc,phases      ] GC(62) Weak Processing 0.306ms
[25.529s][debug][gc,age         ] GC(62) Desired survivor size 349175808 bytes, new threshold 15 (max threshold 15)
[25.529s][info ][gc,heap        ] GC(62) PSYoungGen: 1571632K(1759232K)->212320K(1731072K) Eden: 1440256K(1440256K)->0K(1415168K) From: 131376K(318976K)->212320K(315904K)
[25.529s][info ][gc,heap        ] GC(62) ParOldGen: 576036K(712192K)->576044K(712192K)
[25.529s][info ][gc,metaspace   ] GC(62) Metaspace: 68455K(69120K)->68455K(69120K) NonClass: 58508K(58880K)->58508K(58880K) Class: 9946K(10240K)->9946K(10240K)
[25.529s][info ][gc             ] GC(62) Pause Young (Allocation Failure) 2097M->769M(2386M) 84.651ms
[25.529s][info ][gc,cpu         ] GC(62) User=0.33s Sys=0.00s Real=0.08s
[25.529s][info ][safepoint      ] Safepoint "ParallelGCFailedAllocation", Time since last: 15143974 ns, Reaching safepoint: 176210 ns, At safepoint: 84763592 ns, Total: 84939802 ns
[25.614s][info ][safepoint      ] Safepoint "ICBufferFull", Time since last: 85089511 ns, Reaching safepoint: 134108 ns, At safepoint: 32002 ns, Total: 166110 ns
[25.619s][info ][safepoint      ] Safepoint "ICBufferFull", Time since last: 3939127 ns, Reaching safepoint: 111407 ns, At safepoint: 30901 ns, Total: 142308 ns
[25.620s][info ][safepoint      ] Safepoint "ICBufferFull", Time since last: 1125865 ns, Reaching safepoint: 108907 ns, At safepoint: 24401 ns, Total: 133308 ns
[25.621s][info ][safepoint      ] Safepoint "ICBufferFull", Time since last: 1351178 ns, Reaching safepoint: 109906 ns, At safepoint: 24602 ns, Total: 134508 ns
[25.642s][info ][safepoint      ] Safepoint "ICBufferFull", Time since last: 20966510 ns, Reaching safepoint: 167309 ns, At safepoint: 31102 ns, Total: 198411 ns
[25.668s][info ][safepoint      ] Safepoint "ICBufferFull", Time since last: 25035745 ns, Reaching safepoint: 147009 ns, At safepoint: 26801 ns, Total: 173810 ns
[25.709s][info ][safepoint      ] Safepoint "ICBufferFull", Time since last: 41347186 ns, Reaching safepoint: 133808 ns, At safepoint: 26202 ns, Total: 160010 ns
[25.713s][info ][safepoint      ] Safepoint "ICBufferFull", Time since last: 3206085 ns, Reaching safepoint: 94505 ns, At safepoint: 27302 ns, Total: 121807 ns
[25.746s][info ][safepoint      ] Safepoint "ICBufferFull", Time since last: 33184215 ns, Reaching safepoint: 128807 ns, At safepoint: 30602 ns, Total: 159409 ns
[25.793s][info ][safepoint      ] Safepoint "ICBufferFull", Time since last: 46501984 ns, Reaching safepoint: 134508 ns, At safepoint: 27301 ns, Total: 161809 ns
[25.828s][info ][safepoint      ] Safepoint "ICBufferFull", Time since last: 35340140 ns, Reaching safepoint: 124707 ns, At safepoint: 24101 ns, Total: 148808 ns
[25.835s][info ][safepoint      ] Safepoint "ICBufferFull", Time since last: 6993104 ns, Reaching safepoint: 114707 ns, At safepoint: 29201 ns, Total: 143908 ns
[25.846s][info ][gc,start       ] GC(63) Pause Young (Allocation Failure)
[25.912s][debug][gc,phases      ] GC(63) Scavenge 65.909ms
[25.912s][debug][gc,ref         ] GC(63) Skipped phase 1 of Reference Processing: no references
[25.912s][debug][gc,ref         ] GC(63) ReferenceProcessor::execute queues: 1, RefProcThreadModel::Single, marks_oops_alive: false
[25.912s][debug][gc,ref         ] GC(63) Skipped phase 3 of Reference Processing: no references
[25.912s][debug][gc,ref         ] GC(63) ReferenceProcessor::execute queues: 1, RefProcThreadModel::Single, marks_oops_alive: false
[25.912s][debug][gc,phases      ] GC(63) Reference Processing 0.130ms
[25.912s][debug][gc,phases      ] GC(63)   VM Weak                        Min:  0.0, Avg:  0.0, Max:  0.0, Diff:  0.0, Sum:  0.0, Workers: 4
[25.912s][debug][gc,phases      ] GC(63)     Dead                           Min: 0, Avg:  0.0, Max: 0, Diff: 0, Sum: 0, Workers: 4
[25.912s][debug][gc,phases      ] GC(63)     Total                          Min: 0, Avg: 131.8, Max: 527, Diff: 527, Sum: 527, Workers: 4
[25.912s][debug][gc,phases      ] GC(63)   ObjectSynchronizer Weak        Min:  0.0, Avg:  0.0, Max:  0.0, Diff:  0.0, Sum:  0.0, Workers: 4
[25.912s][debug][gc,phases      ] GC(63)     Dead                           Min: 0, Avg:  0.0, Max: 0, Diff: 0, Sum: 0, Workers: 4
[25.912s][debug][gc,phases      ] GC(63)     Total                          Min: 0, Avg: 131.8, Max: 399, Diff: 399, Sum: 527, Workers: 4
[25.912s][debug][gc,phases      ] GC(63)   JVMTI Tag Weak OopStorage      Min:  0.0, Avg:  0.0, Max:  0.0, Diff:  0.0, Sum:  0.0, Workers: 4
[25.912s][debug][gc,phases      ] GC(63)     Dead                           Min: 0, Avg:  0.0, Max: 0, Diff: 0, Sum: 0, Workers: 4
[25.912s][debug][gc,phases      ] GC(63)     Total                          Min: 0, Avg:  0.0, Max: 0, Diff: 0, Sum: 0, Workers: 4
[25.912s][debug][gc,phases      ] GC(63)   StringTable Weak               Min:  0.1, Avg:  0.1, Max:  0.1, Diff:  0.0, Sum:  0.4, Workers: 4
[25.912s][debug][gc,phases      ] GC(63)     Dead                           Min: 0, Avg:  2.8, Max: 11, Diff: 11, Sum: 11, Workers: 4
[25.912s][debug][gc,phases      ] GC(63)     Total                          Min: 8704, Avg: 10662.5, Max: 12251, Diff: 3547, Sum: 42650, Workers: 4
[25.912s][debug][gc,phases      ] GC(63)   ResolvedMethodTable Weak       Min:  0.0, Avg:  0.0, Max:  0.0, Diff:  0.0, Sum:  0.1, Workers: 4
[25.912s][debug][gc,phases      ] GC(63)     Dead                           Min: 0, Avg:  0.0, Max: 0, Diff: 0, Sum: 0, Workers: 4
[25.912s][debug][gc,phases      ] GC(63)     Total                          Min: 1600, Avg: 1807.0, Max: 2112, Diff: 512, Sum: 7228, Workers: 4
[25.912s][debug][gc,phases      ] GC(63)   JNI Weak                       Min:  0.0, Avg:  0.0, Max:  0.0, Diff:  0.0, Sum:  0.0, Workers: 4
[25.912s][debug][gc,phases      ] GC(63)     Dead                           Min: 0, Avg:  0.0, Max: 0, Diff: 0, Sum: 0, Workers: 4
[25.912s][debug][gc,phases      ] GC(63)     Total                          Min: 0, Avg:  2.5, Max: 10, Diff: 10, Sum: 10, Workers: 4
[25.912s][debug][gc,phases      ] GC(63)   StringDedup Table Weak         Min:  0.0, Avg:  0.0, Max:  0.0, Diff:  0.0, Sum:  0.0, Workers: 4
[25.912s][debug][gc,phases      ] GC(63)     Dead                           Min: 0, Avg:  0.0, Max: 0, Diff: 0, Sum: 0, Workers: 4
[25.912s][debug][gc,phases      ] GC(63)     Total                          Min: 0, Avg:  0.0, Max: 0, Diff: 0, Sum: 0, Workers: 4
[25.912s][debug][gc,phases      ] GC(63)   StringDedup Requests0 Weak     Min:  0.0, Avg:  0.0, Max:  0.0, Diff:  0.0, Sum:  0.0, Workers: 4
[25.912s][debug][gc,phases      ] GC(63)     Dead                           Min: 0, Avg:  0.0, Max: 0, Diff: 0, Sum: 0, Workers: 4
[25.912s][debug][gc,phases      ] GC(63)     Total                          Min: 0, Avg:  0.0, Max: 0, Diff: 0, Sum: 0, Workers: 4
[25.912s][debug][gc,phases      ] GC(63)   StringDedup Requests1 Weak     Min:  0.0, Avg:  0.0, Max:  0.0, Diff:  0.0, Sum:  0.0, Workers: 4
[25.912s][debug][gc,phases      ] GC(63)     Dead                           Min: 0, Avg:  0.0, Max: 0, Diff: 0, Sum: 0, Workers: 4
[25.912s][debug][gc,phases      ] GC(63)     Total                          Min: 0, Avg:  0.0, Max: 0, Diff: 0, Sum: 0, Workers: 4
[25.912s][debug][gc,phases      ] GC(63)   Weak JFR Old Object Samples    Min:  0.0, Avg:  0.0, Max:  0.0, Diff:  0.0, Sum:  0.0, Workers: 4
[25.912s][debug][gc,phases      ] GC(63)     Dead                           Min: 0, Avg:  0.0, Max: 0, Diff: 0, Sum: 0, Workers: 4
[25.912s][debug][gc,phases      ] GC(63)     Total                          Min: 0, Avg:  0.0, Max: 0, Diff: 0, Sum: 0, Workers: 4
[25.912s][debug][gc,phases      ] GC(63) Weak Processing 0.315ms
[25.912s][debug][gc,age         ] GC(63) Desired survivor size 369098752 bytes, new threshold 15 (max threshold 15)
[25.912s][info ][gc,heap        ] GC(63) PSYoungGen: 1627488K(1731072K)->213424K(1628672K) Eden: 1415168K(1415168K)->0K(1415168K) From: 212320K(315904K)->213424K(213504K)
[25.912s][info ][gc,heap        ] GC(63) ParOldGen: 576044K(712192K)->576052K(712192K)
[25.912s][info ][gc,metaspace   ] GC(63) Metaspace: 68503K(69184K)->68503K(69184K) NonClass: 58549K(58944K)->58549K(58944K) Class: 9954K(10240K)->9954K(10240K)
[25.912s][info ][gc             ] GC(63) Pause Young (Allocation Failure) 2151M->770M(2286M) 66.475ms
[25.912s][info ][gc,cpu         ] GC(63) User=0.27s Sys=0.00s Real=0.06s
[25.912s][info ][safepoint      ] Safepoint "ParallelGCFailedAllocation", Time since last: 10527208 ns, Reaching safepoint: 106406 ns, At safepoint: 66588343 ns, Total: 66694749 ns
[25.943s][info ][safepoint      ] Safepoint "ICBufferFull", Time since last: 30608267 ns, Reaching safepoint: 130407 ns, At safepoint: 27602 ns, Total: 158009 ns
[25.985s][info ][safepoint      ] Safepoint "ICBufferFull", Time since last: 41988123 ns, Reaching safepoint: 205212 ns, At safepoint: 28001 ns, Total: 233213 ns
[26.012s][info ][safepoint      ] Safepoint "ICBufferFull", Time since last: 26798447 ns, Reaching safepoint: 132408 ns, At safepoint: 26001 ns, Total: 158409 ns
[26.020s][info ][safepoint      ] Safepoint "ICBufferFull", Time since last: 7799550 ns, Reaching safepoint: 137108 ns, At safepoint: 27002 ns, Total: 164110 ns
[26.120s][info ][safepoint      ] Safepoint "ICBufferFull", Time since last: 99735256 ns, Reaching safepoint: 145108 ns, At safepoint: 36602 ns, Total: 181710 ns
[26.135s][info ][gc,start       ] GC(64) Pause Young (Allocation Failure)
[26.206s][debug][gc,phases      ] GC(64) Scavenge 71.553ms
[26.206s][debug][gc,ref         ] GC(64) Skipped phase 1 of Reference Processing: no references
[26.206s][debug][gc,ref         ] GC(64) ReferenceProcessor::execute queues: 1, RefProcThreadModel::Single, marks_oops_alive: false
[26.207s][debug][gc,ref         ] GC(64) Skipped phase 3 of Reference Processing: no references
[26.207s][debug][gc,ref         ] GC(64) ReferenceProcessor::execute queues: 1, RefProcThreadModel::Single, marks_oops_alive: false
[26.207s][debug][gc,phases      ] GC(64) Reference Processing 0.145ms
[26.207s][debug][gc,phases      ] GC(64)   VM Weak                        Min:  0.0, Avg:  0.0, Max:  0.0, Diff:  0.0, Sum:  0.0, Workers: 4
[26.207s][debug][gc,phases      ] GC(64)     Dead                           Min: 0, Avg:  0.0, Max: 0, Diff: 0, Sum: 0, Workers: 4
[26.207s][debug][gc,phases      ] GC(64)     Total                          Min: 0, Avg: 131.8, Max: 335, Diff: 335, Sum: 527, Workers: 4
[26.207s][debug][gc,phases      ] GC(64)   ObjectSynchronizer Weak        Min:  0.0, Avg:  0.0, Max:  0.0, Diff:  0.0, Sum:  0.0, Workers: 4
[26.207s][debug][gc,phases      ] GC(64)     Dead                           Min: 0, Avg:  0.0, Max: 0, Diff: 0, Sum: 0, Workers: 4
[26.207s][debug][gc,phases      ] GC(64)     Total                          Min: 0, Avg: 131.8, Max: 271, Diff: 271, Sum: 527, Workers: 4
[26.207s][debug][gc,phases      ] GC(64)   JVMTI Tag Weak OopStorage      Min:  0.0, Avg:  0.0, Max:  0.0, Diff:  0.0, Sum:  0.0, Workers: 4
[26.207s][debug][gc,phases      ] GC(64)     Dead                           Min: 0, Avg:  0.0, Max: 0, Diff: 0, Sum: 0, Workers: 4
[26.207s][debug][gc,phases      ] GC(64)     Total                          Min: 0, Avg:  0.0, Max: 0, Diff: 0, Sum: 0, Workers: 4
[26.207s][debug][gc,phases      ] GC(64)   StringTable Weak               Min:  0.1, Avg:  0.1, Max:  0.1, Diff:  0.0, Sum:  0.4, Workers: 4
[26.207s][debug][gc,phases      ] GC(64)     Dead                           Min: 0, Avg:  2.8, Max: 10, Diff: 10, Sum: 11, Workers: 4
[26.207s][debug][gc,phases      ] GC(64)     Total                          Min: 9472, Avg: 10667.5, Max: 12352, Diff: 2880, Sum: 42670, Workers: 4
[26.207s][debug][gc,phases      ] GC(64)   ResolvedMethodTable Weak       Min:  0.0, Avg:  0.0, Max:  0.0, Diff:  0.0, Sum:  0.1, Workers: 4
[26.207s][debug][gc,phases      ] GC(64)     Dead                           Min: 0, Avg:  0.0, Max: 0, Diff: 0, Sum: 0, Workers: 4
[26.207s][debug][gc,phases      ] GC(64)     Total                          Min: 1468, Avg: 1807.0, Max: 1984, Diff: 516, Sum: 7228, Workers: 4
[26.207s][debug][gc,phases      ] GC(64)   JNI Weak                       Min:  0.0, Avg:  0.0, Max:  0.0, Diff:  0.0, Sum:  0.0, Workers: 4
[26.207s][debug][gc,phases      ] GC(64)     Dead                           Min: 0, Avg:  0.0, Max: 0, Diff: 0, Sum: 0, Workers: 4
[26.207s][debug][gc,phases      ] GC(64)     Total                          Min: 0, Avg:  1.2, Max: 5, Diff: 5, Sum: 5, Workers: 4
[26.207s][debug][gc,phases      ] GC(64)   StringDedup Table Weak         Min:  0.0, Avg:  0.0, Max:  0.0, Diff:  0.0, Sum:  0.0, Workers: 4
[26.207s][debug][gc,phases      ] GC(64)     Dead                           Min: 0, Avg:  0.0, Max: 0, Diff: 0, Sum: 0, Workers: 4
[26.207s][debug][gc,phases      ] GC(64)     Total                          Min: 0, Avg:  0.0, Max: 0, Diff: 0, Sum: 0, Workers: 4
[26.207s][debug][gc,phases      ] GC(64)   StringDedup Requests0 Weak     Min:  0.0, Avg:  0.0, Max:  0.0, Diff:  0.0, Sum:  0.0, Workers: 4
[26.207s][debug][gc,phases      ] GC(64)     Dead                           Min: 0, Avg:  0.0, Max: 0, Diff: 0, Sum: 0, Workers: 4
[26.207s][debug][gc,phases      ] GC(64)     Total                          Min: 0, Avg:  0.0, Max: 0, Diff: 0, Sum: 0, Workers: 4
[26.207s][debug][gc,phases      ] GC(64)   StringDedup Requests1 Weak     Min:  0.0, Avg:  0.0, Max:  0.0, Diff:  0.0, Sum:  0.0, Workers: 4
[26.207s][debug][gc,phases      ] GC(64)     Dead                           Min: 0, Avg:  0.0, Max: 0, Diff: 0, Sum: 0, Workers: 4
[26.207s][debug][gc,phases      ] GC(64)     Total                          Min: 0, Avg:  0.0, Max: 0, Diff: 0, Sum: 0, Workers: 4
[26.207s][debug][gc,phases      ] GC(64)   Weak JFR Old Object Samples    Min:  0.0, Avg:  0.0, Max:  0.0, Diff:  0.0, Sum:  0.0, Workers: 4
[26.207s][debug][gc,phases      ] GC(64)     Dead                           Min: 0, Avg:  0.0, Max: 0, Diff: 0, Sum: 0, Workers: 4
[26.207s][debug][gc,phases      ] GC(64)     Total                          Min: 0, Avg:  0.0, Max: 0, Diff: 0, Sum: 0, Workers: 4
[26.207s][debug][gc,phases      ] GC(64) Weak Processing 0.308ms
[26.207s][debug][gc,age         ] GC(64) Desired survivor size 384303104 bytes, new threshold 15 (max threshold 15)
[26.207s][info ][gc,heap        ] GC(64) PSYoungGen: 1628592K(1628672K)->213840K(1707008K) Eden: 1415168K(1415168K)->0K(1346560K) From: 213424K(213504K)->213840K(360448K)
[26.207s][info ][gc,heap        ] GC(64) ParOldGen: 576052K(712192K)->576052K(712192K)
[26.207s][info ][gc,metaspace   ] GC(64) Metaspace: 68503K(69184K)->68503K(69184K) NonClass: 58549K(58944K)->58549K(58944K) Class: 9954K(10240K)->9954K(10240K)
[26.207s][info ][gc             ] GC(64) Pause Young (Allocation Failure) 2152M->771M(2362M) 72.135ms
[26.207s][info ][gc,cpu         ] GC(64) User=0.27s Sys=0.01s Real=0.07s
[26.207s][info ][safepoint      ] Safepoint "ParallelGCFailedAllocation", Time since last: 14394631 ns, Reaching safepoint: 109106 ns, At safepoint: 72249770 ns, Total: 72358876 ns
[26.250s][info ][safepoint      ] Safepoint "ICBufferFull", Time since last: 42754867 ns, Reaching safepoint: 158310 ns, At safepoint: 30501 ns, Total: 188811 ns
[26.251s][info ][safepoint      ] Safepoint "ICBufferFull", Time since last: 1139866 ns, Reaching safepoint: 103906 ns, At safepoint: 28502 ns, Total: 132408 ns
[26.252s][info ][safepoint      ] Safepoint "ICBufferFull", Time since last: 646837 ns, Reaching safepoint: 102406 ns, At safepoint: 22401 ns, Total: 124807 ns
[26.253s][info ][safepoint      ] Safepoint "ICBufferFull", Time since last: 632137 ns, Reaching safepoint: 101506 ns, At safepoint: 20901 ns, Total: 122407 ns
[26.253s][info ][safepoint      ] Safepoint "ICBufferFull", Time since last: 645937 ns, Reaching safepoint: 98506 ns, At safepoint: 20301 ns, Total: 118807 ns
[26.256s][info ][safepoint      ] Safepoint "ICBufferFull", Time since last: 2091521 ns, Reaching safepoint: 110706 ns, At safepoint: 29702 ns, Total: 140408 ns
[26.256s][info ][safepoint      ] Safepoint "ICBufferFull", Time since last: 630236 ns, Reaching safepoint: 100506 ns, At safepoint: 23601 ns, Total: 124107 ns
[26.259s][info ][safepoint      ] Safepoint "ICBufferFull", Time since last: 2235629 ns, Reaching safepoint: 110307 ns, At safepoint: 24001 ns, Total: 134308 ns
[26.260s][info ][safepoint      ] Safepoint "ICBufferFull", Time since last: 623236 ns, Reaching safepoint: 98106 ns, At safepoint: 22401 ns, Total: 120507 ns
[26.260s][info ][safepoint      ] Safepoint "ICBufferFull", Time since last: 785845 ns, Reaching safepoint: 97506 ns, At safepoint: 21201 ns, Total: 118707 ns
[26.261s][info ][safepoint      ] Safepoint "ICBufferFull", Time since last: 497929 ns, Reaching safepoint: 87505 ns, At safepoint: 32602 ns, Total: 120107 ns
[26.314s][info ][safepoint      ] Safepoint "ICBufferFull", Time since last: 53120066 ns, Reaching safepoint: 246014 ns, At safepoint: 26701 ns, Total: 272715 ns
[26.350s][info ][safepoint      ] Safepoint "ICBufferFull", Time since last: 34884114 ns, Reaching safepoint: 147208 ns, At safepoint: 30102 ns, Total: 177310 ns
[26.387s][info ][safepoint      ] Safepoint "ICBufferFull", Time since last: 34159171 ns, Reaching safepoint: 3216486 ns, At safepoint: 25901 ns, Total: 3242387 ns
[26.423s][info ][safepoint      ] Safepoint "ICBufferFull", Time since last: 35710661 ns, Reaching safepoint: 210712 ns, At safepoint: 24602 ns, Total: 235314 ns
[26.453s][info ][gc,start       ] GC(65) Pause Young (Allocation Failure)
[26.544s][debug][gc,phases      ] GC(65) Scavenge 90.436ms
[26.544s][debug][gc,ref         ] GC(65) Skipped phase 1 of Reference Processing: no references
[26.544s][debug][gc,ref         ] GC(65) ReferenceProcessor::execute queues: 1, RefProcThreadModel::Single, marks_oops_alive: false
[26.544s][debug][gc,ref         ] GC(65) Skipped phase 3 of Reference Processing: no references
[26.544s][debug][gc,ref         ] GC(65) ReferenceProcessor::execute queues: 1, RefProcThreadModel::Single, marks_oops_alive: false
[26.544s][debug][gc,phases      ] GC(65) Reference Processing 0.156ms
[26.544s][debug][gc,phases      ] GC(65)   VM Weak                        Min:  0.0, Avg:  0.0, Max:  0.0, Diff:  0.0, Sum:  0.0, Workers: 4
[26.544s][debug][gc,phases      ] GC(65)     Dead                           Min: 0, Avg:  0.0, Max: 0, Diff: 0, Sum: 0, Workers: 4
[26.544s][debug][gc,phases      ] GC(65)     Total                          Min: 0, Avg: 131.8, Max: 335, Diff: 335, Sum: 527, Workers: 4
[26.544s][debug][gc,phases      ] GC(65)   ObjectSynchronizer Weak        Min:  0.0, Avg:  0.0, Max:  0.0, Diff:  0.0, Sum:  0.0, Workers: 4
[26.544s][debug][gc,phases      ] GC(65)     Dead                           Min: 0, Avg:  0.0, Max: 0, Diff: 0, Sum: 0, Workers: 4
[26.544s][debug][gc,phases      ] GC(65)     Total                          Min: 64, Avg: 131.8, Max: 192, Diff: 128, Sum: 527, Workers: 4
[26.544s][debug][gc,phases      ] GC(65)   JVMTI Tag Weak OopStorage      Min:  0.0, Avg:  0.0, Max:  0.0, Diff:  0.0, Sum:  0.0, Workers: 4
[26.544s][debug][gc,phases      ] GC(65)     Dead                           Min: 0, Avg:  0.0, Max: 0, Diff: 0, Sum: 0, Workers: 4
[26.544s][debug][gc,phases      ] GC(65)     Total                          Min: 0, Avg:  0.0, Max: 0, Diff: 0, Sum: 0, Workers: 4
[26.544s][debug][gc,phases      ] GC(65)   StringTable Weak               Min:  0.1, Avg:  0.1, Max:  0.1, Diff:  0.0, Sum:  0.4, Workers: 4
[26.544s][debug][gc,phases      ] GC(65)     Dead                           Min: 0, Avg:  0.0, Max: 0, Diff: 0, Sum: 0, Workers: 4
[26.544s][debug][gc,phases      ] GC(65)     Total                          Min: 9728, Avg: 10674.5, Max: 11531, Diff: 1803, Sum: 42698, Workers: 4
[26.544s][debug][gc,phases      ] GC(65)   ResolvedMethodTable Weak       Min:  0.0, Avg:  0.0, Max:  0.0, Diff:  0.0, Sum:  0.1, Workers: 4
[26.544s][debug][gc,phases      ] GC(65)     Dead                           Min: 0, Avg:  0.0, Max: 0, Diff: 0, Sum: 0, Workers: 4
[26.544s][debug][gc,phases      ] GC(65)     Total                          Min: 1538, Avg: 1808.5, Max: 2048, Diff: 510, Sum: 7234, Workers: 4
[26.544s][debug][gc,phases      ] GC(65)   JNI Weak                       Min:  0.0, Avg:  0.0, Max:  0.0, Diff:  0.0, Sum:  0.0, Workers: 4
[26.544s][debug][gc,phases      ] GC(65)     Dead                           Min: 0, Avg:  0.0, Max: 0, Diff: 0, Sum: 0, Workers: 4
[26.544s][debug][gc,phases      ] GC(65)     Total                          Min: 0, Avg:  1.5, Max: 6, Diff: 6, Sum: 6, Workers: 4
[26.544s][debug][gc,phases      ] GC(65)   StringDedup Table Weak         Min:  0.0, Avg:  0.0, Max:  0.0, Diff:  0.0, Sum:  0.0, Workers: 4
[26.544s][debug][gc,phases      ] GC(65)     Dead                           Min: 0, Avg:  0.0, Max: 0, Diff: 0, Sum: 0, Workers: 4
[26.544s][debug][gc,phases      ] GC(65)     Total                          Min: 0, Avg:  0.0, Max: 0, Diff: 0, Sum: 0, Workers: 4
[26.544s][debug][gc,phases      ] GC(65)   StringDedup Requests0 Weak     Min:  0.0, Avg:  0.0, Max:  0.0, Diff:  0.0, Sum:  0.0, Workers: 4
[26.544s][debug][gc,phases      ] GC(65)     Dead                           Min: 0, Avg:  0.0, Max: 0, Diff: 0, Sum: 0, Workers: 4
[26.544s][debug][gc,phases      ] GC(65)     Total                          Min: 0, Avg:  0.0, Max: 0, Diff: 0, Sum: 0, Workers: 4
[26.544s][debug][gc,phases      ] GC(65)   StringDedup Requests1 Weak     Min:  0.0, Avg:  0.0, Max:  0.0, Diff:  0.0, Sum:  0.0, Workers: 4
[26.544s][debug][gc,phases      ] GC(65)     Dead                           Min: 0, Avg:  0.0, Max: 0, Diff: 0, Sum: 0, Workers: 4
[26.544s][debug][gc,phases      ] GC(65)     Total                          Min: 0, Avg:  0.0, Max: 0, Diff: 0, Sum: 0, Workers: 4
[26.544s][debug][gc,phases      ] GC(65)   Weak JFR Old Object Samples    Min:  0.0, Avg:  0.0, Max:  0.0, Diff:  0.0, Sum:  0.0, Workers: 4
[26.544s][debug][gc,phases      ] GC(65)     Dead                           Min: 0, Avg:  0.0, Max: 0, Diff: 0, Sum: 0, Workers: 4
[26.544s][debug][gc,phases      ] GC(65)     Total                          Min: 0, Avg:  0.0, Max: 0, Diff: 0, Sum: 0, Workers: 4
[26.544s][debug][gc,phases      ] GC(65) Weak Processing 0.316ms
[26.544s][debug][gc,age         ] GC(65) Desired survivor size 403177472 bytes, new threshold 15 (max threshold 15)
[26.544s][info ][gc,heap        ] GC(65) PSYoungGen: 1560400K(1707008K)->236352K(1583104K) Eden: 1346560K(1346560K)->0K(1346560K) From: 213840K(360448K)->236352K(236544K)
[26.544s][info ][gc,heap        ] GC(65) ParOldGen: 576052K(712192K)->579756K(712192K)
[26.544s][info ][gc,metaspace   ] GC(65) Metaspace: 68542K(69184K)->68542K(69184K) NonClass: 58585K(58944K)->58585K(58944K) Class: 9956K(10240K)->9956K(10240K)
[26.544s][info ][gc             ] GC(65) Pause Young (Allocation Failure) 2086M->796M(2241M) 91.047ms
[26.544s][info ][gc,cpu         ] GC(65) User=0.37s Sys=0.00s Real=0.10s
[26.545s][info ][safepoint      ] Safepoint "ParallelGCFailedAllocation", Time since last: 30356352 ns, Reaching safepoint: 131007 ns, At safepoint: 91172362 ns, Total: 91303369 ns
[26.790s][info ][gc,start       ] GC(66) Pause Young (Allocation Failure)
[26.910s][debug][gc,phases      ] GC(66) Scavenge 120.348ms
[26.910s][debug][gc,ref         ] GC(66) Skipped phase 1 of Reference Processing: no references
[26.910s][debug][gc,ref         ] GC(66) ReferenceProcessor::execute queues: 1, RefProcThreadModel::Single, marks_oops_alive: false
[26.910s][debug][gc,ref         ] GC(66) Skipped phase 3 of Reference Processing: no references
[26.910s][debug][gc,ref         ] GC(66) ReferenceProcessor::execute queues: 1, RefProcThreadModel::Single, marks_oops_alive: false
[26.910s][debug][gc,phases      ] GC(66) Reference Processing 0.152ms
[26.910s][debug][gc,phases      ] GC(66)   VM Weak                        Min:  0.0, Avg:  0.0, Max:  0.0, Diff:  0.0, Sum:  0.0, Workers: 4
[26.910s][debug][gc,phases      ] GC(66)     Dead                           Min: 0, Avg:  0.0, Max: 0, Diff: 0, Sum: 0, Workers: 4
[26.910s][debug][gc,phases      ] GC(66)     Total                          Min: 0, Avg: 131.8, Max: 384, Diff: 384, Sum: 527, Workers: 4
[26.910s][debug][gc,phases      ] GC(66)   ObjectSynchronizer Weak        Min:  0.0, Avg:  0.0, Max:  0.0, Diff:  0.0, Sum:  0.0, Workers: 4
[26.910s][debug][gc,phases      ] GC(66)     Dead                           Min: 0, Avg:  0.0, Max: 0, Diff: 0, Sum: 0, Workers: 4
[26.910s][debug][gc,phases      ] GC(66)     Total                          Min: 0, Avg: 131.8, Max: 271, Diff: 271, Sum: 527, Workers: 4
[26.910s][debug][gc,phases      ] GC(66)   JVMTI Tag Weak OopStorage      Min:  0.0, Avg:  0.0, Max:  0.0, Diff:  0.0, Sum:  0.0, Workers: 4
[26.910s][debug][gc,phases      ] GC(66)     Dead                           Min: 0, Avg:  0.0, Max: 0, Diff: 0, Sum: 0, Workers: 4
[26.910s][debug][gc,phases      ] GC(66)     Total                          Min: 0, Avg:  0.0, Max: 0, Diff: 0, Sum: 0, Workers: 4
[26.910s][debug][gc,phases      ] GC(66)   StringTable Weak               Min:  0.1, Avg:  0.1, Max:  0.1, Diff:  0.0, Sum:  0.4, Workers: 4
[26.910s][debug][gc,phases      ] GC(66)     Dead                           Min: 0, Avg:  2.8, Max: 11, Diff: 11, Sum: 11, Workers: 4
[26.910s][debug][gc,phases      ] GC(66)     Total                          Min: 9445, Avg: 10678.2, Max: 12095, Diff: 2650, Sum: 42713, Workers: 4
[26.910s][debug][gc,phases      ] GC(66)   ResolvedMethodTable Weak       Min:  0.0, Avg:  0.0, Max:  0.0, Diff:  0.0, Sum:  0.1, Workers: 4
[26.910s][debug][gc,phases      ] GC(66)     Dead                           Min: 0, Avg:  0.0, Max: 0, Diff: 0, Sum: 0, Workers: 4
[26.910s][debug][gc,phases      ] GC(66)     Total                          Min: 1666, Avg: 1808.5, Max: 2048, Diff: 382, Sum: 7234, Workers: 4
[26.910s][debug][gc,phases      ] GC(66)   JNI Weak                       Min:  0.0, Avg:  0.0, Max:  0.0, Diff:  0.0, Sum:  0.0, Workers: 4
[26.910s][debug][gc,phases      ] GC(66)     Dead                           Min: 0, Avg:  0.0, Max: 0, Diff: 0, Sum: 0, Workers: 4
[26.910s][debug][gc,phases      ] GC(66)     Total                          Min: 0, Avg:  1.5, Max: 6, Diff: 6, Sum: 6, Workers: 4
[26.910s][debug][gc,phases      ] GC(66)   StringDedup Table Weak         Min:  0.0, Avg:  0.0, Max:  0.0, Diff:  0.0, Sum:  0.0, Workers: 4
[26.910s][debug][gc,phases      ] GC(66)     Dead                           Min: 0, Avg:  0.0, Max: 0, Diff: 0, Sum: 0, Workers: 4
[26.910s][debug][gc,phases      ] GC(66)     Total                          Min: 0, Avg:  0.0, Max: 0, Diff: 0, Sum: 0, Workers: 4
[26.910s][debug][gc,phases      ] GC(66)   StringDedup Requests0 Weak     Min:  0.0, Avg:  0.0, Max:  0.0, Diff:  0.0, Sum:  0.0, Workers: 4
[26.910s][debug][gc,phases      ] GC(66)     Dead                           Min: 0, Avg:  0.0, Max: 0, Diff: 0, Sum: 0, Workers: 4
[26.910s][debug][gc,phases      ] GC(66)     Total                          Min: 0, Avg:  0.0, Max: 0, Diff: 0, Sum: 0, Workers: 4
[26.910s][debug][gc,phases      ] GC(66)   StringDedup Requests1 Weak     Min:  0.0, Avg:  0.0, Max:  0.0, Diff:  0.0, Sum:  0.0, Workers: 4
[26.910s][debug][gc,phases      ] GC(66)     Dead                           Min: 0, Avg:  0.0, Max: 0, Diff: 0, Sum: 0, Workers: 4
[26.910s][debug][gc,phases      ] GC(66)     Total                          Min: 0, Avg:  0.0, Max: 0, Diff: 0, Sum: 0, Workers: 4
[26.910s][debug][gc,phases      ] GC(66)   Weak JFR Old Object Samples    Min:  0.0, Avg:  0.0, Max:  0.0, Diff:  0.0, Sum:  0.0, Workers: 4
[26.910s][debug][gc,phases      ] GC(66)     Dead                           Min: 0, Avg:  0.0, Max: 0, Diff: 0, Sum: 0, Workers: 4
[26.910s][debug][gc,phases      ] GC(66)     Total                          Min: 0, Avg:  0.0, Max: 0, Diff: 0, Sum: 0, Workers: 4
[26.910s][debug][gc,phases      ] GC(66) Weak Processing 0.340ms
[26.910s][debug][gc,age         ] GC(66) Desired survivor size 447217664 bytes, new threshold 15 (max threshold 15)
[26.910s][info ][gc,heap        ] GC(66) PSYoungGen: 1582912K(1583104K)->316560K(1617408K) Eden: 1346560K(1346560K)->0K(1223680K) From: 236352K(236544K)->316560K(393728K)
[26.910s][info ][gc,heap        ] GC(66) ParOldGen: 579756K(712192K)->583612K(712192K)
[26.911s][info ][gc,metaspace   ] GC(66) Metaspace: 68550K(69184K)->68550K(69184K) NonClass: 58593K(58944K)->58593K(58944K) Class: 9956K(10240K)->9956K(10240K)
[26.911s][info ][gc             ] GC(66) Pause Young (Allocation Failure) 2111M->879M(2275M) 120.984ms
[26.911s][info ][gc,cpu         ] GC(66) User=0.47s Sys=0.01s Real=0.12s
[26.911s][info ][safepoint      ] Safepoint "ParallelGCFailedAllocation", Time since last: 244791628 ns, Reaching safepoint: 150108 ns, At safepoint: 121103690 ns, Total: 121253798 ns
[27.158s][info ][gc,start       ] GC(67) Pause Young (Allocation Failure)
[27.306s][debug][gc,phases      ] GC(67) Scavenge 147.955ms
[27.306s][debug][gc,ref         ] GC(67) Skipped phase 1 of Reference Processing: no references
[27.306s][debug][gc,ref         ] GC(67) ReferenceProcessor::execute queues: 1, RefProcThreadModel::Single, marks_oops_alive: false
[27.306s][debug][gc,ref         ] GC(67) Skipped phase 3 of Reference Processing: no references
[27.306s][debug][gc,ref         ] GC(67) ReferenceProcessor::execute queues: 1, RefProcThreadModel::Single, marks_oops_alive: false
[27.306s][debug][gc,phases      ] GC(67) Reference Processing 0.132ms
[27.306s][debug][gc,phases      ] GC(67)   VM Weak                        Min:  0.0, Avg:  0.0, Max:  0.0, Diff:  0.0, Sum:  0.0, Workers: 4
[27.306s][debug][gc,phases      ] GC(67)     Dead                           Min: 0, Avg:  0.0, Max: 0, Diff: 0, Sum: 0, Workers: 4
[27.306s][debug][gc,phases      ] GC(67)     Total                          Min: 0, Avg: 131.8, Max: 463, Diff: 463, Sum: 527, Workers: 4
[27.306s][debug][gc,phases      ] GC(67)   ObjectSynchronizer Weak        Min:  0.0, Avg:  0.0, Max:  0.0, Diff:  0.0, Sum:  0.0, Workers: 4
[27.306s][debug][gc,phases      ] GC(67)     Dead                           Min: 0, Avg:  0.0, Max: 0, Diff: 0, Sum: 0, Workers: 4
[27.306s][debug][gc,phases      ] GC(67)     Total                          Min: 0, Avg: 131.8, Max: 320, Diff: 320, Sum: 527, Workers: 4
[27.306s][debug][gc,phases      ] GC(67)   JVMTI Tag Weak OopStorage      Min:  0.0, Avg:  0.0, Max:  0.0, Diff:  0.0, Sum:  0.0, Workers: 4
[27.306s][debug][gc,phases      ] GC(67)     Dead                           Min: 0, Avg:  0.0, Max: 0, Diff: 0, Sum: 0, Workers: 4
[27.306s][debug][gc,phases      ] GC(67)     Total                          Min: 0, Avg:  0.0, Max: 0, Diff: 0, Sum: 0, Workers: 4
[27.306s][debug][gc,phases      ] GC(67)   StringTable Weak               Min:  0.1, Avg:  0.1, Max:  0.1, Diff:  0.0, Sum:  0.4, Workers: 4
[27.306s][debug][gc,phases      ] GC(67)     Dead                           Min: 0, Avg:  2.8, Max: 11, Diff: 11, Sum: 11, Workers: 4
[27.306s][debug][gc,phases      ] GC(67)     Total                          Min: 10165, Avg: 10680.0, Max: 11264, Diff: 1099, Sum: 42720, Workers: 4
[27.306s][debug][gc,phases      ] GC(67)   ResolvedMethodTable Weak       Min:  0.0, Avg:  0.0, Max:  0.0, Diff:  0.0, Sum:  0.1, Workers: 4
[27.306s][debug][gc,phases      ] GC(67)     Dead                           Min: 0, Avg:  0.0, Max: 0, Diff: 0, Sum: 0, Workers: 4
[27.306s][debug][gc,phases      ] GC(67)     Total                          Min: 1538, Avg: 1808.5, Max: 2048, Diff: 510, Sum: 7234, Workers: 4
[27.306s][debug][gc,phases      ] GC(67)   JNI Weak                       Min:  0.0, Avg:  0.0, Max:  0.0, Diff:  0.0, Sum:  0.0, Workers: 4
[27.306s][debug][gc,phases      ] GC(67)     Dead                           Min: 0, Avg:  0.0, Max: 0, Diff: 0, Sum: 0, Workers: 4
[27.306s][debug][gc,phases      ] GC(67)     Total                          Min: 0, Avg:  2.8, Max: 11, Diff: 11, Sum: 11, Workers: 4
[27.306s][debug][gc,phases      ] GC(67)   StringDedup Table Weak         Min:  0.0, Avg:  0.0, Max:  0.0, Diff:  0.0, Sum:  0.0, Workers: 4
[27.306s][debug][gc,phases      ] GC(67)     Dead                           Min: 0, Avg:  0.0, Max: 0, Diff: 0, Sum: 0, Workers: 4
[27.306s][debug][gc,phases      ] GC(67)     Total                          Min: 0, Avg:  0.0, Max: 0, Diff: 0, Sum: 0, Workers: 4
[27.306s][debug][gc,phases      ] GC(67)   StringDedup Requests0 Weak     Min:  0.0, Avg:  0.0, Max:  0.0, Diff:  0.0, Sum:  0.0, Workers: 4
[27.306s][debug][gc,phases      ] GC(67)     Dead                           Min: 0, Avg:  0.0, Max: 0, Diff: 0, Sum: 0, Workers: 4
[27.306s][debug][gc,phases      ] GC(67)     Total                          Min: 0, Avg:  0.0, Max: 0, Diff: 0, Sum: 0, Workers: 4
[27.306s][debug][gc,phases      ] GC(67)   StringDedup Requests1 Weak     Min:  0.0, Avg:  0.0, Max:  0.0, Diff:  0.0, Sum:  0.0, Workers: 4
[27.306s][debug][gc,phases      ] GC(67)     Dead                           Min: 0, Avg:  0.0, Max: 0, Diff: 0, Sum: 0, Workers: 4
[27.306s][debug][gc,phases      ] GC(67)     Total                          Min: 0, Avg:  0.0, Max: 0, Diff: 0, Sum: 0, Workers: 4
[27.306s][debug][gc,phases      ] GC(67)   Weak JFR Old Object Samples    Min:  0.0, Avg:  0.0, Max:  0.0, Diff:  0.0, Sum:  0.0, Workers: 4
[27.306s][debug][gc,phases      ] GC(67)     Dead                           Min: 0, Avg:  0.0, Max: 0, Diff: 0, Sum: 0, Workers: 4
[27.306s][debug][gc,phases      ] GC(67)     Total                          Min: 0, Avg:  0.0, Max: 0, Diff: 0, Sum: 0, Workers: 4
[27.306s][debug][gc,phases      ] GC(67) Weak Processing 0.302ms
[27.306s][debug][gc,age         ] GC(67) Desired survivor size 511705088 bytes, new threshold 15 (max threshold 15)
[27.306s][info ][gc,heap        ] GC(67) PSYoungGen: 1540240K(1617408K)->395600K(1619456K) Eden: 1223680K(1223680K)->0K(1223680K) From: 316560K(393728K)->395600K(395776K)
[27.306s][info ][gc,heap        ] GC(67) ParOldGen: 583612K(712192K)->590613K(712192K)
[27.306s][info ][gc,metaspace   ] GC(67) Metaspace: 68572K(69248K)->68572K(69248K) NonClass: 58613K(59008K)->58613K(59008K) Class: 9958K(10240K)->9958K(10240K)
[27.306s][info ][gc             ] GC(67) Pause Young (Allocation Failure) 2074M->963M(2277M) 148.592ms
[27.306s][info ][gc,cpu         ] GC(67) User=0.65s Sys=0.00s Real=0.15s
[27.306s][info ][safepoint      ] Safepoint "ParallelGCFailedAllocation", Time since last: 246938151 ns, Reaching safepoint: 167309 ns, At safepoint: 148710783 ns, Total: 148878092 ns
[27.553s][info ][gc,start       ] GC(68) Pause Young (Allocation Failure)
[27.735s][debug][gc,phases      ] GC(68) Scavenge 182.118ms
[27.735s][debug][gc,ref         ] GC(68) Skipped phase 1 of Reference Processing: no references
[27.735s][debug][gc,ref         ] GC(68) ReferenceProcessor::execute queues: 1, RefProcThreadModel::Single, marks_oops_alive: false
[27.735s][debug][gc,ref         ] GC(68) Skipped phase 3 of Reference Processing: no references
[27.735s][debug][gc,ref         ] GC(68) ReferenceProcessor::execute queues: 1, RefProcThreadModel::Single, marks_oops_alive: false
[27.735s][debug][gc,phases      ] GC(68) Reference Processing 0.135ms
[27.735s][debug][gc,phases      ] GC(68)   VM Weak                        Min:  0.0, Avg:  0.0, Max:  0.0, Diff:  0.0, Sum:  0.0, Workers: 4
[27.735s][debug][gc,phases      ] GC(68)     Dead                           Min: 0, Avg:  0.0, Max: 0, Diff: 0, Sum: 0, Workers: 4
[27.735s][debug][gc,phases      ] GC(68)     Total                          Min: 0, Avg: 131.8, Max: 335, Diff: 335, Sum: 527, Workers: 4
[27.735s][debug][gc,phases      ] GC(68)   ObjectSynchronizer Weak        Min:  0.0, Avg:  0.0, Max:  0.0, Diff:  0.0, Sum:  0.0, Workers: 4
[27.735s][debug][gc,phases      ] GC(68)     Dead                           Min: 0, Avg:  0.0, Max: 0, Diff: 0, Sum: 0, Workers: 4
[27.735s][debug][gc,phases      ] GC(68)     Total                          Min: 0, Avg: 131.8, Max: 256, Diff: 256, Sum: 527, Workers: 4
[27.735s][debug][gc,phases      ] GC(68)   JVMTI Tag Weak OopStorage      Min:  0.0, Avg:  0.0, Max:  0.0, Diff:  0.0, Sum:  0.0, Workers: 4
[27.735s][debug][gc,phases      ] GC(68)     Dead                           Min: 0, Avg:  0.0, Max: 0, Diff: 0, Sum: 0, Workers: 4
[27.735s][debug][gc,phases      ] GC(68)     Total                          Min: 0, Avg:  0.0, Max: 0, Diff: 0, Sum: 0, Workers: 4
[27.735s][debug][gc,phases      ] GC(68)   StringTable Weak               Min:  0.1, Avg:  0.1, Max:  0.1, Diff:  0.0, Sum:  0.4, Workers: 4
[27.735s][debug][gc,phases      ] GC(68)     Dead                           Min: 0, Avg:  0.0, Max: 0, Diff: 0, Sum: 0, Workers: 4
[27.735s][debug][gc,phases      ] GC(68)     Total                          Min: 10047, Avg: 10680.2, Max: 11264, Diff: 1217, Sum: 42721, Workers: 4
[27.735s][debug][gc,phases      ] GC(68)   ResolvedMethodTable Weak       Min:  0.0, Avg:  0.0, Max:  0.0, Diff:  0.0, Sum:  0.1, Workers: 4
[27.735s][debug][gc,phases      ] GC(68)     Dead                           Min: 0, Avg:  0.0, Max: 0, Diff: 0, Sum: 0, Workers: 4
[27.735s][debug][gc,phases      ] GC(68)     Total                          Min: 1664, Avg: 1808.5, Max: 1986, Diff: 322, Sum: 7234, Workers: 4
[27.735s][debug][gc,phases      ] GC(68)   JNI Weak                       Min:  0.0, Avg:  0.0, Max:  0.0, Diff:  0.0, Sum:  0.0, Workers: 4
[27.735s][debug][gc,phases      ] GC(68)     Dead                           Min: 0, Avg:  0.0, Max: 0, Diff: 0, Sum: 0, Workers: 4
[27.735s][debug][gc,phases      ] GC(68)     Total                          Min: 0, Avg:  1.2, Max: 5, Diff: 5, Sum: 5, Workers: 4
[27.735s][debug][gc,phases      ] GC(68)   StringDedup Table Weak         Min:  0.0, Avg:  0.0, Max:  0.0, Diff:  0.0, Sum:  0.0, Workers: 4
[27.735s][debug][gc,phases      ] GC(68)     Dead                           Min: 0, Avg:  0.0, Max: 0, Diff: 0, Sum: 0, Workers: 4
[27.735s][debug][gc,phases      ] GC(68)     Total                          Min: 0, Avg:  0.0, Max: 0, Diff: 0, Sum: 0, Workers: 4
[27.735s][debug][gc,phases      ] GC(68)   StringDedup Requests0 Weak     Min:  0.0, Avg:  0.0, Max:  0.0, Diff:  0.0, Sum:  0.0, Workers: 4
[27.735s][debug][gc,phases      ] GC(68)     Dead                           Min: 0, Avg:  0.0, Max: 0, Diff: 0, Sum: 0, Workers: 4
[27.735s][debug][gc,phases      ] GC(68)     Total                          Min: 0, Avg:  0.0, Max: 0, Diff: 0, Sum: 0, Workers: 4
[27.735s][debug][gc,phases      ] GC(68)   StringDedup Requests1 Weak     Min:  0.0, Avg:  0.0, Max:  0.0, Diff:  0.0, Sum:  0.0, Workers: 4
[27.735s][debug][gc,phases      ] GC(68)     Dead                           Min: 0, Avg:  0.0, Max: 0, Diff: 0, Sum: 0, Workers: 4
[27.735s][debug][gc,phases      ] GC(68)     Total                          Min: 0, Avg:  0.0, Max: 0, Diff: 0, Sum: 0, Workers: 4
[27.735s][debug][gc,phases      ] GC(68)   Weak JFR Old Object Samples    Min:  0.0, Avg:  0.0, Max:  0.0, Diff:  0.0, Sum:  0.0, Workers: 4
[27.735s][debug][gc,phases      ] GC(68)     Dead                           Min: 0, Avg:  0.0, Max: 0, Diff: 0, Sum: 0, Workers: 4
[27.735s][debug][gc,phases      ] GC(68)     Total                          Min: 0, Avg:  0.0, Max: 0, Diff: 0, Sum: 0, Workers: 4
[27.735s][debug][gc,phases      ] GC(68) Weak Processing 0.312ms
[27.735s][debug][gc,age         ] GC(68) Desired survivor size 536870912 bytes, new threshold 14 (max threshold 15)
[27.735s][info ][gc,heap        ] GC(68) PSYoungGen: 1619280K(1619456K)->455824K(1526272K) Eden: 1223680K(1223680K)->0K(1048576K) From: 395600K(395776K)->455824K(477696K)
[27.735s][info ][gc,heap        ] GC(68) ParOldGen: 590613K(712192K)->599013K(712192K)
[27.735s][info ][gc,metaspace   ] GC(68) Metaspace: 68575K(69248K)->68575K(69248K) NonClass: 58617K(59008K)->58617K(59008K) Class: 9958K(10240K)->9958K(10240K)
[27.735s][info ][gc             ] GC(68) Pause Young (Allocation Failure) 2158M->1030M(2186M) 182.706ms
[27.735s][info ][gc,cpu         ] GC(68) User=0.72s Sys=0.01s Real=0.19s
[27.735s][info ][safepoint      ] Safepoint "ParallelGCFailedAllocation", Time since last: 245979396 ns, Reaching safepoint: 127407 ns, At safepoint: 182826151 ns, Total: 182953558 ns
[27.820s][info ][safepoint      ] Safepoint "ICBufferFull", Time since last: 84089453 ns, Reaching safepoint: 158909 ns, At safepoint: 21302 ns, Total: 180211 ns
[27.852s][info ][safepoint      ] Safepoint "ICBufferFull", Time since last: 32548678 ns, Reaching safepoint: 144809 ns, At safepoint: 31301 ns, Total: 176110 ns
[27.899s][info ][safepoint      ] Safepoint "ICBufferFull", Time since last: 46981712 ns, Reaching safepoint: 145608 ns, At safepoint: 28402 ns, Total: 174010 ns
[27.911s][info ][gc,start       ] GC(69) Pause Young (Allocation Failure)
[28.078s][debug][gc,phases      ] GC(69) Scavenge 167.079ms
[28.078s][debug][gc,ref         ] GC(69) Skipped phase 1 of Reference Processing: no references
[28.078s][debug][gc,ref         ] GC(69) ReferenceProcessor::execute queues: 1, RefProcThreadModel::Single, marks_oops_alive: false
[28.079s][debug][gc,ref         ] GC(69) Skipped phase 3 of Reference Processing: no references
[28.079s][debug][gc,ref         ] GC(69) ReferenceProcessor::execute queues: 1, RefProcThreadModel::Single, marks_oops_alive: false
[28.079s][debug][gc,phases      ] GC(69) Reference Processing 0.144ms
[28.079s][debug][gc,phases      ] GC(69)   VM Weak                        Min:  0.0, Avg:  0.0, Max:  0.0, Diff:  0.0, Sum:  0.0, Workers: 4
[28.079s][debug][gc,phases      ] GC(69)     Dead                           Min: 0, Avg:  0.0, Max: 0, Diff: 0, Sum: 0, Workers: 4
[28.079s][debug][gc,phases      ] GC(69)     Total                          Min: 0, Avg: 131.8, Max: 320, Diff: 320, Sum: 527, Workers: 4
[28.079s][debug][gc,phases      ] GC(69)   ObjectSynchronizer Weak        Min:  0.0, Avg:  0.0, Max:  0.0, Diff:  0.0, Sum:  0.0, Workers: 4
[28.079s][debug][gc,phases      ] GC(69)     Dead                           Min: 0, Avg:  0.0, Max: 0, Diff: 0, Sum: 0, Workers: 4
[28.079s][debug][gc,phases      ] GC(69)     Total                          Min: 0, Avg: 131.8, Max: 271, Diff: 271, Sum: 527, Workers: 4
[28.079s][debug][gc,phases      ] GC(69)   JVMTI Tag Weak OopStorage      Min:  0.0, Avg:  0.0, Max:  0.0, Diff:  0.0, Sum:  0.0, Workers: 4
[28.079s][debug][gc,phases      ] GC(69)     Dead                           Min: 0, Avg:  0.0, Max: 0, Diff: 0, Sum: 0, Workers: 4
[28.079s][debug][gc,phases      ] GC(69)     Total                          Min: 0, Avg:  0.0, Max: 0, Diff: 0, Sum: 0, Workers: 4
[28.079s][debug][gc,phases      ] GC(69)   StringTable Weak               Min:  0.1, Avg:  0.1, Max:  0.1, Diff:  0.0, Sum:  0.4, Workers: 4
[28.079s][debug][gc,phases      ] GC(69)     Dead                           Min: 0, Avg:  2.8, Max: 11, Diff: 11, Sum: 11, Workers: 4
[28.079s][debug][gc,phases      ] GC(69)     Total                          Min: 10112, Avg: 10683.2, Max: 11126, Diff: 1014, Sum: 42733, Workers: 4
[28.079s][debug][gc,phases      ] GC(69)   ResolvedMethodTable Weak       Min:  0.0, Avg:  0.0, Max:  0.0, Diff:  0.0, Sum:  0.1, Workers: 4
[28.079s][debug][gc,phases      ] GC(69)     Dead                           Min: 0, Avg:  0.0, Max: 0, Diff: 0, Sum: 0, Workers: 4
[28.079s][debug][gc,phases      ] GC(69)     Total                          Min: 1538, Avg: 1808.5, Max: 1984, Diff: 446, Sum: 7234, Workers: 4
[28.079s][debug][gc,phases      ] GC(69)   JNI Weak                       Min:  0.0, Avg:  0.0, Max:  0.0, Diff:  0.0, Sum:  0.0, Workers: 4
[28.079s][debug][gc,phases      ] GC(69)     Dead                           Min: 0, Avg:  0.0, Max: 0, Diff: 0, Sum: 0, Workers: 4
[28.079s][debug][gc,phases      ] GC(69)     Total                          Min: 0, Avg:  2.0, Max: 8, Diff: 8, Sum: 8, Workers: 4
[28.079s][debug][gc,phases      ] GC(69)   StringDedup Table Weak         Min:  0.0, Avg:  0.0, Max:  0.0, Diff:  0.0, Sum:  0.0, Workers: 4
[28.079s][debug][gc,phases      ] GC(69)     Dead                           Min: 0, Avg:  0.0, Max: 0, Diff: 0, Sum: 0, Workers: 4
[28.079s][debug][gc,phases      ] GC(69)     Total                          Min: 0, Avg:  0.0, Max: 0, Diff: 0, Sum: 0, Workers: 4
[28.079s][debug][gc,phases      ] GC(69)   StringDedup Requests0 Weak     Min:  0.0, Avg:  0.0, Max:  0.0, Diff:  0.0, Sum:  0.0, Workers: 4
[28.079s][debug][gc,phases      ] GC(69)     Dead                           Min: 0, Avg:  0.0, Max: 0, Diff: 0, Sum: 0, Workers: 4
[28.079s][debug][gc,phases      ] GC(69)     Total                          Min: 0, Avg:  0.0, Max: 0, Diff: 0, Sum: 0, Workers: 4
[28.079s][debug][gc,phases      ] GC(69)   StringDedup Requests1 Weak     Min:  0.0, Avg:  0.0, Max:  0.0, Diff:  0.0, Sum:  0.0, Workers: 4
[28.079s][debug][gc,phases      ] GC(69)     Dead                           Min: 0, Avg:  0.0, Max: 0, Diff: 0, Sum: 0, Workers: 4
[28.079s][debug][gc,phases      ] GC(69)     Total                          Min: 0, Avg:  0.0, Max: 0, Diff: 0, Sum: 0, Workers: 4
[28.079s][debug][gc,phases      ] GC(69)   Weak JFR Old Object Samples    Min:  0.0, Avg:  0.0, Max:  0.0, Diff:  0.0, Sum:  0.0, Workers: 4
[28.079s][debug][gc,phases      ] GC(69)     Dead                           Min: 0, Avg:  0.0, Max: 0, Diff: 0, Sum: 0, Workers: 4
[28.079s][debug][gc,phases      ] GC(69)     Total                          Min: 0, Avg:  0.0, Max: 0, Diff: 0, Sum: 0, Workers: 4
[28.079s][debug][gc,phases      ] GC(69) Weak Processing 0.317ms
[28.079s][debug][gc,age         ] GC(69) Desired survivor size 536870912 bytes, new threshold 13 (max threshold 15)
[28.079s][info ][gc,heap        ] GC(69) PSYoungGen: 1504400K(1526272K)->463008K(1572864K) Eden: 1048576K(1048576K)->0K(1048576K) From: 455824K(477696K)->463008K(524288K)
[28.079s][info ][gc,heap        ] GC(69) ParOldGen: 599013K(712192K)->604205K(712192K)
[28.079s][info ][gc,metaspace   ] GC(69) Metaspace: 68588K(69248K)->68588K(69248K) NonClass: 58630K(59008K)->58630K(59008K) Class: 9958K(10240K)->9958K(10240K)
[28.079s][info ][gc             ] GC(69) Pause Young (Allocation Failure) 2054M->1042M(2231M) 167.690ms
[28.079s][info ][gc,cpu         ] GC(69) User=0.67s Sys=0.00s Real=0.17s
[28.079s][info ][safepoint      ] Safepoint "ParallelGCFailedAllocation", Time since last: 11538866 ns, Reaching safepoint: 127407 ns, At safepoint: 167818885 ns, Total: 167946292 ns
[28.114s][info ][safepoint      ] Safepoint "ICBufferFull", Time since last: 35147028 ns, Reaching safepoint: 148309 ns, At safepoint: 41902 ns, Total: 190211 ns
[28.177s][info ][safepoint      ] Safepoint "ICBufferFull", Time since last: 62433104 ns, Reaching safepoint: 162609 ns, At safepoint: 27702 ns, Total: 190311 ns
[28.223s][info ][safepoint      ] Safepoint "ICBufferFull", Time since last: 45398520 ns, Reaching safepoint: 135107 ns, At safepoint: 29302 ns, Total: 164409 ns
[28.229s][info ][gc,start       ] GC(70) Pause Young (Allocation Failure)
[28.439s][debug][gc,phases      ] GC(70) Scavenge 210.451ms
[28.439s][debug][gc,ref         ] GC(70) Skipped phase 1 of Reference Processing: no references
[28.439s][debug][gc,ref         ] GC(70) ReferenceProcessor::execute queues: 1, RefProcThreadModel::Single, marks_oops_alive: false
[28.439s][debug][gc,ref         ] GC(70) Skipped phase 3 of Reference Processing: no references
[28.439s][debug][gc,ref         ] GC(70) ReferenceProcessor::execute queues: 1, RefProcThreadModel::Single, marks_oops_alive: false
[28.439s][debug][gc,phases      ] GC(70) Reference Processing 0.135ms
[28.439s][debug][gc,phases      ] GC(70)   VM Weak                        Min:  0.0, Avg:  0.0, Max:  0.0, Diff:  0.0, Sum:  0.0, Workers: 4
[28.439s][debug][gc,phases      ] GC(70)     Dead                           Min: 0, Avg:  0.0, Max: 0, Diff: 0, Sum: 0, Workers: 4
[28.439s][debug][gc,phases      ] GC(70)     Total                          Min: 0, Avg: 131.8, Max: 527, Diff: 527, Sum: 527, Workers: 4
[28.439s][debug][gc,phases      ] GC(70)   ObjectSynchronizer Weak        Min:  0.0, Avg:  0.0, Max:  0.0, Diff:  0.0, Sum:  0.0, Workers: 4
[28.439s][debug][gc,phases      ] GC(70)     Dead                           Min: 0, Avg:  0.0, Max: 0, Diff: 0, Sum: 0, Workers: 4
[28.439s][debug][gc,phases      ] GC(70)     Total                          Min: 0, Avg: 131.8, Max: 527, Diff: 527, Sum: 527, Workers: 4
[28.439s][debug][gc,phases      ] GC(70)   JVMTI Tag Weak OopStorage      Min:  0.0, Avg:  0.0, Max:  0.0, Diff:  0.0, Sum:  0.0, Workers: 4
[28.439s][debug][gc,phases      ] GC(70)     Dead                           Min: 0, Avg:  0.0, Max: 0, Diff: 0, Sum: 0, Workers: 4
[28.439s][debug][gc,phases      ] GC(70)     Total                          Min: 0, Avg:  0.0, Max: 0, Diff: 0, Sum: 0, Workers: 4
[28.439s][debug][gc,phases      ] GC(70)   StringTable Weak               Min:  0.1, Avg:  0.1, Max:  0.1, Diff:  0.0, Sum:  0.4, Workers: 4
[28.439s][debug][gc,phases      ] GC(70)     Dead                           Min: 0, Avg:  0.0, Max: 0, Diff: 0, Sum: 0, Workers: 4
[28.439s][debug][gc,phases      ] GC(70)     Total                          Min: 9536, Avg: 10683.8, Max: 12544, Diff: 3008, Sum: 42735, Workers: 4
[28.439s][debug][gc,phases      ] GC(70)   ResolvedMethodTable Weak       Min:  0.0, Avg:  0.0, Max:  0.0, Diff:  0.0, Sum:  0.1, Workers: 4
[28.439s][debug][gc,phases      ] GC(70)     Dead                           Min: 0, Avg:  0.0, Max: 0, Diff: 0, Sum: 0, Workers: 4
[28.439s][debug][gc,phases      ] GC(70)     Total                          Min: 1600, Avg: 1808.5, Max: 2050, Diff: 450, Sum: 7234, Workers: 4
[28.439s][debug][gc,phases      ] GC(70)   JNI Weak                       Min:  0.0, Avg:  0.0, Max:  0.0, Diff:  0.0, Sum:  0.0, Workers: 4
[28.439s][debug][gc,phases      ] GC(70)     Dead                           Min: 0, Avg:  0.0, Max: 0, Diff: 0, Sum: 0, Workers: 4
[28.439s][debug][gc,phases      ] GC(70)     Total                          Min: 0, Avg:  1.5, Max: 6, Diff: 6, Sum: 6, Workers: 4
[28.439s][debug][gc,phases      ] GC(70)   StringDedup Table Weak         Min:  0.0, Avg:  0.0, Max:  0.0, Diff:  0.0, Sum:  0.0, Workers: 4
[28.439s][debug][gc,phases      ] GC(70)     Dead                           Min: 0, Avg:  0.0, Max: 0, Diff: 0, Sum: 0, Workers: 4
[28.439s][debug][gc,phases      ] GC(70)     Total                          Min: 0, Avg:  0.0, Max: 0, Diff: 0, Sum: 0, Workers: 4
[28.439s][debug][gc,phases      ] GC(70)   StringDedup Requests0 Weak     Min:  0.0, Avg:  0.0, Max:  0.0, Diff:  0.0, Sum:  0.0, Workers: 4
[28.440s][debug][gc,phases      ] GC(70)     Dead                           Min: 0, Avg:  0.0, Max: 0, Diff: 0, Sum: 0, Workers: 4
[28.440s][debug][gc,phases      ] GC(70)     Total                          Min: 0, Avg:  0.0, Max: 0, Diff: 0, Sum: 0, Workers: 4
[28.440s][debug][gc,phases      ] GC(70)   StringDedup Requests1 Weak     Min:  0.0, Avg:  0.0, Max:  0.0, Diff:  0.0, Sum:  0.0, Workers: 4
[28.440s][debug][gc,phases      ] GC(70)     Dead                           Min: 0, Avg:  0.0, Max: 0, Diff: 0, Sum: 0, Workers: 4
[28.440s][debug][gc,phases      ] GC(70)     Total                          Min: 0, Avg:  0.0, Max: 0, Diff: 0, Sum: 0, Workers: 4
[28.440s][debug][gc,phases      ] GC(70)   Weak JFR Old Object Samples    Min:  0.0, Avg:  0.0, Max:  0.0, Diff:  0.0, Sum:  0.0, Workers: 4
[28.440s][debug][gc,phases      ] GC(70)     Dead                           Min: 0, Avg:  0.0, Max: 0, Diff: 0, Sum: 0, Workers: 4
[28.440s][debug][gc,phases      ] GC(70)     Total                          Min: 0, Avg:  0.0, Max: 0, Diff: 0, Sum: 0, Workers: 4
[28.440s][debug][gc,phases      ] GC(70) Weak Processing 0.323ms
[28.440s][debug][gc,age         ] GC(70) Desired survivor size 536870912 bytes, new threshold 12 (max threshold 15)
[28.440s][info ][gc,heap        ] GC(70) PSYoungGen: 1511584K(1572864K)->456784K(1572864K) Eden: 1048576K(1048576K)->0K(1048576K) From: 463008K(524288K)->456784K(524288K)
[28.440s][info ][gc,heap        ] GC(70) ParOldGen: 604205K(712192K)->611158K(712192K)
[28.440s][info ][gc,metaspace   ] GC(70) Metaspace: 68603K(69248K)->68603K(69248K) NonClass: 58644K(59008K)->58644K(59008K) Class: 9958K(10240K)->9958K(10240K)
[28.440s][info ][gc             ] GC(70) Pause Young (Allocation Failure) 2066M->1042M(2231M) 211.035ms
[28.440s][info ][gc,cpu         ] GC(70) User=0.84s Sys=0.00s Real=0.21s
[28.440s][info ][safepoint      ] Safepoint "ParallelGCFailedAllocation", Time since last: 5916541 ns, Reaching safepoint: 93706 ns, At safepoint: 211149786 ns, Total: 211243492 ns
[28.533s][info ][safepoint      ] Safepoint "ICBufferFull", Time since last: 92676248 ns, Reaching safepoint: 142708 ns, At safepoint: 26902 ns, Total: 169610 ns
[28.602s][info ][safepoint      ] Safepoint "ICBufferFull", Time since last: 69023283 ns, Reaching safepoint: 152409 ns, At safepoint: 28202 ns, Total: 180611 ns
[28.635s][info ][gc,start       ] GC(71) Pause Young (Allocation Failure)
[28.830s][debug][gc,phases      ] GC(71) Scavenge 195.574ms
[28.830s][debug][gc,ref         ] GC(71) Skipped phase 1 of Reference Processing: no references
[28.830s][debug][gc,ref         ] GC(71) ReferenceProcessor::execute queues: 1, RefProcThreadModel::Single, marks_oops_alive: false
[28.831s][debug][gc,ref         ] GC(71) Skipped phase 3 of Reference Processing: no references
[28.831s][debug][gc,ref         ] GC(71) ReferenceProcessor::execute queues: 1, RefProcThreadModel::Single, marks_oops_alive: false
[28.831s][debug][gc,phases      ] GC(71) Reference Processing 0.136ms
[28.831s][debug][gc,phases      ] GC(71)   VM Weak                        Min:  0.0, Avg:  0.0, Max:  0.0, Diff:  0.0, Sum:  0.0, Workers: 4
[28.831s][debug][gc,phases      ] GC(71)     Dead                           Min: 0, Avg:  0.0, Max: 0, Diff: 0, Sum: 0, Workers: 4
[28.831s][debug][gc,phases      ] GC(71)     Total                          Min: 0, Avg: 131.8, Max: 527, Diff: 527, Sum: 527, Workers: 4
[28.831s][debug][gc,phases      ] GC(71)   ObjectSynchronizer Weak        Min:  0.0, Avg:  0.0, Max:  0.0, Diff:  0.0, Sum:  0.0, Workers: 4
[28.831s][debug][gc,phases      ] GC(71)     Dead                           Min: 0, Avg:  0.0, Max: 0, Diff: 0, Sum: 0, Workers: 4
[28.831s][debug][gc,phases      ] GC(71)     Total                          Min: 0, Avg: 131.8, Max: 463, Diff: 463, Sum: 527, Workers: 4
[28.831s][debug][gc,phases      ] GC(71)   JVMTI Tag Weak OopStorage      Min:  0.0, Avg:  0.0, Max:  0.0, Diff:  0.0, Sum:  0.0, Workers: 4
[28.831s][debug][gc,phases      ] GC(71)     Dead                           Min: 0, Avg:  0.0, Max: 0, Diff: 0, Sum: 0, Workers: 4
[28.831s][debug][gc,phases      ] GC(71)     Total                          Min: 0, Avg:  0.0, Max: 0, Diff: 0, Sum: 0, Workers: 4
[28.831s][debug][gc,phases      ] GC(71)   StringTable Weak               Min:  0.1, Avg:  0.1, Max:  0.1, Diff:  0.0, Sum:  0.4, Workers: 4
[28.831s][debug][gc,phases      ] GC(71)     Dead                           Min: 0, Avg:  2.8, Max: 10, Diff: 10, Sum: 11, Workers: 4
[28.831s][debug][gc,phases      ] GC(71)     Total                          Min: 10176, Avg: 10684.0, Max: 11056, Diff: 880, Sum: 42736, Workers: 4
[28.831s][debug][gc,phases      ] GC(71)   ResolvedMethodTable Weak       Min:  0.0, Avg:  0.0, Max:  0.0, Diff:  0.0, Sum:  0.1, Workers: 4
[28.831s][debug][gc,phases      ] GC(71)     Dead                           Min: 0, Avg:  0.0, Max: 0, Diff: 0, Sum: 0, Workers: 4
[28.831s][debug][gc,phases      ] GC(71)     Total                          Min: 1728, Avg: 1808.5, Max: 1984, Diff: 256, Sum: 7234, Workers: 4
[28.831s][debug][gc,phases      ] GC(71)   JNI Weak                       Min:  0.0, Avg:  0.0, Max:  0.0, Diff:  0.0, Sum:  0.0, Workers: 4
[28.831s][debug][gc,phases      ] GC(71)     Dead                           Min: 0, Avg:  0.0, Max: 0, Diff: 0, Sum: 0, Workers: 4
[28.831s][debug][gc,phases      ] GC(71)     Total                          Min: 0, Avg:  1.8, Max: 7, Diff: 7, Sum: 7, Workers: 4
[28.831s][debug][gc,phases      ] GC(71)   StringDedup Table Weak         Min:  0.0, Avg:  0.0, Max:  0.0, Diff:  0.0, Sum:  0.0, Workers: 4
[28.831s][debug][gc,phases      ] GC(71)     Dead                           Min: 0, Avg:  0.0, Max: 0, Diff: 0, Sum: 0, Workers: 4
[28.831s][debug][gc,phases      ] GC(71)     Total                          Min: 0, Avg:  0.0, Max: 0, Diff: 0, Sum: 0, Workers: 4
[28.831s][debug][gc,phases      ] GC(71)   StringDedup Requests0 Weak     Min:  0.0, Avg:  0.0, Max:  0.0, Diff:  0.0, Sum:  0.0, Workers: 4
[28.831s][debug][gc,phases      ] GC(71)     Dead                           Min: 0, Avg:  0.0, Max: 0, Diff: 0, Sum: 0, Workers: 4
[28.831s][debug][gc,phases      ] GC(71)     Total                          Min: 0, Avg:  0.0, Max: 0, Diff: 0, Sum: 0, Workers: 4
[28.831s][debug][gc,phases      ] GC(71)   StringDedup Requests1 Weak     Min:  0.0, Avg:  0.0, Max:  0.0, Diff:  0.0, Sum:  0.0, Workers: 4
[28.831s][debug][gc,phases      ] GC(71)     Dead                           Min: 0, Avg:  0.0, Max: 0, Diff: 0, Sum: 0, Workers: 4
[28.831s][debug][gc,phases      ] GC(71)     Total                          Min: 0, Avg:  0.0, Max: 0, Diff: 0, Sum: 0, Workers: 4
[28.831s][debug][gc,phases      ] GC(71)   Weak JFR Old Object Samples    Min:  0.0, Avg:  0.0, Max:  0.0, Diff:  0.0, Sum:  0.0, Workers: 4
[28.831s][debug][gc,phases      ] GC(71)     Dead                           Min: 0, Avg:  0.0, Max: 0, Diff: 0, Sum: 0, Workers: 4
[28.831s][debug][gc,phases      ] GC(71)     Total                          Min: 0, Avg:  0.0, Max: 0, Diff: 0, Sum: 0, Workers: 4
[28.831s][debug][gc,phases      ] GC(71) Weak Processing 0.315ms
[28.831s][debug][gc,age         ] GC(71) Desired survivor size 536870912 bytes, new threshold 11 (max threshold 15)
[28.831s][info ][gc,heap        ] GC(71) PSYoungGen: 1505360K(1572864K)->462624K(1572864K) Eden: 1048576K(1048576K)->0K(1048576K) From: 456784K(524288K)->462624K(524288K)
[28.831s][info ][gc,heap        ] GC(71) ParOldGen: 611158K(712192K)->612438K(712192K)
[28.831s][info ][gc,metaspace   ] GC(71) Metaspace: 68611K(69312K)->68611K(69312K) NonClass: 58653K(59072K)->58653K(59072K) Class: 9958K(10240K)->9958K(10240K)
[28.831s][info ][gc             ] GC(71) Pause Young (Allocation Failure) 2066M->1049M(2231M) 196.171ms
[28.831s][info ][gc,cpu         ] GC(71) User=0.87s Sys=0.00s Real=0.19s
[28.831s][info ][safepoint      ] Safepoint "ParallelGCFailedAllocation", Time since last: 32858796 ns, Reaching safepoint: 99206 ns, At safepoint: 196294428 ns, Total: 196393634 ns
[29.004s][info ][safepoint      ] Safepoint "ICBufferFull", Time since last: 172435352 ns, Reaching safepoint: 188710 ns, At safepoint: 29102 ns, Total: 217812 ns
[29.014s][info ][safepoint      ] Safepoint "ICBufferFull", Time since last: 10718119 ns, Reaching safepoint: 112506 ns, At safepoint: 24902 ns, Total: 137408 ns
[29.021s][info ][gc,start       ] GC(72) Pause Young (Allocation Failure)
[29.239s][debug][gc,phases      ] GC(72) Scavenge 218.061ms
[29.239s][debug][gc,ref         ] GC(72) Skipped phase 1 of Reference Processing: no references
[29.239s][debug][gc,ref         ] GC(72) ReferenceProcessor::execute queues: 1, RefProcThreadModel::Single, marks_oops_alive: false
[29.239s][debug][gc,ref         ] GC(72) Skipped phase 3 of Reference Processing: no references
[29.239s][debug][gc,ref         ] GC(72) ReferenceProcessor::execute queues: 1, RefProcThreadModel::Single, marks_oops_alive: false
[29.239s][debug][gc,phases      ] GC(72) Reference Processing 0.155ms
[29.239s][debug][gc,phases      ] GC(72)   VM Weak                        Min:  0.0, Avg:  0.0, Max:  0.0, Diff:  0.0, Sum:  0.0, Workers: 4
[29.239s][debug][gc,phases      ] GC(72)     Dead                           Min: 0, Avg:  0.0, Max: 0, Diff: 0, Sum: 0, Workers: 4
[29.239s][debug][gc,phases      ] GC(72)     Total                          Min: 0, Avg: 131.8, Max: 448, Diff: 448, Sum: 527, Workers: 4
[29.239s][debug][gc,phases      ] GC(72)   ObjectSynchronizer Weak        Min:  0.0, Avg:  0.0, Max:  0.0, Diff:  0.0, Sum:  0.0, Workers: 4
[29.239s][debug][gc,phases      ] GC(72)     Dead                           Min: 0, Avg:  0.0, Max: 0, Diff: 0, Sum: 0, Workers: 4
[29.239s][debug][gc,phases      ] GC(72)     Total                          Min: 0, Avg: 131.8, Max: 271, Diff: 271, Sum: 527, Workers: 4
[29.239s][debug][gc,phases      ] GC(72)   JVMTI Tag Weak OopStorage      Min:  0.0, Avg:  0.0, Max:  0.0, Diff:  0.0, Sum:  0.0, Workers: 4
[29.239s][debug][gc,phases      ] GC(72)     Dead                           Min: 0, Avg:  0.0, Max: 0, Diff: 0, Sum: 0, Workers: 4
[29.239s][debug][gc,phases      ] GC(72)     Total                          Min: 0, Avg:  0.0, Max: 0, Diff: 0, Sum: 0, Workers: 4
[29.239s][debug][gc,phases      ] GC(72)   StringTable Weak               Min:  0.1, Avg:  0.1, Max:  0.1, Diff:  0.0, Sum:  0.4, Workers: 4
[29.239s][debug][gc,phases      ] GC(72)     Dead                           Min: 0, Avg:  2.8, Max: 9, Diff: 9, Sum: 11, Workers: 4
[29.239s][debug][gc,phases      ] GC(72)     Total                          Min: 10112, Avg: 10686.8, Max: 12031, Diff: 1919, Sum: 42747, Workers: 4
[29.239s][debug][gc,phases      ] GC(72)   ResolvedMethodTable Weak       Min:  0.0, Avg:  0.0, Max:  0.0, Diff:  0.0, Sum:  0.1, Workers: 4
[29.239s][debug][gc,phases      ] GC(72)     Dead                           Min: 0, Avg:  0.0, Max: 0, Diff: 0, Sum: 0, Workers: 4
[29.239s][debug][gc,phases      ] GC(72)     Total                          Min: 1666, Avg: 1808.5, Max: 1920, Diff: 254, Sum: 7234, Workers: 4
[29.239s][debug][gc,phases      ] GC(72)   JNI Weak                       Min:  0.0, Avg:  0.0, Max:  0.0, Diff:  0.0, Sum:  0.0, Workers: 4
[29.239s][debug][gc,phases      ] GC(72)     Dead                           Min: 0, Avg:  0.0, Max: 0, Diff: 0, Sum: 0, Workers: 4
[29.239s][debug][gc,phases      ] GC(72)     Total                          Min: 0, Avg:  1.0, Max: 4, Diff: 4, Sum: 4, Workers: 4
[29.239s][debug][gc,phases      ] GC(72)   StringDedup Table Weak         Min:  0.0, Avg:  0.0, Max:  0.0, Diff:  0.0, Sum:  0.0, Workers: 4
[29.239s][debug][gc,phases      ] GC(72)     Dead                           Min: 0, Avg:  0.0, Max: 0, Diff: 0, Sum: 0, Workers: 4
[29.239s][debug][gc,phases      ] GC(72)     Total                          Min: 0, Avg:  0.0, Max: 0, Diff: 0, Sum: 0, Workers: 4
[29.239s][debug][gc,phases      ] GC(72)   StringDedup Requests0 Weak     Min:  0.0, Avg:  0.0, Max:  0.0, Diff:  0.0, Sum:  0.0, Workers: 4
[29.239s][debug][gc,phases      ] GC(72)     Dead                           Min: 0, Avg:  0.0, Max: 0, Diff: 0, Sum: 0, Workers: 4
[29.239s][debug][gc,phases      ] GC(72)     Total                          Min: 0, Avg:  0.0, Max: 0, Diff: 0, Sum: 0, Workers: 4
[29.239s][debug][gc,phases      ] GC(72)   StringDedup Requests1 Weak     Min:  0.0, Avg:  0.0, Max:  0.0, Diff:  0.0, Sum:  0.0, Workers: 4
[29.239s][debug][gc,phases      ] GC(72)     Dead                           Min: 0, Avg:  0.0, Max: 0, Diff: 0, Sum: 0, Workers: 4
[29.239s][debug][gc,phases      ] GC(72)     Total                          Min: 0, Avg:  0.0, Max: 0, Diff: 0, Sum: 0, Workers: 4
[29.239s][debug][gc,phases      ] GC(72)   Weak JFR Old Object Samples    Min:  0.0, Avg:  0.0, Max:  0.0, Diff:  0.0, Sum:  0.0, Workers: 4
[29.239s][debug][gc,phases      ] GC(72)     Dead                           Min: 0, Avg:  0.0, Max: 0, Diff: 0, Sum: 0, Workers: 4
[29.239s][debug][gc,phases      ] GC(72)     Total                          Min: 0, Avg:  0.0, Max: 0, Diff: 0, Sum: 0, Workers: 4
[29.239s][debug][gc,phases      ] GC(72) Weak Processing 0.316ms
[29.239s][debug][gc,age         ] GC(72) Desired survivor size 536870912 bytes, new threshold 10 (max threshold 15)
[29.239s][info ][gc,heap        ] GC(72) PSYoungGen: 1511200K(1572864K)->396000K(1572864K) Eden: 1048576K(1048576K)->0K(1048576K) From: 462624K(524288K)->396000K(524288K)
[29.239s][info ][gc,heap        ] GC(72) ParOldGen: 612438K(712192K)->712574K(712704K)
[29.239s][info ][gc,metaspace   ] GC(72) Metaspace: 68622K(69312K)->68622K(69312K) NonClass: 58664K(59072K)->58664K(59072K) Class: 9958K(10240K)->9958K(10240K)
[29.239s][info ][gc             ] GC(72) Pause Young (Allocation Failure) 2073M->1082M(2232M) 218.672ms
[29.239s][info ][gc,cpu         ] GC(72) User=0.85s Sys=0.03s Real=0.22s
[29.239s][debug][gc,phases      ] GC(73) Pre Compact 0.010ms
[29.239s][info ][gc,start       ] GC(73) Pause Full (Ergonomics)
[29.239s][info ][gc,phases,start] GC(73) Marking Phase
[29.395s][debug][gc,phases      ] GC(73) Par Mark 155.316ms
[29.395s][debug][gc,ref         ] GC(73) Skipped phase 1 of Reference Processing: no references
[29.395s][debug][gc,ref         ] GC(73) ReferenceProcessor::execute queues: 4, RefProcThreadModel::Multi, marks_oops_alive: false
[29.395s][debug][gc,ref         ] GC(73) Skipped phase 3 of Reference Processing: no references
[29.395s][debug][gc,ref         ] GC(73) ReferenceProcessor::execute queues: 1, RefProcThreadModel::Single, marks_oops_alive: false
[29.395s][debug][gc,phases      ] GC(73) Reference Processing 0.415ms
[29.395s][debug][gc,phases      ] GC(73)   VM Weak                        Min:  0.0, Avg:  0.0, Max:  0.0, Diff:  0.0, Sum:  0.0, Workers: 4
[29.395s][debug][gc,phases      ] GC(73)     Dead                           Min: 0, Avg:  0.0, Max: 0, Diff: 0, Sum: 0, Workers: 4
[29.395s][debug][gc,phases      ] GC(73)     Total                          Min: 0, Avg: 131.8, Max: 463, Diff: 463, Sum: 527, Workers: 4
[29.395s][debug][gc,phases      ] GC(73)   ObjectSynchronizer Weak        Min:  0.0, Avg:  0.0, Max:  0.0, Diff:  0.0, Sum:  0.0, Workers: 4
[29.395s][debug][gc,phases      ] GC(73)     Dead                           Min: 0, Avg:  1.8, Max: 5, Diff: 5, Sum: 7, Workers: 4
[29.395s][debug][gc,phases      ] GC(73)     Total                          Min: 0, Avg: 131.8, Max: 207, Diff: 207, Sum: 527, Workers: 4
[29.395s][debug][gc,phases      ] GC(73)   JVMTI Tag Weak OopStorage      Min:  0.0, Avg:  0.0, Max:  0.0, Diff:  0.0, Sum:  0.0, Workers: 4
[29.395s][debug][gc,phases      ] GC(73)     Dead                           Min: 0, Avg:  0.0, Max: 0, Diff: 0, Sum: 0, Workers: 4
[29.395s][debug][gc,phases      ] GC(73)     Total                          Min: 0, Avg:  0.0, Max: 0, Diff: 0, Sum: 0, Workers: 4
[29.395s][debug][gc,phases      ] GC(73)   StringTable Weak               Min:  0.1, Avg:  0.1, Max:  0.1, Diff:  0.0, Sum:  0.5, Workers: 4
[29.395s][debug][gc,phases      ] GC(73)     Dead                           Min: 0, Avg:  0.0, Max: 0, Diff: 0, Sum: 0, Workers: 4
[29.395s][debug][gc,phases      ] GC(73)     Total                          Min: 10172, Avg: 10686.8, Max: 11775, Diff: 1603, Sum: 42747, Workers: 4
[29.395s][debug][gc,phases      ] GC(73)   ResolvedMethodTable Weak       Min:  0.0, Avg:  0.0, Max:  0.0, Diff:  0.0, Sum:  0.1, Workers: 4
[29.395s][debug][gc,phases      ] GC(73)     Dead                           Min: 0, Avg:  0.0, Max: 0, Diff: 0, Sum: 0, Workers: 4
[29.395s][debug][gc,phases      ] GC(73)     Total                          Min: 1728, Avg: 1808.5, Max: 1920, Diff: 192, Sum: 7234, Workers: 4
[29.395s][debug][gc,phases      ] GC(73)   JNI Weak                       Min:  0.0, Avg:  0.0, Max:  0.0, Diff:  0.0, Sum:  0.0, Workers: 4
[29.395s][debug][gc,phases      ] GC(73)     Dead                           Min: 0, Avg:  0.0, Max: 0, Diff: 0, Sum: 0, Workers: 4
[29.395s][debug][gc,phases      ] GC(73)     Total                          Min: 0, Avg:  1.0, Max: 4, Diff: 4, Sum: 4, Workers: 4
[29.395s][debug][gc,phases      ] GC(73)   StringDedup Table Weak         Min:  0.0, Avg:  0.0, Max:  0.0, Diff:  0.0, Sum:  0.0, Workers: 4
[29.395s][debug][gc,phases      ] GC(73)     Dead                           Min: 0, Avg:  0.0, Max: 0, Diff: 0, Sum: 0, Workers: 4
[29.395s][debug][gc,phases      ] GC(73)     Total                          Min: 0, Avg:  0.0, Max: 0, Diff: 0, Sum: 0, Workers: 4
[29.395s][debug][gc,phases      ] GC(73)   StringDedup Requests0 Weak     Min:  0.0, Avg:  0.0, Max:  0.0, Diff:  0.0, Sum:  0.0, Workers: 4
[29.395s][debug][gc,phases      ] GC(73)     Dead                           Min: 0, Avg:  0.0, Max: 0, Diff: 0, Sum: 0, Workers: 4
[29.395s][debug][gc,phases      ] GC(73)     Total                          Min: 0, Avg:  0.0, Max: 0, Diff: 0, Sum: 0, Workers: 4
[29.395s][debug][gc,phases      ] GC(73)   StringDedup Requests1 Weak     Min:  0.0, Avg:  0.0, Max:  0.0, Diff:  0.0, Sum:  0.0, Workers: 4
[29.395s][debug][gc,phases      ] GC(73)     Dead                           Min: 0, Avg:  0.0, Max: 0, Diff: 0, Sum: 0, Workers: 4
[29.395s][debug][gc,phases      ] GC(73)     Total                          Min: 0, Avg:  0.0, Max: 0, Diff: 0, Sum: 0, Workers: 4
[29.395s][debug][gc,phases      ] GC(73)   Weak JFR Old Object Samples    Min:  0.0, Avg:  0.0, Max:  0.0, Diff:  0.0, Sum:  0.0, Workers: 4
[29.395s][debug][gc,phases      ] GC(73)     Dead                           Min: 0, Avg:  0.0, Max: 0, Diff: 0, Sum: 0, Workers: 4
[29.395s][debug][gc,phases      ] GC(73)     Total                          Min: 0, Avg:  0.0, Max: 0, Diff: 0, Sum: 0, Workers: 4
[29.395s][debug][gc,phases      ] GC(73) Weak Processing 0.353ms
[29.396s][debug][gc,phases      ] GC(73) ClassLoaderData 0.073ms
[29.396s][debug][gc,phases      ] GC(73) Trigger cleanups 0.000ms
[29.405s][debug][gc,phases      ] GC(73) Class Unloading 9.557ms
[29.405s][info ][gc,phases      ] GC(73) Marking Phase 165.815ms
[29.405s][info ][gc,phases,start] GC(73) Summary Phase
[29.405s][info ][gc,phases      ] GC(73) Summary Phase 0.030ms
[29.405s][info ][gc,phases,start] GC(73) Adjust Roots
[29.412s][info ][gc,phases      ] GC(73) Adjust Roots 6.915ms
[29.412s][info ][gc,phases,start] GC(73) Compaction Phase
[29.661s][info ][gc,phases      ] GC(73) Compaction Phase 248.856ms
[29.661s][info ][gc,phases,start] GC(73) Post Compact
[29.664s][info ][gc,phases      ] GC(73) Post Compact 3.020ms
[29.664s][info ][gc,heap        ] GC(73) PSYoungGen: 396000K(1572864K)->0K(1572864K) Eden: 0K(1048576K)->0K(1048576K) From: 396000K(524288K)->0K(524288K)
[29.664s][info ][gc,heap        ] GC(73) ParOldGen: 712574K(712704K)->507450K(637952K)
[29.664s][info ][gc,metaspace   ] GC(73) Metaspace: 68622K(69312K)->68622K(69312K) NonClass: 58664K(59072K)->58664K(59072K) Class: 9958K(10240K)->9958K(10240K)
[29.664s][info ][gc             ] GC(73) Pause Full (Ergonomics) 1082M->495M(2159M) 425.094ms
[29.664s][info ][gc,cpu         ] GC(73) User=1.64s Sys=0.00s Real=0.43s
[29.664s][info ][safepoint      ] Safepoint "ParallelGCFailedAllocation", Time since last: 5902340 ns, Reaching safepoint: 107006 ns, At safepoint: 643953963 ns, Total: 644060969 ns
[29.757s][info ][safepoint      ] Safepoint "ICBufferFull", Time since last: 92719451 ns, Reaching safepoint: 154409 ns, At safepoint: 33602 ns, Total: 188011 ns
[29.843s][info ][safepoint      ] Safepoint "ICBufferFull", Time since last: 85024807 ns, Reaching safepoint: 136808 ns, At safepoint: 25801 ns, Total: 162609 ns
[29.855s][info ][gc,start       ] GC(74) Pause Young (Allocation Failure)
[29.857s][debug][gc,phases      ] GC(74) Scavenge 1.692ms
[29.857s][debug][gc,ref         ] GC(74) Skipped phase 1 of Reference Processing: no references
[29.857s][debug][gc,ref         ] GC(74) ReferenceProcessor::execute queues: 1, RefProcThreadModel::Single, marks_oops_alive: false
[29.857s][debug][gc,ref         ] GC(74) Skipped phase 3 of Reference Processing: no references
[29.857s][debug][gc,ref         ] GC(74) Skipped phase 4 of Reference Processing: no references
[29.857s][debug][gc,phases      ] GC(74) Reference Processing 0.106ms
[29.857s][debug][gc,phases      ] GC(74)   VM Weak                        Min:  0.0, Avg:  0.0, Max:  0.0, Diff:  0.0, Sum:  0.0, Workers: 4
[29.858s][debug][gc,phases      ] GC(74)     Dead                           Min: 0, Avg:  0.0, Max: 0, Diff: 0, Sum: 0, Workers: 4
[29.858s][debug][gc,phases      ] GC(74)     Total                          Min: 0, Avg: 131.8, Max: 527, Diff: 527, Sum: 527, Workers: 4
[29.858s][debug][gc,phases      ] GC(74)   ObjectSynchronizer Weak        Min:  0.0, Avg:  0.0, Max:  0.0, Diff:  0.0, Sum:  0.0, Workers: 4
[29.858s][debug][gc,phases      ] GC(74)     Dead                           Min: 0, Avg:  0.0, Max: 0, Diff: 0, Sum: 0, Workers: 4
[29.858s][debug][gc,phases      ] GC(74)     Total                          Min: 0, Avg: 131.8, Max: 384, Diff: 384, Sum: 527, Workers: 4
[29.858s][debug][gc,phases      ] GC(74)   JVMTI Tag Weak OopStorage      Min:  0.0, Avg:  0.0, Max:  0.0, Diff:  0.0, Sum:  0.0, Workers: 4
[29.858s][debug][gc,phases      ] GC(74)     Dead                           Min: 0, Avg:  0.0, Max: 0, Diff: 0, Sum: 0, Workers: 4
[29.858s][debug][gc,phases      ] GC(74)     Total                          Min: 0, Avg:  0.0, Max: 0, Diff: 0, Sum: 0, Workers: 4
[29.858s][debug][gc,phases      ] GC(74)   StringTable Weak               Min:  0.1, Avg:  0.1, Max:  0.1, Diff:  0.0, Sum:  0.3, Workers: 4
[29.858s][debug][gc,phases      ] GC(74)     Dead                           Min: 0, Avg:  2.8, Max: 7, Diff: 7, Sum: 11, Workers: 4
[29.858s][debug][gc,phases      ] GC(74)     Total                          Min: 10048, Avg: 10687.5, Max: 11264, Diff: 1216, Sum: 42750, Workers: 4
[29.858s][debug][gc,phases      ] GC(74)   ResolvedMethodTable Weak       Min:  0.0, Avg:  0.0, Max:  0.0, Diff:  0.0, Sum:  0.1, Workers: 4
[29.858s][debug][gc,phases      ] GC(74)     Dead                           Min: 0, Avg:  0.0, Max: 0, Diff: 0, Sum: 0, Workers: 4
[29.858s][debug][gc,phases      ] GC(74)     Total                          Min: 1664, Avg: 1808.5, Max: 1984, Diff: 320, Sum: 7234, Workers: 4
[29.858s][debug][gc,phases      ] GC(74)   JNI Weak                       Min:  0.0, Avg:  0.0, Max:  0.0, Diff:  0.0, Sum:  0.0, Workers: 4
[29.858s][debug][gc,phases      ] GC(74)     Dead                           Min: 0, Avg:  0.0, Max: 0, Diff: 0, Sum: 0, Workers: 4
[29.858s][debug][gc,phases      ] GC(74)     Total                          Min: 0, Avg:  0.0, Max: 0, Diff: 0, Sum: 0, Workers: 4
[29.858s][debug][gc,phases      ] GC(74)   StringDedup Table Weak         Min:  0.0, Avg:  0.0, Max:  0.0, Diff:  0.0, Sum:  0.0, Workers: 4
[29.858s][debug][gc,phases      ] GC(74)     Dead                           Min: 0, Avg:  0.0, Max: 0, Diff: 0, Sum: 0, Workers: 4
[29.858s][debug][gc,phases      ] GC(74)     Total                          Min: 0, Avg:  0.0, Max: 0, Diff: 0, Sum: 0, Workers: 4
[29.858s][debug][gc,phases      ] GC(74)   StringDedup Requests0 Weak     Min:  0.0, Avg:  0.0, Max:  0.0, Diff:  0.0, Sum:  0.0, Workers: 4
[29.858s][debug][gc,phases      ] GC(74)     Dead                           Min: 0, Avg:  0.0, Max: 0, Diff: 0, Sum: 0, Workers: 4
[29.858s][debug][gc,phases      ] GC(74)     Total                          Min: 0, Avg:  0.0, Max: 0, Diff: 0, Sum: 0, Workers: 4
[29.858s][debug][gc,phases      ] GC(74)   StringDedup Requests1 Weak     Min:  0.0, Avg:  0.0, Max:  0.0, Diff:  0.0, Sum:  0.0, Workers: 4
[29.858s][debug][gc,phases      ] GC(74)     Dead                           Min: 0, Avg:  0.0, Max: 0, Diff: 0, Sum: 0, Workers: 4
[29.858s][debug][gc,phases      ] GC(74)     Total                          Min: 0, Avg:  0.0, Max: 0, Diff: 0, Sum: 0, Workers: 4
[29.858s][debug][gc,phases      ] GC(74)   Weak JFR Old Object Samples    Min:  0.0, Avg:  0.0, Max:  0.0, Diff:  0.0, Sum:  0.0, Workers: 4
[29.858s][debug][gc,phases      ] GC(74)     Dead                           Min: 0, Avg:  0.0, Max: 0, Diff: 0, Sum: 0, Workers: 4
[29.858s][debug][gc,phases      ] GC(74)     Total                          Min: 0, Avg:  0.0, Max: 0, Diff: 0, Sum: 0, Workers: 4
[29.858s][debug][gc,phases      ] GC(74) Weak Processing 0.296ms
[29.858s][debug][gc,age         ] GC(74) Desired survivor size 536870912 bytes, new threshold 9 (max threshold 15)
[29.858s][info ][gc,heap        ] GC(74) PSYoungGen: 1048576K(1572864K)->1184K(1572864K) Eden: 1048576K(1048576K)->0K(1048576K) From: 0K(524288K)->1184K(524288K)
[29.858s][info ][gc,heap        ] GC(74) ParOldGen: 507450K(637952K)->507458K(637952K)
[29.858s][info ][gc,metaspace   ] GC(74) Metaspace: 68628K(69312K)->68628K(69312K) NonClass: 58670K(59072K)->58670K(59072K) Class: 9958K(10240K)->9958K(10240K)
[29.858s][info ][gc             ] GC(74) Pause Young (Allocation Failure) 1519M->496M(2159M) 2.197ms
[29.858s][info ][gc,cpu         ] GC(74) User=0.01s Sys=0.00s Real=0.00s
[29.858s][info ][safepoint      ] Safepoint "ParallelGCFailedAllocation", Time since last: 12790038 ns, Reaching safepoint: 126308 ns, At safepoint: 2293132 ns, Total: 2419440 ns
[29.963s][info ][safepoint      ] Safepoint "ICBufferFull", Time since last: 104934056 ns, Reaching safepoint: 288717 ns, At safepoint: 30601 ns, Total: 319318 ns
[30.012s][info ][safepoint      ] Safepoint "ICBufferFull", Time since last: 48377992 ns, Reaching safepoint: 134208 ns, At safepoint: 26902 ns, Total: 161110 ns
[30.023s][info ][gc,start       ] GC(75) Pause Young (Allocation Failure)
[30.025s][debug][gc,phases      ] GC(75) Scavenge 1.457ms
[30.025s][debug][gc,ref         ] GC(75) Skipped phase 1 of Reference Processing: no references
[30.025s][debug][gc,ref         ] GC(75) Skipped phase 2 of Reference Processing: no references
[30.025s][debug][gc,ref         ] GC(75) Skipped phase 3 of Reference Processing: no references
[30.025s][debug][gc,ref         ] GC(75) Skipped phase 4 of Reference Processing: no references
[30.025s][debug][gc,phases      ] GC(75) Reference Processing 0.023ms
[30.025s][debug][gc,phases      ] GC(75)   VM Weak                        Min:  0.0, Avg:  0.0, Max:  0.0, Diff:  0.0, Sum:  0.0, Workers: 4
[30.025s][debug][gc,phases      ] GC(75)     Dead                           Min: 0, Avg:  0.0, Max: 0, Diff: 0, Sum: 0, Workers: 4
[30.025s][debug][gc,phases      ] GC(75)     Total                          Min: 0, Avg: 131.8, Max: 527, Diff: 527, Sum: 527, Workers: 4
[30.025s][debug][gc,phases      ] GC(75)   ObjectSynchronizer Weak        Min:  0.0, Avg:  0.0, Max:  0.0, Diff:  0.0, Sum:  0.0, Workers: 4
[30.025s][debug][gc,phases      ] GC(75)     Dead                           Min: 0, Avg:  0.0, Max: 0, Diff: 0, Sum: 0, Workers: 4
[30.025s][debug][gc,phases      ] GC(75)     Total                          Min: 0, Avg: 131.8, Max: 463, Diff: 463, Sum: 527, Workers: 4
[30.025s][debug][gc,phases      ] GC(75)   JVMTI Tag Weak OopStorage      Min:  0.0, Avg:  0.0, Max:  0.0, Diff:  0.0, Sum:  0.0, Workers: 4
[30.025s][debug][gc,phases      ] GC(75)     Dead                           Min: 0, Avg:  0.0, Max: 0, Diff: 0, Sum: 0, Workers: 4
[30.025s][debug][gc,phases      ] GC(75)     Total                          Min: 0, Avg:  0.0, Max: 0, Diff: 0, Sum: 0, Workers: 4
[30.025s][debug][gc,phases      ] GC(75)   StringTable Weak               Min:  0.1, Avg:  0.1, Max:  0.1, Diff:  0.0, Sum:  0.3, Workers: 4
[30.025s][debug][gc,phases      ] GC(75)     Dead                           Min: 0, Avg:  0.0, Max: 0, Diff: 0, Sum: 0, Workers: 4
[30.025s][debug][gc,phases      ] GC(75)     Total                          Min: 9983, Avg: 10687.8, Max: 11520, Diff: 1537, Sum: 42751, Workers: 4
[30.025s][debug][gc,phases      ] GC(75)   ResolvedMethodTable Weak       Min:  0.0, Avg:  0.0, Max:  0.0, Diff:  0.0, Sum:  0.1, Workers: 4
[30.025s][debug][gc,phases      ] GC(75)     Dead                           Min: 0, Avg:  0.0, Max: 0, Diff: 0, Sum: 0, Workers: 4
[30.025s][debug][gc,phases      ] GC(75)     Total                          Min: 1728, Avg: 1808.5, Max: 2050, Diff: 322, Sum: 7234, Workers: 4
[30.025s][debug][gc,phases      ] GC(75)   JNI Weak                       Min:  0.0, Avg:  0.0, Max:  0.0, Diff:  0.0, Sum:  0.0, Workers: 4
[30.025s][debug][gc,phases      ] GC(75)     Dead                           Min: 0, Avg:  0.0, Max: 0, Diff: 0, Sum: 0, Workers: 4
[30.025s][debug][gc,phases      ] GC(75)     Total                          Min: 0, Avg:  0.0, Max: 0, Diff: 0, Sum: 0, Workers: 4
[30.025s][debug][gc,phases      ] GC(75)   StringDedup Table Weak         Min:  0.0, Avg:  0.0, Max:  0.0, Diff:  0.0, Sum:  0.0, Workers: 4
[30.025s][debug][gc,phases      ] GC(75)     Dead                           Min: 0, Avg:  0.0, Max: 0, Diff: 0, Sum: 0, Workers: 4
[30.025s][debug][gc,phases      ] GC(75)     Total                          Min: 0, Avg:  0.0, Max: 0, Diff: 0, Sum: 0, Workers: 4
[30.025s][debug][gc,phases      ] GC(75)   StringDedup Requests0 Weak     Min:  0.0, Avg:  0.0, Max:  0.0, Diff:  0.0, Sum:  0.0, Workers: 4
[30.025s][debug][gc,phases      ] GC(75)     Dead                           Min: 0, Avg:  0.0, Max: 0, Diff: 0, Sum: 0, Workers: 4
[30.025s][debug][gc,phases      ] GC(75)     Total                          Min: 0, Avg:  0.0, Max: 0, Diff: 0, Sum: 0, Workers: 4
[30.025s][debug][gc,phases      ] GC(75)   StringDedup Requests1 Weak     Min:  0.0, Avg:  0.0, Max:  0.0, Diff:  0.0, Sum:  0.0, Workers: 4
[30.025s][debug][gc,phases      ] GC(75)     Dead                           Min: 0, Avg:  0.0, Max: 0, Diff: 0, Sum: 0, Workers: 4
[30.025s][debug][gc,phases      ] GC(75)     Total                          Min: 0, Avg:  0.0, Max: 0, Diff: 0, Sum: 0, Workers: 4
[30.025s][debug][gc,phases      ] GC(75)   Weak JFR Old Object Samples    Min:  0.0, Avg:  0.0, Max:  0.0, Diff:  0.0, Sum:  0.0, Workers: 4
[30.025s][debug][gc,phases      ] GC(75)     Dead                           Min: 0, Avg:  0.0, Max: 0, Diff: 0, Sum: 0, Workers: 4
[30.025s][debug][gc,phases      ] GC(75)     Total                          Min: 0, Avg:  0.0, Max: 0, Diff: 0, Sum: 0, Workers: 4
[30.025s][debug][gc,phases      ] GC(75) Weak Processing 0.299ms
[30.025s][debug][gc,age         ] GC(75) Desired survivor size 536870912 bytes, new threshold 8 (max threshold 15)
[30.025s][info ][gc,heap        ] GC(75) PSYoungGen: 1049760K(1572864K)->1563K(1572864K) Eden: 1048576K(1048576K)->0K(1048576K) From: 1184K(524288K)->1563K(524288K)
[30.025s][info ][gc,heap        ] GC(75) ParOldGen: 507458K(637952K)->507458K(637952K)
[30.025s][info ][gc,metaspace   ] GC(75) Metaspace: 68636K(69312K)->68636K(69312K) NonClass: 58677K(59072K)->58677K(59072K) Class: 9958K(10240K)->9958K(10240K)
[30.025s][info ][gc             ] GC(75) Pause Young (Allocation Failure) 1520M->497M(2159M) 1.882ms
[30.025s][info ][gc,cpu         ] GC(75) User=0.00s Sys=0.00s Real=0.00s
[30.025s][info ][safepoint      ] Safepoint "ParallelGCFailedAllocation", Time since last: 11332153 ns, Reaching safepoint: 107707 ns, At safepoint: 1969913 ns, Total: 2077620 ns
[30.077s][info ][safepoint      ] Safepoint "ICBufferFull", Time since last: 52109108 ns, Reaching safepoint: 141908 ns, At safepoint: 26201 ns, Total: 168109 ns
[30.131s][info ][safepoint      ] Safepoint "ICBufferFull", Time since last: 53310477 ns, Reaching safepoint: 151309 ns, At safepoint: 26501 ns, Total: 177810 ns
[30.179s][info ][safepoint      ] Safepoint "ICBufferFull", Time since last: 47636749 ns, Reaching safepoint: 217213 ns, At safepoint: 24901 ns, Total: 242114 ns
[30.212s][info ][gc,start       ] GC(76) Pause Young (Allocation Failure)
[30.214s][debug][gc,phases      ] GC(76) Scavenge 2.788ms
[30.214s][debug][gc,ref         ] GC(76) Skipped phase 1 of Reference Processing: no references
[30.214s][debug][gc,ref         ] GC(76) Skipped phase 2 of Reference Processing: no references
[30.214s][debug][gc,ref         ] GC(76) Skipped phase 3 of Reference Processing: no references
[30.214s][debug][gc,ref         ] GC(76) Skipped phase 4 of Reference Processing: no references
[30.215s][debug][gc,phases      ] GC(76) Reference Processing 0.025ms
[30.215s][debug][gc,phases      ] GC(76)   VM Weak                        Min:  0.0, Avg:  0.0, Max:  0.0, Diff:  0.0, Sum:  0.0, Workers: 4
[30.215s][debug][gc,phases      ] GC(76)     Dead                           Min: 0, Avg:  0.0, Max: 0, Diff: 0, Sum: 0, Workers: 4
[30.215s][debug][gc,phases      ] GC(76)     Total                          Min: 0, Avg: 131.8, Max: 527, Diff: 527, Sum: 527, Workers: 4
[30.215s][debug][gc,phases      ] GC(76)   ObjectSynchronizer Weak        Min:  0.0, Avg:  0.0, Max:  0.0, Diff:  0.0, Sum:  0.0, Workers: 4
[30.215s][debug][gc,phases      ] GC(76)     Dead                           Min: 0, Avg:  0.0, Max: 0, Diff: 0, Sum: 0, Workers: 4
[30.215s][debug][gc,phases      ] GC(76)     Total                          Min: 0, Avg: 131.8, Max: 527, Diff: 527, Sum: 527, Workers: 4
[30.215s][debug][gc,phases      ] GC(76)   JVMTI Tag Weak OopStorage      Min:  0.0, Avg:  0.0, Max:  0.0, Diff:  0.0, Sum:  0.0, Workers: 4
[30.215s][debug][gc,phases      ] GC(76)     Dead                           Min: 0, Avg:  0.0, Max: 0, Diff: 0, Sum: 0, Workers: 4
[30.215s][debug][gc,phases      ] GC(76)     Total                          Min: 0, Avg:  0.0, Max: 0, Diff: 0, Sum: 0, Workers: 4
[30.215s][debug][gc,phases      ] GC(76)   StringTable Weak               Min:  0.1, Avg:  0.1, Max:  0.1, Diff:  0.0, Sum:  0.4, Workers: 4
[30.215s][debug][gc,phases      ] GC(76)     Dead                           Min: 0, Avg:  2.8, Max: 11, Diff: 11, Sum: 11, Workers: 4
[30.215s][debug][gc,phases      ] GC(76)     Total                          Min: 10066, Avg: 10689.8, Max: 11516, Diff: 1450, Sum: 42759, Workers: 4
[30.215s][debug][gc,phases      ] GC(76)   ResolvedMethodTable Weak       Min:  0.0, Avg:  0.0, Max:  0.0, Diff:  0.0, Sum:  0.1, Workers: 4
[30.215s][debug][gc,phases      ] GC(76)     Dead                           Min: 0, Avg:  0.0, Max: 0, Diff: 0, Sum: 0, Workers: 4
[30.215s][debug][gc,phases      ] GC(76)     Total                          Min: 1664, Avg: 1808.5, Max: 1984, Diff: 320, Sum: 7234, Workers: 4
[30.215s][debug][gc,phases      ] GC(76)   JNI Weak                       Min:  0.0, Avg:  0.0, Max:  0.0, Diff:  0.0, Sum:  0.0, Workers: 4
[30.215s][debug][gc,phases      ] GC(76)     Dead                           Min: 0, Avg:  0.0, Max: 0, Diff: 0, Sum: 0, Workers: 4
[30.215s][debug][gc,phases      ] GC(76)     Total                          Min: 0, Avg:  0.5, Max: 2, Diff: 2, Sum: 2, Workers: 4
[30.215s][debug][gc,phases      ] GC(76)   StringDedup Table Weak         Min:  0.0, Avg:  0.0, Max:  0.0, Diff:  0.0, Sum:  0.0, Workers: 4
[30.215s][debug][gc,phases      ] GC(76)     Dead                           Min: 0, Avg:  0.0, Max: 0, Diff: 0, Sum: 0, Workers: 4
[30.215s][debug][gc,phases      ] GC(76)     Total                          Min: 0, Avg:  0.0, Max: 0, Diff: 0, Sum: 0, Workers: 4
[30.215s][debug][gc,phases      ] GC(76)   StringDedup Requests0 Weak     Min:  0.0, Avg:  0.0, Max:  0.0, Diff:  0.0, Sum:  0.0, Workers: 4
[30.215s][debug][gc,phases      ] GC(76)     Dead                           Min: 0, Avg:  0.0, Max: 0, Diff: 0, Sum: 0, Workers: 4
[30.215s][debug][gc,phases      ] GC(76)     Total                          Min: 0, Avg:  0.0, Max: 0, Diff: 0, Sum: 0, Workers: 4
[30.215s][debug][gc,phases      ] GC(76)   StringDedup Requests1 Weak     Min:  0.0, Avg:  0.0, Max:  0.0, Diff:  0.0, Sum:  0.0, Workers: 4
[30.215s][debug][gc,phases      ] GC(76)     Dead                           Min: 0, Avg:  0.0, Max: 0, Diff: 0, Sum: 0, Workers: 4
[30.215s][debug][gc,phases      ] GC(76)     Total                          Min: 0, Avg:  0.0, Max: 0, Diff: 0, Sum: 0, Workers: 4
[30.215s][debug][gc,phases      ] GC(76)   Weak JFR Old Object Samples    Min:  0.0, Avg:  0.0, Max:  0.0, Diff:  0.0, Sum:  0.0, Workers: 4
[30.215s][debug][gc,phases      ] GC(76)     Dead                           Min: 0, Avg:  0.0, Max: 0, Diff: 0, Sum: 0, Workers: 4
[30.215s][debug][gc,phases      ] GC(76)     Total                          Min: 0, Avg:  0.0, Max: 0, Diff: 0, Sum: 0, Workers: 4
[30.215s][debug][gc,phases      ] GC(76) Weak Processing 0.290ms
[30.215s][debug][gc,age         ] GC(76) Desired survivor size 536870912 bytes, new threshold 7 (max threshold 15)
[30.215s][info ][gc,heap        ] GC(76) PSYoungGen: 1050139K(1572864K)->2560K(1572864K) Eden: 1048576K(1048576K)->0K(1048576K) From: 1563K(524288K)->2560K(524288K)
[30.215s][info ][gc,heap        ] GC(76) ParOldGen: 507458K(637952K)->507458K(637952K)
[30.215s][info ][gc,metaspace   ] GC(76) Metaspace: 68641K(69312K)->68641K(69312K) NonClass: 58683K(59072K)->58683K(59072K) Class: 9958K(10240K)->9958K(10240K)
[30.215s][info ][gc             ] GC(76) Pause Young (Allocation Failure) 1521M->498M(2159M) 3.234ms
[30.215s][info ][gc,cpu         ] GC(76) User=0.01s Sys=0.01s Real=0.01s
[30.215s][info ][safepoint      ] Safepoint "ParallelGCFailedAllocation", Time since last: 32845796 ns, Reaching safepoint: 139308 ns, At safepoint: 3336392 ns, Total: 3475700 ns
[30.286s][info ][safepoint      ] Safepoint "ICBufferFull", Time since last: 71123005 ns, Reaching safepoint: 142508 ns, At safepoint: 30402 ns, Total: 172910 ns
[30.334s][info ][safepoint      ] Safepoint "ICBufferFull", Time since last: 47404336 ns, Reaching safepoint: 164409 ns, At safepoint: 25801 ns, Total: 190210 ns
[30.369s][info ][gc,start       ] GC(77) Pause Young (Allocation Failure)
[30.375s][debug][gc,phases      ] GC(77) Scavenge 5.853ms
[30.375s][debug][gc,ref         ] GC(77) Skipped phase 1 of Reference Processing: no references
[30.375s][debug][gc,ref         ] GC(77) Skipped phase 2 of Reference Processing: no references
[30.375s][debug][gc,ref         ] GC(77) Skipped phase 3 of Reference Processing: no references
[30.375s][debug][gc,ref         ] GC(77) Skipped phase 4 of Reference Processing: no references
[30.375s][debug][gc,phases      ] GC(77) Reference Processing 0.024ms
[30.375s][debug][gc,phases      ] GC(77)   VM Weak                        Min:  0.0, Avg:  0.0, Max:  0.0, Diff:  0.0, Sum:  0.0, Workers: 4
[30.375s][debug][gc,phases      ] GC(77)     Dead                           Min: 0, Avg:  0.0, Max: 0, Diff: 0, Sum: 0, Workers: 4
[30.375s][debug][gc,phases      ] GC(77)     Total                          Min: 0, Avg: 131.8, Max: 527, Diff: 527, Sum: 527, Workers: 4
[30.375s][debug][gc,phases      ] GC(77)   ObjectSynchronizer Weak        Min:  0.0, Avg:  0.0, Max:  0.0, Diff:  0.0, Sum:  0.0, Workers: 4
[30.375s][debug][gc,phases      ] GC(77)     Dead                           Min: 0, Avg:  0.0, Max: 0, Diff: 0, Sum: 0, Workers: 4
[30.375s][debug][gc,phases      ] GC(77)     Total                          Min: 0, Avg: 131.8, Max: 384, Diff: 384, Sum: 527, Workers: 4
[30.375s][debug][gc,phases      ] GC(77)   JVMTI Tag Weak OopStorage      Min:  0.0, Avg:  0.0, Max:  0.0, Diff:  0.0, Sum:  0.0, Workers: 4
[30.375s][debug][gc,phases      ] GC(77)     Dead                           Min: 0, Avg:  0.0, Max: 0, Diff: 0, Sum: 0, Workers: 4
[30.375s][debug][gc,phases      ] GC(77)     Total                          Min: 0, Avg:  0.0, Max: 0, Diff: 0, Sum: 0, Workers: 4
[30.375s][debug][gc,phases      ] GC(77)   StringTable Weak               Min:  0.1, Avg:  0.1, Max:  0.1, Diff:  0.0, Sum:  0.4, Workers: 4
[30.375s][debug][gc,phases      ] GC(77)     Dead                           Min: 0, Avg:  0.0, Max: 0, Diff: 0, Sum: 0, Workers: 4
[30.375s][debug][gc,phases      ] GC(77)     Total                          Min: 9170, Avg: 10690.0, Max: 12032, Diff: 2862, Sum: 42760, Workers: 4
[30.375s][debug][gc,phases      ] GC(77)   ResolvedMethodTable Weak       Min:  0.0, Avg:  0.0, Max:  0.0, Diff:  0.0, Sum:  0.1, Workers: 4
[30.375s][debug][gc,phases      ] GC(77)     Dead                           Min: 0, Avg:  0.0, Max: 0, Diff: 0, Sum: 0, Workers: 4
[30.375s][debug][gc,phases      ] GC(77)     Total                          Min: 1538, Avg: 1808.5, Max: 2048, Diff: 510, Sum: 7234, Workers: 4
[30.375s][debug][gc,phases      ] GC(77)   JNI Weak                       Min:  0.0, Avg:  0.0, Max:  0.0, Diff:  0.0, Sum:  0.0, Workers: 4
[30.375s][debug][gc,phases      ] GC(77)     Dead                           Min: 0, Avg:  0.0, Max: 0, Diff: 0, Sum: 0, Workers: 4
[30.375s][debug][gc,phases      ] GC(77)     Total                          Min: 0, Avg:  1.8, Max: 7, Diff: 7, Sum: 7, Workers: 4
[30.375s][debug][gc,phases      ] GC(77)   StringDedup Table Weak         Min:  0.0, Avg:  0.0, Max:  0.0, Diff:  0.0, Sum:  0.0, Workers: 4
[30.375s][debug][gc,phases      ] GC(77)     Dead                           Min: 0, Avg:  0.0, Max: 0, Diff: 0, Sum: 0, Workers: 4
[30.375s][debug][gc,phases      ] GC(77)     Total                          Min: 0, Avg:  0.0, Max: 0, Diff: 0, Sum: 0, Workers: 4
[30.375s][debug][gc,phases      ] GC(77)   StringDedup Requests0 Weak     Min:  0.0, Avg:  0.0, Max:  0.0, Diff:  0.0, Sum:  0.0, Workers: 4
[30.375s][debug][gc,phases      ] GC(77)     Dead                           Min: 0, Avg:  0.0, Max: 0, Diff: 0, Sum: 0, Workers: 4
[30.375s][debug][gc,phases      ] GC(77)     Total                          Min: 0, Avg:  0.0, Max: 0, Diff: 0, Sum: 0, Workers: 4
[30.375s][debug][gc,phases      ] GC(77)   StringDedup Requests1 Weak     Min:  0.0, Avg:  0.0, Max:  0.0, Diff:  0.0, Sum:  0.0, Workers: 4
[30.375s][debug][gc,phases      ] GC(77)     Dead                           Min: 0, Avg:  0.0, Max: 0, Diff: 0, Sum: 0, Workers: 4
[30.375s][debug][gc,phases      ] GC(77)     Total                          Min: 0, Avg:  0.0, Max: 0, Diff: 0, Sum: 0, Workers: 4
[30.375s][debug][gc,phases      ] GC(77)   Weak JFR Old Object Samples    Min:  0.0, Avg:  0.0, Max:  0.0, Diff:  0.0, Sum:  0.0, Workers: 4
[30.375s][debug][gc,phases      ] GC(77)     Dead                           Min: 0, Avg:  0.0, Max: 0, Diff: 0, Sum: 0, Workers: 4
[30.375s][debug][gc,phases      ] GC(77)     Total                          Min: 0, Avg:  0.0, Max: 0, Diff: 0, Sum: 0, Workers: 4
[30.375s][debug][gc,phases      ] GC(77) Weak Processing 0.310ms
[30.375s][debug][gc,age         ] GC(77) Desired survivor size 536870912 bytes, new threshold 6 (max threshold 15)
[30.375s][info ][gc,heap        ] GC(77) PSYoungGen: 1051136K(1572864K)->11520K(1572864K) Eden: 1048576K(1048576K)->0K(1048576K) From: 2560K(524288K)->11520K(524288K)
[30.375s][info ][gc,heap        ] GC(77) ParOldGen: 507458K(637952K)->507458K(637952K)
[30.375s][info ][gc,metaspace   ] GC(77) Metaspace: 68642K(69312K)->68642K(69312K) NonClass: 58684K(59072K)->58684K(59072K) Class: 9958K(10240K)->9958K(10240K)
[30.375s][info ][gc             ] GC(77) Pause Young (Allocation Failure) 1522M->506M(2159M) 6.299ms
[30.375s][info ][gc,cpu         ] GC(77) User=0.02s Sys=0.00s Real=0.01s
[30.375s][info ][safepoint      ] Safepoint "ParallelGCFailedAllocation", Time since last: 34985420 ns, Reaching safepoint: 134307 ns, At safepoint: 6400870 ns, Total: 6535177 ns
[30.454s][info ][safepoint      ] Safepoint "ICBufferFull", Time since last: 78671540 ns, Reaching safepoint: 144508 ns, At safepoint: 23201 ns, Total: 167709 ns
[30.497s][info ][safepoint      ] Safepoint "ICBufferFull", Time since last: 42725066 ns, Reaching safepoint: 142908 ns, At safepoint: 25802 ns, Total: 168710 ns
[30.530s][info ][gc,start       ] GC(78) Pause Young (Allocation Failure)
[30.535s][debug][gc,phases      ] GC(78) Scavenge 5.253ms
[30.535s][debug][gc,ref         ] GC(78) Skipped phase 1 of Reference Processing: no references
[30.535s][debug][gc,ref         ] GC(78) Skipped phase 2 of Reference Processing: no references
[30.535s][debug][gc,ref         ] GC(78) Skipped phase 3 of Reference Processing: no references
[30.535s][debug][gc,ref         ] GC(78) Skipped phase 4 of Reference Processing: no references
[30.535s][debug][gc,phases      ] GC(78) Reference Processing 0.025ms
[30.535s][debug][gc,phases      ] GC(78)   VM Weak                        Min:  0.0, Avg:  0.0, Max:  0.0, Diff:  0.0, Sum:  0.0, Workers: 4
[30.535s][debug][gc,phases      ] GC(78)     Dead                           Min: 0, Avg:  0.0, Max: 0, Diff: 0, Sum: 0, Workers: 4
[30.535s][debug][gc,phases      ] GC(78)     Total                          Min: 0, Avg: 131.8, Max: 271, Diff: 271, Sum: 527, Workers: 4
[30.535s][debug][gc,phases      ] GC(78)   ObjectSynchronizer Weak        Min:  0.0, Avg:  0.0, Max:  0.0, Diff:  0.0, Sum:  0.0, Workers: 4
[30.535s][debug][gc,phases      ] GC(78)     Dead                           Min: 0, Avg:  0.0, Max: 0, Diff: 0, Sum: 0, Workers: 4
[30.535s][debug][gc,phases      ] GC(78)     Total                          Min: 0, Avg: 131.8, Max: 271, Diff: 271, Sum: 527, Workers: 4
[30.535s][debug][gc,phases      ] GC(78)   JVMTI Tag Weak OopStorage      Min:  0.0, Avg:  0.0, Max:  0.0, Diff:  0.0, Sum:  0.0, Workers: 4
[30.535s][debug][gc,phases      ] GC(78)     Dead                           Min: 0, Avg:  0.0, Max: 0, Diff: 0, Sum: 0, Workers: 4
[30.535s][debug][gc,phases      ] GC(78)     Total                          Min: 0, Avg:  0.0, Max: 0, Diff: 0, Sum: 0, Workers: 4
[30.535s][debug][gc,phases      ] GC(78)   StringTable Weak               Min:  0.1, Avg:  0.1, Max:  0.1, Diff:  0.0, Sum:  0.4, Workers: 4
[30.535s][debug][gc,phases      ] GC(78)     Dead                           Min: 0, Avg:  0.0, Max: 0, Diff: 0, Sum: 0, Workers: 4
[30.535s][debug][gc,phases      ] GC(78)     Total                          Min: 9533, Avg: 10690.0, Max: 11648, Diff: 2115, Sum: 42760, Workers: 4
[30.535s][debug][gc,phases      ] GC(78)   ResolvedMethodTable Weak       Min:  0.0, Avg:  0.0, Max:  0.0, Diff:  0.0, Sum:  0.1, Workers: 4
[30.535s][debug][gc,phases      ] GC(78)     Dead                           Min: 0, Avg:  0.0, Max: 0, Diff: 0, Sum: 0, Workers: 4
[30.535s][debug][gc,phases      ] GC(78)     Total                          Min: 1664, Avg: 1808.5, Max: 1920, Diff: 256, Sum: 7234, Workers: 4
[30.535s][debug][gc,phases      ] GC(78)   JNI Weak                       Min:  0.0, Avg:  0.0, Max:  0.0, Diff:  0.0, Sum:  0.0, Workers: 4
[30.535s][debug][gc,phases      ] GC(78)     Dead                           Min: 0, Avg:  0.0, Max: 0, Diff: 0, Sum: 0, Workers: 4
[30.535s][debug][gc,phases      ] GC(78)     Total                          Min: 0, Avg:  0.0, Max: 0, Diff: 0, Sum: 0, Workers: 4
[30.535s][debug][gc,phases      ] GC(78)   StringDedup Table Weak         Min:  0.0, Avg:  0.0, Max:  0.0, Diff:  0.0, Sum:  0.0, Workers: 4
[30.535s][debug][gc,phases      ] GC(78)     Dead                           Min: 0, Avg:  0.0, Max: 0, Diff: 0, Sum: 0, Workers: 4
[30.535s][debug][gc,phases      ] GC(78)     Total                          Min: 0, Avg:  0.0, Max: 0, Diff: 0, Sum: 0, Workers: 4
[30.535s][debug][gc,phases      ] GC(78)   StringDedup Requests0 Weak     Min:  0.0, Avg:  0.0, Max:  0.0, Diff:  0.0, Sum:  0.0, Workers: 4
[30.535s][debug][gc,phases      ] GC(78)     Dead                           Min: 0, Avg:  0.0, Max: 0, Diff: 0, Sum: 0, Workers: 4
[30.535s][debug][gc,phases      ] GC(78)     Total                          Min: 0, Avg:  0.0, Max: 0, Diff: 0, Sum: 0, Workers: 4
[30.535s][debug][gc,phases      ] GC(78)   StringDedup Requests1 Weak     Min:  0.0, Avg:  0.0, Max:  0.0, Diff:  0.0, Sum:  0.0, Workers: 4
[30.536s][debug][gc,phases      ] GC(78)     Dead                           Min: 0, Avg:  0.0, Max: 0, Diff: 0, Sum: 0, Workers: 4
[30.536s][debug][gc,phases      ] GC(78)     Total                          Min: 0, Avg:  0.0, Max: 0, Diff: 0, Sum: 0, Workers: 4
[30.536s][debug][gc,phases      ] GC(78)   Weak JFR Old Object Samples    Min:  0.0, Avg:  0.0, Max:  0.0, Diff:  0.0, Sum:  0.0, Workers: 4
[30.536s][debug][gc,phases      ] GC(78)     Dead                           Min: 0, Avg:  0.0, Max: 0, Diff: 0, Sum: 0, Workers: 4
[30.536s][debug][gc,phases      ] GC(78)     Total                          Min: 0, Avg:  0.0, Max: 0, Diff: 0, Sum: 0, Workers: 4
[30.536s][debug][gc,phases      ] GC(78) Weak Processing 0.291ms
[30.536s][debug][gc,age         ] GC(78) Desired survivor size 536870912 bytes, new threshold 5 (max threshold 15)
[30.536s][info ][gc,heap        ] GC(78) PSYoungGen: 1060096K(1572864K)->12352K(1572864K) Eden: 1048576K(1048576K)->0K(1048576K) From: 11520K(524288K)->12352K(524288K)
[30.536s][info ][gc,heap        ] GC(78) ParOldGen: 507458K(637952K)->507458K(637952K)
[30.536s][info ][gc,metaspace   ] GC(78) Metaspace: 68642K(69312K)->68642K(69312K) NonClass: 58684K(59072K)->58684K(59072K) Class: 9958K(10240K)->9958K(10240K)
[30.536s][info ][gc             ] GC(78) Pause Young (Allocation Failure) 1530M->507M(2159M) 5.711ms
[30.536s][info ][gc,cpu         ] GC(78) User=0.02s Sys=0.00s Real=0.01s
[30.536s][info ][safepoint      ] Safepoint "ParallelGCFailedAllocation", Time since last: 32628183 ns, Reaching safepoint: 145408 ns, At safepoint: 5809435 ns, Total: 5954843 ns
[30.573s][info ][safepoint      ] Safepoint "ICBufferFull", Time since last: 34890614 ns, Reaching safepoint: 2160225 ns, At safepoint: 31702 ns, Total: 2191927 ns
[30.603s][info ][safepoint      ] Safepoint "ICBufferFull", Time since last: 30535362 ns, Reaching safepoint: 151908 ns, At safepoint: 28402 ns, Total: 180310 ns
[30.714s][info ][gc,start       ] GC(79) Pause Young (Allocation Failure)
[30.720s][debug][gc,phases      ] GC(79) Scavenge 5.009ms
[30.720s][debug][gc,ref         ] GC(79) Skipped phase 1 of Reference Processing: no references
[30.720s][debug][gc,ref         ] GC(79) Skipped phase 2 of Reference Processing: no references
[30.720s][debug][gc,ref         ] GC(79) Skipped phase 3 of Reference Processing: no references
[30.720s][debug][gc,ref         ] GC(79) Skipped phase 4 of Reference Processing: no references
[30.720s][debug][gc,phases      ] GC(79) Reference Processing 0.025ms
[30.720s][debug][gc,phases      ] GC(79)   VM Weak                        Min:  0.0, Avg:  0.0, Max:  0.0, Diff:  0.0, Sum:  0.0, Workers: 4
[30.720s][debug][gc,phases      ] GC(79)     Dead                           Min: 0, Avg:  0.0, Max: 0, Diff: 0, Sum: 0, Workers: 4
[30.720s][debug][gc,phases      ] GC(79)     Total                          Min: 0, Avg: 131.8, Max: 335, Diff: 335, Sum: 527, Workers: 4
[30.720s][debug][gc,phases      ] GC(79)   ObjectSynchronizer Weak        Min:  0.0, Avg:  0.0, Max:  0.0, Diff:  0.0, Sum:  0.0, Workers: 4
[30.720s][debug][gc,phases      ] GC(79)     Dead                           Min: 0, Avg:  0.0, Max: 0, Diff: 0, Sum: 0, Workers: 4
[30.720s][debug][gc,phases      ] GC(79)     Total                          Min: 0, Avg: 131.8, Max: 271, Diff: 271, Sum: 527, Workers: 4
[30.720s][debug][gc,phases      ] GC(79)   JVMTI Tag Weak OopStorage      Min:  0.0, Avg:  0.0, Max:  0.0, Diff:  0.0, Sum:  0.0, Workers: 4
[30.720s][debug][gc,phases      ] GC(79)     Dead                           Min: 0, Avg:  0.0, Max: 0, Diff: 0, Sum: 0, Workers: 4
[30.720s][debug][gc,phases      ] GC(79)     Total                          Min: 0, Avg:  0.0, Max: 0, Diff: 0, Sum: 0, Workers: 4
[30.720s][debug][gc,phases      ] GC(79)   StringTable Weak               Min:  0.1, Avg:  0.1, Max:  0.1, Diff:  0.0, Sum:  0.4, Workers: 4
[30.720s][debug][gc,phases      ] GC(79)     Dead                           Min: 0, Avg:  2.8, Max: 6, Diff: 6, Sum: 11, Workers: 4
[30.720s][debug][gc,phases      ] GC(79)     Total                          Min: 9997, Avg: 10691.2, Max: 11648, Diff: 1651, Sum: 42765, Workers: 4
[30.720s][debug][gc,phases      ] GC(79)   ResolvedMethodTable Weak       Min:  0.0, Avg:  0.0, Max:  0.0, Diff:  0.0, Sum:  0.1, Workers: 4
[30.720s][debug][gc,phases      ] GC(79)     Dead                           Min: 0, Avg:  0.0, Max: 0, Diff: 0, Sum: 0, Workers: 4
[30.720s][debug][gc,phases      ] GC(79)     Total                          Min: 1600, Avg: 1808.5, Max: 1984, Diff: 384, Sum: 7234, Workers: 4
[30.720s][debug][gc,phases      ] GC(79)   JNI Weak                       Min:  0.0, Avg:  0.0, Max:  0.0, Diff:  0.0, Sum:  0.0, Workers: 4
[30.720s][debug][gc,phases      ] GC(79)     Dead                           Min: 0, Avg:  0.0, Max: 0, Diff: 0, Sum: 0, Workers: 4
[30.720s][debug][gc,phases      ] GC(79)     Total                          Min: 0, Avg:  0.0, Max: 0, Diff: 0, Sum: 0, Workers: 4
[30.720s][debug][gc,phases      ] GC(79)   StringDedup Table Weak         Min:  0.0, Avg:  0.0, Max:  0.0, Diff:  0.0, Sum:  0.0, Workers: 4
[30.720s][debug][gc,phases      ] GC(79)     Dead                           Min: 0, Avg:  0.0, Max: 0, Diff: 0, Sum: 0, Workers: 4
[30.720s][debug][gc,phases      ] GC(79)     Total                          Min: 0, Avg:  0.0, Max: 0, Diff: 0, Sum: 0, Workers: 4
[30.720s][debug][gc,phases      ] GC(79)   StringDedup Requests0 Weak     Min:  0.0, Avg:  0.0, Max:  0.0, Diff:  0.0, Sum:  0.0, Workers: 4
[30.720s][debug][gc,phases      ] GC(79)     Dead                           Min: 0, Avg:  0.0, Max: 0, Diff: 0, Sum: 0, Workers: 4
[30.720s][debug][gc,phases      ] GC(79)     Total                          Min: 0, Avg:  0.0, Max: 0, Diff: 0, Sum: 0, Workers: 4
[30.720s][debug][gc,phases      ] GC(79)   StringDedup Requests1 Weak     Min:  0.0, Avg:  0.0, Max:  0.0, Diff:  0.0, Sum:  0.0, Workers: 4
[30.720s][debug][gc,phases      ] GC(79)     Dead                           Min: 0, Avg:  0.0, Max: 0, Diff: 0, Sum: 0, Workers: 4
[30.720s][debug][gc,phases      ] GC(79)     Total                          Min: 0, Avg:  0.0, Max: 0, Diff: 0, Sum: 0, Workers: 4
[30.720s][debug][gc,phases      ] GC(79)   Weak JFR Old Object Samples    Min:  0.0, Avg:  0.0, Max:  0.0, Diff:  0.0, Sum:  0.0, Workers: 4
[30.720s][debug][gc,phases      ] GC(79)     Dead                           Min: 0, Avg:  0.0, Max: 0, Diff: 0, Sum: 0, Workers: 4
[30.720s][debug][gc,phases      ] GC(79)     Total                          Min: 0, Avg:  0.0, Max: 0, Diff: 0, Sum: 0, Workers: 4
[30.720s][debug][gc,phases      ] GC(79) Weak Processing 0.321ms
[30.720s][debug][gc,age         ] GC(79) Desired survivor size 536870912 bytes, new threshold 4 (max threshold 15)
[30.720s][info ][gc,heap        ] GC(79) PSYoungGen: 1060928K(1572864K)->12448K(1572864K) Eden: 1048576K(1048576K)->0K(1048576K) From: 12352K(524288K)->12448K(524288K)
[30.720s][info ][gc,heap        ] GC(79) ParOldGen: 507458K(637952K)->508402K(637952K)
[30.720s][info ][gc,metaspace   ] GC(79) Metaspace: 68648K(69312K)->68648K(69312K) NonClass: 58690K(59072K)->58690K(59072K) Class: 9958K(10240K)->9958K(10240K)
[30.720s][info ][gc             ] GC(79) Pause Young (Allocation Failure) 1531M->508M(2159M) 5.492ms
[30.720s][info ][gc,cpu         ] GC(79) User=0.02s Sys=0.00s Real=0.00s
[30.720s][info ][safepoint      ] Safepoint "ParallelGCFailedAllocation", Time since last: 110801594 ns, Reaching safepoint: 170510 ns, At safepoint: 5607324 ns, Total: 5777834 ns
[30.761s][info ][safepoint      ] Safepoint "ICBufferFull", Time since last: 41138174 ns, Reaching safepoint: 145308 ns, At safepoint: 33302 ns, Total: 178610 ns
[30.869s][info ][safepoint      ] Safepoint "ICBufferFull", Time since last: 107326694 ns, Reaching safepoint: 140208 ns, At safepoint: 29402 ns, Total: 169610 ns
[30.923s][info ][gc,start       ] GC(80) Pause Young (Allocation Failure)
[30.929s][debug][gc,phases      ] GC(80) Scavenge 6.394ms
[30.929s][debug][gc,ref         ] GC(80) Skipped phase 1 of Reference Processing: no references
[30.929s][debug][gc,ref         ] GC(80) ReferenceProcessor::execute queues: 1, RefProcThreadModel::Single, marks_oops_alive: false
[30.929s][debug][gc,ref         ] GC(80) Skipped phase 3 of Reference Processing: no references
[30.929s][debug][gc,ref         ] GC(80) ReferenceProcessor::execute queues: 1, RefProcThreadModel::Single, marks_oops_alive: false
[30.929s][debug][gc,phases      ] GC(80) Reference Processing 0.117ms
[30.930s][debug][gc,phases      ] GC(80)   VM Weak                        Min:  0.0, Avg:  0.0, Max:  0.0, Diff:  0.0, Sum:  0.0, Workers: 4
[30.930s][debug][gc,phases      ] GC(80)     Dead                           Min: 0, Avg:  0.0, Max: 0, Diff: 0, Sum: 0, Workers: 4
[30.930s][debug][gc,phases      ] GC(80)     Total                          Min: 0, Avg: 131.8, Max: 512, Diff: 512, Sum: 527, Workers: 4
[30.930s][debug][gc,phases      ] GC(80)   ObjectSynchronizer Weak        Min:  0.0, Avg:  0.0, Max:  0.0, Diff:  0.0, Sum:  0.0, Workers: 4
[30.930s][debug][gc,phases      ] GC(80)     Dead                           Min: 0, Avg:  0.0, Max: 0, Diff: 0, Sum: 0, Workers: 4
[30.930s][debug][gc,phases      ] GC(80)     Total                          Min: 0, Avg: 131.8, Max: 271, Diff: 271, Sum: 527, Workers: 4
[30.930s][debug][gc,phases      ] GC(80)   JVMTI Tag Weak OopStorage      Min:  0.0, Avg:  0.0, Max:  0.0, Diff:  0.0, Sum:  0.0, Workers: 4
[30.930s][debug][gc,phases      ] GC(80)     Dead                           Min: 0, Avg:  0.0, Max: 0, Diff: 0, Sum: 0, Workers: 4
[30.930s][debug][gc,phases      ] GC(80)     Total                          Min: 0, Avg:  0.0, Max: 0, Diff: 0, Sum: 0, Workers: 4
[30.930s][debug][gc,phases      ] GC(80)   StringTable Weak               Min:  0.1, Avg:  0.1, Max:  0.1, Diff:  0.0, Sum:  0.4, Workers: 4
[30.930s][debug][gc,phases      ] GC(80)     Dead                           Min: 0, Avg:  0.0, Max: 0, Diff: 0, Sum: 0, Workers: 4
[30.930s][debug][gc,phases      ] GC(80)     Total                          Min: 9728, Avg: 10692.2, Max: 11264, Diff: 1536, Sum: 42769, Workers: 4
[30.930s][debug][gc,phases      ] GC(80)   ResolvedMethodTable Weak       Min:  0.0, Avg:  0.0, Max:  0.0, Diff:  0.0, Sum:  0.1, Workers: 4
[30.930s][debug][gc,phases      ] GC(80)     Dead                           Min: 0, Avg:  0.0, Max: 0, Diff: 0, Sum: 0, Workers: 4
[30.930s][debug][gc,phases      ] GC(80)     Total                          Min: 1536, Avg: 1810.0, Max: 2112, Diff: 576, Sum: 7240, Workers: 4
[30.930s][debug][gc,phases      ] GC(80)   JNI Weak                       Min:  0.0, Avg:  0.0, Max:  0.0, Diff:  0.0, Sum:  0.0, Workers: 4
[30.930s][debug][gc,phases      ] GC(80)     Dead                           Min: 0, Avg:  0.0, Max: 0, Diff: 0, Sum: 0, Workers: 4
[30.930s][debug][gc,phases      ] GC(80)     Total                          Min: 0, Avg:  0.0, Max: 0, Diff: 0, Sum: 0, Workers: 4
[30.930s][debug][gc,phases      ] GC(80)   StringDedup Table Weak         Min:  0.0, Avg:  0.0, Max:  0.0, Diff:  0.0, Sum:  0.0, Workers: 4
[30.930s][debug][gc,phases      ] GC(80)     Dead                           Min: 0, Avg:  0.0, Max: 0, Diff: 0, Sum: 0, Workers: 4
[30.930s][debug][gc,phases      ] GC(80)     Total                          Min: 0, Avg:  0.0, Max: 0, Diff: 0, Sum: 0, Workers: 4
[30.930s][debug][gc,phases      ] GC(80)   StringDedup Requests0 Weak     Min:  0.0, Avg:  0.0, Max:  0.0, Diff:  0.0, Sum:  0.0, Workers: 4
[30.930s][debug][gc,phases      ] GC(80)     Dead                           Min: 0, Avg:  0.0, Max: 0, Diff: 0, Sum: 0, Workers: 4
[30.930s][debug][gc,phases      ] GC(80)     Total                          Min: 0, Avg:  0.0, Max: 0, Diff: 0, Sum: 0, Workers: 4
[30.930s][debug][gc,phases      ] GC(80)   StringDedup Requests1 Weak     Min:  0.0, Avg:  0.0, Max:  0.0, Diff:  0.0, Sum:  0.0, Workers: 4
[30.930s][debug][gc,phases      ] GC(80)     Dead                           Min: 0, Avg:  0.0, Max: 0, Diff: 0, Sum: 0, Workers: 4
[30.930s][debug][gc,phases      ] GC(80)     Total                          Min: 0, Avg:  0.0, Max: 0, Diff: 0, Sum: 0, Workers: 4
[30.930s][debug][gc,phases      ] GC(80)   Weak JFR Old Object Samples    Min:  0.0, Avg:  0.0, Max:  0.0, Diff:  0.0, Sum:  0.0, Workers: 4
[30.930s][debug][gc,phases      ] GC(80)     Dead                           Min: 0, Avg:  0.0, Max: 0, Diff: 0, Sum: 0, Workers: 4
[30.930s][debug][gc,phases      ] GC(80)     Total                          Min: 0, Avg:  0.0, Max: 0, Diff: 0, Sum: 0, Workers: 4
[30.930s][debug][gc,phases      ] GC(80) Weak Processing 0.317ms
[30.930s][debug][gc,age         ] GC(80) Desired survivor size 536870912 bytes, new threshold 3 (max threshold 15)
[30.930s][info ][gc,heap        ] GC(80) PSYoungGen: 1061024K(1572864K)->12960K(1572864K) Eden: 1048576K(1048576K)->0K(1048576K) From: 12448K(524288K)->12960K(524288K)
[30.930s][info ][gc,heap        ] GC(80) ParOldGen: 508402K(637952K)->509778K(637952K)
[30.930s][info ][gc,metaspace   ] GC(80) Metaspace: 68655K(69312K)->68655K(69312K) NonClass: 58695K(59072K)->58695K(59072K) Class: 9960K(10240K)->9960K(10240K)
[30.930s][info ][gc             ] GC(80) Pause Young (Allocation Failure) 1532M->510M(2159M) 6.949ms
[30.930s][info ][gc,cpu         ] GC(80) User=0.03s Sys=0.00s Real=0.00s
[30.930s][info ][safepoint      ] Safepoint "ParallelGCFailedAllocation", Time since last: 53899210 ns, Reaching safepoint: 139809 ns, At safepoint: 7051706 ns, Total: 7191515 ns
[31.096s][info ][safepoint      ] Safepoint "ICBufferFull", Time since last: 166121387 ns, Reaching safepoint: 145409 ns, At safepoint: 29401 ns, Total: 174810 ns
[31.128s][info ][gc,start       ] GC(81) Pause Young (Allocation Failure)
[31.134s][debug][gc,phases      ] GC(81) Scavenge 5.696ms
[31.134s][debug][gc,ref         ] GC(81) Skipped phase 1 of Reference Processing: no references
[31.134s][debug][gc,ref         ] GC(81) ReferenceProcessor::execute queues: 1, RefProcThreadModel::Single, marks_oops_alive: false
[31.134s][debug][gc,ref         ] GC(81) Skipped phase 3 of Reference Processing: no references
[31.134s][debug][gc,ref         ] GC(81) Skipped phase 4 of Reference Processing: no references
[31.134s][debug][gc,phases      ] GC(81) Reference Processing 0.136ms
[31.134s][debug][gc,phases      ] GC(81)   VM Weak                        Min:  0.0, Avg:  0.0, Max:  0.0, Diff:  0.0, Sum:  0.0, Workers: 4
[31.134s][debug][gc,phases      ] GC(81)     Dead                           Min: 0, Avg:  0.0, Max: 0, Diff: 0, Sum: 0, Workers: 4
[31.134s][debug][gc,phases      ] GC(81)     Total                          Min: 0, Avg: 131.8, Max: 463, Diff: 463, Sum: 527, Workers: 4
[31.134s][debug][gc,phases      ] GC(81)   ObjectSynchronizer Weak        Min:  0.0, Avg:  0.0, Max:  0.0, Diff:  0.0, Sum:  0.0, Workers: 4
[31.134s][debug][gc,phases      ] GC(81)     Dead                           Min: 0, Avg:  0.0, Max: 0, Diff: 0, Sum: 0, Workers: 4
[31.134s][debug][gc,phases      ] GC(81)     Total                          Min: 0, Avg: 131.8, Max: 256, Diff: 256, Sum: 527, Workers: 4
[31.134s][debug][gc,phases      ] GC(81)   JVMTI Tag Weak OopStorage      Min:  0.0, Avg:  0.0, Max:  0.0, Diff:  0.0, Sum:  0.0, Workers: 4
[31.134s][debug][gc,phases      ] GC(81)     Dead                           Min: 0, Avg:  0.0, Max: 0, Diff: 0, Sum: 0, Workers: 4
[31.134s][debug][gc,phases      ] GC(81)     Total                          Min: 0, Avg:  0.0, Max: 0, Diff: 0, Sum: 0, Workers: 4
[31.134s][debug][gc,phases      ] GC(81)   StringTable Weak               Min:  0.1, Avg:  0.1, Max:  0.1, Diff:  0.0, Sum:  0.4, Workers: 4
[31.134s][debug][gc,phases      ] GC(81)     Dead                           Min: 0, Avg:  0.0, Max: 0, Diff: 0, Sum: 0, Workers: 4
[31.134s][debug][gc,phases      ] GC(81)     Total                          Min: 9920, Avg: 10692.2, Max: 11264, Diff: 1344, Sum: 42769, Workers: 4
[31.134s][debug][gc,phases      ] GC(81)   ResolvedMethodTable Weak       Min:  0.0, Avg:  0.0, Max:  0.0, Diff:  0.0, Sum:  0.1, Workers: 4
[31.134s][debug][gc,phases      ] GC(81)     Dead                           Min: 0, Avg:  0.0, Max: 0, Diff: 0, Sum: 0, Workers: 4
[31.134s][debug][gc,phases      ] GC(81)     Total                          Min: 1536, Avg: 1810.0, Max: 2120, Diff: 584, Sum: 7240, Workers: 4
[31.134s][debug][gc,phases      ] GC(81)   JNI Weak                       Min:  0.0, Avg:  0.0, Max:  0.0, Diff:  0.0, Sum:  0.0, Workers: 4
[31.134s][debug][gc,phases      ] GC(81)     Dead                           Min: 0, Avg:  0.0, Max: 0, Diff: 0, Sum: 0, Workers: 4
[31.134s][debug][gc,phases      ] GC(81)     Total                          Min: 0, Avg:  0.0, Max: 0, Diff: 0, Sum: 0, Workers: 4
[31.134s][debug][gc,phases      ] GC(81)   StringDedup Table Weak         Min:  0.0, Avg:  0.0, Max:  0.0, Diff:  0.0, Sum:  0.0, Workers: 4
[31.134s][debug][gc,phases      ] GC(81)     Dead                           Min: 0, Avg:  0.0, Max: 0, Diff: 0, Sum: 0, Workers: 4
[31.134s][debug][gc,phases      ] GC(81)     Total                          Min: 0, Avg:  0.0, Max: 0, Diff: 0, Sum: 0, Workers: 4
[31.134s][debug][gc,phases      ] GC(81)   StringDedup Requests0 Weak     Min:  0.0, Avg:  0.0, Max:  0.0, Diff:  0.0, Sum:  0.0, Workers: 4
[31.134s][debug][gc,phases      ] GC(81)     Dead                           Min: 0, Avg:  0.0, Max: 0, Diff: 0, Sum: 0, Workers: 4
[31.134s][debug][gc,phases      ] GC(81)     Total                          Min: 0, Avg:  0.0, Max: 0, Diff: 0, Sum: 0, Workers: 4
[31.134s][debug][gc,phases      ] GC(81)   StringDedup Requests1 Weak     Min:  0.0, Avg:  0.0, Max:  0.0, Diff:  0.0, Sum:  0.0, Workers: 4
[31.134s][debug][gc,phases      ] GC(81)     Dead                           Min: 0, Avg:  0.0, Max: 0, Diff: 0, Sum: 0, Workers: 4
[31.134s][debug][gc,phases      ] GC(81)     Total                          Min: 0, Avg:  0.0, Max: 0, Diff: 0, Sum: 0, Workers: 4
[31.134s][debug][gc,phases      ] GC(81)   Weak JFR Old Object Samples    Min:  0.0, Avg:  0.0, Max:  0.0, Diff:  0.0, Sum:  0.0, Workers: 4
[31.134s][debug][gc,phases      ] GC(81)     Dead                           Min: 0, Avg:  0.0, Max: 0, Diff: 0, Sum: 0, Workers: 4
[31.134s][debug][gc,phases      ] GC(81)     Total                          Min: 0, Avg:  0.0, Max: 0, Diff: 0, Sum: 0, Workers: 4
[31.134s][debug][gc,phases      ] GC(81) Weak Processing 0.335ms
[31.134s][debug][gc,age         ] GC(81) Desired survivor size 536870912 bytes, new threshold 2 (max threshold 15)
[31.134s][info ][gc,heap        ] GC(81) PSYoungGen: 1061536K(1572864K)->4416K(1572864K) Eden: 1048576K(1048576K)->0K(1048576K) From: 12960K(524288K)->4416K(524288K)
[31.134s][info ][gc,heap        ] GC(81) ParOldGen: 509778K(637952K)->519954K(637952K)
[31.134s][info ][gc,metaspace   ] GC(81) Metaspace: 68655K(69312K)->68655K(69312K) NonClass: 58695K(59072K)->58695K(59072K) Class: 9960K(10240K)->9960K(10240K)
[31.134s][info ][gc             ] GC(81) Pause Young (Allocation Failure) 1534M->512M(2159M) 6.295ms
[31.134s][info ][gc,cpu         ] GC(81) User=0.02s Sys=0.00s Real=0.01s
[31.135s][info ][safepoint      ] Safepoint "ParallelGCFailedAllocation", Time since last: 31749833 ns, Reaching safepoint: 132907 ns, At safepoint: 6402970 ns, Total: 6535877 ns
[31.314s][info ][gc,start       ] GC(82) Pause Young (Allocation Failure)
[31.318s][debug][gc,phases      ] GC(82) Scavenge 4.206ms
[31.318s][debug][gc,ref         ] GC(82) Skipped phase 1 of Reference Processing: no references
[31.318s][debug][gc,ref         ] GC(82) Skipped phase 2 of Reference Processing: no references
[31.318s][debug][gc,ref         ] GC(82) Skipped phase 3 of Reference Processing: no references
[31.318s][debug][gc,ref         ] GC(82) Skipped phase 4 of Reference Processing: no references
[31.318s][debug][gc,phases      ] GC(82) Reference Processing 0.023ms
[31.318s][debug][gc,phases      ] GC(82)   VM Weak                        Min:  0.0, Avg:  0.0, Max:  0.0, Diff:  0.0, Sum:  0.0, Workers: 4
[31.318s][debug][gc,phases      ] GC(82)     Dead                           Min: 0, Avg:  0.0, Max: 0, Diff: 0, Sum: 0, Workers: 4
[31.318s][debug][gc,phases      ] GC(82)     Total                          Min: 15, Avg: 131.8, Max: 320, Diff: 305, Sum: 527, Workers: 4
[31.318s][debug][gc,phases      ] GC(82)   ObjectSynchronizer Weak        Min:  0.0, Avg:  0.0, Max:  0.0, Diff:  0.0, Sum:  0.0, Workers: 4
[31.318s][debug][gc,phases      ] GC(82)     Dead                           Min: 0, Avg:  0.0, Max: 0, Diff: 0, Sum: 0, Workers: 4
[31.318s][debug][gc,phases      ] GC(82)     Total                          Min: 0, Avg: 131.8, Max: 384, Diff: 384, Sum: 527, Workers: 4
[31.318s][debug][gc,phases      ] GC(82)   JVMTI Tag Weak OopStorage      Min:  0.0, Avg:  0.0, Max:  0.0, Diff:  0.0, Sum:  0.0, Workers: 4
[31.318s][debug][gc,phases      ] GC(82)     Dead                           Min: 0, Avg:  0.0, Max: 0, Diff: 0, Sum: 0, Workers: 4
[31.318s][debug][gc,phases      ] GC(82)     Total                          Min: 0, Avg:  0.0, Max: 0, Diff: 0, Sum: 0, Workers: 4
[31.319s][debug][gc,phases      ] GC(82)   StringTable Weak               Min:  0.1, Avg:  0.1, Max:  0.1, Diff:  0.0, Sum:  0.5, Workers: 4
[31.319s][debug][gc,phases      ] GC(82)     Dead                           Min: 0, Avg:  2.8, Max: 11, Diff: 11, Sum: 11, Workers: 4
[31.319s][debug][gc,phases      ] GC(82)     Total                          Min: 9595, Avg: 10693.2, Max: 11482, Diff: 1887, Sum: 42773, Workers: 4
[31.319s][debug][gc,phases      ] GC(82)   ResolvedMethodTable Weak       Min:  0.0, Avg:  0.0, Max:  0.0, Diff:  0.0, Sum:  0.1, Workers: 4
[31.319s][debug][gc,phases      ] GC(82)     Dead                           Min: 0, Avg:  0.0, Max: 0, Diff: 0, Sum: 0, Workers: 4
[31.319s][debug][gc,phases      ] GC(82)     Total                          Min: 1600, Avg: 1810.0, Max: 1984, Diff: 384, Sum: 7240, Workers: 4
[31.319s][debug][gc,phases      ] GC(82)   JNI Weak                       Min:  0.0, Avg:  0.0, Max:  0.0, Diff:  0.0, Sum:  0.0, Workers: 4
[31.319s][debug][gc,phases      ] GC(82)     Dead                           Min: 0, Avg:  0.0, Max: 0, Diff: 0, Sum: 0, Workers: 4
[31.319s][debug][gc,phases      ] GC(82)     Total                          Min: 0, Avg:  0.0, Max: 0, Diff: 0, Sum: 0, Workers: 4
[31.319s][debug][gc,phases      ] GC(82)   StringDedup Table Weak         Min:  0.0, Avg:  0.0, Max:  0.0, Diff:  0.0, Sum:  0.0, Workers: 4
[31.319s][debug][gc,phases      ] GC(82)     Dead                           Min: 0, Avg:  0.0, Max: 0, Diff: 0, Sum: 0, Workers: 4
[31.319s][debug][gc,phases      ] GC(82)     Total                          Min: 0, Avg:  0.0, Max: 0, Diff: 0, Sum: 0, Workers: 4
[31.319s][debug][gc,phases      ] GC(82)   StringDedup Requests0 Weak     Min:  0.0, Avg:  0.0, Max:  0.0, Diff:  0.0, Sum:  0.0, Workers: 4
[31.319s][debug][gc,phases      ] GC(82)     Dead                           Min: 0, Avg:  0.0, Max: 0, Diff: 0, Sum: 0, Workers: 4
[31.319s][debug][gc,phases      ] GC(82)     Total                          Min: 0, Avg:  0.0, Max: 0, Diff: 0, Sum: 0, Workers: 4
[31.319s][debug][gc,phases      ] GC(82)   StringDedup Requests1 Weak     Min:  0.0, Avg:  0.0, Max:  0.0, Diff:  0.0, Sum:  0.0, Workers: 4
[31.319s][debug][gc,phases      ] GC(82)     Dead                           Min: 0, Avg:  0.0, Max: 0, Diff: 0, Sum: 0, Workers: 4
[31.319s][debug][gc,phases      ] GC(82)     Total                          Min: 0, Avg:  0.0, Max: 0, Diff: 0, Sum: 0, Workers: 4
[31.319s][debug][gc,phases      ] GC(82)   Weak JFR Old Object Samples    Min:  0.0, Avg:  0.0, Max:  0.0, Diff:  0.0, Sum:  0.0, Workers: 4
[31.319s][debug][gc,phases      ] GC(82)     Dead                           Min: 0, Avg:  0.0, Max: 0, Diff: 0, Sum: 0, Workers: 4
[31.319s][debug][gc,phases      ] GC(82)     Total                          Min: 0, Avg:  0.0, Max: 0, Diff: 0, Sum: 0, Workers: 4
[31.319s][debug][gc,phases      ] GC(82) Weak Processing 0.345ms
[31.319s][debug][gc,age         ] GC(82) Desired survivor size 536870912 bytes, new threshold 1 (max threshold 15)
[31.319s][info ][gc,heap        ] GC(82) PSYoungGen: 1052992K(1572864K)->2528K(1572864K) Eden: 1048576K(1048576K)->0K(1048576K) From: 4416K(524288K)->2528K(524288K)
[31.319s][info ][gc,heap        ] GC(82) ParOldGen: 519954K(637952K)->522946K(637952K)
[31.319s][info ][gc,metaspace   ] GC(82) Metaspace: 68657K(69312K)->68657K(69312K) NonClass: 58697K(59072K)->58697K(59072K) Class: 9960K(10240K)->9960K(10240K)
[31.319s][info ][gc             ] GC(82) Pause Young (Allocation Failure) 1536M->513M(2159M) 4.702ms
[31.319s][info ][gc,cpu         ] GC(82) User=0.02s Sys=0.00s Real=0.01s
[31.319s][info ][safepoint      ] Safepoint "ParallelGCFailedAllocation", Time since last: 179255244 ns, Reaching safepoint: 151309 ns, At safepoint: 4815078 ns, Total: 4966387 ns
[31.500s][info ][gc,start       ] GC(83) Pause Young (Allocation Failure)
[31.507s][debug][gc,phases      ] GC(83) Scavenge 7.188ms
[31.507s][debug][gc,ref         ] GC(83) Skipped phase 1 of Reference Processing: no references
[31.507s][debug][gc,ref         ] GC(83) Skipped phase 2 of Reference Processing: no references
[31.507s][debug][gc,ref         ] GC(83) Skipped phase 3 of Reference Processing: no references
[31.507s][debug][gc,ref         ] GC(83) Skipped phase 4 of Reference Processing: no references
[31.507s][debug][gc,phases      ] GC(83) Reference Processing 0.044ms
[31.508s][debug][gc,phases      ] GC(83)   VM Weak                        Min:  0.0, Avg:  0.0, Max:  0.0, Diff:  0.0, Sum:  0.0, Workers: 4
[31.508s][debug][gc,phases      ] GC(83)     Dead                           Min: 0, Avg:  0.0, Max: 0, Diff: 0, Sum: 0, Workers: 4
[31.508s][debug][gc,phases      ] GC(83)     Total                          Min: 0, Avg: 131.8, Max: 320, Diff: 320, Sum: 527, Workers: 4
[31.508s][debug][gc,phases      ] GC(83)   ObjectSynchronizer Weak        Min:  0.0, Avg:  0.0, Max:  0.0, Diff:  0.0, Sum:  0.0, Workers: 4
[31.508s][debug][gc,phases      ] GC(83)     Dead                           Min: 0, Avg:  0.0, Max: 0, Diff: 0, Sum: 0, Workers: 4
[31.508s][debug][gc,phases      ] GC(83)     Total                          Min: 0, Avg: 131.8, Max: 207, Diff: 207, Sum: 527, Workers: 4
[31.508s][debug][gc,phases      ] GC(83)   JVMTI Tag Weak OopStorage      Min:  0.0, Avg:  0.0, Max:  0.0, Diff:  0.0, Sum:  0.0, Workers: 4
[31.508s][debug][gc,phases      ] GC(83)     Dead                           Min: 0, Avg:  0.0, Max: 0, Diff: 0, Sum: 0, Workers: 4
[31.508s][debug][gc,phases      ] GC(83)     Total                          Min: 0, Avg:  0.0, Max: 0, Diff: 0, Sum: 0, Workers: 4
[31.508s][debug][gc,phases      ] GC(83)   StringTable Weak               Min:  0.1, Avg:  0.1, Max:  0.1, Diff:  0.0, Sum:  0.4, Workers: 4
[31.508s][debug][gc,phases      ] GC(83)     Dead                           Min: 0, Avg:  0.0, Max: 0, Diff: 0, Sum: 0, Workers: 4
[31.508s][debug][gc,phases      ] GC(83)     Total                          Min: 10235, Avg: 10693.2, Max: 11072, Diff: 837, Sum: 42773, Workers: 4
[31.508s][debug][gc,phases      ] GC(83)   ResolvedMethodTable Weak       Min:  0.0, Avg:  0.0, Max:  0.0, Diff:  0.0, Sum:  0.1, Workers: 4
[31.508s][debug][gc,phases      ] GC(83)     Dead                           Min: 0, Avg:  0.0, Max: 0, Diff: 0, Sum: 0, Workers: 4
[31.508s][debug][gc,phases      ] GC(83)     Total                          Min: 1600, Avg: 1810.0, Max: 1984, Diff: 384, Sum: 7240, Workers: 4
[31.508s][debug][gc,phases      ] GC(83)   JNI Weak                       Min:  0.0, Avg:  0.0, Max:  0.0, Diff:  0.0, Sum:  0.0, Workers: 4
[31.508s][debug][gc,phases      ] GC(83)     Dead                           Min: 0, Avg:  0.0, Max: 0, Diff: 0, Sum: 0, Workers: 4
[31.508s][debug][gc,phases      ] GC(83)     Total                          Min: 0, Avg:  1.0, Max: 4, Diff: 4, Sum: 4, Workers: 4
[31.508s][debug][gc,phases      ] GC(83)   StringDedup Table Weak         Min:  0.0, Avg:  0.0, Max:  0.0, Diff:  0.0, Sum:  0.0, Workers: 4
[31.508s][debug][gc,phases      ] GC(83)     Dead                           Min: 0, Avg:  0.0, Max: 0, Diff: 0, Sum: 0, Workers: 4
[31.508s][debug][gc,phases      ] GC(83)     Total                          Min: 0, Avg:  0.0, Max: 0, Diff: 0, Sum: 0, Workers: 4
[31.508s][debug][gc,phases      ] GC(83)   StringDedup Requests0 Weak     Min:  0.0, Avg:  0.0, Max:  0.0, Diff:  0.0, Sum:  0.0, Workers: 4
[31.508s][debug][gc,phases      ] GC(83)     Dead                           Min: 0, Avg:  0.0, Max: 0, Diff: 0, Sum: 0, Workers: 4
[31.508s][debug][gc,phases      ] GC(83)     Total                          Min: 0, Avg:  0.0, Max: 0, Diff: 0, Sum: 0, Workers: 4
[31.508s][debug][gc,phases      ] GC(83)   StringDedup Requests1 Weak     Min:  0.0, Avg:  0.0, Max:  0.0, Diff:  0.0, Sum:  0.0, Workers: 4
[31.508s][debug][gc,phases      ] GC(83)     Dead                           Min: 0, Avg:  0.0, Max: 0, Diff: 0, Sum: 0, Workers: 4
[31.508s][debug][gc,phases      ] GC(83)     Total                          Min: 0, Avg:  0.0, Max: 0, Diff: 0, Sum: 0, Workers: 4
[31.508s][debug][gc,phases      ] GC(83)   Weak JFR Old Object Samples    Min:  0.0, Avg:  0.0, Max:  0.0, Diff:  0.0, Sum:  0.0, Workers: 4
[31.508s][debug][gc,phases      ] GC(83)     Dead                           Min: 0, Avg:  0.0, Max: 0, Diff: 0, Sum: 0, Workers: 4
[31.508s][debug][gc,phases      ] GC(83)     Total                          Min: 0, Avg:  0.0, Max: 0, Diff: 0, Sum: 0, Workers: 4
[31.508s][debug][gc,phases      ] GC(83) Weak Processing 0.307ms
[31.508s][debug][gc,age         ] GC(83) Desired survivor size 536870912 bytes, new threshold 1 (max threshold 15)
[31.508s][info ][gc,heap        ] GC(83) PSYoungGen: 1051104K(1572864K)->16394K(1572864K) Eden: 1048576K(1048576K)->0K(1048576K) From: 2528K(524288K)->16394K(524288K)
[31.508s][info ][gc,heap        ] GC(83) ParOldGen: 522946K(637952K)->525306K(637952K)
[31.508s][info ][gc,metaspace   ] GC(83) Metaspace: 68658K(69312K)->68658K(69312K) NonClass: 58698K(59072K)->58698K(59072K) Class: 9960K(10240K)->9960K(10240K)
[31.508s][info ][gc             ] GC(83) Pause Young (Allocation Failure) 1537M->529M(2159M) 7.675ms
[31.508s][info ][gc,cpu         ] GC(83) User=0.03s Sys=0.00s Real=0.01s
[31.508s][info ][safepoint      ] Safepoint "ParallelGCFailedAllocation", Time since last: 181197757 ns, Reaching safepoint: 183310 ns, At safepoint: 7792850 ns, Total: 7976160 ns
[31.685s][info ][gc,start       ] GC(84) Pause Young (Allocation Failure)
[31.707s][debug][gc,phases      ] GC(84) Scavenge 22.231ms
[31.707s][debug][gc,ref         ] GC(84) Skipped phase 1 of Reference Processing: no references
[31.707s][debug][gc,ref         ] GC(84) Skipped phase 2 of Reference Processing: no references
[31.707s][debug][gc,ref         ] GC(84) Skipped phase 3 of Reference Processing: no references
[31.707s][debug][gc,ref         ] GC(84) Skipped phase 4 of Reference Processing: no references
[31.707s][debug][gc,phases      ] GC(84) Reference Processing 0.026ms
[31.707s][debug][gc,phases      ] GC(84)   VM Weak                        Min:  0.0, Avg:  0.0, Max:  0.0, Diff:  0.0, Sum:  0.0, Workers: 4
[31.707s][debug][gc,phases      ] GC(84)     Dead                           Min: 0, Avg:  0.0, Max: 0, Diff: 0, Sum: 0, Workers: 4
[31.707s][debug][gc,phases      ] GC(84)     Total                          Min: 0, Avg: 131.8, Max: 512, Diff: 512, Sum: 527, Workers: 4
[31.707s][debug][gc,phases      ] GC(84)   ObjectSynchronizer Weak        Min:  0.0, Avg:  0.0, Max:  0.0, Diff:  0.0, Sum:  0.0, Workers: 4
[31.707s][debug][gc,phases      ] GC(84)     Dead                           Min: 0, Avg:  0.0, Max: 0, Diff: 0, Sum: 0, Workers: 4
[31.707s][debug][gc,phases      ] GC(84)     Total                          Min: 0, Avg: 131.8, Max: 271, Diff: 271, Sum: 527, Workers: 4
[31.707s][debug][gc,phases      ] GC(84)   JVMTI Tag Weak OopStorage      Min:  0.0, Avg:  0.0, Max:  0.0, Diff:  0.0, Sum:  0.0, Workers: 4
[31.707s][debug][gc,phases      ] GC(84)     Dead                           Min: 0, Avg:  0.0, Max: 0, Diff: 0, Sum: 0, Workers: 4
[31.707s][debug][gc,phases      ] GC(84)     Total                          Min: 0, Avg:  0.0, Max: 0, Diff: 0, Sum: 0, Workers: 4
[31.707s][debug][gc,phases      ] GC(84)   StringTable Weak               Min:  0.1, Avg:  0.1, Max:  0.1, Diff:  0.0, Sum:  0.4, Workers: 4
[31.707s][debug][gc,phases      ] GC(84)     Dead                           Min: 0, Avg:  2.8, Max: 7, Diff: 7, Sum: 11, Workers: 4
[31.707s][debug][gc,phases      ] GC(84)     Total                          Min: 10262, Avg: 10693.5, Max: 11264, Diff: 1002, Sum: 42774, Workers: 4
[31.707s][debug][gc,phases      ] GC(84)   ResolvedMethodTable Weak       Min:  0.0, Avg:  0.0, Max:  0.0, Diff:  0.0, Sum:  0.1, Workers: 4
[31.707s][debug][gc,phases      ] GC(84)     Dead                           Min: 0, Avg:  0.0, Max: 0, Diff: 0, Sum: 0, Workers: 4
[31.707s][debug][gc,phases      ] GC(84)     Total                          Min: 1672, Avg: 1810.0, Max: 1984, Diff: 312, Sum: 7240, Workers: 4
[31.707s][debug][gc,phases      ] GC(84)   JNI Weak                       Min:  0.0, Avg:  0.0, Max:  0.0, Diff:  0.0, Sum:  0.0, Workers: 4
[31.707s][debug][gc,phases      ] GC(84)     Dead                           Min: 0, Avg:  0.0, Max: 0, Diff: 0, Sum: 0, Workers: 4
[31.707s][debug][gc,phases      ] GC(84)     Total                          Min: 0, Avg:  1.8, Max: 7, Diff: 7, Sum: 7, Workers: 4
[31.707s][debug][gc,phases      ] GC(84)   StringDedup Table Weak         Min:  0.0, Avg:  0.0, Max:  0.0, Diff:  0.0, Sum:  0.0, Workers: 4
[31.707s][debug][gc,phases      ] GC(84)     Dead                           Min: 0, Avg:  0.0, Max: 0, Diff: 0, Sum: 0, Workers: 4
[31.707s][debug][gc,phases      ] GC(84)     Total                          Min: 0, Avg:  0.0, Max: 0, Diff: 0, Sum: 0, Workers: 4
[31.707s][debug][gc,phases      ] GC(84)   StringDedup Requests0 Weak     Min:  0.0, Avg:  0.0, Max:  0.0, Diff:  0.0, Sum:  0.0, Workers: 4
[31.707s][debug][gc,phases      ] GC(84)     Dead                           Min: 0, Avg:  0.0, Max: 0, Diff: 0, Sum: 0, Workers: 4
[31.707s][debug][gc,phases      ] GC(84)     Total                          Min: 0, Avg:  0.0, Max: 0, Diff: 0, Sum: 0, Workers: 4
[31.707s][debug][gc,phases      ] GC(84)   StringDedup Requests1 Weak     Min:  0.0, Avg:  0.0, Max:  0.0, Diff:  0.0, Sum:  0.0, Workers: 4
[31.707s][debug][gc,phases      ] GC(84)     Dead                           Min: 0, Avg:  0.0, Max: 0, Diff: 0, Sum: 0, Workers: 4
[31.707s][debug][gc,phases      ] GC(84)     Total                          Min: 0, Avg:  0.0, Max: 0, Diff: 0, Sum: 0, Workers: 4
[31.707s][debug][gc,phases      ] GC(84)   Weak JFR Old Object Samples    Min:  0.0, Avg:  0.0, Max:  0.0, Diff:  0.0, Sum:  0.0, Workers: 4
[31.707s][debug][gc,phases      ] GC(84)     Dead                           Min: 0, Avg:  0.0, Max: 0, Diff: 0, Sum: 0, Workers: 4
[31.707s][debug][gc,phases      ] GC(84)     Total                          Min: 0, Avg:  0.0, Max: 0, Diff: 0, Sum: 0, Workers: 4
[31.707s][debug][gc,phases      ] GC(84) Weak Processing 0.318ms
[31.707s][debug][gc,age         ] GC(84) Desired survivor size 516947968 bytes, new threshold 2 (max threshold 15)
[31.707s][info ][gc,heap        ] GC(84) PSYoungGen: 1064970K(1572864K)->62656K(1592320K) Eden: 1048576K(1048576K)->0K(1068032K) From: 16394K(524288K)->62656K(524288K)
[31.707s][info ][gc,heap        ] GC(84) ParOldGen: 525306K(637952K)->541666K(637952K)
[31.707s][info ][gc,metaspace   ] GC(84) Metaspace: 68666K(69376K)->68666K(69376K) NonClass: 58706K(59136K)->58706K(59136K) Class: 9960K(10240K)->9960K(10240K)
[31.707s][info ][gc             ] GC(84) Pause Young (Allocation Failure) 1553M->590M(2178M) 22.716ms
[31.707s][info ][gc,cpu         ] GC(84) User=0.10s Sys=0.00s Real=0.02s
[31.707s][info ][safepoint      ] Safepoint "ParallelGCFailedAllocation", Time since last: 176603692 ns, Reaching safepoint: 133008 ns, At safepoint: 22833217 ns, Total: 22966225 ns
[31.866s][info ][gc,start       ] GC(85) Pause Young (Allocation Failure)
[31.882s][debug][gc,phases      ] GC(85) Scavenge 15.975ms
[31.882s][debug][gc,ref         ] GC(85) Skipped phase 1 of Reference Processing: no references
[31.882s][debug][gc,ref         ] GC(85) Skipped phase 2 of Reference Processing: no references
[31.882s][debug][gc,ref         ] GC(85) Skipped phase 3 of Reference Processing: no references
[31.882s][debug][gc,ref         ] GC(85) Skipped phase 4 of Reference Processing: no references
[31.882s][debug][gc,phases      ] GC(85) Reference Processing 0.025ms
[31.882s][debug][gc,phases      ] GC(85)   VM Weak                        Min:  0.0, Avg:  0.0, Max:  0.0, Diff:  0.0, Sum:  0.0, Workers: 4
[31.882s][debug][gc,phases      ] GC(85)     Dead                           Min: 0, Avg:  0.0, Max: 0, Diff: 0, Sum: 0, Workers: 4
[31.882s][debug][gc,phases      ] GC(85)     Total                          Min: 0, Avg: 131.8, Max: 271, Diff: 271, Sum: 527, Workers: 4
[31.882s][debug][gc,phases      ] GC(85)   ObjectSynchronizer Weak        Min:  0.0, Avg:  0.0, Max:  0.0, Diff:  0.0, Sum:  0.0, Workers: 4
[31.882s][debug][gc,phases      ] GC(85)     Dead                           Min: 0, Avg:  0.0, Max: 0, Diff: 0, Sum: 0, Workers: 4
[31.882s][debug][gc,phases      ] GC(85)     Total                          Min: 0, Avg: 131.8, Max: 256, Diff: 256, Sum: 527, Workers: 4
[31.882s][debug][gc,phases      ] GC(85)   JVMTI Tag Weak OopStorage      Min:  0.0, Avg:  0.0, Max:  0.0, Diff:  0.0, Sum:  0.0, Workers: 4
[31.882s][debug][gc,phases      ] GC(85)     Dead                           Min: 0, Avg:  0.0, Max: 0, Diff: 0, Sum: 0, Workers: 4
[31.882s][debug][gc,phases      ] GC(85)     Total                          Min: 0, Avg:  0.0, Max: 0, Diff: 0, Sum: 0, Workers: 4
[31.882s][debug][gc,phases      ] GC(85)   StringTable Weak               Min:  0.1, Avg:  0.1, Max:  0.1, Diff:  0.0, Sum:  0.4, Workers: 4
[31.882s][debug][gc,phases      ] GC(85)     Dead                           Min: 0, Avg:  0.0, Max: 0, Diff: 0, Sum: 0, Workers: 4
[31.882s][debug][gc,phases      ] GC(85)     Total                          Min: 10176, Avg: 10693.5, Max: 10902, Diff: 726, Sum: 42774, Workers: 4
[31.882s][debug][gc,phases      ] GC(85)   ResolvedMethodTable Weak       Min:  0.0, Avg:  0.0, Max:  0.0, Diff:  0.0, Sum:  0.1, Workers: 4
[31.882s][debug][gc,phases      ] GC(85)     Dead                           Min: 0, Avg:  0.0, Max: 0, Diff: 0, Sum: 0, Workers: 4
[31.882s][debug][gc,phases      ] GC(85)     Total                          Min: 1608, Avg: 1810.0, Max: 1984, Diff: 376, Sum: 7240, Workers: 4
[31.882s][debug][gc,phases      ] GC(85)   JNI Weak                       Min:  0.0, Avg:  0.0, Max:  0.0, Diff:  0.0, Sum:  0.0, Workers: 4
[31.882s][debug][gc,phases      ] GC(85)     Dead                           Min: 0, Avg:  0.0, Max: 0, Diff: 0, Sum: 0, Workers: 4
[31.882s][debug][gc,phases      ] GC(85)     Total                          Min: 0, Avg:  1.8, Max: 7, Diff: 7, Sum: 7, Workers: 4
[31.882s][debug][gc,phases      ] GC(85)   StringDedup Table Weak         Min:  0.0, Avg:  0.0, Max:  0.0, Diff:  0.0, Sum:  0.0, Workers: 4
[31.882s][debug][gc,phases      ] GC(85)     Dead                           Min: 0, Avg:  0.0, Max: 0, Diff: 0, Sum: 0, Workers: 4
[31.882s][debug][gc,phases      ] GC(85)     Total                          Min: 0, Avg:  0.0, Max: 0, Diff: 0, Sum: 0, Workers: 4
[31.882s][debug][gc,phases      ] GC(85)   StringDedup Requests0 Weak     Min:  0.0, Avg:  0.0, Max:  0.0, Diff:  0.0, Sum:  0.0, Workers: 4
[31.882s][debug][gc,phases      ] GC(85)     Dead                           Min: 0, Avg:  0.0, Max: 0, Diff: 0, Sum: 0, Workers: 4
[31.882s][debug][gc,phases      ] GC(85)     Total                          Min: 0, Avg:  0.0, Max: 0, Diff: 0, Sum: 0, Workers: 4
[31.882s][debug][gc,phases      ] GC(85)   StringDedup Requests1 Weak     Min:  0.0, Avg:  0.0, Max:  0.0, Diff:  0.0, Sum:  0.0, Workers: 4
[31.882s][debug][gc,phases      ] GC(85)     Dead                           Min: 0, Avg:  0.0, Max: 0, Diff: 0, Sum: 0, Workers: 4
[31.882s][debug][gc,phases      ] GC(85)     Total                          Min: 0, Avg:  0.0, Max: 0, Diff: 0, Sum: 0, Workers: 4
[31.882s][debug][gc,phases      ] GC(85)   Weak JFR Old Object Samples    Min:  0.0, Avg:  0.0, Max:  0.0, Diff:  0.0, Sum:  0.0, Workers: 4
[31.882s][debug][gc,phases      ] GC(85)     Dead                           Min: 0, Avg:  0.0, Max: 0, Diff: 0, Sum: 0, Workers: 4
[31.882s][debug][gc,phases      ] GC(85)     Total                          Min: 0, Avg:  0.0, Max: 0, Diff: 0, Sum: 0, Workers: 4
[31.882s][debug][gc,phases      ] GC(85) Weak Processing 0.314ms
[31.882s][debug][gc,age         ] GC(85) Desired survivor size 481820672 bytes, new threshold 3 (max threshold 15)
[31.882s][info ][gc,heap        ] GC(85) PSYoungGen: 1130688K(1592320K)->63136K(1572864K) Eden: 1068032K(1068032K)->0K(1068032K) From: 62656K(524288K)->63136K(504832K)
[31.882s][info ][gc,heap        ] GC(85) ParOldGen: 541666K(637952K)->541666K(637952K)
[31.882s][info ][gc,metaspace   ] GC(85) Metaspace: 68670K(69376K)->68670K(69376K) NonClass: 58710K(59136K)->58710K(59136K) Class: 9960K(10240K)->9960K(10240K)
[31.882s][info ][gc             ] GC(85) Pause Young (Allocation Failure) 1633M->590M(2159M) 16.452ms
[31.882s][info ][gc,cpu         ] GC(85) User=0.08s Sys=0.00s Real=0.01s
[31.882s][info ][safepoint      ] Safepoint "ParallelGCFailedAllocation", Time since last: 157681600 ns, Reaching safepoint: 403723 ns, At safepoint: 16574057 ns, Total: 16977780 ns
[32.062s][info ][gc,start       ] GC(86) Pause Young (Allocation Failure)
[32.078s][debug][gc,phases      ] GC(86) Scavenge 16.490ms
[32.078s][debug][gc,ref         ] GC(86) Skipped phase 1 of Reference Processing: no references
[32.078s][debug][gc,ref         ] GC(86) Skipped phase 2 of Reference Processing: no references
[32.078s][debug][gc,ref         ] GC(86) Skipped phase 3 of Reference Processing: no references
[32.078s][debug][gc,ref         ] GC(86) Skipped phase 4 of Reference Processing: no references
[32.078s][debug][gc,phases      ] GC(86) Reference Processing 0.026ms
[32.079s][debug][gc,phases      ] GC(86)   VM Weak                        Min:  0.0, Avg:  0.0, Max:  0.0, Diff:  0.0, Sum:  0.0, Workers: 4
[32.079s][debug][gc,phases      ] GC(86)     Dead                           Min: 0, Avg:  0.0, Max: 0, Diff: 0, Sum: 0, Workers: 4
[32.079s][debug][gc,phases      ] GC(86)     Total                          Min: 0, Avg: 131.8, Max: 335, Diff: 335, Sum: 527, Workers: 4
[32.079s][debug][gc,phases      ] GC(86)   ObjectSynchronizer Weak        Min:  0.0, Avg:  0.0, Max:  0.0, Diff:  0.0, Sum:  0.0, Workers: 4
[32.079s][debug][gc,phases      ] GC(86)     Dead                           Min: 0, Avg:  0.0, Max: 0, Diff: 0, Sum: 0, Workers: 4
[32.079s][debug][gc,phases      ] GC(86)     Total                          Min: 0, Avg: 131.8, Max: 320, Diff: 320, Sum: 527, Workers: 4
[32.079s][debug][gc,phases      ] GC(86)   JVMTI Tag Weak OopStorage      Min:  0.0, Avg:  0.0, Max:  0.0, Diff:  0.0, Sum:  0.0, Workers: 4
[32.079s][debug][gc,phases      ] GC(86)     Dead                           Min: 0, Avg:  0.0, Max: 0, Diff: 0, Sum: 0, Workers: 4
[32.079s][debug][gc,phases      ] GC(86)     Total                          Min: 0, Avg:  0.0, Max: 0, Diff: 0, Sum: 0, Workers: 4
[32.079s][debug][gc,phases      ] GC(86)   StringTable Weak               Min:  0.1, Avg:  0.1, Max:  0.1, Diff:  0.0, Sum:  0.4, Workers: 4
[32.079s][debug][gc,phases      ] GC(86)     Dead                           Min: 0, Avg:  0.0, Max: 0, Diff: 0, Sum: 0, Workers: 4
[32.079s][debug][gc,phases      ] GC(86)     Total                          Min: 10048, Avg: 10693.5, Max: 11520, Diff: 1472, Sum: 42774, Workers: 4
[32.079s][debug][gc,phases      ] GC(86)   ResolvedMethodTable Weak       Min:  0.0, Avg:  0.0, Max:  0.0, Diff:  0.0, Sum:  0.1, Workers: 4
[32.079s][debug][gc,phases      ] GC(86)     Dead                           Min: 0, Avg:  0.0, Max: 0, Diff: 0, Sum: 0, Workers: 4
[32.079s][debug][gc,phases      ] GC(86)     Total                          Min: 1544, Avg: 1810.0, Max: 2112, Diff: 568, Sum: 7240, Workers: 4
[32.079s][debug][gc,phases      ] GC(86)   JNI Weak                       Min:  0.0, Avg:  0.0, Max:  0.0, Diff:  0.0, Sum:  0.0, Workers: 4
[32.079s][debug][gc,phases      ] GC(86)     Dead                           Min: 0, Avg:  0.0, Max: 0, Diff: 0, Sum: 0, Workers: 4
[32.079s][debug][gc,phases      ] GC(86)     Total                          Min: 0, Avg:  1.5, Max: 6, Diff: 6, Sum: 6, Workers: 4
[32.079s][debug][gc,phases      ] GC(86)   StringDedup Table Weak         Min:  0.0, Avg:  0.0, Max:  0.0, Diff:  0.0, Sum:  0.0, Workers: 4
[32.079s][debug][gc,phases      ] GC(86)     Dead                           Min: 0, Avg:  0.0, Max: 0, Diff: 0, Sum: 0, Workers: 4
[32.079s][debug][gc,phases      ] GC(86)     Total                          Min: 0, Avg:  0.0, Max: 0, Diff: 0, Sum: 0, Workers: 4
[32.079s][debug][gc,phases      ] GC(86)   StringDedup Requests0 Weak     Min:  0.0, Avg:  0.0, Max:  0.0, Diff:  0.0, Sum:  0.0, Workers: 4
[32.079s][debug][gc,phases      ] GC(86)     Dead                           Min: 0, Avg:  0.0, Max: 0, Diff: 0, Sum: 0, Workers: 4
[32.079s][debug][gc,phases      ] GC(86)     Total                          Min: 0, Avg:  0.0, Max: 0, Diff: 0, Sum: 0, Workers: 4
[32.079s][debug][gc,phases      ] GC(86)   StringDedup Requests1 Weak     Min:  0.0, Avg:  0.0, Max:  0.0, Diff:  0.0, Sum:  0.0, Workers: 4
[32.079s][debug][gc,phases      ] GC(86)     Dead                           Min: 0, Avg:  0.0, Max: 0, Diff: 0, Sum: 0, Workers: 4
[32.079s][debug][gc,phases      ] GC(86)     Total                          Min: 0, Avg:  0.0, Max: 0, Diff: 0, Sum: 0, Workers: 4
[32.079s][debug][gc,phases      ] GC(86)   Weak JFR Old Object Samples    Min:  0.0, Avg:  0.0, Max:  0.0, Diff:  0.0, Sum:  0.0, Workers: 4
[32.079s][debug][gc,phases      ] GC(86)     Dead                           Min: 0, Avg:  0.0, Max: 0, Diff: 0, Sum: 0, Workers: 4
[32.079s][debug][gc,phases      ] GC(86)     Total                          Min: 0, Avg:  0.0, Max: 0, Diff: 0, Sum: 0, Workers: 4
[32.079s][debug][gc,phases      ] GC(86) Weak Processing 0.321ms
[32.079s][debug][gc,age         ] GC(86) Desired survivor size 449314816 bytes, new threshold 4 (max threshold 15)
[32.079s][info ][gc,heap        ] GC(86) PSYoungGen: 1131168K(1572864K)->63698K(1658368K) Eden: 1068032K(1068032K)->0K(1187840K) From: 63136K(504832K)->63698K(470528K)
[32.079s][info ][gc,heap        ] GC(86) ParOldGen: 541666K(637952K)->541666K(637952K)
[32.079s][info ][gc,metaspace   ] GC(86) Metaspace: 68670K(69376K)->68670K(69376K) NonClass: 58710K(59136K)->58710K(59136K) Class: 9960K(10240K)->9960K(10240K)
[32.079s][info ][gc             ] GC(86) Pause Young (Allocation Failure) 1633M->591M(2242M) 16.987ms
[32.079s][info ][gc,cpu         ] GC(86) User=0.07s Sys=0.00s Real=0.02s
[32.079s][info ][safepoint      ] Safepoint "ParallelGCFailedAllocation", Time since last: 179525960 ns, Reaching safepoint: 126507 ns, At safepoint: 17108388 ns, Total: 17234895 ns
[32.336s][info ][gc,start       ] GC(87) Pause Young (Allocation Failure)
[32.358s][debug][gc,phases      ] GC(87) Scavenge 21.229ms
[32.358s][debug][gc,ref         ] GC(87) Skipped phase 1 of Reference Processing: no references
[32.358s][debug][gc,ref         ] GC(87) Skipped phase 2 of Reference Processing: no references
[32.358s][debug][gc,ref         ] GC(87) Skipped phase 3 of Reference Processing: no references
[32.358s][debug][gc,ref         ] GC(87) Skipped phase 4 of Reference Processing: no references
[32.358s][debug][gc,phases      ] GC(87) Reference Processing 0.026ms
[32.358s][debug][gc,phases      ] GC(87)   VM Weak                        Min:  0.0, Avg:  0.0, Max:  0.0, Diff:  0.0, Sum:  0.0, Workers: 4
[32.358s][debug][gc,phases      ] GC(87)     Dead                           Min: 0, Avg:  0.0, Max: 0, Diff: 0, Sum: 0, Workers: 4
[32.358s][debug][gc,phases      ] GC(87)     Total                          Min: 0, Avg: 131.8, Max: 527, Diff: 527, Sum: 527, Workers: 4
[32.358s][debug][gc,phases      ] GC(87)   ObjectSynchronizer Weak        Min:  0.0, Avg:  0.0, Max:  0.0, Diff:  0.0, Sum:  0.0, Workers: 4
[32.358s][debug][gc,phases      ] GC(87)     Dead                           Min: 0, Avg:  0.0, Max: 0, Diff: 0, Sum: 0, Workers: 4
[32.358s][debug][gc,phases      ] GC(87)     Total                          Min: 0, Avg: 131.8, Max: 271, Diff: 271, Sum: 527, Workers: 4
[32.358s][debug][gc,phases      ] GC(87)   JVMTI Tag Weak OopStorage      Min:  0.0, Avg:  0.0, Max:  0.0, Diff:  0.0, Sum:  0.0, Workers: 4
[32.358s][debug][gc,phases      ] GC(87)     Dead                           Min: 0, Avg:  0.0, Max: 0, Diff: 0, Sum: 0, Workers: 4
[32.358s][debug][gc,phases      ] GC(87)     Total                          Min: 0, Avg:  0.0, Max: 0, Diff: 0, Sum: 0, Workers: 4
[32.358s][debug][gc,phases      ] GC(87)   StringTable Weak               Min:  0.1, Avg:  0.1, Max:  0.1, Diff:  0.0, Sum:  0.4, Workers: 4
[32.358s][debug][gc,phases      ] GC(87)     Dead                           Min: 0, Avg:  2.8, Max: 11, Diff: 11, Sum: 11, Workers: 4
[32.358s][debug][gc,phases      ] GC(87)     Total                          Min: 10176, Avg: 10694.5, Max: 11034, Diff: 858, Sum: 42778, Workers: 4
[32.358s][debug][gc,phases      ] GC(87)   ResolvedMethodTable Weak       Min:  0.0, Avg:  0.0, Max:  0.0, Diff:  0.0, Sum:  0.1, Workers: 4
[32.358s][debug][gc,phases      ] GC(87)     Dead                           Min: 0, Avg:  0.0, Max: 0, Diff: 0, Sum: 0, Workers: 4
[32.358s][debug][gc,phases      ] GC(87)     Total                          Min: 1600, Avg: 1810.0, Max: 1992, Diff: 392, Sum: 7240, Workers: 4
[32.358s][debug][gc,phases      ] GC(87)   JNI Weak                       Min:  0.0, Avg:  0.0, Max:  0.0, Diff:  0.0, Sum:  0.0, Workers: 4
[32.358s][debug][gc,phases      ] GC(87)     Dead                           Min: 0, Avg:  0.0, Max: 0, Diff: 0, Sum: 0, Workers: 4
[32.358s][debug][gc,phases      ] GC(87)     Total                          Min: 0, Avg:  0.0, Max: 0, Diff: 0, Sum: 0, Workers: 4
[32.358s][debug][gc,phases      ] GC(87)   StringDedup Table Weak         Min:  0.0, Avg:  0.0, Max:  0.0, Diff:  0.0, Sum:  0.0, Workers: 4
[32.358s][debug][gc,phases      ] GC(87)     Dead                           Min: 0, Avg:  0.0, Max: 0, Diff: 0, Sum: 0, Workers: 4
[32.358s][debug][gc,phases      ] GC(87)     Total                          Min: 0, Avg:  0.0, Max: 0, Diff: 0, Sum: 0, Workers: 4
[32.358s][debug][gc,phases      ] GC(87)   StringDedup Requests0 Weak     Min:  0.0, Avg:  0.0, Max:  0.0, Diff:  0.0, Sum:  0.0, Workers: 4
[32.358s][debug][gc,phases      ] GC(87)     Dead                           Min: 0, Avg:  0.0, Max: 0, Diff: 0, Sum: 0, Workers: 4
[32.358s][debug][gc,phases      ] GC(87)     Total                          Min: 0, Avg:  0.0, Max: 0, Diff: 0, Sum: 0, Workers: 4
[32.358s][debug][gc,phases      ] GC(87)   StringDedup Requests1 Weak     Min:  0.0, Avg:  0.0, Max:  0.0, Diff:  0.0, Sum:  0.0, Workers: 4
[32.358s][debug][gc,phases      ] GC(87)     Dead                           Min: 0, Avg:  0.0, Max: 0, Diff: 0, Sum: 0, Workers: 4
[32.358s][debug][gc,phases      ] GC(87)     Total                          Min: 0, Avg:  0.0, Max: 0, Diff: 0, Sum: 0, Workers: 4
[32.358s][debug][gc,phases      ] GC(87)   Weak JFR Old Object Samples    Min:  0.0, Avg:  0.0, Max:  0.0, Diff:  0.0, Sum:  0.0, Workers: 4
[32.358s][debug][gc,phases      ] GC(87)     Dead                           Min: 0, Avg:  0.0, Max: 0, Diff: 0, Sum: 0, Workers: 4
[32.358s][debug][gc,phases      ] GC(87)     Total                          Min: 0, Avg:  0.0, Max: 0, Diff: 0, Sum: 0, Workers: 4
[32.358s][debug][gc,phases      ] GC(87) Weak Processing 0.316ms
[32.358s][debug][gc,age         ] GC(87) Desired survivor size 415760384 bytes, new threshold 5 (max threshold 15)
[32.358s][info ][gc,heap        ] GC(87) PSYoungGen: 1251538K(1658368K)->83808K(1626624K) Eden: 1187840K(1187840K)->0K(1187840K) From: 63698K(470528K)->83808K(438784K)
[32.358s][info ][gc,heap        ] GC(87) ParOldGen: 541666K(637952K)->541666K(637952K)
[32.358s][info ][gc,metaspace   ] GC(87) Metaspace: 68683K(69376K)->68683K(69376K) NonClass: 58723K(59136K)->58723K(59136K) Class: 9960K(10240K)->9960K(10240K)
[32.358s][info ][gc             ] GC(87) Pause Young (Allocation Failure) 1751M->610M(2211M) 21.706ms
[32.358s][info ][gc,cpu         ] GC(87) User=0.09s Sys=0.00s Real=0.02s
[32.358s][info ][safepoint      ] Safepoint "ParallelGCFailedAllocation", Time since last: 257253445 ns, Reaching safepoint: 145409 ns, At safepoint: 21811458 ns, Total: 21956867 ns
[32.374s][info ][safepoint      ] Safepoint "ICBufferFull", Time since last: 16081628 ns, Reaching safepoint: 130308 ns, At safepoint: 25301 ns, Total: 155609 ns
[32.376s][info ][safepoint      ] Safepoint "ICBufferFull", Time since last: 1410482 ns, Reaching safepoint: 94205 ns, At safepoint: 21902 ns, Total: 116107 ns
[32.592s][info ][gc,start       ] GC(88) Pause Young (Allocation Failure)
[32.618s][debug][gc,phases      ] GC(88) Scavenge 26.174ms
[32.618s][debug][gc,ref         ] GC(88) Skipped phase 1 of Reference Processing: no references
[32.618s][debug][gc,ref         ] GC(88) ReferenceProcessor::execute queues: 1, RefProcThreadModel::Single, marks_oops_alive: false
[32.618s][debug][gc,ref         ] GC(88) Skipped phase 3 of Reference Processing: no references
[32.618s][debug][gc,ref         ] GC(88) Skipped phase 4 of Reference Processing: no references
[32.618s][debug][gc,phases      ] GC(88) Reference Processing 0.134ms
[32.619s][debug][gc,phases      ] GC(88)   VM Weak                        Min:  0.0, Avg:  0.0, Max:  0.0, Diff:  0.0, Sum:  0.0, Workers: 4
[32.619s][debug][gc,phases      ] GC(88)     Dead                           Min: 0, Avg:  0.0, Max: 0, Diff: 0, Sum: 0, Workers: 4
[32.619s][debug][gc,phases      ] GC(88)     Total                          Min: 0, Avg: 131.8, Max: 463, Diff: 463, Sum: 527, Workers: 4
[32.619s][debug][gc,phases      ] GC(88)   ObjectSynchronizer Weak        Min:  0.0, Avg:  0.0, Max:  0.0, Diff:  0.0, Sum:  0.0, Workers: 4
[32.619s][debug][gc,phases      ] GC(88)     Dead                           Min: 0, Avg:  0.0, Max: 0, Diff: 0, Sum: 0, Workers: 4
[32.619s][debug][gc,phases      ] GC(88)     Total                          Min: 0, Avg: 132.0, Max: 272, Diff: 272, Sum: 528, Workers: 4
[32.619s][debug][gc,phases      ] GC(88)   JVMTI Tag Weak OopStorage      Min:  0.0, Avg:  0.0, Max:  0.0, Diff:  0.0, Sum:  0.0, Workers: 4
[32.619s][debug][gc,phases      ] GC(88)     Dead                           Min: 0, Avg:  0.0, Max: 0, Diff: 0, Sum: 0, Workers: 4
[32.619s][debug][gc,phases      ] GC(88)     Total                          Min: 0, Avg:  0.0, Max: 0, Diff: 0, Sum: 0, Workers: 4
[32.619s][debug][gc,phases      ] GC(88)   StringTable Weak               Min:  0.1, Avg:  0.1, Max:  0.1, Diff:  0.0, Sum:  0.4, Workers: 4
[32.619s][debug][gc,phases      ] GC(88)     Dead                           Min: 0, Avg:  0.0, Max: 0, Diff: 0, Sum: 0, Workers: 4
[32.619s][debug][gc,phases      ] GC(88)     Total                          Min: 8384, Avg: 10697.5, Max: 12518, Diff: 4134, Sum: 42790, Workers: 4
[32.619s][debug][gc,phases      ] GC(88)   ResolvedMethodTable Weak       Min:  0.0, Avg:  0.0, Max:  0.0, Diff:  0.0, Sum:  0.1, Workers: 4
[32.619s][debug][gc,phases      ] GC(88)     Dead                           Min: 0, Avg:  0.0, Max: 0, Diff: 0, Sum: 0, Workers: 4
[32.619s][debug][gc,phases      ] GC(88)     Total                          Min: 1536, Avg: 1810.0, Max: 1984, Diff: 448, Sum: 7240, Workers: 4
[32.619s][debug][gc,phases      ] GC(88)   JNI Weak                       Min:  0.0, Avg:  0.0, Max:  0.0, Diff:  0.0, Sum:  0.0, Workers: 4
[32.619s][debug][gc,phases      ] GC(88)     Dead                           Min: 0, Avg:  0.0, Max: 0, Diff: 0, Sum: 0, Workers: 4
[32.619s][debug][gc,phases      ] GC(88)     Total                          Min: 0, Avg:  0.5, Max: 2, Diff: 2, Sum: 2, Workers: 4
[32.619s][debug][gc,phases      ] GC(88)   StringDedup Table Weak         Min:  0.0, Avg:  0.0, Max:  0.0, Diff:  0.0, Sum:  0.0, Workers: 4
[32.619s][debug][gc,phases      ] GC(88)     Dead                           Min: 0, Avg:  0.0, Max: 0, Diff: 0, Sum: 0, Workers: 4
[32.619s][debug][gc,phases      ] GC(88)     Total                          Min: 0, Avg:  0.0, Max: 0, Diff: 0, Sum: 0, Workers: 4
[32.619s][debug][gc,phases      ] GC(88)   StringDedup Requests0 Weak     Min:  0.0, Avg:  0.0, Max:  0.0, Diff:  0.0, Sum:  0.0, Workers: 4
[32.619s][debug][gc,phases      ] GC(88)     Dead                           Min: 0, Avg:  0.0, Max: 0, Diff: 0, Sum: 0, Workers: 4
[32.619s][debug][gc,phases      ] GC(88)     Total                          Min: 0, Avg:  0.0, Max: 0, Diff: 0, Sum: 0, Workers: 4
[32.619s][debug][gc,phases      ] GC(88)   StringDedup Requests1 Weak     Min:  0.0, Avg:  0.0, Max:  0.0, Diff:  0.0, Sum:  0.0, Workers: 4
[32.619s][debug][gc,phases      ] GC(88)     Dead                           Min: 0, Avg:  0.0, Max: 0, Diff: 0, Sum: 0, Workers: 4
[32.619s][debug][gc,phases      ] GC(88)     Total                          Min: 0, Avg:  0.0, Max: 0, Diff: 0, Sum: 0, Workers: 4
[32.619s][debug][gc,phases      ] GC(88)   Weak JFR Old Object Samples    Min:  0.0, Avg:  0.0, Max:  0.0, Diff:  0.0, Sum:  0.0, Workers: 4
[32.619s][debug][gc,phases      ] GC(88)     Dead                           Min: 0, Avg:  0.0, Max: 0, Diff: 0, Sum: 0, Workers: 4
[32.619s][debug][gc,phases      ] GC(88)     Total                          Min: 0, Avg:  0.0, Max: 0, Diff: 0, Sum: 0, Workers: 4
[32.619s][debug][gc,phases      ] GC(88) Weak Processing 0.296ms
[32.619s][debug][gc,age         ] GC(88) Desired survivor size 383778816 bytes, new threshold 6 (max threshold 15)
[32.619s][info ][gc,heap        ] GC(88) PSYoungGen: 1271648K(1626624K)->91092K(1722368K) Eden: 1187840K(1187840K)->0K(1316352K) From: 83808K(438784K)->91092K(406016K)
[32.619s][info ][gc,heap        ] GC(88) ParOldGen: 541666K(637952K)->541666K(637952K)
[32.619s][info ][gc,metaspace   ] GC(88) Metaspace: 68690K(69376K)->68690K(69376K) NonClass: 58730K(59136K)->58730K(59136K) Class: 9960K(10240K)->9960K(10240K)
[32.619s][info ][gc             ] GC(88) Pause Young (Allocation Failure) 1770M->617M(2305M) 26.940ms
[32.619s][info ][gc,cpu         ] GC(88) User=0.11s Sys=0.00s Real=0.03s
[32.619s][info ][safepoint      ] Safepoint "ParallelGCFailedAllocation", Time since last: 215800053 ns, Reaching safepoint: 193511 ns, At safepoint: 27048861 ns, Total: 27242372 ns
[32.795s][info ][gc,start       ] GC(89) Pause Young (Allocation Failure)
[32.821s][debug][gc,phases      ] GC(89) Scavenge 25.870ms
[32.821s][debug][gc,ref         ] GC(89) Skipped phase 1 of Reference Processing: no references
[32.821s][debug][gc,ref         ] GC(89) ReferenceProcessor::execute queues: 1, RefProcThreadModel::Single, marks_oops_alive: false
[32.821s][debug][gc,ref         ] GC(89) Skipped phase 3 of Reference Processing: no references
[32.821s][debug][gc,ref         ] GC(89) Skipped phase 4 of Reference Processing: no references
[32.821s][debug][gc,phases      ] GC(89) Reference Processing 0.120ms
[32.821s][debug][gc,phases      ] GC(89)   VM Weak                        Min:  0.0, Avg:  0.0, Max:  0.0, Diff:  0.0, Sum:  0.0, Workers: 4
[32.821s][debug][gc,phases      ] GC(89)     Dead                           Min: 0, Avg:  0.0, Max: 0, Diff: 0, Sum: 0, Workers: 4
[32.821s][debug][gc,phases      ] GC(89)     Total                          Min: 0, Avg: 131.8, Max: 335, Diff: 335, Sum: 527, Workers: 4
[32.821s][debug][gc,phases      ] GC(89)   ObjectSynchronizer Weak        Min:  0.0, Avg:  0.0, Max:  0.0, Diff:  0.0, Sum:  0.0, Workers: 4
[32.821s][debug][gc,phases      ] GC(89)     Dead                           Min: 0, Avg:  0.0, Max: 0, Diff: 0, Sum: 0, Workers: 4
[32.821s][debug][gc,phases      ] GC(89)     Total                          Min: 0, Avg: 132.0, Max: 320, Diff: 320, Sum: 528, Workers: 4
[32.821s][debug][gc,phases      ] GC(89)   JVMTI Tag Weak OopStorage      Min:  0.0, Avg:  0.0, Max:  0.0, Diff:  0.0, Sum:  0.0, Workers: 4
[32.821s][debug][gc,phases      ] GC(89)     Dead                           Min: 0, Avg:  0.0, Max: 0, Diff: 0, Sum: 0, Workers: 4
[32.821s][debug][gc,phases      ] GC(89)     Total                          Min: 0, Avg:  0.0, Max: 0, Diff: 0, Sum: 0, Workers: 4
[32.821s][debug][gc,phases      ] GC(89)   StringTable Weak               Min:  0.1, Avg:  0.1, Max:  0.1, Diff:  0.0, Sum:  0.4, Workers: 4
[32.821s][debug][gc,phases      ] GC(89)     Dead                           Min: 0, Avg:  2.8, Max: 11, Diff: 11, Sum: 11, Workers: 4
[32.821s][debug][gc,phases      ] GC(89)     Total                          Min: 9600, Avg: 10697.5, Max: 12608, Diff: 3008, Sum: 42790, Workers: 4
[32.821s][debug][gc,phases      ] GC(89)   ResolvedMethodTable Weak       Min:  0.0, Avg:  0.0, Max:  0.0, Diff:  0.0, Sum:  0.1, Workers: 4
[32.821s][debug][gc,phases      ] GC(89)     Dead                           Min: 0, Avg:  0.0, Max: 0, Diff: 0, Sum: 0, Workers: 4
[32.821s][debug][gc,phases      ] GC(89)     Total                          Min: 1664, Avg: 1810.0, Max: 2112, Diff: 448, Sum: 7240, Workers: 4
[32.821s][debug][gc,phases      ] GC(89)   JNI Weak                       Min:  0.0, Avg:  0.0, Max:  0.0, Diff:  0.0, Sum:  0.0, Workers: 4
[32.821s][debug][gc,phases      ] GC(89)     Dead                           Min: 0, Avg:  0.0, Max: 0, Diff: 0, Sum: 0, Workers: 4
[32.821s][debug][gc,phases      ] GC(89)     Total                          Min: 0, Avg:  0.2, Max: 1, Diff: 1, Sum: 1, Workers: 4
[32.821s][debug][gc,phases      ] GC(89)   StringDedup Table Weak         Min:  0.0, Avg:  0.0, Max:  0.0, Diff:  0.0, Sum:  0.0, Workers: 4
[32.821s][debug][gc,phases      ] GC(89)     Dead                           Min: 0, Avg:  0.0, Max: 0, Diff: 0, Sum: 0, Workers: 4
[32.821s][debug][gc,phases      ] GC(89)     Total                          Min: 0, Avg:  0.0, Max: 0, Diff: 0, Sum: 0, Workers: 4
[32.821s][debug][gc,phases      ] GC(89)   StringDedup Requests0 Weak     Min:  0.0, Avg:  0.0, Max:  0.0, Diff:  0.0, Sum:  0.0, Workers: 4
[32.821s][debug][gc,phases      ] GC(89)     Dead                           Min: 0, Avg:  0.0, Max: 0, Diff: 0, Sum: 0, Workers: 4
[32.821s][debug][gc,phases      ] GC(89)     Total                          Min: 0, Avg:  0.0, Max: 0, Diff: 0, Sum: 0, Workers: 4
[32.821s][debug][gc,phases      ] GC(89)   StringDedup Requests1 Weak     Min:  0.0, Avg:  0.0, Max:  0.0, Diff:  0.0, Sum:  0.0, Workers: 4
[32.821s][debug][gc,phases      ] GC(89)     Dead                           Min: 0, Avg:  0.0, Max: 0, Diff: 0, Sum: 0, Workers: 4
[32.821s][debug][gc,phases      ] GC(89)     Total                          Min: 0, Avg:  0.0, Max: 0, Diff: 0, Sum: 0, Workers: 4
[32.821s][debug][gc,phases      ] GC(89)   Weak JFR Old Object Samples    Min:  0.0, Avg:  0.0, Max:  0.0, Diff:  0.0, Sum:  0.0, Workers: 4
[32.821s][debug][gc,phases      ] GC(89)     Dead                           Min: 0, Avg:  0.0, Max: 0, Diff: 0, Sum: 0, Workers: 4
[32.821s][debug][gc,phases      ] GC(89)     Total                          Min: 0, Avg:  0.0, Max: 0, Diff: 0, Sum: 0, Workers: 4
[32.821s][debug][gc,phases      ] GC(89) Weak Processing 0.328ms
[32.821s][debug][gc,age         ] GC(89) Desired survivor size 358612992 bytes, new threshold 7 (max threshold 15)
[32.821s][info ][gc,heap        ] GC(89) PSYoungGen: 1407444K(1722368K)->102368K(1691136K) Eden: 1316352K(1316352K)->0K(1316352K) From: 91092K(406016K)->102368K(374784K)
[32.821s][info ][gc,heap        ] GC(89) ParOldGen: 541666K(637952K)->541666K(637952K)
[32.821s][info ][gc,metaspace   ] GC(89) Metaspace: 68692K(69376K)->68692K(69376K) NonClass: 58732K(59136K)->58732K(59136K) Class: 9960K(10240K)->9960K(10240K)
[32.821s][info ][gc             ] GC(89) Pause Young (Allocation Failure) 1903M->628M(2274M) 26.461ms
[32.821s][info ][gc,cpu         ] GC(89) User=0.10s Sys=0.00s Real=0.02s
[32.821s][info ][safepoint      ] Safepoint "ParallelGCFailedAllocation", Time since last: 175622135 ns, Reaching safepoint: 148909 ns, At safepoint: 26576833 ns, Total: 26725742 ns
[33.048s][info ][gc,start       ] GC(90) Pause Young (Allocation Failure)
[33.088s][debug][gc,phases      ] GC(90) Scavenge 39.785ms
[33.088s][debug][gc,ref         ] GC(90) Skipped phase 1 of Reference Processing: no references
[33.088s][debug][gc,ref         ] GC(90) ReferenceProcessor::execute queues: 1, RefProcThreadModel::Single, marks_oops_alive: false
[33.088s][debug][gc,ref         ] GC(90) Skipped phase 3 of Reference Processing: no references
[33.088s][debug][gc,ref         ] GC(90) Skipped phase 4 of Reference Processing: no references
[33.088s][debug][gc,phases      ] GC(90) Reference Processing 0.115ms
[33.088s][debug][gc,phases      ] GC(90)   VM Weak                        Min:  0.0, Avg:  0.0, Max:  0.0, Diff:  0.0, Sum:  0.0, Workers: 4
[33.088s][debug][gc,phases      ] GC(90)     Dead                           Min: 0, Avg:  0.0, Max: 0, Diff: 0, Sum: 0, Workers: 4
[33.088s][debug][gc,phases      ] GC(90)     Total                          Min: 0, Avg: 131.8, Max: 527, Diff: 527, Sum: 527, Workers: 4
[33.088s][debug][gc,phases      ] GC(90)   ObjectSynchronizer Weak        Min:  0.0, Avg:  0.0, Max:  0.0, Diff:  0.0, Sum:  0.0, Workers: 4
[33.088s][debug][gc,phases      ] GC(90)     Dead                           Min: 0, Avg:  0.0, Max: 0, Diff: 0, Sum: 0, Workers: 4
[33.088s][debug][gc,phases      ] GC(90)     Total                          Min: 0, Avg: 132.0, Max: 336, Diff: 336, Sum: 528, Workers: 4
[33.088s][debug][gc,phases      ] GC(90)   JVMTI Tag Weak OopStorage      Min:  0.0, Avg:  0.0, Max:  0.0, Diff:  0.0, Sum:  0.0, Workers: 4
[33.088s][debug][gc,phases      ] GC(90)     Dead                           Min: 0, Avg:  0.0, Max: 0, Diff: 0, Sum: 0, Workers: 4
[33.088s][debug][gc,phases      ] GC(90)     Total                          Min: 0, Avg:  0.0, Max: 0, Diff: 0, Sum: 0, Workers: 4
[33.088s][debug][gc,phases      ] GC(90)   StringTable Weak               Min:  0.1, Avg:  0.1, Max:  0.1, Diff:  0.0, Sum:  0.4, Workers: 4
[33.088s][debug][gc,phases      ] GC(90)     Dead                           Min: 0, Avg:  0.0, Max: 0, Diff: 0, Sum: 0, Workers: 4
[33.088s][debug][gc,phases      ] GC(90)     Total                          Min: 9600, Avg: 10702.0, Max: 11896, Diff: 2296, Sum: 42808, Workers: 4
[33.088s][debug][gc,phases      ] GC(90)   ResolvedMethodTable Weak       Min:  0.0, Avg:  0.0, Max:  0.0, Diff:  0.0, Sum:  0.1, Workers: 4
[33.088s][debug][gc,phases      ] GC(90)     Dead                           Min: 0, Avg:  0.0, Max: 0, Diff: 0, Sum: 0, Workers: 4
[33.088s][debug][gc,phases      ] GC(90)     Total                          Min: 1728, Avg: 1810.0, Max: 2056, Diff: 328, Sum: 7240, Workers: 4
[33.088s][debug][gc,phases      ] GC(90)   JNI Weak                       Min:  0.0, Avg:  0.0, Max:  0.0, Diff:  0.0, Sum:  0.0, Workers: 4
[33.088s][debug][gc,phases      ] GC(90)     Dead                           Min: 0, Avg:  0.0, Max: 0, Diff: 0, Sum: 0, Workers: 4
[33.088s][debug][gc,phases      ] GC(90)     Total                          Min: 0, Avg:  1.5, Max: 6, Diff: 6, Sum: 6, Workers: 4
[33.088s][debug][gc,phases      ] GC(90)   StringDedup Table Weak         Min:  0.0, Avg:  0.0, Max:  0.0, Diff:  0.0, Sum:  0.0, Workers: 4
[33.088s][debug][gc,phases      ] GC(90)     Dead                           Min: 0, Avg:  0.0, Max: 0, Diff: 0, Sum: 0, Workers: 4
[33.088s][debug][gc,phases      ] GC(90)     Total                          Min: 0, Avg:  0.0, Max: 0, Diff: 0, Sum: 0, Workers: 4
[33.088s][debug][gc,phases      ] GC(90)   StringDedup Requests0 Weak     Min:  0.0, Avg:  0.0, Max:  0.0, Diff:  0.0, Sum:  0.0, Workers: 4
[33.088s][debug][gc,phases      ] GC(90)     Dead                           Min: 0, Avg:  0.0, Max: 0, Diff: 0, Sum: 0, Workers: 4
[33.088s][debug][gc,phases      ] GC(90)     Total                          Min: 0, Avg:  0.0, Max: 0, Diff: 0, Sum: 0, Workers: 4
[33.088s][debug][gc,phases      ] GC(90)   StringDedup Requests1 Weak     Min:  0.0, Avg:  0.0, Max:  0.0, Diff:  0.0, Sum:  0.0, Workers: 4
[33.088s][debug][gc,phases      ] GC(90)     Dead                           Min: 0, Avg:  0.0, Max: 0, Diff: 0, Sum: 0, Workers: 4
[33.088s][debug][gc,phases      ] GC(90)     Total                          Min: 0, Avg:  0.0, Max: 0, Diff: 0, Sum: 0, Workers: 4
[33.088s][debug][gc,phases      ] GC(90)   Weak JFR Old Object Samples    Min:  0.0, Avg:  0.0, Max:  0.0, Diff:  0.0, Sum:  0.0, Workers: 4
[33.088s][debug][gc,phases      ] GC(90)     Dead                           Min: 0, Avg:  0.0, Max: 0, Diff: 0, Sum: 0, Workers: 4
[33.088s][debug][gc,phases      ] GC(90)     Total                          Min: 0, Avg:  0.0, Max: 0, Diff: 0, Sum: 0, Workers: 4
[33.088s][debug][gc,phases      ] GC(90) Weak Processing 0.304ms
[33.088s][debug][gc,age         ] GC(90) Desired survivor size 347078656 bytes, new threshold 8 (max threshold 15)
[33.088s][info ][gc,heap        ] GC(90) PSYoungGen: 1418720K(1691136K)->131648K(1758208K) Eden: 1316352K(1316352K)->0K(1408000K) From: 102368K(374784K)->131648K(350208K)
[33.088s][info ][gc,heap        ] GC(90) ParOldGen: 541666K(637952K)->541674K(637952K)
[33.088s][info ][gc,metaspace   ] GC(90) Metaspace: 68694K(69376K)->68694K(69376K) NonClass: 58734K(59136K)->58734K(59136K) Class: 9960K(10240K)->9960K(10240K)
[33.088s][info ][gc             ] GC(90) Pause Young (Allocation Failure) 1914M->657M(2340M) 40.345ms
[33.088s][info ][gc,cpu         ] GC(90) User=0.16s Sys=0.00s Real=0.04s
[33.088s][info ][safepoint      ] Safepoint "ParallelGCFailedAllocation", Time since last: 226290059 ns, Reaching safepoint: 150609 ns, At safepoint: 40460335 ns, Total: 40610944 ns
[33.344s][info ][gc,start       ] GC(91) Pause Young (Allocation Failure)
[33.377s][debug][gc,phases      ] GC(91) Scavenge 33.436ms
[33.377s][debug][gc,ref         ] GC(91) Skipped phase 1 of Reference Processing: no references
[33.378s][debug][gc,ref         ] GC(91) ReferenceProcessor::execute queues: 1, RefProcThreadModel::Single, marks_oops_alive: false
[33.378s][debug][gc,ref         ] GC(91) Skipped phase 3 of Reference Processing: no references
[33.378s][debug][gc,ref         ] GC(91) Skipped phase 4 of Reference Processing: no references
[33.378s][debug][gc,phases      ] GC(91) Reference Processing 0.124ms
[33.378s][debug][gc,phases      ] GC(91)   VM Weak                        Min:  0.0, Avg:  0.0, Max:  0.0, Diff:  0.0, Sum:  0.0, Workers: 4
[33.378s][debug][gc,phases      ] GC(91)     Dead                           Min: 0, Avg:  0.0, Max: 0, Diff: 0, Sum: 0, Workers: 4
[33.378s][debug][gc,phases      ] GC(91)     Total                          Min: 0, Avg: 131.8, Max: 527, Diff: 527, Sum: 527, Workers: 4
[33.378s][debug][gc,phases      ] GC(91)   ObjectSynchronizer Weak        Min:  0.0, Avg:  0.0, Max:  0.0, Diff:  0.0, Sum:  0.0, Workers: 4
[33.378s][debug][gc,phases      ] GC(91)     Dead                           Min: 0, Avg:  0.0, Max: 0, Diff: 0, Sum: 0, Workers: 4
[33.378s][debug][gc,phases      ] GC(91)     Total                          Min: 0, Avg: 132.0, Max: 400, Diff: 400, Sum: 528, Workers: 4
[33.378s][debug][gc,phases      ] GC(91)   JVMTI Tag Weak OopStorage      Min:  0.0, Avg:  0.0, Max:  0.0, Diff:  0.0, Sum:  0.0, Workers: 4
[33.378s][debug][gc,phases      ] GC(91)     Dead                           Min: 0, Avg:  0.0, Max: 0, Diff: 0, Sum: 0, Workers: 4
[33.378s][debug][gc,phases      ] GC(91)     Total                          Min: 0, Avg:  0.0, Max: 0, Diff: 0, Sum: 0, Workers: 4
[33.378s][debug][gc,phases      ] GC(91)   StringTable Weak               Min:  0.1, Avg:  0.1, Max:  0.1, Diff:  0.0, Sum:  0.4, Workers: 4
[33.378s][debug][gc,phases      ] GC(91)     Dead                           Min: 0, Avg:  2.8, Max: 11, Diff: 11, Sum: 11, Workers: 4
[33.378s][debug][gc,phases      ] GC(91)     Total                          Min: 8256, Avg: 10702.2, Max: 12409, Diff: 4153, Sum: 42809, Workers: 4
[33.378s][debug][gc,phases      ] GC(91)   ResolvedMethodTable Weak       Min:  0.0, Avg:  0.0, Max:  0.0, Diff:  0.0, Sum:  0.1, Workers: 4
[33.378s][debug][gc,phases      ] GC(91)     Dead                           Min: 0, Avg:  0.0, Max: 0, Diff: 0, Sum: 0, Workers: 4
[33.378s][debug][gc,phases      ] GC(91)     Total                          Min: 1728, Avg: 1810.0, Max: 1984, Diff: 256, Sum: 7240, Workers: 4
[33.378s][debug][gc,phases      ] GC(91)   JNI Weak                       Min:  0.0, Avg:  0.0, Max:  0.0, Diff:  0.0, Sum:  0.0, Workers: 4
[33.378s][debug][gc,phases      ] GC(91)     Dead                           Min: 0, Avg:  0.0, Max: 0, Diff: 0, Sum: 0, Workers: 4
[33.378s][debug][gc,phases      ] GC(91)     Total                          Min: 0, Avg:  1.5, Max: 6, Diff: 6, Sum: 6, Workers: 4
[33.378s][debug][gc,phases      ] GC(91)   StringDedup Table Weak         Min:  0.0, Avg:  0.0, Max:  0.0, Diff:  0.0, Sum:  0.0, Workers: 4
[33.378s][debug][gc,phases      ] GC(91)     Dead                           Min: 0, Avg:  0.0, Max: 0, Diff: 0, Sum: 0, Workers: 4
[33.378s][debug][gc,phases      ] GC(91)     Total                          Min: 0, Avg:  0.0, Max: 0, Diff: 0, Sum: 0, Workers: 4
[33.378s][debug][gc,phases      ] GC(91)   StringDedup Requests0 Weak     Min:  0.0, Avg:  0.0, Max:  0.0, Diff:  0.0, Sum:  0.0, Workers: 4
[33.378s][debug][gc,phases      ] GC(91)     Dead                           Min: 0, Avg:  0.0, Max: 0, Diff: 0, Sum: 0, Workers: 4
[33.378s][debug][gc,phases      ] GC(91)     Total                          Min: 0, Avg:  0.0, Max: 0, Diff: 0, Sum: 0, Workers: 4
[33.378s][debug][gc,phases      ] GC(91)   StringDedup Requests1 Weak     Min:  0.0, Avg:  0.0, Max:  0.0, Diff:  0.0, Sum:  0.0, Workers: 4
[33.378s][debug][gc,phases      ] GC(91)     Dead                           Min: 0, Avg:  0.0, Max: 0, Diff: 0, Sum: 0, Workers: 4
[33.378s][debug][gc,phases      ] GC(91)     Total                          Min: 0, Avg:  0.0, Max: 0, Diff: 0, Sum: 0, Workers: 4
[33.378s][debug][gc,phases      ] GC(91)   Weak JFR Old Object Samples    Min:  0.0, Avg:  0.0, Max:  0.0, Diff:  0.0, Sum:  0.0, Workers: 4
[33.378s][debug][gc,phases      ] GC(91)     Dead                           Min: 0, Avg:  0.0, Max: 0, Diff: 0, Sum: 0, Workers: 4
[33.378s][debug][gc,phases      ] GC(91)     Total                          Min: 0, Avg:  0.0, Max: 0, Diff: 0, Sum: 0, Workers: 4
[33.378s][debug][gc,phases      ] GC(91) Weak Processing 0.331ms
[33.378s][debug][gc,age         ] GC(91) Desired survivor size 341311488 bytes, new threshold 9 (max threshold 15)
[33.378s][info ][gc,heap        ] GC(91) PSYoungGen: 1539648K(1758208K)->146656K(1746944K) Eden: 1408000K(1408000K)->0K(1408000K) From: 131648K(350208K)->146656K(338944K)
[33.378s][info ][gc,heap        ] GC(91) ParOldGen: 541674K(637952K)->541682K(637952K)
[33.378s][info ][gc,metaspace   ] GC(91) Metaspace: 68702K(69376K)->68702K(69376K) NonClass: 58742K(59136K)->58742K(59136K) Class: 9960K(10240K)->9960K(10240K)
[33.378s][info ][gc             ] GC(91) Pause Young (Allocation Failure) 2032M->672M(2329M) 34.046ms
[33.378s][info ][gc,cpu         ] GC(91) User=0.17s Sys=0.00s Real=0.03s
[33.378s][info ][safepoint      ] Safepoint "ParallelGCFailedAllocation", Time since last: 255570048 ns, Reaching safepoint: 137008 ns, At safepoint: 34165172 ns, Total: 34302180 ns
[33.608s][info ][gc,start       ] GC(92) Pause Young (Allocation Failure)
[33.650s][debug][gc,phases      ] GC(92) Scavenge 41.790ms
[33.650s][debug][gc,ref         ] GC(92) Skipped phase 1 of Reference Processing: no references
[33.650s][debug][gc,ref         ] GC(92) ReferenceProcessor::execute queues: 1, RefProcThreadModel::Single, marks_oops_alive: false
[33.650s][debug][gc,ref         ] GC(92) Skipped phase 3 of Reference Processing: no references
[33.650s][debug][gc,ref         ] GC(92) Skipped phase 4 of Reference Processing: no references
[33.650s][debug][gc,phases      ] GC(92) Reference Processing 0.115ms
[33.650s][debug][gc,phases      ] GC(92)   VM Weak                        Min:  0.0, Avg:  0.0, Max:  0.0, Diff:  0.0, Sum:  0.0, Workers: 4
[33.650s][debug][gc,phases      ] GC(92)     Dead                           Min: 0, Avg:  0.0, Max: 0, Diff: 0, Sum: 0, Workers: 4
[33.650s][debug][gc,phases      ] GC(92)     Total                          Min: 0, Avg: 131.8, Max: 399, Diff: 399, Sum: 527, Workers: 4
[33.650s][debug][gc,phases      ] GC(92)   ObjectSynchronizer Weak        Min:  0.0, Avg:  0.0, Max:  0.0, Diff:  0.0, Sum:  0.0, Workers: 4
[33.650s][debug][gc,phases      ] GC(92)     Dead                           Min: 0, Avg:  0.0, Max: 0, Diff: 0, Sum: 0, Workers: 4
[33.650s][debug][gc,phases      ] GC(92)     Total                          Min: 0, Avg: 132.0, Max: 208, Diff: 208, Sum: 528, Workers: 4
[33.650s][debug][gc,phases      ] GC(92)   JVMTI Tag Weak OopStorage      Min:  0.0, Avg:  0.0, Max:  0.0, Diff:  0.0, Sum:  0.0, Workers: 4
[33.650s][debug][gc,phases      ] GC(92)     Dead                           Min: 0, Avg:  0.0, Max: 0, Diff: 0, Sum: 0, Workers: 4
[33.650s][debug][gc,phases      ] GC(92)     Total                          Min: 0, Avg:  0.0, Max: 0, Diff: 0, Sum: 0, Workers: 4
[33.650s][debug][gc,phases      ] GC(92)   StringTable Weak               Min:  0.1, Avg:  0.1, Max:  0.1, Diff:  0.0, Sum:  0.4, Workers: 4
[33.650s][debug][gc,phases      ] GC(92)     Dead                           Min: 0, Avg:  0.0, Max: 0, Diff: 0, Sum: 0, Workers: 4
[33.650s][debug][gc,phases      ] GC(92)     Total                          Min: 9728, Avg: 10702.5, Max: 11578, Diff: 1850, Sum: 42810, Workers: 4
[33.650s][debug][gc,phases      ] GC(92)   ResolvedMethodTable Weak       Min:  0.0, Avg:  0.0, Max:  0.0, Diff:  0.0, Sum:  0.1, Workers: 4
[33.650s][debug][gc,phases      ] GC(92)     Dead                           Min: 0, Avg:  0.0, Max: 0, Diff: 0, Sum: 0, Workers: 4
[33.650s][debug][gc,phases      ] GC(92)     Total                          Min: 1408, Avg: 1810.0, Max: 2312, Diff: 904, Sum: 7240, Workers: 4
[33.650s][debug][gc,phases      ] GC(92)   JNI Weak                       Min:  0.0, Avg:  0.0, Max:  0.0, Diff:  0.0, Sum:  0.0, Workers: 4
[33.650s][debug][gc,phases      ] GC(92)     Dead                           Min: 0, Avg:  0.0, Max: 0, Diff: 0, Sum: 0, Workers: 4
[33.650s][debug][gc,phases      ] GC(92)     Total                          Min: 0, Avg:  1.0, Max: 4, Diff: 4, Sum: 4, Workers: 4
[33.650s][debug][gc,phases      ] GC(92)   StringDedup Table Weak         Min:  0.0, Avg:  0.0, Max:  0.0, Diff:  0.0, Sum:  0.0, Workers: 4
[33.650s][debug][gc,phases      ] GC(92)     Dead                           Min: 0, Avg:  0.0, Max: 0, Diff: 0, Sum: 0, Workers: 4
[33.650s][debug][gc,phases      ] GC(92)     Total                          Min: 0, Avg:  0.0, Max: 0, Diff: 0, Sum: 0, Workers: 4
[33.650s][debug][gc,phases      ] GC(92)   StringDedup Requests0 Weak     Min:  0.0, Avg:  0.0, Max:  0.0, Diff:  0.0, Sum:  0.0, Workers: 4
[33.650s][debug][gc,phases      ] GC(92)     Dead                           Min: 0, Avg:  0.0, Max: 0, Diff: 0, Sum: 0, Workers: 4
[33.650s][debug][gc,phases      ] GC(92)     Total                          Min: 0, Avg:  0.0, Max: 0, Diff: 0, Sum: 0, Workers: 4
[33.650s][debug][gc,phases      ] GC(92)   StringDedup Requests1 Weak     Min:  0.0, Avg:  0.0, Max:  0.0, Diff:  0.0, Sum:  0.0, Workers: 4
[33.650s][debug][gc,phases      ] GC(92)     Dead                           Min: 0, Avg:  0.0, Max: 0, Diff: 0, Sum: 0, Workers: 4
[33.650s][debug][gc,phases      ] GC(92)     Total                          Min: 0, Avg:  0.0, Max: 0, Diff: 0, Sum: 0, Workers: 4
[33.650s][debug][gc,phases      ] GC(92)   Weak JFR Old Object Samples    Min:  0.0, Avg:  0.0, Max:  0.0, Diff:  0.0, Sum:  0.0, Workers: 4
[33.650s][debug][gc,phases      ] GC(92)     Dead                           Min: 0, Avg:  0.0, Max: 0, Diff: 0, Sum: 0, Workers: 4
[33.650s][debug][gc,phases      ] GC(92)     Total                          Min: 0, Avg:  0.0, Max: 0, Diff: 0, Sum: 0, Workers: 4
[33.650s][debug][gc,phases      ] GC(92) Weak Processing 0.346ms
[33.650s][debug][gc,age         ] GC(92) Desired survivor size 340262912 bytes, new threshold 10 (max threshold 15)
[33.651s][info ][gc,heap        ] GC(92) PSYoungGen: 1554656K(1746944K)->161760K(1764864K) Eden: 1408000K(1408000K)->0K(1431552K) From: 146656K(338944K)->161760K(333312K)
[33.651s][info ][gc,heap        ] GC(92) ParOldGen: 541682K(637952K)->541682K(637952K)
[33.651s][info ][gc,metaspace   ] GC(92) Metaspace: 68713K(69376K)->68713K(69376K) NonClass: 58753K(59136K)->58753K(59136K) Class: 9960K(10240K)->9960K(10240K)
[33.651s][info ][gc             ] GC(92) Pause Young (Allocation Failure) 2047M->686M(2346M) 42.399ms
[33.651s][info ][gc,cpu         ] GC(92) User=0.17s Sys=0.00s Real=0.04s
[33.651s][info ][safepoint      ] Safepoint "ParallelGCFailedAllocation", Time since last: 229929769 ns, Reaching safepoint: 146408 ns, At safepoint: 42510453 ns, Total: 42656861 ns
[33.919s][info ][gc,start       ] GC(93) Pause Young (Allocation Failure)
[33.957s][debug][gc,phases      ] GC(93) Scavenge 38.407ms
[33.957s][debug][gc,ref         ] GC(93) Skipped phase 1 of Reference Processing: no references
[33.957s][debug][gc,ref         ] GC(93) ReferenceProcessor::execute queues: 1, RefProcThreadModel::Single, marks_oops_alive: false
[33.957s][debug][gc,ref         ] GC(93) Skipped phase 3 of Reference Processing: no references
[33.957s][debug][gc,ref         ] GC(93) ReferenceProcessor::execute queues: 1, RefProcThreadModel::Single, marks_oops_alive: false
[33.957s][debug][gc,phases      ] GC(93) Reference Processing 0.114ms
[33.957s][debug][gc,phases      ] GC(93)   VM Weak                        Min:  0.0, Avg:  0.0, Max:  0.0, Diff:  0.0, Sum:  0.0, Workers: 4
[33.957s][debug][gc,phases      ] GC(93)     Dead                           Min: 0, Avg:  0.0, Max: 0, Diff: 0, Sum: 0, Workers: 4
[33.957s][debug][gc,phases      ] GC(93)     Total                          Min: 0, Avg: 131.8, Max: 335, Diff: 335, Sum: 527, Workers: 4
[33.957s][debug][gc,phases      ] GC(93)   ObjectSynchronizer Weak        Min:  0.0, Avg:  0.0, Max:  0.0, Diff:  0.0, Sum:  0.0, Workers: 4
[33.957s][debug][gc,phases      ] GC(93)     Dead                           Min: 0, Avg:  0.0, Max: 0, Diff: 0, Sum: 0, Workers: 4
[33.957s][debug][gc,phases      ] GC(93)     Total                          Min: 0, Avg: 132.0, Max: 256, Diff: 256, Sum: 528, Workers: 4
[33.957s][debug][gc,phases      ] GC(93)   JVMTI Tag Weak OopStorage      Min:  0.0, Avg:  0.0, Max:  0.0, Diff:  0.0, Sum:  0.0, Workers: 4
[33.957s][debug][gc,phases      ] GC(93)     Dead                           Min: 0, Avg:  0.0, Max: 0, Diff: 0, Sum: 0, Workers: 4
[33.957s][debug][gc,phases      ] GC(93)     Total                          Min: 0, Avg:  0.0, Max: 0, Diff: 0, Sum: 0, Workers: 4
[33.957s][debug][gc,phases      ] GC(93)   StringTable Weak               Min:  0.1, Avg:  0.1, Max:  0.1, Diff:  0.0, Sum:  0.4, Workers: 4
[33.957s][debug][gc,phases      ] GC(93)     Dead                           Min: 0, Avg:  2.8, Max: 11, Diff: 11, Sum: 11, Workers: 4
[33.957s][debug][gc,phases      ] GC(93)     Total                          Min: 9600, Avg: 10703.8, Max: 11648, Diff: 2048, Sum: 42815, Workers: 4
[33.957s][debug][gc,phases      ] GC(93)   ResolvedMethodTable Weak       Min:  0.0, Avg:  0.0, Max:  0.0, Diff:  0.0, Sum:  0.1, Workers: 4
[33.957s][debug][gc,phases      ] GC(93)     Dead                           Min: 0, Avg:  0.0, Max: 0, Diff: 0, Sum: 0, Workers: 4
[33.957s][debug][gc,phases      ] GC(93)     Total                          Min: 1600, Avg: 1810.0, Max: 2120, Diff: 520, Sum: 7240, Workers: 4
[33.957s][debug][gc,phases      ] GC(93)   JNI Weak                       Min:  0.0, Avg:  0.0, Max:  0.0, Diff:  0.0, Sum:  0.0, Workers: 4
[33.957s][debug][gc,phases      ] GC(93)     Dead                           Min: 0, Avg:  0.0, Max: 0, Diff: 0, Sum: 0, Workers: 4
[33.957s][debug][gc,phases      ] GC(93)     Total                          Min: 0, Avg:  0.8, Max: 3, Diff: 3, Sum: 3, Workers: 4
[33.957s][debug][gc,phases      ] GC(93)   StringDedup Table Weak         Min:  0.0, Avg:  0.0, Max:  0.0, Diff:  0.0, Sum:  0.0, Workers: 4
[33.957s][debug][gc,phases      ] GC(93)     Dead                           Min: 0, Avg:  0.0, Max: 0, Diff: 0, Sum: 0, Workers: 4
[33.957s][debug][gc,phases      ] GC(93)     Total                          Min: 0, Avg:  0.0, Max: 0, Diff: 0, Sum: 0, Workers: 4
[33.957s][debug][gc,phases      ] GC(93)   StringDedup Requests0 Weak     Min:  0.0, Avg:  0.0, Max:  0.0, Diff:  0.0, Sum:  0.0, Workers: 4
[33.957s][debug][gc,phases      ] GC(93)     Dead                           Min: 0, Avg:  0.0, Max: 0, Diff: 0, Sum: 0, Workers: 4
[33.957s][debug][gc,phases      ] GC(93)     Total                          Min: 0, Avg:  0.0, Max: 0, Diff: 0, Sum: 0, Workers: 4
[33.957s][debug][gc,phases      ] GC(93)   StringDedup Requests1 Weak     Min:  0.0, Avg:  0.0, Max:  0.0, Diff:  0.0, Sum:  0.0, Workers: 4
[33.957s][debug][gc,phases      ] GC(93)     Dead                           Min: 0, Avg:  0.0, Max: 0, Diff: 0, Sum: 0, Workers: 4
[33.957s][debug][gc,phases      ] GC(93)     Total                          Min: 0, Avg:  0.0, Max: 0, Diff: 0, Sum: 0, Workers: 4
[33.957s][debug][gc,phases      ] GC(93)   Weak JFR Old Object Samples    Min:  0.0, Avg:  0.0, Max:  0.0, Diff:  0.0, Sum:  0.0, Workers: 4
[33.957s][debug][gc,phases      ] GC(93)     Dead                           Min: 0, Avg:  0.0, Max: 0, Diff: 0, Sum: 0, Workers: 4
[33.957s][debug][gc,phases      ] GC(93)     Total                          Min: 0, Avg:  0.0, Max: 0, Diff: 0, Sum: 0, Workers: 4
[33.957s][debug][gc,phases      ] GC(93) Weak Processing 0.339ms
[33.957s][debug][gc,age         ] GC(93) Desired survivor size 343408640 bytes, new threshold 11 (max threshold 15)
[33.957s][info ][gc,heap        ] GC(93) PSYoungGen: 1593312K(1764864K)->177280K(1609216K) Eden: 1431552K(1431552K)->0K(1431552K) From: 161760K(333312K)->177280K(177664K)
[33.957s][info ][gc,heap        ] GC(93) ParOldGen: 541682K(637952K)->541682K(637952K)
[33.957s][info ][gc,metaspace   ] GC(93) Metaspace: 68719K(69376K)->68719K(69376K) NonClass: 58759K(59136K)->58759K(59136K) Class: 9960K(10240K)->9960K(10240K)
[33.957s][info ][gc             ] GC(93) Pause Young (Allocation Failure) 2084M->702M(2194M) 38.997ms
[33.958s][info ][gc,cpu         ] GC(93) User=0.15s Sys=0.00s Real=0.04s
[33.958s][info ][safepoint      ] Safepoint "ParallelGCFailedAllocation", Time since last: 267730251 ns, Reaching safepoint: 125007 ns, At safepoint: 39109257 ns, Total: 39234264 ns
[34.245s][info ][gc,start       ] GC(94) Pause Young (Allocation Failure)
[34.311s][debug][gc,phases      ] GC(94) Scavenge 65.880ms
[34.311s][debug][gc,ref         ] GC(94) Skipped phase 1 of Reference Processing: no references
[34.311s][debug][gc,ref         ] GC(94) ReferenceProcessor::execute queues: 1, RefProcThreadModel::Single, marks_oops_alive: false
[34.311s][debug][gc,ref         ] GC(94) Skipped phase 3 of Reference Processing: no references
[34.311s][debug][gc,ref         ] GC(94) ReferenceProcessor::execute queues: 1, RefProcThreadModel::Single, marks_oops_alive: false
[34.311s][debug][gc,phases      ] GC(94) Reference Processing 0.111ms
[34.311s][debug][gc,phases      ] GC(94)   VM Weak                        Min:  0.0, Avg:  0.0, Max:  0.0, Diff:  0.0, Sum:  0.0, Workers: 4
[34.311s][debug][gc,phases      ] GC(94)     Dead                           Min: 0, Avg:  0.0, Max: 0, Diff: 0, Sum: 0, Workers: 4
[34.311s][debug][gc,phases      ] GC(94)     Total                          Min: 0, Avg: 131.8, Max: 527, Diff: 527, Sum: 527, Workers: 4
[34.311s][debug][gc,phases      ] GC(94)   ObjectSynchronizer Weak        Min:  0.0, Avg:  0.0, Max:  0.0, Diff:  0.0, Sum:  0.0, Workers: 4
[34.311s][debug][gc,phases      ] GC(94)     Dead                           Min: 0, Avg:  0.0, Max: 0, Diff: 0, Sum: 0, Workers: 4
[34.311s][debug][gc,phases      ] GC(94)     Total                          Min: 0, Avg: 132.0, Max: 336, Diff: 336, Sum: 528, Workers: 4
[34.311s][debug][gc,phases      ] GC(94)   JVMTI Tag Weak OopStorage      Min:  0.0, Avg:  0.0, Max:  0.0, Diff:  0.0, Sum:  0.0, Workers: 4
[34.311s][debug][gc,phases      ] GC(94)     Dead                           Min: 0, Avg:  0.0, Max: 0, Diff: 0, Sum: 0, Workers: 4
[34.311s][debug][gc,phases      ] GC(94)     Total                          Min: 0, Avg:  0.0, Max: 0, Diff: 0, Sum: 0, Workers: 4
[34.311s][debug][gc,phases      ] GC(94)   StringTable Weak               Min:  0.1, Avg:  0.1, Max:  0.1, Diff:  0.0, Sum:  0.4, Workers: 4
[34.311s][debug][gc,phases      ] GC(94)     Dead                           Min: 0, Avg:  2.8, Max: 11, Diff: 11, Sum: 11, Workers: 4
[34.311s][debug][gc,phases      ] GC(94)     Total                          Min: 9856, Avg: 10706.5, Max: 11445, Diff: 1589, Sum: 42826, Workers: 4
[34.311s][debug][gc,phases      ] GC(94)   ResolvedMethodTable Weak       Min:  0.0, Avg:  0.0, Max:  0.0, Diff:  0.0, Sum:  0.1, Workers: 4
[34.311s][debug][gc,phases      ] GC(94)     Dead                           Min: 0, Avg:  0.0, Max: 0, Diff: 0, Sum: 0, Workers: 4
[34.311s][debug][gc,phases      ] GC(94)     Total                          Min: 1728, Avg: 1810.0, Max: 1984, Diff: 256, Sum: 7240, Workers: 4
[34.311s][debug][gc,phases      ] GC(94)   JNI Weak                       Min:  0.0, Avg:  0.0, Max:  0.0, Diff:  0.0, Sum:  0.0, Workers: 4
[34.311s][debug][gc,phases      ] GC(94)     Dead                           Min: 0, Avg:  0.0, Max: 0, Diff: 0, Sum: 0, Workers: 4
[34.311s][debug][gc,phases      ] GC(94)     Total                          Min: 0, Avg:  1.8, Max: 7, Diff: 7, Sum: 7, Workers: 4
[34.311s][debug][gc,phases      ] GC(94)   StringDedup Table Weak         Min:  0.0, Avg:  0.0, Max:  0.0, Diff:  0.0, Sum:  0.0, Workers: 4
[34.311s][debug][gc,phases      ] GC(94)     Dead                           Min: 0, Avg:  0.0, Max: 0, Diff: 0, Sum: 0, Workers: 4
[34.311s][debug][gc,phases      ] GC(94)     Total                          Min: 0, Avg:  0.0, Max: 0, Diff: 0, Sum: 0, Workers: 4
[34.311s][debug][gc,phases      ] GC(94)   StringDedup Requests0 Weak     Min:  0.0, Avg:  0.0, Max:  0.0, Diff:  0.0, Sum:  0.0, Workers: 4
[34.311s][debug][gc,phases      ] GC(94)     Dead                           Min: 0, Avg:  0.0, Max: 0, Diff: 0, Sum: 0, Workers: 4
[34.311s][debug][gc,phases      ] GC(94)     Total                          Min: 0, Avg:  0.0, Max: 0, Diff: 0, Sum: 0, Workers: 4
[34.311s][debug][gc,phases      ] GC(94)   StringDedup Requests1 Weak     Min:  0.0, Avg:  0.0, Max:  0.0, Diff:  0.0, Sum:  0.0, Workers: 4
[34.311s][debug][gc,phases      ] GC(94)     Dead                           Min: 0, Avg:  0.0, Max: 0, Diff: 0, Sum: 0, Workers: 4
[34.311s][debug][gc,phases      ] GC(94)     Total                          Min: 0, Avg:  0.0, Max: 0, Diff: 0, Sum: 0, Workers: 4
[34.311s][debug][gc,phases      ] GC(94)   Weak JFR Old Object Samples    Min:  0.0, Avg:  0.0, Max:  0.0, Diff:  0.0, Sum:  0.0, Workers: 4
[34.311s][debug][gc,phases      ] GC(94)     Dead                           Min: 0, Avg:  0.0, Max: 0, Diff: 0, Sum: 0, Workers: 4
[34.311s][debug][gc,phases      ] GC(94)     Total                          Min: 0, Avg:  0.0, Max: 0, Diff: 0, Sum: 0, Workers: 4
[34.311s][debug][gc,phases      ] GC(94) Weak Processing 0.312ms
[34.311s][debug][gc,age         ] GC(94) Desired survivor size 378535936 bytes, new threshold 12 (max threshold 15)
[34.311s][info ][gc,heap        ] GC(94) PSYoungGen: 1608832K(1609216K)->267104K(1693184K) Eden: 1431552K(1431552K)->0K(1357824K) From: 177280K(177664K)->267104K(335360K)
[34.311s][info ][gc,heap        ] GC(94) ParOldGen: 541682K(637952K)->541682K(637952K)
[34.311s][info ][gc,metaspace   ] GC(94) Metaspace: 68729K(69376K)->68729K(69376K) NonClass: 58768K(59136K)->58768K(59136K) Class: 9960K(10240K)->9960K(10240K)
[34.311s][info ][gc             ] GC(94) Pause Young (Allocation Failure) 2100M->789M(2276M) 66.446ms
[34.311s][info ][gc,cpu         ] GC(94) User=0.26s Sys=0.00s Real=0.06s
[34.311s][info ][safepoint      ] Safepoint "ParallelGCFailedAllocation", Time since last: 286861254 ns, Reaching safepoint: 186110 ns, At safepoint: 66569742 ns, Total: 66755852 ns
[34.533s][info ][gc,start       ] GC(95) Pause Young (Allocation Failure)
[34.613s][debug][gc,phases      ] GC(95) Scavenge 80.231ms
[34.613s][debug][gc,ref         ] GC(95) Skipped phase 1 of Reference Processing: no references
[34.613s][debug][gc,ref         ] GC(95) ReferenceProcessor::execute queues: 1, RefProcThreadModel::Single, marks_oops_alive: false
[34.613s][debug][gc,ref         ] GC(95) Skipped phase 3 of Reference Processing: no references
[34.613s][debug][gc,ref         ] GC(95) ReferenceProcessor::execute queues: 1, RefProcThreadModel::Single, marks_oops_alive: false
[34.613s][debug][gc,phases      ] GC(95) Reference Processing 0.127ms
[34.614s][debug][gc,phases      ] GC(95)   VM Weak                        Min:  0.0, Avg:  0.0, Max:  0.0, Diff:  0.0, Sum:  0.0, Workers: 4
[34.614s][debug][gc,phases      ] GC(95)     Dead                           Min: 0, Avg:  0.0, Max: 0, Diff: 0, Sum: 0, Workers: 4
[34.614s][debug][gc,phases      ] GC(95)     Total                          Min: 0, Avg: 131.8, Max: 320, Diff: 320, Sum: 527, Workers: 4
[34.614s][debug][gc,phases      ] GC(95)   ObjectSynchronizer Weak        Min:  0.0, Avg:  0.0, Max:  0.0, Diff:  0.0, Sum:  0.0, Workers: 4
[34.614s][debug][gc,phases      ] GC(95)     Dead                           Min: 0, Avg:  0.0, Max: 0, Diff: 0, Sum: 0, Workers: 4
[34.614s][debug][gc,phases      ] GC(95)     Total                          Min: 0, Avg: 132.0, Max: 256, Diff: 256, Sum: 528, Workers: 4
[34.614s][debug][gc,phases      ] GC(95)   JVMTI Tag Weak OopStorage      Min:  0.0, Avg:  0.0, Max:  0.0, Diff:  0.0, Sum:  0.0, Workers: 4
[34.614s][debug][gc,phases      ] GC(95)     Dead                           Min: 0, Avg:  0.0, Max: 0, Diff: 0, Sum: 0, Workers: 4
[34.614s][debug][gc,phases      ] GC(95)     Total                          Min: 0, Avg:  0.0, Max: 0, Diff: 0, Sum: 0, Workers: 4
[34.614s][debug][gc,phases      ] GC(95)   StringTable Weak               Min:  0.1, Avg:  0.1, Max:  0.1, Diff:  0.0, Sum:  0.4, Workers: 4
[34.614s][debug][gc,phases      ] GC(95)     Dead                           Min: 0, Avg:  0.0, Max: 0, Diff: 0, Sum: 0, Workers: 4
[34.614s][debug][gc,phases      ] GC(95)     Total                          Min: 9653, Avg: 10706.8, Max: 11456, Diff: 1803, Sum: 42827, Workers: 4
[34.614s][debug][gc,phases      ] GC(95)   ResolvedMethodTable Weak       Min:  0.0, Avg:  0.0, Max:  0.0, Diff:  0.0, Sum:  0.1, Workers: 4
[34.614s][debug][gc,phases      ] GC(95)     Dead                           Min: 0, Avg:  0.0, Max: 0, Diff: 0, Sum: 0, Workers: 4
[34.614s][debug][gc,phases      ] GC(95)     Total                          Min: 1672, Avg: 1810.0, Max: 1984, Diff: 312, Sum: 7240, Workers: 4
[34.614s][debug][gc,phases      ] GC(95)   JNI Weak                       Min:  0.0, Avg:  0.0, Max:  0.0, Diff:  0.0, Sum:  0.0, Workers: 4
[34.614s][debug][gc,phases      ] GC(95)     Dead                           Min: 0, Avg:  0.0, Max: 0, Diff: 0, Sum: 0, Workers: 4
[34.614s][debug][gc,phases      ] GC(95)     Total                          Min: 0, Avg:  0.2, Max: 1, Diff: 1, Sum: 1, Workers: 4
[34.614s][debug][gc,phases      ] GC(95)   StringDedup Table Weak         Min:  0.0, Avg:  0.0, Max:  0.0, Diff:  0.0, Sum:  0.0, Workers: 4
[34.614s][debug][gc,phases      ] GC(95)     Dead                           Min: 0, Avg:  0.0, Max: 0, Diff: 0, Sum: 0, Workers: 4
[34.614s][debug][gc,phases      ] GC(95)     Total                          Min: 0, Avg:  0.0, Max: 0, Diff: 0, Sum: 0, Workers: 4
[34.614s][debug][gc,phases      ] GC(95)   StringDedup Requests0 Weak     Min:  0.0, Avg:  0.0, Max:  0.0, Diff:  0.0, Sum:  0.0, Workers: 4
[34.614s][debug][gc,phases      ] GC(95)     Dead                           Min: 0, Avg:  0.0, Max: 0, Diff: 0, Sum: 0, Workers: 4
[34.614s][debug][gc,phases      ] GC(95)     Total                          Min: 0, Avg:  0.0, Max: 0, Diff: 0, Sum: 0, Workers: 4
[34.614s][debug][gc,phases      ] GC(95)   StringDedup Requests1 Weak     Min:  0.0, Avg:  0.0, Max:  0.0, Diff:  0.0, Sum:  0.0, Workers: 4
[34.614s][debug][gc,phases      ] GC(95)     Dead                           Min: 0, Avg:  0.0, Max: 0, Diff: 0, Sum: 0, Workers: 4
[34.614s][debug][gc,phases      ] GC(95)     Total                          Min: 0, Avg:  0.0, Max: 0, Diff: 0, Sum: 0, Workers: 4
[34.614s][debug][gc,phases      ] GC(95)   Weak JFR Old Object Samples    Min:  0.0, Avg:  0.0, Max:  0.0, Diff:  0.0, Sum:  0.0, Workers: 4
[34.614s][debug][gc,phases      ] GC(95)     Dead                           Min: 0, Avg:  0.0, Max: 0, Diff: 0, Sum: 0, Workers: 4
[34.614s][debug][gc,phases      ] GC(95)     Total                          Min: 0, Avg:  0.0, Max: 0, Diff: 0, Sum: 0, Workers: 4
[34.614s][debug][gc,phases      ] GC(95) Weak Processing 0.341ms
[34.614s][debug][gc,age         ] GC(95) Desired survivor size 424673280 bytes, new threshold 13 (max threshold 15)
[34.614s][info ][gc,heap        ] GC(95) PSYoungGen: 1624928K(1693184K)->316448K(1674752K) Eden: 1357824K(1357824K)->0K(1357824K) From: 267104K(335360K)->316448K(316928K)
[34.614s][info ][gc,heap        ] GC(95) ParOldGen: 541682K(637952K)->541682K(637952K)
[34.614s][info ][gc,metaspace   ] GC(95) Metaspace: 68801K(69440K)->68801K(69440K) NonClass: 58841K(59200K)->58841K(59200K) Class: 9960K(10240K)->9960K(10240K)
[34.614s][info ][gc             ] GC(95) Pause Young (Allocation Failure) 2115M->838M(2258M) 80.856ms
[34.614s][info ][gc,cpu         ] GC(95) User=0.32s Sys=0.00s Real=0.08s
[34.614s][info ][safepoint      ] Safepoint "ParallelGCFailedAllocation", Time since last: 219465565 ns, Reaching safepoint: 2204927 ns, At safepoint: 80977973 ns, Total: 83182900 ns
[34.843s][info ][gc,start       ] GC(96) Pause Young (Allocation Failure)
[34.936s][debug][gc,phases      ] GC(96) Scavenge 92.998ms
[34.936s][debug][gc,ref         ] GC(96) Skipped phase 1 of Reference Processing: no references
[34.936s][debug][gc,ref         ] GC(96) ReferenceProcessor::execute queues: 1, RefProcThreadModel::Single, marks_oops_alive: false
[34.936s][debug][gc,ref         ] GC(96) Skipped phase 3 of Reference Processing: no references
[34.936s][debug][gc,ref         ] GC(96) ReferenceProcessor::execute queues: 1, RefProcThreadModel::Single, marks_oops_alive: false
[34.936s][debug][gc,phases      ] GC(96) Reference Processing 0.146ms
[34.936s][debug][gc,phases      ] GC(96)   VM Weak                        Min:  0.0, Avg:  0.0, Max:  0.0, Diff:  0.0, Sum:  0.0, Workers: 4
[34.936s][debug][gc,phases      ] GC(96)     Dead                           Min: 0, Avg:  0.0, Max: 0, Diff: 0, Sum: 0, Workers: 4
[34.936s][debug][gc,phases      ] GC(96)     Total                          Min: 0, Avg: 131.8, Max: 320, Diff: 320, Sum: 527, Workers: 4
[34.936s][debug][gc,phases      ] GC(96)   ObjectSynchronizer Weak        Min:  0.0, Avg:  0.0, Max:  0.0, Diff:  0.0, Sum:  0.0, Workers: 4
[34.936s][debug][gc,phases      ] GC(96)     Dead                           Min: 0, Avg:  0.0, Max: 0, Diff: 0, Sum: 0, Workers: 4
[34.936s][debug][gc,phases      ] GC(96)     Total                          Min: 0, Avg: 132.0, Max: 336, Diff: 336, Sum: 528, Workers: 4
[34.936s][debug][gc,phases      ] GC(96)   JVMTI Tag Weak OopStorage      Min:  0.0, Avg:  0.0, Max:  0.0, Diff:  0.0, Sum:  0.0, Workers: 4
[34.936s][debug][gc,phases      ] GC(96)     Dead                           Min: 0, Avg:  0.0, Max: 0, Diff: 0, Sum: 0, Workers: 4
[34.936s][debug][gc,phases      ] GC(96)     Total                          Min: 0, Avg:  0.0, Max: 0, Diff: 0, Sum: 0, Workers: 4
[34.936s][debug][gc,phases      ] GC(96)   StringTable Weak               Min:  0.1, Avg:  0.1, Max:  0.1, Diff:  0.0, Sum:  0.5, Workers: 4
[34.936s][debug][gc,phases      ] GC(96)     Dead                           Min: 0, Avg:  2.8, Max: 10, Diff: 10, Sum: 11, Workers: 4
[34.936s][debug][gc,phases      ] GC(96)     Total                          Min: 9024, Avg: 10707.2, Max: 12288, Diff: 3264, Sum: 42829, Workers: 4
[34.936s][debug][gc,phases      ] GC(96)   ResolvedMethodTable Weak       Min:  0.0, Avg:  0.0, Max:  0.0, Diff:  0.0, Sum:  0.1, Workers: 4
[34.936s][debug][gc,phases      ] GC(96)     Dead                           Min: 0, Avg:  0.0, Max: 0, Diff: 0, Sum: 0, Workers: 4
[34.936s][debug][gc,phases      ] GC(96)     Total                          Min: 1664, Avg: 1810.0, Max: 2184, Diff: 520, Sum: 7240, Workers: 4
[34.936s][debug][gc,phases      ] GC(96)   JNI Weak                       Min:  0.0, Avg:  0.0, Max:  0.0, Diff:  0.0, Sum:  0.0, Workers: 4
[34.936s][debug][gc,phases      ] GC(96)     Dead                           Min: 0, Avg:  0.0, Max: 0, Diff: 0, Sum: 0, Workers: 4
[34.936s][debug][gc,phases      ] GC(96)     Total                          Min: 0, Avg:  0.5, Max: 2, Diff: 2, Sum: 2, Workers: 4
[34.936s][debug][gc,phases      ] GC(96)   StringDedup Table Weak         Min:  0.0, Avg:  0.0, Max:  0.0, Diff:  0.0, Sum:  0.0, Workers: 4
[34.936s][debug][gc,phases      ] GC(96)     Dead                           Min: 0, Avg:  0.0, Max: 0, Diff: 0, Sum: 0, Workers: 4
[34.936s][debug][gc,phases      ] GC(96)     Total                          Min: 0, Avg:  0.0, Max: 0, Diff: 0, Sum: 0, Workers: 4
[34.936s][debug][gc,phases      ] GC(96)   StringDedup Requests0 Weak     Min:  0.0, Avg:  0.0, Max:  0.0, Diff:  0.0, Sum:  0.0, Workers: 4
[34.936s][debug][gc,phases      ] GC(96)     Dead                           Min: 0, Avg:  0.0, Max: 0, Diff: 0, Sum: 0, Workers: 4
[34.936s][debug][gc,phases      ] GC(96)     Total                          Min: 0, Avg:  0.0, Max: 0, Diff: 0, Sum: 0, Workers: 4
[34.936s][debug][gc,phases      ] GC(96)   StringDedup Requests1 Weak     Min:  0.0, Avg:  0.0, Max:  0.0, Diff:  0.0, Sum:  0.0, Workers: 4
[34.936s][debug][gc,phases      ] GC(96)     Dead                           Min: 0, Avg:  0.0, Max: 0, Diff: 0, Sum: 0, Workers: 4
[34.936s][debug][gc,phases      ] GC(96)     Total                          Min: 0, Avg:  0.0, Max: 0, Diff: 0, Sum: 0, Workers: 4
[34.936s][debug][gc,phases      ] GC(96)   Weak JFR Old Object Samples    Min:  0.0, Avg:  0.0, Max:  0.0, Diff:  0.0, Sum:  0.0, Workers: 4
[34.936s][debug][gc,phases      ] GC(96)     Dead                           Min: 0, Avg:  0.0, Max: 0, Diff: 0, Sum: 0, Workers: 4
[34.936s][debug][gc,phases      ] GC(96)     Total                          Min: 0, Avg:  0.0, Max: 0, Diff: 0, Sum: 0, Workers: 4
[34.936s][debug][gc,phases      ] GC(96) Weak Processing 0.335ms
[34.936s][debug][gc,age         ] GC(96) Desired survivor size 476577792 bytes, new threshold 14 (max threshold 15)
[34.936s][info ][gc,heap        ] GC(96) PSYoungGen: 1674272K(1674752K)->357888K(1581056K) Eden: 1357824K(1357824K)->0K(1166336K) From: 316448K(316928K)->357888K(414720K)
[34.936s][info ][gc,heap        ] GC(96) ParOldGen: 541682K(637952K)->541690K(637952K)
[34.936s][info ][gc,metaspace   ] GC(96) Metaspace: 68804K(69440K)->68804K(69440K) NonClass: 58843K(59200K)->58843K(59200K) Class: 9960K(10240K)->9960K(10240K)
[34.936s][info ][gc             ] GC(96) Pause Young (Allocation Failure) 2164M->878M(2167M) 93.629ms
[34.936s][info ][gc,cpu         ] GC(96) User=0.36s Sys=0.00s Real=0.09s
[34.936s][info ][safepoint      ] Safepoint "ParallelGCFailedAllocation", Time since last: 228489686 ns, Reaching safepoint: 172510 ns, At safepoint: 93745509 ns, Total: 93918019 ns
[35.163s][info ][gc,start       ] GC(97) Pause Young (Allocation Failure)
[35.235s][debug][gc,phases      ] GC(97) Scavenge 72.671ms
[35.235s][debug][gc,ref         ] GC(97) Skipped phase 1 of Reference Processing: no references
[35.236s][debug][gc,ref         ] GC(97) ReferenceProcessor::execute queues: 1, RefProcThreadModel::Single, marks_oops_alive: false
[35.236s][debug][gc,ref         ] GC(97) Skipped phase 3 of Reference Processing: no references
[35.236s][debug][gc,ref         ] GC(97) ReferenceProcessor::execute queues: 1, RefProcThreadModel::Single, marks_oops_alive: false
[35.236s][debug][gc,phases      ] GC(97) Reference Processing 0.123ms
[35.236s][debug][gc,phases      ] GC(97)   VM Weak                        Min:  0.0, Avg:  0.0, Max:  0.0, Diff:  0.0, Sum:  0.0, Workers: 4
[35.236s][debug][gc,phases      ] GC(97)     Dead                           Min: 0, Avg:  0.0, Max: 0, Diff: 0, Sum: 0, Workers: 4
[35.236s][debug][gc,phases      ] GC(97)     Total                          Min: 0, Avg: 132.0, Max: 528, Diff: 528, Sum: 528, Workers: 4
[35.236s][debug][gc,phases      ] GC(97)   ObjectSynchronizer Weak        Min:  0.0, Avg:  0.0, Max:  0.0, Diff:  0.0, Sum:  0.0, Workers: 4
[35.236s][debug][gc,phases      ] GC(97)     Dead                           Min: 0, Avg:  0.0, Max: 0, Diff: 0, Sum: 0, Workers: 4
[35.236s][debug][gc,phases      ] GC(97)     Total                          Min: 0, Avg: 132.0, Max: 336, Diff: 336, Sum: 528, Workers: 4
[35.236s][debug][gc,phases      ] GC(97)   JVMTI Tag Weak OopStorage      Min:  0.0, Avg:  0.0, Max:  0.0, Diff:  0.0, Sum:  0.0, Workers: 4
[35.236s][debug][gc,phases      ] GC(97)     Dead                           Min: 0, Avg:  0.0, Max: 0, Diff: 0, Sum: 0, Workers: 4
[35.236s][debug][gc,phases      ] GC(97)     Total                          Min: 0, Avg:  0.0, Max: 0, Diff: 0, Sum: 0, Workers: 4
[35.236s][debug][gc,phases      ] GC(97)   StringTable Weak               Min:  0.1, Avg:  0.1, Max:  0.1, Diff:  0.0, Sum:  0.4, Workers: 4
[35.236s][debug][gc,phases      ] GC(97)     Dead                           Min: 0, Avg:  0.0, Max: 0, Diff: 0, Sum: 0, Workers: 4
[35.236s][debug][gc,phases      ] GC(97)     Total                          Min: 9280, Avg: 10709.2, Max: 11648, Diff: 2368, Sum: 42837, Workers: 4
[35.236s][debug][gc,phases      ] GC(97)   ResolvedMethodTable Weak       Min:  0.0, Avg:  0.0, Max:  0.0, Diff:  0.0, Sum:  0.1, Workers: 4
[35.236s][debug][gc,phases      ] GC(97)     Dead                           Min: 0, Avg:  1.8, Max: 7, Diff: 7, Sum: 7, Workers: 4
[35.236s][debug][gc,phases      ] GC(97)     Total                          Min: 1536, Avg: 1812.2, Max: 1982, Diff: 446, Sum: 7249, Workers: 4
[35.236s][debug][gc,phases      ] GC(97)   JNI Weak                       Min:  0.0, Avg:  0.0, Max:  0.0, Diff:  0.0, Sum:  0.0, Workers: 4
[35.236s][debug][gc,phases      ] GC(97)     Dead                           Min: 0, Avg:  0.0, Max: 0, Diff: 0, Sum: 0, Workers: 4
[35.236s][debug][gc,phases      ] GC(97)     Total                          Min: 0, Avg:  2.5, Max: 10, Diff: 10, Sum: 10, Workers: 4
[35.236s][debug][gc,phases      ] GC(97)   StringDedup Table Weak         Min:  0.0, Avg:  0.0, Max:  0.0, Diff:  0.0, Sum:  0.0, Workers: 4
[35.236s][debug][gc,phases      ] GC(97)     Dead                           Min: 0, Avg:  0.0, Max: 0, Diff: 0, Sum: 0, Workers: 4
[35.236s][debug][gc,phases      ] GC(97)     Total                          Min: 0, Avg:  0.0, Max: 0, Diff: 0, Sum: 0, Workers: 4
[35.236s][debug][gc,phases      ] GC(97)   StringDedup Requests0 Weak     Min:  0.0, Avg:  0.0, Max:  0.0, Diff:  0.0, Sum:  0.0, Workers: 4
[35.236s][debug][gc,phases      ] GC(97)     Dead                           Min: 0, Avg:  0.0, Max: 0, Diff: 0, Sum: 0, Workers: 4
[35.236s][debug][gc,phases      ] GC(97)     Total                          Min: 0, Avg:  0.0, Max: 0, Diff: 0, Sum: 0, Workers: 4
[35.236s][debug][gc,phases      ] GC(97)   StringDedup Requests1 Weak     Min:  0.0, Avg:  0.0, Max:  0.0, Diff:  0.0, Sum:  0.0, Workers: 4
[35.236s][debug][gc,phases      ] GC(97)     Dead                           Min: 0, Avg:  0.0, Max: 0, Diff: 0, Sum: 0, Workers: 4
[35.236s][debug][gc,phases      ] GC(97)     Total                          Min: 0, Avg:  0.0, Max: 0, Diff: 0, Sum: 0, Workers: 4
[35.236s][debug][gc,phases      ] GC(97)   Weak JFR Old Object Samples    Min:  0.0, Avg:  0.0, Max:  0.0, Diff:  0.0, Sum:  0.0, Workers: 4
[35.236s][debug][gc,phases      ] GC(97)     Dead                           Min: 0, Avg:  0.0, Max: 0, Diff: 0, Sum: 0, Workers: 4
[35.236s][debug][gc,phases      ] GC(97)     Total                          Min: 0, Avg:  0.0, Max: 0, Diff: 0, Sum: 0, Workers: 4
[35.236s][debug][gc,phases      ] GC(97) Weak Processing 0.320ms
[35.236s][debug][gc,age         ] GC(97) Desired survivor size 524812288 bytes, new threshold 15 (max threshold 15)
[35.236s][info ][gc,heap        ] GC(97) PSYoungGen: 1524224K(1581056K)->377067K(1543680K) Eden: 1166336K(1166336K)->0K(1166336K) From: 357888K(414720K)->377067K(377344K)
[35.236s][info ][gc,heap        ] GC(97) ParOldGen: 541690K(637952K)->541690K(637952K)
[35.236s][info ][gc,metaspace   ] GC(97) Metaspace: 68820K(69504K)->68820K(69504K) NonClass: 58857K(59264K)->58857K(59264K) Class: 9963K(10240K)->9963K(10240K)
[35.236s][info ][gc             ] GC(97) Pause Young (Allocation Failure) 2017M->897M(2130M) 73.259ms
[35.236s][info ][gc,cpu         ] GC(97) User=0.29s Sys=0.00s Real=0.07s
[35.236s][info ][safepoint      ] Safepoint "ParallelGCFailedAllocation", Time since last: 226224955 ns, Reaching safepoint: 171410 ns, At safepoint: 73390335 ns, Total: 73561745 ns
[35.448s][info ][gc,start       ] GC(98) Pause Young (Allocation Failure)
[35.556s][debug][gc,phases      ] GC(98) Scavenge 108.208ms
[35.556s][debug][gc,ref         ] GC(98) Skipped phase 1 of Reference Processing: no references
[35.556s][debug][gc,ref         ] GC(98) ReferenceProcessor::execute queues: 1, RefProcThreadModel::Single, marks_oops_alive: false
[35.556s][debug][gc,ref         ] GC(98) Skipped phase 3 of Reference Processing: no references
[35.556s][debug][gc,ref         ] GC(98) ReferenceProcessor::execute queues: 1, RefProcThreadModel::Single, marks_oops_alive: false
[35.556s][debug][gc,phases      ] GC(98) Reference Processing 0.117ms
[35.557s][debug][gc,phases      ] GC(98)   VM Weak                        Min:  0.0, Avg:  0.0, Max:  0.0, Diff:  0.0, Sum:  0.0, Workers: 4
[35.557s][debug][gc,phases      ] GC(98)     Dead                           Min: 0, Avg:  0.0, Max: 0, Diff: 0, Sum: 0, Workers: 4
[35.557s][debug][gc,phases      ] GC(98)     Total                          Min: 0, Avg: 132.0, Max: 512, Diff: 512, Sum: 528, Workers: 4
[35.557s][debug][gc,phases      ] GC(98)   ObjectSynchronizer Weak        Min:  0.0, Avg:  0.0, Max:  0.0, Diff:  0.0, Sum:  0.0, Workers: 4
[35.557s][debug][gc,phases      ] GC(98)     Dead                           Min: 0, Avg:  0.0, Max: 0, Diff: 0, Sum: 0, Workers: 4
[35.557s][debug][gc,phases      ] GC(98)     Total                          Min: 0, Avg: 132.0, Max: 272, Diff: 272, Sum: 528, Workers: 4
[35.557s][debug][gc,phases      ] GC(98)   JVMTI Tag Weak OopStorage      Min:  0.0, Avg:  0.0, Max:  0.0, Diff:  0.0, Sum:  0.0, Workers: 4
[35.557s][debug][gc,phases      ] GC(98)     Dead                           Min: 0, Avg:  0.0, Max: 0, Diff: 0, Sum: 0, Workers: 4
[35.557s][debug][gc,phases      ] GC(98)     Total                          Min: 0, Avg:  0.0, Max: 0, Diff: 0, Sum: 0, Workers: 4
[35.557s][debug][gc,phases      ] GC(98)   StringTable Weak               Min:  0.1, Avg:  0.1, Max:  0.1, Diff:  0.0, Sum:  0.4, Workers: 4
[35.557s][debug][gc,phases      ] GC(98)     Dead                           Min: 0, Avg:  2.8, Max: 11, Diff: 11, Sum: 11, Workers: 4
[35.557s][debug][gc,phases      ] GC(98)     Total                          Min: 9280, Avg: 10713.2, Max: 11638, Diff: 2358, Sum: 42853, Workers: 4
[35.557s][debug][gc,phases      ] GC(98)   ResolvedMethodTable Weak       Min:  0.0, Avg:  0.0, Max:  0.0, Diff:  0.0, Sum:  0.1, Workers: 4
[35.557s][debug][gc,phases      ] GC(98)     Dead                           Min: 0, Avg:  0.0, Max: 0, Diff: 0, Sum: 0, Workers: 4
[35.557s][debug][gc,phases      ] GC(98)     Total                          Min: 1663, Avg: 1812.2, Max: 2003, Diff: 340, Sum: 7249, Workers: 4
[35.557s][debug][gc,phases      ] GC(98)   JNI Weak                       Min:  0.0, Avg:  0.0, Max:  0.0, Diff:  0.0, Sum:  0.0, Workers: 4
[35.557s][debug][gc,phases      ] GC(98)     Dead                           Min: 0, Avg:  0.0, Max: 0, Diff: 0, Sum: 0, Workers: 4
[35.557s][debug][gc,phases      ] GC(98)     Total                          Min: 0, Avg:  0.5, Max: 2, Diff: 2, Sum: 2, Workers: 4
[35.557s][debug][gc,phases      ] GC(98)   StringDedup Table Weak         Min:  0.0, Avg:  0.0, Max:  0.0, Diff:  0.0, Sum:  0.0, Workers: 4
[35.557s][debug][gc,phases      ] GC(98)     Dead                           Min: 0, Avg:  0.0, Max: 0, Diff: 0, Sum: 0, Workers: 4
[35.557s][debug][gc,phases      ] GC(98)     Total                          Min: 0, Avg:  0.0, Max: 0, Diff: 0, Sum: 0, Workers: 4
[35.557s][debug][gc,phases      ] GC(98)   StringDedup Requests0 Weak     Min:  0.0, Avg:  0.0, Max:  0.0, Diff:  0.0, Sum:  0.0, Workers: 4
[35.557s][debug][gc,phases      ] GC(98)     Dead                           Min: 0, Avg:  0.0, Max: 0, Diff: 0, Sum: 0, Workers: 4
[35.557s][debug][gc,phases      ] GC(98)     Total                          Min: 0, Avg:  0.0, Max: 0, Diff: 0, Sum: 0, Workers: 4
[35.557s][debug][gc,phases      ] GC(98)   StringDedup Requests1 Weak     Min:  0.0, Avg:  0.0, Max:  0.0, Diff:  0.0, Sum:  0.0, Workers: 4
[35.557s][debug][gc,phases      ] GC(98)     Dead                           Min: 0, Avg:  0.0, Max: 0, Diff: 0, Sum: 0, Workers: 4
[35.557s][debug][gc,phases      ] GC(98)     Total                          Min: 0, Avg:  0.0, Max: 0, Diff: 0, Sum: 0, Workers: 4
[35.557s][debug][gc,phases      ] GC(98)   Weak JFR Old Object Samples    Min:  0.0, Avg:  0.0, Max:  0.0, Diff:  0.0, Sum:  0.0, Workers: 4
[35.557s][debug][gc,phases      ] GC(98)     Dead                           Min: 0, Avg:  0.0, Max: 0, Diff: 0, Sum: 0, Workers: 4
[35.557s][debug][gc,phases      ] GC(98)     Total                          Min: 0, Avg:  0.0, Max: 0, Diff: 0, Sum: 0, Workers: 4
[35.557s][debug][gc,phases      ] GC(98) Weak Processing 0.315ms
[35.557s][debug][gc,age         ] GC(98) Desired survivor size 536870912 bytes, new threshold 14 (max threshold 15)
[35.557s][info ][gc,heap        ] GC(98) PSYoungGen: 1543403K(1543680K)->399296K(1561088K) Eden: 1166336K(1166336K)->0K(1048576K) From: 377067K(377344K)->399296K(512512K)
[35.557s][info ][gc,heap        ] GC(98) ParOldGen: 541690K(637952K)->541690K(637952K)
[35.557s][info ][gc,metaspace   ] GC(98) Metaspace: 68822K(69504K)->68822K(69504K) NonClass: 58858K(59264K)->58858K(59264K) Class: 9963K(10240K)->9963K(10240K)
[35.557s][info ][gc             ] GC(98) Pause Young (Allocation Failure) 2036M->918M(2147M) 108.796ms
[35.557s][info ][gc,cpu         ] GC(98) User=0.43s Sys=0.00s Real=0.11s
[35.557s][info ][safepoint      ] Safepoint "ParallelGCFailedAllocation", Time since last: 211728218 ns, Reaching safepoint: 259415 ns, At safepoint: 108912885 ns, Total: 109172300 ns
[35.777s][info ][gc,start       ] GC(99) Pause Young (Allocation Failure)
[35.860s][debug][gc,phases      ] GC(99) Scavenge 82.986ms
[35.860s][debug][gc,ref         ] GC(99) Skipped phase 1 of Reference Processing: no references
[35.860s][debug][gc,ref         ] GC(99) ReferenceProcessor::execute queues: 1, RefProcThreadModel::Single, marks_oops_alive: false
[35.860s][debug][gc,ref         ] GC(99) Skipped phase 3 of Reference Processing: no references
[35.860s][debug][gc,ref         ] GC(99) ReferenceProcessor::execute queues: 1, RefProcThreadModel::Single, marks_oops_alive: false
[35.860s][debug][gc,phases      ] GC(99) Reference Processing 0.120ms
[35.861s][debug][gc,phases      ] GC(99)   VM Weak                        Min:  0.0, Avg:  0.0, Max:  0.0, Diff:  0.0, Sum:  0.0, Workers: 4
[35.861s][debug][gc,phases      ] GC(99)     Dead                           Min: 0, Avg:  0.0, Max: 0, Diff: 0, Sum: 0, Workers: 4
[35.861s][debug][gc,phases      ] GC(99)     Total                          Min: 0, Avg: 132.0, Max: 512, Diff: 512, Sum: 528, Workers: 4
[35.861s][debug][gc,phases      ] GC(99)   ObjectSynchronizer Weak        Min:  0.0, Avg:  0.0, Max:  0.0, Diff:  0.0, Sum:  0.0, Workers: 4
[35.861s][debug][gc,phases      ] GC(99)     Dead                           Min: 0, Avg:  0.0, Max: 0, Diff: 0, Sum: 0, Workers: 4
[35.861s][debug][gc,phases      ] GC(99)     Total                          Min: 0, Avg: 132.0, Max: 256, Diff: 256, Sum: 528, Workers: 4
[35.861s][debug][gc,phases      ] GC(99)   JVMTI Tag Weak OopStorage      Min:  0.0, Avg:  0.0, Max:  0.0, Diff:  0.0, Sum:  0.0, Workers: 4
[35.861s][debug][gc,phases      ] GC(99)     Dead                           Min: 0, Avg:  0.0, Max: 0, Diff: 0, Sum: 0, Workers: 4
[35.861s][debug][gc,phases      ] GC(99)     Total                          Min: 0, Avg:  0.0, Max: 0, Diff: 0, Sum: 0, Workers: 4
[35.861s][debug][gc,phases      ] GC(99)   StringTable Weak               Min:  0.1, Avg:  0.1, Max:  0.1, Diff:  0.0, Sum:  0.4, Workers: 4
[35.861s][debug][gc,phases      ] GC(99)     Dead                           Min: 0, Avg:  2.8, Max: 11, Diff: 11, Sum: 11, Workers: 4
[35.861s][debug][gc,phases      ] GC(99)     Total                          Min: 9200, Avg: 10713.5, Max: 11712, Diff: 2512, Sum: 42854, Workers: 4
[35.861s][debug][gc,phases      ] GC(99)   ResolvedMethodTable Weak       Min:  0.0, Avg:  0.0, Max:  0.0, Diff:  0.0, Sum:  0.1, Workers: 4
[35.861s][debug][gc,phases      ] GC(99)     Dead                           Min: 0, Avg:  0.0, Max: 0, Diff: 0, Sum: 0, Workers: 4
[35.861s][debug][gc,phases      ] GC(99)     Total                          Min: 1663, Avg: 1812.2, Max: 1983, Diff: 320, Sum: 7249, Workers: 4
[35.861s][debug][gc,phases      ] GC(99)   JNI Weak                       Min:  0.0, Avg:  0.0, Max:  0.0, Diff:  0.0, Sum:  0.0, Workers: 4
[35.861s][debug][gc,phases      ] GC(99)     Dead                           Min: 0, Avg:  0.0, Max: 0, Diff: 0, Sum: 0, Workers: 4
[35.861s][debug][gc,phases      ] GC(99)     Total                          Min: 0, Avg:  0.5, Max: 2, Diff: 2, Sum: 2, Workers: 4
[35.861s][debug][gc,phases      ] GC(99)   StringDedup Table Weak         Min:  0.0, Avg:  0.0, Max:  0.0, Diff:  0.0, Sum:  0.0, Workers: 4
[35.861s][debug][gc,phases      ] GC(99)     Dead                           Min: 0, Avg:  0.0, Max: 0, Diff: 0, Sum: 0, Workers: 4
[35.861s][debug][gc,phases      ] GC(99)     Total                          Min: 0, Avg:  0.0, Max: 0, Diff: 0, Sum: 0, Workers: 4
[35.861s][debug][gc,phases      ] GC(99)   StringDedup Requests0 Weak     Min:  0.0, Avg:  0.0, Max:  0.0, Diff:  0.0, Sum:  0.0, Workers: 4
[35.861s][debug][gc,phases      ] GC(99)     Dead                           Min: 0, Avg:  0.0, Max: 0, Diff: 0, Sum: 0, Workers: 4
[35.861s][debug][gc,phases      ] GC(99)     Total                          Min: 0, Avg:  0.0, Max: 0, Diff: 0, Sum: 0, Workers: 4
[35.861s][debug][gc,phases      ] GC(99)   StringDedup Requests1 Weak     Min:  0.0, Avg:  0.0, Max:  0.0, Diff:  0.0, Sum:  0.0, Workers: 4
[35.861s][debug][gc,phases      ] GC(99)     Dead                           Min: 0, Avg:  0.0, Max: 0, Diff: 0, Sum: 0, Workers: 4
[35.861s][debug][gc,phases      ] GC(99)     Total                          Min: 0, Avg:  0.0, Max: 0, Diff: 0, Sum: 0, Workers: 4
[35.861s][debug][gc,phases      ] GC(99)   Weak JFR Old Object Samples    Min:  0.0, Avg:  0.0, Max:  0.0, Diff:  0.0, Sum:  0.0, Workers: 4
[35.861s][debug][gc,phases      ] GC(99)     Dead                           Min: 0, Avg:  0.0, Max: 0, Diff: 0, Sum: 0, Workers: 4
[35.861s][debug][gc,phases      ] GC(99)     Total                          Min: 0, Avg:  0.0, Max: 0, Diff: 0, Sum: 0, Workers: 4
[35.861s][debug][gc,phases      ] GC(99) Weak Processing 0.308ms
[35.861s][debug][gc,age         ] GC(99) Desired survivor size 536870912 bytes, new threshold 13 (max threshold 15)
[35.861s][info ][gc,heap        ] GC(99) PSYoungGen: 1447872K(1561088K)->362048K(1572864K) Eden: 1048576K(1048576K)->0K(1048576K) From: 399296K(512512K)->362048K(524288K)
[35.861s][info ][gc,heap        ] GC(99) ParOldGen: 541690K(637952K)->606678K(637952K)
[35.861s][info ][gc,metaspace   ] GC(99) Metaspace: 68823K(69504K)->68823K(69504K) NonClass: 58860K(59264K)->58860K(59264K) Class: 9963K(10240K)->9963K(10240K)
[35.861s][info ][gc             ] GC(99) Pause Young (Allocation Failure) 1942M->946M(2159M) 83.561ms
[35.861s][info ][gc,cpu         ] GC(99) User=0.34s Sys=0.00s Real=0.08s
[35.861s][debug][gc,phases      ] GC(100) Pre Compact 0.009ms
[35.861s][info ][gc,start       ] GC(100) Pause Full (Ergonomics)
[35.861s][info ][gc,phases,start] GC(100) Marking Phase
[35.988s][debug][gc,phases      ] GC(100) Par Mark 126.819ms
[35.988s][debug][gc,ref         ] GC(100) Skipped phase 1 of Reference Processing: no references
[35.988s][debug][gc,ref         ] GC(100) ReferenceProcessor::execute queues: 1, RefProcThreadModel::Single, marks_oops_alive: false
[35.988s][debug][gc,ref         ] GC(100) Skipped phase 3 of Reference Processing: no references
[35.988s][debug][gc,ref         ] GC(100) ReferenceProcessor::execute queues: 1, RefProcThreadModel::Single, marks_oops_alive: false
[35.988s][debug][gc,phases      ] GC(100) Reference Processing 0.194ms
[35.988s][debug][gc,phases      ] GC(100)   VM Weak                        Min:  0.0, Avg:  0.0, Max:  0.0, Diff:  0.0, Sum:  0.0, Workers: 4
[35.988s][debug][gc,phases      ] GC(100)     Dead                           Min: 0, Avg:  0.0, Max: 0, Diff: 0, Sum: 0, Workers: 4
[35.988s][debug][gc,phases      ] GC(100)     Total                          Min: 0, Avg: 132.0, Max: 384, Diff: 384, Sum: 528, Workers: 4
[35.988s][debug][gc,phases      ] GC(100)   ObjectSynchronizer Weak        Min:  0.0, Avg:  0.0, Max:  0.0, Diff:  0.0, Sum:  0.0, Workers: 4
[35.988s][debug][gc,phases      ] GC(100)     Dead                           Min: 0, Avg:  0.0, Max: 0, Diff: 0, Sum: 0, Workers: 4
[35.988s][debug][gc,phases      ] GC(100)     Total                          Min: 0, Avg: 132.0, Max: 208, Diff: 208, Sum: 528, Workers: 4
[35.988s][debug][gc,phases      ] GC(100)   JVMTI Tag Weak OopStorage      Min:  0.0, Avg:  0.0, Max:  0.0, Diff:  0.0, Sum:  0.0, Workers: 4
[35.988s][debug][gc,phases      ] GC(100)     Dead                           Min: 0, Avg:  0.0, Max: 0, Diff: 0, Sum: 0, Workers: 4
[35.988s][debug][gc,phases      ] GC(100)     Total                          Min: 0, Avg:  0.0, Max: 0, Diff: 0, Sum: 0, Workers: 4
[35.988s][debug][gc,phases      ] GC(100)   StringTable Weak               Min:  0.1, Avg:  0.1, Max:  0.1, Diff:  0.0, Sum:  0.5, Workers: 4
[35.988s][debug][gc,phases      ] GC(100)     Dead                           Min: 0, Avg:  0.0, Max: 0, Diff: 0, Sum: 0, Workers: 4
[35.988s][debug][gc,phases      ] GC(100)     Total                          Min: 9984, Avg: 10713.5, Max: 11392, Diff: 1408, Sum: 42854, Workers: 4
[35.988s][debug][gc,phases      ] GC(100)   ResolvedMethodTable Weak       Min:  0.0, Avg:  0.0, Max:  0.0, Diff:  0.0, Sum:  0.1, Workers: 4
[35.988s][debug][gc,phases      ] GC(100)     Dead                           Min: 0, Avg:  0.0, Max: 0, Diff: 0, Sum: 0, Workers: 4
[35.988s][debug][gc,phases      ] GC(100)     Total                          Min: 1472, Avg: 1812.2, Max: 2047, Diff: 575, Sum: 7249, Workers: 4
[35.988s][debug][gc,phases      ] GC(100)   JNI Weak                       Min:  0.0, Avg:  0.0, Max:  0.0, Diff:  0.0, Sum:  0.0, Workers: 4
[35.988s][debug][gc,phases      ] GC(100)     Dead                           Min: 0, Avg:  0.0, Max: 0, Diff: 0, Sum: 0, Workers: 4
[35.988s][debug][gc,phases      ] GC(100)     Total                          Min: 0, Avg:  0.5, Max: 2, Diff: 2, Sum: 2, Workers: 4
[35.988s][debug][gc,phases      ] GC(100)   StringDedup Table Weak         Min:  0.0, Avg:  0.0, Max:  0.0, Diff:  0.0, Sum:  0.0, Workers: 4
[35.988s][debug][gc,phases      ] GC(100)     Dead                           Min: 0, Avg:  0.0, Max: 0, Diff: 0, Sum: 0, Workers: 4
[35.988s][debug][gc,phases      ] GC(100)     Total                          Min: 0, Avg:  0.0, Max: 0, Diff: 0, Sum: 0, Workers: 4
[35.988s][debug][gc,phases      ] GC(100)   StringDedup Requests0 Weak     Min:  0.0, Avg:  0.0, Max:  0.0, Diff:  0.0, Sum:  0.0, Workers: 4
[35.988s][debug][gc,phases      ] GC(100)     Dead                           Min: 0, Avg:  0.0, Max: 0, Diff: 0, Sum: 0, Workers: 4
[35.988s][debug][gc,phases      ] GC(100)     Total                          Min: 0, Avg:  0.0, Max: 0, Diff: 0, Sum: 0, Workers: 4
[35.988s][debug][gc,phases      ] GC(100)   StringDedup Requests1 Weak     Min:  0.0, Avg:  0.0, Max:  0.0, Diff:  0.0, Sum:  0.0, Workers: 4
[35.988s][debug][gc,phases      ] GC(100)     Dead                           Min: 0, Avg:  0.0, Max: 0, Diff: 0, Sum: 0, Workers: 4
[35.988s][debug][gc,phases      ] GC(100)     Total                          Min: 0, Avg:  0.0, Max: 0, Diff: 0, Sum: 0, Workers: 4
[35.988s][debug][gc,phases      ] GC(100)   Weak JFR Old Object Samples    Min:  0.0, Avg:  0.0, Max:  0.0, Diff:  0.0, Sum:  0.0, Workers: 4
[35.988s][debug][gc,phases      ] GC(100)     Dead                           Min: 0, Avg:  0.0, Max: 0, Diff: 0, Sum: 0, Workers: 4
[35.988s][debug][gc,phases      ] GC(100)     Total                          Min: 0, Avg:  0.0, Max: 0, Diff: 0, Sum: 0, Workers: 4
[35.988s][debug][gc,phases      ] GC(100) Weak Processing 0.358ms
[35.988s][debug][gc,phases      ] GC(100) ClassLoaderData 0.074ms
[35.988s][debug][gc,phases      ] GC(100) Trigger cleanups 0.000ms
[35.999s][debug][gc,phases      ] GC(100) Class Unloading 10.614ms
[35.999s][info ][gc,phases      ] GC(100) Marking Phase 138.148ms
[35.999s][info ][gc,phases,start] GC(100) Summary Phase
[35.999s][info ][gc,phases      ] GC(100) Summary Phase 0.026ms
[35.999s][info ][gc,phases,start] GC(100) Adjust Roots
[36.007s][info ][gc,phases      ] GC(100) Adjust Roots 7.775ms
[36.007s][info ][gc,phases,start] GC(100) Compaction Phase
[36.158s][info ][gc,phases      ] GC(100) Compaction Phase 151.564ms
[36.158s][info ][gc,phases,start] GC(100) Post Compact
[36.161s][info ][gc,phases      ] GC(100) Post Compact 2.538ms
[36.161s][info ][gc,heap        ] GC(100) PSYoungGen: 362048K(1572864K)->0K(1572864K) Eden: 0K(1048576K)->0K(1048576K) From: 362048K(524288K)->0K(524288K)
[36.161s][info ][gc,heap        ] GC(100) ParOldGen: 606678K(637952K)->444600K(574976K)
[36.161s][info ][gc,metaspace   ] GC(100) Metaspace: 68823K(69504K)->68823K(69504K) NonClass: 58860K(59264K)->58860K(59264K) Class: 9963K(10240K)->9963K(10240K)
[36.161s][info ][gc             ] GC(100) Pause Full (Ergonomics) 946M->434M(2097M) 300.467ms
[36.161s][info ][gc,cpu         ] GC(100) User=1.13s Sys=0.00s Real=0.30s
[36.161s][info ][safepoint      ] Safepoint "ParallelGCFailedAllocation", Time since last: 220055999 ns, Reaching safepoint: 160209 ns, At safepoint: 384248974 ns, Total: 384409183 ns
[36.348s][info ][gc,start       ] GC(101) Pause Young (Allocation Failure)
[36.356s][debug][gc,phases      ] GC(101) Scavenge 7.473ms
[36.356s][debug][gc,ref         ] GC(101) Skipped phase 1 of Reference Processing: no references
[36.356s][debug][gc,ref         ] GC(101) Skipped phase 2 of Reference Processing: no references
[36.356s][debug][gc,ref         ] GC(101) Skipped phase 3 of Reference Processing: no references
[36.356s][debug][gc,ref         ] GC(101) Skipped phase 4 of Reference Processing: no references
[36.356s][debug][gc,phases      ] GC(101) Reference Processing 0.024ms
[36.356s][debug][gc,phases      ] GC(101)   VM Weak                        Min:  0.0, Avg:  0.0, Max:  0.0, Diff:  0.0, Sum:  0.0, Workers: 4
[36.356s][debug][gc,phases      ] GC(101)     Dead                           Min: 0, Avg:  0.0, Max: 0, Diff: 0, Sum: 0, Workers: 4
[36.356s][debug][gc,phases      ] GC(101)     Total                          Min: 0, Avg: 132.0, Max: 464, Diff: 464, Sum: 528, Workers: 4
[36.356s][debug][gc,phases      ] GC(101)   ObjectSynchronizer Weak        Min:  0.0, Avg:  0.0, Max:  0.0, Diff:  0.0, Sum:  0.0, Workers: 4
[36.356s][debug][gc,phases      ] GC(101)     Dead                           Min: 0, Avg:  0.0, Max: 0, Diff: 0, Sum: 0, Workers: 4
[36.356s][debug][gc,phases      ] GC(101)     Total                          Min: 16, Avg: 132.0, Max: 192, Diff: 176, Sum: 528, Workers: 4
[36.356s][debug][gc,phases      ] GC(101)   JVMTI Tag Weak OopStorage      Min:  0.0, Avg:  0.0, Max:  0.0, Diff:  0.0, Sum:  0.0, Workers: 4
[36.356s][debug][gc,phases      ] GC(101)     Dead                           Min: 0, Avg:  0.0, Max: 0, Diff: 0, Sum: 0, Workers: 4
[36.356s][debug][gc,phases      ] GC(101)     Total                          Min: 0, Avg:  0.0, Max: 0, Diff: 0, Sum: 0, Workers: 4
[36.356s][debug][gc,phases      ] GC(101)   StringTable Weak               Min:  0.1, Avg:  0.1, Max:  0.1, Diff:  0.0, Sum:  0.4, Workers: 4
[36.356s][debug][gc,phases      ] GC(101)     Dead                           Min: 0, Avg:  2.8, Max: 10, Diff: 10, Sum: 11, Workers: 4
[36.356s][debug][gc,phases      ] GC(101)     Total                          Min: 10176, Avg: 10713.5, Max: 11238, Diff: 1062, Sum: 42854, Workers: 4
[36.356s][debug][gc,phases      ] GC(101)   ResolvedMethodTable Weak       Min:  0.0, Avg:  0.0, Max:  0.0, Diff:  0.0, Sum:  0.1, Workers: 4
[36.356s][debug][gc,phases      ] GC(101)     Dead                           Min: 0, Avg:  0.0, Max: 0, Diff: 0, Sum: 0, Workers: 4
[36.356s][debug][gc,phases      ] GC(101)     Total                          Min: 1556, Avg: 1812.2, Max: 2047, Diff: 491, Sum: 7249, Workers: 4
[36.356s][debug][gc,phases      ] GC(101)   JNI Weak                       Min:  0.0, Avg:  0.0, Max:  0.0, Diff:  0.0, Sum:  0.0, Workers: 4
[36.356s][debug][gc,phases      ] GC(101)     Dead                           Min: 0, Avg:  0.0, Max: 0, Diff: 0, Sum: 0, Workers: 4
[36.356s][debug][gc,phases      ] GC(101)     Total                          Min: 0, Avg:  1.5, Max: 6, Diff: 6, Sum: 6, Workers: 4
[36.356s][debug][gc,phases      ] GC(101)   StringDedup Table Weak         Min:  0.0, Avg:  0.0, Max:  0.0, Diff:  0.0, Sum:  0.0, Workers: 4
[36.356s][debug][gc,phases      ] GC(101)     Dead                           Min: 0, Avg:  0.0, Max: 0, Diff: 0, Sum: 0, Workers: 4
[36.356s][debug][gc,phases      ] GC(101)     Total                          Min: 0, Avg:  0.0, Max: 0, Diff: 0, Sum: 0, Workers: 4
[36.356s][debug][gc,phases      ] GC(101)   StringDedup Requests0 Weak     Min:  0.0, Avg:  0.0, Max:  0.0, Diff:  0.0, Sum:  0.0, Workers: 4
[36.356s][debug][gc,phases      ] GC(101)     Dead                           Min: 0, Avg:  0.0, Max: 0, Diff: 0, Sum: 0, Workers: 4
[36.356s][debug][gc,phases      ] GC(101)     Total                          Min: 0, Avg:  0.0, Max: 0, Diff: 0, Sum: 0, Workers: 4
[36.356s][debug][gc,phases      ] GC(101)   StringDedup Requests1 Weak     Min:  0.0, Avg:  0.0, Max:  0.0, Diff:  0.0, Sum:  0.0, Workers: 4
[36.356s][debug][gc,phases      ] GC(101)     Dead                           Min: 0, Avg:  0.0, Max: 0, Diff: 0, Sum: 0, Workers: 4
[36.356s][debug][gc,phases      ] GC(101)     Total                          Min: 0, Avg:  0.0, Max: 0, Diff: 0, Sum: 0, Workers: 4
[36.356s][debug][gc,phases      ] GC(101)   Weak JFR Old Object Samples    Min:  0.0, Avg:  0.0, Max:  0.0, Diff:  0.0, Sum:  0.0, Workers: 4
[36.356s][debug][gc,phases      ] GC(101)     Dead                           Min: 0, Avg:  0.0, Max: 0, Diff: 0, Sum: 0, Workers: 4
[36.356s][debug][gc,phases      ] GC(101)     Total                          Min: 0, Avg:  0.0, Max: 0, Diff: 0, Sum: 0, Workers: 4
[36.356s][debug][gc,phases      ] GC(101) Weak Processing 0.317ms
[36.356s][debug][gc,age         ] GC(101) Desired survivor size 536870912 bytes, new threshold 12 (max threshold 15)
[36.356s][info ][gc,heap        ] GC(101) PSYoungGen: 1048576K(1572864K)->20704K(1572864K) Eden: 1048576K(1048576K)->0K(1048576K) From: 0K(524288K)->20704K(524288K)
[36.356s][info ][gc,heap        ] GC(101) ParOldGen: 444600K(574976K)->444600K(574976K)
[36.356s][info ][gc,metaspace   ] GC(101) Metaspace: 68829K(69504K)->68829K(69504K) NonClass: 58865K(59264K)->58865K(59264K) Class: 9963K(10240K)->9963K(10240K)
[36.356s][info ][gc             ] GC(101) Pause Young (Allocation Failure) 1458M->454M(2097M) 7.957ms
[36.356s][info ][gc,cpu         ] GC(101) User=0.04s Sys=0.00s Real=0.01s
[36.356s][info ][safepoint      ] Safepoint "ParallelGCFailedAllocation", Time since last: 186551865 ns, Reaching safepoint: 72404 ns, At safepoint: 8069966 ns, Total: 8142370 ns
[36.560s][info ][gc,start       ] GC(102) Pause Young (Allocation Failure)
[36.568s][debug][gc,phases      ] GC(102) Scavenge 8.526ms
[36.568s][debug][gc,ref         ] GC(102) Skipped phase 1 of Reference Processing: no references
[36.568s][debug][gc,ref         ] GC(102) ReferenceProcessor::execute queues: 1, RefProcThreadModel::Single, marks_oops_alive: false
[36.568s][debug][gc,ref         ] GC(102) Skipped phase 3 of Reference Processing: no references
[36.568s][debug][gc,ref         ] GC(102) ReferenceProcessor::execute queues: 1, RefProcThreadModel::Single, marks_oops_alive: false
[36.568s][debug][gc,phases      ] GC(102) Reference Processing 0.124ms
[36.569s][debug][gc,phases      ] GC(102)   VM Weak                        Min:  0.0, Avg:  0.0, Max:  0.0, Diff:  0.0, Sum:  0.0, Workers: 4
[36.569s][debug][gc,phases      ] GC(102)     Dead                           Min: 0, Avg:  0.0, Max: 0, Diff: 0, Sum: 0, Workers: 4
[36.569s][debug][gc,phases      ] GC(102)     Total                          Min: 0, Avg: 138.8, Max: 555, Diff: 555, Sum: 555, Workers: 4
[36.569s][debug][gc,phases      ] GC(102)   ObjectSynchronizer Weak        Min:  0.0, Avg:  0.0, Max:  0.0, Diff:  0.0, Sum:  0.0, Workers: 4
[36.569s][debug][gc,phases      ] GC(102)     Dead                           Min: 0, Avg:  0.0, Max: 0, Diff: 0, Sum: 0, Workers: 4
[36.569s][debug][gc,phases      ] GC(102)     Total                          Min: 0, Avg: 132.0, Max: 320, Diff: 320, Sum: 528, Workers: 4
[36.569s][debug][gc,phases      ] GC(102)   JVMTI Tag Weak OopStorage      Min:  0.0, Avg:  0.0, Max:  0.0, Diff:  0.0, Sum:  0.0, Workers: 4
[36.569s][debug][gc,phases      ] GC(102)     Dead                           Min: 0, Avg:  0.0, Max: 0, Diff: 0, Sum: 0, Workers: 4
[36.569s][debug][gc,phases      ] GC(102)     Total                          Min: 0, Avg:  0.0, Max: 0, Diff: 0, Sum: 0, Workers: 4
[36.569s][debug][gc,phases      ] GC(102)   StringTable Weak               Min:  0.1, Avg:  0.1, Max:  0.1, Diff:  0.0, Sum:  0.4, Workers: 4
[36.569s][debug][gc,phases      ] GC(102)     Dead                           Min: 0, Avg:  0.0, Max: 0, Diff: 0, Sum: 0, Workers: 4
[36.569s][debug][gc,phases      ] GC(102)     Total                          Min: 8832, Avg: 10761.2, Max: 12069, Diff: 3237, Sum: 43045, Workers: 4
[36.569s][debug][gc,phases      ] GC(102)   ResolvedMethodTable Weak       Min:  0.0, Avg:  0.0, Max:  0.0, Diff:  0.0, Sum:  0.1, Workers: 4
[36.569s][debug][gc,phases      ] GC(102)     Dead                           Min: 0, Avg:  1.2, Max: 5, Diff: 5, Sum: 5, Workers: 4
[36.569s][debug][gc,phases      ] GC(102)     Total                          Min: 1600, Avg: 1835.5, Max: 2159, Diff: 559, Sum: 7342, Workers: 4
[36.569s][debug][gc,phases      ] GC(102)   JNI Weak                       Min:  0.0, Avg:  0.0, Max:  0.0, Diff:  0.0, Sum:  0.0, Workers: 4
[36.569s][debug][gc,phases      ] GC(102)     Dead                           Min: 0, Avg:  0.0, Max: 0, Diff: 0, Sum: 0, Workers: 4
[36.569s][debug][gc,phases      ] GC(102)     Total                          Min: 0, Avg:  4.8, Max: 19, Diff: 19, Sum: 19, Workers: 4
[36.569s][debug][gc,phases      ] GC(102)   StringDedup Table Weak         Min:  0.0, Avg:  0.0, Max:  0.0, Diff:  0.0, Sum:  0.0, Workers: 4
[36.569s][debug][gc,phases      ] GC(102)     Dead                           Min: 0, Avg:  0.0, Max: 0, Diff: 0, Sum: 0, Workers: 4
[36.569s][debug][gc,phases      ] GC(102)     Total                          Min: 0, Avg:  0.0, Max: 0, Diff: 0, Sum: 0, Workers: 4
[36.569s][debug][gc,phases      ] GC(102)   StringDedup Requests0 Weak     Min:  0.0, Avg:  0.0, Max:  0.0, Diff:  0.0, Sum:  0.0, Workers: 4
[36.569s][debug][gc,phases      ] GC(102)     Dead                           Min: 0, Avg:  0.0, Max: 0, Diff: 0, Sum: 0, Workers: 4
[36.569s][debug][gc,phases      ] GC(102)     Total                          Min: 0, Avg:  0.0, Max: 0, Diff: 0, Sum: 0, Workers: 4
[36.569s][debug][gc,phases      ] GC(102)   StringDedup Requests1 Weak     Min:  0.0, Avg:  0.0, Max:  0.0, Diff:  0.0, Sum:  0.0, Workers: 4
[36.569s][debug][gc,phases      ] GC(102)     Dead                           Min: 0, Avg:  0.0, Max: 0, Diff: 0, Sum: 0, Workers: 4
[36.569s][debug][gc,phases      ] GC(102)     Total                          Min: 0, Avg:  0.0, Max: 0, Diff: 0, Sum: 0, Workers: 4
[36.569s][debug][gc,phases      ] GC(102)   Weak JFR Old Object Samples    Min:  0.0, Avg:  0.0, Max:  0.0, Diff:  0.0, Sum:  0.0, Workers: 4
[36.569s][debug][gc,phases      ] GC(102)     Dead                           Min: 0, Avg:  0.0, Max: 0, Diff: 0, Sum: 0, Workers: 4
[36.569s][debug][gc,phases      ] GC(102)     Total                          Min: 0, Avg:  0.0, Max: 0, Diff: 0, Sum: 0, Workers: 4
[36.569s][debug][gc,phases      ] GC(102) Weak Processing 0.303ms
[36.569s][debug][gc,age         ] GC(102) Desired survivor size 536870912 bytes, new threshold 11 (max threshold 15)
[36.569s][info ][gc,heap        ] GC(102) PSYoungGen: 1069280K(1572864K)->24256K(1572864K) Eden: 1048576K(1048576K)->0K(1048576K) From: 20704K(524288K)->24256K(524288K)
[36.569s][info ][gc,heap        ] GC(102) ParOldGen: 444600K(574976K)->444600K(574976K)
[36.569s][info ][gc,metaspace   ] GC(102) Metaspace: 69110K(69888K)->69110K(69888K) NonClass: 59084K(59520K)->59084K(59520K) Class: 10026K(10368K)->10026K(10368K)
[36.569s][info ][gc             ] GC(102) Pause Young (Allocation Failure) 1478M->457M(2097M) 9.065ms
[36.569s][info ][gc,cpu         ] GC(102) User=0.03s Sys=0.00s Real=0.01s
[36.569s][info ][safepoint      ] Safepoint "ParallelGCFailedAllocation", Time since last: 203432339 ns, Reaching safepoint: 189411 ns, At safepoint: 9181830 ns, Total: 9371241 ns
[36.786s][info ][gc,start       ] GC(103) Pause Young (Allocation Failure)
[36.796s][debug][gc,phases      ] GC(103) Scavenge 9.209ms
[36.796s][debug][gc,ref         ] GC(103) Skipped phase 1 of Reference Processing: no references
[36.796s][debug][gc,ref         ] GC(103) ReferenceProcessor::execute queues: 1, RefProcThreadModel::Single, marks_oops_alive: false
[36.796s][debug][gc,ref         ] GC(103) Skipped phase 3 of Reference Processing: no references
[36.796s][debug][gc,ref         ] GC(103) ReferenceProcessor::execute queues: 1, RefProcThreadModel::Single, marks_oops_alive: false
[36.796s][debug][gc,phases      ] GC(103) Reference Processing 0.128ms
[36.796s][debug][gc,phases      ] GC(103)   VM Weak                        Min:  0.0, Avg:  0.0, Max:  0.0, Diff:  0.0, Sum:  0.0, Workers: 4
[36.796s][debug][gc,phases      ] GC(103)     Dead                           Min: 0, Avg:  0.0, Max: 0, Diff: 0, Sum: 0, Workers: 4
[36.796s][debug][gc,phases      ] GC(103)     Total                          Min: 0, Avg: 139.8, Max: 384, Diff: 384, Sum: 559, Workers: 4
[36.796s][debug][gc,phases      ] GC(103)   ObjectSynchronizer Weak        Min:  0.0, Avg:  0.0, Max:  0.0, Diff:  0.0, Sum:  0.0, Workers: 4
[36.796s][debug][gc,phases      ] GC(103)     Dead                           Min: 0, Avg:  0.0, Max: 0, Diff: 0, Sum: 0, Workers: 4
[36.796s][debug][gc,phases      ] GC(103)     Total                          Min: 0, Avg: 132.2, Max: 273, Diff: 273, Sum: 529, Workers: 4
[36.796s][debug][gc,phases      ] GC(103)   JVMTI Tag Weak OopStorage      Min:  0.0, Avg:  0.0, Max:  0.0, Diff:  0.0, Sum:  0.0, Workers: 4
[36.796s][debug][gc,phases      ] GC(103)     Dead                           Min: 0, Avg:  0.0, Max: 0, Diff: 0, Sum: 0, Workers: 4
[36.796s][debug][gc,phases      ] GC(103)     Total                          Min: 0, Avg:  0.0, Max: 0, Diff: 0, Sum: 0, Workers: 4
[36.796s][debug][gc,phases      ] GC(103)   StringTable Weak               Min:  0.1, Avg:  0.1, Max:  0.1, Diff:  0.0, Sum:  0.3, Workers: 4
[36.796s][debug][gc,phases      ] GC(103)     Dead                           Min: 0, Avg:  3.5, Max: 12, Diff: 12, Sum: 14, Workers: 4
[36.796s][debug][gc,phases      ] GC(103)     Total                          Min: 9600, Avg: 10843.8, Max: 11707, Diff: 2107, Sum: 43375, Workers: 4
[36.796s][debug][gc,phases      ] GC(103)   ResolvedMethodTable Weak       Min:  0.0, Avg:  0.0, Max:  0.0, Diff:  0.0, Sum:  0.1, Workers: 4
[36.796s][debug][gc,phases      ] GC(103)     Dead                           Min: 0, Avg:  3.2, Max: 6, Diff: 6, Sum: 13, Workers: 4
[36.796s][debug][gc,phases      ] GC(103)     Total                          Min: 1664, Avg: 1871.0, Max: 2176, Diff: 512, Sum: 7484, Workers: 4
[36.796s][debug][gc,phases      ] GC(103)   JNI Weak                       Min:  0.0, Avg:  0.0, Max:  0.0, Diff:  0.0, Sum:  0.0, Workers: 4
[36.796s][debug][gc,phases      ] GC(103)     Dead                           Min: 0, Avg:  0.0, Max: 0, Diff: 0, Sum: 0, Workers: 4
[36.796s][debug][gc,phases      ] GC(103)     Total                          Min: 0, Avg:  7.0, Max: 28, Diff: 28, Sum: 28, Workers: 4
[36.796s][debug][gc,phases      ] GC(103)   StringDedup Table Weak         Min:  0.0, Avg:  0.0, Max:  0.0, Diff:  0.0, Sum:  0.0, Workers: 4
[36.796s][debug][gc,phases      ] GC(103)     Dead                           Min: 0, Avg:  0.0, Max: 0, Diff: 0, Sum: 0, Workers: 4
[36.796s][debug][gc,phases      ] GC(103)     Total                          Min: 0, Avg:  0.0, Max: 0, Diff: 0, Sum: 0, Workers: 4
[36.796s][debug][gc,phases      ] GC(103)   StringDedup Requests0 Weak     Min:  0.0, Avg:  0.0, Max:  0.0, Diff:  0.0, Sum:  0.0, Workers: 4
[36.796s][debug][gc,phases      ] GC(103)     Dead                           Min: 0, Avg:  0.0, Max: 0, Diff: 0, Sum: 0, Workers: 4
[36.796s][debug][gc,phases      ] GC(103)     Total                          Min: 0, Avg:  0.0, Max: 0, Diff: 0, Sum: 0, Workers: 4
[36.796s][debug][gc,phases      ] GC(103)   StringDedup Requests1 Weak     Min:  0.0, Avg:  0.0, Max:  0.0, Diff:  0.0, Sum:  0.0, Workers: 4
[36.796s][debug][gc,phases      ] GC(103)     Dead                           Min: 0, Avg:  0.0, Max: 0, Diff: 0, Sum: 0, Workers: 4
[36.796s][debug][gc,phases      ] GC(103)     Total                          Min: 0, Avg:  0.0, Max: 0, Diff: 0, Sum: 0, Workers: 4
[36.796s][debug][gc,phases      ] GC(103)   Weak JFR Old Object Samples    Min:  0.0, Avg:  0.0, Max:  0.0, Diff:  0.0, Sum:  0.0, Workers: 4
[36.796s][debug][gc,phases      ] GC(103)     Dead                           Min: 0, Avg:  0.0, Max: 0, Diff: 0, Sum: 0, Workers: 4
[36.796s][debug][gc,phases      ] GC(103)     Total                          Min: 0, Avg:  0.0, Max: 0, Diff: 0, Sum: 0, Workers: 4
[36.796s][debug][gc,phases      ] GC(103) Weak Processing 0.310ms
[36.796s][debug][gc,age         ] GC(103) Desired survivor size 536870912 bytes, new threshold 10 (max threshold 15)
[36.796s][info ][gc,heap        ] GC(103) PSYoungGen: 1072832K(1572864K)->28192K(1572864K) Eden: 1048576K(1048576K)->0K(1048576K) From: 24256K(524288K)->28192K(524288K)
[36.796s][info ][gc,heap        ] GC(103) ParOldGen: 444600K(574976K)->444608K(574976K)
[36.796s][info ][gc,metaspace   ] GC(103) Metaspace: 70274K(71040K)->70274K(71040K) NonClass: 60094K(60480K)->60094K(60480K) Class: 10180K(10560K)->10180K(10560K)
[36.796s][info ][gc             ] GC(103) Pause Young (Allocation Failure) 1481M->461M(2097M) 9.786ms
[36.796s][info ][gc,cpu         ] GC(103) User=0.03s Sys=0.00s Real=0.01s
[36.796s][info ][safepoint      ] Safepoint "ParallelGCFailedAllocation", Time since last: 217171232 ns, Reaching safepoint: 226613 ns, At safepoint: 9899772 ns, Total: 10126385 ns
[37.013s][info ][gc,start       ] GC(104) Pause Young (Allocation Failure)
[37.044s][debug][gc,phases      ] GC(104) Scavenge 30.458ms
[37.044s][debug][gc,ref         ] GC(104) Skipped phase 1 of Reference Processing: no references
[37.044s][debug][gc,ref         ] GC(104) ReferenceProcessor::execute queues: 1, RefProcThreadModel::Single, marks_oops_alive: false
[37.044s][debug][gc,ref         ] GC(104) Skipped phase 3 of Reference Processing: no references
[37.044s][debug][gc,ref         ] GC(104) ReferenceProcessor::execute queues: 1, RefProcThreadModel::Single, marks_oops_alive: false
[37.044s][debug][gc,phases      ] GC(104) Reference Processing 0.136ms
[37.044s][debug][gc,phases      ] GC(104)   VM Weak                        Min:  0.0, Avg:  0.0, Max:  0.0, Diff:  0.0, Sum:  0.0, Workers: 4
[37.044s][debug][gc,phases      ] GC(104)     Dead                           Min: 0, Avg:  0.0, Max: 0, Diff: 0, Sum: 0, Workers: 4
[37.044s][debug][gc,phases      ] GC(104)     Total                          Min: 0, Avg: 142.5, Max: 570, Diff: 570, Sum: 570, Workers: 4
[37.044s][debug][gc,phases      ] GC(104)   ObjectSynchronizer Weak        Min:  0.0, Avg:  0.0, Max:  0.0, Diff:  0.0, Sum:  0.0, Workers: 4
[37.044s][debug][gc,phases      ] GC(104)     Dead                           Min: 0, Avg:  0.0, Max: 0, Diff: 0, Sum: 0, Workers: 4
[37.044s][debug][gc,phases      ] GC(104)     Total                          Min: 0, Avg: 132.2, Max: 384, Diff: 384, Sum: 529, Workers: 4
[37.044s][debug][gc,phases      ] GC(104)   JVMTI Tag Weak OopStorage      Min:  0.0, Avg:  0.0, Max:  0.0, Diff:  0.0, Sum:  0.0, Workers: 4
[37.044s][debug][gc,phases      ] GC(104)     Dead                           Min: 0, Avg:  0.0, Max: 0, Diff: 0, Sum: 0, Workers: 4
[37.044s][debug][gc,phases      ] GC(104)     Total                          Min: 0, Avg:  0.0, Max: 0, Diff: 0, Sum: 0, Workers: 4
[37.044s][debug][gc,phases      ] GC(104)   StringTable Weak               Min:  0.1, Avg:  0.1, Max:  0.1, Diff:  0.0, Sum:  0.4, Workers: 4
[37.044s][debug][gc,phases      ] GC(104)     Dead                           Min: 0, Avg:  0.8, Max: 3, Diff: 3, Sum: 3, Workers: 4
[37.044s][debug][gc,phases      ] GC(104)     Total                          Min: 10142, Avg: 10871.5, Max: 11776, Diff: 1634, Sum: 43486, Workers: 4
[37.044s][debug][gc,phases      ] GC(104)   ResolvedMethodTable Weak       Min:  0.0, Avg:  0.0, Max:  0.0, Diff:  0.0, Sum:  0.1, Workers: 4
[37.044s][debug][gc,phases      ] GC(104)     Dead                           Min: 2, Avg:  4.2, Max: 8, Diff: 6, Sum: 17, Workers: 4
[37.044s][debug][gc,phases      ] GC(104)     Total                          Min: 1725, Avg: 1894.8, Max: 2143, Diff: 418, Sum: 7579, Workers: 4
[37.044s][debug][gc,phases      ] GC(104)   JNI Weak                       Min:  0.0, Avg:  0.0, Max:  0.0, Diff:  0.0, Sum:  0.0, Workers: 4
[37.044s][debug][gc,phases      ] GC(104)     Dead                           Min: 0, Avg:  0.0, Max: 0, Diff: 0, Sum: 0, Workers: 4
[37.044s][debug][gc,phases      ] GC(104)     Total                          Min: 0, Avg:  0.8, Max: 3, Diff: 3, Sum: 3, Workers: 4
[37.044s][debug][gc,phases      ] GC(104)   StringDedup Table Weak         Min:  0.0, Avg:  0.0, Max:  0.0, Diff:  0.0, Sum:  0.0, Workers: 4
[37.044s][debug][gc,phases      ] GC(104)     Dead                           Min: 0, Avg:  0.0, Max: 0, Diff: 0, Sum: 0, Workers: 4
[37.044s][debug][gc,phases      ] GC(104)     Total                          Min: 0, Avg:  0.0, Max: 0, Diff: 0, Sum: 0, Workers: 4
[37.044s][debug][gc,phases      ] GC(104)   StringDedup Requests0 Weak     Min:  0.0, Avg:  0.0, Max:  0.0, Diff:  0.0, Sum:  0.0, Workers: 4
[37.044s][debug][gc,phases      ] GC(104)     Dead                           Min: 0, Avg:  0.0, Max: 0, Diff: 0, Sum: 0, Workers: 4
[37.044s][debug][gc,phases      ] GC(104)     Total                          Min: 0, Avg:  0.0, Max: 0, Diff: 0, Sum: 0, Workers: 4
[37.044s][debug][gc,phases      ] GC(104)   StringDedup Requests1 Weak     Min:  0.0, Avg:  0.0, Max:  0.0, Diff:  0.0, Sum:  0.0, Workers: 4
[37.044s][debug][gc,phases      ] GC(104)     Dead                           Min: 0, Avg:  0.0, Max: 0, Diff: 0, Sum: 0, Workers: 4
[37.044s][debug][gc,phases      ] GC(104)     Total                          Min: 0, Avg:  0.0, Max: 0, Diff: 0, Sum: 0, Workers: 4
[37.044s][debug][gc,phases      ] GC(104)   Weak JFR Old Object Samples    Min:  0.0, Avg:  0.0, Max:  0.0, Diff:  0.0, Sum:  0.0, Workers: 4
[37.044s][debug][gc,phases      ] GC(104)     Dead                           Min: 0, Avg:  0.0, Max: 0, Diff: 0, Sum: 0, Workers: 4
[37.044s][debug][gc,phases      ] GC(104)     Total                          Min: 0, Avg:  0.0, Max: 0, Diff: 0, Sum: 0, Workers: 4
[37.044s][debug][gc,phases      ] GC(104) Weak Processing 0.315ms
[37.044s][debug][gc,age         ] GC(104) Desired survivor size 536870912 bytes, new threshold 9 (max threshold 15)
[37.044s][info ][gc,heap        ] GC(104) PSYoungGen: 1076768K(1572864K)->66128K(1572864K) Eden: 1048576K(1048576K)->0K(1048576K) From: 28192K(524288K)->66128K(524288K)
[37.044s][info ][gc,heap        ] GC(104) ParOldGen: 444608K(574976K)->444616K(574976K)
[37.044s][info ][gc,metaspace   ] GC(104) Metaspace: 70721K(71552K)->70721K(71552K) NonClass: 60470K(60928K)->60470K(60928K) Class: 10250K(10624K)->10250K(10624K)
[37.044s][info ][gc             ] GC(104) Pause Young (Allocation Failure) 1485M->498M(2097M) 31.051ms
[37.044s][info ][gc,cpu         ] GC(104) User=0.12s Sys=0.00s Real=0.04s
[37.044s][info ][safepoint      ] Safepoint "ParallelGCFailedAllocation", Time since last: 216533895 ns, Reaching safepoint: 246714 ns, At safepoint: 31164499 ns, Total: 31411213 ns
[37.310s][info ][gc,start       ] GC(105) Pause Young (Allocation Failure)
[37.334s][debug][gc,phases      ] GC(105) Scavenge 23.213ms
[37.334s][debug][gc,ref         ] GC(105) Skipped phase 1 of Reference Processing: no references
[37.334s][debug][gc,ref         ] GC(105) ReferenceProcessor::execute queues: 1, RefProcThreadModel::Single, marks_oops_alive: false
[37.334s][debug][gc,ref         ] GC(105) Skipped phase 3 of Reference Processing: no references
[37.334s][debug][gc,ref         ] GC(105) ReferenceProcessor::execute queues: 1, RefProcThreadModel::Single, marks_oops_alive: false
[37.334s][debug][gc,phases      ] GC(105) Reference Processing 0.130ms
[37.334s][debug][gc,phases      ] GC(105)   VM Weak                        Min:  0.0, Avg:  0.0, Max:  0.0, Diff:  0.0, Sum:  0.0, Workers: 4
[37.334s][debug][gc,phases      ] GC(105)     Dead                           Min: 0, Avg:  0.0, Max: 0, Diff: 0, Sum: 0, Workers: 4
[37.334s][debug][gc,phases      ] GC(105)     Total                          Min: 0, Avg: 147.2, Max: 525, Diff: 525, Sum: 589, Workers: 4
[37.334s][debug][gc,phases      ] GC(105)   ObjectSynchronizer Weak        Min:  0.0, Avg:  0.0, Max:  0.0, Diff:  0.0, Sum:  0.0, Workers: 4
[37.334s][debug][gc,phases      ] GC(105)     Dead                           Min: 0, Avg:  1.0, Max: 4, Diff: 4, Sum: 4, Workers: 4
[37.334s][debug][gc,phases      ] GC(105)     Total                          Min: 0, Avg: 133.5, Max: 320, Diff: 320, Sum: 534, Workers: 4
[37.334s][debug][gc,phases      ] GC(105)   JVMTI Tag Weak OopStorage      Min:  0.0, Avg:  0.0, Max:  0.0, Diff:  0.0, Sum:  0.0, Workers: 4
[37.334s][debug][gc,phases      ] GC(105)     Dead                           Min: 0, Avg:  0.0, Max: 0, Diff: 0, Sum: 0, Workers: 4
[37.334s][debug][gc,phases      ] GC(105)     Total                          Min: 0, Avg:  0.0, Max: 0, Diff: 0, Sum: 0, Workers: 4
[37.334s][debug][gc,phases      ] GC(105)   StringTable Weak               Min:  0.1, Avg:  0.1, Max:  0.1, Diff:  0.0, Sum:  0.4, Workers: 4
[37.334s][debug][gc,phases      ] GC(105)     Dead                           Min: 0, Avg:  1.0, Max: 3, Diff: 3, Sum: 4, Workers: 4
[37.334s][debug][gc,phases      ] GC(105)     Total                          Min: 9856, Avg: 10915.0, Max: 11647, Diff: 1791, Sum: 43660, Workers: 4
[37.334s][debug][gc,phases      ] GC(105)   ResolvedMethodTable Weak       Min:  0.0, Avg:  0.0, Max:  0.0, Diff:  0.0, Sum:  0.1, Workers: 4
[37.334s][debug][gc,phases      ] GC(105)     Dead                           Min: 0, Avg:  2.2, Max: 9, Diff: 9, Sum: 9, Workers: 4
[37.334s][debug][gc,phases      ] GC(105)     Total                          Min: 1792, Avg: 1921.8, Max: 1991, Diff: 199, Sum: 7687, Workers: 4
[37.334s][debug][gc,phases      ] GC(105)   JNI Weak                       Min:  0.0, Avg:  0.0, Max:  0.0, Diff:  0.0, Sum:  0.0, Workers: 4
[37.334s][debug][gc,phases      ] GC(105)     Dead                           Min: 0, Avg:  0.0, Max: 0, Diff: 0, Sum: 0, Workers: 4
[37.334s][debug][gc,phases      ] GC(105)     Total                          Min: 0, Avg:  2.8, Max: 11, Diff: 11, Sum: 11, Workers: 4
[37.334s][debug][gc,phases      ] GC(105)   StringDedup Table Weak         Min:  0.0, Avg:  0.0, Max:  0.0, Diff:  0.0, Sum:  0.0, Workers: 4
[37.334s][debug][gc,phases      ] GC(105)     Dead                           Min: 0, Avg:  0.0, Max: 0, Diff: 0, Sum: 0, Workers: 4
[37.334s][debug][gc,phases      ] GC(105)     Total                          Min: 0, Avg:  0.0, Max: 0, Diff: 0, Sum: 0, Workers: 4
[37.334s][debug][gc,phases      ] GC(105)   StringDedup Requests0 Weak     Min:  0.0, Avg:  0.0, Max:  0.0, Diff:  0.0, Sum:  0.0, Workers: 4
[37.334s][debug][gc,phases      ] GC(105)     Dead                           Min: 0, Avg:  0.0, Max: 0, Diff: 0, Sum: 0, Workers: 4
[37.334s][debug][gc,phases      ] GC(105)     Total                          Min: 0, Avg:  0.0, Max: 0, Diff: 0, Sum: 0, Workers: 4
[37.334s][debug][gc,phases      ] GC(105)   StringDedup Requests1 Weak     Min:  0.0, Avg:  0.0, Max:  0.0, Diff:  0.0, Sum:  0.0, Workers: 4
[37.334s][debug][gc,phases      ] GC(105)     Dead                           Min: 0, Avg:  0.0, Max: 0, Diff: 0, Sum: 0, Workers: 4
[37.334s][debug][gc,phases      ] GC(105)     Total                          Min: 0, Avg:  0.0, Max: 0, Diff: 0, Sum: 0, Workers: 4
[37.334s][debug][gc,phases      ] GC(105)   Weak JFR Old Object Samples    Min:  0.0, Avg:  0.0, Max:  0.0, Diff:  0.0, Sum:  0.0, Workers: 4
[37.334s][debug][gc,phases      ] GC(105)     Dead                           Min: 0, Avg:  0.0, Max: 0, Diff: 0, Sum: 0, Workers: 4
[37.334s][debug][gc,phases      ] GC(105)     Total                          Min: 0, Avg:  0.0, Max: 0, Diff: 0, Sum: 0, Workers: 4
[37.334s][debug][gc,phases      ] GC(105) Weak Processing 0.313ms
[37.334s][debug][gc,age         ] GC(105) Desired survivor size 530055168 bytes, new threshold 10 (max threshold 15)
[37.334s][info ][gc,heap        ] GC(105) PSYoungGen: 1114704K(1572864K)->68864K(1572864K) Eden: 1048576K(1048576K)->0K(1048576K) From: 66128K(524288K)->68864K(524288K)
[37.334s][info ][gc,heap        ] GC(105) ParOldGen: 444616K(574976K)->444616K(574976K)
[37.334s][info ][gc,metaspace   ] GC(105) Metaspace: 71230K(72000K)->71230K(72000K) NonClass: 60901K(61312K)->60901K(61312K) Class: 10328K(10688K)->10328K(10688K)
[37.334s][info ][gc             ] GC(105) Pause Young (Allocation Failure) 1522M->501M(2097M) 23.797ms
[37.334s][info ][gc,cpu         ] GC(105) User=0.10s Sys=0.00s Real=0.02s
[37.334s][info ][safepoint      ] Safepoint "ParallelGCFailedAllocation", Time since last: 265953447 ns, Reaching safepoint: 177010 ns, At safepoint: 23931481 ns, Total: 24108491 ns
[37.505s][info ][safepoint      ] Safepoint "ICBufferFull", Time since last: 170624146 ns, Reaching safepoint: 253514 ns, At safepoint: 27702 ns, Total: 281216 ns
[37.550s][info ][gc,start       ] GC(106) Pause Young (Allocation Failure)
[37.576s][debug][gc,phases      ] GC(106) Scavenge 25.772ms
[37.576s][debug][gc,ref         ] GC(106) Skipped phase 1 of Reference Processing: no references
[37.576s][debug][gc,ref         ] GC(106) ReferenceProcessor::execute queues: 1, RefProcThreadModel::Single, marks_oops_alive: false
[37.576s][debug][gc,ref         ] GC(106) Skipped phase 3 of Reference Processing: no references
[37.576s][debug][gc,ref         ] GC(106) ReferenceProcessor::execute queues: 1, RefProcThreadModel::Single, marks_oops_alive: false
[37.576s][debug][gc,phases      ] GC(106) Reference Processing 0.142ms
[37.577s][debug][gc,phases      ] GC(106)   VM Weak                        Min:  0.0, Avg:  0.0, Max:  0.0, Diff:  0.0, Sum:  0.0, Workers: 4
[37.577s][debug][gc,phases      ] GC(106)     Dead                           Min: 0, Avg:  0.0, Max: 0, Diff: 0, Sum: 0, Workers: 4
[37.577s][debug][gc,phases      ] GC(106)     Total                          Min: 0, Avg: 149.8, Max: 599, Diff: 599, Sum: 599, Workers: 4
[37.577s][debug][gc,phases      ] GC(106)   ObjectSynchronizer Weak        Min:  0.0, Avg:  0.0, Max:  0.0, Diff:  0.0, Sum:  0.0, Workers: 4
[37.577s][debug][gc,phases      ] GC(106)     Dead                           Min: 0, Avg:  0.0, Max: 0, Diff: 0, Sum: 0, Workers: 4
[37.577s][debug][gc,phases      ] GC(106)     Total                          Min: 0, Avg: 133.5, Max: 512, Diff: 512, Sum: 534, Workers: 4
[37.577s][debug][gc,phases      ] GC(106)   JVMTI Tag Weak OopStorage      Min:  0.0, Avg:  0.0, Max:  0.0, Diff:  0.0, Sum:  0.0, Workers: 4
[37.577s][debug][gc,phases      ] GC(106)     Dead                           Min: 0, Avg:  0.0, Max: 0, Diff: 0, Sum: 0, Workers: 4
[37.577s][debug][gc,phases      ] GC(106)     Total                          Min: 0, Avg:  0.0, Max: 0, Diff: 0, Sum: 0, Workers: 4
[37.577s][debug][gc,phases      ] GC(106)   StringTable Weak               Min:  0.1, Avg:  0.1, Max:  0.1, Diff:  0.0, Sum:  0.4, Workers: 4
[37.577s][debug][gc,phases      ] GC(106)     Dead                           Min: 0, Avg:  0.8, Max: 2, Diff: 2, Sum: 3, Workers: 4
[37.577s][debug][gc,phases      ] GC(106)     Total                          Min: 9216, Avg: 10946.5, Max: 13642, Diff: 4426, Sum: 43786, Workers: 4
[37.577s][debug][gc,phases      ] GC(106)   ResolvedMethodTable Weak       Min:  0.0, Avg:  0.0, Max:  0.0, Diff:  0.0, Sum:  0.1, Workers: 4
[37.577s][debug][gc,phases      ] GC(106)     Dead                           Min: 0, Avg:  0.0, Max: 0, Diff: 0, Sum: 0, Workers: 4
[37.577s][debug][gc,phases      ] GC(106)     Total                          Min: 1885, Avg: 1959.0, Max: 2111, Diff: 226, Sum: 7836, Workers: 4
[37.577s][debug][gc,phases      ] GC(106)   JNI Weak                       Min:  0.0, Avg:  0.0, Max:  0.0, Diff:  0.0, Sum:  0.0, Workers: 4
[37.577s][debug][gc,phases      ] GC(106)     Dead                           Min: 0, Avg:  0.0, Max: 0, Diff: 0, Sum: 0, Workers: 4
[37.577s][debug][gc,phases      ] GC(106)     Total                          Min: 0, Avg:  5.0, Max: 20, Diff: 20, Sum: 20, Workers: 4
[37.577s][debug][gc,phases      ] GC(106)   StringDedup Table Weak         Min:  0.0, Avg:  0.0, Max:  0.0, Diff:  0.0, Sum:  0.0, Workers: 4
[37.577s][debug][gc,phases      ] GC(106)     Dead                           Min: 0, Avg:  0.0, Max: 0, Diff: 0, Sum: 0, Workers: 4
[37.577s][debug][gc,phases      ] GC(106)     Total                          Min: 0, Avg:  0.0, Max: 0, Diff: 0, Sum: 0, Workers: 4
[37.577s][debug][gc,phases      ] GC(106)   StringDedup Requests0 Weak     Min:  0.0, Avg:  0.0, Max:  0.0, Diff:  0.0, Sum:  0.0, Workers: 4
[37.577s][debug][gc,phases      ] GC(106)     Dead                           Min: 0, Avg:  0.0, Max: 0, Diff: 0, Sum: 0, Workers: 4
[37.577s][debug][gc,phases      ] GC(106)     Total                          Min: 0, Avg:  0.0, Max: 0, Diff: 0, Sum: 0, Workers: 4
[37.577s][debug][gc,phases      ] GC(106)   StringDedup Requests1 Weak     Min:  0.0, Avg:  0.0, Max:  0.0, Diff:  0.0, Sum:  0.0, Workers: 4
[37.577s][debug][gc,phases      ] GC(106)     Dead                           Min: 0, Avg:  0.0, Max: 0, Diff: 0, Sum: 0, Workers: 4
[37.577s][debug][gc,phases      ] GC(106)     Total                          Min: 0, Avg:  0.0, Max: 0, Diff: 0, Sum: 0, Workers: 4
[37.577s][debug][gc,phases      ] GC(106)   Weak JFR Old Object Samples    Min:  0.0, Avg:  0.0, Max:  0.0, Diff:  0.0, Sum:  0.0, Workers: 4
[37.577s][debug][gc,phases      ] GC(106)     Dead                           Min: 0, Avg:  0.0, Max: 0, Diff: 0, Sum: 0, Workers: 4
[37.577s][debug][gc,phases      ] GC(106)     Total                          Min: 0, Avg:  0.0, Max: 0, Diff: 0, Sum: 0, Workers: 4
[37.577s][debug][gc,phases      ] GC(106) Weak Processing 0.335ms
[37.577s][debug][gc,age         ] GC(106) Desired survivor size 506986496 bytes, new threshold 11 (max threshold 15)
[37.577s][info ][gc,heap        ] GC(106) PSYoungGen: 1117440K(1572864K)->71824K(1602048K) Eden: 1048576K(1048576K)->0K(1084416K) From: 68864K(524288K)->71824K(517632K)
[37.577s][info ][gc,heap        ] GC(106) ParOldGen: 444616K(574976K)->444624K(574976K)
[37.577s][info ][gc,metaspace   ] GC(106) Metaspace: 71620K(72384K)->71620K(72384K) NonClass: 61212K(61632K)->61212K(61632K) Class: 10407K(10752K)->10407K(10752K)
[37.577s][info ][gc             ] GC(106) Pause Young (Allocation Failure) 1525M->504M(2126M) 26.384ms
[37.577s][info ][gc,cpu         ] GC(106) User=0.10s Sys=0.00s Real=0.03s
[37.577s][info ][safepoint      ] Safepoint "ParallelGCFailedAllocation", Time since last: 45161506 ns, Reaching safepoint: 100306 ns, At safepoint: 26497329 ns, Total: 26597635 ns
[37.758s][info ][safepoint      ] Safepoint "ICBufferFull", Time since last: 181241959 ns, Reaching safepoint: 228813 ns, At safepoint: 34502 ns, Total: 263315 ns
[37.808s][info ][gc,start       ] GC(107) Pause Young (Allocation Failure)
[37.835s][debug][gc,phases      ] GC(107) Scavenge 27.158ms
[37.835s][debug][gc,ref         ] GC(107) Skipped phase 1 of Reference Processing: no references
[37.835s][debug][gc,ref         ] GC(107) ReferenceProcessor::execute queues: 1, RefProcThreadModel::Single, marks_oops_alive: false
[37.835s][debug][gc,ref         ] GC(107) Skipped phase 3 of Reference Processing: no references
[37.835s][debug][gc,ref         ] GC(107) ReferenceProcessor::execute queues: 1, RefProcThreadModel::Single, marks_oops_alive: false
[37.835s][debug][gc,phases      ] GC(107) Reference Processing 0.138ms
[37.835s][debug][gc,phases      ] GC(107)   VM Weak                        Min:  0.0, Avg:  0.0, Max:  0.0, Diff:  0.0, Sum:  0.0, Workers: 4
[37.835s][debug][gc,phases      ] GC(107)     Dead                           Min: 0, Avg:  0.0, Max: 0, Diff: 0, Sum: 0, Workers: 4
[37.835s][debug][gc,phases      ] GC(107)     Total                          Min: 0, Avg: 150.5, Max: 474, Diff: 474, Sum: 602, Workers: 4
[37.835s][debug][gc,phases      ] GC(107)   ObjectSynchronizer Weak        Min:  0.0, Avg:  0.0, Max:  0.0, Diff:  0.0, Sum:  0.0, Workers: 4
[37.835s][debug][gc,phases      ] GC(107)     Dead                           Min: 0, Avg:  0.0, Max: 0, Diff: 0, Sum: 0, Workers: 4
[37.835s][debug][gc,phases      ] GC(107)     Total                          Min: 0, Avg: 133.5, Max: 256, Diff: 256, Sum: 534, Workers: 4
[37.835s][debug][gc,phases      ] GC(107)   JVMTI Tag Weak OopStorage      Min:  0.0, Avg:  0.0, Max:  0.0, Diff:  0.0, Sum:  0.0, Workers: 4
[37.835s][debug][gc,phases      ] GC(107)     Dead                           Min: 0, Avg:  0.0, Max: 0, Diff: 0, Sum: 0, Workers: 4
[37.835s][debug][gc,phases      ] GC(107)     Total                          Min: 0, Avg:  0.0, Max: 0, Diff: 0, Sum: 0, Workers: 4
[37.835s][debug][gc,phases      ] GC(107)   StringTable Weak               Min:  0.1, Avg:  0.1, Max:  0.1, Diff:  0.0, Sum:  0.4, Workers: 4
[37.835s][debug][gc,phases      ] GC(107)     Dead                           Min: 0, Avg:  0.8, Max: 3, Diff: 3, Sum: 3, Workers: 4
[37.835s][debug][gc,phases      ] GC(107)     Total                          Min: 9585, Avg: 10955.5, Max: 12350, Diff: 2765, Sum: 43822, Workers: 4
[37.835s][debug][gc,phases      ] GC(107)   ResolvedMethodTable Weak       Min:  0.0, Avg:  0.0, Max:  0.0, Diff:  0.0, Sum:  0.1, Workers: 4
[37.835s][debug][gc,phases      ] GC(107)     Dead                           Min: 0, Avg:  0.0, Max: 0, Diff: 0, Sum: 0, Workers: 4
[37.835s][debug][gc,phases      ] GC(107)     Total                          Min: 1791, Avg: 1964.5, Max: 2112, Diff: 321, Sum: 7858, Workers: 4
[37.835s][debug][gc,phases      ] GC(107)   JNI Weak                       Min:  0.0, Avg:  0.0, Max:  0.0, Diff:  0.0, Sum:  0.0, Workers: 4
[37.835s][debug][gc,phases      ] GC(107)     Dead                           Min: 0, Avg:  0.0, Max: 0, Diff: 0, Sum: 0, Workers: 4
[37.835s][debug][gc,phases      ] GC(107)     Total                          Min: 0, Avg:  5.8, Max: 23, Diff: 23, Sum: 23, Workers: 4
[37.835s][debug][gc,phases      ] GC(107)   StringDedup Table Weak         Min:  0.0, Avg:  0.0, Max:  0.0, Diff:  0.0, Sum:  0.0, Workers: 4
[37.835s][debug][gc,phases      ] GC(107)     Dead                           Min: 0, Avg:  0.0, Max: 0, Diff: 0, Sum: 0, Workers: 4
[37.835s][debug][gc,phases      ] GC(107)     Total                          Min: 0, Avg:  0.0, Max: 0, Diff: 0, Sum: 0, Workers: 4
[37.835s][debug][gc,phases      ] GC(107)   StringDedup Requests0 Weak     Min:  0.0, Avg:  0.0, Max:  0.0, Diff:  0.0, Sum:  0.0, Workers: 4
[37.835s][debug][gc,phases      ] GC(107)     Dead                           Min: 0, Avg:  0.0, Max: 0, Diff: 0, Sum: 0, Workers: 4
[37.835s][debug][gc,phases      ] GC(107)     Total                          Min: 0, Avg:  0.0, Max: 0, Diff: 0, Sum: 0, Workers: 4
[37.835s][debug][gc,phases      ] GC(107)   StringDedup Requests1 Weak     Min:  0.0, Avg:  0.0, Max:  0.0, Diff:  0.0, Sum:  0.0, Workers: 4
[37.835s][debug][gc,phases      ] GC(107)     Dead                           Min: 0, Avg:  0.0, Max: 0, Diff: 0, Sum: 0, Workers: 4
[37.835s][debug][gc,phases      ] GC(107)     Total                          Min: 0, Avg:  0.0, Max: 0, Diff: 0, Sum: 0, Workers: 4
[37.835s][debug][gc,phases      ] GC(107)   Weak JFR Old Object Samples    Min:  0.0, Avg:  0.0, Max:  0.0, Diff:  0.0, Sum:  0.0, Workers: 4
[37.835s][debug][gc,phases      ] GC(107)     Dead                           Min: 0, Avg:  0.0, Max: 0, Diff: 0, Sum: 0, Workers: 4
[37.835s][debug][gc,phases      ] GC(107)     Total                          Min: 0, Avg:  0.0, Max: 0, Diff: 0, Sum: 0, Workers: 4
[37.835s][debug][gc,phases      ] GC(107) Weak Processing 0.357ms
[37.835s][debug][gc,age         ] GC(107) Desired survivor size 482344960 bytes, new threshold 12 (max threshold 15)
[37.835s][info ][gc,heap        ] GC(107) PSYoungGen: 1156240K(1602048K)->76992K(1579520K) Eden: 1084416K(1084416K)->0K(1084416K) From: 71824K(517632K)->76992K(495104K)
[37.835s][info ][gc,heap        ] GC(107) ParOldGen: 444624K(574976K)->444632K(574976K)
[37.835s][info ][gc,metaspace   ] GC(107) Metaspace: 71907K(72704K)->71907K(72704K) NonClass: 61484K(61888K)->61484K(61888K) Class: 10422K(10816K)->10422K(10816K)
[37.835s][info ][gc             ] GC(107) Pause Young (Allocation Failure) 1563M->509M(2104M) 27.789ms
[37.835s][info ][gc,cpu         ] GC(107) User=0.12s Sys=0.00s Real=0.03s
[37.836s][info ][safepoint      ] Safepoint "ParallelGCFailedAllocation", Time since last: 49106533 ns, Reaching safepoint: 151009 ns, At safepoint: 27903510 ns, Total: 28054519 ns
[37.917s][info ][safepoint      ] Safepoint "ICBufferFull", Time since last: 81582808 ns, Reaching safepoint: 289517 ns, At safepoint: 48803 ns, Total: 338320 ns
[38.069s][info ][safepoint      ] Safepoint "ICBufferFull", Time since last: 149052201 ns, Reaching safepoint: 2224328 ns, At safepoint: 42003 ns, Total: 2266331 ns
[38.161s][info ][gc,start       ] GC(108) Pause Young (Allocation Failure)
[38.189s][debug][gc,phases      ] GC(108) Scavenge 27.405ms
[38.189s][debug][gc,ref         ] GC(108) Skipped phase 1 of Reference Processing: no references
[38.189s][debug][gc,ref         ] GC(108) ReferenceProcessor::execute queues: 1, RefProcThreadModel::Single, marks_oops_alive: false
[38.189s][debug][gc,ref         ] GC(108) Skipped phase 3 of Reference Processing: no references
[38.189s][debug][gc,ref         ] GC(108) ReferenceProcessor::execute queues: 1, RefProcThreadModel::Single, marks_oops_alive: false
[38.189s][debug][gc,phases      ] GC(108) Reference Processing 0.131ms
[38.189s][debug][gc,phases      ] GC(108)   VM Weak                        Min:  0.0, Avg:  0.0, Max:  0.0, Diff:  0.0, Sum:  0.0, Workers: 4
[38.189s][debug][gc,phases      ] GC(108)     Dead                           Min: 0, Avg:  0.0, Max: 0, Diff: 0, Sum: 0, Workers: 4
[38.189s][debug][gc,phases      ] GC(108)     Total                          Min: 0, Avg: 156.2, Max: 369, Diff: 369, Sum: 625, Workers: 4
[38.189s][debug][gc,phases      ] GC(108)   ObjectSynchronizer Weak        Min:  0.0, Avg:  0.0, Max:  0.0, Diff:  0.0, Sum:  0.0, Workers: 4
[38.189s][debug][gc,phases      ] GC(108)     Dead                           Min: 0, Avg:  0.0, Max: 0, Diff: 0, Sum: 0, Workers: 4
[38.189s][debug][gc,phases      ] GC(108)     Total                          Min: 64, Avg: 134.0, Max: 192, Diff: 128, Sum: 536, Workers: 4
[38.189s][debug][gc,phases      ] GC(108)   JVMTI Tag Weak OopStorage      Min:  0.0, Avg:  0.0, Max:  0.0, Diff:  0.0, Sum:  0.0, Workers: 4
[38.189s][debug][gc,phases      ] GC(108)     Dead                           Min: 0, Avg:  0.0, Max: 0, Diff: 0, Sum: 0, Workers: 4
[38.189s][debug][gc,phases      ] GC(108)     Total                          Min: 0, Avg:  0.0, Max: 0, Diff: 0, Sum: 0, Workers: 4
[38.189s][debug][gc,phases      ] GC(108)   StringTable Weak               Min:  0.1, Avg:  0.1, Max:  0.1, Diff:  0.0, Sum:  0.5, Workers: 4
[38.189s][debug][gc,phases      ] GC(108)     Dead                           Min: 0, Avg:  1.2, Max: 5, Diff: 5, Sum: 5, Workers: 4
[38.189s][debug][gc,phases      ] GC(108)     Total                          Min: 10276, Avg: 10968.8, Max: 11328, Diff: 1052, Sum: 43875, Workers: 4
[38.189s][debug][gc,phases      ] GC(108)   ResolvedMethodTable Weak       Min:  0.0, Avg:  0.0, Max:  0.0, Diff:  0.0, Sum:  0.1, Workers: 4
[38.189s][debug][gc,phases      ] GC(108)     Dead                           Min: 0, Avg:  2.0, Max: 7, Diff: 7, Sum: 8, Workers: 4
[38.189s][debug][gc,phases      ] GC(108)     Total                          Min: 1920, Avg: 1983.0, Max: 2109, Diff: 189, Sum: 7932, Workers: 4
[38.189s][debug][gc,phases      ] GC(108)   JNI Weak                       Min:  0.0, Avg:  0.0, Max:  0.0, Diff:  0.0, Sum:  0.0, Workers: 4
[38.189s][debug][gc,phases      ] GC(108)     Dead                           Min: 0, Avg:  0.0, Max: 0, Diff: 0, Sum: 0, Workers: 4
[38.189s][debug][gc,phases      ] GC(108)     Total                          Min: 0, Avg:  8.0, Max: 32, Diff: 32, Sum: 32, Workers: 4
[38.189s][debug][gc,phases      ] GC(108)   StringDedup Table Weak         Min:  0.0, Avg:  0.0, Max:  0.0, Diff:  0.0, Sum:  0.0, Workers: 4
[38.189s][debug][gc,phases      ] GC(108)     Dead                           Min: 0, Avg:  0.0, Max: 0, Diff: 0, Sum: 0, Workers: 4
[38.189s][debug][gc,phases      ] GC(108)     Total                          Min: 0, Avg:  0.0, Max: 0, Diff: 0, Sum: 0, Workers: 4
[38.189s][debug][gc,phases      ] GC(108)   StringDedup Requests0 Weak     Min:  0.0, Avg:  0.0, Max:  0.0, Diff:  0.0, Sum:  0.0, Workers: 4
[38.189s][debug][gc,phases      ] GC(108)     Dead                           Min: 0, Avg:  0.0, Max: 0, Diff: 0, Sum: 0, Workers: 4
[38.189s][debug][gc,phases      ] GC(108)     Total                          Min: 0, Avg:  0.0, Max: 0, Diff: 0, Sum: 0, Workers: 4
[38.189s][debug][gc,phases      ] GC(108)   StringDedup Requests1 Weak     Min:  0.0, Avg:  0.0, Max:  0.0, Diff:  0.0, Sum:  0.0, Workers: 4
[38.189s][debug][gc,phases      ] GC(108)     Dead                           Min: 0, Avg:  0.0, Max: 0, Diff: 0, Sum: 0, Workers: 4
[38.189s][debug][gc,phases      ] GC(108)     Total                          Min: 0, Avg:  0.0, Max: 0, Diff: 0, Sum: 0, Workers: 4
[38.189s][debug][gc,phases      ] GC(108)   Weak JFR Old Object Samples    Min:  0.0, Avg:  0.0, Max:  0.0, Diff:  0.0, Sum:  0.0, Workers: 4
[38.189s][debug][gc,phases      ] GC(108)     Dead                           Min: 0, Avg:  0.0, Max: 0, Diff: 0, Sum: 0, Workers: 4
[38.189s][debug][gc,phases      ] GC(108)     Total                          Min: 0, Avg:  0.0, Max: 0, Diff: 0, Sum: 0, Workers: 4
[38.189s][debug][gc,phases      ] GC(108) Weak Processing 0.343ms
[38.189s][debug][gc,age         ] GC(108) Desired survivor size 459800576 bytes, new threshold 13 (max threshold 15)
[38.189s][info ][gc,heap        ] GC(108) PSYoungGen: 1161408K(1579520K)->70902K(1648128K) Eden: 1084416K(1084416K)->0K(1177088K) From: 76992K(495104K)->70902K(471040K)
[38.189s][info ][gc,heap        ] GC(108) ParOldGen: 444632K(574976K)->444632K(574976K)
[38.189s][info ][gc,metaspace   ] GC(108) Metaspace: 72292K(73088K)->72292K(73088K) NonClass: 61830K(62272K)->61830K(62272K) Class: 10462K(10816K)->10462K(10816K)
[38.189s][info ][gc             ] GC(108) Pause Young (Allocation Failure) 1568M->503M(2171M) 28.035ms
[38.189s][info ][gc,cpu         ] GC(108) User=0.11s Sys=0.00s Real=0.03s
[38.189s][info ][safepoint      ] Safepoint "ParallelGCFailedAllocation", Time since last: 92302626 ns, Reaching safepoint: 187911 ns, At safepoint: 28160525 ns, Total: 28348436 ns
[38.588s][info ][safepoint      ] Safepoint "ICBufferFull", Time since last: 398694206 ns, Reaching safepoint: 325919 ns, At safepoint: 41003 ns, Total: 366922 ns
[38.627s][info ][gc,start       ] GC(109) Pause Young (Allocation Failure)
[38.653s][debug][gc,phases      ] GC(109) Scavenge 25.980ms
[38.654s][debug][gc,ref         ] GC(109) Skipped phase 1 of Reference Processing: no references
[38.654s][debug][gc,ref         ] GC(109) ReferenceProcessor::execute queues: 1, RefProcThreadModel::Single, marks_oops_alive: false
[38.654s][debug][gc,ref         ] GC(109) Skipped phase 3 of Reference Processing: no references
[38.654s][debug][gc,ref         ] GC(109) ReferenceProcessor::execute queues: 1, RefProcThreadModel::Single, marks_oops_alive: false
[38.654s][debug][gc,phases      ] GC(109) Reference Processing 0.161ms
[38.654s][debug][gc,phases      ] GC(109)   VM Weak                        Min:  0.0, Avg:  0.0, Max:  0.0, Diff:  0.0, Sum:  0.0, Workers: 4
[38.654s][debug][gc,phases      ] GC(109)     Dead                           Min: 0, Avg:  0.0, Max: 0, Diff: 0, Sum: 0, Workers: 4
[38.654s][debug][gc,phases      ] GC(109)     Total                          Min: 0, Avg: 158.2, Max: 576, Diff: 576, Sum: 633, Workers: 4
[38.654s][debug][gc,phases      ] GC(109)   ObjectSynchronizer Weak        Min:  0.0, Avg:  0.0, Max:  0.0, Diff:  0.0, Sum:  0.0, Workers: 4
[38.654s][debug][gc,phases      ] GC(109)     Dead                           Min: 0, Avg:  0.0, Max: 0, Diff: 0, Sum: 0, Workers: 4
[38.654s][debug][gc,phases      ] GC(109)     Total                          Min: 0, Avg: 134.0, Max: 256, Diff: 256, Sum: 536, Workers: 4
[38.654s][debug][gc,phases      ] GC(109)   JVMTI Tag Weak OopStorage      Min:  0.0, Avg:  0.0, Max:  0.0, Diff:  0.0, Sum:  0.0, Workers: 4
[38.654s][debug][gc,phases      ] GC(109)     Dead                           Min: 0, Avg:  0.0, Max: 0, Diff: 0, Sum: 0, Workers: 4
[38.654s][debug][gc,phases      ] GC(109)     Total                          Min: 0, Avg:  0.0, Max: 0, Diff: 0, Sum: 0, Workers: 4
[38.654s][debug][gc,phases      ] GC(109)   StringTable Weak               Min:  0.1, Avg:  0.1, Max:  0.1, Diff:  0.0, Sum:  0.6, Workers: 4
[38.654s][debug][gc,phases      ] GC(109)     Dead                           Min: 0, Avg:  0.2, Max: 1, Diff: 1, Sum: 1, Workers: 4
[38.654s][debug][gc,phases      ] GC(109)     Total                          Min: 10496, Avg: 10972.5, Max: 11328, Diff: 832, Sum: 43890, Workers: 4
[38.654s][debug][gc,phases      ] GC(109)   ResolvedMethodTable Weak       Min:  0.0, Avg:  0.0, Max:  0.0, Diff:  0.0, Sum:  0.1, Workers: 4
[38.654s][debug][gc,phases      ] GC(109)     Dead                           Min: 0, Avg:  0.0, Max: 0, Diff: 0, Sum: 0, Workers: 4
[38.654s][debug][gc,phases      ] GC(109)     Total                          Min: 1920, Avg: 1989.5, Max: 2112, Diff: 192, Sum: 7958, Workers: 4
[38.654s][debug][gc,phases      ] GC(109)   JNI Weak                       Min:  0.0, Avg:  0.0, Max:  0.0, Diff:  0.0, Sum:  0.0, Workers: 4
[38.654s][debug][gc,phases      ] GC(109)     Dead                           Min: 0, Avg:  0.0, Max: 0, Diff: 0, Sum: 0, Workers: 4
[38.654s][debug][gc,phases      ] GC(109)     Total                          Min: 0, Avg: 13.8, Max: 55, Diff: 55, Sum: 55, Workers: 4
[38.654s][debug][gc,phases      ] GC(109)   StringDedup Table Weak         Min:  0.0, Avg:  0.0, Max:  0.0, Diff:  0.0, Sum:  0.0, Workers: 4
[38.654s][debug][gc,phases      ] GC(109)     Dead                           Min: 0, Avg:  0.0, Max: 0, Diff: 0, Sum: 0, Workers: 4
[38.654s][debug][gc,phases      ] GC(109)     Total                          Min: 0, Avg:  0.0, Max: 0, Diff: 0, Sum: 0, Workers: 4
[38.654s][debug][gc,phases      ] GC(109)   StringDedup Requests0 Weak     Min:  0.0, Avg:  0.0, Max:  0.0, Diff:  0.0, Sum:  0.0, Workers: 4
[38.654s][debug][gc,phases      ] GC(109)     Dead                           Min: 0, Avg:  0.0, Max: 0, Diff: 0, Sum: 0, Workers: 4
[38.654s][debug][gc,phases      ] GC(109)     Total                          Min: 0, Avg:  0.0, Max: 0, Diff: 0, Sum: 0, Workers: 4
[38.654s][debug][gc,phases      ] GC(109)   StringDedup Requests1 Weak     Min:  0.0, Avg:  0.0, Max:  0.0, Diff:  0.0, Sum:  0.0, Workers: 4
[38.654s][debug][gc,phases      ] GC(109)     Dead                           Min: 0, Avg:  0.0, Max: 0, Diff: 0, Sum: 0, Workers: 4
[38.654s][debug][gc,phases      ] GC(109)     Total                          Min: 0, Avg:  0.0, Max: 0, Diff: 0, Sum: 0, Workers: 4
[38.654s][debug][gc,phases      ] GC(109)   Weak JFR Old Object Samples    Min:  0.0, Avg:  0.0, Max:  0.0, Diff:  0.0, Sum:  0.0, Workers: 4
[38.654s][debug][gc,phases      ] GC(109)     Dead                           Min: 0, Avg:  0.0, Max: 0, Diff: 0, Sum: 0, Workers: 4
[38.654s][debug][gc,phases      ] GC(109)     Total                          Min: 0, Avg:  0.0, Max: 0, Diff: 0, Sum: 0, Workers: 4
[38.654s][debug][gc,phases      ] GC(109) Weak Processing 0.445ms
[38.654s][debug][gc,age         ] GC(109) Desired survivor size 437780480 bytes, new threshold 14 (max threshold 15)
[38.654s][info ][gc,heap        ] GC(109) PSYoungGen: 1247990K(1648128K)->69830K(1626112K) Eden: 1177088K(1177088K)->0K(1177088K) From: 70902K(471040K)->69830K(449024K)
[38.654s][info ][gc,heap        ] GC(109) ParOldGen: 444632K(574976K)->444640K(574976K)
[38.654s][info ][gc,metaspace   ] GC(109) Metaspace: 72484K(73344K)->72484K(73344K) NonClass: 62014K(62464K)->62014K(62464K) Class: 10470K(10880K)->10470K(10880K)
[38.654s][info ][gc             ] GC(109) Pause Young (Allocation Failure) 1652M->502M(2149M) 26.722ms
[38.654s][info ][gc,cpu         ] GC(109) User=0.13s Sys=0.00s Real=0.02s
[38.654s][info ][safepoint      ] Safepoint "ParallelGCFailedAllocation", Time since last: 38328611 ns, Reaching safepoint: 588934 ns, At safepoint: 26846549 ns, Total: 27435483 ns
[39.088s][info ][gc,start       ] GC(110) Pause Young (Allocation Failure)
[39.114s][debug][gc,phases      ] GC(110) Scavenge 26.328ms
[39.114s][debug][gc,ref         ] GC(110) Skipped phase 1 of Reference Processing: no references
[39.114s][debug][gc,ref         ] GC(110) ReferenceProcessor::execute queues: 1, RefProcThreadModel::Single, marks_oops_alive: false
[39.114s][debug][gc,ref         ] GC(110) Skipped phase 3 of Reference Processing: no references
[39.114s][debug][gc,ref         ] GC(110) ReferenceProcessor::execute queues: 1, RefProcThreadModel::Single, marks_oops_alive: false
[39.114s][debug][gc,phases      ] GC(110) Reference Processing 0.150ms
[39.115s][debug][gc,phases      ] GC(110)   VM Weak                        Min:  0.0, Avg:  0.0, Max:  0.0, Diff:  0.0, Sum:  0.0, Workers: 4
[39.115s][debug][gc,phases      ] GC(110)     Dead                           Min: 0, Avg:  0.0, Max: 0, Diff: 0, Sum: 0, Workers: 4
[39.115s][debug][gc,phases      ] GC(110)     Total                          Min: 0, Avg: 159.8, Max: 575, Diff: 575, Sum: 639, Workers: 4
[39.115s][debug][gc,phases      ] GC(110)   ObjectSynchronizer Weak        Min:  0.0, Avg:  0.0, Max:  0.0, Diff:  0.0, Sum:  0.0, Workers: 4
[39.115s][debug][gc,phases      ] GC(110)     Dead                           Min: 0, Avg:  0.0, Max: 0, Diff: 0, Sum: 0, Workers: 4
[39.115s][debug][gc,phases      ] GC(110)     Total                          Min: 0, Avg: 134.0, Max: 280, Diff: 280, Sum: 536, Workers: 4
[39.115s][debug][gc,phases      ] GC(110)   JVMTI Tag Weak OopStorage      Min:  0.0, Avg:  0.0, Max:  0.0, Diff:  0.0, Sum:  0.0, Workers: 4
[39.115s][debug][gc,phases      ] GC(110)     Dead                           Min: 0, Avg:  0.0, Max: 0, Diff: 0, Sum: 0, Workers: 4
[39.115s][debug][gc,phases      ] GC(110)     Total                          Min: 0, Avg:  0.0, Max: 0, Diff: 0, Sum: 0, Workers: 4
[39.115s][debug][gc,phases      ] GC(110)   StringTable Weak               Min:  0.1, Avg:  0.1, Max:  0.1, Diff:  0.0, Sum:  0.5, Workers: 4
[39.115s][debug][gc,phases      ] GC(110)     Dead                           Min: 0, Avg:  1.2, Max: 5, Diff: 5, Sum: 5, Workers: 4
[39.115s][debug][gc,phases      ] GC(110)     Total                          Min: 10302, Avg: 10985.8, Max: 11328, Diff: 1026, Sum: 43943, Workers: 4
[39.115s][debug][gc,phases      ] GC(110)   ResolvedMethodTable Weak       Min:  0.0, Avg:  0.0, Max:  0.0, Diff:  0.0, Sum:  0.1, Workers: 4
[39.115s][debug][gc,phases      ] GC(110)     Dead                           Min: 0, Avg:  0.0, Max: 0, Diff: 0, Sum: 0, Workers: 4
[39.115s][debug][gc,phases      ] GC(110)     Total                          Min: 1920, Avg: 2002.8, Max: 2112, Diff: 192, Sum: 8011, Workers: 4
[39.115s][debug][gc,phases      ] GC(110)   JNI Weak                       Min:  0.0, Avg:  0.0, Max:  0.0, Diff:  0.0, Sum:  0.0, Workers: 4
[39.115s][debug][gc,phases      ] GC(110)     Dead                           Min: 0, Avg:  0.0, Max: 0, Diff: 0, Sum: 0, Workers: 4
[39.115s][debug][gc,phases      ] GC(110)     Total                          Min: 0, Avg: 13.0, Max: 52, Diff: 52, Sum: 52, Workers: 4
[39.115s][debug][gc,phases      ] GC(110)   StringDedup Table Weak         Min:  0.0, Avg:  0.0, Max:  0.0, Diff:  0.0, Sum:  0.0, Workers: 4
[39.115s][debug][gc,phases      ] GC(110)     Dead                           Min: 0, Avg:  0.0, Max: 0, Diff: 0, Sum: 0, Workers: 4
[39.115s][debug][gc,phases      ] GC(110)     Total                          Min: 0, Avg:  0.0, Max: 0, Diff: 0, Sum: 0, Workers: 4
[39.115s][debug][gc,phases      ] GC(110)   StringDedup Requests0 Weak     Min:  0.0, Avg:  0.0, Max:  0.0, Diff:  0.0, Sum:  0.0, Workers: 4
[39.115s][debug][gc,phases      ] GC(110)     Dead                           Min: 0, Avg:  0.0, Max: 0, Diff: 0, Sum: 0, Workers: 4
[39.115s][debug][gc,phases      ] GC(110)     Total                          Min: 0, Avg:  0.0, Max: 0, Diff: 0, Sum: 0, Workers: 4
[39.115s][debug][gc,phases      ] GC(110)   StringDedup Requests1 Weak     Min:  0.0, Avg:  0.0, Max:  0.0, Diff:  0.0, Sum:  0.0, Workers: 4
[39.115s][debug][gc,phases      ] GC(110)     Dead                           Min: 0, Avg:  0.0, Max: 0, Diff: 0, Sum: 0, Workers: 4
[39.115s][debug][gc,phases      ] GC(110)     Total                          Min: 0, Avg:  0.0, Max: 0, Diff: 0, Sum: 0, Workers: 4
[39.115s][debug][gc,phases      ] GC(110)   Weak JFR Old Object Samples    Min:  0.0, Avg:  0.0, Max:  0.0, Diff:  0.0, Sum:  0.0, Workers: 4
[39.115s][debug][gc,phases      ] GC(110)     Dead                           Min: 0, Avg:  0.0, Max: 0, Diff: 0, Sum: 0, Workers: 4
[39.115s][debug][gc,phases      ] GC(110)     Total                          Min: 0, Avg:  0.0, Max: 0, Diff: 0, Sum: 0, Workers: 4
[39.115s][debug][gc,phases      ] GC(110) Weak Processing 0.351ms
[39.115s][debug][gc,age         ] GC(110) Desired survivor size 416284672 bytes, new threshold 15 (max threshold 15)
[39.115s][info ][gc,heap        ] GC(110) PSYoungGen: 1246918K(1626112K)->69846K(1690624K) Eden: 1177088K(1177088K)->0K(1263104K) From: 69830K(449024K)->69846K(427520K)
[39.115s][info ][gc,heap        ] GC(110) ParOldGen: 444640K(574976K)->444648K(574976K)
[39.115s][info ][gc,metaspace   ] GC(110) Metaspace: 72819K(73664K)->72819K(73664K) NonClass: 62317K(62784K)->62317K(62784K) Class: 10502K(10880K)->10502K(10880K)
[39.115s][info ][gc             ] GC(110) Pause Young (Allocation Failure) 1651M->502M(2212M) 26.975ms
[39.115s][info ][gc,cpu         ] GC(110) User=0.10s Sys=0.01s Real=0.03s
[39.115s][info ][safepoint      ] Safepoint "ParallelGCFailedAllocation", Time since last: 433209499 ns, Reaching safepoint: 284916 ns, At safepoint: 27085263 ns, Total: 27370179 ns
[39.470s][info ][gc,start       ] GC(111) Pause Young (Allocation Failure)
[39.494s][debug][gc,phases      ] GC(111) Scavenge 24.005ms
[39.494s][debug][gc,ref         ] GC(111) Skipped phase 1 of Reference Processing: no references
[39.495s][debug][gc,ref         ] GC(111) ReferenceProcessor::execute queues: 1, RefProcThreadModel::Single, marks_oops_alive: false
[39.495s][debug][gc,ref         ] GC(111) Skipped phase 3 of Reference Processing: no references
[39.495s][debug][gc,ref         ] GC(111) ReferenceProcessor::execute queues: 1, RefProcThreadModel::Single, marks_oops_alive: false
[39.495s][debug][gc,phases      ] GC(111) Reference Processing 0.175ms
[39.495s][debug][gc,phases      ] GC(111)   VM Weak                        Min:  0.0, Avg:  0.0, Max:  0.0, Diff:  0.0, Sum:  0.0, Workers: 4
[39.495s][debug][gc,phases      ] GC(111)     Dead                           Min: 0, Avg:  0.0, Max: 0, Diff: 0, Sum: 0, Workers: 4
[39.495s][debug][gc,phases      ] GC(111)     Total                          Min: 0, Avg: 159.8, Max: 384, Diff: 384, Sum: 639, Workers: 4
[39.495s][debug][gc,phases      ] GC(111)   ObjectSynchronizer Weak        Min:  0.0, Avg:  0.0, Max:  0.0, Diff:  0.0, Sum:  0.0, Workers: 4
[39.495s][debug][gc,phases      ] GC(111)     Dead                           Min: 0, Avg:  0.0, Max: 0, Diff: 0, Sum: 0, Workers: 4
[39.495s][debug][gc,phases      ] GC(111)     Total                          Min: 0, Avg: 134.0, Max: 192, Diff: 192, Sum: 536, Workers: 4
[39.495s][debug][gc,phases      ] GC(111)   JVMTI Tag Weak OopStorage      Min:  0.0, Avg:  0.0, Max:  0.0, Diff:  0.0, Sum:  0.0, Workers: 4
[39.495s][debug][gc,phases      ] GC(111)     Dead                           Min: 0, Avg:  0.0, Max: 0, Diff: 0, Sum: 0, Workers: 4
[39.495s][debug][gc,phases      ] GC(111)     Total                          Min: 0, Avg:  0.0, Max: 0, Diff: 0, Sum: 0, Workers: 4
[39.495s][debug][gc,phases      ] GC(111)   StringTable Weak               Min:  0.1, Avg:  0.1, Max:  0.1, Diff:  0.0, Sum:  0.5, Workers: 4
[39.495s][debug][gc,phases      ] GC(111)     Dead                           Min: 0, Avg:  0.0, Max: 0, Diff: 0, Sum: 0, Workers: 4
[39.495s][debug][gc,phases      ] GC(111)     Total                          Min: 10496, Avg: 10986.8, Max: 11646, Diff: 1150, Sum: 43947, Workers: 4
[39.495s][debug][gc,phases      ] GC(111)   ResolvedMethodTable Weak       Min:  0.0, Avg:  0.0, Max:  0.0, Diff:  0.0, Sum:  0.1, Workers: 4
[39.495s][debug][gc,phases      ] GC(111)     Dead                           Min: 0, Avg:  0.0, Max: 0, Diff: 0, Sum: 0, Workers: 4
[39.495s][debug][gc,phases      ] GC(111)     Total                          Min: 1792, Avg: 2002.8, Max: 2252, Diff: 460, Sum: 8011, Workers: 4
[39.495s][debug][gc,phases      ] GC(111)   JNI Weak                       Min:  0.0, Avg:  0.0, Max:  0.0, Diff:  0.0, Sum:  0.0, Workers: 4
[39.495s][debug][gc,phases      ] GC(111)     Dead                           Min: 0, Avg:  0.0, Max: 0, Diff: 0, Sum: 0, Workers: 4
[39.495s][debug][gc,phases      ] GC(111)     Total                          Min: 0, Avg:  7.0, Max: 28, Diff: 28, Sum: 28, Workers: 4
[39.495s][debug][gc,phases      ] GC(111)   StringDedup Table Weak         Min:  0.0, Avg:  0.0, Max:  0.0, Diff:  0.0, Sum:  0.0, Workers: 4
[39.495s][debug][gc,phases      ] GC(111)     Dead                           Min: 0, Avg:  0.0, Max: 0, Diff: 0, Sum: 0, Workers: 4
[39.495s][debug][gc,phases      ] GC(111)     Total                          Min: 0, Avg:  0.0, Max: 0, Diff: 0, Sum: 0, Workers: 4
[39.495s][debug][gc,phases      ] GC(111)   StringDedup Requests0 Weak     Min:  0.0, Avg:  0.0, Max:  0.0, Diff:  0.0, Sum:  0.0, Workers: 4
[39.495s][debug][gc,phases      ] GC(111)     Dead                           Min: 0, Avg:  0.0, Max: 0, Diff: 0, Sum: 0, Workers: 4
[39.495s][debug][gc,phases      ] GC(111)     Total                          Min: 0, Avg:  0.0, Max: 0, Diff: 0, Sum: 0, Workers: 4
[39.495s][debug][gc,phases      ] GC(111)   StringDedup Requests1 Weak     Min:  0.0, Avg:  0.0, Max:  0.0, Diff:  0.0, Sum:  0.0, Workers: 4
[39.495s][debug][gc,phases      ] GC(111)     Dead                           Min: 0, Avg:  0.0, Max: 0, Diff: 0, Sum: 0, Workers: 4
[39.495s][debug][gc,phases      ] GC(111)     Total                          Min: 0, Avg:  0.0, Max: 0, Diff: 0, Sum: 0, Workers: 4
[39.495s][debug][gc,phases      ] GC(111)   Weak JFR Old Object Samples    Min:  0.0, Avg:  0.0, Max:  0.0, Diff:  0.0, Sum:  0.0, Workers: 4
[39.495s][debug][gc,phases      ] GC(111)     Dead                           Min: 0, Avg:  0.0, Max: 0, Diff: 0, Sum: 0, Workers: 4
[39.495s][debug][gc,phases      ] GC(111)     Total                          Min: 0, Avg:  0.0, Max: 0, Diff: 0, Sum: 0, Workers: 4
[39.495s][debug][gc,phases      ] GC(111) Weak Processing 0.430ms
[39.495s][debug][gc,age         ] GC(111) Desired survivor size 395313152 bytes, new threshold 15 (max threshold 15)
[39.495s][info ][gc,heap        ] GC(111) PSYoungGen: 1332950K(1690624K)->69878K(1669632K) Eden: 1263104K(1263104K)->0K(1263104K) From: 69846K(427520K)->69878K(406528K)
[39.495s][info ][gc,heap        ] GC(111) ParOldGen: 444648K(574976K)->444656K(574976K)
[39.495s][info ][gc,metaspace   ] GC(111) Metaspace: 72984K(73792K)->72984K(73792K) NonClass: 62482K(62912K)->62482K(62912K) Class: 10502K(10880K)->10502K(10880K)
[39.495s][info ][gc             ] GC(111) Pause Young (Allocation Failure) 1735M->502M(2192M) 24.770ms
[39.495s][info ][gc,cpu         ] GC(111) User=0.10s Sys=0.00s Real=0.03s
[39.495s][info ][safepoint      ] Safepoint "ParallelGCFailedAllocation", Time since last: 354926781 ns, Reaching safepoint: 507129 ns, At safepoint: 24926739 ns, Total: 25433868 ns
[39.926s][info ][gc,start       ] GC(112) Pause Young (Allocation Failure)
[39.950s][debug][gc,phases      ] GC(112) Scavenge 23.859ms
[39.950s][debug][gc,ref         ] GC(112) Skipped phase 1 of Reference Processing: no references
[39.950s][debug][gc,ref         ] GC(112) ReferenceProcessor::execute queues: 1, RefProcThreadModel::Single, marks_oops_alive: false
[39.950s][debug][gc,ref         ] GC(112) Skipped phase 3 of Reference Processing: no references
[39.950s][debug][gc,ref         ] GC(112) ReferenceProcessor::execute queues: 1, RefProcThreadModel::Single, marks_oops_alive: false
[39.950s][debug][gc,phases      ] GC(112) Reference Processing 0.125ms
[39.950s][debug][gc,phases      ] GC(112)   VM Weak                        Min:  0.0, Avg:  0.0, Max:  0.0, Diff:  0.0, Sum:  0.0, Workers: 4
[39.950s][debug][gc,phases      ] GC(112)     Dead                           Min: 0, Avg:  0.0, Max: 0, Diff: 0, Sum: 0, Workers: 4
[39.950s][debug][gc,phases      ] GC(112)     Total                          Min: 0, Avg: 159.8, Max: 575, Diff: 575, Sum: 639, Workers: 4
[39.950s][debug][gc,phases      ] GC(112)   ObjectSynchronizer Weak        Min:  0.0, Avg:  0.0, Max:  0.0, Diff:  0.0, Sum:  0.0, Workers: 4
[39.950s][debug][gc,phases      ] GC(112)     Dead                           Min: 0, Avg:  0.0, Max: 0, Diff: 0, Sum: 0, Workers: 4
[39.950s][debug][gc,phases      ] GC(112)     Total                          Min: 0, Avg: 134.0, Max: 256, Diff: 256, Sum: 536, Workers: 4
[39.950s][debug][gc,phases      ] GC(112)   JVMTI Tag Weak OopStorage      Min:  0.0, Avg:  0.0, Max:  0.0, Diff:  0.0, Sum:  0.0, Workers: 4
[39.950s][debug][gc,phases      ] GC(112)     Dead                           Min: 0, Avg:  0.0, Max: 0, Diff: 0, Sum: 0, Workers: 4
[39.950s][debug][gc,phases      ] GC(112)     Total                          Min: 0, Avg:  0.0, Max: 0, Diff: 0, Sum: 0, Workers: 4
[39.950s][debug][gc,phases      ] GC(112)   StringTable Weak               Min:  0.1, Avg:  0.1, Max:  0.1, Diff:  0.0, Sum:  0.6, Workers: 4
[39.950s][debug][gc,phases      ] GC(112)     Dead                           Min: 0, Avg:  0.0, Max: 0, Diff: 0, Sum: 0, Workers: 4
[39.950s][debug][gc,phases      ] GC(112)     Total                          Min: 10560, Avg: 11002.5, Max: 11818, Diff: 1258, Sum: 44010, Workers: 4
[39.950s][debug][gc,phases      ] GC(112)   ResolvedMethodTable Weak       Min:  0.0, Avg:  0.0, Max:  0.0, Diff:  0.0, Sum:  0.1, Workers: 4
[39.950s][debug][gc,phases      ] GC(112)     Dead                           Min: 0, Avg:  0.0, Max: 0, Diff: 0, Sum: 0, Workers: 4
[39.950s][debug][gc,phases      ] GC(112)     Total                          Min: 1791, Avg: 2003.8, Max: 2240, Diff: 449, Sum: 8015, Workers: 4
[39.950s][debug][gc,phases      ] GC(112)   JNI Weak                       Min:  0.0, Avg:  0.0, Max:  0.0, Diff:  0.0, Sum:  0.0, Workers: 4
[39.950s][debug][gc,phases      ] GC(112)     Dead                           Min: 0, Avg:  0.0, Max: 0, Diff: 0, Sum: 0, Workers: 4
[39.950s][debug][gc,phases      ] GC(112)     Total                          Min: 0, Avg:  5.2, Max: 21, Diff: 21, Sum: 21, Workers: 4
[39.950s][debug][gc,phases      ] GC(112)   StringDedup Table Weak         Min:  0.0, Avg:  0.0, Max:  0.0, Diff:  0.0, Sum:  0.0, Workers: 4
[39.950s][debug][gc,phases      ] GC(112)     Dead                           Min: 0, Avg:  0.0, Max: 0, Diff: 0, Sum: 0, Workers: 4
[39.950s][debug][gc,phases      ] GC(112)     Total                          Min: 0, Avg:  0.0, Max: 0, Diff: 0, Sum: 0, Workers: 4
[39.950s][debug][gc,phases      ] GC(112)   StringDedup Requests0 Weak     Min:  0.0, Avg:  0.0, Max:  0.0, Diff:  0.0, Sum:  0.0, Workers: 4
[39.950s][debug][gc,phases      ] GC(112)     Dead                           Min: 0, Avg:  0.0, Max: 0, Diff: 0, Sum: 0, Workers: 4
[39.951s][debug][gc,phases      ] GC(112)     Total                          Min: 0, Avg:  0.0, Max: 0, Diff: 0, Sum: 0, Workers: 4
[39.951s][debug][gc,phases      ] GC(112)   StringDedup Requests1 Weak     Min:  0.0, Avg:  0.0, Max:  0.0, Diff:  0.0, Sum:  0.0, Workers: 4
[39.951s][debug][gc,phases      ] GC(112)     Dead                           Min: 0, Avg:  0.0, Max: 0, Diff: 0, Sum: 0, Workers: 4
[39.951s][debug][gc,phases      ] GC(112)     Total                          Min: 0, Avg:  0.0, Max: 0, Diff: 0, Sum: 0, Workers: 4
[39.951s][debug][gc,phases      ] GC(112)   Weak JFR Old Object Samples    Min:  0.0, Avg:  0.0, Max:  0.0, Diff:  0.0, Sum:  0.0, Workers: 4
[39.951s][debug][gc,phases      ] GC(112)     Dead                           Min: 0, Avg:  0.0, Max: 0, Diff: 0, Sum: 0, Workers: 4
[39.951s][debug][gc,phases      ] GC(112)     Total                          Min: 0, Avg:  0.0, Max: 0, Diff: 0, Sum: 0, Workers: 4
[39.951s][debug][gc,phases      ] GC(112) Weak Processing 0.372ms
[39.951s][debug][gc,age         ] GC(112) Desired survivor size 375390208 bytes, new threshold 15 (max threshold 15)
[39.951s][info ][gc,heap        ] GC(112) PSYoungGen: 1332982K(1669632K)->69766K(1730560K) Eden: 1263104K(1263104K)->0K(1344512K) From: 69878K(406528K)->69766K(386048K)
[39.951s][info ][gc,heap        ] GC(112) ParOldGen: 444656K(574976K)->444656K(574976K)
[39.951s][info ][gc,metaspace   ] GC(112) Metaspace: 73088K(73920K)->73088K(73920K) NonClass: 62584K(63040K)->62584K(63040K) Class: 10504K(10880K)->10504K(10880K)
[39.951s][info ][gc             ] GC(112) Pause Young (Allocation Failure) 1735M->502M(2251M) 24.491ms
[39.951s][info ][gc,cpu         ] GC(112) User=0.10s Sys=0.00s Real=0.02s
[39.951s][info ][safepoint      ] Safepoint "ParallelGCFailedAllocation", Time since last: 430594547 ns, Reaching safepoint: 267315 ns, At safepoint: 24623321 ns, Total: 24890636 ns
[40.305s][info ][gc,start       ] GC(113) Pause Young (Allocation Failure)
[40.329s][debug][gc,phases      ] GC(113) Scavenge 23.826ms
[40.329s][debug][gc,ref         ] GC(113) Skipped phase 1 of Reference Processing: no references
[40.329s][debug][gc,ref         ] GC(113) ReferenceProcessor::execute queues: 1, RefProcThreadModel::Single, marks_oops_alive: false
[40.329s][debug][gc,ref         ] GC(113) Skipped phase 3 of Reference Processing: no references
[40.329s][debug][gc,ref         ] GC(113) ReferenceProcessor::execute queues: 1, RefProcThreadModel::Single, marks_oops_alive: false
[40.329s][debug][gc,phases      ] GC(113) Reference Processing 0.150ms
[40.329s][debug][gc,phases      ] GC(113)   VM Weak                        Min:  0.0, Avg:  0.0, Max:  0.0, Diff:  0.0, Sum:  0.0, Workers: 4
[40.329s][debug][gc,phases      ] GC(113)     Dead                           Min: 0, Avg:  0.0, Max: 0, Diff: 0, Sum: 0, Workers: 4
[40.329s][debug][gc,phases      ] GC(113)     Total                          Min: 0, Avg: 159.8, Max: 447, Diff: 447, Sum: 639, Workers: 4
[40.329s][debug][gc,phases      ] GC(113)   ObjectSynchronizer Weak        Min:  0.0, Avg:  0.0, Max:  0.0, Diff:  0.0, Sum:  0.0, Workers: 4
[40.329s][debug][gc,phases      ] GC(113)     Dead                           Min: 0, Avg:  0.0, Max: 0, Diff: 0, Sum: 0, Workers: 4
[40.329s][debug][gc,phases      ] GC(113)     Total                          Min: 0, Avg: 134.0, Max: 384, Diff: 384, Sum: 536, Workers: 4
[40.329s][debug][gc,phases      ] GC(113)   JVMTI Tag Weak OopStorage      Min:  0.0, Avg:  0.0, Max:  0.0, Diff:  0.0, Sum:  0.0, Workers: 4
[40.329s][debug][gc,phases      ] GC(113)     Dead                           Min: 0, Avg:  0.0, Max: 0, Diff: 0, Sum: 0, Workers: 4
[40.329s][debug][gc,phases      ] GC(113)     Total                          Min: 0, Avg:  0.0, Max: 0, Diff: 0, Sum: 0, Workers: 4
[40.329s][debug][gc,phases      ] GC(113)   StringTable Weak               Min:  0.1, Avg:  0.1, Max:  0.1, Diff:  0.0, Sum:  0.4, Workers: 4
[40.329s][debug][gc,phases      ] GC(113)     Dead                           Min: 0, Avg:  0.0, Max: 0, Diff: 0, Sum: 0, Workers: 4
[40.329s][debug][gc,phases      ] GC(113)     Total                          Min: 10304, Avg: 11005.0, Max: 12544, Diff: 2240, Sum: 44020, Workers: 4
[40.329s][debug][gc,phases      ] GC(113)   ResolvedMethodTable Weak       Min:  0.0, Avg:  0.0, Max:  0.0, Diff:  0.0, Sum:  0.1, Workers: 4
[40.329s][debug][gc,phases      ] GC(113)     Dead                           Min: 0, Avg:  0.0, Max: 0, Diff: 0, Sum: 0, Workers: 4
[40.329s][debug][gc,phases      ] GC(113)     Total                          Min: 1855, Avg: 2003.8, Max: 2240, Diff: 385, Sum: 8015, Workers: 4
[40.329s][debug][gc,phases      ] GC(113)   JNI Weak                       Min:  0.0, Avg:  0.0, Max:  0.0, Diff:  0.0, Sum:  0.0, Workers: 4
[40.329s][debug][gc,phases      ] GC(113)     Dead                           Min: 0, Avg:  0.0, Max: 0, Diff: 0, Sum: 0, Workers: 4
[40.329s][debug][gc,phases      ] GC(113)     Total                          Min: 0, Avg:  9.0, Max: 35, Diff: 35, Sum: 36, Workers: 4
[40.329s][debug][gc,phases      ] GC(113)   StringDedup Table Weak         Min:  0.0, Avg:  0.0, Max:  0.0, Diff:  0.0, Sum:  0.0, Workers: 4
[40.329s][debug][gc,phases      ] GC(113)     Dead                           Min: 0, Avg:  0.0, Max: 0, Diff: 0, Sum: 0, Workers: 4
[40.329s][debug][gc,phases      ] GC(113)     Total                          Min: 0, Avg:  0.0, Max: 0, Diff: 0, Sum: 0, Workers: 4
[40.329s][debug][gc,phases      ] GC(113)   StringDedup Requests0 Weak     Min:  0.0, Avg:  0.0, Max:  0.0, Diff:  0.0, Sum:  0.0, Workers: 4
[40.329s][debug][gc,phases      ] GC(113)     Dead                           Min: 0, Avg:  0.0, Max: 0, Diff: 0, Sum: 0, Workers: 4
[40.329s][debug][gc,phases      ] GC(113)     Total                          Min: 0, Avg:  0.0, Max: 0, Diff: 0, Sum: 0, Workers: 4
[40.329s][debug][gc,phases      ] GC(113)   StringDedup Requests1 Weak     Min:  0.0, Avg:  0.0, Max:  0.0, Diff:  0.0, Sum:  0.0, Workers: 4
[40.329s][debug][gc,phases      ] GC(113)     Dead                           Min: 0, Avg:  0.0, Max: 0, Diff: 0, Sum: 0, Workers: 4
[40.329s][debug][gc,phases      ] GC(113)     Total                          Min: 0, Avg:  0.0, Max: 0, Diff: 0, Sum: 0, Workers: 4
[40.329s][debug][gc,phases      ] GC(113)   Weak JFR Old Object Samples    Min:  0.0, Avg:  0.0, Max:  0.0, Diff:  0.0, Sum:  0.0, Workers: 4
[40.329s][debug][gc,phases      ] GC(113)     Dead                           Min: 0, Avg:  0.0, Max: 0, Diff: 0, Sum: 0, Workers: 4
[40.329s][debug][gc,phases      ] GC(113)     Total                          Min: 0, Avg:  0.0, Max: 0, Diff: 0, Sum: 0, Workers: 4
[40.329s][debug][gc,phases      ] GC(113) Weak Processing 0.341ms
[40.329s][debug][gc,age         ] GC(113) Desired survivor size 355991552 bytes, new threshold 15 (max threshold 15)
[40.329s][info ][gc,heap        ] GC(113) PSYoungGen: 1414278K(1730560K)->69542K(1711104K) Eden: 1344512K(1344512K)->0K(1344512K) From: 69766K(386048K)->69542K(366592K)
[40.329s][info ][gc,heap        ] GC(113) ParOldGen: 444656K(574976K)->444664K(574976K)
[40.329s][info ][gc,metaspace   ] GC(113) Metaspace: 73210K(74048K)->73210K(74048K) NonClass: 62706K(63168K)->62706K(63168K) Class: 10504K(10880K)->10504K(10880K)
[40.329s][info ][gc             ] GC(113) Pause Young (Allocation Failure) 1815M->502M(2232M) 24.457ms
[40.329s][info ][gc,cpu         ] GC(113) User=0.10s Sys=0.00s Real=0.02s
[40.330s][info ][safepoint      ] Safepoint "ParallelGCFailedAllocation", Time since last: 354068831 ns, Reaching safepoint: 210312 ns, At safepoint: 24549517 ns, Total: 24759829 ns
[40.907s][info ][gc,start       ] GC(114) Pause Young (Allocation Failure)
[40.938s][debug][gc,phases      ] GC(114) Scavenge 31.421ms
[40.938s][debug][gc,ref         ] GC(114) Skipped phase 1 of Reference Processing: no references
[40.938s][debug][gc,ref         ] GC(114) ReferenceProcessor::execute queues: 1, RefProcThreadModel::Single, marks_oops_alive: false
[40.939s][debug][gc,ref         ] GC(114) Skipped phase 3 of Reference Processing: no references
[40.939s][debug][gc,ref         ] GC(114) ReferenceProcessor::execute queues: 1, RefProcThreadModel::Single, marks_oops_alive: false
[40.939s][debug][gc,phases      ] GC(114) Reference Processing 0.185ms
[40.939s][debug][gc,phases      ] GC(114)   VM Weak                        Min:  0.0, Avg:  0.0, Max:  0.0, Diff:  0.0, Sum:  0.0, Workers: 4
[40.939s][debug][gc,phases      ] GC(114)     Dead                           Min: 0, Avg:  0.0, Max: 0, Diff: 0, Sum: 0, Workers: 4
[40.939s][debug][gc,phases      ] GC(114)     Total                          Min: 0, Avg: 160.0, Max: 384, Diff: 384, Sum: 640, Workers: 4
[40.939s][debug][gc,phases      ] GC(114)   ObjectSynchronizer Weak        Min:  0.0, Avg:  0.0, Max:  0.0, Diff:  0.0, Sum:  0.0, Workers: 4
[40.939s][debug][gc,phases      ] GC(114)     Dead                           Min: 0, Avg:  0.0, Max: 0, Diff: 0, Sum: 0, Workers: 4
[40.939s][debug][gc,phases      ] GC(114)     Total                          Min: 0, Avg: 134.0, Max: 384, Diff: 384, Sum: 536, Workers: 4
[40.939s][debug][gc,phases      ] GC(114)   JVMTI Tag Weak OopStorage      Min:  0.0, Avg:  0.0, Max:  0.0, Diff:  0.0, Sum:  0.0, Workers: 4
[40.939s][debug][gc,phases      ] GC(114)     Dead                           Min: 0, Avg:  0.0, Max: 0, Diff: 0, Sum: 0, Workers: 4
[40.939s][debug][gc,phases      ] GC(114)     Total                          Min: 0, Avg:  0.0, Max: 0, Diff: 0, Sum: 0, Workers: 4
[40.939s][debug][gc,phases      ] GC(114)   StringTable Weak               Min:  0.0, Avg:  0.1, Max:  0.2, Diff:  0.2, Sum:  0.5, Workers: 4
[40.939s][debug][gc,phases      ] GC(114)     Dead                           Min: 0, Avg:  0.0, Max: 0, Diff: 0, Sum: 0, Workers: 4
[40.939s][debug][gc,phases      ] GC(114)     Total                          Min: 0, Avg: 11041.5, Max: 22272, Diff: 22272, Sum: 44166, Workers: 4
[40.939s][debug][gc,phases      ] GC(114)   ResolvedMethodTable Weak       Min:  0.0, Avg:  0.0, Max:  0.1, Diff:  0.1, Sum:  0.1, Workers: 4
[40.939s][debug][gc,phases      ] GC(114)     Dead                           Min: 0, Avg:  7.0, Max: 28, Diff: 28, Sum: 28, Workers: 4
[40.939s][debug][gc,phases      ] GC(114)     Total                          Min: 0, Avg: 2031.8, Max: 4096, Diff: 4096, Sum: 8127, Workers: 4
[40.939s][debug][gc,phases      ] GC(114)   JNI Weak                       Min:  0.0, Avg:  0.0, Max:  0.0, Diff:  0.0, Sum:  0.0, Workers: 4
[40.939s][debug][gc,phases      ] GC(114)     Dead                           Min: 0, Avg:  0.0, Max: 0, Diff: 0, Sum: 0, Workers: 4
[40.939s][debug][gc,phases      ] GC(114)     Total                          Min: 0, Avg: 10.5, Max: 42, Diff: 42, Sum: 42, Workers: 4
[40.939s][debug][gc,phases      ] GC(114)   StringDedup Table Weak         Min:  0.0, Avg:  0.0, Max:  0.0, Diff:  0.0, Sum:  0.0, Workers: 4
[40.939s][debug][gc,phases      ] GC(114)     Dead                           Min: 0, Avg:  0.0, Max: 0, Diff: 0, Sum: 0, Workers: 4
[40.939s][debug][gc,phases      ] GC(114)     Total                          Min: 0, Avg:  0.0, Max: 0, Diff: 0, Sum: 0, Workers: 4
[40.939s][debug][gc,phases      ] GC(114)   StringDedup Requests0 Weak     Min:  0.0, Avg:  0.0, Max:  0.0, Diff:  0.0, Sum:  0.0, Workers: 4
[40.939s][debug][gc,phases      ] GC(114)     Dead                           Min: 0, Avg:  0.0, Max: 0, Diff: 0, Sum: 0, Workers: 4
[40.939s][debug][gc,phases      ] GC(114)     Total                          Min: 0, Avg:  0.0, Max: 0, Diff: 0, Sum: 0, Workers: 4
[40.939s][debug][gc,phases      ] GC(114)   StringDedup Requests1 Weak     Min:  0.0, Avg:  0.0, Max:  0.0, Diff:  0.0, Sum:  0.0, Workers: 4
[40.939s][debug][gc,phases      ] GC(114)     Dead                           Min: 0, Avg:  0.0, Max: 0, Diff: 0, Sum: 0, Workers: 4
[40.939s][debug][gc,phases      ] GC(114)     Total                          Min: 0, Avg:  0.0, Max: 0, Diff: 0, Sum: 0, Workers: 4
[40.939s][debug][gc,phases      ] GC(114)   Weak JFR Old Object Samples    Min:  0.0, Avg:  0.0, Max:  0.0, Diff:  0.0, Sum:  0.0, Workers: 4
[40.939s][debug][gc,phases      ] GC(114)     Dead                           Min: 0, Avg:  0.0, Max: 0, Diff: 0, Sum: 0, Workers: 4
[40.939s][debug][gc,phases      ] GC(114)     Total                          Min: 0, Avg:  0.0, Max: 0, Diff: 0, Sum: 0, Workers: 4
[40.939s][debug][gc,phases      ] GC(114) Weak Processing 0.556ms
[40.939s][debug][gc,age         ] GC(114) Desired survivor size 337641472 bytes, new threshold 15 (max threshold 15)
[40.939s][info ][gc,heap        ] GC(114) PSYoungGen: 1414054K(1711104K)->68902K(1767424K) Eden: 1344512K(1344512K)->0K(1419776K) From: 69542K(366592K)->68902K(347648K)
[40.939s][info ][gc,heap        ] GC(114) ParOldGen: 444664K(574976K)->444664K(574976K)
[40.939s][info ][gc,metaspace   ] GC(114) Metaspace: 74229K(75136K)->74229K(75136K) NonClass: 63566K(64064K)->63566K(64064K) Class: 10662K(11072K)->10662K(11072K)
[40.939s][info ][gc             ] GC(114) Pause Young (Allocation Failure) 1815M->501M(2287M) 32.305ms
[40.939s][info ][gc,cpu         ] GC(114) User=0.11s Sys=0.00s Real=0.03s
[40.939s][info ][safepoint      ] Safepoint "ParallelGCFailedAllocation", Time since last: 574475049 ns, Reaching safepoint: 2831464 ns, At safepoint: 32453472 ns, Total: 35284936 ns
[41.519s][info ][gc,start       ] GC(115) Pause Young (Allocation Failure)
[41.555s][debug][gc,phases      ] GC(115) Scavenge 36.219ms
[41.555s][debug][gc,ref         ] GC(115) Skipped phase 1 of Reference Processing: no references
[41.555s][debug][gc,ref         ] GC(115) ReferenceProcessor::execute queues: 1, RefProcThreadModel::Single, marks_oops_alive: false
[41.555s][debug][gc,ref         ] GC(115) Skipped phase 3 of Reference Processing: no references
[41.555s][debug][gc,ref         ] GC(115) ReferenceProcessor::execute queues: 1, RefProcThreadModel::Single, marks_oops_alive: false
[41.555s][debug][gc,phases      ] GC(115) Reference Processing 0.176ms
[41.556s][debug][gc,phases      ] GC(115)   VM Weak                        Min:  0.0, Avg:  0.0, Max:  0.0, Diff:  0.0, Sum:  0.0, Workers: 4
[41.556s][debug][gc,phases      ] GC(115)     Dead                           Min: 0, Avg:  0.0, Max: 0, Diff: 0, Sum: 0, Workers: 4
[41.556s][debug][gc,phases      ] GC(115)     Total                          Min: 0, Avg: 160.0, Max: 640, Diff: 640, Sum: 640, Workers: 4
[41.556s][debug][gc,phases      ] GC(115)   ObjectSynchronizer Weak        Min:  0.0, Avg:  0.0, Max:  0.0, Diff:  0.0, Sum:  0.0, Workers: 4
[41.556s][debug][gc,phases      ] GC(115)     Dead                           Min: 0, Avg:  0.0, Max: 0, Diff: 0, Sum: 0, Workers: 4
[41.556s][debug][gc,phases      ] GC(115)     Total                          Min: 0, Avg: 134.0, Max: 536, Diff: 536, Sum: 536, Workers: 4
[41.556s][debug][gc,phases      ] GC(115)   JVMTI Tag Weak OopStorage      Min:  0.0, Avg:  0.0, Max:  0.0, Diff:  0.0, Sum:  0.0, Workers: 4
[41.556s][debug][gc,phases      ] GC(115)     Dead                           Min: 0, Avg:  0.0, Max: 0, Diff: 0, Sum: 0, Workers: 4
[41.556s][debug][gc,phases      ] GC(115)     Total                          Min: 0, Avg:  0.0, Max: 0, Diff: 0, Sum: 0, Workers: 4
[41.556s][debug][gc,phases      ] GC(115)   StringTable Weak               Min:  0.0, Avg:  0.1, Max:  0.3, Diff:  0.3, Sum:  0.5, Workers: 4
[41.556s][debug][gc,phases      ] GC(115)     Dead                           Min: 0, Avg:  0.0, Max: 0, Diff: 0, Sum: 0, Workers: 4
[41.556s][debug][gc,phases      ] GC(115)     Total                          Min: 0, Avg: 11087.2, Max: 30656, Diff: 30656, Sum: 44349, Workers: 4
[41.556s][debug][gc,phases      ] GC(115)   ResolvedMethodTable Weak       Min:  0.0, Avg:  0.0, Max:  0.0, Diff:  0.0, Sum:  0.1, Workers: 4
[41.556s][debug][gc,phases      ] GC(115)     Dead                           Min: 0, Avg: 10.8, Max: 43, Diff: 43, Sum: 43, Workers: 4
[41.556s][debug][gc,phases      ] GC(115)     Total                          Min: 0, Avg: 2055.2, Max: 2816, Diff: 2816, Sum: 8221, Workers: 4
[41.556s][debug][gc,phases      ] GC(115)   JNI Weak                       Min:  0.0, Avg:  0.0, Max:  0.0, Diff:  0.0, Sum:  0.0, Workers: 4
[41.556s][debug][gc,phases      ] GC(115)     Dead                           Min: 0, Avg:  0.0, Max: 0, Diff: 0, Sum: 0, Workers: 4
[41.556s][debug][gc,phases      ] GC(115)     Total                          Min: 0, Avg: 10.2, Max: 41, Diff: 41, Sum: 41, Workers: 4
[41.556s][debug][gc,phases      ] GC(115)   StringDedup Table Weak         Min:  0.0, Avg:  0.0, Max:  0.0, Diff:  0.0, Sum:  0.0, Workers: 4
[41.556s][debug][gc,phases      ] GC(115)     Dead                           Min: 0, Avg:  0.0, Max: 0, Diff: 0, Sum: 0, Workers: 4
[41.556s][debug][gc,phases      ] GC(115)     Total                          Min: 0, Avg:  0.0, Max: 0, Diff: 0, Sum: 0, Workers: 4
[41.556s][debug][gc,phases      ] GC(115)   StringDedup Requests0 Weak     Min:  0.0, Avg:  0.0, Max:  0.0, Diff:  0.0, Sum:  0.0, Workers: 4
[41.556s][debug][gc,phases      ] GC(115)     Dead                           Min: 0, Avg:  0.0, Max: 0, Diff: 0, Sum: 0, Workers: 4
[41.556s][debug][gc,phases      ] GC(115)     Total                          Min: 0, Avg:  0.0, Max: 0, Diff: 0, Sum: 0, Workers: 4
[41.556s][debug][gc,phases      ] GC(115)   StringDedup Requests1 Weak     Min:  0.0, Avg:  0.0, Max:  0.0, Diff:  0.0, Sum:  0.0, Workers: 4
[41.556s][debug][gc,phases      ] GC(115)     Dead                           Min: 0, Avg:  0.0, Max: 0, Diff: 0, Sum: 0, Workers: 4
[41.556s][debug][gc,phases      ] GC(115)     Total                          Min: 0, Avg:  0.0, Max: 0, Diff: 0, Sum: 0, Workers: 4
[41.556s][debug][gc,phases      ] GC(115)   Weak JFR Old Object Samples    Min:  0.0, Avg:  0.0, Max:  0.0, Diff:  0.0, Sum:  0.0, Workers: 4
[41.556s][debug][gc,phases      ] GC(115)     Dead                           Min: 0, Avg:  0.0, Max: 0, Diff: 0, Sum: 0, Workers: 4
[41.556s][debug][gc,phases      ] GC(115)     Total                          Min: 0, Avg:  0.0, Max: 0, Diff: 0, Sum: 0, Workers: 4
[41.556s][debug][gc,phases      ] GC(115) Weak Processing 0.659ms
[41.556s][debug][gc,age         ] GC(115) Desired survivor size 320339968 bytes, new threshold 15 (max threshold 15)
[41.556s][info ][gc,heap        ] GC(115) PSYoungGen: 1488678K(1767424K)->68250K(1749504K) Eden: 1419776K(1419776K)->0K(1419776K) From: 68902K(347648K)->68250K(329728K)
[41.556s][info ][gc,heap        ] GC(115) ParOldGen: 444664K(574976K)->444672K(574976K)
[41.556s][info ][gc,metaspace   ] GC(115) Metaspace: 75184K(76032K)->75184K(76032K) NonClass: 64347K(64832K)->64347K(64832K) Class: 10837K(11200K)->10837K(11200K)
[41.556s][info ][gc             ] GC(115) Pause Young (Allocation Failure) 1888M->500M(2270M) 37.215ms
[41.556s][info ][gc,cpu         ] GC(115) User=0.10s Sys=0.00s Real=0.04s
[41.556s][info ][safepoint      ] Safepoint "ParallelGCFailedAllocation", Time since last: 579079015 ns, Reaching safepoint: 191911 ns, At safepoint: 37498764 ns, Total: 37690675 ns
[42.055s][info ][safepoint      ] Safepoint "ICBufferFull", Time since last: 496489149 ns, Reaching safepoint: 2551247 ns, At safepoint: 30202 ns, Total: 2581449 ns
[42.094s][info ][gc,start       ] GC(116) Pause Young (Allocation Failure)
[42.123s][debug][gc,phases      ] GC(116) Scavenge 28.815ms
[42.123s][debug][gc,ref         ] GC(116) Skipped phase 1 of Reference Processing: no references
[42.123s][debug][gc,ref         ] GC(116) ReferenceProcessor::execute queues: 1, RefProcThreadModel::Single, marks_oops_alive: false
[42.123s][debug][gc,ref         ] GC(116) Skipped phase 3 of Reference Processing: no references
[42.123s][debug][gc,ref         ] GC(116) ReferenceProcessor::execute queues: 1, RefProcThreadModel::Single, marks_oops_alive: false
[42.123s][debug][gc,phases      ] GC(116) Reference Processing 0.173ms
[42.123s][debug][gc,phases      ] GC(116)   VM Weak                        Min:  0.0, Avg:  0.0, Max:  0.0, Diff:  0.0, Sum:  0.0, Workers: 4
[42.123s][debug][gc,phases      ] GC(116)     Dead                           Min: 0, Avg:  0.0, Max: 0, Diff: 0, Sum: 0, Workers: 4
[42.123s][debug][gc,phases      ] GC(116)     Total                          Min: 0, Avg: 163.2, Max: 448, Diff: 448, Sum: 653, Workers: 4
[42.123s][debug][gc,phases      ] GC(116)   ObjectSynchronizer Weak        Min:  0.0, Avg:  0.0, Max:  0.0, Diff:  0.0, Sum:  0.0, Workers: 4
[42.123s][debug][gc,phases      ] GC(116)     Dead                           Min: 0, Avg:  0.5, Max: 2, Diff: 2, Sum: 2, Workers: 4
[42.123s][debug][gc,phases      ] GC(116)     Total                          Min: 0, Avg: 134.5, Max: 218, Diff: 218, Sum: 538, Workers: 4
[42.123s][debug][gc,phases      ] GC(116)   JVMTI Tag Weak OopStorage      Min:  0.0, Avg:  0.0, Max:  0.0, Diff:  0.0, Sum:  0.0, Workers: 4
[42.123s][debug][gc,phases      ] GC(116)     Dead                           Min: 0, Avg:  0.0, Max: 0, Diff: 0, Sum: 0, Workers: 4
[42.123s][debug][gc,phases      ] GC(116)     Total                          Min: 0, Avg:  0.0, Max: 0, Diff: 0, Sum: 0, Workers: 4
[42.123s][debug][gc,phases      ] GC(116)   StringTable Weak               Min:  0.0, Avg:  0.2, Max:  0.3, Diff:  0.3, Sum:  0.8, Workers: 4
[42.123s][debug][gc,phases      ] GC(116)     Dead                           Min: 0, Avg:  0.2, Max: 1, Diff: 1, Sum: 1, Workers: 4
[42.123s][debug][gc,phases      ] GC(116)     Total                          Min: 0, Avg: 11463.2, Max: 22656, Diff: 22656, Sum: 45853, Workers: 4
[42.123s][debug][gc,phases      ] GC(116)   ResolvedMethodTable Weak       Min:  0.0, Avg:  0.0, Max:  0.0, Diff:  0.0, Sum:  0.1, Workers: 4
[42.123s][debug][gc,phases      ] GC(116)     Dead                           Min: 0, Avg:  0.2, Max: 1, Diff: 1, Sum: 1, Workers: 4
[42.123s][debug][gc,phases      ] GC(116)     Total                          Min: 0, Avg: 2015.0, Max: 3327, Diff: 3327, Sum: 8060, Workers: 4
[42.123s][debug][gc,phases      ] GC(116)   JNI Weak                       Min:  0.0, Avg:  0.0, Max:  0.0, Diff:  0.0, Sum:  0.0, Workers: 4
[42.123s][debug][gc,phases      ] GC(116)     Dead                           Min: 0, Avg:  0.0, Max: 0, Diff: 0, Sum: 0, Workers: 4
[42.123s][debug][gc,phases      ] GC(116)     Total                          Min: 0, Avg: 13.2, Max: 53, Diff: 53, Sum: 53, Workers: 4
[42.123s][debug][gc,phases      ] GC(116)   StringDedup Table Weak         Min:  0.0, Avg:  0.0, Max:  0.0, Diff:  0.0, Sum:  0.0, Workers: 4
[42.123s][debug][gc,phases      ] GC(116)     Dead                           Min: 0, Avg:  0.0, Max: 0, Diff: 0, Sum: 0, Workers: 4
[42.123s][debug][gc,phases      ] GC(116)     Total                          Min: 0, Avg:  0.0, Max: 0, Diff: 0, Sum: 0, Workers: 4
[42.123s][debug][gc,phases      ] GC(116)   StringDedup Requests0 Weak     Min:  0.0, Avg:  0.0, Max:  0.0, Diff:  0.0, Sum:  0.0, Workers: 4
[42.123s][debug][gc,phases      ] GC(116)     Dead                           Min: 0, Avg:  0.0, Max: 0, Diff: 0, Sum: 0, Workers: 4
[42.123s][debug][gc,phases      ] GC(116)     Total                          Min: 0, Avg:  0.0, Max: 0, Diff: 0, Sum: 0, Workers: 4
[42.123s][debug][gc,phases      ] GC(116)   StringDedup Requests1 Weak     Min:  0.0, Avg:  0.0, Max:  0.0, Diff:  0.0, Sum:  0.0, Workers: 4
[42.123s][debug][gc,phases      ] GC(116)     Dead                           Min: 0, Avg:  0.0, Max: 0, Diff: 0, Sum: 0, Workers: 4
[42.123s][debug][gc,phases      ] GC(116)     Total                          Min: 0, Avg:  0.0, Max: 0, Diff: 0, Sum: 0, Workers: 4
[42.123s][debug][gc,phases      ] GC(116)   Weak JFR Old Object Samples    Min:  0.0, Avg:  0.0, Max:  0.0, Diff:  0.0, Sum:  0.0, Workers: 4
[42.123s][debug][gc,phases      ] GC(116)     Dead                           Min: 0, Avg:  0.0, Max: 0, Diff: 0, Sum: 0, Workers: 4
[42.123s][debug][gc,phases      ] GC(116)     Total                          Min: 0, Avg:  0.0, Max: 0, Diff: 0, Sum: 0, Workers: 4
[42.123s][debug][gc,phases      ] GC(116) Weak Processing 0.579ms
[42.123s][debug][gc,age         ] GC(116) Desired survivor size 307757056 bytes, new threshold 15 (max threshold 15)
[42.123s][info ][gc,heap        ] GC(116) PSYoungGen: 1488026K(1749504K)->45403K(1796608K) Eden: 1419776K(1419776K)->0K(1483776K) From: 68250K(329728K)->45403K(312832K)
[42.123s][info ][gc,heap        ] GC(116) ParOldGen: 444672K(574976K)->465232K(574976K)
[42.123s][info ][gc,metaspace   ] GC(116) Metaspace: 77283K(78080K)->77283K(78080K) NonClass: 66194K(66624K)->66194K(66624K) Class: 11089K(11456K)->11089K(11456K)
[42.124s][info ][gc             ] GC(116) Pause Young (Allocation Failure) 1887M->498M(2316M) 29.708ms
[42.124s][info ][gc,cpu         ] GC(116) User=0.13s Sys=0.01s Real=0.04s
[42.124s][info ][safepoint      ] Safepoint "ParallelGCFailedAllocation", Time since last: 38492621 ns, Reaching safepoint: 153409 ns, At safepoint: 29827621 ns, Total: 29981030 ns
[42.733s][info ][gc,start       ] GC(117) Pause Young (Allocation Failure)
[42.752s][debug][gc,phases      ] GC(117) Scavenge 19.191ms
[42.752s][debug][gc,ref         ] GC(117) Skipped phase 1 of Reference Processing: no references
[42.752s][debug][gc,ref         ] GC(117) ReferenceProcessor::execute queues: 1, RefProcThreadModel::Single, marks_oops_alive: false
[42.753s][debug][gc,ref         ] GC(117) Skipped phase 3 of Reference Processing: no references
[42.753s][debug][gc,ref         ] GC(117) ReferenceProcessor::execute queues: 1, RefProcThreadModel::Single, marks_oops_alive: false
[42.753s][debug][gc,phases      ] GC(117) Reference Processing 0.167ms
[42.753s][debug][gc,phases      ] GC(117)   VM Weak                        Min:  0.0, Avg:  0.0, Max:  0.0, Diff:  0.0, Sum:  0.0, Workers: 4
[42.753s][debug][gc,phases      ] GC(117)     Dead                           Min: 0, Avg:  0.0, Max: 0, Diff: 0, Sum: 0, Workers: 4
[42.753s][debug][gc,phases      ] GC(117)     Total                          Min: 0, Avg: 167.5, Max: 640, Diff: 640, Sum: 670, Workers: 4
[42.753s][debug][gc,phases      ] GC(117)   ObjectSynchronizer Weak        Min:  0.0, Avg:  0.0, Max:  0.0, Diff:  0.0, Sum:  0.0, Workers: 4
[42.753s][debug][gc,phases      ] GC(117)     Dead                           Min: 0, Avg:  0.0, Max: 0, Diff: 0, Sum: 0, Workers: 4
[42.753s][debug][gc,phases      ] GC(117)     Total                          Min: 0, Avg: 134.8, Max: 219, Diff: 219, Sum: 539, Workers: 4
[42.753s][debug][gc,phases      ] GC(117)   JVMTI Tag Weak OopStorage      Min:  0.0, Avg:  0.0, Max:  0.0, Diff:  0.0, Sum:  0.0, Workers: 4
[42.753s][debug][gc,phases      ] GC(117)     Dead                           Min: 0, Avg:  0.0, Max: 0, Diff: 0, Sum: 0, Workers: 4
[42.753s][debug][gc,phases      ] GC(117)     Total                          Min: 0, Avg:  0.0, Max: 0, Diff: 0, Sum: 0, Workers: 4
[42.753s][debug][gc,phases      ] GC(117)   StringTable Weak               Min:  0.2, Avg:  0.2, Max:  0.2, Diff:  0.0, Sum:  0.7, Workers: 4
[42.753s][debug][gc,phases      ] GC(117)     Dead                           Min: 0, Avg:  1.0, Max: 2, Diff: 2, Sum: 4, Workers: 4
[42.753s][debug][gc,phases      ] GC(117)     Total                          Min: 11118, Avg: 11643.5, Max: 11968, Diff: 850, Sum: 46574, Workers: 4
[42.753s][debug][gc,phases      ] GC(117)   ResolvedMethodTable Weak       Min:  0.0, Avg:  0.0, Max:  0.0, Diff:  0.0, Sum:  0.1, Workers: 4
[42.753s][debug][gc,phases      ] GC(117)     Dead                           Min: 0, Avg:  3.8, Max: 12, Diff: 12, Sum: 15, Workers: 4
[42.753s][debug][gc,phases      ] GC(117)     Total                          Min: 1856, Avg: 2039.8, Max: 2169, Diff: 313, Sum: 8159, Workers: 4
[42.753s][debug][gc,phases      ] GC(117)   JNI Weak                       Min:  0.0, Avg:  0.0, Max:  0.0, Diff:  0.0, Sum:  0.0, Workers: 4
[42.753s][debug][gc,phases      ] GC(117)     Dead                           Min: 0, Avg:  0.0, Max: 0, Diff: 0, Sum: 0, Workers: 4
[42.753s][debug][gc,phases      ] GC(117)     Total                          Min: 0, Avg: 13.2, Max: 52, Diff: 52, Sum: 53, Workers: 4
[42.753s][debug][gc,phases      ] GC(117)   StringDedup Table Weak         Min:  0.0, Avg:  0.0, Max:  0.0, Diff:  0.0, Sum:  0.0, Workers: 4
[42.753s][debug][gc,phases      ] GC(117)     Dead                           Min: 0, Avg:  0.0, Max: 0, Diff: 0, Sum: 0, Workers: 4
[42.753s][debug][gc,phases      ] GC(117)     Total                          Min: 0, Avg:  0.0, Max: 0, Diff: 0, Sum: 0, Workers: 4
[42.753s][debug][gc,phases      ] GC(117)   StringDedup Requests0 Weak     Min:  0.0, Avg:  0.0, Max:  0.0, Diff:  0.0, Sum:  0.0, Workers: 4
[42.753s][debug][gc,phases      ] GC(117)     Dead                           Min: 0, Avg:  0.0, Max: 0, Diff: 0, Sum: 0, Workers: 4
[42.753s][debug][gc,phases      ] GC(117)     Total                          Min: 0, Avg:  0.0, Max: 0, Diff: 0, Sum: 0, Workers: 4
[42.753s][debug][gc,phases      ] GC(117)   StringDedup Requests1 Weak     Min:  0.0, Avg:  0.0, Max:  0.0, Diff:  0.0, Sum:  0.0, Workers: 4
[42.753s][debug][gc,phases      ] GC(117)     Dead                           Min: 0, Avg:  0.0, Max: 0, Diff: 0, Sum: 0, Workers: 4
[42.753s][debug][gc,phases      ] GC(117)     Total                          Min: 0, Avg:  0.0, Max: 0, Diff: 0, Sum: 0, Workers: 4
[42.753s][debug][gc,phases      ] GC(117)   Weak JFR Old Object Samples    Min:  0.0, Avg:  0.0, Max:  0.0, Diff:  0.0, Sum:  0.0, Workers: 4
[42.753s][debug][gc,phases      ] GC(117)     Dead                           Min: 0, Avg:  0.0, Max: 0, Diff: 0, Sum: 0, Workers: 4
[42.753s][debug][gc,phases      ] GC(117)     Total                          Min: 0, Avg:  0.0, Max: 0, Diff: 0, Sum: 0, Workers: 4
[42.753s][debug][gc,phases      ] GC(117) Weak Processing 0.409ms
[42.753s][debug][gc,age         ] GC(117) Desired survivor size 295174144 bytes, new threshold 15 (max threshold 15)
[42.753s][info ][gc,heap        ] GC(117) PSYoungGen: 1529179K(1796608K)->42081K(1784320K) Eden: 1483776K(1483776K)->0K(1483776K) From: 45403K(312832K)->42081K(300544K)
[42.753s][info ][gc,heap        ] GC(117) ParOldGen: 465232K(574976K)->469288K(574976K)
[42.753s][info ][gc,metaspace   ] GC(117) Metaspace: 79806K(80640K)->79806K(80640K) NonClass: 68348K(68800K)->68348K(68800K) Class: 11458K(11840K)->11458K(11840K)
[42.753s][info ][gc             ] GC(117) Pause Young (Allocation Failure) 1947M->499M(2304M) 19.890ms
[42.753s][info ][gc,cpu         ] GC(117) User=0.06s Sys=0.02s Real=0.02s
[42.753s][info ][safepoint      ] Safepoint "ParallelGCFailedAllocation", Time since last: 608922536 ns, Reaching safepoint: 573933 ns, At safepoint: 20006655 ns, Total: 20580588 ns
[43.330s][info ][gc,start       ] GC(118) Pause Young (Allocation Failure)
[43.355s][debug][gc,phases      ] GC(118) Scavenge 25.147ms
[43.355s][debug][gc,ref         ] GC(118) Skipped phase 1 of Reference Processing: no references
[43.355s][debug][gc,ref         ] GC(118) ReferenceProcessor::execute queues: 1, RefProcThreadModel::Single, marks_oops_alive: false
[43.355s][debug][gc,ref         ] GC(118) Skipped phase 3 of Reference Processing: no references
[43.355s][debug][gc,ref         ] GC(118) ReferenceProcessor::execute queues: 1, RefProcThreadModel::Single, marks_oops_alive: false
[43.355s][debug][gc,phases      ] GC(118) Reference Processing 0.149ms
[43.356s][debug][gc,phases      ] GC(118)   VM Weak                        Min:  0.0, Avg:  0.0, Max:  0.0, Diff:  0.0, Sum:  0.0, Workers: 4
[43.356s][debug][gc,phases      ] GC(118)     Dead                           Min: 0, Avg:  0.0, Max: 0, Diff: 0, Sum: 0, Workers: 4
[43.356s][debug][gc,phases      ] GC(118)     Total                          Min: 0, Avg: 168.0, Max: 576, Diff: 576, Sum: 672, Workers: 4
[43.356s][debug][gc,phases      ] GC(118)   ObjectSynchronizer Weak        Min:  0.0, Avg:  0.0, Max:  0.0, Diff:  0.0, Sum:  0.0, Workers: 4
[43.356s][debug][gc,phases      ] GC(118)     Dead                           Min: 0, Avg:  0.0, Max: 0, Diff: 0, Sum: 0, Workers: 4
[43.356s][debug][gc,phases      ] GC(118)     Total                          Min: 0, Avg: 134.8, Max: 256, Diff: 256, Sum: 539, Workers: 4
[43.356s][debug][gc,phases      ] GC(118)   JVMTI Tag Weak OopStorage      Min:  0.0, Avg:  0.0, Max:  0.0, Diff:  0.0, Sum:  0.0, Workers: 4
[43.356s][debug][gc,phases      ] GC(118)     Dead                           Min: 0, Avg:  0.0, Max: 0, Diff: 0, Sum: 0, Workers: 4
[43.356s][debug][gc,phases      ] GC(118)     Total                          Min: 0, Avg:  0.0, Max: 0, Diff: 0, Sum: 0, Workers: 4
[43.356s][debug][gc,phases      ] GC(118)   StringTable Weak               Min:  0.0, Avg:  0.1, Max:  0.2, Diff:  0.2, Sum:  0.6, Workers: 4
[43.356s][debug][gc,phases      ] GC(118)     Dead                           Min: 0, Avg:  0.2, Max: 1, Diff: 1, Sum: 1, Workers: 4
[43.356s][debug][gc,phases      ] GC(118)     Total                          Min: 0, Avg: 11657.8, Max: 16231, Diff: 16231, Sum: 46631, Workers: 4
[43.356s][debug][gc,phases      ] GC(118)   ResolvedMethodTable Weak       Min:  0.0, Avg:  0.0, Max:  0.0, Diff:  0.0, Sum:  0.1, Workers: 4
[43.356s][debug][gc,phases      ] GC(118)     Dead                           Min: 0, Avg:  1.5, Max: 5, Diff: 5, Sum: 6, Workers: 4
[43.356s][debug][gc,phases      ] GC(118)     Total                          Min: 0, Avg: 2047.0, Max: 2952, Diff: 2952, Sum: 8188, Workers: 4
[43.356s][debug][gc,phases      ] GC(118)   JNI Weak                       Min:  0.0, Avg:  0.0, Max:  0.0, Diff:  0.0, Sum:  0.0, Workers: 4
[43.356s][debug][gc,phases      ] GC(118)     Dead                           Min: 0, Avg:  0.0, Max: 0, Diff: 0, Sum: 0, Workers: 4
[43.356s][debug][gc,phases      ] GC(118)     Total                          Min: 0, Avg: 18.0, Max: 72, Diff: 72, Sum: 72, Workers: 4
[43.356s][debug][gc,phases      ] GC(118)   StringDedup Table Weak         Min:  0.0, Avg:  0.0, Max:  0.0, Diff:  0.0, Sum:  0.0, Workers: 4
[43.356s][debug][gc,phases      ] GC(118)     Dead                           Min: 0, Avg:  0.0, Max: 0, Diff: 0, Sum: 0, Workers: 4
[43.356s][debug][gc,phases      ] GC(118)     Total                          Min: 0, Avg:  0.0, Max: 0, Diff: 0, Sum: 0, Workers: 4
[43.356s][debug][gc,phases      ] GC(118)   StringDedup Requests0 Weak     Min:  0.0, Avg:  0.0, Max:  0.0, Diff:  0.0, Sum:  0.0, Workers: 4
[43.356s][debug][gc,phases      ] GC(118)     Dead                           Min: 0, Avg:  0.0, Max: 0, Diff: 0, Sum: 0, Workers: 4
[43.356s][debug][gc,phases      ] GC(118)     Total                          Min: 0, Avg:  0.0, Max: 0, Diff: 0, Sum: 0, Workers: 4
[43.356s][debug][gc,phases      ] GC(118)   StringDedup Requests1 Weak     Min:  0.0, Avg:  0.0, Max:  0.0, Diff:  0.0, Sum:  0.0, Workers: 4
[43.356s][debug][gc,phases      ] GC(118)     Dead                           Min: 0, Avg:  0.0, Max: 0, Diff: 0, Sum: 0, Workers: 4
[43.356s][debug][gc,phases      ] GC(118)     Total                          Min: 0, Avg:  0.0, Max: 0, Diff: 0, Sum: 0, Workers: 4
[43.356s][debug][gc,phases      ] GC(118)   Weak JFR Old Object Samples    Min:  0.0, Avg:  0.0, Max:  0.0, Diff:  0.0, Sum:  0.0, Workers: 4
[43.356s][debug][gc,phases      ] GC(118)     Dead                           Min: 0, Avg:  0.0, Max: 0, Diff: 0, Sum: 0, Workers: 4
[43.356s][debug][gc,phases      ] GC(118)     Total                          Min: 0, Avg:  0.0, Max: 0, Diff: 0, Sum: 0, Workers: 4
[43.356s][debug][gc,phases      ] GC(118) Weak Processing 0.422ms
[43.356s][debug][gc,age         ] GC(118) Desired survivor size 283639808 bytes, new threshold 15 (max threshold 15)
[43.356s][info ][gc,heap        ] GC(118) PSYoungGen: 1525857K(1784320K)->37538K(1820160K) Eden: 1483776K(1483776K)->0K(1531904K) From: 42081K(300544K)->37538K(288256K)
[43.356s][info ][gc,heap        ] GC(118) ParOldGen: 469288K(574976K)->473192K(574976K)
[43.356s][info ][gc,metaspace   ] GC(118) Metaspace: 80256K(81152K)->80256K(81152K) NonClass: 68765K(69248K)->68765K(69248K) Class: 11491K(11904K)->11491K(11904K)
[43.356s][info ][gc             ] GC(118) Pause Young (Allocation Failure) 1948M->498M(2339M) 25.854ms
[43.356s][info ][gc,cpu         ] GC(118) User=0.09s Sys=0.00s Real=0.03s
[43.356s][info ][safepoint      ] Safepoint "ParallelGCFailedAllocation", Time since last: 574742164 ns, Reaching safepoint: 2244529 ns, At safepoint: 25986000 ns, Total: 28230529 ns
[43.863s][info ][safepoint      ] Safepoint "ICBufferFull", Time since last: 506618132 ns, Reaching safepoint: 290617 ns, At safepoint: 32202 ns, Total: 322819 ns
[43.988s][info ][gc,start       ] GC(119) Pause Young (Allocation Failure)
[44.006s][debug][gc,phases      ] GC(119) Scavenge 18.257ms
[44.007s][debug][gc,ref         ] GC(119) Skipped phase 1 of Reference Processing: no references
[44.007s][debug][gc,ref         ] GC(119) ReferenceProcessor::execute queues: 1, RefProcThreadModel::Single, marks_oops_alive: false
[44.007s][debug][gc,ref         ] GC(119) Skipped phase 3 of Reference Processing: no references
[44.007s][debug][gc,ref         ] GC(119) ReferenceProcessor::execute queues: 1, RefProcThreadModel::Single, marks_oops_alive: false
[44.007s][debug][gc,phases      ] GC(119) Reference Processing 0.170ms
[44.007s][debug][gc,phases      ] GC(119)   VM Weak                        Min:  0.0, Avg:  0.0, Max:  0.0, Diff:  0.0, Sum:  0.0, Workers: 4
[44.007s][debug][gc,phases      ] GC(119)     Dead                           Min: 0, Avg:  0.0, Max: 0, Diff: 0, Sum: 0, Workers: 4
[44.007s][debug][gc,phases      ] GC(119)     Total                          Min: 0, Avg: 169.5, Max: 486, Diff: 486, Sum: 678, Workers: 4
[44.007s][debug][gc,phases      ] GC(119)   ObjectSynchronizer Weak        Min:  0.0, Avg:  0.0, Max:  0.0, Diff:  0.0, Sum:  0.0, Workers: 4
[44.007s][debug][gc,phases      ] GC(119)     Dead                           Min: 0, Avg:  0.0, Max: 0, Diff: 0, Sum: 0, Workers: 4
[44.007s][debug][gc,phases      ] GC(119)     Total                          Min: 27, Avg: 134.8, Max: 256, Diff: 229, Sum: 539, Workers: 4
[44.007s][debug][gc,phases      ] GC(119)   JVMTI Tag Weak OopStorage      Min:  0.0, Avg:  0.0, Max:  0.0, Diff:  0.0, Sum:  0.0, Workers: 4
[44.007s][debug][gc,phases      ] GC(119)     Dead                           Min: 0, Avg:  0.0, Max: 0, Diff: 0, Sum: 0, Workers: 4
[44.007s][debug][gc,phases      ] GC(119)     Total                          Min: 0, Avg:  0.0, Max: 0, Diff: 0, Sum: 0, Workers: 4
[44.007s][debug][gc,phases      ] GC(119)   StringTable Weak               Min:  0.1, Avg:  0.1, Max:  0.1, Diff:  0.0, Sum:  0.6, Workers: 4
[44.007s][debug][gc,phases      ] GC(119)     Dead                           Min: 0, Avg:  0.8, Max: 2, Diff: 2, Sum: 3, Workers: 4
[44.007s][debug][gc,phases      ] GC(119)     Total                          Min: 10368, Avg: 11716.2, Max: 13137, Diff: 2769, Sum: 46865, Workers: 4
[44.007s][debug][gc,phases      ] GC(119)   ResolvedMethodTable Weak       Min:  0.0, Avg:  0.0, Max:  0.0, Diff:  0.0, Sum:  0.2, Workers: 4
[44.007s][debug][gc,phases      ] GC(119)     Dead                           Min: 0, Avg:  2.0, Max: 6, Diff: 6, Sum: 8, Workers: 4
[44.007s][debug][gc,phases      ] GC(119)     Total                          Min: 1920, Avg: 2073.2, Max: 2342, Diff: 422, Sum: 8293, Workers: 4
[44.007s][debug][gc,phases      ] GC(119)   JNI Weak                       Min:  0.0, Avg:  0.0, Max:  0.0, Diff:  0.0, Sum:  0.0, Workers: 4
[44.007s][debug][gc,phases      ] GC(119)     Dead                           Min: 0, Avg:  0.0, Max: 0, Diff: 0, Sum: 0, Workers: 4
[44.007s][debug][gc,phases      ] GC(119)     Total                          Min: 0, Avg: 13.8, Max: 55, Diff: 55, Sum: 55, Workers: 4
[44.007s][debug][gc,phases      ] GC(119)   StringDedup Table Weak         Min:  0.0, Avg:  0.0, Max:  0.0, Diff:  0.0, Sum:  0.0, Workers: 4
[44.007s][debug][gc,phases      ] GC(119)     Dead                           Min: 0, Avg:  0.0, Max: 0, Diff: 0, Sum: 0, Workers: 4
[44.007s][debug][gc,phases      ] GC(119)     Total                          Min: 0, Avg:  0.0, Max: 0, Diff: 0, Sum: 0, Workers: 4
[44.007s][debug][gc,phases      ] GC(119)   StringDedup Requests0 Weak     Min:  0.0, Avg:  0.0, Max:  0.0, Diff:  0.0, Sum:  0.0, Workers: 4
[44.007s][debug][gc,phases      ] GC(119)     Dead                           Min: 0, Avg:  0.0, Max: 0, Diff: 0, Sum: 0, Workers: 4
[44.007s][debug][gc,phases      ] GC(119)     Total                          Min: 0, Avg:  0.0, Max: 0, Diff: 0, Sum: 0, Workers: 4
[44.007s][debug][gc,phases      ] GC(119)   StringDedup Requests1 Weak     Min:  0.0, Avg:  0.0, Max:  0.0, Diff:  0.0, Sum:  0.0, Workers: 4
[44.007s][debug][gc,phases      ] GC(119)     Dead                           Min: 0, Avg:  0.0, Max: 0, Diff: 0, Sum: 0, Workers: 4
[44.007s][debug][gc,phases      ] GC(119)     Total                          Min: 0, Avg:  0.0, Max: 0, Diff: 0, Sum: 0, Workers: 4
[44.007s][debug][gc,phases      ] GC(119)   Weak JFR Old Object Samples    Min:  0.0, Avg:  0.0, Max:  0.0, Diff:  0.0, Sum:  0.0, Workers: 4
[44.007s][debug][gc,phases      ] GC(119)     Dead                           Min: 0, Avg:  0.0, Max: 0, Diff: 0, Sum: 0, Workers: 4
[44.007s][debug][gc,phases      ] GC(119)     Total                          Min: 0, Avg:  0.0, Max: 0, Diff: 0, Sum: 0, Workers: 4
[44.007s][debug][gc,phases      ] GC(119) Weak Processing 0.385ms
[44.007s][debug][gc,age         ] GC(119) Desired survivor size 271056896 bytes, new threshold 15 (max threshold 15)
[44.007s][info ][gc,heap        ] GC(119) PSYoungGen: 1569442K(1820160K)->42225K(1808896K) Eden: 1531904K(1531904K)->0K(1531904K) From: 37538K(288256K)->42225K(276992K)
[44.007s][info ][gc,heap        ] GC(119) ParOldGen: 473192K(574976K)->476746K(574976K)
[44.007s][info ][gc,metaspace   ] GC(119) Metaspace: 80868K(81728K)->80868K(81728K) NonClass: 69289K(69760K)->69289K(69760K) Class: 11579K(11968K)->11579K(11968K)
[44.007s][info ][gc             ] GC(119) Pause Young (Allocation Failure) 1994M->506M(2328M) 18.929ms
[44.007s][info ][gc,cpu         ] GC(119) User=0.07s Sys=0.00s Real=0.02s
[44.007s][info ][safepoint      ] Safepoint "ParallelGCFailedAllocation", Time since last: 124971911 ns, Reaching safepoint: 186711 ns, At safepoint: 19061700 ns, Total: 19248411 ns
[44.551s][info ][gc,start       ] GC(120) Pause Young (Allocation Failure)
[44.575s][debug][gc,phases      ] GC(120) Scavenge 23.545ms
[44.575s][debug][gc,ref         ] GC(120) Skipped phase 1 of Reference Processing: no references
[44.575s][debug][gc,ref         ] GC(120) ReferenceProcessor::execute queues: 1, RefProcThreadModel::Single, marks_oops_alive: false
[44.575s][debug][gc,ref         ] GC(120) Skipped phase 3 of Reference Processing: no references
[44.575s][debug][gc,ref         ] GC(120) ReferenceProcessor::execute queues: 1, RefProcThreadModel::Single, marks_oops_alive: false
[44.575s][debug][gc,phases      ] GC(120) Reference Processing 0.186ms
[44.575s][debug][gc,phases      ] GC(120)   VM Weak                        Min:  0.0, Avg:  0.0, Max:  0.0, Diff:  0.0, Sum:  0.0, Workers: 4
[44.575s][debug][gc,phases      ] GC(120)     Dead                           Min: 0, Avg:  0.0, Max: 0, Diff: 0, Sum: 0, Workers: 4
[44.575s][debug][gc,phases      ] GC(120)     Total                          Min: 0, Avg: 169.5, Max: 640, Diff: 640, Sum: 678, Workers: 4
[44.575s][debug][gc,phases      ] GC(120)   ObjectSynchronizer Weak        Min:  0.0, Avg:  0.0, Max:  0.0, Diff:  0.0, Sum:  0.0, Workers: 4
[44.575s][debug][gc,phases      ] GC(120)     Dead                           Min: 0, Avg:  0.0, Max: 0, Diff: 0, Sum: 0, Workers: 4
[44.575s][debug][gc,phases      ] GC(120)     Total                          Min: 0, Avg: 134.8, Max: 256, Diff: 256, Sum: 539, Workers: 4
[44.575s][debug][gc,phases      ] GC(120)   JVMTI Tag Weak OopStorage      Min:  0.0, Avg:  0.0, Max:  0.0, Diff:  0.0, Sum:  0.0, Workers: 4
[44.575s][debug][gc,phases      ] GC(120)     Dead                           Min: 0, Avg:  0.0, Max: 0, Diff: 0, Sum: 0, Workers: 4
[44.575s][debug][gc,phases      ] GC(120)     Total                          Min: 0, Avg:  0.0, Max: 0, Diff: 0, Sum: 0, Workers: 4
[44.575s][debug][gc,phases      ] GC(120)   StringTable Weak               Min:  0.1, Avg:  0.1, Max:  0.1, Diff:  0.0, Sum:  0.6, Workers: 4
[44.575s][debug][gc,phases      ] GC(120)     Dead                           Min: 0, Avg:  0.0, Max: 0, Diff: 0, Sum: 0, Workers: 4
[44.575s][debug][gc,phases      ] GC(120)     Total                          Min: 10880, Avg: 11718.8, Max: 12571, Diff: 1691, Sum: 46875, Workers: 4
[44.575s][debug][gc,phases      ] GC(120)   ResolvedMethodTable Weak       Min:  0.0, Avg:  0.0, Max:  0.0, Diff:  0.0, Sum:  0.1, Workers: 4
[44.575s][debug][gc,phases      ] GC(120)     Dead                           Min: 0, Avg:  0.0, Max: 0, Diff: 0, Sum: 0, Workers: 4
[44.575s][debug][gc,phases      ] GC(120)     Total                          Min: 1712, Avg: 2075.8, Max: 2496, Diff: 784, Sum: 8303, Workers: 4
[44.575s][debug][gc,phases      ] GC(120)   JNI Weak                       Min:  0.0, Avg:  0.0, Max:  0.0, Diff:  0.0, Sum:  0.0, Workers: 4
[44.575s][debug][gc,phases      ] GC(120)     Dead                           Min: 0, Avg:  0.0, Max: 0, Diff: 0, Sum: 0, Workers: 4
[44.575s][debug][gc,phases      ] GC(120)     Total                          Min: 0, Avg:  8.8, Max: 35, Diff: 35, Sum: 35, Workers: 4
[44.575s][debug][gc,phases      ] GC(120)   StringDedup Table Weak         Min:  0.0, Avg:  0.0, Max:  0.0, Diff:  0.0, Sum:  0.0, Workers: 4
[44.575s][debug][gc,phases      ] GC(120)     Dead                           Min: 0, Avg:  0.0, Max: 0, Diff: 0, Sum: 0, Workers: 4
[44.575s][debug][gc,phases      ] GC(120)     Total                          Min: 0, Avg:  0.0, Max: 0, Diff: 0, Sum: 0, Workers: 4
[44.575s][debug][gc,phases      ] GC(120)   StringDedup Requests0 Weak     Min:  0.0, Avg:  0.0, Max:  0.0, Diff:  0.0, Sum:  0.0, Workers: 4
[44.575s][debug][gc,phases      ] GC(120)     Dead                           Min: 0, Avg:  0.0, Max: 0, Diff: 0, Sum: 0, Workers: 4
[44.575s][debug][gc,phases      ] GC(120)     Total                          Min: 0, Avg:  0.0, Max: 0, Diff: 0, Sum: 0, Workers: 4
[44.575s][debug][gc,phases      ] GC(120)   StringDedup Requests1 Weak     Min:  0.0, Avg:  0.0, Max:  0.0, Diff:  0.0, Sum:  0.0, Workers: 4
[44.575s][debug][gc,phases      ] GC(120)     Dead                           Min: 0, Avg:  0.0, Max: 0, Diff: 0, Sum: 0, Workers: 4
[44.575s][debug][gc,phases      ] GC(120)     Total                          Min: 0, Avg:  0.0, Max: 0, Diff: 0, Sum: 0, Workers: 4
[44.575s][debug][gc,phases      ] GC(120)   Weak JFR Old Object Samples    Min:  0.0, Avg:  0.0, Max:  0.0, Diff:  0.0, Sum:  0.0, Workers: 4
[44.575s][debug][gc,phases      ] GC(120)     Dead                           Min: 0, Avg:  0.0, Max: 0, Diff: 0, Sum: 0, Workers: 4
[44.575s][debug][gc,phases      ] GC(120)     Total                          Min: 0, Avg:  0.0, Max: 0, Diff: 0, Sum: 0, Workers: 4
[44.575s][debug][gc,phases      ] GC(120) Weak Processing 0.362ms
[44.575s][debug][gc,age         ] GC(120) Desired survivor size 255852544 bytes, new threshold 15 (max threshold 15)
[44.575s][info ][gc,heap        ] GC(120) PSYoungGen: 1574129K(1808896K)->55728K(1847296K) Eden: 1531904K(1531904K)->0K(1582592K) From: 42225K(276992K)->55728K(264704K)
[44.575s][info ][gc,heap        ] GC(120) ParOldGen: 476746K(574976K)->480434K(574976K)
[44.575s][info ][gc,metaspace   ] GC(120) Metaspace: 80926K(81792K)->80926K(81792K) NonClass: 69339K(69824K)->69339K(69824K) Class: 11587K(11968K)->11587K(11968K)
[44.575s][info ][gc             ] GC(120) Pause Young (Allocation Failure) 2002M->523M(2365M) 24.213ms
[44.575s][info ][gc,cpu         ] GC(120) User=0.09s Sys=0.00s Real=0.03s
[44.575s][info ][safepoint      ] Safepoint "ParallelGCFailedAllocation", Time since last: 543212044 ns, Reaching safepoint: 461727 ns, At safepoint: 24340604 ns, Total: 24802331 ns
[44.995s][info ][gc,start       ] GC(121) Pause Young (Allocation Failure)
[45.019s][debug][gc,phases      ] GC(121) Scavenge 24.041ms
[45.019s][debug][gc,ref         ] GC(121) Skipped phase 1 of Reference Processing: no references
[45.019s][debug][gc,ref         ] GC(121) ReferenceProcessor::execute queues: 1, RefProcThreadModel::Single, marks_oops_alive: false
[45.020s][debug][gc,ref         ] GC(121) Skipped phase 3 of Reference Processing: no references
[45.020s][debug][gc,ref         ] GC(121) ReferenceProcessor::execute queues: 1, RefProcThreadModel::Single, marks_oops_alive: false
[45.020s][debug][gc,phases      ] GC(121) Reference Processing 0.145ms
[45.020s][debug][gc,phases      ] GC(121)   VM Weak                        Min:  0.0, Avg:  0.0, Max:  0.0, Diff:  0.0, Sum:  0.0, Workers: 4
[45.020s][debug][gc,phases      ] GC(121)     Dead                           Min: 0, Avg:  0.0, Max: 0, Diff: 0, Sum: 0, Workers: 4
[45.020s][debug][gc,phases      ] GC(121)     Total                          Min: 0, Avg: 169.5, Max: 512, Diff: 512, Sum: 678, Workers: 4
[45.020s][debug][gc,phases      ] GC(121)   ObjectSynchronizer Weak        Min:  0.0, Avg:  0.0, Max:  0.0, Diff:  0.0, Sum:  0.0, Workers: 4
[45.020s][debug][gc,phases      ] GC(121)     Dead                           Min: 0, Avg:  0.0, Max: 0, Diff: 0, Sum: 0, Workers: 4
[45.020s][debug][gc,phases      ] GC(121)     Total                          Min: 0, Avg: 134.8, Max: 219, Diff: 219, Sum: 539, Workers: 4
[45.020s][debug][gc,phases      ] GC(121)   JVMTI Tag Weak OopStorage      Min:  0.0, Avg:  0.0, Max:  0.0, Diff:  0.0, Sum:  0.0, Workers: 4
[45.020s][debug][gc,phases      ] GC(121)     Dead                           Min: 0, Avg:  0.0, Max: 0, Diff: 0, Sum: 0, Workers: 4
[45.020s][debug][gc,phases      ] GC(121)     Total                          Min: 0, Avg:  0.0, Max: 0, Diff: 0, Sum: 0, Workers: 4
[45.020s][debug][gc,phases      ] GC(121)   StringTable Weak               Min:  0.1, Avg:  0.1, Max:  0.1, Diff:  0.0, Sum:  0.5, Workers: 4
[45.020s][debug][gc,phases      ] GC(121)     Dead                           Min: 0, Avg:  0.0, Max: 0, Diff: 0, Sum: 0, Workers: 4
[45.020s][debug][gc,phases      ] GC(121)     Total                          Min: 10880, Avg: 11719.2, Max: 12637, Diff: 1757, Sum: 46877, Workers: 4
[45.020s][debug][gc,phases      ] GC(121)   ResolvedMethodTable Weak       Min:  0.0, Avg:  0.0, Max:  0.0, Diff:  0.0, Sum:  0.1, Workers: 4
[45.020s][debug][gc,phases      ] GC(121)     Dead                           Min: 0, Avg:  0.0, Max: 0, Diff: 0, Sum: 0, Workers: 4
[45.020s][debug][gc,phases      ] GC(121)     Total                          Min: 1856, Avg: 2075.8, Max: 2367, Diff: 511, Sum: 8303, Workers: 4
[45.020s][debug][gc,phases      ] GC(121)   JNI Weak                       Min:  0.0, Avg:  0.0, Max:  0.0, Diff:  0.0, Sum:  0.0, Workers: 4
[45.020s][debug][gc,phases      ] GC(121)     Dead                           Min: 0, Avg:  0.0, Max: 0, Diff: 0, Sum: 0, Workers: 4
[45.020s][debug][gc,phases      ] GC(121)     Total                          Min: 0, Avg:  9.8, Max: 39, Diff: 39, Sum: 39, Workers: 4
[45.020s][debug][gc,phases      ] GC(121)   StringDedup Table Weak         Min:  0.0, Avg:  0.0, Max:  0.0, Diff:  0.0, Sum:  0.0, Workers: 4
[45.020s][debug][gc,phases      ] GC(121)     Dead                           Min: 0, Avg:  0.0, Max: 0, Diff: 0, Sum: 0, Workers: 4
[45.020s][debug][gc,phases      ] GC(121)     Total                          Min: 0, Avg:  0.0, Max: 0, Diff: 0, Sum: 0, Workers: 4
[45.020s][debug][gc,phases      ] GC(121)   StringDedup Requests0 Weak     Min:  0.0, Avg:  0.0, Max:  0.0, Diff:  0.0, Sum:  0.0, Workers: 4
[45.020s][debug][gc,phases      ] GC(121)     Dead                           Min: 0, Avg:  0.0, Max: 0, Diff: 0, Sum: 0, Workers: 4
[45.020s][debug][gc,phases      ] GC(121)     Total                          Min: 0, Avg:  0.0, Max: 0, Diff: 0, Sum: 0, Workers: 4
[45.020s][debug][gc,phases      ] GC(121)   StringDedup Requests1 Weak     Min:  0.0, Avg:  0.0, Max:  0.0, Diff:  0.0, Sum:  0.0, Workers: 4
[45.020s][debug][gc,phases      ] GC(121)     Dead                           Min: 0, Avg:  0.0, Max: 0, Diff: 0, Sum: 0, Workers: 4
[45.020s][debug][gc,phases      ] GC(121)     Total                          Min: 0, Avg:  0.0, Max: 0, Diff: 0, Sum: 0, Workers: 4
[45.020s][debug][gc,phases      ] GC(121)   Weak JFR Old Object Samples    Min:  0.0, Avg:  0.0, Max:  0.0, Diff:  0.0, Sum:  0.0, Workers: 4
[45.020s][debug][gc,phases      ] GC(121)     Dead                           Min: 0, Avg:  0.0, Max: 0, Diff: 0, Sum: 0, Workers: 4
[45.020s][debug][gc,phases      ] GC(121)     Total                          Min: 0, Avg:  0.0, Max: 0, Diff: 0, Sum: 0, Workers: 4
[45.020s][debug][gc,phases      ] GC(121) Weak Processing 0.361ms
[45.020s][debug][gc,age         ] GC(121) Desired survivor size 240123904 bytes, new threshold 15 (max threshold 15)
[45.020s][info ][gc,heap        ] GC(121) PSYoungGen: 1638320K(1847296K)->65789K(1832448K) Eden: 1582592K(1582592K)->0K(1582592K) From: 55728K(264704K)->65789K(249856K)
[45.020s][info ][gc,heap        ] GC(121) ParOldGen: 480434K(574976K)->483530K(574976K)
[45.020s][info ][gc,metaspace   ] GC(121) Metaspace: 80938K(81792K)->80938K(81792K) NonClass: 69351K(69824K)->69351K(69824K) Class: 11587K(11968K)->11587K(11968K)
[45.020s][info ][gc             ] GC(121) Pause Young (Allocation Failure) 2069M->536M(2351M) 24.670ms
[45.020s][info ][gc,cpu         ] GC(121) User=0.10s Sys=0.00s Real=0.02s
[45.020s][info ][safepoint      ] Safepoint "ParallelGCFailedAllocation", Time since last: 419844726 ns, Reaching safepoint: 185110 ns, At safepoint: 24798731 ns, Total: 24983841 ns
[45.382s][info ][gc,start       ] GC(122) Pause Young (Allocation Failure)
[45.409s][debug][gc,phases      ] GC(122) Scavenge 26.434ms
[45.409s][debug][gc,ref         ] GC(122) Skipped phase 1 of Reference Processing: no references
[45.409s][debug][gc,ref         ] GC(122) ReferenceProcessor::execute queues: 1, RefProcThreadModel::Single, marks_oops_alive: false
[45.409s][debug][gc,ref         ] GC(122) Skipped phase 3 of Reference Processing: no references
[45.409s][debug][gc,ref         ] GC(122) ReferenceProcessor::execute queues: 1, RefProcThreadModel::Single, marks_oops_alive: false
[45.409s][debug][gc,phases      ] GC(122) Reference Processing 0.183ms
[45.409s][debug][gc,phases      ] GC(122)   VM Weak                        Min:  0.0, Avg:  0.0, Max:  0.0, Diff:  0.0, Sum:  0.0, Workers: 4
[45.409s][debug][gc,phases      ] GC(122)     Dead                           Min: 0, Avg:  0.0, Max: 0, Diff: 0, Sum: 0, Workers: 4
[45.409s][debug][gc,phases      ] GC(122)     Total                          Min: 0, Avg: 169.5, Max: 640, Diff: 640, Sum: 678, Workers: 4
[45.409s][debug][gc,phases      ] GC(122)   ObjectSynchronizer Weak        Min:  0.0, Avg:  0.0, Max:  0.0, Diff:  0.0, Sum:  0.0, Workers: 4
[45.409s][debug][gc,phases      ] GC(122)     Dead                           Min: 0, Avg:  0.0, Max: 0, Diff: 0, Sum: 0, Workers: 4
[45.409s][debug][gc,phases      ] GC(122)     Total                          Min: 0, Avg: 134.8, Max: 320, Diff: 320, Sum: 539, Workers: 4
[45.409s][debug][gc,phases      ] GC(122)   JVMTI Tag Weak OopStorage      Min:  0.0, Avg:  0.0, Max:  0.0, Diff:  0.0, Sum:  0.0, Workers: 4
[45.409s][debug][gc,phases      ] GC(122)     Dead                           Min: 0, Avg:  0.0, Max: 0, Diff: 0, Sum: 0, Workers: 4
[45.409s][debug][gc,phases      ] GC(122)     Total                          Min: 0, Avg:  0.0, Max: 0, Diff: 0, Sum: 0, Workers: 4
[45.409s][debug][gc,phases      ] GC(122)   StringTable Weak               Min:  0.1, Avg:  0.1, Max:  0.1, Diff:  0.0, Sum:  0.6, Workers: 4
[45.409s][debug][gc,phases      ] GC(122)     Dead                           Min: 0, Avg:  0.0, Max: 0, Diff: 0, Sum: 0, Workers: 4
[45.409s][debug][gc,phases      ] GC(122)     Total                          Min: 11264, Avg: 11719.2, Max: 12160, Diff: 896, Sum: 46877, Workers: 4
[45.409s][debug][gc,phases      ] GC(122)   ResolvedMethodTable Weak       Min:  0.0, Avg:  0.0, Max:  0.0, Diff:  0.0, Sum:  0.1, Workers: 4
[45.409s][debug][gc,phases      ] GC(122)     Dead                           Min: 0, Avg:  0.0, Max: 0, Diff: 0, Sum: 0, Workers: 4
[45.409s][debug][gc,phases      ] GC(122)     Total                          Min: 1856, Avg: 2075.8, Max: 2289, Diff: 433, Sum: 8303, Workers: 4
[45.409s][debug][gc,phases      ] GC(122)   JNI Weak                       Min:  0.0, Avg:  0.0, Max:  0.0, Diff:  0.0, Sum:  0.0, Workers: 4
[45.409s][debug][gc,phases      ] GC(122)     Dead                           Min: 0, Avg:  0.0, Max: 0, Diff: 0, Sum: 0, Workers: 4
[45.409s][debug][gc,phases      ] GC(122)     Total                          Min: 0, Avg:  8.5, Max: 34, Diff: 34, Sum: 34, Workers: 4
[45.409s][debug][gc,phases      ] GC(122)   StringDedup Table Weak         Min:  0.0, Avg:  0.0, Max:  0.0, Diff:  0.0, Sum:  0.0, Workers: 4
[45.409s][debug][gc,phases      ] GC(122)     Dead                           Min: 0, Avg:  0.0, Max: 0, Diff: 0, Sum: 0, Workers: 4
[45.409s][debug][gc,phases      ] GC(122)     Total                          Min: 0, Avg:  0.0, Max: 0, Diff: 0, Sum: 0, Workers: 4
[45.409s][debug][gc,phases      ] GC(122)   StringDedup Requests0 Weak     Min:  0.0, Avg:  0.0, Max:  0.0, Diff:  0.0, Sum:  0.0, Workers: 4
[45.409s][debug][gc,phases      ] GC(122)     Dead                           Min: 0, Avg:  0.0, Max: 0, Diff: 0, Sum: 0, Workers: 4
[45.409s][debug][gc,phases      ] GC(122)     Total                          Min: 0, Avg:  0.0, Max: 0, Diff: 0, Sum: 0, Workers: 4
[45.409s][debug][gc,phases      ] GC(122)   StringDedup Requests1 Weak     Min:  0.0, Avg:  0.0, Max:  0.0, Diff:  0.0, Sum:  0.0, Workers: 4
[45.409s][debug][gc,phases      ] GC(122)     Dead                           Min: 0, Avg:  0.0, Max: 0, Diff: 0, Sum: 0, Workers: 4
[45.409s][debug][gc,phases      ] GC(122)     Total                          Min: 0, Avg:  0.0, Max: 0, Diff: 0, Sum: 0, Workers: 4
[45.409s][debug][gc,phases      ] GC(122)   Weak JFR Old Object Samples    Min:  0.0, Avg:  0.0, Max:  0.0, Diff:  0.0, Sum:  0.0, Workers: 4
[45.409s][debug][gc,phases      ] GC(122)     Dead                           Min: 0, Avg:  0.0, Max: 0, Diff: 0, Sum: 0, Workers: 4
[45.409s][debug][gc,phases      ] GC(122)     Total                          Min: 0, Avg:  0.0, Max: 0, Diff: 0, Sum: 0, Workers: 4
[45.410s][debug][gc,phases      ] GC(122) Weak Processing 0.395ms
[45.410s][debug][gc,age         ] GC(122) Desired survivor size 225443840 bytes, new threshold 15 (max threshold 15)
[45.410s][info ][gc,heap        ] GC(122) PSYoungGen: 1648381K(1832448K)->67263K(1876992K) Eden: 1582592K(1582592K)->0K(1642496K) From: 65789K(249856K)->67263K(234496K)
[45.410s][info ][gc,heap        ] GC(122) ParOldGen: 483530K(574976K)->491600K(574976K)
[45.410s][info ][gc,metaspace   ] GC(122) Metaspace: 80942K(81792K)->80942K(81792K) NonClass: 69355K(69824K)->69355K(69824K) Class: 11587K(11968K)->11587K(11968K)
[45.410s][info ][gc             ] GC(122) Pause Young (Allocation Failure) 2081M->545M(2394M) 27.143ms
[45.410s][info ][gc,cpu         ] GC(122) User=0.13s Sys=0.00s Real=0.02s
[45.410s][info ][safepoint      ] Safepoint "ParallelGCFailedAllocation", Time since last: 361387252 ns, Reaching safepoint: 918854 ns, At safepoint: 27273573 ns, Total: 28192427 ns
[45.832s][info ][gc,start       ] GC(123) Pause Young (Allocation Failure)
[45.854s][debug][gc,phases      ] GC(123) Scavenge 21.845ms
[45.854s][debug][gc,ref         ] GC(123) Skipped phase 1 of Reference Processing: no references
[45.854s][debug][gc,ref         ] GC(123) ReferenceProcessor::execute queues: 1, RefProcThreadModel::Single, marks_oops_alive: false
[45.854s][debug][gc,ref         ] GC(123) Skipped phase 3 of Reference Processing: no references
[45.854s][debug][gc,ref         ] GC(123) ReferenceProcessor::execute queues: 1, RefProcThreadModel::Single, marks_oops_alive: false
[45.854s][debug][gc,phases      ] GC(123) Reference Processing 0.220ms
[45.854s][debug][gc,phases      ] GC(123)   VM Weak                        Min:  0.0, Avg:  0.0, Max:  0.0, Diff:  0.0, Sum:  0.0, Workers: 4
[45.854s][debug][gc,phases      ] GC(123)     Dead                           Min: 0, Avg:  0.0, Max: 0, Diff: 0, Sum: 0, Workers: 4
[45.854s][debug][gc,phases      ] GC(123)     Total                          Min: 0, Avg: 169.5, Max: 512, Diff: 512, Sum: 678, Workers: 4
[45.854s][debug][gc,phases      ] GC(123)   ObjectSynchronizer Weak        Min:  0.0, Avg:  0.0, Max:  0.0, Diff:  0.0, Sum:  0.0, Workers: 4
[45.854s][debug][gc,phases      ] GC(123)     Dead                           Min: 0, Avg:  0.0, Max: 0, Diff: 0, Sum: 0, Workers: 4
[45.854s][debug][gc,phases      ] GC(123)     Total                          Min: 0, Avg: 134.8, Max: 320, Diff: 320, Sum: 539, Workers: 4
[45.854s][debug][gc,phases      ] GC(123)   JVMTI Tag Weak OopStorage      Min:  0.0, Avg:  0.0, Max:  0.0, Diff:  0.0, Sum:  0.0, Workers: 4
[45.854s][debug][gc,phases      ] GC(123)     Dead                           Min: 0, Avg:  0.0, Max: 0, Diff: 0, Sum: 0, Workers: 4
[45.854s][debug][gc,phases      ] GC(123)     Total                          Min: 0, Avg:  0.0, Max: 0, Diff: 0, Sum: 0, Workers: 4
[45.854s][debug][gc,phases      ] GC(123)   StringTable Weak               Min:  0.1, Avg:  0.1, Max:  0.2, Diff:  0.0, Sum:  0.6, Workers: 4
[45.854s][debug][gc,phases      ] GC(123)     Dead                           Min: 0, Avg:  0.0, Max: 0, Diff: 0, Sum: 0, Workers: 4
[45.854s][debug][gc,phases      ] GC(123)     Total                          Min: 10880, Avg: 11720.0, Max: 12512, Diff: 1632, Sum: 46880, Workers: 4
[45.854s][debug][gc,phases      ] GC(123)   ResolvedMethodTable Weak       Min:  0.0, Avg:  0.0, Max:  0.0, Diff:  0.0, Sum:  0.1, Workers: 4
[45.854s][debug][gc,phases      ] GC(123)     Dead                           Min: 0, Avg:  0.0, Max: 0, Diff: 0, Sum: 0, Workers: 4
[45.854s][debug][gc,phases      ] GC(123)     Total                          Min: 1650, Avg: 2076.2, Max: 2432, Diff: 782, Sum: 8305, Workers: 4
[45.854s][debug][gc,phases      ] GC(123)   JNI Weak                       Min:  0.0, Avg:  0.0, Max:  0.0, Diff:  0.0, Sum:  0.0, Workers: 4
[45.854s][debug][gc,phases      ] GC(123)     Dead                           Min: 0, Avg:  0.0, Max: 0, Diff: 0, Sum: 0, Workers: 4
[45.854s][debug][gc,phases      ] GC(123)     Total                          Min: 0, Avg:  7.5, Max: 30, Diff: 30, Sum: 30, Workers: 4
[45.854s][debug][gc,phases      ] GC(123)   StringDedup Table Weak         Min:  0.0, Avg:  0.0, Max:  0.0, Diff:  0.0, Sum:  0.0, Workers: 4
[45.854s][debug][gc,phases      ] GC(123)     Dead                           Min: 0, Avg:  0.0, Max: 0, Diff: 0, Sum: 0, Workers: 4
[45.854s][debug][gc,phases      ] GC(123)     Total                          Min: 0, Avg:  0.0, Max: 0, Diff: 0, Sum: 0, Workers: 4
[45.854s][debug][gc,phases      ] GC(123)   StringDedup Requests0 Weak     Min:  0.0, Avg:  0.0, Max:  0.0, Diff:  0.0, Sum:  0.0, Workers: 4
[45.854s][debug][gc,phases      ] GC(123)     Dead                           Min: 0, Avg:  0.0, Max: 0, Diff: 0, Sum: 0, Workers: 4
[45.854s][debug][gc,phases      ] GC(123)     Total                          Min: 0, Avg:  0.0, Max: 0, Diff: 0, Sum: 0, Workers: 4
[45.854s][debug][gc,phases      ] GC(123)   StringDedup Requests1 Weak     Min:  0.0, Avg:  0.0, Max:  0.0, Diff:  0.0, Sum:  0.0, Workers: 4
[45.854s][debug][gc,phases      ] GC(123)     Dead                           Min: 0, Avg:  0.0, Max: 0, Diff: 0, Sum: 0, Workers: 4
[45.854s][debug][gc,phases      ] GC(123)     Total                          Min: 0, Avg:  0.0, Max: 0, Diff: 0, Sum: 0, Workers: 4
[45.854s][debug][gc,phases      ] GC(123)   Weak JFR Old Object Samples    Min:  0.0, Avg:  0.0, Max:  0.0, Diff:  0.0, Sum:  0.0, Workers: 4
[45.854s][debug][gc,phases      ] GC(123)     Dead                           Min: 0, Avg:  0.0, Max: 0, Diff: 0, Sum: 0, Workers: 4
[45.854s][debug][gc,phases      ] GC(123)     Total                          Min: 0, Avg:  0.0, Max: 0, Diff: 0, Sum: 0, Workers: 4
[45.854s][debug][gc,phases      ] GC(123) Weak Processing 0.444ms
[45.854s][debug][gc,age         ] GC(123) Desired survivor size 211812352 bytes, new threshold 15 (max threshold 15)
[45.854s][info ][gc,heap        ] GC(123) PSYoungGen: 1709759K(1876992K)->69084K(1862656K) Eden: 1642496K(1642496K)->0K(1642496K) From: 67263K(234496K)->69084K(220160K)
[45.854s][info ][gc,heap        ] GC(123) ParOldGen: 491600K(574976K)->493358K(574976K)
[45.854s][info ][gc,metaspace   ] GC(123) Metaspace: 80952K(81792K)->80952K(81792K) NonClass: 69364K(69824K)->69364K(69824K) Class: 11587K(11968K)->11587K(11968K)
[45.854s][info ][gc             ] GC(123) Pause Young (Allocation Failure) 2149M->549M(2380M) 22.661ms
[45.854s][info ][gc,cpu         ] GC(123) User=0.10s Sys=0.00s Real=0.03s
[45.854s][info ][safepoint      ] Safepoint "ParallelGCFailedAllocation", Time since last: 421904944 ns, Reaching safepoint: 144709 ns, At safepoint: 22782614 ns, Total: 22927323 ns
[46.277s][info ][safepoint      ] Safepoint "ICBufferFull", Time since last: 421891844 ns, Reaching safepoint: 260715 ns, At safepoint: 24701 ns, Total: 285416 ns
[46.319s][info ][gc,start       ] GC(124) Pause Young (Allocation Failure)
[46.337s][debug][gc,phases      ] GC(124) Scavenge 17.900ms
[46.337s][debug][gc,ref         ] GC(124) Skipped phase 1 of Reference Processing: no references
[46.337s][debug][gc,ref         ] GC(124) ReferenceProcessor::execute queues: 1, RefProcThreadModel::Single, marks_oops_alive: false
[46.337s][debug][gc,ref         ] GC(124) Skipped phase 3 of Reference Processing: no references
[46.337s][debug][gc,ref         ] GC(124) ReferenceProcessor::execute queues: 1, RefProcThreadModel::Single, marks_oops_alive: false
[46.337s][debug][gc,phases      ] GC(124) Reference Processing 0.161ms
[46.337s][debug][gc,phases      ] GC(124)   VM Weak                        Min:  0.0, Avg:  0.0, Max:  0.0, Diff:  0.0, Sum:  0.0, Workers: 4
[46.337s][debug][gc,phases      ] GC(124)     Dead                           Min: 0, Avg:  0.0, Max: 0, Diff: 0, Sum: 0, Workers: 4
[46.337s][debug][gc,phases      ] GC(124)     Total                          Min: 0, Avg: 169.5, Max: 512, Diff: 512, Sum: 678, Workers: 4
[46.337s][debug][gc,phases      ] GC(124)   ObjectSynchronizer Weak        Min:  0.0, Avg:  0.0, Max:  0.0, Diff:  0.0, Sum:  0.0, Workers: 4
[46.337s][debug][gc,phases      ] GC(124)     Dead                           Min: 0, Avg:  0.0, Max: 0, Diff: 0, Sum: 0, Workers: 4
[46.337s][debug][gc,phases      ] GC(124)     Total                          Min: 0, Avg: 134.8, Max: 347, Diff: 347, Sum: 539, Workers: 4
[46.337s][debug][gc,phases      ] GC(124)   JVMTI Tag Weak OopStorage      Min:  0.0, Avg:  0.0, Max:  0.0, Diff:  0.0, Sum:  0.0, Workers: 4
[46.337s][debug][gc,phases      ] GC(124)     Dead                           Min: 0, Avg:  0.0, Max: 0, Diff: 0, Sum: 0, Workers: 4
[46.337s][debug][gc,phases      ] GC(124)     Total                          Min: 0, Avg:  0.0, Max: 0, Diff: 0, Sum: 0, Workers: 4
[46.337s][debug][gc,phases      ] GC(124)   StringTable Weak               Min:  0.1, Avg:  0.1, Max:  0.1, Diff:  0.0, Sum:  0.5, Workers: 4
[46.337s][debug][gc,phases      ] GC(124)     Dead                           Min: 0, Avg:  0.2, Max: 1, Diff: 1, Sum: 1, Workers: 4
[46.337s][debug][gc,phases      ] GC(124)     Total                          Min: 11008, Avg: 11729.5, Max: 12352, Diff: 1344, Sum: 46918, Workers: 4
[46.337s][debug][gc,phases      ] GC(124)   ResolvedMethodTable Weak       Min:  0.0, Avg:  0.0, Max:  0.0, Diff:  0.0, Sum:  0.1, Workers: 4
[46.337s][debug][gc,phases      ] GC(124)     Dead                           Min: 0, Avg:  0.0, Max: 0, Diff: 0, Sum: 0, Workers: 4
[46.337s][debug][gc,phases      ] GC(124)     Total                          Min: 1984, Avg: 2086.2, Max: 2329, Diff: 345, Sum: 8345, Workers: 4
[46.337s][debug][gc,phases      ] GC(124)   JNI Weak                       Min:  0.0, Avg:  0.0, Max:  0.0, Diff:  0.0, Sum:  0.0, Workers: 4
[46.337s][debug][gc,phases      ] GC(124)     Dead                           Min: 0, Avg:  0.0, Max: 0, Diff: 0, Sum: 0, Workers: 4
[46.337s][debug][gc,phases      ] GC(124)     Total                          Min: 0, Avg:  6.5, Max: 26, Diff: 26, Sum: 26, Workers: 4
[46.337s][debug][gc,phases      ] GC(124)   StringDedup Table Weak         Min:  0.0, Avg:  0.0, Max:  0.0, Diff:  0.0, Sum:  0.0, Workers: 4
[46.337s][debug][gc,phases      ] GC(124)     Dead                           Min: 0, Avg:  0.0, Max: 0, Diff: 0, Sum: 0, Workers: 4
[46.337s][debug][gc,phases      ] GC(124)     Total                          Min: 0, Avg:  0.0, Max: 0, Diff: 0, Sum: 0, Workers: 4
[46.337s][debug][gc,phases      ] GC(124)   StringDedup Requests0 Weak     Min:  0.0, Avg:  0.0, Max:  0.0, Diff:  0.0, Sum:  0.0, Workers: 4
[46.337s][debug][gc,phases      ] GC(124)     Dead                           Min: 0, Avg:  0.0, Max: 0, Diff: 0, Sum: 0, Workers: 4
[46.337s][debug][gc,phases      ] GC(124)     Total                          Min: 0, Avg:  0.0, Max: 0, Diff: 0, Sum: 0, Workers: 4
[46.337s][debug][gc,phases      ] GC(124)   StringDedup Requests1 Weak     Min:  0.0, Avg:  0.0, Max:  0.0, Diff:  0.0, Sum:  0.0, Workers: 4
[46.337s][debug][gc,phases      ] GC(124)     Dead                           Min: 0, Avg:  0.0, Max: 0, Diff: 0, Sum: 0, Workers: 4
[46.337s][debug][gc,phases      ] GC(124)     Total                          Min: 0, Avg:  0.0, Max: 0, Diff: 0, Sum: 0, Workers: 4
[46.337s][debug][gc,phases      ] GC(124)   Weak JFR Old Object Samples    Min:  0.0, Avg:  0.0, Max:  0.0, Diff:  0.0, Sum:  0.0, Workers: 4
[46.337s][debug][gc,phases      ] GC(124)     Dead                           Min: 0, Avg:  0.0, Max: 0, Diff: 0, Sum: 0, Workers: 4
[46.337s][debug][gc,phases      ] GC(124)     Total                          Min: 0, Avg:  0.0, Max: 0, Diff: 0, Sum: 0, Workers: 4
[46.337s][debug][gc,phases      ] GC(124) Weak Processing 0.372ms
[46.337s][debug][gc,age         ] GC(124) Desired survivor size 199753728 bytes, new threshold 15 (max threshold 15)
[46.337s][info ][gc,heap        ] GC(124) PSYoungGen: 1711580K(1862656K)->64295K(1902080K) Eden: 1642496K(1642496K)->0K(1695232K) From: 69084K(220160K)->64295K(206848K)
[46.337s][info ][gc,heap        ] GC(124) ParOldGen: 493358K(574976K)->494405K(574976K)
[46.337s][info ][gc,metaspace   ] GC(124) Metaspace: 81140K(81984K)->81140K(81984K) NonClass: 69526K(69952K)->69526K(69952K) Class: 11613K(12032K)->11613K(12032K)
[46.337s][info ][gc             ] GC(124) Pause Young (Allocation Failure) 2153M->545M(2419M) 18.549ms
[46.337s][info ][gc,cpu         ] GC(124) User=0.07s Sys=0.01s Real=0.02s
[46.337s][info ][safepoint      ] Safepoint "ParallelGCFailedAllocation", Time since last: 41866316 ns, Reaching safepoint: 167209 ns, At safepoint: 18671678 ns, Total: 18838887 ns
[46.719s][info ][safepoint      ] Safepoint "ICBufferFull", Time since last: 380307844 ns, Reaching safepoint: 926653 ns, At safepoint: 17401 ns, Total: 944054 ns
[46.726s][info ][safepoint      ] Safepoint "ICBufferFull", Time since last: 7725346 ns, Reaching safepoint: 100906 ns, At safepoint: 29501 ns, Total: 130407 ns
[46.846s][info ][gc,start       ] GC(125) Pause Young (Allocation Failure)
[46.862s][debug][gc,phases      ] GC(125) Scavenge 16.907ms
[46.862s][debug][gc,ref         ] GC(125) Skipped phase 1 of Reference Processing: no references
[46.863s][debug][gc,ref         ] GC(125) ReferenceProcessor::execute queues: 1, RefProcThreadModel::Single, marks_oops_alive: false
[46.863s][debug][gc,ref         ] GC(125) Skipped phase 3 of Reference Processing: no references
[46.863s][debug][gc,ref         ] GC(125) ReferenceProcessor::execute queues: 1, RefProcThreadModel::Single, marks_oops_alive: false
[46.863s][debug][gc,phases      ] GC(125) Reference Processing 0.184ms
[46.863s][debug][gc,phases      ] GC(125)   VM Weak                        Min:  0.0, Avg:  0.0, Max:  0.0, Diff:  0.0, Sum:  0.0, Workers: 4
[46.863s][debug][gc,phases      ] GC(125)     Dead                           Min: 0, Avg:  0.0, Max: 0, Diff: 0, Sum: 0, Workers: 4
[46.863s][debug][gc,phases      ] GC(125)     Total                          Min: 0, Avg: 171.5, Max: 686, Diff: 686, Sum: 686, Workers: 4
[46.863s][debug][gc,phases      ] GC(125)   ObjectSynchronizer Weak        Min:  0.0, Avg:  0.0, Max:  0.0, Diff:  0.0, Sum:  0.0, Workers: 4
[46.863s][debug][gc,phases      ] GC(125)     Dead                           Min: 0, Avg:  0.0, Max: 0, Diff: 0, Sum: 0, Workers: 4
[46.863s][debug][gc,phases      ] GC(125)     Total                          Min: 0, Avg: 134.8, Max: 256, Diff: 256, Sum: 539, Workers: 4
[46.863s][debug][gc,phases      ] GC(125)   JVMTI Tag Weak OopStorage      Min:  0.0, Avg:  0.0, Max:  0.0, Diff:  0.0, Sum:  0.0, Workers: 4
[46.863s][debug][gc,phases      ] GC(125)     Dead                           Min: 0, Avg:  0.0, Max: 0, Diff: 0, Sum: 0, Workers: 4
[46.863s][debug][gc,phases      ] GC(125)     Total                          Min: 0, Avg:  0.0, Max: 0, Diff: 0, Sum: 0, Workers: 4
[46.863s][debug][gc,phases      ] GC(125)   StringTable Weak               Min:  0.1, Avg:  0.1, Max:  0.1, Diff:  0.0, Sum:  0.6, Workers: 4
[46.863s][debug][gc,phases      ] GC(125)     Dead                           Min: 0, Avg:  0.2, Max: 1, Diff: 1, Sum: 1, Workers: 4
[46.863s][debug][gc,phases      ] GC(125)     Total                          Min: 10880, Avg: 11760.5, Max: 12608, Diff: 1728, Sum: 47042, Workers: 4
[46.863s][debug][gc,phases      ] GC(125)   ResolvedMethodTable Weak       Min:  0.0, Avg:  0.0, Max:  0.0, Diff:  0.0, Sum:  0.1, Workers: 4
[46.863s][debug][gc,phases      ] GC(125)     Dead                           Min: 0, Avg:  0.0, Max: 0, Diff: 0, Sum: 0, Workers: 4
[46.863s][debug][gc,phases      ] GC(125)     Total                          Min: 1728, Avg: 2103.0, Max: 2368, Diff: 640, Sum: 8412, Workers: 4
[46.863s][debug][gc,phases      ] GC(125)   JNI Weak                       Min:  0.0, Avg:  0.0, Max:  0.0, Diff:  0.0, Sum:  0.0, Workers: 4
[46.863s][debug][gc,phases      ] GC(125)     Dead                           Min: 0, Avg:  0.0, Max: 0, Diff: 0, Sum: 0, Workers: 4
[46.863s][debug][gc,phases      ] GC(125)     Total                          Min: 0, Avg:  3.2, Max: 13, Diff: 13, Sum: 13, Workers: 4
[46.863s][debug][gc,phases      ] GC(125)   StringDedup Table Weak         Min:  0.0, Avg:  0.0, Max:  0.0, Diff:  0.0, Sum:  0.0, Workers: 4
[46.863s][debug][gc,phases      ] GC(125)     Dead                           Min: 0, Avg:  0.0, Max: 0, Diff: 0, Sum: 0, Workers: 4
[46.863s][debug][gc,phases      ] GC(125)     Total                          Min: 0, Avg:  0.0, Max: 0, Diff: 0, Sum: 0, Workers: 4
[46.863s][debug][gc,phases      ] GC(125)   StringDedup Requests0 Weak     Min:  0.0, Avg:  0.0, Max:  0.0, Diff:  0.0, Sum:  0.0, Workers: 4
[46.863s][debug][gc,phases      ] GC(125)     Dead                           Min: 0, Avg:  0.0, Max: 0, Diff: 0, Sum: 0, Workers: 4
[46.863s][debug][gc,phases      ] GC(125)     Total                          Min: 0, Avg:  0.0, Max: 0, Diff: 0, Sum: 0, Workers: 4
[46.863s][debug][gc,phases      ] GC(125)   StringDedup Requests1 Weak     Min:  0.0, Avg:  0.0, Max:  0.0, Diff:  0.0, Sum:  0.0, Workers: 4
[46.863s][debug][gc,phases      ] GC(125)     Dead                           Min: 0, Avg:  0.0, Max: 0, Diff: 0, Sum: 0, Workers: 4
[46.863s][debug][gc,phases      ] GC(125)     Total                          Min: 0, Avg:  0.0, Max: 0, Diff: 0, Sum: 0, Workers: 4
[46.863s][debug][gc,phases      ] GC(125)   Weak JFR Old Object Samples    Min:  0.0, Avg:  0.0, Max:  0.0, Diff:  0.0, Sum:  0.0, Workers: 4
[46.863s][debug][gc,phases      ] GC(125)     Dead                           Min: 0, Avg:  0.0, Max: 0, Diff: 0, Sum: 0, Workers: 4
[46.863s][debug][gc,phases      ] GC(125)     Total                          Min: 0, Avg:  0.0, Max: 0, Diff: 0, Sum: 0, Workers: 4
[46.863s][debug][gc,phases      ] GC(125) Weak Processing 0.385ms
[46.863s][debug][gc,age         ] GC(125) Desired survivor size 188743680 bytes, new threshold 15 (max threshold 15)
[46.863s][info ][gc,heap        ] GC(125) PSYoungGen: 1759527K(1902080K)->66110K(1890304K) Eden: 1695232K(1695232K)->0K(1695232K) From: 64295K(206848K)->66110K(195072K)
[46.863s][info ][gc,heap        ] GC(125) ParOldGen: 494405K(574976K)->494685K(574976K)
[46.863s][info ][gc,metaspace   ] GC(125) Metaspace: 81701K(82624K)->81701K(82624K) NonClass: 70021K(70528K)->70021K(70528K) Class: 11679K(12096K)->11679K(12096K)
[46.863s][info ][gc             ] GC(125) Pause Young (Allocation Failure) 2201M->547M(2407M) 17.608ms
[46.863s][info ][gc,cpu         ] GC(125) User=0.08s Sys=0.00s Real=0.02s
[46.863s][info ][safepoint      ] Safepoint "ParallelGCFailedAllocation", Time since last: 118820456 ns, Reaching safepoint: 180111 ns, At safepoint: 17720422 ns, Total: 17900533 ns
[47.294s][info ][safepoint      ] Safepoint "ICBufferFull", Time since last: 430897963 ns, Reaching safepoint: 387622 ns, At safepoint: 24502 ns, Total: 412124 ns
[47.323s][info ][gc,start       ] GC(126) Pause Young (Allocation Failure)
[47.342s][debug][gc,phases      ] GC(126) Scavenge 18.813ms
[47.342s][debug][gc,ref         ] GC(126) Skipped phase 1 of Reference Processing: no references
[47.342s][debug][gc,ref         ] GC(126) ReferenceProcessor::execute queues: 1, RefProcThreadModel::Single, marks_oops_alive: false
[47.342s][debug][gc,ref         ] GC(126) Skipped phase 3 of Reference Processing: no references
[47.342s][debug][gc,ref         ] GC(126) ReferenceProcessor::execute queues: 1, RefProcThreadModel::Single, marks_oops_alive: false
[47.342s][debug][gc,phases      ] GC(126) Reference Processing 0.198ms
[47.343s][debug][gc,phases      ] GC(126)   VM Weak                        Min:  0.0, Avg:  0.0, Max:  0.0, Diff:  0.0, Sum:  0.0, Workers: 4
[47.343s][debug][gc,phases      ] GC(126)     Dead                           Min: 0, Avg:  0.0, Max: 0, Diff: 0, Sum: 0, Workers: 4
[47.343s][debug][gc,phases      ] GC(126)     Total                          Min: 0, Avg: 171.5, Max: 686, Diff: 686, Sum: 686, Workers: 4
[47.343s][debug][gc,phases      ] GC(126)   ObjectSynchronizer Weak        Min:  0.0, Avg:  0.0, Max:  0.0, Diff:  0.0, Sum:  0.0, Workers: 4
[47.343s][debug][gc,phases      ] GC(126)     Dead                           Min: 0, Avg:  0.0, Max: 0, Diff: 0, Sum: 0, Workers: 4
[47.343s][debug][gc,phases      ] GC(126)     Total                          Min: 0, Avg: 134.8, Max: 256, Diff: 256, Sum: 539, Workers: 4
[47.343s][debug][gc,phases      ] GC(126)   JVMTI Tag Weak OopStorage      Min:  0.0, Avg:  0.0, Max:  0.0, Diff:  0.0, Sum:  0.0, Workers: 4
[47.343s][debug][gc,phases      ] GC(126)     Dead                           Min: 0, Avg:  0.0, Max: 0, Diff: 0, Sum: 0, Workers: 4
[47.343s][debug][gc,phases      ] GC(126)     Total                          Min: 0, Avg:  0.0, Max: 0, Diff: 0, Sum: 0, Workers: 4
[47.343s][debug][gc,phases      ] GC(126)   StringTable Weak               Min:  0.1, Avg:  0.1, Max:  0.1, Diff:  0.0, Sum:  0.6, Workers: 4
[47.343s][debug][gc,phases      ] GC(126)     Dead                           Min: 0, Avg:  0.0, Max: 0, Diff: 0, Sum: 0, Workers: 4
[47.343s][debug][gc,phases      ] GC(126)     Total                          Min: 10368, Avg: 11774.0, Max: 12536, Diff: 2168, Sum: 47096, Workers: 4
[47.343s][debug][gc,phases      ] GC(126)   ResolvedMethodTable Weak       Min:  0.0, Avg:  0.0, Max:  0.0, Diff:  0.0, Sum:  0.1, Workers: 4
[47.343s][debug][gc,phases      ] GC(126)     Dead                           Min: 0, Avg:  0.0, Max: 0, Diff: 0, Sum: 0, Workers: 4
[47.343s][debug][gc,phases      ] GC(126)     Total                          Min: 1984, Avg: 2104.5, Max: 2466, Diff: 482, Sum: 8418, Workers: 4
[47.343s][debug][gc,phases      ] GC(126)   JNI Weak                       Min:  0.0, Avg:  0.0, Max:  0.0, Diff:  0.0, Sum:  0.0, Workers: 4
[47.343s][debug][gc,phases      ] GC(126)     Dead                           Min: 0, Avg:  0.0, Max: 0, Diff: 0, Sum: 0, Workers: 4
[47.343s][debug][gc,phases      ] GC(126)     Total                          Min: 0, Avg:  2.8, Max: 11, Diff: 11, Sum: 11, Workers: 4
[47.343s][debug][gc,phases      ] GC(126)   StringDedup Table Weak         Min:  0.0, Avg:  0.0, Max:  0.0, Diff:  0.0, Sum:  0.0, Workers: 4
[47.343s][debug][gc,phases      ] GC(126)     Dead                           Min: 0, Avg:  0.0, Max: 0, Diff: 0, Sum: 0, Workers: 4
[47.343s][debug][gc,phases      ] GC(126)     Total                          Min: 0, Avg:  0.0, Max: 0, Diff: 0, Sum: 0, Workers: 4
[47.343s][debug][gc,phases      ] GC(126)   StringDedup Requests0 Weak     Min:  0.0, Avg:  0.0, Max:  0.0, Diff:  0.0, Sum:  0.0, Workers: 4
[47.343s][debug][gc,phases      ] GC(126)     Dead                           Min: 0, Avg:  0.0, Max: 0, Diff: 0, Sum: 0, Workers: 4
[47.343s][debug][gc,phases      ] GC(126)     Total                          Min: 0, Avg:  0.0, Max: 0, Diff: 0, Sum: 0, Workers: 4
[47.343s][debug][gc,phases      ] GC(126)   StringDedup Requests1 Weak     Min:  0.0, Avg:  0.0, Max:  0.0, Diff:  0.0, Sum:  0.0, Workers: 4
[47.343s][debug][gc,phases      ] GC(126)     Dead                           Min: 0, Avg:  0.0, Max: 0, Diff: 0, Sum: 0, Workers: 4
[47.343s][debug][gc,phases      ] GC(126)     Total                          Min: 0, Avg:  0.0, Max: 0, Diff: 0, Sum: 0, Workers: 4
[47.343s][debug][gc,phases      ] GC(126)   Weak JFR Old Object Samples    Min:  0.0, Avg:  0.0, Max:  0.0, Diff:  0.0, Sum:  0.0, Workers: 4
[47.343s][debug][gc,phases      ] GC(126)     Dead                           Min: 0, Avg:  0.0, Max: 0, Diff: 0, Sum: 0, Workers: 4
[47.343s][debug][gc,phases      ] GC(126)     Total                          Min: 0, Avg:  0.0, Max: 0, Diff: 0, Sum: 0, Workers: 4
[47.343s][debug][gc,phases      ] GC(126) Weak Processing 0.383ms
[47.343s][debug][gc,age         ] GC(126) Desired survivor size 177733632 bytes, new threshold 15 (max threshold 15)
[47.343s][info ][gc,heap        ] GC(126) PSYoungGen: 1761342K(1890304K)->68784K(1923584K) Eden: 1695232K(1695232K)->0K(1739264K) From: 66110K(195072K)->68784K(184320K)
[47.343s][info ][gc,heap        ] GC(126) ParOldGen: 494685K(574976K)->494861K(574976K)
[47.343s][info ][gc,metaspace   ] GC(126) Metaspace: 81921K(82816K)->81921K(82816K) NonClass: 70231K(70720K)->70231K(70720K) Class: 11690K(12096K)->11690K(12096K)
[47.343s][info ][gc             ] GC(126) Pause Young (Allocation Failure) 2203M->550M(2440M) 19.527ms
[47.343s][info ][gc,cpu         ] GC(126) User=0.07s Sys=0.00s Real=0.02s
[47.343s][info ][safepoint      ] Safepoint "ParallelGCFailedAllocation", Time since last: 28529246 ns, Reaching safepoint: 208212 ns, At safepoint: 19642733 ns, Total: 19850945 ns
[47.807s][info ][gc,start       ] GC(127) Pause Young (Allocation Failure)
[47.825s][debug][gc,phases      ] GC(127) Scavenge 18.206ms
[47.826s][debug][gc,ref         ] GC(127) Skipped phase 1 of Reference Processing: no references
[47.826s][debug][gc,ref         ] GC(127) ReferenceProcessor::execute queues: 1, RefProcThreadModel::Single, marks_oops_alive: false
[47.826s][debug][gc,ref         ] GC(127) Skipped phase 3 of Reference Processing: no references
[47.826s][debug][gc,ref         ] GC(127) ReferenceProcessor::execute queues: 1, RefProcThreadModel::Single, marks_oops_alive: false
[47.826s][debug][gc,phases      ] GC(127) Reference Processing 0.159ms
[47.826s][debug][gc,phases      ] GC(127)   VM Weak                        Min:  0.0, Avg:  0.0, Max:  0.0, Diff:  0.0, Sum:  0.0, Workers: 4
[47.826s][debug][gc,phases      ] GC(127)     Dead                           Min: 0, Avg:  0.0, Max: 0, Diff: 0, Sum: 0, Workers: 4
[47.826s][debug][gc,phases      ] GC(127)     Total                          Min: 0, Avg: 171.5, Max: 366, Diff: 366, Sum: 686, Workers: 4
[47.826s][debug][gc,phases      ] GC(127)   ObjectSynchronizer Weak        Min:  0.0, Avg:  0.0, Max:  0.0, Diff:  0.0, Sum:  0.0, Workers: 4
[47.826s][debug][gc,phases      ] GC(127)     Dead                           Min: 0, Avg:  0.0, Max: 0, Diff: 0, Sum: 0, Workers: 4
[47.826s][debug][gc,phases      ] GC(127)     Total                          Min: 0, Avg: 134.8, Max: 320, Diff: 320, Sum: 539, Workers: 4
[47.826s][debug][gc,phases      ] GC(127)   JVMTI Tag Weak OopStorage      Min:  0.0, Avg:  0.0, Max:  0.0, Diff:  0.0, Sum:  0.0, Workers: 4
[47.826s][debug][gc,phases      ] GC(127)     Dead                           Min: 0, Avg:  0.0, Max: 0, Diff: 0, Sum: 0, Workers: 4
[47.826s][debug][gc,phases      ] GC(127)     Total                          Min: 0, Avg:  0.0, Max: 0, Diff: 0, Sum: 0, Workers: 4
[47.826s][debug][gc,phases      ] GC(127)   StringTable Weak               Min:  0.1, Avg:  0.1, Max:  0.1, Diff:  0.0, Sum:  0.6, Workers: 4
[47.826s][debug][gc,phases      ] GC(127)     Dead                           Min: 0, Avg:  0.0, Max: 0, Diff: 0, Sum: 0, Workers: 4
[47.826s][debug][gc,phases      ] GC(127)     Total                          Min: 11200, Avg: 11776.8, Max: 12352, Diff: 1152, Sum: 47107, Workers: 4
[47.826s][debug][gc,phases      ] GC(127)   ResolvedMethodTable Weak       Min:  0.0, Avg:  0.0, Max:  0.0, Diff:  0.0, Sum:  0.1, Workers: 4
[47.826s][debug][gc,phases      ] GC(127)     Dead                           Min: 0, Avg:  5.0, Max: 20, Diff: 20, Sum: 20, Workers: 4
[47.826s][debug][gc,phases      ] GC(127)     Total                          Min: 1915, Avg: 2110.8, Max: 2304, Diff: 389, Sum: 8443, Workers: 4
[47.826s][debug][gc,phases      ] GC(127)   JNI Weak                       Min:  0.0, Avg:  0.0, Max:  0.0, Diff:  0.0, Sum:  0.0, Workers: 4
[47.826s][debug][gc,phases      ] GC(127)     Dead                           Min: 0, Avg:  0.0, Max: 0, Diff: 0, Sum: 0, Workers: 4
[47.826s][debug][gc,phases      ] GC(127)     Total                          Min: 0, Avg:  2.0, Max: 8, Diff: 8, Sum: 8, Workers: 4
[47.826s][debug][gc,phases      ] GC(127)   StringDedup Table Weak         Min:  0.0, Avg:  0.0, Max:  0.0, Diff:  0.0, Sum:  0.0, Workers: 4
[47.826s][debug][gc,phases      ] GC(127)     Dead                           Min: 0, Avg:  0.0, Max: 0, Diff: 0, Sum: 0, Workers: 4
[47.826s][debug][gc,phases      ] GC(127)     Total                          Min: 0, Avg:  0.0, Max: 0, Diff: 0, Sum: 0, Workers: 4
[47.826s][debug][gc,phases      ] GC(127)   StringDedup Requests0 Weak     Min:  0.0, Avg:  0.0, Max:  0.0, Diff:  0.0, Sum:  0.0, Workers: 4
[47.826s][debug][gc,phases      ] GC(127)     Dead                           Min: 0, Avg:  0.0, Max: 0, Diff: 0, Sum: 0, Workers: 4
[47.826s][debug][gc,phases      ] GC(127)     Total                          Min: 0, Avg:  0.0, Max: 0, Diff: 0, Sum: 0, Workers: 4
[47.826s][debug][gc,phases      ] GC(127)   StringDedup Requests1 Weak     Min:  0.0, Avg:  0.0, Max:  0.0, Diff:  0.0, Sum:  0.0, Workers: 4
[47.826s][debug][gc,phases      ] GC(127)     Dead                           Min: 0, Avg:  0.0, Max: 0, Diff: 0, Sum: 0, Workers: 4
[47.826s][debug][gc,phases      ] GC(127)     Total                          Min: 0, Avg:  0.0, Max: 0, Diff: 0, Sum: 0, Workers: 4
[47.826s][debug][gc,phases      ] GC(127)   Weak JFR Old Object Samples    Min:  0.0, Avg:  0.0, Max:  0.0, Diff:  0.0, Sum:  0.0, Workers: 4
[47.826s][debug][gc,phases      ] GC(127)     Dead                           Min: 0, Avg:  0.0, Max: 0, Diff: 0, Sum: 0, Workers: 4
[47.826s][debug][gc,phases      ] GC(127)     Total                          Min: 0, Avg:  0.0, Max: 0, Diff: 0, Sum: 0, Workers: 4
[47.826s][debug][gc,phases      ] GC(127) Weak Processing 0.386ms
[47.826s][debug][gc,age         ] GC(127) Desired survivor size 167772160 bytes, new threshold 15 (max threshold 15)
[47.826s][info ][gc,heap        ] GC(127) PSYoungGen: 1808048K(1923584K)->68910K(1912832K) Eden: 1739264K(1739264K)->0K(1739264K) From: 68784K(184320K)->68910K(173568K)
[47.826s][info ][gc,heap        ] GC(127) ParOldGen: 494861K(574976K)->496086K(574976K)
[47.826s][info ][gc,metaspace   ] GC(127) Metaspace: 82099K(82944K)->82099K(82944K) NonClass: 70405K(70848K)->70405K(70848K) Class: 11693K(12096K)->11693K(12096K)
[47.826s][info ][gc             ] GC(127) Pause Young (Allocation Failure) 2248M->551M(2429M) 18.906ms
[47.826s][info ][gc,cpu         ] GC(127) User=0.07s Sys=0.00s Real=0.02s
[47.826s][info ][safepoint      ] Safepoint "ParallelGCFailedAllocation", Time since last: 459909637 ns, Reaching safepoint: 4405454 ns, At safepoint: 19028398 ns, Total: 23433852 ns
[48.144s][info ][safepoint      ] Safepoint "ICBufferFull", Time since last: 317455317 ns, Reaching safepoint: 254314 ns, At safepoint: 29902 ns, Total: 284216 ns
[48.303s][info ][gc,start       ] GC(128) Pause Young (Allocation Failure)
[48.322s][debug][gc,phases      ] GC(128) Scavenge 18.708ms
[48.322s][debug][gc,ref         ] GC(128) Skipped phase 1 of Reference Processing: no references
[48.322s][debug][gc,ref         ] GC(128) ReferenceProcessor::execute queues: 1, RefProcThreadModel::Single, marks_oops_alive: false
[48.322s][debug][gc,ref         ] GC(128) Skipped phase 3 of Reference Processing: no references
[48.322s][debug][gc,ref         ] GC(128) ReferenceProcessor::execute queues: 1, RefProcThreadModel::Single, marks_oops_alive: false
[48.322s][debug][gc,phases      ] GC(128) Reference Processing 0.143ms
[48.322s][debug][gc,phases      ] GC(128)   VM Weak                        Min:  0.0, Avg:  0.0, Max:  0.0, Diff:  0.0, Sum:  0.0, Workers: 4
[48.322s][debug][gc,phases      ] GC(128)     Dead                           Min: 0, Avg:  0.0, Max: 0, Diff: 0, Sum: 0, Workers: 4
[48.322s][debug][gc,phases      ] GC(128)     Total                          Min: 0, Avg: 171.8, Max: 320, Diff: 320, Sum: 687, Workers: 4
[48.322s][debug][gc,phases      ] GC(128)   ObjectSynchronizer Weak        Min:  0.0, Avg:  0.0, Max:  0.0, Diff:  0.0, Sum:  0.0, Workers: 4
[48.322s][debug][gc,phases      ] GC(128)     Dead                           Min: 0, Avg:  0.0, Max: 0, Diff: 0, Sum: 0, Workers: 4
[48.322s][debug][gc,phases      ] GC(128)     Total                          Min: 0, Avg: 134.8, Max: 219, Diff: 219, Sum: 539, Workers: 4
[48.322s][debug][gc,phases      ] GC(128)   JVMTI Tag Weak OopStorage      Min:  0.0, Avg:  0.0, Max:  0.0, Diff:  0.0, Sum:  0.0, Workers: 4
[48.322s][debug][gc,phases      ] GC(128)     Dead                           Min: 0, Avg:  0.0, Max: 0, Diff: 0, Sum: 0, Workers: 4
[48.322s][debug][gc,phases      ] GC(128)     Total                          Min: 0, Avg:  0.0, Max: 0, Diff: 0, Sum: 0, Workers: 4
[48.322s][debug][gc,phases      ] GC(128)   StringTable Weak               Min:  0.1, Avg:  0.1, Max:  0.1, Diff:  0.0, Sum:  0.5, Workers: 4
[48.322s][debug][gc,phases      ] GC(128)     Dead                           Min: 0, Avg:  0.2, Max: 1, Diff: 1, Sum: 1, Workers: 4
[48.322s][debug][gc,phases      ] GC(128)     Total                          Min: 11072, Avg: 11781.8, Max: 12376, Diff: 1304, Sum: 47127, Workers: 4
[48.322s][debug][gc,phases      ] GC(128)   ResolvedMethodTable Weak       Min:  0.0, Avg:  0.0, Max:  0.0, Diff:  0.0, Sum:  0.1, Workers: 4
[48.322s][debug][gc,phases      ] GC(128)     Dead                           Min: 0, Avg:  0.0, Max: 0, Diff: 0, Sum: 0, Workers: 4
[48.322s][debug][gc,phases      ] GC(128)     Total                          Min: 1986, Avg: 2112.5, Max: 2304, Diff: 318, Sum: 8450, Workers: 4
[48.322s][debug][gc,phases      ] GC(128)   JNI Weak                       Min:  0.0, Avg:  0.0, Max:  0.0, Diff:  0.0, Sum:  0.0, Workers: 4
[48.322s][debug][gc,phases      ] GC(128)     Dead                           Min: 0, Avg:  0.0, Max: 0, Diff: 0, Sum: 0, Workers: 4
[48.322s][debug][gc,phases      ] GC(128)     Total                          Min: 0, Avg:  1.5, Max: 6, Diff: 6, Sum: 6, Workers: 4
[48.322s][debug][gc,phases      ] GC(128)   StringDedup Table Weak         Min:  0.0, Avg:  0.0, Max:  0.0, Diff:  0.0, Sum:  0.0, Workers: 4
[48.322s][debug][gc,phases      ] GC(128)     Dead                           Min: 0, Avg:  0.0, Max: 0, Diff: 0, Sum: 0, Workers: 4
[48.322s][debug][gc,phases      ] GC(128)     Total                          Min: 0, Avg:  0.0, Max: 0, Diff: 0, Sum: 0, Workers: 4
[48.322s][debug][gc,phases      ] GC(128)   StringDedup Requests0 Weak     Min:  0.0, Avg:  0.0, Max:  0.0, Diff:  0.0, Sum:  0.0, Workers: 4
[48.322s][debug][gc,phases      ] GC(128)     Dead                           Min: 0, Avg:  0.0, Max: 0, Diff: 0, Sum: 0, Workers: 4
[48.322s][debug][gc,phases      ] GC(128)     Total                          Min: 0, Avg:  0.0, Max: 0, Diff: 0, Sum: 0, Workers: 4
[48.322s][debug][gc,phases      ] GC(128)   StringDedup Requests1 Weak     Min:  0.0, Avg:  0.0, Max:  0.0, Diff:  0.0, Sum:  0.0, Workers: 4
[48.322s][debug][gc,phases      ] GC(128)     Dead                           Min: 0, Avg:  0.0, Max: 0, Diff: 0, Sum: 0, Workers: 4
[48.322s][debug][gc,phases      ] GC(128)     Total                          Min: 0, Avg:  0.0, Max: 0, Diff: 0, Sum: 0, Workers: 4
[48.322s][debug][gc,phases      ] GC(128)   Weak JFR Old Object Samples    Min:  0.0, Avg:  0.0, Max:  0.0, Diff:  0.0, Sum:  0.0, Workers: 4
[48.322s][debug][gc,phases      ] GC(128)     Dead                           Min: 0, Avg:  0.0, Max: 0, Diff: 0, Sum: 0, Workers: 4
[48.322s][debug][gc,phases      ] GC(128)     Total                          Min: 0, Avg:  0.0, Max: 0, Diff: 0, Sum: 0, Workers: 4
[48.322s][debug][gc,phases      ] GC(128) Weak Processing 0.359ms
[48.322s][debug][gc,age         ] GC(128) Desired survivor size 158859264 bytes, new threshold 15 (max threshold 15)
[48.322s][info ][gc,heap        ] GC(128) PSYoungGen: 1808174K(1912832K)->68910K(1942016K) Eden: 1739264K(1739264K)->0K(1778176K) From: 68910K(173568K)->68910K(163840K)
[48.322s][info ][gc,heap        ] GC(128) ParOldGen: 496086K(574976K)->496530K(574976K)
[48.322s][info ][gc,metaspace   ] GC(128) Metaspace: 82172K(83008K)->82172K(83008K) NonClass: 70474K(70912K)->70474K(70912K) Class: 11697K(12096K)->11697K(12096K)
[48.322s][info ][gc             ] GC(128) Pause Young (Allocation Failure) 2250M->552M(2458M) 19.350ms
[48.322s][info ][gc,cpu         ] GC(128) User=0.08s Sys=0.00s Real=0.02s
[48.322s][info ][safepoint      ] Safepoint "ParallelGCFailedAllocation", Time since last: 155626680 ns, Reaching safepoint: 3350693 ns, At safepoint: 19463623 ns, Total: 22814316 ns
[48.691s][info ][safepoint      ] Safepoint "ICBufferFull", Time since last: 368009834 ns, Reaching safepoint: 261715 ns, At safepoint: 29701 ns, Total: 291416 ns
[48.811s][info ][gc,start       ] GC(129) Pause Young (Allocation Failure)
[48.830s][debug][gc,phases      ] GC(129) Scavenge 19.241ms
[48.830s][debug][gc,ref         ] GC(129) Skipped phase 1 of Reference Processing: no references
[48.831s][debug][gc,ref         ] GC(129) ReferenceProcessor::execute queues: 1, RefProcThreadModel::Single, marks_oops_alive: false
[48.831s][debug][gc,ref         ] GC(129) Skipped phase 3 of Reference Processing: no references
[48.831s][debug][gc,ref         ] GC(129) ReferenceProcessor::execute queues: 1, RefProcThreadModel::Single, marks_oops_alive: false
[48.831s][debug][gc,phases      ] GC(129) Reference Processing 0.111ms
[48.831s][debug][gc,phases      ] GC(129)   VM Weak                        Min:  0.0, Avg:  0.0, Max:  0.0, Diff:  0.0, Sum:  0.0, Workers: 4
[48.831s][debug][gc,phases      ] GC(129)     Dead                           Min: 0, Avg:  0.0, Max: 0, Diff: 0, Sum: 0, Workers: 4
[48.831s][debug][gc,phases      ] GC(129)     Total                          Min: 0, Avg: 171.8, Max: 687, Diff: 687, Sum: 687, Workers: 4
[48.831s][debug][gc,phases      ] GC(129)   ObjectSynchronizer Weak        Min:  0.0, Avg:  0.0, Max:  0.0, Diff:  0.0, Sum:  0.0, Workers: 4
[48.831s][debug][gc,phases      ] GC(129)     Dead                           Min: 0, Avg:  0.0, Max: 0, Diff: 0, Sum: 0, Workers: 4
[48.831s][debug][gc,phases      ] GC(129)     Total                          Min: 0, Avg: 135.0, Max: 284, Diff: 284, Sum: 540, Workers: 4
[48.831s][debug][gc,phases      ] GC(129)   JVMTI Tag Weak OopStorage      Min:  0.0, Avg:  0.0, Max:  0.0, Diff:  0.0, Sum:  0.0, Workers: 4
[48.831s][debug][gc,phases      ] GC(129)     Dead                           Min: 0, Avg:  0.0, Max: 0, Diff: 0, Sum: 0, Workers: 4
[48.831s][debug][gc,phases      ] GC(129)     Total                          Min: 0, Avg:  0.0, Max: 0, Diff: 0, Sum: 0, Workers: 4
[48.831s][debug][gc,phases      ] GC(129)   StringTable Weak               Min:  0.1, Avg:  0.1, Max:  0.1, Diff:  0.0, Sum:  0.5, Workers: 4
[48.831s][debug][gc,phases      ] GC(129)     Dead                           Min: 0, Avg:  0.0, Max: 0, Diff: 0, Sum: 0, Workers: 4
[48.831s][debug][gc,phases      ] GC(129)     Total                          Min: 11072, Avg: 11785.5, Max: 12454, Diff: 1382, Sum: 47142, Workers: 4
[48.831s][debug][gc,phases      ] GC(129)   ResolvedMethodTable Weak       Min:  0.0, Avg:  0.0, Max:  0.0, Diff:  0.0, Sum:  0.1, Workers: 4
[48.831s][debug][gc,phases      ] GC(129)     Dead                           Min: 0, Avg:  0.0, Max: 0, Diff: 0, Sum: 0, Workers: 4
[48.831s][debug][gc,phases      ] GC(129)     Total                          Min: 1984, Avg: 2114.2, Max: 2432, Diff: 448, Sum: 8457, Workers: 4
[48.831s][debug][gc,phases      ] GC(129)   JNI Weak                       Min:  0.0, Avg:  0.0, Max:  0.0, Diff:  0.0, Sum:  0.0, Workers: 4
[48.831s][debug][gc,phases      ] GC(129)     Dead                           Min: 0, Avg:  0.0, Max: 0, Diff: 0, Sum: 0, Workers: 4
[48.831s][debug][gc,phases      ] GC(129)     Total                          Min: 0, Avg:  4.8, Max: 19, Diff: 19, Sum: 19, Workers: 4
[48.831s][debug][gc,phases      ] GC(129)   StringDedup Table Weak         Min:  0.0, Avg:  0.0, Max:  0.0, Diff:  0.0, Sum:  0.0, Workers: 4
[48.831s][debug][gc,phases      ] GC(129)     Dead                           Min: 0, Avg:  0.0, Max: 0, Diff: 0, Sum: 0, Workers: 4
[48.831s][debug][gc,phases      ] GC(129)     Total                          Min: 0, Avg:  0.0, Max: 0, Diff: 0, Sum: 0, Workers: 4
[48.831s][debug][gc,phases      ] GC(129)   StringDedup Requests0 Weak     Min:  0.0, Avg:  0.0, Max:  0.0, Diff:  0.0, Sum:  0.0, Workers: 4
[48.831s][debug][gc,phases      ] GC(129)     Dead                           Min: 0, Avg:  0.0, Max: 0, Diff: 0, Sum: 0, Workers: 4
[48.831s][debug][gc,phases      ] GC(129)     Total                          Min: 0, Avg:  0.0, Max: 0, Diff: 0, Sum: 0, Workers: 4
[48.831s][debug][gc,phases      ] GC(129)   StringDedup Requests1 Weak     Min:  0.0, Avg:  0.0, Max:  0.0, Diff:  0.0, Sum:  0.0, Workers: 4
[48.831s][debug][gc,phases      ] GC(129)     Dead                           Min: 0, Avg:  0.0, Max: 0, Diff: 0, Sum: 0, Workers: 4
[48.831s][debug][gc,phases      ] GC(129)     Total                          Min: 0, Avg:  0.0, Max: 0, Diff: 0, Sum: 0, Workers: 4
[48.831s][debug][gc,phases      ] GC(129)   Weak JFR Old Object Samples    Min:  0.0, Avg:  0.0, Max:  0.0, Diff:  0.0, Sum:  0.0, Workers: 4
[48.831s][debug][gc,phases      ] GC(129)     Dead                           Min: 0, Avg:  0.0, Max: 0, Diff: 0, Sum: 0, Workers: 4
[48.831s][debug][gc,phases      ] GC(129)     Total                          Min: 0, Avg:  0.0, Max: 0, Diff: 0, Sum: 0, Workers: 4
[48.831s][debug][gc,phases      ] GC(129) Weak Processing 0.367ms
[48.831s][debug][gc,age         ] GC(129) Desired survivor size 150994944 bytes, new threshold 15 (max threshold 15)
[48.831s][info ][gc,heap        ] GC(129) PSYoungGen: 1847086K(1942016K)->69936K(1933312K) Eden: 1778176K(1778176K)->0K(1778176K) From: 68910K(163840K)->69936K(155136K)
[48.831s][info ][gc,heap        ] GC(129) ParOldGen: 496530K(574976K)->498022K(574976K)
[48.831s][info ][gc,metaspace   ] GC(129) Metaspace: 82259K(83072K)->82259K(83072K) NonClass: 70556K(70976K)->70556K(70976K) Class: 11702K(12096K)->11702K(12096K)
[48.831s][info ][gc             ] GC(129) Pause Young (Allocation Failure) 2288M->554M(2449M) 19.838ms
[48.831s][info ][gc,cpu         ] GC(129) User=0.09s Sys=0.01s Real=0.02s
[48.831s][info ][safepoint      ] Safepoint "ParallelGCFailedAllocation", Time since last: 120266340 ns, Reaching safepoint: 150708 ns, At safepoint: 19957852 ns, Total: 20108560 ns
[49.344s][info ][gc,start       ] GC(130) Pause Young (Allocation Failure)
[49.364s][debug][gc,phases      ] GC(130) Scavenge 20.583ms
[49.365s][debug][gc,ref         ] GC(130) Skipped phase 1 of Reference Processing: no references
[49.365s][debug][gc,ref         ] GC(130) ReferenceProcessor::execute queues: 1, RefProcThreadModel::Single, marks_oops_alive: false
[49.365s][debug][gc,ref         ] GC(130) Skipped phase 3 of Reference Processing: no references
[49.365s][debug][gc,ref         ] GC(130) ReferenceProcessor::execute queues: 1, RefProcThreadModel::Single, marks_oops_alive: false
[49.365s][debug][gc,phases      ] GC(130) Reference Processing 0.154ms
[49.365s][debug][gc,phases      ] GC(130)   VM Weak                        Min:  0.0, Avg:  0.0, Max:  0.0, Diff:  0.0, Sum:  0.0, Workers: 4
[49.365s][debug][gc,phases      ] GC(130)     Dead                           Min: 0, Avg:  0.0, Max: 0, Diff: 0, Sum: 0, Workers: 4
[49.365s][debug][gc,phases      ] GC(130)     Total                          Min: 0, Avg: 171.8, Max: 576, Diff: 576, Sum: 687, Workers: 4
[49.365s][debug][gc,phases      ] GC(130)   ObjectSynchronizer Weak        Min:  0.0, Avg:  0.0, Max:  0.0, Diff:  0.0, Sum:  0.0, Workers: 4
[49.365s][debug][gc,phases      ] GC(130)     Dead                           Min: 0, Avg:  0.0, Max: 0, Diff: 0, Sum: 0, Workers: 4
[49.365s][debug][gc,phases      ] GC(130)     Total                          Min: 0, Avg: 135.0, Max: 284, Diff: 284, Sum: 540, Workers: 4
[49.365s][debug][gc,phases      ] GC(130)   JVMTI Tag Weak OopStorage      Min:  0.0, Avg:  0.0, Max:  0.0, Diff:  0.0, Sum:  0.0, Workers: 4
[49.365s][debug][gc,phases      ] GC(130)     Dead                           Min: 0, Avg:  0.0, Max: 0, Diff: 0, Sum: 0, Workers: 4
[49.365s][debug][gc,phases      ] GC(130)     Total                          Min: 0, Avg:  0.0, Max: 0, Diff: 0, Sum: 0, Workers: 4
[49.365s][debug][gc,phases      ] GC(130)   StringTable Weak               Min:  0.1, Avg:  0.1, Max:  0.2, Diff:  0.0, Sum:  0.6, Workers: 4
[49.365s][debug][gc,phases      ] GC(130)     Dead                           Min: 0, Avg:  0.0, Max: 0, Diff: 0, Sum: 0, Workers: 4
[49.365s][debug][gc,phases      ] GC(130)     Total                          Min: 11520, Avg: 11788.5, Max: 12338, Diff: 818, Sum: 47154, Workers: 4
[49.365s][debug][gc,phases      ] GC(130)   ResolvedMethodTable Weak       Min:  0.0, Avg:  0.0, Max:  0.0, Diff:  0.0, Sum:  0.1, Workers: 4
[49.365s][debug][gc,phases      ] GC(130)     Dead                           Min: 0, Avg:  0.0, Max: 0, Diff: 0, Sum: 0, Workers: 4
[49.365s][debug][gc,phases      ] GC(130)     Total                          Min: 1536, Avg: 2115.0, Max: 2496, Diff: 960, Sum: 8460, Workers: 4
[49.365s][debug][gc,phases      ] GC(130)   JNI Weak                       Min:  0.0, Avg:  0.0, Max:  0.0, Diff:  0.0, Sum:  0.0, Workers: 4
[49.365s][debug][gc,phases      ] GC(130)     Dead                           Min: 0, Avg:  0.0, Max: 0, Diff: 0, Sum: 0, Workers: 4
[49.365s][debug][gc,phases      ] GC(130)     Total                          Min: 0, Avg:  9.0, Max: 36, Diff: 36, Sum: 36, Workers: 4
[49.365s][debug][gc,phases      ] GC(130)   StringDedup Table Weak         Min:  0.0, Avg:  0.0, Max:  0.0, Diff:  0.0, Sum:  0.0, Workers: 4
[49.365s][debug][gc,phases      ] GC(130)     Dead                           Min: 0, Avg:  0.0, Max: 0, Diff: 0, Sum: 0, Workers: 4
[49.365s][debug][gc,phases      ] GC(130)     Total                          Min: 0, Avg:  0.0, Max: 0, Diff: 0, Sum: 0, Workers: 4
[49.365s][debug][gc,phases      ] GC(130)   StringDedup Requests0 Weak     Min:  0.0, Avg:  0.0, Max:  0.0, Diff:  0.0, Sum:  0.0, Workers: 4
[49.365s][debug][gc,phases      ] GC(130)     Dead                           Min: 0, Avg:  0.0, Max: 0, Diff: 0, Sum: 0, Workers: 4
[49.365s][debug][gc,phases      ] GC(130)     Total                          Min: 0, Avg:  0.0, Max: 0, Diff: 0, Sum: 0, Workers: 4
[49.365s][debug][gc,phases      ] GC(130)   StringDedup Requests1 Weak     Min:  0.0, Avg:  0.0, Max:  0.0, Diff:  0.0, Sum:  0.0, Workers: 4
[49.365s][debug][gc,phases      ] GC(130)     Dead                           Min: 0, Avg:  0.0, Max: 0, Diff: 0, Sum: 0, Workers: 4
[49.365s][debug][gc,phases      ] GC(130)     Total                          Min: 0, Avg:  0.0, Max: 0, Diff: 0, Sum: 0, Workers: 4
[49.365s][debug][gc,phases      ] GC(130)   Weak JFR Old Object Samples    Min:  0.0, Avg:  0.0, Max:  0.0, Diff:  0.0, Sum:  0.0, Workers: 4
[49.365s][debug][gc,phases      ] GC(130)     Dead                           Min: 0, Avg:  0.0, Max: 0, Diff: 0, Sum: 0, Workers: 4
[49.365s][debug][gc,phases      ] GC(130)     Total                          Min: 0, Avg:  0.0, Max: 0, Diff: 0, Sum: 0, Workers: 4
[49.365s][debug][gc,phases      ] GC(130) Weak Processing 0.386ms
[49.365s][debug][gc,age         ] GC(130) Desired survivor size 143130624 bytes, new threshold 15 (max threshold 15)
[49.365s][info ][gc,heap        ] GC(130) PSYoungGen: 1848112K(1933312K)->69491K(1957376K) Eden: 1778176K(1778176K)->0K(1809920K) From: 69936K(155136K)->69491K(147456K)
[49.365s][info ][gc,heap        ] GC(130) ParOldGen: 498022K(574976K)->499595K(574976K)
[49.365s][info ][gc,metaspace   ] GC(130) Metaspace: 82338K(83136K)->82338K(83136K) NonClass: 70632K(71040K)->70632K(71040K) Class: 11705K(12096K)->11705K(12096K)
[49.365s][info ][gc             ] GC(130) Pause Young (Allocation Failure) 2291M->555M(2473M) 21.251ms
[49.365s][info ][gc,cpu         ] GC(130) User=0.11s Sys=0.00s Real=0.02s
[49.365s][info ][safepoint      ] Safepoint "ParallelGCFailedAllocation", Time since last: 512509971 ns, Reaching safepoint: 240014 ns, At safepoint: 21366733 ns, Total: 21606747 ns
[49.756s][info ][safepoint      ] Safepoint "ICBufferFull", Time since last: 391007460 ns, Reaching safepoint: 235514 ns, At safepoint: 22001 ns, Total: 257515 ns
[49.876s][info ][gc,start       ] GC(131) Pause Young (Allocation Failure)
[49.895s][debug][gc,phases      ] GC(131) Scavenge 18.828ms
[49.895s][debug][gc,ref         ] GC(131) Skipped phase 1 of Reference Processing: no references
[49.895s][debug][gc,ref         ] GC(131) ReferenceProcessor::execute queues: 1, RefProcThreadModel::Single, marks_oops_alive: false
[49.895s][debug][gc,ref         ] GC(131) Skipped phase 3 of Reference Processing: no references
[49.895s][debug][gc,ref         ] GC(131) ReferenceProcessor::execute queues: 1, RefProcThreadModel::Single, marks_oops_alive: false
[49.895s][debug][gc,phases      ] GC(131) Reference Processing 0.155ms
[49.895s][debug][gc,phases      ] GC(131)   VM Weak                        Min:  0.0, Avg:  0.0, Max:  0.0, Diff:  0.0, Sum:  0.0, Workers: 4
[49.895s][debug][gc,phases      ] GC(131)     Dead                           Min: 0, Avg:  0.0, Max: 0, Diff: 0, Sum: 0, Workers: 4
[49.895s][debug][gc,phases      ] GC(131)     Total                          Min: 0, Avg: 173.0, Max: 372, Diff: 372, Sum: 692, Workers: 4
[49.895s][debug][gc,phases      ] GC(131)   ObjectSynchronizer Weak        Min:  0.0, Avg:  0.0, Max:  0.0, Diff:  0.0, Sum:  0.0, Workers: 4
[49.895s][debug][gc,phases      ] GC(131)     Dead                           Min: 0, Avg:  0.0, Max: 0, Diff: 0, Sum: 0, Workers: 4
[49.895s][debug][gc,phases      ] GC(131)     Total                          Min: 0, Avg: 135.0, Max: 256, Diff: 256, Sum: 540, Workers: 4
[49.895s][debug][gc,phases      ] GC(131)   JVMTI Tag Weak OopStorage      Min:  0.0, Avg:  0.0, Max:  0.0, Diff:  0.0, Sum:  0.0, Workers: 4
[49.895s][debug][gc,phases      ] GC(131)     Dead                           Min: 0, Avg:  0.0, Max: 0, Diff: 0, Sum: 0, Workers: 4
[49.895s][debug][gc,phases      ] GC(131)     Total                          Min: 0, Avg:  0.0, Max: 0, Diff: 0, Sum: 0, Workers: 4
[49.895s][debug][gc,phases      ] GC(131)   StringTable Weak               Min:  0.2, Avg:  0.2, Max:  0.2, Diff:  0.0, Sum:  0.6, Workers: 4
[49.895s][debug][gc,phases      ] GC(131)     Dead                           Min: 0, Avg:  0.2, Max: 1, Diff: 1, Sum: 1, Workers: 4
[49.895s][debug][gc,phases      ] GC(131)     Total                          Min: 7552, Avg: 11792.0, Max: 13760, Diff: 6208, Sum: 47168, Workers: 4
[49.895s][debug][gc,phases      ] GC(131)   ResolvedMethodTable Weak       Min:  0.0, Avg:  0.0, Max:  0.0, Diff:  0.0, Sum:  0.1, Workers: 4
[49.895s][debug][gc,phases      ] GC(131)     Dead                           Min: 0, Avg:  0.0, Max: 0, Diff: 0, Sum: 0, Workers: 4
[49.895s][debug][gc,phases      ] GC(131)     Total                          Min: 2048, Avg: 2120.2, Max: 2304, Diff: 256, Sum: 8481, Workers: 4
[49.895s][debug][gc,phases      ] GC(131)   JNI Weak                       Min:  0.0, Avg:  0.0, Max:  0.0, Diff:  0.0, Sum:  0.0, Workers: 4
[49.895s][debug][gc,phases      ] GC(131)     Dead                           Min: 0, Avg:  0.0, Max: 0, Diff: 0, Sum: 0, Workers: 4
[49.895s][debug][gc,phases      ] GC(131)     Total                          Min: 0, Avg:  3.2, Max: 13, Diff: 13, Sum: 13, Workers: 4
[49.895s][debug][gc,phases      ] GC(131)   StringDedup Table Weak         Min:  0.0, Avg:  0.0, Max:  0.0, Diff:  0.0, Sum:  0.0, Workers: 4
[49.895s][debug][gc,phases      ] GC(131)     Dead                           Min: 0, Avg:  0.0, Max: 0, Diff: 0, Sum: 0, Workers: 4
[49.895s][debug][gc,phases      ] GC(131)     Total                          Min: 0, Avg:  0.0, Max: 0, Diff: 0, Sum: 0, Workers: 4
[49.895s][debug][gc,phases      ] GC(131)   StringDedup Requests0 Weak     Min:  0.0, Avg:  0.0, Max:  0.0, Diff:  0.0, Sum:  0.0, Workers: 4
[49.895s][debug][gc,phases      ] GC(131)     Dead                           Min: 0, Avg:  0.0, Max: 0, Diff: 0, Sum: 0, Workers: 4
[49.895s][debug][gc,phases      ] GC(131)     Total                          Min: 0, Avg:  0.0, Max: 0, Diff: 0, Sum: 0, Workers: 4
[49.895s][debug][gc,phases      ] GC(131)   StringDedup Requests1 Weak     Min:  0.0, Avg:  0.0, Max:  0.0, Diff:  0.0, Sum:  0.0, Workers: 4
[49.895s][debug][gc,phases      ] GC(131)     Dead                           Min: 0, Avg:  0.0, Max: 0, Diff: 0, Sum: 0, Workers: 4
[49.895s][debug][gc,phases      ] GC(131)     Total                          Min: 0, Avg:  0.0, Max: 0, Diff: 0, Sum: 0, Workers: 4
[49.895s][debug][gc,phases      ] GC(131)   Weak JFR Old Object Samples    Min:  0.0, Avg:  0.0, Max:  0.0, Diff:  0.0, Sum:  0.0, Workers: 4
[49.895s][debug][gc,phases      ] GC(131)     Dead                           Min: 0, Avg:  0.0, Max: 0, Diff: 0, Sum: 0, Workers: 4
[49.895s][debug][gc,phases      ] GC(131)     Total                          Min: 0, Avg:  0.0, Max: 0, Diff: 0, Sum: 0, Workers: 4
[49.895s][debug][gc,phases      ] GC(131) Weak Processing 0.403ms
[49.896s][debug][gc,age         ] GC(131) Desired survivor size 136839168 bytes, new threshold 15 (max threshold 15)
[49.896s][info ][gc,heap        ] GC(131) PSYoungGen: 1879411K(1957376K)->68425K(1949696K) Eden: 1809920K(1809920K)->0K(1809920K) From: 69491K(147456K)->68425K(139776K)
[49.896s][info ][gc,heap        ] GC(131) ParOldGen: 499595K(574976K)->501653K(574976K)
[49.896s][info ][gc,metaspace   ] GC(131) Metaspace: 82425K(83264K)->82425K(83264K) NonClass: 70712K(71168K)->70712K(71168K) Class: 11713K(12096K)->11713K(12096K)
[49.896s][info ][gc             ] GC(131) Pause Young (Allocation Failure) 2323M->556M(2465M) 19.518ms
[49.896s][info ][gc,cpu         ] GC(131) User=0.08s Sys=0.00s Real=0.02s
[49.896s][info ][safepoint      ] Safepoint "ParallelGCFailedAllocation", Time since last: 119386288 ns, Reaching safepoint: 144609 ns, At safepoint: 19635233 ns, Total: 19779842 ns
[50.453s][info ][gc,start       ] GC(132) Pause Young (Allocation Failure)
[50.476s][debug][gc,phases      ] GC(132) Scavenge 23.348ms
[50.476s][debug][gc,ref         ] GC(132) Skipped phase 1 of Reference Processing: no references
[50.476s][debug][gc,ref         ] GC(132) ReferenceProcessor::execute queues: 1, RefProcThreadModel::Single, marks_oops_alive: false
[50.476s][debug][gc,ref         ] GC(132) Skipped phase 3 of Reference Processing: no references
[50.476s][debug][gc,ref         ] GC(132) ReferenceProcessor::execute queues: 1, RefProcThreadModel::Single, marks_oops_alive: false
[50.476s][debug][gc,phases      ] GC(132) Reference Processing 0.142ms
[50.476s][debug][gc,phases      ] GC(132)   VM Weak                        Min:  0.0, Avg:  0.0, Max:  0.0, Diff:  0.0, Sum:  0.0, Workers: 4
[50.476s][debug][gc,phases      ] GC(132)     Dead                           Min: 0, Avg:  0.0, Max: 0, Diff: 0, Sum: 0, Workers: 4
[50.476s][debug][gc,phases      ] GC(132)     Total                          Min: 0, Avg: 173.0, Max: 500, Diff: 500, Sum: 692, Workers: 4
[50.476s][debug][gc,phases      ] GC(132)   ObjectSynchronizer Weak        Min:  0.0, Avg:  0.0, Max:  0.0, Diff:  0.0, Sum:  0.0, Workers: 4
[50.476s][debug][gc,phases      ] GC(132)     Dead                           Min: 0, Avg:  0.0, Max: 0, Diff: 0, Sum: 0, Workers: 4
[50.476s][debug][gc,phases      ] GC(132)     Total                          Min: 64, Avg: 135.0, Max: 192, Diff: 128, Sum: 540, Workers: 4
[50.476s][debug][gc,phases      ] GC(132)   JVMTI Tag Weak OopStorage      Min:  0.0, Avg:  0.0, Max:  0.0, Diff:  0.0, Sum:  0.0, Workers: 4
[50.476s][debug][gc,phases      ] GC(132)     Dead                           Min: 0, Avg:  0.0, Max: 0, Diff: 0, Sum: 0, Workers: 4
[50.476s][debug][gc,phases      ] GC(132)     Total                          Min: 0, Avg:  0.0, Max: 0, Diff: 0, Sum: 0, Workers: 4
[50.476s][debug][gc,phases      ] GC(132)   StringTable Weak               Min:  0.1, Avg:  0.1, Max:  0.1, Diff:  0.0, Sum:  0.5, Workers: 4
[50.476s][debug][gc,phases      ] GC(132)     Dead                           Min: 0, Avg:  0.0, Max: 0, Diff: 0, Sum: 0, Workers: 4
[50.476s][debug][gc,phases      ] GC(132)     Total                          Min: 11136, Avg: 11794.8, Max: 12928, Diff: 1792, Sum: 47179, Workers: 4
[50.476s][debug][gc,phases      ] GC(132)   ResolvedMethodTable Weak       Min:  0.0, Avg:  0.0, Max:  0.0, Diff:  0.0, Sum:  0.1, Workers: 4
[50.476s][debug][gc,phases      ] GC(132)     Dead                           Min: 0, Avg:  0.0, Max: 0, Diff: 0, Sum: 0, Workers: 4
[50.476s][debug][gc,phases      ] GC(132)     Total                          Min: 1984, Avg: 2121.5, Max: 2304, Diff: 320, Sum: 8486, Workers: 4
[50.476s][debug][gc,phases      ] GC(132)   JNI Weak                       Min:  0.0, Avg:  0.0, Max:  0.0, Diff:  0.0, Sum:  0.0, Workers: 4
[50.476s][debug][gc,phases      ] GC(132)     Dead                           Min: 0, Avg:  0.0, Max: 0, Diff: 0, Sum: 0, Workers: 4
[50.476s][debug][gc,phases      ] GC(132)     Total                          Min: 0, Avg:  3.5, Max: 14, Diff: 14, Sum: 14, Workers: 4
[50.476s][debug][gc,phases      ] GC(132)   StringDedup Table Weak         Min:  0.0, Avg:  0.0, Max:  0.0, Diff:  0.0, Sum:  0.0, Workers: 4
[50.476s][debug][gc,phases      ] GC(132)     Dead                           Min: 0, Avg:  0.0, Max: 0, Diff: 0, Sum: 0, Workers: 4
[50.476s][debug][gc,phases      ] GC(132)     Total                          Min: 0, Avg:  0.0, Max: 0, Diff: 0, Sum: 0, Workers: 4
[50.476s][debug][gc,phases      ] GC(132)   StringDedup Requests0 Weak     Min:  0.0, Avg:  0.0, Max:  0.0, Diff:  0.0, Sum:  0.0, Workers: 4
[50.476s][debug][gc,phases      ] GC(132)     Dead                           Min: 0, Avg:  0.0, Max: 0, Diff: 0, Sum: 0, Workers: 4
[50.476s][debug][gc,phases      ] GC(132)     Total                          Min: 0, Avg:  0.0, Max: 0, Diff: 0, Sum: 0, Workers: 4
[50.476s][debug][gc,phases      ] GC(132)   StringDedup Requests1 Weak     Min:  0.0, Avg:  0.0, Max:  0.0, Diff:  0.0, Sum:  0.0, Workers: 4
[50.476s][debug][gc,phases      ] GC(132)     Dead                           Min: 0, Avg:  0.0, Max: 0, Diff: 0, Sum: 0, Workers: 4
[50.476s][debug][gc,phases      ] GC(132)     Total                          Min: 0, Avg:  0.0, Max: 0, Diff: 0, Sum: 0, Workers: 4
[50.476s][debug][gc,phases      ] GC(132)   Weak JFR Old Object Samples    Min:  0.0, Avg:  0.0, Max:  0.0, Diff:  0.0, Sum:  0.0, Workers: 4
[50.476s][debug][gc,phases      ] GC(132)     Dead                           Min: 0, Avg:  0.0, Max: 0, Diff: 0, Sum: 0, Workers: 4
[50.476s][debug][gc,phases      ] GC(132)     Total                          Min: 0, Avg:  0.0, Max: 0, Diff: 0, Sum: 0, Workers: 4
[50.476s][debug][gc,phases      ] GC(132) Weak Processing 0.339ms
[50.476s][debug][gc,age         ] GC(132) Desired survivor size 131072000 bytes, new threshold 15 (max threshold 15)
[50.476s][info ][gc,heap        ] GC(132) PSYoungGen: 1878345K(1949696K)->67861K(1969152K) Eden: 1809920K(1809920K)->0K(1835520K) From: 68425K(139776K)->67861K(133632K)
[50.476s][info ][gc,heap        ] GC(132) ParOldGen: 501653K(574976K)->503913K(574976K)
[50.476s][info ][gc,metaspace   ] GC(132) Metaspace: 82475K(83328K)->82475K(83328K) NonClass: 70758K(71168K)->70758K(71168K) Class: 11716K(12160K)->11716K(12160K)
[50.476s][info ][gc             ] GC(132) Pause Young (Allocation Failure) 2324M->558M(2484M) 23.950ms
[50.476s][info ][gc,cpu         ] GC(132) User=0.09s Sys=0.00s Real=0.03s
[50.477s][info ][safepoint      ] Safepoint "ParallelGCFailedAllocation", Time since last: 556684619 ns, Reaching safepoint: 178710 ns, At safepoint: 24059088 ns, Total: 24237798 ns
[50.811s][info ][safepoint      ] Safepoint "ICBufferFull", Time since last: 334127679 ns, Reaching safepoint: 185111 ns, At safepoint: 9200 ns, Total: 194311 ns
[51.149s][info ][safepoint      ] Safepoint "ICBufferFull", Time since last: 337551076 ns, Reaching safepoint: 186511 ns, At safepoint: 10700 ns, Total: 197211 ns
[51.255s][info ][safepoint      ] Safepoint "ICBufferFull", Time since last: 106288233 ns, Reaching safepoint: 146408 ns, At safepoint: 11101 ns, Total: 157509 ns
[51.638s][info ][safepoint      ] Safepoint "ICBufferFull", Time since last: 383005698 ns, Reaching safepoint: 167210 ns, At safepoint: 7800 ns, Total: 175010 ns
[52.050s][info ][safepoint      ] Safepoint "ICBufferFull", Time since last: 411791559 ns, Reaching safepoint: 180511 ns, At safepoint: 16401 ns, Total: 196912 ns
[52.117s][info ][safepoint      ] Safepoint "ICBufferFull", Time since last: 66636844 ns, Reaching safepoint: 191311 ns, At safepoint: 10801 ns, Total: 202112 ns
[52.266s][info ][safepoint      ] Safepoint "ICBufferFull", Time since last: 149067501 ns, Reaching safepoint: 157609 ns, At safepoint: 5800 ns, Total: 163409 ns
[52.266s][info ][safepoint      ] Safepoint "ICBufferFull", Time since last: 61604 ns, Reaching safepoint: 84805 ns, At safepoint: 7500 ns, Total: 92305 ns
[52.512s][info ][safepoint      ] Safepoint "ICBufferFull", Time since last: 245307453 ns, Reaching safepoint: 230614 ns, At safepoint: 4600 ns, Total: 235214 ns
[52.863s][info ][safepoint      ] Safepoint "ICBufferFull", Time since last: 350435219 ns, Reaching safepoint: 294917 ns, At safepoint: 12401 ns, Total: 307318 ns
[52.892s][info ][safepoint      ] Safepoint "ICBufferFull", Time since last: 28924968 ns, Reaching safepoint: 232014 ns, At safepoint: 6600 ns, Total: 238614 ns
[53.287s][info ][safepoint      ] Safepoint "ICBufferFull", Time since last: 394419957 ns, Reaching safepoint: 176710 ns, At safepoint: 7900 ns, Total: 184610 ns
[53.728s][info ][safepoint      ] Safepoint "ICBufferFull", Time since last: 441778789 ns, Reaching safepoint: 165510 ns, At safepoint: 4300 ns, Total: 169810 ns
[54.114s][info ][safepoint      ] Safepoint "ICBufferFull", Time since last: 385482741 ns, Reaching safepoint: 211812 ns, At safepoint: 13201 ns, Total: 225013 ns
[54.450s][info ][safepoint      ] Safepoint "ICBufferFull", Time since last: 335908780 ns, Reaching safepoint: 196111 ns, At safepoint: 4400 ns, Total: 200511 ns
[54.712s][info ][safepoint      ] Safepoint "ICBufferFull", Time since last: 261719900 ns, Reaching safepoint: 248715 ns, At safepoint: 25901 ns, Total: 274616 ns
[55.105s][info ][safepoint      ] Safepoint "ICBufferFull", Time since last: 392894768 ns, Reaching safepoint: 223813 ns, At safepoint: 8101 ns, Total: 231914 ns
[56.038s][info ][safepoint      ] Safepoint "ICBufferFull", Time since last: 931998071 ns, Reaching safepoint: 262115 ns, At safepoint: 4800 ns, Total: 266915 ns
[56.773s][info ][safepoint      ] Safepoint "ICBufferFull", Time since last: 734934702 ns, Reaching safepoint: 220913 ns, At safepoint: 10900 ns, Total: 231813 ns
[57.154s][info ][gc,start       ] GC(133) Pause Young (Allocation Failure)
[57.184s][debug][gc,phases      ] GC(133) Scavenge 29.575ms
[57.184s][debug][gc,ref         ] GC(133) Skipped phase 1 of Reference Processing: no references
[57.184s][debug][gc,ref         ] GC(133) ReferenceProcessor::execute queues: 1, RefProcThreadModel::Single, marks_oops_alive: false
[57.184s][debug][gc,ref         ] GC(133) ReferenceProcessor::execute queues: 4, RefProcThreadModel::Multi, marks_oops_alive: true
[57.192s][debug][gc,ref         ] GC(133) ReferenceProcessor::execute queues: 1, RefProcThreadModel::Single, marks_oops_alive: false
[57.192s][debug][gc,phases      ] GC(133) Reference Processing 7.699ms
[57.192s][debug][gc,phases      ] GC(133)   VM Weak                        Min:  0.0, Avg:  0.0, Max:  0.0, Diff:  0.0, Sum:  0.0, Workers: 4
[57.192s][debug][gc,phases      ] GC(133)     Dead                           Min: 0, Avg:  0.0, Max: 0, Diff: 0, Sum: 0, Workers: 4
[57.192s][debug][gc,phases      ] GC(133)     Total                          Min: 0, Avg: 174.0, Max: 384, Diff: 384, Sum: 696, Workers: 4
[57.192s][debug][gc,phases      ] GC(133)   ObjectSynchronizer Weak        Min:  0.0, Avg:  0.0, Max:  0.0, Diff:  0.0, Sum:  0.0, Workers: 4
[57.192s][debug][gc,phases      ] GC(133)     Dead                           Min: 0, Avg:  0.0, Max: 0, Diff: 0, Sum: 0, Workers: 4
[57.192s][debug][gc,phases      ] GC(133)     Total                          Min: 0, Avg: 135.8, Max: 320, Diff: 320, Sum: 543, Workers: 4
[57.192s][debug][gc,phases      ] GC(133)   JVMTI Tag Weak OopStorage      Min:  0.0, Avg:  0.0, Max:  0.0, Diff:  0.0, Sum:  0.0, Workers: 4
[57.192s][debug][gc,phases      ] GC(133)     Dead                           Min: 0, Avg:  0.0, Max: 0, Diff: 0, Sum: 0, Workers: 4
[57.192s][debug][gc,phases      ] GC(133)     Total                          Min: 0, Avg:  0.0, Max: 0, Diff: 0, Sum: 0, Workers: 4
[57.192s][debug][gc,phases      ] GC(133)   StringTable Weak               Min:  0.1, Avg:  0.1, Max:  0.1, Diff:  0.0, Sum:  0.5, Workers: 4
[57.192s][debug][gc,phases      ] GC(133)     Dead                           Min: 0, Avg:  0.2, Max: 1, Diff: 1, Sum: 1, Workers: 4
[57.192s][debug][gc,phases      ] GC(133)     Total                          Min: 11264, Avg: 11940.5, Max: 12434, Diff: 1170, Sum: 47762, Workers: 4
[57.192s][debug][gc,phases      ] GC(133)   ResolvedMethodTable Weak       Min:  0.0, Avg:  0.0, Max:  0.0, Diff:  0.0, Sum:  0.1, Workers: 4
[57.192s][debug][gc,phases      ] GC(133)     Dead                           Min: 0, Avg:  1.5, Max: 6, Diff: 6, Sum: 6, Workers: 4
[57.192s][debug][gc,phases      ] GC(133)     Total                          Min: 1920, Avg: 2131.5, Max: 2382, Diff: 462, Sum: 8526, Workers: 4
[57.192s][debug][gc,phases      ] GC(133)   JNI Weak                       Min:  0.0, Avg:  0.0, Max:  0.0, Diff:  0.0, Sum:  0.0, Workers: 4
[57.192s][debug][gc,phases      ] GC(133)     Dead                           Min: 0, Avg:  0.0, Max: 0, Diff: 0, Sum: 0, Workers: 4
[57.192s][debug][gc,phases      ] GC(133)     Total                          Min: 0, Avg:  0.8, Max: 3, Diff: 3, Sum: 3, Workers: 4
[57.192s][debug][gc,phases      ] GC(133)   StringDedup Table Weak         Min:  0.0, Avg:  0.0, Max:  0.0, Diff:  0.0, Sum:  0.0, Workers: 4
[57.192s][debug][gc,phases      ] GC(133)     Dead                           Min: 0, Avg:  0.0, Max: 0, Diff: 0, Sum: 0, Workers: 4
[57.192s][debug][gc,phases      ] GC(133)     Total                          Min: 0, Avg:  0.0, Max: 0, Diff: 0, Sum: 0, Workers: 4
[57.192s][debug][gc,phases      ] GC(133)   StringDedup Requests0 Weak     Min:  0.0, Avg:  0.0, Max:  0.0, Diff:  0.0, Sum:  0.0, Workers: 4
[57.192s][debug][gc,phases      ] GC(133)     Dead                           Min: 0, Avg:  0.0, Max: 0, Diff: 0, Sum: 0, Workers: 4
[57.192s][debug][gc,phases      ] GC(133)     Total                          Min: 0, Avg:  0.0, Max: 0, Diff: 0, Sum: 0, Workers: 4
[57.192s][debug][gc,phases      ] GC(133)   StringDedup Requests1 Weak     Min:  0.0, Avg:  0.0, Max:  0.0, Diff:  0.0, Sum:  0.0, Workers: 4
[57.192s][debug][gc,phases      ] GC(133)     Dead                           Min: 0, Avg:  0.0, Max: 0, Diff: 0, Sum: 0, Workers: 4
[57.192s][debug][gc,phases      ] GC(133)     Total                          Min: 0, Avg:  0.0, Max: 0, Diff: 0, Sum: 0, Workers: 4
[57.192s][debug][gc,phases      ] GC(133)   Weak JFR Old Object Samples    Min:  0.0, Avg:  0.0, Max:  0.0, Diff:  0.0, Sum:  0.0, Workers: 4
[57.192s][debug][gc,phases      ] GC(133)     Dead                           Min: 0, Avg:  0.0, Max: 0, Diff: 0, Sum: 0, Workers: 4
[57.192s][debug][gc,phases      ] GC(133)     Total                          Min: 0, Avg:  0.0, Max: 0, Diff: 0, Sum: 0, Workers: 4
[57.192s][debug][gc,phases      ] GC(133) Weak Processing 0.426ms
[57.192s][debug][gc,age         ] GC(133) Desired survivor size 130547712 bytes, new threshold 15 (max threshold 15)
[57.192s][info ][gc,heap        ] GC(133) PSYoungGen: 1903381K(1969152K)->85172K(1963520K) Eden: 1835520K(1835520K)->0K(1835520K) From: 67861K(133632K)->85172K(128000K)
[57.192s][info ][gc,heap        ] GC(133) ParOldGen: 503913K(574976K)->507182K(574976K)
[57.192s][info ][gc,metaspace   ] GC(133) Metaspace: 83129K(84032K)->83129K(84032K) NonClass: 71392K(71872K)->71392K(71872K) Class: 11737K(12160K)->11737K(12160K)
[57.192s][info ][gc             ] GC(133) Pause Young (Allocation Failure) 2350M->578M(2479M) 37.934ms
[57.192s][info ][gc,cpu         ] GC(133) User=0.11s Sys=0.00s Real=0.04s
[57.192s][info ][safepoint      ] Safepoint "ParallelGCFailedAllocation", Time since last: 381099587 ns, Reaching safepoint: 171710 ns, At safepoint: 38068396 ns, Total: 38240106 ns
[57.878s][info ][safepoint      ] Safepoint "ICBufferFull", Time since last: 685541152 ns, Reaching safepoint: 240214 ns, At safepoint: 9600 ns, Total: 249814 ns
[58.430s][info ][safepoint      ] Safepoint "ICBufferFull", Time since last: 541525742 ns, Reaching safepoint: 10836726 ns, At safepoint: 28001 ns, Total: 10864727 ns
[59.431s][info ][safepoint      ] Safepoint "Cleanup", Time since last: 1000115399 ns, Reaching safepoint: 313218 ns, At safepoint: 11801 ns, Total: 325019 ns
[60.439s][info ][safepoint      ] Safepoint "Cleanup", Time since last: 1003541096 ns, Reaching safepoint: 4168741 ns, At safepoint: 14301 ns, Total: 4183042 ns
[61.682s][info ][safepoint      ] Safepoint "ICBufferFull", Time since last: 1243241324 ns, Reaching safepoint: 227113 ns, At safepoint: 3700 ns, Total: 230813 ns
[62.491s][info ][safepoint      ] Safepoint "ICBufferFull", Time since last: 808962370 ns, Reaching safepoint: 227413 ns, At safepoint: 13801 ns, Total: 241214 ns
[63.502s][info ][safepoint      ] Safepoint "Cleanup", Time since last: 1003131871 ns, Reaching safepoint: 7989161 ns, At safepoint: 25201 ns, Total: 8014362 ns
[64.439s][info ][safepoint      ] Safepoint "ICBufferFull", Time since last: 936768642 ns, Reaching safepoint: 342020 ns, At safepoint: 6200 ns, Total: 348220 ns
[65.073s][info ][gc,start       ] GC(134) Pause Young (Allocation Failure)
[65.138s][debug][gc,phases      ] GC(134) Scavenge 65.447ms
[65.138s][debug][gc,ref         ] GC(134) Skipped phase 1 of Reference Processing: no references
[65.139s][debug][gc,ref         ] GC(134) ReferenceProcessor::execute queues: 1, RefProcThreadModel::Single, marks_oops_alive: false
[65.139s][debug][gc,ref         ] GC(134) Skipped phase 3 of Reference Processing: no references
[65.139s][debug][gc,ref         ] GC(134) ReferenceProcessor::execute queues: 1, RefProcThreadModel::Single, marks_oops_alive: false
[65.139s][debug][gc,phases      ] GC(134) Reference Processing 0.178ms
[65.139s][debug][gc,phases      ] GC(134)   VM Weak                        Min:  0.0, Avg:  0.0, Max:  0.0, Diff:  0.0, Sum:  0.0, Workers: 4
[65.139s][debug][gc,phases      ] GC(134)     Dead                           Min: 0, Avg:  0.0, Max: 0, Diff: 0, Sum: 0, Workers: 4
[65.139s][debug][gc,phases      ] GC(134)     Total                          Min: 0, Avg: 175.0, Max: 700, Diff: 700, Sum: 700, Workers: 4
[65.139s][debug][gc,phases      ] GC(134)   ObjectSynchronizer Weak        Min:  0.0, Avg:  0.0, Max:  0.0, Diff:  0.0, Sum:  0.0, Workers: 4
[65.139s][debug][gc,phases      ] GC(134)     Dead                           Min: 0, Avg:  0.0, Max: 0, Diff: 0, Sum: 0, Workers: 4
[65.139s][debug][gc,phases      ] GC(134)     Total                          Min: 0, Avg: 136.0, Max: 544, Diff: 544, Sum: 544, Workers: 4
[65.139s][debug][gc,phases      ] GC(134)   JVMTI Tag Weak OopStorage      Min:  0.0, Avg:  0.0, Max:  0.0, Diff:  0.0, Sum:  0.0, Workers: 4
[65.139s][debug][gc,phases      ] GC(134)     Dead                           Min: 0, Avg:  0.0, Max: 0, Diff: 0, Sum: 0, Workers: 4
[65.139s][debug][gc,phases      ] GC(134)     Total                          Min: 0, Avg:  0.0, Max: 0, Diff: 0, Sum: 0, Workers: 4
[65.139s][debug][gc,phases      ] GC(134)   StringTable Weak               Min:  0.0, Avg:  0.1, Max:  0.6, Diff:  0.6, Sum:  0.6, Workers: 4
[65.139s][debug][gc,phases      ] GC(134)     Dead                           Min: 0, Avg:  0.0, Max: 0, Diff: 0, Sum: 0, Workers: 4
[65.139s][debug][gc,phases      ] GC(134)     Total                          Min: 0, Avg: 11965.0, Max: 47860, Diff: 47860, Sum: 47860, Workers: 4
[65.139s][debug][gc,phases      ] GC(134)   ResolvedMethodTable Weak       Min:  0.0, Avg:  0.0, Max:  0.1, Diff:  0.1, Sum:  0.1, Workers: 4
[65.139s][debug][gc,phases      ] GC(134)     Dead                           Min: 0, Avg:  0.0, Max: 0, Diff: 0, Sum: 0, Workers: 4
[65.139s][debug][gc,phases      ] GC(134)     Total                          Min: 0, Avg: 2140.5, Max: 8562, Diff: 8562, Sum: 8562, Workers: 4
[65.139s][debug][gc,phases      ] GC(134)   JNI Weak                       Min:  0.0, Avg:  0.0, Max:  0.0, Diff:  0.0, Sum:  0.0, Workers: 4
[65.139s][debug][gc,phases      ] GC(134)     Dead                           Min: 0, Avg:  0.0, Max: 0, Diff: 0, Sum: 0, Workers: 4
[65.139s][debug][gc,phases      ] GC(134)     Total                          Min: 0, Avg:  0.0, Max: 0, Diff: 0, Sum: 0, Workers: 4
[65.139s][debug][gc,phases      ] GC(134)   StringDedup Table Weak         Min:  0.0, Avg:  0.0, Max:  0.0, Diff:  0.0, Sum:  0.0, Workers: 4
[65.139s][debug][gc,phases      ] GC(134)     Dead                           Min: 0, Avg:  0.0, Max: 0, Diff: 0, Sum: 0, Workers: 4
[65.139s][debug][gc,phases      ] GC(134)     Total                          Min: 0, Avg:  0.0, Max: 0, Diff: 0, Sum: 0, Workers: 4
[65.139s][debug][gc,phases      ] GC(134)   StringDedup Requests0 Weak     Min:  0.0, Avg:  0.0, Max:  0.0, Diff:  0.0, Sum:  0.0, Workers: 4
[65.140s][debug][gc,phases      ] GC(134)     Dead                           Min: 0, Avg:  0.0, Max: 0, Diff: 0, Sum: 0, Workers: 4
[65.140s][debug][gc,phases      ] GC(134)     Total                          Min: 0, Avg:  0.0, Max: 0, Diff: 0, Sum: 0, Workers: 4
[65.140s][debug][gc,phases      ] GC(134)   StringDedup Requests1 Weak     Min:  0.0, Avg:  0.0, Max:  0.0, Diff:  0.0, Sum:  0.0, Workers: 4
[65.140s][debug][gc,phases      ] GC(134)     Dead                           Min: 0, Avg:  0.0, Max: 0, Diff: 0, Sum: 0, Workers: 4
[65.140s][debug][gc,phases      ] GC(134)     Total                          Min: 0, Avg:  0.0, Max: 0, Diff: 0, Sum: 0, Workers: 4
[65.140s][debug][gc,phases      ] GC(134)   Weak JFR Old Object Samples    Min:  0.0, Avg:  0.0, Max:  0.0, Diff:  0.0, Sum:  0.0, Workers: 4
[65.140s][debug][gc,phases      ] GC(134)     Dead                           Min: 0, Avg:  0.0, Max: 0, Diff: 0, Sum: 0, Workers: 4
[65.140s][debug][gc,phases      ] GC(134)     Total                          Min: 0, Avg:  0.0, Max: 0, Diff: 0, Sum: 0, Workers: 4
[65.140s][debug][gc,phases      ] GC(134) Weak Processing 0.935ms
[65.140s][debug][gc,age         ] GC(134) Desired survivor size 137887744 bytes, new threshold 15 (max threshold 15)
[65.140s][info ][gc,heap        ] GC(134) PSYoungGen: 1920692K(1963520K)->106317K(1955328K) Eden: 1835520K(1835520K)->0K(1827840K) From: 85172K(128000K)->106317K(127488K)
[65.140s][info ][gc,heap        ] GC(134) ParOldGen: 507182K(574976K)->509692K(574976K)
[65.140s][info ][gc,metaspace   ] GC(134) Metaspace: 83468K(84288K)->83468K(84288K) NonClass: 71714K(72128K)->71714K(72128K) Class: 11754K(12160K)->11754K(12160K)
[65.140s][info ][gc             ] GC(134) Pause Young (Allocation Failure) 2370M->601M(2471M) 66.754ms
[65.140s][info ][gc,cpu         ] GC(134) User=0.15s Sys=0.00s Real=0.07s
[65.140s][info ][safepoint      ] Safepoint "ParallelGCFailedAllocation", Time since last: 633063521 ns, Reaching safepoint: 303017 ns, At safepoint: 66872058 ns, Total: 67175075 ns
[66.140s][info ][safepoint      ] Safepoint "Cleanup", Time since last: 1000102895 ns, Reaching safepoint: 233413 ns, At safepoint: 7201 ns, Total: 240614 ns
[67.146s][info ][safepoint      ] Safepoint "Cleanup", Time since last: 1001807892 ns, Reaching safepoint: 4471458 ns, At safepoint: 18801 ns, Total: 4490259 ns
[68.147s][info ][safepoint      ] Safepoint "Cleanup", Time since last: 1000124995 ns, Reaching safepoint: 191111 ns, At safepoint: 11100 ns, Total: 202211 ns
[69.299s][info ][safepoint      ] Safepoint "ICBufferFull", Time since last: 1152548487 ns, Reaching safepoint: 223313 ns, At safepoint: 8001 ns, Total: 231314 ns
[70.300s][info ][safepoint      ] Safepoint "Cleanup", Time since last: 1000126593 ns, Reaching safepoint: 192811 ns, At safepoint: 10001 ns, Total: 202812 ns
[70.477s][info ][gc,start       ] GC(135) Pause Young (Allocation Failure)
[70.529s][debug][gc,phases      ] GC(135) Scavenge 52.515ms
[70.530s][debug][gc,ref         ] GC(135) Skipped phase 1 of Reference Processing: no references
[70.530s][debug][gc,ref         ] GC(135) ReferenceProcessor::execute queues: 1, RefProcThreadModel::Single, marks_oops_alive: false
[70.530s][debug][gc,ref         ] GC(135) Skipped phase 3 of Reference Processing: no references
[70.530s][debug][gc,ref         ] GC(135) ReferenceProcessor::execute queues: 1, RefProcThreadModel::Single, marks_oops_alive: false
[70.530s][debug][gc,phases      ] GC(135) Reference Processing 0.132ms
[70.530s][debug][gc,phases      ] GC(135)   VM Weak                        Min:  0.0, Avg:  0.0, Max:  0.0, Diff:  0.0, Sum:  0.0, Workers: 4
[70.530s][debug][gc,phases      ] GC(135)     Dead                           Min: 0, Avg:  0.0, Max: 0, Diff: 0, Sum: 0, Workers: 4
[70.530s][debug][gc,phases      ] GC(135)     Total                          Min: 0, Avg: 175.0, Max: 384, Diff: 384, Sum: 700, Workers: 4
[70.530s][debug][gc,phases      ] GC(135)   ObjectSynchronizer Weak        Min:  0.0, Avg:  0.0, Max:  0.0, Diff:  0.0, Sum:  0.0, Workers: 4
[70.530s][debug][gc,phases      ] GC(135)     Dead                           Min: 0, Avg:  0.0, Max: 0, Diff: 0, Sum: 0, Workers: 4
[70.530s][debug][gc,phases      ] GC(135)     Total                          Min: 0, Avg: 136.0, Max: 224, Diff: 224, Sum: 544, Workers: 4
[70.530s][debug][gc,phases      ] GC(135)   JVMTI Tag Weak OopStorage      Min:  0.0, Avg:  0.0, Max:  0.0, Diff:  0.0, Sum:  0.0, Workers: 4
[70.530s][debug][gc,phases      ] GC(135)     Dead                           Min: 0, Avg:  0.0, Max: 0, Diff: 0, Sum: 0, Workers: 4
[70.530s][debug][gc,phases      ] GC(135)     Total                          Min: 0, Avg:  0.0, Max: 0, Diff: 0, Sum: 0, Workers: 4
[70.530s][debug][gc,phases      ] GC(135)   StringTable Weak               Min:  0.1, Avg:  0.1, Max:  0.1, Diff:  0.0, Sum:  0.5, Workers: 4
[70.530s][debug][gc,phases      ] GC(135)     Dead                           Min: 0, Avg:  0.2, Max: 1, Diff: 1, Sum: 1, Workers: 4
[70.530s][debug][gc,phases      ] GC(135)     Total                          Min: 11776, Avg: 11980.2, Max: 12352, Diff: 576, Sum: 47921, Workers: 4
[70.530s][debug][gc,phases      ] GC(135)   ResolvedMethodTable Weak       Min:  0.0, Avg:  0.0, Max:  0.0, Diff:  0.0, Sum:  0.1, Workers: 4
[70.530s][debug][gc,phases      ] GC(135)     Dead                           Min: 0, Avg:  0.0, Max: 0, Diff: 0, Sum: 0, Workers: 4
[70.530s][debug][gc,phases      ] GC(135)     Total                          Min: 1984, Avg: 2142.5, Max: 2368, Diff: 384, Sum: 8570, Workers: 4
[70.530s][debug][gc,phases      ] GC(135)   JNI Weak                       Min:  0.0, Avg:  0.0, Max:  0.0, Diff:  0.0, Sum:  0.0, Workers: 4
[70.530s][debug][gc,phases      ] GC(135)     Dead                           Min: 0, Avg:  0.0, Max: 0, Diff: 0, Sum: 0, Workers: 4
[70.530s][debug][gc,phases      ] GC(135)     Total                          Min: 0, Avg:  0.0, Max: 0, Diff: 0, Sum: 0, Workers: 4
[70.530s][debug][gc,phases      ] GC(135)   StringDedup Table Weak         Min:  0.0, Avg:  0.0, Max:  0.0, Diff:  0.0, Sum:  0.0, Workers: 4
[70.530s][debug][gc,phases      ] GC(135)     Dead                           Min: 0, Avg:  0.0, Max: 0, Diff: 0, Sum: 0, Workers: 4
[70.530s][debug][gc,phases      ] GC(135)     Total                          Min: 0, Avg:  0.0, Max: 0, Diff: 0, Sum: 0, Workers: 4
[70.530s][debug][gc,phases      ] GC(135)   StringDedup Requests0 Weak     Min:  0.0, Avg:  0.0, Max:  0.0, Diff:  0.0, Sum:  0.0, Workers: 4
[70.530s][debug][gc,phases      ] GC(135)     Dead                           Min: 0, Avg:  0.0, Max: 0, Diff: 0, Sum: 0, Workers: 4
[70.530s][debug][gc,phases      ] GC(135)     Total                          Min: 0, Avg:  0.0, Max: 0, Diff: 0, Sum: 0, Workers: 4
[70.530s][debug][gc,phases      ] GC(135)   StringDedup Requests1 Weak     Min:  0.0, Avg:  0.0, Max:  0.0, Diff:  0.0, Sum:  0.0, Workers: 4
[70.530s][debug][gc,phases      ] GC(135)     Dead                           Min: 0, Avg:  0.0, Max: 0, Diff: 0, Sum: 0, Workers: 4
[70.530s][debug][gc,phases      ] GC(135)     Total                          Min: 0, Avg:  0.0, Max: 0, Diff: 0, Sum: 0, Workers: 4
[70.530s][debug][gc,phases      ] GC(135)   Weak JFR Old Object Samples    Min:  0.0, Avg:  0.0, Max:  0.0, Diff:  0.0, Sum:  0.0, Workers: 4
[70.530s][debug][gc,phases      ] GC(135)     Dead                           Min: 0, Avg:  0.0, Max: 0, Diff: 0, Sum: 0, Workers: 4
[70.530s][debug][gc,phases      ] GC(135)     Total                          Min: 0, Avg:  0.0, Max: 0, Diff: 0, Sum: 0, Workers: 4
[70.530s][debug][gc,phases      ] GC(135) Weak Processing 0.421ms
[70.530s][debug][gc,age         ] GC(135) Desired survivor size 162529280 bytes, new threshold 14 (max threshold 15)
[70.530s][info ][gc,heap        ] GC(135) PSYoungGen: 1934157K(1955328K)->134641K(1962496K) Eden: 1827840K(1827840K)->0K(1827840K) From: 106317K(127488K)->134641K(134656K)
[70.530s][info ][gc,heap        ] GC(135) ParOldGen: 509692K(574976K)->530959K(574976K)
[70.530s][info ][gc,metaspace   ] GC(135) Metaspace: 83572K(84480K)->83572K(84480K) NonClass: 71812K(72320K)->71812K(72320K) Class: 11759K(12160K)->11759K(12160K)
[70.530s][info ][gc             ] GC(135) Pause Young (Allocation Failure) 2386M->650M(2478M) 53.227ms
[70.530s][info ][gc,cpu         ] GC(135) User=0.19s Sys=0.00s Real=0.05s
[70.530s][info ][safepoint      ] Safepoint "ParallelGCFailedAllocation", Time since last: 176990410 ns, Reaching safepoint: 125907 ns, At safepoint: 53337277 ns, Total: 53463184 ns
[71.531s][info ][safepoint      ] Safepoint "Cleanup", Time since last: 1000134493 ns, Reaching safepoint: 252514 ns, At safepoint: 12201 ns, Total: 264715 ns
[72.531s][info ][safepoint      ] Safepoint "Cleanup", Time since last: 1000134293 ns, Reaching safepoint: 219413 ns, At safepoint: 7200 ns, Total: 226613 ns
[73.531s][info ][safepoint      ] Safepoint "Cleanup", Time since last: 1000134592 ns, Reaching safepoint: 176310 ns, At safepoint: 10201 ns, Total: 186511 ns
[74.532s][info ][safepoint      ] Safepoint "Cleanup", Time since last: 1000142492 ns, Reaching safepoint: 106906 ns, At safepoint: 16201 ns, Total: 123107 ns
[75.532s][info ][safepoint      ] Safepoint "Cleanup", Time since last: 1000139791 ns, Reaching safepoint: 195211 ns, At safepoint: 12501 ns, Total: 207712 ns
[76.007s][info ][gc,start       ] GC(136) Pause Young (Allocation Failure)
[76.065s][debug][gc,phases      ] GC(136) Scavenge 57.737ms
[76.065s][debug][gc,ref         ] GC(136) Skipped phase 1 of Reference Processing: no references
[76.065s][debug][gc,ref         ] GC(136) ReferenceProcessor::execute queues: 1, RefProcThreadModel::Single, marks_oops_alive: false
[76.065s][debug][gc,ref         ] GC(136) Skipped phase 3 of Reference Processing: no references
[76.065s][debug][gc,ref         ] GC(136) ReferenceProcessor::execute queues: 1, RefProcThreadModel::Single, marks_oops_alive: false
[76.065s][debug][gc,phases      ] GC(136) Reference Processing 0.138ms
[76.066s][debug][gc,phases      ] GC(136)   VM Weak                        Min:  0.0, Avg:  0.0, Max:  0.0, Diff:  0.0, Sum:  0.0, Workers: 4
[76.066s][debug][gc,phases      ] GC(136)     Dead                           Min: 0, Avg:  0.0, Max: 0, Diff: 0, Sum: 0, Workers: 4
[76.066s][debug][gc,phases      ] GC(136)     Total                          Min: 0, Avg: 175.0, Max: 700, Diff: 700, Sum: 700, Workers: 4
[76.066s][debug][gc,phases      ] GC(136)   ObjectSynchronizer Weak        Min:  0.0, Avg:  0.0, Max:  0.0, Diff:  0.0, Sum:  0.0, Workers: 4
[76.066s][debug][gc,phases      ] GC(136)     Dead                           Min: 0, Avg:  0.0, Max: 0, Diff: 0, Sum: 0, Workers: 4
[76.066s][debug][gc,phases      ] GC(136)     Total                          Min: 0, Avg: 136.0, Max: 544, Diff: 544, Sum: 544, Workers: 4
[76.066s][debug][gc,phases      ] GC(136)   JVMTI Tag Weak OopStorage      Min:  0.0, Avg:  0.0, Max:  0.0, Diff:  0.0, Sum:  0.0, Workers: 4
[76.066s][debug][gc,phases      ] GC(136)     Dead                           Min: 0, Avg:  0.0, Max: 0, Diff: 0, Sum: 0, Workers: 4
[76.066s][debug][gc,phases      ] GC(136)     Total                          Min: 0, Avg:  0.0, Max: 0, Diff: 0, Sum: 0, Workers: 4
[76.066s][debug][gc,phases      ] GC(136)   StringTable Weak               Min:  0.0, Avg:  0.1, Max:  0.5, Diff:  0.5, Sum:  0.5, Workers: 4
[76.066s][debug][gc,phases      ] GC(136)     Dead                           Min: 0, Avg:  0.0, Max: 0, Diff: 0, Sum: 0, Workers: 4
[76.066s][debug][gc,phases      ] GC(136)     Total                          Min: 0, Avg: 11988.2, Max: 47953, Diff: 47953, Sum: 47953, Workers: 4
[76.066s][debug][gc,phases      ] GC(136)   ResolvedMethodTable Weak       Min:  0.0, Avg:  0.0, Max:  0.1, Diff:  0.1, Sum:  0.1, Workers: 4
[76.066s][debug][gc,phases      ] GC(136)     Dead                           Min: 0, Avg:  0.0, Max: 0, Diff: 0, Sum: 0, Workers: 4
[76.066s][debug][gc,phases      ] GC(136)     Total                          Min: 0, Avg: 2142.5, Max: 8570, Diff: 8570, Sum: 8570, Workers: 4
[76.066s][debug][gc,phases      ] GC(136)   JNI Weak                       Min:  0.0, Avg:  0.0, Max:  0.0, Diff:  0.0, Sum:  0.0, Workers: 4
[76.066s][debug][gc,phases      ] GC(136)     Dead                           Min: 0, Avg:  0.0, Max: 0, Diff: 0, Sum: 0, Workers: 4
[76.066s][debug][gc,phases      ] GC(136)     Total                          Min: 0, Avg:  0.0, Max: 0, Diff: 0, Sum: 0, Workers: 4
[76.066s][debug][gc,phases      ] GC(136)   StringDedup Table Weak         Min:  0.0, Avg:  0.0, Max:  0.0, Diff:  0.0, Sum:  0.0, Workers: 4
[76.066s][debug][gc,phases      ] GC(136)     Dead                           Min: 0, Avg:  0.0, Max: 0, Diff: 0, Sum: 0, Workers: 4
[76.066s][debug][gc,phases      ] GC(136)     Total                          Min: 0, Avg:  0.0, Max: 0, Diff: 0, Sum: 0, Workers: 4
[76.066s][debug][gc,phases      ] GC(136)   StringDedup Requests0 Weak     Min:  0.0, Avg:  0.0, Max:  0.0, Diff:  0.0, Sum:  0.0, Workers: 4
[76.066s][debug][gc,phases      ] GC(136)     Dead                           Min: 0, Avg:  0.0, Max: 0, Diff: 0, Sum: 0, Workers: 4
[76.066s][debug][gc,phases      ] GC(136)     Total                          Min: 0, Avg:  0.0, Max: 0, Diff: 0, Sum: 0, Workers: 4
[76.067s][debug][gc,phases      ] GC(136)   StringDedup Requests1 Weak     Min:  0.0, Avg:  0.0, Max:  0.0, Diff:  0.0, Sum:  0.0, Workers: 4
[76.067s][debug][gc,phases      ] GC(136)     Dead                           Min: 0, Avg:  0.0, Max: 0, Diff: 0, Sum: 0, Workers: 4
[76.067s][debug][gc,phases      ] GC(136)     Total                          Min: 0, Avg:  0.0, Max: 0, Diff: 0, Sum: 0, Workers: 4
[76.067s][debug][gc,phases      ] GC(136)   Weak JFR Old Object Samples    Min:  0.0, Avg:  0.0, Max:  0.0, Diff:  0.0, Sum:  0.0, Workers: 4
[76.067s][debug][gc,phases      ] GC(136)     Dead                           Min: 0, Avg:  0.0, Max: 0, Diff: 0, Sum: 0, Workers: 4
[76.067s][debug][gc,phases      ] GC(136)     Total                          Min: 0, Avg:  0.0, Max: 0, Diff: 0, Sum: 0, Workers: 4
[76.067s][debug][gc,phases      ] GC(136) Weak Processing 1.685ms
[76.067s][debug][gc,age         ] GC(136) Desired survivor size 184549376 bytes, new threshold 13 (max threshold 15)
[76.067s][info ][gc,heap        ] GC(136) PSYoungGen: 1962481K(1962496K)->134641K(1871360K) Eden: 1827840K(1827840K)->0K(1736704K) From: 134641K(134656K)->134641K(134656K)
[76.067s][info ][gc,heap        ] GC(136) ParOldGen: 530959K(574976K)->557981K(574976K)
[76.067s][info ][gc,metaspace   ] GC(136) Metaspace: 83631K(84480K)->83631K(84480K) NonClass: 71870K(72320K)->71870K(72320K) Class: 11760K(12160K)->11760K(12160K)
[76.067s][info ][gc             ] GC(136) Pause Young (Allocation Failure) 2435M->676M(2389M) 59.726ms
[76.067s][info ][gc,cpu         ] GC(136) User=0.18s Sys=0.00s Real=0.06s
[76.067s][debug][gc,phases      ] GC(137) Pre Compact 0.022ms
[76.067s][info ][gc,start       ] GC(137) Pause Full (Ergonomics)
[76.067s][info ][gc,phases,start] GC(137) Marking Phase
[76.348s][debug][gc,phases      ] GC(137) Par Mark 281.294ms
[76.348s][debug][gc,ref         ] GC(137) Skipped phase 1 of Reference Processing: no references
[76.349s][debug][gc,ref         ] GC(137) ReferenceProcessor::execute queues: 4, RefProcThreadModel::Multi, marks_oops_alive: false
[76.354s][debug][gc,ref         ] GC(137) ReferenceProcessor::execute queues: 4, RefProcThreadModel::Multi, marks_oops_alive: true
[76.362s][debug][gc,ref         ] GC(137) ReferenceProcessor::execute queues: 1, RefProcThreadModel::Single, marks_oops_alive: false
[76.362s][debug][gc,phases      ] GC(137) Reference Processing 14.229ms
[76.363s][debug][gc,phases      ] GC(137)   VM Weak                        Min:  0.0, Avg:  0.0, Max:  0.0, Diff:  0.0, Sum:  0.0, Workers: 4
[76.363s][debug][gc,phases      ] GC(137)     Dead                           Min: 0, Avg:  0.5, Max: 2, Diff: 2, Sum: 2, Workers: 4
[76.363s][debug][gc,phases      ] GC(137)     Total                          Min: 0, Avg: 175.0, Max: 700, Diff: 700, Sum: 700, Workers: 4
[76.363s][debug][gc,phases      ] GC(137)   ObjectSynchronizer Weak        Min:  0.0, Avg:  0.0, Max:  0.0, Diff:  0.0, Sum:  0.0, Workers: 4
[76.363s][debug][gc,phases      ] GC(137)     Dead                           Min: 0, Avg:  0.2, Max: 1, Diff: 1, Sum: 1, Workers: 4
[76.363s][debug][gc,phases      ] GC(137)     Total                          Min: 0, Avg: 136.0, Max: 544, Diff: 544, Sum: 544, Workers: 4
[76.363s][debug][gc,phases      ] GC(137)   JVMTI Tag Weak OopStorage      Min:  0.0, Avg:  0.0, Max:  0.0, Diff:  0.0, Sum:  0.0, Workers: 4
[76.363s][debug][gc,phases      ] GC(137)     Dead                           Min: 0, Avg:  0.0, Max: 0, Diff: 0, Sum: 0, Workers: 4
[76.363s][debug][gc,phases      ] GC(137)     Total                          Min: 0, Avg:  0.0, Max: 0, Diff: 0, Sum: 0, Workers: 4
[76.363s][debug][gc,phases      ] GC(137)   StringTable Weak               Min:  0.0, Avg:  0.2, Max:  0.7, Diff:  0.7, Sum:  0.8, Workers: 4
[76.363s][debug][gc,phases      ] GC(137)     Dead                           Min: 0, Avg:  0.0, Max: 0, Diff: 0, Sum: 0, Workers: 4
[76.363s][debug][gc,phases      ] GC(137)     Total                          Min: 0, Avg: 11988.2, Max: 43921, Diff: 43921, Sum: 47953, Workers: 4
[76.363s][debug][gc,phases      ] GC(137)   ResolvedMethodTable Weak       Min:  0.0, Avg:  0.0, Max:  0.1, Diff:  0.1, Sum:  0.1, Workers: 4
[76.363s][debug][gc,phases      ] GC(137)     Dead                           Min: 0, Avg:  0.5, Max: 2, Diff: 2, Sum: 2, Workers: 4
[76.363s][debug][gc,phases      ] GC(137)     Total                          Min: 0, Avg: 2142.5, Max: 4538, Diff: 4538, Sum: 8570, Workers: 4
[76.363s][debug][gc,phases      ] GC(137)   JNI Weak                       Min:  0.0, Avg:  0.0, Max:  0.0, Diff:  0.0, Sum:  0.0, Workers: 4
[76.363s][debug][gc,phases      ] GC(137)     Dead                           Min: 0, Avg:  0.0, Max: 0, Diff: 0, Sum: 0, Workers: 4
[76.363s][debug][gc,phases      ] GC(137)     Total                          Min: 0, Avg:  0.0, Max: 0, Diff: 0, Sum: 0, Workers: 4
[76.363s][debug][gc,phases      ] GC(137)   StringDedup Table Weak         Min:  0.0, Avg:  0.0, Max:  0.0, Diff:  0.0, Sum:  0.0, Workers: 4
[76.363s][debug][gc,phases      ] GC(137)     Dead                           Min: 0, Avg:  0.0, Max: 0, Diff: 0, Sum: 0, Workers: 4
[76.363s][debug][gc,phases      ] GC(137)     Total                          Min: 0, Avg:  0.0, Max: 0, Diff: 0, Sum: 0, Workers: 4
[76.363s][debug][gc,phases      ] GC(137)   StringDedup Requests0 Weak     Min:  0.0, Avg:  0.0, Max:  0.0, Diff:  0.0, Sum:  0.0, Workers: 4
[76.363s][debug][gc,phases      ] GC(137)     Dead                           Min: 0, Avg:  0.0, Max: 0, Diff: 0, Sum: 0, Workers: 4
[76.363s][debug][gc,phases      ] GC(137)     Total                          Min: 0, Avg:  0.0, Max: 0, Diff: 0, Sum: 0, Workers: 4
[76.363s][debug][gc,phases      ] GC(137)   StringDedup Requests1 Weak     Min:  0.0, Avg:  0.0, Max:  0.0, Diff:  0.0, Sum:  0.0, Workers: 4
[76.363s][debug][gc,phases      ] GC(137)     Dead                           Min: 0, Avg:  0.0, Max: 0, Diff: 0, Sum: 0, Workers: 4
[76.363s][debug][gc,phases      ] GC(137)     Total                          Min: 0, Avg:  0.0, Max: 0, Diff: 0, Sum: 0, Workers: 4
[76.363s][debug][gc,phases      ] GC(137)   Weak JFR Old Object Samples    Min:  0.0, Avg:  0.0, Max:  0.0, Diff:  0.0, Sum:  0.0, Workers: 4
[76.363s][debug][gc,phases      ] GC(137)     Dead                           Min: 0, Avg:  0.0, Max: 0, Diff: 0, Sum: 0, Workers: 4
[76.363s][debug][gc,phases      ] GC(137)     Total                          Min: 0, Avg:  0.0, Max: 0, Diff: 0, Sum: 0, Workers: 4
[76.363s][debug][gc,phases      ] GC(137) Weak Processing 1.060ms
[76.364s][debug][gc,phases      ] GC(137) ClassLoaderData 0.261ms
[76.364s][debug][gc,phases      ] GC(137) Trigger cleanups 0.008ms
[76.410s][debug][gc,phases      ] GC(137) Class Unloading 46.522ms
[76.410s][info ][gc,phases      ] GC(137) Marking Phase 343.355ms
[76.410s][info ][gc,phases,start] GC(137) Summary Phase
[76.410s][info ][gc,phases      ] GC(137) Summary Phase 0.019ms
[76.410s][info ][gc,phases,start] GC(137) Adjust Roots
[76.433s][info ][gc,phases      ] GC(137) Adjust Roots 22.681ms
[76.433s][info ][gc,phases,start] GC(137) Compaction Phase
[77.010s][info ][gc,phases      ] GC(137) Compaction Phase 576.731ms
[77.010s][info ][gc,phases,start] GC(137) Post Compact
[77.013s][info ][gc,phases      ] GC(137) Post Compact 3.335ms
[77.013s][info ][gc,heap        ] GC(137) PSYoungGen: 134641K(1871360K)->27760K(1871360K) Eden: 0K(1736704K)->0K(1736704K) From: 134641K(134656K)->27760K(134656K)
[77.013s][info ][gc,heap        ] GC(137) ParOldGen: 557981K(574976K)->574853K(699904K)
[77.013s][info ][gc,metaspace   ] GC(137) Metaspace: 83631K(84480K)->83627K(84480K) NonClass: 71870K(72320K)->71867K(72320K) Class: 11760K(12160K)->11759K(12160K)
[77.013s][info ][gc             ] GC(137) Pause Full (Ergonomics) 676M->588M(2511M) 946.573ms
[77.013s][info ][gc,cpu         ] GC(137) User=2.95s Sys=0.00s Real=0.94s
[77.015s][info ][safepoint      ] Safepoint "ParallelGCFailedAllocation", Time since last: 474843390 ns, Reaching safepoint: 78405 ns, At safepoint: 1008600678 ns, Total: 1008679083 ns
[77.050s][info ][safepoint      ] Safepoint "ICBufferFull", Time since last: 30907083 ns, Reaching safepoint: 3960129 ns, At safepoint: 11900 ns, Total: 3972029 ns
[77.064s][info ][safepoint      ] Safepoint "ICBufferFull", Time since last: 12014193 ns, Reaching safepoint: 1198869 ns, At safepoint: 5501 ns, Total: 1204370 ns
[77.212s][info ][safepoint      ] Safepoint "ICBufferFull", Time since last: 147744422 ns, Reaching safepoint: 266615 ns, At safepoint: 9601 ns, Total: 276216 ns
[78.136s][info ][safepoint      ] Safepoint "ICBufferFull", Time since last: 924542129 ns, Reaching safepoint: 318418 ns, At safepoint: 16201 ns, Total: 334619 ns
[79.142s][info ][safepoint      ] Safepoint "Cleanup", Time since last: 1001893791 ns, Reaching safepoint: 4148139 ns, At safepoint: 19101 ns, Total: 4167240 ns
[79.735s][info ][safepoint      ] Safepoint "ICBufferFull", Time since last: 591835637 ns, Reaching safepoint: 331020 ns, At safepoint: 8200 ns, Total: 339220 ns
[80.121s][info ][safepoint      ] Safepoint "ICBufferFull", Time since last: 384713690 ns, Reaching safepoint: 1957813 ns, At safepoint: 8101 ns, Total: 1965914 ns
[80.218s][info ][safepoint      ] Safepoint "ParallelGCFailedAllocation", Time since last: 96558469 ns, Reaching safepoint: 173010 ns, At safepoint: 17201 ns, Total: 190211 ns
[80.221s][info ][gc,start       ] GC(138) Pause Young (GCLocker Initiated GC)
[80.358s][debug][gc,phases      ] GC(138) Scavenge 137.207ms
[80.358s][debug][gc,ref         ] GC(138) Skipped phase 1 of Reference Processing: no references
[80.359s][debug][gc,ref         ] GC(138) ReferenceProcessor::execute queues: 1, RefProcThreadModel::Single, marks_oops_alive: false
[80.359s][debug][gc,ref         ] GC(138) Skipped phase 3 of Reference Processing: no references
[80.359s][debug][gc,ref         ] GC(138) ReferenceProcessor::execute queues: 1, RefProcThreadModel::Single, marks_oops_alive: false
[80.359s][debug][gc,phases      ] GC(138) Reference Processing 0.168ms
[80.362s][debug][gc,phases      ] GC(138)   VM Weak                        Min:  0.0, Avg:  0.0, Max:  0.0, Diff:  0.0, Sum:  0.0, Workers: 4
[80.362s][debug][gc,phases      ] GC(138)     Dead                           Min: 0, Avg:  0.0, Max: 0, Diff: 0, Sum: 0, Workers: 4
[80.362s][debug][gc,phases      ] GC(138)     Total                          Min: 0, Avg: 176.0, Max: 576, Diff: 576, Sum: 704, Workers: 4
[80.362s][debug][gc,phases      ] GC(138)   ObjectSynchronizer Weak        Min:  0.0, Avg:  0.0, Max:  0.0, Diff:  0.0, Sum:  0.0, Workers: 4
[80.362s][debug][gc,phases      ] GC(138)     Dead                           Min: 0, Avg:  0.5, Max: 2, Diff: 2, Sum: 2, Workers: 4
[80.362s][debug][gc,phases      ] GC(138)     Total                          Min: 0, Avg: 136.5, Max: 290, Diff: 290, Sum: 546, Workers: 4
[80.362s][debug][gc,phases      ] GC(138)   JVMTI Tag Weak OopStorage      Min:  0.0, Avg:  0.0, Max:  0.0, Diff:  0.0, Sum:  0.0, Workers: 4
[80.362s][debug][gc,phases      ] GC(138)     Dead                           Min: 0, Avg:  0.0, Max: 0, Diff: 0, Sum: 0, Workers: 4
[80.362s][debug][gc,phases      ] GC(138)     Total                          Min: 0, Avg:  0.0, Max: 0, Diff: 0, Sum: 0, Workers: 4
[80.362s][debug][gc,phases      ] GC(138)   StringTable Weak               Min:  0.0, Avg:  0.1, Max:  0.3, Diff:  0.3, Sum:  0.6, Workers: 4
[80.362s][debug][gc,phases      ] GC(138)     Dead                           Min: 0, Avg:  0.5, Max: 1, Diff: 1, Sum: 2, Workers: 4
[80.362s][debug][gc,phases      ] GC(138)     Total                          Min: 0, Avg: 12015.0, Max: 24128, Diff: 24128, Sum: 48060, Workers: 4
[80.362s][debug][gc,phases      ] GC(138)   ResolvedMethodTable Weak       Min:  0.0, Avg:  0.0, Max:  0.1, Diff:  0.1, Sum:  0.2, Workers: 4
[80.362s][debug][gc,phases      ] GC(138)     Dead                           Min: 0, Avg:  1.8, Max: 7, Diff: 7, Sum: 7, Workers: 4
[80.362s][debug][gc,phases      ] GC(138)     Total                          Min: 0, Avg: 2167.8, Max: 4383, Diff: 4383, Sum: 8671, Workers: 4
[80.362s][debug][gc,phases      ] GC(138)   JNI Weak                       Min:  0.0, Avg:  0.0, Max:  0.0, Diff:  0.0, Sum:  0.0, Workers: 4
[80.362s][debug][gc,phases      ] GC(138)     Dead                           Min: 0, Avg:  0.0, Max: 0, Diff: 0, Sum: 0, Workers: 4
[80.362s][debug][gc,phases      ] GC(138)     Total                          Min: 0, Avg:  0.5, Max: 2, Diff: 2, Sum: 2, Workers: 4
[80.362s][debug][gc,phases      ] GC(138)   StringDedup Table Weak         Min:  0.0, Avg:  0.0, Max:  0.0, Diff:  0.0, Sum:  0.0, Workers: 4
[80.362s][debug][gc,phases      ] GC(138)     Dead                           Min: 0, Avg:  0.0, Max: 0, Diff: 0, Sum: 0, Workers: 4
[80.362s][debug][gc,phases      ] GC(138)     Total                          Min: 0, Avg:  0.0, Max: 0, Diff: 0, Sum: 0, Workers: 4
[80.362s][debug][gc,phases      ] GC(138)   StringDedup Requests0 Weak     Min:  0.0, Avg:  0.0, Max:  0.0, Diff:  0.0, Sum:  0.0, Workers: 4
[80.362s][debug][gc,phases      ] GC(138)     Dead                           Min: 0, Avg:  0.0, Max: 0, Diff: 0, Sum: 0, Workers: 4
[80.362s][debug][gc,phases      ] GC(138)     Total                          Min: 0, Avg:  0.0, Max: 0, Diff: 0, Sum: 0, Workers: 4
[80.362s][debug][gc,phases      ] GC(138)   StringDedup Requests1 Weak     Min:  0.0, Avg:  0.0, Max:  0.0, Diff:  0.0, Sum:  0.0, Workers: 4
[80.362s][debug][gc,phases      ] GC(138)     Dead                           Min: 0, Avg:  0.0, Max: 0, Diff: 0, Sum: 0, Workers: 4
[80.362s][debug][gc,phases      ] GC(138)     Total                          Min: 0, Avg:  0.0, Max: 0, Diff: 0, Sum: 0, Workers: 4
[80.362s][debug][gc,phases      ] GC(138)   Weak JFR Old Object Samples    Min:  0.0, Avg:  0.0, Max:  0.0, Diff:  0.0, Sum:  0.0, Workers: 4
[80.362s][debug][gc,phases      ] GC(138)     Dead                           Min: 0, Avg:  0.0, Max: 0, Diff: 0, Sum: 0, Workers: 4
[80.362s][debug][gc,phases      ] GC(138)     Total                          Min: 0, Avg:  0.0, Max: 0, Diff: 0, Sum: 0, Workers: 4
[80.362s][debug][gc,phases      ] GC(138) Weak Processing 3.330ms
[80.362s][debug][gc,age         ] GC(138) Desired survivor size 177733632 bytes, new threshold 14 (max threshold 15)
[80.362s][info ][gc,heap        ] GC(138) PSYoungGen: 1764464K(1871360K)->77538K(1916928K) Eden: 1736704K(1736704K)->0K(1736704K) From: 27760K(134656K)->77538K(180224K)
[80.362s][info ][gc,heap        ] GC(138) ParOldGen: 575073K(699904K)->577385K(699904K)
[80.362s][info ][gc,metaspace   ] GC(138) Metaspace: 84023K(84864K)->84023K(84864K) NonClass: 72209K(72640K)->72209K(72640K) Class: 11814K(12224K)->11814K(12224K)
[80.362s][info ][gc             ] GC(138) Pause Young (GCLocker Initiated GC) 2284M->639M(2555M) 140.874ms
[80.362s][info ][gc,cpu         ] GC(138) User=0.41s Sys=0.00s Real=0.14s
[80.362s][info ][safepoint      ] Safepoint "ParallelGCSystemGC", Time since last: 2816863 ns, Reaching safepoint: 120607 ns, At safepoint: 140984432 ns, Total: 141105039 ns
[81.370s][info ][safepoint      ] Safepoint "Cleanup", Time since last: 1000309697 ns, Reaching safepoint: 7977561 ns, At safepoint: 27701 ns, Total: 8005262 ns
[82.631s][info ][safepoint      ] Safepoint "ICBufferFull", Time since last: 1255991545 ns, Reaching safepoint: 4325349 ns, At safepoint: 26002 ns, Total: 4351351 ns
[82.634s][info ][safepoint      ] Safepoint "ICBufferFull", Time since last: 188011 ns, Reaching safepoint: 3186083 ns, At safepoint: 24302 ns, Total: 3210385 ns
[82.634s][info ][safepoint      ] Safepoint "ICBufferFull", Time since last: 111606 ns, Reaching safepoint: 92806 ns, At safepoint: 9100 ns, Total: 101906 ns
[82.634s][info ][safepoint      ] Safepoint "ICBufferFull", Time since last: 66204 ns, Reaching safepoint: 92705 ns, At safepoint: 11001 ns, Total: 103706 ns
[83.348s][info ][gc,start       ] GC(139) Pause Young (Allocation Failure)
[83.422s][debug][gc,phases      ] GC(139) Scavenge 73.163ms
[83.422s][debug][gc,ref         ] GC(139) Skipped phase 1 of Reference Processing: no references
[83.422s][debug][gc,ref         ] GC(139) ReferenceProcessor::execute queues: 1, RefProcThreadModel::Single, marks_oops_alive: false
[83.422s][debug][gc,ref         ] GC(139) Skipped phase 3 of Reference Processing: no references
[83.422s][debug][gc,ref         ] GC(139) ReferenceProcessor::execute queues: 1, RefProcThreadModel::Single, marks_oops_alive: false
[83.422s][debug][gc,phases      ] GC(139) Reference Processing 0.183ms
[83.422s][debug][gc,phases      ] GC(139)   VM Weak                        Min:  0.0, Avg:  0.0, Max:  0.0, Diff:  0.0, Sum:  0.0, Workers: 4
[83.422s][debug][gc,phases      ] GC(139)     Dead                           Min: 0, Avg:  0.0, Max: 0, Diff: 0, Sum: 0, Workers: 4
[83.422s][debug][gc,phases      ] GC(139)     Total                          Min: 0, Avg: 176.0, Max: 704, Diff: 704, Sum: 704, Workers: 4
[83.422s][debug][gc,phases      ] GC(139)   ObjectSynchronizer Weak        Min:  0.0, Avg:  0.0, Max:  0.0, Diff:  0.0, Sum:  0.0, Workers: 4
[83.422s][debug][gc,phases      ] GC(139)     Dead                           Min: 0, Avg:  0.0, Max: 0, Diff: 0, Sum: 0, Workers: 4
[83.422s][debug][gc,phases      ] GC(139)     Total                          Min: 0, Avg: 136.5, Max: 546, Diff: 546, Sum: 546, Workers: 4
[83.422s][debug][gc,phases      ] GC(139)   JVMTI Tag Weak OopStorage      Min:  0.0, Avg:  0.0, Max:  0.0, Diff:  0.0, Sum:  0.0, Workers: 4
[83.422s][debug][gc,phases      ] GC(139)     Dead                           Min: 0, Avg:  0.0, Max: 0, Diff: 0, Sum: 0, Workers: 4
[83.422s][debug][gc,phases      ] GC(139)     Total                          Min: 0, Avg:  0.0, Max: 0, Diff: 0, Sum: 0, Workers: 4
[83.422s][debug][gc,phases      ] GC(139)   StringTable Weak               Min:  0.0, Avg:  0.1, Max:  0.3, Diff:  0.3, Sum:  0.5, Workers: 4
[83.422s][debug][gc,phases      ] GC(139)     Dead                           Min: 0, Avg:  0.0, Max: 0, Diff: 0, Sum: 0, Workers: 4
[83.422s][debug][gc,phases      ] GC(139)     Total                          Min: 0, Avg: 12018.2, Max: 33993, Diff: 33993, Sum: 48073, Workers: 4
[83.422s][debug][gc,phases      ] GC(139)   ResolvedMethodTable Weak       Min:  0.0, Avg:  0.0, Max:  0.0, Diff:  0.0, Sum:  0.1, Workers: 4
[83.422s][debug][gc,phases      ] GC(139)     Dead                           Min: 0, Avg:  0.0, Max: 0, Diff: 0, Sum: 0, Workers: 4
[83.422s][debug][gc,phases      ] GC(139)     Total                          Min: 0, Avg: 2168.5, Max: 4672, Diff: 4672, Sum: 8674, Workers: 4
[83.422s][debug][gc,phases      ] GC(139)   JNI Weak                       Min:  0.0, Avg:  0.0, Max:  0.0, Diff:  0.0, Sum:  0.0, Workers: 4
[83.422s][debug][gc,phases      ] GC(139)     Dead                           Min: 0, Avg:  0.0, Max: 0, Diff: 0, Sum: 0, Workers: 4
[83.422s][debug][gc,phases      ] GC(139)     Total                          Min: 0, Avg:  1.2, Max: 5, Diff: 5, Sum: 5, Workers: 4
[83.422s][debug][gc,phases      ] GC(139)   StringDedup Table Weak         Min:  0.0, Avg:  0.0, Max:  0.0, Diff:  0.0, Sum:  0.0, Workers: 4
[83.422s][debug][gc,phases      ] GC(139)     Dead                           Min: 0, Avg:  0.0, Max: 0, Diff: 0, Sum: 0, Workers: 4
[83.422s][debug][gc,phases      ] GC(139)     Total                          Min: 0, Avg:  0.0, Max: 0, Diff: 0, Sum: 0, Workers: 4
[83.422s][debug][gc,phases      ] GC(139)   StringDedup Requests0 Weak     Min:  0.0, Avg:  0.0, Max:  0.0, Diff:  0.0, Sum:  0.0, Workers: 4
[83.422s][debug][gc,phases      ] GC(139)     Dead                           Min: 0, Avg:  0.0, Max: 0, Diff: 0, Sum: 0, Workers: 4
[83.422s][debug][gc,phases      ] GC(139)     Total                          Min: 0, Avg:  0.0, Max: 0, Diff: 0, Sum: 0, Workers: 4
[83.422s][debug][gc,phases      ] GC(139)   StringDedup Requests1 Weak     Min:  0.0, Avg:  0.0, Max:  0.0, Diff:  0.0, Sum:  0.0, Workers: 4
[83.422s][debug][gc,phases      ] GC(139)     Dead                           Min: 0, Avg:  0.0, Max: 0, Diff: 0, Sum: 0, Workers: 4
[83.422s][debug][gc,phases      ] GC(139)     Total                          Min: 0, Avg:  0.0, Max: 0, Diff: 0, Sum: 0, Workers: 4
[83.422s][debug][gc,phases      ] GC(139)   Weak JFR Old Object Samples    Min:  0.0, Avg:  0.0, Max:  0.0, Diff:  0.0, Sum:  0.0, Workers: 4
[83.422s][debug][gc,phases      ] GC(139)     Dead                           Min: 0, Avg:  0.0, Max: 0, Diff: 0, Sum: 0, Workers: 4
[83.422s][debug][gc,phases      ] GC(139)     Total                          Min: 0, Avg:  0.0, Max: 0, Diff: 0, Sum: 0, Workers: 4
[83.422s][debug][gc,phases      ] GC(139) Weak Processing 0.671ms
[83.422s][debug][gc,age         ] GC(139) Desired survivor size 178782208 bytes, new threshold 15 (max threshold 15)
[83.423s][info ][gc,heap        ] GC(139) PSYoungGen: 1814242K(1916928K)->115160K(1921536K) Eden: 1736704K(1736704K)->0K(1747968K) From: 77538K(180224K)->115160K(173568K)
[83.423s][info ][gc,heap        ] GC(139) ParOldGen: 577405K(699904K)->577413K(699904K)
[83.423s][info ][gc,metaspace   ] GC(139) Metaspace: 84155K(85056K)->84155K(85056K) NonClass: 72339K(72832K)->72339K(72832K) Class: 11815K(12224K)->11815K(12224K)
[83.423s][info ][gc             ] GC(139) Pause Young (Allocation Failure) 2335M->676M(2560M) 74.182ms
[83.423s][info ][gc,cpu         ] GC(139) User=0.22s Sys=0.00s Real=0.08s
[83.423s][info ][safepoint      ] Safepoint "ParallelGCFailedAllocation", Time since last: 713652062 ns, Reaching safepoint: 197012 ns, At safepoint: 74285484 ns, Total: 74482496 ns
[84.427s][info ][safepoint      ] Safepoint "Cleanup", Time since last: 1003734294 ns, Reaching safepoint: 195411 ns, At safepoint: 6701 ns, Total: 202112 ns
[85.431s][info ][safepoint      ] Safepoint "Cleanup", Time since last: 1003795496 ns, Reaching safepoint: 209412 ns, At safepoint: 15801 ns, Total: 225213 ns
[86.439s][info ][safepoint      ] Safepoint "Cleanup", Time since last: 1003784495 ns, Reaching safepoint: 4258446 ns, At safepoint: 13801 ns, Total: 4272247 ns
[87.954s][info ][safepoint      ] Safepoint "Cleanup", Time since last: 1515242093 ns, Reaching safepoint: 219413 ns, At safepoint: 10701 ns, Total: 230114 ns
[88.959s][info ][safepoint      ] Safepoint "Cleanup", Time since last: 1000239389 ns, Reaching safepoint: 4332050 ns, At safepoint: 25101 ns, Total: 4357151 ns
[89.190s][info ][gc,start       ] GC(140) Pause Young (Allocation Failure)
[89.250s][debug][gc,phases      ] GC(140) Scavenge 60.192ms
[89.250s][debug][gc,ref         ] GC(140) Skipped phase 1 of Reference Processing: no references
[89.250s][debug][gc,ref         ] GC(140) ReferenceProcessor::execute queues: 1, RefProcThreadModel::Single, marks_oops_alive: false
[89.251s][debug][gc,ref         ] GC(140) Skipped phase 3 of Reference Processing: no references
[89.251s][debug][gc,ref         ] GC(140) ReferenceProcessor::execute queues: 1, RefProcThreadModel::Single, marks_oops_alive: false
[89.251s][debug][gc,phases      ] GC(140) Reference Processing 0.142ms
[89.254s][debug][gc,phases      ] GC(140)   VM Weak                        Min:  0.0, Avg:  0.0, Max:  0.0, Diff:  0.0, Sum:  0.0, Workers: 4
[89.254s][debug][gc,phases      ] GC(140)     Dead                           Min: 0, Avg:  0.0, Max: 0, Diff: 0, Sum: 0, Workers: 4
[89.254s][debug][gc,phases      ] GC(140)     Total                          Min: 0, Avg: 176.2, Max: 704, Diff: 704, Sum: 705, Workers: 4
[89.254s][debug][gc,phases      ] GC(140)   ObjectSynchronizer Weak        Min:  0.0, Avg:  0.0, Max:  0.0, Diff:  0.0, Sum:  0.0, Workers: 4
[89.254s][debug][gc,phases      ] GC(140)     Dead                           Min: 0, Avg:  0.0, Max: 0, Diff: 0, Sum: 0, Workers: 4
[89.254s][debug][gc,phases      ] GC(140)     Total                          Min: 0, Avg: 136.5, Max: 354, Diff: 354, Sum: 546, Workers: 4
[89.254s][debug][gc,phases      ] GC(140)   JVMTI Tag Weak OopStorage      Min:  0.0, Avg:  0.0, Max:  0.0, Diff:  0.0, Sum:  0.0, Workers: 4
[89.254s][debug][gc,phases      ] GC(140)     Dead                           Min: 0, Avg:  0.0, Max: 0, Diff: 0, Sum: 0, Workers: 4
[89.254s][debug][gc,phases      ] GC(140)     Total                          Min: 0, Avg:  0.0, Max: 0, Diff: 0, Sum: 0, Workers: 4
[89.254s][debug][gc,phases      ] GC(140)   StringTable Weak               Min:  0.0, Avg:  0.2, Max:  0.4, Diff:  0.4, Sum:  0.7, Workers: 4
[89.254s][debug][gc,phases      ] GC(140)     Dead                           Min: 0, Avg:  0.0, Max: 0, Diff: 0, Sum: 0, Workers: 4
[89.254s][debug][gc,phases      ] GC(140)     Total                          Min: 0, Avg: 12024.2, Max: 28160, Diff: 28160, Sum: 48097, Workers: 4
[89.254s][debug][gc,phases      ] GC(140)   ResolvedMethodTable Weak       Min:  0.0, Avg:  0.0, Max:  0.0, Diff:  0.0, Sum:  0.1, Workers: 4
[89.254s][debug][gc,phases      ] GC(140)     Dead                           Min: 0, Avg:  0.0, Max: 0, Diff: 0, Sum: 0, Workers: 4
[89.254s][debug][gc,phases      ] GC(140)     Total                          Min: 0, Avg: 2169.5, Max: 4518, Diff: 4518, Sum: 8678, Workers: 4
[89.254s][debug][gc,phases      ] GC(140)   JNI Weak                       Min:  0.0, Avg:  0.0, Max:  0.0, Diff:  0.0, Sum:  0.0, Workers: 4
[89.254s][debug][gc,phases      ] GC(140)     Dead                           Min: 0, Avg:  0.0, Max: 0, Diff: 0, Sum: 0, Workers: 4
[89.254s][debug][gc,phases      ] GC(140)     Total                          Min: 0, Avg:  0.0, Max: 0, Diff: 0, Sum: 0, Workers: 4
[89.254s][debug][gc,phases      ] GC(140)   StringDedup Table Weak         Min:  0.0, Avg:  0.0, Max:  0.0, Diff:  0.0, Sum:  0.0, Workers: 4
[89.254s][debug][gc,phases      ] GC(140)     Dead                           Min: 0, Avg:  0.0, Max: 0, Diff: 0, Sum: 0, Workers: 4
[89.254s][debug][gc,phases      ] GC(140)     Total                          Min: 0, Avg:  0.0, Max: 0, Diff: 0, Sum: 0, Workers: 4
[89.255s][debug][gc,phases      ] GC(140)   StringDedup Requests0 Weak     Min:  0.0, Avg:  0.0, Max:  0.0, Diff:  0.0, Sum:  0.0, Workers: 4
[89.255s][debug][gc,phases      ] GC(140)     Dead                           Min: 0, Avg:  0.0, Max: 0, Diff: 0, Sum: 0, Workers: 4
[89.255s][debug][gc,phases      ] GC(140)     Total                          Min: 0, Avg:  0.0, Max: 0, Diff: 0, Sum: 0, Workers: 4
[89.255s][debug][gc,phases      ] GC(140)   StringDedup Requests1 Weak     Min:  0.0, Avg:  0.0, Max:  0.0, Diff:  0.0, Sum:  0.0, Workers: 4
[89.255s][debug][gc,phases      ] GC(140)     Dead                           Min: 0, Avg:  0.0, Max: 0, Diff: 0, Sum: 0, Workers: 4
[89.255s][debug][gc,phases      ] GC(140)     Total                          Min: 0, Avg:  0.0, Max: 0, Diff: 0, Sum: 0, Workers: 4
[89.255s][debug][gc,phases      ] GC(140)   Weak JFR Old Object Samples    Min:  0.0, Avg:  0.0, Max:  0.0, Diff:  0.0, Sum:  0.0, Workers: 4
[89.255s][debug][gc,phases      ] GC(140)     Dead                           Min: 0, Avg:  0.0, Max: 0, Diff: 0, Sum: 0, Workers: 4
[89.255s][debug][gc,phases      ] GC(140)     Total                          Min: 0, Avg:  0.0, Max: 0, Diff: 0, Sum: 0, Workers: 4
[89.255s][debug][gc,phases      ] GC(140) Weak Processing 4.014ms
[89.255s][debug][gc,age         ] GC(140) Desired survivor size 180879360 bytes, new threshold 15 (max threshold 15)
[89.255s][info ][gc,heap        ] GC(140) PSYoungGen: 1863128K(1921536K)->120174K(1868288K) Eden: 1747968K(1747968K)->0K(1747968K) From: 115160K(173568K)->120174K(120320K)
[89.255s][info ][gc,heap        ] GC(140) ParOldGen: 577413K(699904K)->577421K(699904K)
[89.255s][info ][gc,metaspace   ] GC(140) Metaspace: 84204K(85120K)->84204K(85120K) NonClass: 72385K(72896K)->72385K(72896K) Class: 11818K(12224K)->11818K(12224K)
[89.255s][info ][gc             ] GC(140) Pause Young (Allocation Failure) 2383M->681M(2508M) 64.532ms
[89.255s][info ][gc,cpu         ] GC(140) User=0.17s Sys=0.00s Real=0.07s
[89.255s][info ][safepoint      ] Safepoint "ParallelGCFailedAllocation", Time since last: 231191834 ns, Reaching safepoint: 164610 ns, At safepoint: 64667329 ns, Total: 64831939 ns
[90.255s][info ][safepoint      ] Safepoint "Cleanup", Time since last: 1000091881 ns, Reaching safepoint: 176210 ns, At safepoint: 17101 ns, Total: 193311 ns
[91.256s][info ][safepoint      ] Safepoint "Cleanup", Time since last: 1000960929 ns, Reaching safepoint: 249815 ns, At safepoint: 23801 ns, Total: 273616 ns
[92.257s][info ][safepoint      ] Safepoint "Cleanup", Time since last: 1000244888 ns, Reaching safepoint: 169610 ns, At safepoint: 19401 ns, Total: 189011 ns
[93.257s][info ][safepoint      ] Safepoint "Cleanup", Time since last: 1000120780 ns, Reaching safepoint: 184911 ns, At safepoint: 10300 ns, Total: 195211 ns
[93.918s][info ][gc,start       ] GC(141) Pause Young (Allocation Failure)
[93.983s][debug][gc,phases      ] GC(141) Scavenge 64.745ms
[93.983s][debug][gc,ref         ] GC(141) Skipped phase 1 of Reference Processing: no references
[93.983s][debug][gc,ref         ] GC(141) ReferenceProcessor::execute queues: 1, RefProcThreadModel::Single, marks_oops_alive: false
[93.983s][debug][gc,ref         ] GC(141) Skipped phase 3 of Reference Processing: no references
[93.983s][debug][gc,ref         ] GC(141) ReferenceProcessor::execute queues: 1, RefProcThreadModel::Single, marks_oops_alive: false
[93.983s][debug][gc,phases      ] GC(141) Reference Processing 0.136ms
[93.984s][debug][gc,phases      ] GC(141)   VM Weak                        Min:  0.0, Avg:  0.0, Max:  0.0, Diff:  0.0, Sum:  0.0, Workers: 4
[93.984s][debug][gc,phases      ] GC(141)     Dead                           Min: 0, Avg:  0.0, Max: 0, Diff: 0, Sum: 0, Workers: 4
[93.984s][debug][gc,phases      ] GC(141)     Total                          Min: 0, Avg: 176.2, Max: 704, Diff: 704, Sum: 705, Workers: 4
[93.984s][debug][gc,phases      ] GC(141)   ObjectSynchronizer Weak        Min:  0.0, Avg:  0.0, Max:  0.0, Diff:  0.0, Sum:  0.0, Workers: 4
[93.984s][debug][gc,phases      ] GC(141)     Dead                           Min: 0, Avg:  0.0, Max: 0, Diff: 0, Sum: 0, Workers: 4
[93.984s][debug][gc,phases      ] GC(141)     Total                          Min: 64, Avg: 136.5, Max: 226, Diff: 162, Sum: 546, Workers: 4
[93.984s][debug][gc,phases      ] GC(141)   JVMTI Tag Weak OopStorage      Min:  0.0, Avg:  0.0, Max:  0.0, Diff:  0.0, Sum:  0.0, Workers: 4
[93.984s][debug][gc,phases      ] GC(141)     Dead                           Min: 0, Avg:  0.0, Max: 0, Diff: 0, Sum: 0, Workers: 4
[93.984s][debug][gc,phases      ] GC(141)     Total                          Min: 0, Avg:  0.0, Max: 0, Diff: 0, Sum: 0, Workers: 4
[93.984s][debug][gc,phases      ] GC(141)   StringTable Weak               Min:  0.1, Avg:  0.1, Max:  0.1, Diff:  0.0, Sum:  0.5, Workers: 4
[93.984s][debug][gc,phases      ] GC(141)     Dead                           Min: 0, Avg:  0.2, Max: 1, Diff: 1, Sum: 1, Workers: 4
[93.984s][debug][gc,phases      ] GC(141)     Total                          Min: 11520, Avg: 12027.0, Max: 12416, Diff: 896, Sum: 48108, Workers: 4
[93.984s][debug][gc,phases      ] GC(141)   ResolvedMethodTable Weak       Min:  0.0, Avg:  0.0, Max:  0.0, Diff:  0.0, Sum:  0.1, Workers: 4
[93.984s][debug][gc,phases      ] GC(141)     Dead                           Min: 0, Avg:  0.0, Max: 0, Diff: 0, Sum: 0, Workers: 4
[93.984s][debug][gc,phases      ] GC(141)     Total                          Min: 2048, Avg: 2170.0, Max: 2304, Diff: 256, Sum: 8680, Workers: 4
[93.984s][debug][gc,phases      ] GC(141)   JNI Weak                       Min:  0.0, Avg:  0.0, Max:  0.0, Diff:  0.0, Sum:  0.0, Workers: 4
[93.984s][debug][gc,phases      ] GC(141)     Dead                           Min: 0, Avg:  0.0, Max: 0, Diff: 0, Sum: 0, Workers: 4
[93.984s][debug][gc,phases      ] GC(141)     Total                          Min: 0, Avg:  0.0, Max: 0, Diff: 0, Sum: 0, Workers: 4
[93.984s][debug][gc,phases      ] GC(141)   StringDedup Table Weak         Min:  0.0, Avg:  0.0, Max:  0.0, Diff:  0.0, Sum:  0.0, Workers: 4
[93.984s][debug][gc,phases      ] GC(141)     Dead                           Min: 0, Avg:  0.0, Max: 0, Diff: 0, Sum: 0, Workers: 4
[93.984s][debug][gc,phases      ] GC(141)     Total                          Min: 0, Avg:  0.0, Max: 0, Diff: 0, Sum: 0, Workers: 4
[93.984s][debug][gc,phases      ] GC(141)   StringDedup Requests0 Weak     Min:  0.0, Avg:  0.0, Max:  0.0, Diff:  0.0, Sum:  0.0, Workers: 4
[93.984s][debug][gc,phases      ] GC(141)     Dead                           Min: 0, Avg:  0.0, Max: 0, Diff: 0, Sum: 0, Workers: 4
[93.984s][debug][gc,phases      ] GC(141)     Total                          Min: 0, Avg:  0.0, Max: 0, Diff: 0, Sum: 0, Workers: 4
[93.984s][debug][gc,phases      ] GC(141)   StringDedup Requests1 Weak     Min:  0.0, Avg:  0.0, Max:  0.0, Diff:  0.0, Sum:  0.0, Workers: 4
[93.984s][debug][gc,phases      ] GC(141)     Dead                           Min: 0, Avg:  0.0, Max: 0, Diff: 0, Sum: 0, Workers: 4
[93.984s][debug][gc,phases      ] GC(141)     Total                          Min: 0, Avg:  0.0, Max: 0, Diff: 0, Sum: 0, Workers: 4
[93.984s][debug][gc,phases      ] GC(141)   Weak JFR Old Object Samples    Min:  0.0, Avg:  0.0, Max:  0.0, Diff:  0.0, Sum:  0.0, Workers: 4
[93.984s][debug][gc,phases      ] GC(141)     Dead                           Min: 0, Avg:  0.0, Max: 0, Diff: 0, Sum: 0, Workers: 4
[93.984s][debug][gc,phases      ] GC(141)     Total                          Min: 0, Avg:  0.0, Max: 0, Diff: 0, Sum: 0, Workers: 4
[93.984s][debug][gc,phases      ] GC(141) Weak Processing 0.364ms
[93.984s][debug][gc,age         ] GC(141) Desired survivor size 205520896 bytes, new threshold 14 (max threshold 15)
[93.984s][info ][gc,heap        ] GC(141) PSYoungGen: 1868142K(1868288K)->176636K(1872384K) Eden: 1747968K(1747968K)->0K(1695744K) From: 120174K(120320K)->176636K(176640K)
[93.984s][info ][gc,heap        ] GC(141) ParOldGen: 577421K(699904K)->582731K(699904K)
[93.984s][info ][gc,metaspace   ] GC(141) Metaspace: 84274K(85120K)->84274K(85120K) NonClass: 72455K(72896K)->72455K(72896K) Class: 11818K(12224K)->11818K(12224K)
[93.984s][info ][gc             ] GC(141) Pause Young (Allocation Failure) 2388M->741M(2512M) 65.397ms
[93.984s][info ][gc,cpu         ] GC(141) User=0.24s Sys=0.00s Real=0.07s
[93.984s][info ][safepoint      ] Safepoint "ParallelGCFailedAllocation", Time since last: 661167932 ns, Reaching safepoint: 290316 ns, At safepoint: 65495478 ns, Total: 65785794 ns
[94.987s][info ][safepoint      ] Safepoint "Cleanup", Time since last: 1001398553 ns, Reaching safepoint: 1533288 ns, At safepoint: 8501 ns, Total: 1541789 ns
[96.926s][info ][safepoint      ] Safepoint "Cleanup", Time since last: 1939181435 ns, Reaching safepoint: 278416 ns, At safepoint: 11501 ns, Total: 289917 ns
[98.144s][info ][safepoint      ] Safepoint "Cleanup", Time since last: 1207996265 ns, Reaching safepoint: 9216632 ns, At safepoint: 19801 ns, Total: 9236433 ns
[99.154s][info ][safepoint      ] Safepoint "Cleanup", Time since last: 1002750228 ns, Reaching safepoint: 8086067 ns, At safepoint: 18201 ns, Total: 8104268 ns
[100.168s][info ][safepoint      ] Safepoint "Cleanup", Time since last: 1000106775 ns, Reaching safepoint: 13876201 ns, At safepoint: 14600 ns, Total: 13890801 ns
[101.178s][info ][safepoint      ] Safepoint "Cleanup", Time since last: 1000116376 ns, Reaching safepoint: 9923872 ns, At safepoint: 15401 ns, Total: 9939273 ns
[102.179s][info ][safepoint      ] Safepoint "Cleanup", Time since last: 1000112875 ns, Reaching safepoint: 61903 ns, At safepoint: 5401 ns, Total: 67304 ns
[103.179s][info ][safepoint      ] Safepoint "Cleanup", Time since last: 1000110574 ns, Reaching safepoint: 129907 ns, At safepoint: 5901 ns, Total: 135808 ns
[104.182s][info ][safepoint      ] Safepoint "Cleanup", Time since last: 1003428365 ns, Reaching safepoint: 82604 ns, At safepoint: 6801 ns, Total: 89405 ns
[105.189s][info ][safepoint      ] Safepoint "Cleanup", Time since last: 1001653562 ns, Reaching safepoint: 4944385 ns, At safepoint: 12601 ns, Total: 4956986 ns
[106.189s][info ][safepoint      ] Safepoint "Cleanup", Time since last: 1000125273 ns, Reaching safepoint: 139208 ns, At safepoint: 7300 ns, Total: 146508 ns
[107.191s][info ][safepoint      ] Safepoint "Cleanup", Time since last: 1000121073 ns, Reaching safepoint: 1772002 ns, At safepoint: 11501 ns, Total: 1783503 ns
[108.202s][info ][safepoint      ] Safepoint "Cleanup", Time since last: 1000109971 ns, Reaching safepoint: 10416801 ns, At safepoint: 12900 ns, Total: 10429701 ns
[109.202s][info ][safepoint      ] Safepoint "Cleanup", Time since last: 1000586999 ns, Reaching safepoint: 71804 ns, At safepoint: 3300 ns, Total: 75104 ns
[110.206s][info ][safepoint      ] Safepoint "Cleanup", Time since last: 1003089442 ns, Reaching safepoint: 65904 ns, At safepoint: 4800 ns, Total: 70704 ns
[111.206s][info ][safepoint      ] Safepoint "Cleanup", Time since last: 1000121571 ns, Reaching safepoint: 83704 ns, At safepoint: 7801 ns, Total: 91505 ns
[112.206s][info ][safepoint      ] Safepoint "Cleanup", Time since last: 1000106269 ns, Reaching safepoint: 67804 ns, At safepoint: 9600 ns, Total: 77404 ns
[113.211s][info ][safepoint      ] Safepoint "Cleanup", Time since last: 1000109069 ns, Reaching safepoint: 5333807 ns, At safepoint: 10301 ns, Total: 5344108 ns
[114.212s][info ][safepoint      ] Safepoint "Cleanup", Time since last: 1000107468 ns, Reaching safepoint: 85405 ns, At safepoint: 8700 ns, Total: 94105 ns
[115.212s][info ][safepoint      ] Safepoint "Cleanup", Time since last: 1000106668 ns, Reaching safepoint: 47402 ns, At safepoint: 3601 ns, Total: 51003 ns
[116.212s][info ][safepoint      ] Safepoint "Cleanup", Time since last: 1000096866 ns, Reaching safepoint: 55003 ns, At safepoint: 9101 ns, Total: 64104 ns
[117.212s][info ][safepoint      ] Safepoint "Cleanup", Time since last: 1000106566 ns, Reaching safepoint: 125607 ns, At safepoint: 7501 ns, Total: 133108 ns
[118.212s][info ][safepoint      ] Safepoint "Cleanup", Time since last: 1000102665 ns, Reaching safepoint: 45503 ns, At safepoint: 5400 ns, Total: 50903 ns
[119.212s][info ][safepoint      ] Safepoint "Cleanup", Time since last: 1000097565 ns, Reaching safepoint: 56303 ns, At safepoint: 4100 ns, Total: 60403 ns
[120.213s][info ][safepoint      ] Safepoint "Cleanup", Time since last: 1000093764 ns, Reaching safepoint: 54103 ns, At safepoint: 8501 ns, Total: 62604 ns
[121.213s][info ][safepoint      ] Safepoint "Cleanup", Time since last: 1000093363 ns, Reaching safepoint: 122207 ns, At safepoint: 7801 ns, Total: 130008 ns
[122.214s][info ][safepoint      ] Safepoint "Cleanup", Time since last: 1000099463 ns, Reaching safepoint: 607335 ns, At safepoint: 9101 ns, Total: 616436 ns
[123.132s][info ][gc,start       ] GC(142) Pause Young (Allocation Failure)
[123.194s][debug][gc,phases      ] GC(142) Scavenge 62.323ms
[123.194s][debug][gc,ref         ] GC(142) Skipped phase 1 of Reference Processing: no references
[123.194s][debug][gc,ref         ] GC(142) ReferenceProcessor::execute queues: 1, RefProcThreadModel::Single, marks_oops_alive: false
[123.194s][debug][gc,ref         ] GC(142) Skipped phase 3 of Reference Processing: no references
[123.194s][debug][gc,ref         ] GC(142) ReferenceProcessor::execute queues: 1, RefProcThreadModel::Single, marks_oops_alive: false
[123.194s][debug][gc,phases      ] GC(142) Reference Processing 0.132ms
[123.194s][debug][gc,phases      ] GC(142)   VM Weak                        Min:  0.0, Avg:  0.0, Max:  0.0, Diff:  0.0, Sum:  0.0, Workers: 4
[123.194s][debug][gc,phases      ] GC(142)     Dead                           Min: 0, Avg:  0.0, Max: 0, Diff: 0, Sum: 0, Workers: 4
[123.194s][debug][gc,phases      ] GC(142)     Total                          Min: 0, Avg: 176.5, Max: 640, Diff: 640, Sum: 706, Workers: 4
[123.194s][debug][gc,phases      ] GC(142)   ObjectSynchronizer Weak        Min:  0.0, Avg:  0.0, Max:  0.0, Diff:  0.0, Sum:  0.0, Workers: 4
[123.194s][debug][gc,phases      ] GC(142)     Dead                           Min: 0, Avg:  2.2, Max: 9, Diff: 9, Sum: 9, Workers: 4
[123.194s][debug][gc,phases      ] GC(142)     Total                          Min: 0, Avg: 138.8, Max: 299, Diff: 299, Sum: 555, Workers: 4
[123.195s][debug][gc,phases      ] GC(142)   JVMTI Tag Weak OopStorage      Min:  0.0, Avg:  0.0, Max:  0.0, Diff:  0.0, Sum:  0.0, Workers: 4
[123.195s][debug][gc,phases      ] GC(142)     Dead                           Min: 0, Avg:  0.0, Max: 0, Diff: 0, Sum: 0, Workers: 4
[123.195s][debug][gc,phases      ] GC(142)     Total                          Min: 0, Avg:  0.0, Max: 0, Diff: 0, Sum: 0, Workers: 4
[123.195s][debug][gc,phases      ] GC(142)   StringTable Weak               Min:  0.0, Avg:  0.1, Max:  0.2, Diff:  0.2, Sum:  0.5, Workers: 4
[123.195s][debug][gc,phases      ] GC(142)     Dead                           Min: 0, Avg:  0.5, Max: 1, Diff: 1, Sum: 2, Workers: 4
[123.195s][debug][gc,phases      ] GC(142)     Total                          Min: 0, Avg: 12045.5, Max: 24576, Diff: 24576, Sum: 48182, Workers: 4
[123.195s][debug][gc,phases      ] GC(142)   ResolvedMethodTable Weak       Min:  0.0, Avg:  0.0, Max:  0.0, Diff:  0.0, Sum:  0.1, Workers: 4
[123.195s][debug][gc,phases      ] GC(142)     Dead                           Min: 0, Avg:  0.0, Max: 0, Diff: 0, Sum: 0, Workers: 4
[123.195s][debug][gc,phases      ] GC(142)     Total                          Min: 0, Avg: 2183.5, Max: 4608, Diff: 4608, Sum: 8734, Workers: 4
[123.195s][debug][gc,phases      ] GC(142)   JNI Weak                       Min:  0.0, Avg:  0.0, Max:  0.0, Diff:  0.0, Sum:  0.0, Workers: 4
[123.195s][debug][gc,phases      ] GC(142)     Dead                           Min: 0, Avg:  0.0, Max: 0, Diff: 0, Sum: 0, Workers: 4
[123.195s][debug][gc,phases      ] GC(142)     Total                          Min: 0, Avg:  0.0, Max: 0, Diff: 0, Sum: 0, Workers: 4
[123.195s][debug][gc,phases      ] GC(142)   StringDedup Table Weak         Min:  0.0, Avg:  0.0, Max:  0.0, Diff:  0.0, Sum:  0.0, Workers: 4
[123.195s][debug][gc,phases      ] GC(142)     Dead                           Min: 0, Avg:  0.0, Max: 0, Diff: 0, Sum: 0, Workers: 4
[123.195s][debug][gc,phases      ] GC(142)     Total                          Min: 0, Avg:  0.0, Max: 0, Diff: 0, Sum: 0, Workers: 4
[123.195s][debug][gc,phases      ] GC(142)   StringDedup Requests0 Weak     Min:  0.0, Avg:  0.0, Max:  0.0, Diff:  0.0, Sum:  0.0, Workers: 4
[123.195s][debug][gc,phases      ] GC(142)     Dead                           Min: 0, Avg:  0.0, Max: 0, Diff: 0, Sum: 0, Workers: 4
[123.195s][debug][gc,phases      ] GC(142)     Total                          Min: 0, Avg:  0.0, Max: 0, Diff: 0, Sum: 0, Workers: 4
[123.195s][debug][gc,phases      ] GC(142)   StringDedup Requests1 Weak     Min:  0.0, Avg:  0.0, Max:  0.0, Diff:  0.0, Sum:  0.0, Workers: 4
[123.195s][debug][gc,phases      ] GC(142)     Dead                           Min: 0, Avg:  0.0, Max: 0, Diff: 0, Sum: 0, Workers: 4
[123.195s][debug][gc,phases      ] GC(142)     Total                          Min: 0, Avg:  0.0, Max: 0, Diff: 0, Sum: 0, Workers: 4
[123.195s][debug][gc,phases      ] GC(142)   Weak JFR Old Object Samples    Min:  0.0, Avg:  0.0, Max:  0.0, Diff:  0.0, Sum:  0.0, Workers: 4
[123.195s][debug][gc,phases      ] GC(142)     Dead                           Min: 0, Avg:  0.0, Max: 0, Diff: 0, Sum: 0, Workers: 4
[123.195s][debug][gc,phases      ] GC(142)     Total                          Min: 0, Avg:  0.0, Max: 0, Diff: 0, Sum: 0, Workers: 4
[123.195s][debug][gc,phases      ] GC(142) Weak Processing 0.542ms
[123.195s][debug][gc,age         ] GC(142) Desired survivor size 222822400 bytes, new threshold 15 (max threshold 15)
[123.195s][info ][gc,heap        ] GC(142) PSYoungGen: 1872380K(1872384K)->176377K(1872384K) Eden: 1695744K(1695744K)->0K(1695744K) From: 176636K(176640K)->176377K(176640K)
[123.195s][info ][gc,heap        ] GC(142) ParOldGen: 582731K(699904K)->582795K(699904K)
[123.195s][info ][gc,metaspace   ] GC(142) Metaspace: 84591K(85504K)->84591K(85504K) NonClass: 72741K(73216K)->72741K(73216K) Class: 11850K(12288K)->11850K(12288K)
[123.195s][info ][gc             ] GC(142) Pause Young (Allocation Failure) 2397M->741M(2512M) 63.138ms
[123.195s][info ][gc,cpu         ] GC(142) User=0.19s Sys=0.00s Real=0.07s
[123.195s][info ][safepoint      ] Safepoint "ParallelGCFailedAllocation", Time since last: 917882822 ns, Reaching safepoint: 59703 ns, At safepoint: 63245147 ns, Total: 63304850 ns
[124.195s][info ][safepoint      ] Safepoint "Cleanup", Time since last: 1000036159 ns, Reaching safepoint: 53403 ns, At safepoint: 9300 ns, Total: 62703 ns
[126.195s][info ][safepoint      ] Safepoint "Cleanup", Time since last: 2000168521 ns, Reaching safepoint: 79805 ns, At safepoint: 12501 ns, Total: 92306 ns
[127.206s][info ][safepoint      ] Safepoint "Cleanup", Time since last: 1000108661 ns, Reaching safepoint: 10546908 ns, At safepoint: 18501 ns, Total: 10565409 ns
[128.206s][info ][safepoint      ] Safepoint "Cleanup", Time since last: 1000125562 ns, Reaching safepoint: 223712 ns, At safepoint: 11201 ns, Total: 234913 ns
[129.029s][info ][gc,start       ] GC(143) Pause Young (Allocation Failure)
[129.123s][debug][gc,phases      ] GC(143) Scavenge 93.897ms
[129.123s][debug][gc,ref         ] GC(143) Skipped phase 1 of Reference Processing: no references
[129.123s][debug][gc,ref         ] GC(143) ReferenceProcessor::execute queues: 1, RefProcThreadModel::Single, marks_oops_alive: false
[129.123s][debug][gc,ref         ] GC(143) Skipped phase 3 of Reference Processing: no references
[129.123s][debug][gc,ref         ] GC(143) ReferenceProcessor::execute queues: 1, RefProcThreadModel::Single, marks_oops_alive: false
[129.123s][debug][gc,phases      ] GC(143) Reference Processing 0.150ms
[129.124s][debug][gc,phases      ] GC(143)   VM Weak                        Min:  0.0, Avg:  0.0, Max:  0.0, Diff:  0.0, Sum:  0.0, Workers: 4
[129.124s][debug][gc,phases      ] GC(143)     Dead                           Min: 0, Avg:  0.0, Max: 0, Diff: 0, Sum: 0, Workers: 4
[129.124s][debug][gc,phases      ] GC(143)     Total                          Min: 0, Avg: 176.5, Max: 706, Diff: 706, Sum: 706, Workers: 4
[129.124s][debug][gc,phases      ] GC(143)   ObjectSynchronizer Weak        Min:  0.0, Avg:  0.0, Max:  0.0, Diff:  0.0, Sum:  0.0, Workers: 4
[129.124s][debug][gc,phases      ] GC(143)     Dead                           Min: 0, Avg:  0.0, Max: 0, Diff: 0, Sum: 0, Workers: 4
[129.124s][debug][gc,phases      ] GC(143)     Total                          Min: 0, Avg: 138.8, Max: 555, Diff: 555, Sum: 555, Workers: 4
[129.124s][debug][gc,phases      ] GC(143)   JVMTI Tag Weak OopStorage      Min:  0.0, Avg:  0.0, Max:  0.0, Diff:  0.0, Sum:  0.0, Workers: 4
[129.124s][debug][gc,phases      ] GC(143)     Dead                           Min: 0, Avg:  0.0, Max: 0, Diff: 0, Sum: 0, Workers: 4
[129.124s][debug][gc,phases      ] GC(143)     Total                          Min: 0, Avg:  0.0, Max: 0, Diff: 0, Sum: 0, Workers: 4
[129.124s][debug][gc,phases      ] GC(143)   StringTable Weak               Min:  0.0, Avg:  0.1, Max:  0.5, Diff:  0.5, Sum:  0.5, Workers: 4
[129.124s][debug][gc,phases      ] GC(143)     Dead                           Min: 0, Avg:  0.0, Max: 0, Diff: 0, Sum: 0, Workers: 4
[129.124s][debug][gc,phases      ] GC(143)     Total                          Min: 0, Avg: 12050.5, Max: 48202, Diff: 48202, Sum: 48202, Workers: 4
[129.124s][debug][gc,phases      ] GC(143)   ResolvedMethodTable Weak       Min:  0.0, Avg:  0.0, Max:  0.1, Diff:  0.1, Sum:  0.1, Workers: 4
[129.124s][debug][gc,phases      ] GC(143)     Dead                           Min: 0, Avg:  0.0, Max: 0, Diff: 0, Sum: 0, Workers: 4
[129.124s][debug][gc,phases      ] GC(143)     Total                          Min: 0, Avg: 2183.5, Max: 8734, Diff: 8734, Sum: 8734, Workers: 4
[129.124s][debug][gc,phases      ] GC(143)   JNI Weak                       Min:  0.0, Avg:  0.0, Max:  0.0, Diff:  0.0, Sum:  0.0, Workers: 4
[129.124s][debug][gc,phases      ] GC(143)     Dead                           Min: 0, Avg:  0.0, Max: 0, Diff: 0, Sum: 0, Workers: 4
[129.124s][debug][gc,phases      ] GC(143)     Total                          Min: 0, Avg:  3.5, Max: 14, Diff: 14, Sum: 14, Workers: 4
[129.124s][debug][gc,phases      ] GC(143)   StringDedup Table Weak         Min:  0.0, Avg:  0.0, Max:  0.0, Diff:  0.0, Sum:  0.0, Workers: 4
[129.124s][debug][gc,phases      ] GC(143)     Dead                           Min: 0, Avg:  0.0, Max: 0, Diff: 0, Sum: 0, Workers: 4
[129.124s][debug][gc,phases      ] GC(143)     Total                          Min: 0, Avg:  0.0, Max: 0, Diff: 0, Sum: 0, Workers: 4
[129.124s][debug][gc,phases      ] GC(143)   StringDedup Requests0 Weak     Min:  0.0, Avg:  0.0, Max:  0.0, Diff:  0.0, Sum:  0.0, Workers: 4
[129.124s][debug][gc,phases      ] GC(143)     Dead                           Min: 0, Avg:  0.0, Max: 0, Diff: 0, Sum: 0, Workers: 4
[129.124s][debug][gc,phases      ] GC(143)     Total                          Min: 0, Avg:  0.0, Max: 0, Diff: 0, Sum: 0, Workers: 4
[129.124s][debug][gc,phases      ] GC(143)   StringDedup Requests1 Weak     Min:  0.0, Avg:  0.0, Max:  0.0, Diff:  0.0, Sum:  0.0, Workers: 4
[129.124s][debug][gc,phases      ] GC(143)     Dead                           Min: 0, Avg:  0.0, Max: 0, Diff: 0, Sum: 0, Workers: 4
[129.124s][debug][gc,phases      ] GC(143)     Total                          Min: 0, Avg:  0.0, Max: 0, Diff: 0, Sum: 0, Workers: 4
[129.124s][debug][gc,phases      ] GC(143)   Weak JFR Old Object Samples    Min:  0.0, Avg:  0.0, Max:  0.0, Diff:  0.0, Sum:  0.0, Workers: 4
[129.124s][debug][gc,phases      ] GC(143)     Dead                           Min: 0, Avg:  0.0, Max: 0, Diff: 0, Sum: 0, Workers: 4
[129.124s][debug][gc,phases      ] GC(143)     Total                          Min: 0, Avg:  0.0, Max: 0, Diff: 0, Sum: 0, Workers: 4
[129.124s][debug][gc,phases      ] GC(143) Weak Processing 0.834ms
[129.124s][debug][gc,age         ] GC(143) Desired survivor size 254279680 bytes, new threshold 14 (max threshold 15)
[129.124s][info ][gc,heap        ] GC(143) PSYoungGen: 1872121K(1872384K)->217596K(1818112K) Eden: 1695744K(1695744K)->0K(1600512K) From: 176377K(176640K)->217596K(217600K)
[129.124s][info ][gc,heap        ] GC(143) ParOldGen: 582795K(699904K)->587654K(699904K)
[129.124s][info ][gc,metaspace   ] GC(143) Metaspace: 84618K(85568K)->84618K(85568K) NonClass: 72768K(73280K)->72768K(73280K) Class: 11850K(12288K)->11850K(12288K)
[129.124s][info ][gc             ] GC(143) Pause Young (Allocation Failure) 2397M->786M(2459M) 95.046ms
[129.124s][info ][gc,cpu         ] GC(143) User=0.32s Sys=0.04s Real=0.10s
[129.124s][info ][safepoint      ] Safepoint "ParallelGCFailedAllocation", Time since last: 822237905 ns, Reaching safepoint: 690140 ns, At safepoint: 95183088 ns, Total: 95873228 ns
[130.125s][info ][safepoint      ] Safepoint "Cleanup", Time since last: 1000096859 ns, Reaching safepoint: 202711 ns, At safepoint: 16301 ns, Total: 219012 ns
[131.125s][info ][safepoint      ] Safepoint "Cleanup", Time since last: 1000116160 ns, Reaching safepoint: 196211 ns, At safepoint: 8101 ns, Total: 204312 ns
[131.923s][info ][gc,start       ] GC(144) Pause Young (Allocation Failure)
[132.008s][debug][gc,phases      ] GC(144) Scavenge 85.512ms
[132.008s][debug][gc,ref         ] GC(144) Skipped phase 1 of Reference Processing: no references
[132.009s][debug][gc,ref         ] GC(144) ReferenceProcessor::execute queues: 1, RefProcThreadModel::Single, marks_oops_alive: false
[132.009s][debug][gc,ref         ] GC(144) Skipped phase 3 of Reference Processing: no references
[132.009s][debug][gc,ref         ] GC(144) ReferenceProcessor::execute queues: 1, RefProcThreadModel::Single, marks_oops_alive: false
[132.009s][debug][gc,phases      ] GC(144) Reference Processing 0.169ms
[132.009s][debug][gc,phases      ] GC(144)   VM Weak                        Min:  0.0, Avg:  0.0, Max:  0.0, Diff:  0.0, Sum:  0.0, Workers: 4
[132.009s][debug][gc,phases      ] GC(144)     Dead                           Min: 0, Avg:  0.0, Max: 0, Diff: 0, Sum: 0, Workers: 4
[132.009s][debug][gc,phases      ] GC(144)     Total                          Min: 0, Avg: 176.5, Max: 704, Diff: 704, Sum: 706, Workers: 4
[132.009s][debug][gc,phases      ] GC(144)   ObjectSynchronizer Weak        Min:  0.0, Avg:  0.0, Max:  0.0, Diff:  0.0, Sum:  0.0, Workers: 4
[132.009s][debug][gc,phases      ] GC(144)     Dead                           Min: 0, Avg:  0.5, Max: 2, Diff: 2, Sum: 2, Workers: 4
[132.009s][debug][gc,phases      ] GC(144)     Total                          Min: 0, Avg: 139.2, Max: 256, Diff: 256, Sum: 557, Workers: 4
[132.009s][debug][gc,phases      ] GC(144)   JVMTI Tag Weak OopStorage      Min:  0.0, Avg:  0.0, Max:  0.0, Diff:  0.0, Sum:  0.0, Workers: 4
[132.009s][debug][gc,phases      ] GC(144)     Dead                           Min: 0, Avg:  0.0, Max: 0, Diff: 0, Sum: 0, Workers: 4
[132.009s][debug][gc,phases      ] GC(144)     Total                          Min: 0, Avg:  0.0, Max: 0, Diff: 0, Sum: 0, Workers: 4
[132.009s][debug][gc,phases      ] GC(144)   StringTable Weak               Min:  0.1, Avg:  0.1, Max:  0.1, Diff:  0.0, Sum:  0.6, Workers: 4
[132.009s][debug][gc,phases      ] GC(144)     Dead                           Min: 0, Avg:  0.0, Max: 0, Diff: 0, Sum: 0, Workers: 4
[132.009s][debug][gc,phases      ] GC(144)     Total                          Min: 11328, Avg: 12053.8, Max: 12992, Diff: 1664, Sum: 48215, Workers: 4
[132.009s][debug][gc,phases      ] GC(144)   ResolvedMethodTable Weak       Min:  0.0, Avg:  0.0, Max:  0.0, Diff:  0.0, Sum:  0.1, Workers: 4
[132.009s][debug][gc,phases      ] GC(144)     Dead                           Min: 0, Avg:  0.0, Max: 0, Diff: 0, Sum: 0, Workers: 4
[132.009s][debug][gc,phases      ] GC(144)     Total                          Min: 2112, Avg: 2183.5, Max: 2270, Diff: 158, Sum: 8734, Workers: 4
[132.009s][debug][gc,phases      ] GC(144)   JNI Weak                       Min:  0.0, Avg:  0.0, Max:  0.0, Diff:  0.0, Sum:  0.0, Workers: 4
[132.009s][debug][gc,phases      ] GC(144)     Dead                           Min: 0, Avg:  0.0, Max: 0, Diff: 0, Sum: 0, Workers: 4
[132.009s][debug][gc,phases      ] GC(144)     Total                          Min: 0, Avg:  0.0, Max: 0, Diff: 0, Sum: 0, Workers: 4
[132.009s][debug][gc,phases      ] GC(144)   StringDedup Table Weak         Min:  0.0, Avg:  0.0, Max:  0.0, Diff:  0.0, Sum:  0.0, Workers: 4
[132.009s][debug][gc,phases      ] GC(144)     Dead                           Min: 0, Avg:  0.0, Max: 0, Diff: 0, Sum: 0, Workers: 4
[132.009s][debug][gc,phases      ] GC(144)     Total                          Min: 0, Avg:  0.0, Max: 0, Diff: 0, Sum: 0, Workers: 4
[132.009s][debug][gc,phases      ] GC(144)   StringDedup Requests0 Weak     Min:  0.0, Avg:  0.0, Max:  0.0, Diff:  0.0, Sum:  0.0, Workers: 4
[132.009s][debug][gc,phases      ] GC(144)     Dead                           Min: 0, Avg:  0.0, Max: 0, Diff: 0, Sum: 0, Workers: 4
[132.009s][debug][gc,phases      ] GC(144)     Total                          Min: 0, Avg:  0.0, Max: 0, Diff: 0, Sum: 0, Workers: 4
[132.009s][debug][gc,phases      ] GC(144)   StringDedup Requests1 Weak     Min:  0.0, Avg:  0.0, Max:  0.0, Diff:  0.0, Sum:  0.0, Workers: 4
[132.009s][debug][gc,phases      ] GC(144)     Dead                           Min: 0, Avg:  0.0, Max: 0, Diff: 0, Sum: 0, Workers: 4
[132.009s][debug][gc,phases      ] GC(144)     Total                          Min: 0, Avg:  0.0, Max: 0, Diff: 0, Sum: 0, Workers: 4
[132.009s][debug][gc,phases      ] GC(144)   Weak JFR Old Object Samples    Min:  0.0, Avg:  0.0, Max:  0.0, Diff:  0.0, Sum:  0.0, Workers: 4
[132.009s][debug][gc,phases      ] GC(144)     Dead                           Min: 0, Avg:  0.0, Max: 0, Diff: 0, Sum: 0, Workers: 4
[132.009s][debug][gc,phases      ] GC(144)     Total                          Min: 0, Avg:  0.0, Max: 0, Diff: 0, Sum: 0, Workers: 4
[132.009s][debug][gc,phases      ] GC(144) Weak Processing 0.455ms
[132.009s][debug][gc,age         ] GC(144) Desired survivor size 274202624 bytes, new threshold 15 (max threshold 15)
[132.009s][info ][gc,heap        ] GC(144) PSYoungGen: 1817876K(1818112K)->208654K(1809408K) Eden: 1600279K(1600512K)->0K(1600512K) From: 217596K(217600K)->208654K(208896K)
[132.009s][info ][gc,heap        ] GC(144) ParOldGen: 587654K(699904K)->587702K(699904K)
[132.009s][info ][gc,metaspace   ] GC(144) Metaspace: 84696K(85632K)->84696K(85632K) NonClass: 72845K(73344K)->72845K(73344K) Class: 11850K(12288K)->11850K(12288K)
[132.009s][info ][gc             ] GC(144) Pause Young (Allocation Failure) 2349M->777M(2450M) 86.303ms
[132.009s][info ][gc,cpu         ] GC(144) User=0.31s Sys=0.02s Real=0.08s
[132.009s][info ][safepoint      ] Safepoint "ParallelGCFailedAllocation", Time since last: 797810696 ns, Reaching safepoint: 120906 ns, At safepoint: 86425683 ns, Total: 86546589 ns
[133.010s][info ][safepoint      ] Safepoint "Cleanup", Time since last: 1000091057 ns, Reaching safepoint: 182311 ns, At safepoint: 9000 ns, Total: 191311 ns
[134.010s][info ][safepoint      ] Safepoint "Cleanup", Time since last: 1000109158 ns, Reaching safepoint: 134308 ns, At safepoint: 12300 ns, Total: 146608 ns
[134.327s][info ][gc,start       ] GC(145) Pause Young (Allocation Failure)
[134.376s][debug][gc,phases      ] GC(145) Scavenge 48.359ms
[134.376s][debug][gc,ref         ] GC(145) Skipped phase 1 of Reference Processing: no references
[134.376s][debug][gc,ref         ] GC(145) ReferenceProcessor::execute queues: 1, RefProcThreadModel::Single, marks_oops_alive: false
[134.376s][debug][gc,ref         ] GC(145) Skipped phase 3 of Reference Processing: no references
[134.376s][debug][gc,ref         ] GC(145) ReferenceProcessor::execute queues: 1, RefProcThreadModel::Single, marks_oops_alive: false
[134.376s][debug][gc,phases      ] GC(145) Reference Processing 0.143ms
[134.376s][debug][gc,phases      ] GC(145)   VM Weak                        Min:  0.0, Avg:  0.0, Max:  0.0, Diff:  0.0, Sum:  0.0, Workers: 4
[134.376s][debug][gc,phases      ] GC(145)     Dead                           Min: 0, Avg:  0.0, Max: 0, Diff: 0, Sum: 0, Workers: 4
[134.376s][debug][gc,phases      ] GC(145)     Total                          Min: 0, Avg: 176.5, Max: 704, Diff: 704, Sum: 706, Workers: 4
[134.376s][debug][gc,phases      ] GC(145)   ObjectSynchronizer Weak        Min:  0.0, Avg:  0.0, Max:  0.0, Diff:  0.0, Sum:  0.0, Workers: 4
[134.376s][debug][gc,phases      ] GC(145)     Dead                           Min: 0, Avg:  0.0, Max: 0, Diff: 0, Sum: 0, Workers: 4
[134.376s][debug][gc,phases      ] GC(145)     Total                          Min: 0, Avg: 139.2, Max: 320, Diff: 320, Sum: 557, Workers: 4
[134.376s][debug][gc,phases      ] GC(145)   JVMTI Tag Weak OopStorage      Min:  0.0, Avg:  0.0, Max:  0.0, Diff:  0.0, Sum:  0.0, Workers: 4
[134.376s][debug][gc,phases      ] GC(145)     Dead                           Min: 0, Avg:  0.0, Max: 0, Diff: 0, Sum: 0, Workers: 4
[134.376s][debug][gc,phases      ] GC(145)     Total                          Min: 0, Avg:  0.0, Max: 0, Diff: 0, Sum: 0, Workers: 4
[134.376s][debug][gc,phases      ] GC(145)   StringTable Weak               Min:  0.1, Avg:  0.1, Max:  0.1, Diff:  0.0, Sum:  0.5, Workers: 4
[134.376s][debug][gc,phases      ] GC(145)     Dead                           Min: 0, Avg:  0.0, Max: 0, Diff: 0, Sum: 0, Workers: 4
[134.376s][debug][gc,phases      ] GC(145)     Total                          Min: 11105, Avg: 12056.2, Max: 12992, Diff: 1887, Sum: 48225, Workers: 4
[134.376s][debug][gc,phases      ] GC(145)   ResolvedMethodTable Weak       Min:  0.0, Avg:  0.0, Max:  0.0, Diff:  0.0, Sum:  0.1, Workers: 4
[134.376s][debug][gc,phases      ] GC(145)     Dead                           Min: 0, Avg:  0.0, Max: 0, Diff: 0, Sum: 0, Workers: 4
[134.376s][debug][gc,phases      ] GC(145)     Total                          Min: 1984, Avg: 2183.5, Max: 2368, Diff: 384, Sum: 8734, Workers: 4
[134.376s][debug][gc,phases      ] GC(145)   JNI Weak                       Min:  0.0, Avg:  0.0, Max:  0.0, Diff:  0.0, Sum:  0.0, Workers: 4
[134.376s][debug][gc,phases      ] GC(145)     Dead                           Min: 0, Avg:  0.0, Max: 0, Diff: 0, Sum: 0, Workers: 4
[134.376s][debug][gc,phases      ] GC(145)     Total                          Min: 0, Avg:  0.0, Max: 0, Diff: 0, Sum: 0, Workers: 4
[134.376s][debug][gc,phases      ] GC(145)   StringDedup Table Weak         Min:  0.0, Avg:  0.0, Max:  0.0, Diff:  0.0, Sum:  0.0, Workers: 4
[134.376s][debug][gc,phases      ] GC(145)     Dead                           Min: 0, Avg:  0.0, Max: 0, Diff: 0, Sum: 0, Workers: 4
[134.376s][debug][gc,phases      ] GC(145)     Total                          Min: 0, Avg:  0.0, Max: 0, Diff: 0, Sum: 0, Workers: 4
[134.376s][debug][gc,phases      ] GC(145)   StringDedup Requests0 Weak     Min:  0.0, Avg:  0.0, Max:  0.0, Diff:  0.0, Sum:  0.0, Workers: 4
[134.376s][debug][gc,phases      ] GC(145)     Dead                           Min: 0, Avg:  0.0, Max: 0, Diff: 0, Sum: 0, Workers: 4
[134.376s][debug][gc,phases      ] GC(145)     Total                          Min: 0, Avg:  0.0, Max: 0, Diff: 0, Sum: 0, Workers: 4
[134.376s][debug][gc,phases      ] GC(145)   StringDedup Requests1 Weak     Min:  0.0, Avg:  0.0, Max:  0.0, Diff:  0.0, Sum:  0.0, Workers: 4
[134.376s][debug][gc,phases      ] GC(145)     Dead                           Min: 0, Avg:  0.0, Max: 0, Diff: 0, Sum: 0, Workers: 4
[134.376s][debug][gc,phases      ] GC(145)     Total                          Min: 0, Avg:  0.0, Max: 0, Diff: 0, Sum: 0, Workers: 4
[134.376s][debug][gc,phases      ] GC(145)   Weak JFR Old Object Samples    Min:  0.0, Avg:  0.0, Max:  0.0, Diff:  0.0, Sum:  0.0, Workers: 4
[134.376s][debug][gc,phases      ] GC(145)     Dead                           Min: 0, Avg:  0.0, Max: 0, Diff: 0, Sum: 0, Workers: 4
[134.376s][debug][gc,phases      ] GC(145)     Total                          Min: 0, Avg:  0.0, Max: 0, Diff: 0, Sum: 0, Workers: 4
[134.376s][debug][gc,phases      ] GC(145) Weak Processing 0.345ms
[134.376s][debug][gc,age         ] GC(145) Desired survivor size 275775488 bytes, new threshold 15 (max threshold 15)
[134.376s][info ][gc,heap        ] GC(145) PSYoungGen: 1809166K(1809408K)->172589K(1826304K) Eden: 1600512K(1600512K)->0K(1558528K) From: 208654K(208896K)->172589K(267776K)
[134.376s][info ][gc,heap        ] GC(145) ParOldGen: 587702K(699904K)->587710K(699904K)
[134.376s][info ][gc,metaspace   ] GC(145) Metaspace: 84735K(85632K)->84735K(85632K) NonClass: 72884K(73344K)->72884K(73344K) Class: 11850K(12288K)->11850K(12288K)
[134.376s][info ][gc             ] GC(145) Pause Young (Allocation Failure) 2340M->742M(2467M) 48.986ms
[134.376s][info ][gc,cpu         ] GC(145) User=0.19s Sys=0.00s Real=0.05s
[134.376s][info ][safepoint      ] Safepoint "ParallelGCFailedAllocation", Time since last: 317302593 ns, Reaching safepoint: 139008 ns, At safepoint: 49065429 ns, Total: 49204437 ns
[136.215s][info ][safepoint      ] Safepoint "Cleanup", Time since last: 1838596696 ns, Reaching safepoint: 180610 ns, At safepoint: 10201 ns, Total: 190811 ns
[136.978s][info ][gc,start       ] GC(146) Pause Young (Allocation Failure)
[137.031s][debug][gc,phases      ] GC(146) Scavenge 52.976ms
[137.031s][debug][gc,ref         ] GC(146) Skipped phase 1 of Reference Processing: no references
[137.031s][debug][gc,ref         ] GC(146) ReferenceProcessor::execute queues: 1, RefProcThreadModel::Single, marks_oops_alive: false
[137.031s][debug][gc,ref         ] GC(146) Skipped phase 3 of Reference Processing: no references
[137.031s][debug][gc,ref         ] GC(146) ReferenceProcessor::execute queues: 1, RefProcThreadModel::Single, marks_oops_alive: false
[137.031s][debug][gc,phases      ] GC(146) Reference Processing 0.134ms
[137.031s][debug][gc,phases      ] GC(146)   VM Weak                        Min:  0.0, Avg:  0.0, Max:  0.0, Diff:  0.0, Sum:  0.0, Workers: 4
[137.031s][debug][gc,phases      ] GC(146)     Dead                           Min: 0, Avg:  0.0, Max: 0, Diff: 0, Sum: 0, Workers: 4
[137.031s][debug][gc,phases      ] GC(146)     Total                          Min: 0, Avg: 176.5, Max: 512, Diff: 512, Sum: 706, Workers: 4
[137.031s][debug][gc,phases      ] GC(146)   ObjectSynchronizer Weak        Min:  0.0, Avg:  0.0, Max:  0.0, Diff:  0.0, Sum:  0.0, Workers: 4
[137.031s][debug][gc,phases      ] GC(146)     Dead                           Min: 0, Avg:  0.0, Max: 0, Diff: 0, Sum: 0, Workers: 4
[137.031s][debug][gc,phases      ] GC(146)     Total                          Min: 0, Avg: 139.2, Max: 192, Diff: 192, Sum: 557, Workers: 4
[137.031s][debug][gc,phases      ] GC(146)   JVMTI Tag Weak OopStorage      Min:  0.0, Avg:  0.0, Max:  0.0, Diff:  0.0, Sum:  0.0, Workers: 4
[137.031s][debug][gc,phases      ] GC(146)     Dead                           Min: 0, Avg:  0.0, Max: 0, Diff: 0, Sum: 0, Workers: 4
[137.031s][debug][gc,phases      ] GC(146)     Total                          Min: 0, Avg:  0.0, Max: 0, Diff: 0, Sum: 0, Workers: 4
[137.031s][debug][gc,phases      ] GC(146)   StringTable Weak               Min:  0.1, Avg:  0.1, Max:  0.1, Diff:  0.0, Sum:  0.5, Workers: 4
[137.031s][debug][gc,phases      ] GC(146)     Dead                           Min: 0, Avg:  0.0, Max: 0, Diff: 0, Sum: 0, Workers: 4
[137.031s][debug][gc,phases      ] GC(146)     Total                          Min: 11840, Avg: 12057.2, Max: 12224, Diff: 384, Sum: 48229, Workers: 4
[137.032s][debug][gc,phases      ] GC(146)   ResolvedMethodTable Weak       Min:  0.0, Avg:  0.0, Max:  0.0, Diff:  0.0, Sum:  0.1, Workers: 4
[137.032s][debug][gc,phases      ] GC(146)     Dead                           Min: 0, Avg:  0.0, Max: 0, Diff: 0, Sum: 0, Workers: 4
[137.032s][debug][gc,phases      ] GC(146)     Total                          Min: 2048, Avg: 2183.5, Max: 2368, Diff: 320, Sum: 8734, Workers: 4
[137.032s][debug][gc,phases      ] GC(146)   JNI Weak                       Min:  0.0, Avg:  0.0, Max:  0.0, Diff:  0.0, Sum:  0.0, Workers: 4
[137.032s][debug][gc,phases      ] GC(146)     Dead                           Min: 0, Avg:  0.0, Max: 0, Diff: 0, Sum: 0, Workers: 4
[137.032s][debug][gc,phases      ] GC(146)     Total                          Min: 0, Avg:  0.0, Max: 0, Diff: 0, Sum: 0, Workers: 4
[137.032s][debug][gc,phases      ] GC(146)   StringDedup Table Weak         Min:  0.0, Avg:  0.0, Max:  0.0, Diff:  0.0, Sum:  0.0, Workers: 4
[137.032s][debug][gc,phases      ] GC(146)     Dead                           Min: 0, Avg:  0.0, Max: 0, Diff: 0, Sum: 0, Workers: 4
[137.032s][debug][gc,phases      ] GC(146)     Total                          Min: 0, Avg:  0.0, Max: 0, Diff: 0, Sum: 0, Workers: 4
[137.032s][debug][gc,phases      ] GC(146)   StringDedup Requests0 Weak     Min:  0.0, Avg:  0.0, Max:  0.0, Diff:  0.0, Sum:  0.0, Workers: 4
[137.032s][debug][gc,phases      ] GC(146)     Dead                           Min: 0, Avg:  0.0, Max: 0, Diff: 0, Sum: 0, Workers: 4
[137.032s][debug][gc,phases      ] GC(146)     Total                          Min: 0, Avg:  0.0, Max: 0, Diff: 0, Sum: 0, Workers: 4
[137.032s][debug][gc,phases      ] GC(146)   StringDedup Requests1 Weak     Min:  0.0, Avg:  0.0, Max:  0.0, Diff:  0.0, Sum:  0.0, Workers: 4
[137.032s][debug][gc,phases      ] GC(146)     Dead                           Min: 0, Avg:  0.0, Max: 0, Diff: 0, Sum: 0, Workers: 4
[137.032s][debug][gc,phases      ] GC(146)     Total                          Min: 0, Avg:  0.0, Max: 0, Diff: 0, Sum: 0, Workers: 4
[137.032s][debug][gc,phases      ] GC(146)   Weak JFR Old Object Samples    Min:  0.0, Avg:  0.0, Max:  0.0, Diff:  0.0, Sum:  0.0, Workers: 4
[137.032s][debug][gc,phases      ] GC(146)     Dead                           Min: 0, Avg:  0.0, Max: 0, Diff: 0, Sum: 0, Workers: 4
[137.032s][debug][gc,phases      ] GC(146)     Total                          Min: 0, Avg:  0.0, Max: 0, Diff: 0, Sum: 0, Workers: 4
[137.032s][debug][gc,phases      ] GC(146) Weak Processing 0.444ms
[137.032s][debug][gc,age         ] GC(146) Desired survivor size 285736960 bytes, new threshold 15 (max threshold 15)
[137.032s][info ][gc,heap        ] GC(146) PSYoungGen: 1731117K(1826304K)->197983K(1756672K) Eden: 1558528K(1558528K)->0K(1558528K) From: 172589K(267776K)->197983K(198144K)
[137.032s][info ][gc,heap        ] GC(146) ParOldGen: 587710K(699904K)->587766K(699904K)
[137.032s][info ][gc,metaspace   ] GC(146) Metaspace: 84753K(85696K)->84753K(85696K) NonClass: 72902K(73408K)->72902K(73408K) Class: 11850K(12288K)->11850K(12288K)
[137.032s][info ][gc             ] GC(146) Pause Young (Allocation Failure) 2264M->767M(2399M) 53.717ms
[137.032s][info ][gc,cpu         ] GC(146) User=0.21s Sys=0.00s Real=0.05s
[137.032s][info ][safepoint      ] Safepoint "ParallelGCFailedAllocation", Time since last: 762669568 ns, Reaching safepoint: 139808 ns, At safepoint: 53818102 ns, Total: 53957910 ns
[138.032s][info ][safepoint      ] Safepoint "Cleanup", Time since last: 1000101056 ns, Reaching safepoint: 126507 ns, At safepoint: 10200 ns, Total: 136707 ns
[139.032s][info ][safepoint      ] Safepoint "Cleanup", Time since last: 1000125156 ns, Reaching safepoint: 138208 ns, At safepoint: 11801 ns, Total: 150009 ns
[139.838s][info ][gc,start       ] GC(147) Pause Young (Allocation Failure)
[139.897s][debug][gc,phases      ] GC(147) Scavenge 59.124ms
[139.897s][debug][gc,ref         ] GC(147) Skipped phase 1 of Reference Processing: no references
[139.897s][debug][gc,ref         ] GC(147) ReferenceProcessor::execute queues: 1, RefProcThreadModel::Single, marks_oops_alive: false
[139.897s][debug][gc,ref         ] GC(147) Skipped phase 3 of Reference Processing: no references
[139.897s][debug][gc,ref         ] GC(147) ReferenceProcessor::execute queues: 1, RefProcThreadModel::Single, marks_oops_alive: false
[139.897s][debug][gc,phases      ] GC(147) Reference Processing 0.136ms
[139.897s][debug][gc,phases      ] GC(147)   VM Weak                        Min:  0.0, Avg:  0.0, Max:  0.0, Diff:  0.0, Sum:  0.0, Workers: 4
[139.897s][debug][gc,phases      ] GC(147)     Dead                           Min: 0, Avg:  0.0, Max: 0, Diff: 0, Sum: 0, Workers: 4
[139.897s][debug][gc,phases      ] GC(147)     Total                          Min: 0, Avg: 176.5, Max: 514, Diff: 514, Sum: 706, Workers: 4
[139.897s][debug][gc,phases      ] GC(147)   ObjectSynchronizer Weak        Min:  0.0, Avg:  0.0, Max:  0.0, Diff:  0.0, Sum:  0.0, Workers: 4
[139.897s][debug][gc,phases      ] GC(147)     Dead                           Min: 0, Avg:  0.0, Max: 0, Diff: 0, Sum: 0, Workers: 4
[139.897s][debug][gc,phases      ] GC(147)     Total                          Min: 0, Avg: 139.2, Max: 301, Diff: 301, Sum: 557, Workers: 4
[139.897s][debug][gc,phases      ] GC(147)   JVMTI Tag Weak OopStorage      Min:  0.0, Avg:  0.0, Max:  0.0, Diff:  0.0, Sum:  0.0, Workers: 4
[139.897s][debug][gc,phases      ] GC(147)     Dead                           Min: 0, Avg:  0.0, Max: 0, Diff: 0, Sum: 0, Workers: 4
[139.897s][debug][gc,phases      ] GC(147)     Total                          Min: 0, Avg:  0.0, Max: 0, Diff: 0, Sum: 0, Workers: 4
[139.897s][debug][gc,phases      ] GC(147)   StringTable Weak               Min:  0.1, Avg:  0.1, Max:  0.1, Diff:  0.0, Sum:  0.5, Workers: 4
[139.897s][debug][gc,phases      ] GC(147)     Dead                           Min: 0, Avg:  0.0, Max: 0, Diff: 0, Sum: 0, Workers: 4
[139.897s][debug][gc,phases      ] GC(147)     Total                          Min: 11456, Avg: 12063.5, Max: 12544, Diff: 1088, Sum: 48254, Workers: 4
[139.897s][debug][gc,phases      ] GC(147)   ResolvedMethodTable Weak       Min:  0.0, Avg:  0.0, Max:  0.0, Diff:  0.0, Sum:  0.1, Workers: 4
[139.897s][debug][gc,phases      ] GC(147)     Dead                           Min: 0, Avg:  0.0, Max: 0, Diff: 0, Sum: 0, Workers: 4
[139.897s][debug][gc,phases      ] GC(147)     Total                          Min: 2048, Avg: 2183.5, Max: 2334, Diff: 286, Sum: 8734, Workers: 4
[139.897s][debug][gc,phases      ] GC(147)   JNI Weak                       Min:  0.0, Avg:  0.0, Max:  0.0, Diff:  0.0, Sum:  0.0, Workers: 4
[139.897s][debug][gc,phases      ] GC(147)     Dead                           Min: 0, Avg:  0.0, Max: 0, Diff: 0, Sum: 0, Workers: 4
[139.897s][debug][gc,phases      ] GC(147)     Total                          Min: 0, Avg:  0.0, Max: 0, Diff: 0, Sum: 0, Workers: 4
[139.897s][debug][gc,phases      ] GC(147)   StringDedup Table Weak         Min:  0.0, Avg:  0.0, Max:  0.0, Diff:  0.0, Sum:  0.0, Workers: 4
[139.897s][debug][gc,phases      ] GC(147)     Dead                           Min: 0, Avg:  0.0, Max: 0, Diff: 0, Sum: 0, Workers: 4
[139.897s][debug][gc,phases      ] GC(147)     Total                          Min: 0, Avg:  0.0, Max: 0, Diff: 0, Sum: 0, Workers: 4
[139.897s][debug][gc,phases      ] GC(147)   StringDedup Requests0 Weak     Min:  0.0, Avg:  0.0, Max:  0.0, Diff:  0.0, Sum:  0.0, Workers: 4
[139.897s][debug][gc,phases      ] GC(147)     Dead                           Min: 0, Avg:  0.0, Max: 0, Diff: 0, Sum: 0, Workers: 4
[139.897s][debug][gc,phases      ] GC(147)     Total                          Min: 0, Avg:  0.0, Max: 0, Diff: 0, Sum: 0, Workers: 4
[139.897s][debug][gc,phases      ] GC(147)   StringDedup Requests1 Weak     Min:  0.0, Avg:  0.0, Max:  0.0, Diff:  0.0, Sum:  0.0, Workers: 4
[139.897s][debug][gc,phases      ] GC(147)     Dead                           Min: 0, Avg:  0.0, Max: 0, Diff: 0, Sum: 0, Workers: 4
[139.897s][debug][gc,phases      ] GC(147)     Total                          Min: 0, Avg:  0.0, Max: 0, Diff: 0, Sum: 0, Workers: 4
[139.897s][debug][gc,phases      ] GC(147)   Weak JFR Old Object Samples    Min:  0.0, Avg:  0.0, Max:  0.0, Diff:  0.0, Sum:  0.0, Workers: 4
[139.897s][debug][gc,phases      ] GC(147)     Dead                           Min: 0, Avg:  0.0, Max: 0, Diff: 0, Sum: 0, Workers: 4
[139.897s][debug][gc,phases      ] GC(147)     Total                          Min: 0, Avg:  0.0, Max: 0, Diff: 0, Sum: 0, Workers: 4
[139.897s][debug][gc,phases      ] GC(147) Weak Processing 0.344ms
[139.897s][debug][gc,age         ] GC(147) Desired survivor size 306708480 bytes, new threshold 15 (max threshold 15)
[139.897s][info ][gc,heap        ] GC(147) PSYoungGen: 1756511K(1756672K)->233843K(1777152K) Eden: 1558528K(1558528K)->0K(1498112K) From: 197983K(198144K)->233843K(279040K)
[139.897s][info ][gc,heap        ] GC(147) ParOldGen: 587766K(699904K)->587798K(699904K)
[139.897s][info ][gc,metaspace   ] GC(147) Metaspace: 84760K(85696K)->84760K(85696K) NonClass: 72909K(73408K)->72909K(73408K) Class: 11850K(12288K)->11850K(12288K)
[139.897s][info ][gc             ] GC(147) Pause Young (Allocation Failure) 2289M->802M(2419M) 59.764ms
[139.897s][info ][gc,cpu         ] GC(147) User=0.24s Sys=0.00s Real=0.06s
[139.897s][info ][safepoint      ] Safepoint "ParallelGCFailedAllocation", Time since last: 805118314 ns, Reaching safepoint: 143508 ns, At safepoint: 59857751 ns, Total: 60001259 ns
[140.898s][info ][safepoint      ] Safepoint "Cleanup", Time since last: 1000094853 ns, Reaching safepoint: 130708 ns, At safepoint: 11700 ns, Total: 142408 ns
[141.898s][info ][safepoint      ] Safepoint "Cleanup", Time since last: 1000104154 ns, Reaching safepoint: 146408 ns, At safepoint: 22302 ns, Total: 168710 ns
[142.898s][info ][safepoint      ] Safepoint "Cleanup", Time since last: 1000109453 ns, Reaching safepoint: 143108 ns, At safepoint: 16401 ns, Total: 159509 ns
[143.898s][info ][safepoint      ] Safepoint "Cleanup", Time since last: 1000108753 ns, Reaching safepoint: 134007 ns, At safepoint: 15501 ns, Total: 149508 ns
[144.052s][info ][gc,start       ] GC(148) Pause Young (Allocation Failure)
[144.099s][debug][gc,phases      ] GC(148) Scavenge 47.682ms
[144.099s][debug][gc,ref         ] GC(148) Skipped phase 1 of Reference Processing: no references
[144.099s][debug][gc,ref         ] GC(148) ReferenceProcessor::execute queues: 1, RefProcThreadModel::Single, marks_oops_alive: false
[144.100s][debug][gc,ref         ] GC(148) Skipped phase 3 of Reference Processing: no references
[144.100s][debug][gc,ref         ] GC(148) ReferenceProcessor::execute queues: 1, RefProcThreadModel::Single, marks_oops_alive: false
[144.100s][debug][gc,phases      ] GC(148) Reference Processing 0.139ms
[144.100s][debug][gc,phases      ] GC(148)   VM Weak                        Min:  0.0, Avg:  0.0, Max:  0.0, Diff:  0.0, Sum:  0.0, Workers: 4
[144.100s][debug][gc,phases      ] GC(148)     Dead                           Min: 0, Avg:  0.0, Max: 0, Diff: 0, Sum: 0, Workers: 4
[144.100s][debug][gc,phases      ] GC(148)     Total                          Min: 0, Avg: 176.5, Max: 576, Diff: 576, Sum: 706, Workers: 4
[144.100s][debug][gc,phases      ] GC(148)   ObjectSynchronizer Weak        Min:  0.0, Avg:  0.0, Max:  0.0, Diff:  0.0, Sum:  0.0, Workers: 4
[144.100s][debug][gc,phases      ] GC(148)     Dead                           Min: 0, Avg:  0.0, Max: 0, Diff: 0, Sum: 0, Workers: 4
[144.100s][debug][gc,phases      ] GC(148)     Total                          Min: 0, Avg: 139.2, Max: 320, Diff: 320, Sum: 557, Workers: 4
[144.100s][debug][gc,phases      ] GC(148)   JVMTI Tag Weak OopStorage      Min:  0.0, Avg:  0.0, Max:  0.0, Diff:  0.0, Sum:  0.0, Workers: 4
[144.100s][debug][gc,phases      ] GC(148)     Dead                           Min: 0, Avg:  0.0, Max: 0, Diff: 0, Sum: 0, Workers: 4
[144.100s][debug][gc,phases      ] GC(148)     Total                          Min: 0, Avg:  0.0, Max: 0, Diff: 0, Sum: 0, Workers: 4
[144.100s][debug][gc,phases      ] GC(148)   StringTable Weak               Min:  0.1, Avg:  0.1, Max:  0.1, Diff:  0.0, Sum:  0.5, Workers: 4
[144.100s][debug][gc,phases      ] GC(148)     Dead                           Min: 0, Avg:  0.0, Max: 0, Diff: 0, Sum: 0, Workers: 4
[144.100s][debug][gc,phases      ] GC(148)     Total                          Min: 11648, Avg: 12064.2, Max: 12417, Diff: 769, Sum: 48257, Workers: 4
[144.100s][debug][gc,phases      ] GC(148)   ResolvedMethodTable Weak       Min:  0.0, Avg:  0.0, Max:  0.0, Diff:  0.0, Sum:  0.1, Workers: 4
[144.100s][debug][gc,phases      ] GC(148)     Dead                           Min: 0, Avg:  0.0, Max: 0, Diff: 0, Sum: 0, Workers: 4
[144.100s][debug][gc,phases      ] GC(148)     Total                          Min: 2142, Avg: 2183.5, Max: 2240, Diff: 98, Sum: 8734, Workers: 4
[144.100s][debug][gc,phases      ] GC(148)   JNI Weak                       Min:  0.0, Avg:  0.0, Max:  0.0, Diff:  0.0, Sum:  0.0, Workers: 4
[144.100s][debug][gc,phases      ] GC(148)     Dead                           Min: 0, Avg:  0.0, Max: 0, Diff: 0, Sum: 0, Workers: 4
[144.100s][debug][gc,phases      ] GC(148)     Total                          Min: 0, Avg:  0.0, Max: 0, Diff: 0, Sum: 0, Workers: 4
[144.100s][debug][gc,phases      ] GC(148)   StringDedup Table Weak         Min:  0.0, Avg:  0.0, Max:  0.0, Diff:  0.0, Sum:  0.0, Workers: 4
[144.100s][debug][gc,phases      ] GC(148)     Dead                           Min: 0, Avg:  0.0, Max: 0, Diff: 0, Sum: 0, Workers: 4
[144.100s][debug][gc,phases      ] GC(148)     Total                          Min: 0, Avg:  0.0, Max: 0, Diff: 0, Sum: 0, Workers: 4
[144.100s][debug][gc,phases      ] GC(148)   StringDedup Requests0 Weak     Min:  0.0, Avg:  0.0, Max:  0.0, Diff:  0.0, Sum:  0.0, Workers: 4
[144.100s][debug][gc,phases      ] GC(148)     Dead                           Min: 0, Avg:  0.0, Max: 0, Diff: 0, Sum: 0, Workers: 4
[144.100s][debug][gc,phases      ] GC(148)     Total                          Min: 0, Avg:  0.0, Max: 0, Diff: 0, Sum: 0, Workers: 4
[144.100s][debug][gc,phases      ] GC(148)   StringDedup Requests1 Weak     Min:  0.0, Avg:  0.0, Max:  0.0, Diff:  0.0, Sum:  0.0, Workers: 4
[144.100s][debug][gc,phases      ] GC(148)     Dead                           Min: 0, Avg:  0.0, Max: 0, Diff: 0, Sum: 0, Workers: 4
[144.100s][debug][gc,phases      ] GC(148)     Total                          Min: 0, Avg:  0.0, Max: 0, Diff: 0, Sum: 0, Workers: 4
[144.100s][debug][gc,phases      ] GC(148)   Weak JFR Old Object Samples    Min:  0.0, Avg:  0.0, Max:  0.0, Diff:  0.0, Sum:  0.0, Workers: 4
[144.100s][debug][gc,phases      ] GC(148)     Dead                           Min: 0, Avg:  0.0, Max: 0, Diff: 0, Sum: 0, Workers: 4
[144.100s][debug][gc,phases      ] GC(148)     Total                          Min: 0, Avg:  0.0, Max: 0, Diff: 0, Sum: 0, Workers: 4
[144.100s][debug][gc,phases      ] GC(148) Weak Processing 0.350ms
[144.100s][debug][gc,age         ] GC(148) Desired survivor size 323485696 bytes, new threshold 15 (max threshold 15)
[144.100s][info ][gc,heap        ] GC(148) PSYoungGen: 1731955K(1777152K)->234093K(1732608K) Eden: 1498112K(1498112K)->0K(1498112K) From: 233843K(279040K)->234093K(234496K)
[144.100s][info ][gc,heap        ] GC(148) ParOldGen: 587798K(699904K)->587846K(699904K)
[144.100s][info ][gc,metaspace   ] GC(148) Metaspace: 84786K(85696K)->84786K(85696K) NonClass: 72934K(73408K)->72934K(73408K) Class: 11852K(12288K)->11852K(12288K)
[144.100s][info ][gc             ] GC(148) Pause Young (Allocation Failure) 2265M->802M(2375M) 48.311ms
[144.100s][info ][gc,cpu         ] GC(148) User=0.20s Sys=0.00s Real=0.05s
[144.100s][info ][safepoint      ] Safepoint "ParallelGCFailedAllocation", Time since last: 153093225 ns, Reaching safepoint: 102606 ns, At safepoint: 48396590 ns, Total: 48499196 ns
[145.100s][info ][safepoint      ] Safepoint "Cleanup", Time since last: 1000103652 ns, Reaching safepoint: 130207 ns, At safepoint: 12001 ns, Total: 142208 ns
[146.100s][info ][safepoint      ] Safepoint "Cleanup", Time since last: 1000099151 ns, Reaching safepoint: 139808 ns, At safepoint: 13501 ns, Total: 153309 ns
[147.101s][info ][safepoint      ] Safepoint "Cleanup", Time since last: 1000113351 ns, Reaching safepoint: 131008 ns, At safepoint: 11500 ns, Total: 142508 ns
[148.101s][info ][safepoint      ] Safepoint "Cleanup", Time since last: 1000101151 ns, Reaching safepoint: 133007 ns, At safepoint: 14501 ns, Total: 147508 ns
[148.243s][info ][gc,start       ] GC(149) Pause Young (Allocation Failure)
[148.302s][debug][gc,phases      ] GC(149) Scavenge 58.408ms
[148.302s][debug][gc,ref         ] GC(149) Skipped phase 1 of Reference Processing: no references
[148.302s][debug][gc,ref         ] GC(149) ReferenceProcessor::execute queues: 1, RefProcThreadModel::Single, marks_oops_alive: false
[148.302s][debug][gc,ref         ] GC(149) Skipped phase 3 of Reference Processing: no references
[148.302s][debug][gc,ref         ] GC(149) ReferenceProcessor::execute queues: 1, RefProcThreadModel::Single, marks_oops_alive: false
[148.302s][debug][gc,phases      ] GC(149) Reference Processing 0.137ms
[148.302s][debug][gc,phases      ] GC(149)   VM Weak                        Min:  0.0, Avg:  0.0, Max:  0.0, Diff:  0.0, Sum:  0.0, Workers: 4
[148.302s][debug][gc,phases      ] GC(149)     Dead                           Min: 0, Avg:  0.0, Max: 0, Diff: 0, Sum: 0, Workers: 4
[148.302s][debug][gc,phases      ] GC(149)     Total                          Min: 0, Avg: 176.5, Max: 706, Diff: 706, Sum: 706, Workers: 4
[148.302s][debug][gc,phases      ] GC(149)   ObjectSynchronizer Weak        Min:  0.0, Avg:  0.0, Max:  0.0, Diff:  0.0, Sum:  0.0, Workers: 4
[148.302s][debug][gc,phases      ] GC(149)     Dead                           Min: 0, Avg:  0.0, Max: 0, Diff: 0, Sum: 0, Workers: 4
[148.302s][debug][gc,phases      ] GC(149)     Total                          Min: 0, Avg: 139.2, Max: 365, Diff: 365, Sum: 557, Workers: 4
[148.302s][debug][gc,phases      ] GC(149)   JVMTI Tag Weak OopStorage      Min:  0.0, Avg:  0.0, Max:  0.0, Diff:  0.0, Sum:  0.0, Workers: 4
[148.302s][debug][gc,phases      ] GC(149)     Dead                           Min: 0, Avg:  0.0, Max: 0, Diff: 0, Sum: 0, Workers: 4
[148.302s][debug][gc,phases      ] GC(149)     Total                          Min: 0, Avg:  0.0, Max: 0, Diff: 0, Sum: 0, Workers: 4
[148.302s][debug][gc,phases      ] GC(149)   StringTable Weak               Min:  0.1, Avg:  0.1, Max:  0.1, Diff:  0.0, Sum:  0.5, Workers: 4
[148.302s][debug][gc,phases      ] GC(149)     Dead                           Min: 0, Avg:  0.0, Max: 0, Diff: 0, Sum: 0, Workers: 4
[148.302s][debug][gc,phases      ] GC(149)     Total                          Min: 11461, Avg: 12065.2, Max: 12544, Diff: 1083, Sum: 48261, Workers: 4
[148.302s][debug][gc,phases      ] GC(149)   ResolvedMethodTable Weak       Min:  0.0, Avg:  0.0, Max:  0.0, Diff:  0.0, Sum:  0.1, Workers: 4
[148.302s][debug][gc,phases      ] GC(149)     Dead                           Min: 0, Avg:  0.0, Max: 0, Diff: 0, Sum: 0, Workers: 4
[148.302s][debug][gc,phases      ] GC(149)     Total                          Min: 2048, Avg: 2183.5, Max: 2334, Diff: 286, Sum: 8734, Workers: 4
[148.302s][debug][gc,phases      ] GC(149)   JNI Weak                       Min:  0.0, Avg:  0.0, Max:  0.0, Diff:  0.0, Sum:  0.0, Workers: 4
[148.302s][debug][gc,phases      ] GC(149)     Dead                           Min: 0, Avg:  0.0, Max: 0, Diff: 0, Sum: 0, Workers: 4
[148.302s][debug][gc,phases      ] GC(149)     Total                          Min: 0, Avg:  0.0, Max: 0, Diff: 0, Sum: 0, Workers: 4
[148.302s][debug][gc,phases      ] GC(149)   StringDedup Table Weak         Min:  0.0, Avg:  0.0, Max:  0.0, Diff:  0.0, Sum:  0.0, Workers: 4
[148.302s][debug][gc,phases      ] GC(149)     Dead                           Min: 0, Avg:  0.0, Max: 0, Diff: 0, Sum: 0, Workers: 4
[148.302s][debug][gc,phases      ] GC(149)     Total                          Min: 0, Avg:  0.0, Max: 0, Diff: 0, Sum: 0, Workers: 4
[148.302s][debug][gc,phases      ] GC(149)   StringDedup Requests0 Weak     Min:  0.0, Avg:  0.0, Max:  0.0, Diff:  0.0, Sum:  0.0, Workers: 4
[148.302s][debug][gc,phases      ] GC(149)     Dead                           Min: 0, Avg:  0.0, Max: 0, Diff: 0, Sum: 0, Workers: 4
[148.302s][debug][gc,phases      ] GC(149)     Total                          Min: 0, Avg:  0.0, Max: 0, Diff: 0, Sum: 0, Workers: 4
[148.302s][debug][gc,phases      ] GC(149)   StringDedup Requests1 Weak     Min:  0.0, Avg:  0.0, Max:  0.0, Diff:  0.0, Sum:  0.0, Workers: 4
[148.302s][debug][gc,phases      ] GC(149)     Dead                           Min: 0, Avg:  0.0, Max: 0, Diff: 0, Sum: 0, Workers: 4
[148.302s][debug][gc,phases      ] GC(149)     Total                          Min: 0, Avg:  0.0, Max: 0, Diff: 0, Sum: 0, Workers: 4
[148.302s][debug][gc,phases      ] GC(149)   Weak JFR Old Object Samples    Min:  0.0, Avg:  0.0, Max:  0.0, Diff:  0.0, Sum:  0.0, Workers: 4
[148.302s][debug][gc,phases      ] GC(149)     Dead                           Min: 0, Avg:  0.0, Max: 0, Diff: 0, Sum: 0, Workers: 4
[148.302s][debug][gc,phases      ] GC(149)     Total                          Min: 0, Avg:  0.0, Max: 0, Diff: 0, Sum: 0, Workers: 4
[148.302s][debug][gc,phases      ] GC(149) Weak Processing 0.376ms
[148.302s][debug][gc,age         ] GC(149) Desired survivor size 336068608 bytes, new threshold 15 (max threshold 15)
[148.302s][info ][gc,heap        ] GC(149) PSYoungGen: 1732205K(1732608K)->235612K(1756672K) Eden: 1498112K(1498112K)->0K(1440768K) From: 234093K(234496K)->235612K(315904K)
[148.302s][info ][gc,heap        ] GC(149) ParOldGen: 587846K(699904K)->587918K(699904K)
[148.302s][info ][gc,metaspace   ] GC(149) Metaspace: 84793K(85696K)->84793K(85696K) NonClass: 72940K(73408K)->72940K(73408K) Class: 11852K(12288K)->11852K(12288K)
[148.302s][info ][gc             ] GC(149) Pause Young (Allocation Failure) 2265M->804M(2399M) 59.061ms
[148.302s][info ][gc,cpu         ] GC(149) User=0.24s Sys=0.00s Real=0.06s
[148.302s][info ][safepoint      ] Safepoint "ParallelGCFailedAllocation", Time since last: 142304203 ns, Reaching safepoint: 51303 ns, At safepoint: 59147709 ns, Total: 59199012 ns
[149.304s][info ][safepoint      ] Safepoint "Cleanup", Time since last: 1001469729 ns, Reaching safepoint: 136108 ns, At safepoint: 6800 ns, Total: 142908 ns
[150.304s][info ][safepoint      ] Safepoint "Cleanup", Time since last: 1000108550 ns, Reaching safepoint: 133107 ns, At safepoint: 15001 ns, Total: 148108 ns
[151.310s][info ][safepoint      ] Safepoint "Cleanup", Time since last: 1001952055 ns, Reaching safepoint: 4043233 ns, At safepoint: 14601 ns, Total: 4057834 ns
[152.314s][info ][safepoint      ] Safepoint "Cleanup", Time since last: 1003946370 ns, Reaching safepoint: 57003 ns, At safepoint: 11201 ns, Total: 68204 ns
[152.352s][info ][gc,start       ] GC(150) Pause Young (Allocation Failure)
[152.442s][debug][gc,phases      ] GC(150) Scavenge 89.973ms
[152.442s][debug][gc,ref         ] GC(150) Skipped phase 1 of Reference Processing: no references
[152.442s][debug][gc,ref         ] GC(150) ReferenceProcessor::execute queues: 1, RefProcThreadModel::Single, marks_oops_alive: false
[152.442s][debug][gc,ref         ] GC(150) Skipped phase 3 of Reference Processing: no references
[152.442s][debug][gc,ref         ] GC(150) ReferenceProcessor::execute queues: 1, RefProcThreadModel::Single, marks_oops_alive: false
[152.442s][debug][gc,phases      ] GC(150) Reference Processing 0.162ms
[152.442s][debug][gc,phases      ] GC(150)   VM Weak                        Min:  0.0, Avg:  0.0, Max:  0.0, Diff:  0.0, Sum:  0.0, Workers: 4
[152.442s][debug][gc,phases      ] GC(150)     Dead                           Min: 0, Avg:  0.0, Max: 0, Diff: 0, Sum: 0, Workers: 4
[152.442s][debug][gc,phases      ] GC(150)     Total                          Min: 0, Avg: 176.5, Max: 514, Diff: 514, Sum: 706, Workers: 4
[152.442s][debug][gc,phases      ] GC(150)   ObjectSynchronizer Weak        Min:  0.0, Avg:  0.0, Max:  0.0, Diff:  0.0, Sum:  0.0, Workers: 4
[152.442s][debug][gc,phases      ] GC(150)     Dead                           Min: 0, Avg:  0.0, Max: 0, Diff: 0, Sum: 0, Workers: 4
[152.442s][debug][gc,phases      ] GC(150)     Total                          Min: 0, Avg: 139.2, Max: 301, Diff: 301, Sum: 557, Workers: 4
[152.442s][debug][gc,phases      ] GC(150)   JVMTI Tag Weak OopStorage      Min:  0.0, Avg:  0.0, Max:  0.0, Diff:  0.0, Sum:  0.0, Workers: 4
[152.442s][debug][gc,phases      ] GC(150)     Dead                           Min: 0, Avg:  0.0, Max: 0, Diff: 0, Sum: 0, Workers: 4
[152.442s][debug][gc,phases      ] GC(150)     Total                          Min: 0, Avg:  0.0, Max: 0, Diff: 0, Sum: 0, Workers: 4
[152.442s][debug][gc,phases      ] GC(150)   StringTable Weak               Min:  0.0, Avg:  0.1, Max:  0.3, Diff:  0.3, Sum:  0.5, Workers: 4
[152.442s][debug][gc,phases      ] GC(150)     Dead                           Min: 0, Avg:  0.0, Max: 0, Diff: 0, Sum: 0, Workers: 4
[152.442s][debug][gc,phases      ] GC(150)     Total                          Min: 0, Avg: 12069.8, Max: 25600, Diff: 25600, Sum: 48279, Workers: 4
[152.442s][debug][gc,phases      ] GC(150)   ResolvedMethodTable Weak       Min:  0.0, Avg:  0.0, Max:  0.1, Diff:  0.1, Sum:  0.1, Workers: 4
[152.442s][debug][gc,phases      ] GC(150)     Dead                           Min: 0, Avg:  0.0, Max: 0, Diff: 0, Sum: 0, Workers: 4
[152.442s][debug][gc,phases      ] GC(150)     Total                          Min: 0, Avg: 2183.5, Max: 4638, Diff: 4638, Sum: 8734, Workers: 4
[152.442s][debug][gc,phases      ] GC(150)   JNI Weak                       Min:  0.0, Avg:  0.0, Max:  0.0, Diff:  0.0, Sum:  0.0, Workers: 4
[152.442s][debug][gc,phases      ] GC(150)     Dead                           Min: 0, Avg:  0.0, Max: 0, Diff: 0, Sum: 0, Workers: 4
[152.442s][debug][gc,phases      ] GC(150)     Total                          Min: 0, Avg:  0.0, Max: 0, Diff: 0, Sum: 0, Workers: 4
[152.442s][debug][gc,phases      ] GC(150)   StringDedup Table Weak         Min:  0.0, Avg:  0.0, Max:  0.0, Diff:  0.0, Sum:  0.0, Workers: 4
[152.442s][debug][gc,phases      ] GC(150)     Dead                           Min: 0, Avg:  0.0, Max: 0, Diff: 0, Sum: 0, Workers: 4
[152.442s][debug][gc,phases      ] GC(150)     Total                          Min: 0, Avg:  0.0, Max: 0, Diff: 0, Sum: 0, Workers: 4
[152.442s][debug][gc,phases      ] GC(150)   StringDedup Requests0 Weak     Min:  0.0, Avg:  0.0, Max:  0.0, Diff:  0.0, Sum:  0.0, Workers: 4
[152.442s][debug][gc,phases      ] GC(150)     Dead                           Min: 0, Avg:  0.0, Max: 0, Diff: 0, Sum: 0, Workers: 4
[152.442s][debug][gc,phases      ] GC(150)     Total                          Min: 0, Avg:  0.0, Max: 0, Diff: 0, Sum: 0, Workers: 4
[152.442s][debug][gc,phases      ] GC(150)   StringDedup Requests1 Weak     Min:  0.0, Avg:  0.0, Max:  0.0, Diff:  0.0, Sum:  0.0, Workers: 4
[152.442s][debug][gc,phases      ] GC(150)     Dead                           Min: 0, Avg:  0.0, Max: 0, Diff: 0, Sum: 0, Workers: 4
[152.442s][debug][gc,phases      ] GC(150)     Total                          Min: 0, Avg:  0.0, Max: 0, Diff: 0, Sum: 0, Workers: 4
[152.443s][debug][gc,phases      ] GC(150)   Weak JFR Old Object Samples    Min:  0.0, Avg:  0.0, Max:  0.0, Diff:  0.0, Sum:  0.0, Workers: 4
[152.443s][debug][gc,phases      ] GC(150)     Dead                           Min: 0, Avg:  0.0, Max: 0, Diff: 0, Sum: 0, Workers: 4
[152.443s][debug][gc,phases      ] GC(150)     Total                          Min: 0, Avg:  0.0, Max: 0, Diff: 0, Sum: 0, Workers: 4
[152.443s][debug][gc,phases      ] GC(150) Weak Processing 0.606ms
[152.443s][debug][gc,age         ] GC(150) Desired survivor size 343408640 bytes, new threshold 15 (max threshold 15)
[152.443s][info ][gc,heap        ] GC(150) PSYoungGen: 1676380K(1756672K)->229185K(1670144K) Eden: 1440768K(1440768K)->0K(1440768K) From: 235612K(315904K)->229185K(229376K)
[152.443s][info ][gc,heap        ] GC(150) ParOldGen: 587918K(699904K)->594738K(699904K)
[152.443s][info ][gc,metaspace   ] GC(150) Metaspace: 84804K(85760K)->84804K(85760K) NonClass: 72952K(73472K)->72952K(73472K) Class: 11852K(12288K)->11852K(12288K)
[152.443s][info ][gc             ] GC(150) Pause Young (Allocation Failure) 2211M->804M(2314M) 90.897ms
[152.443s][info ][gc,cpu         ] GC(150) User=0.24s Sys=0.00s Real=0.10s
[152.443s][info ][safepoint      ] Safepoint "ParallelGCFailedAllocation", Time since last: 37122640 ns, Reaching safepoint: 126607 ns, At safepoint: 91007346 ns, Total: 91133953 ns
[153.443s][info ][safepoint      ] Safepoint "Cleanup", Time since last: 1000087846 ns, Reaching safepoint: 148409 ns, At safepoint: 10200 ns, Total: 158609 ns
[154.443s][info ][safepoint      ] Safepoint "Cleanup", Time since last: 1000099347 ns, Reaching safepoint: 191611 ns, At safepoint: 9301 ns, Total: 200912 ns
[155.443s][info ][safepoint      ] Safepoint "Cleanup", Time since last: 1000096246 ns, Reaching safepoint: 117707 ns, At safepoint: 9400 ns, Total: 127107 ns
[156.444s][info ][safepoint      ] Safepoint "Cleanup", Time since last: 1000108847 ns, Reaching safepoint: 136908 ns, At safepoint: 10600 ns, Total: 147508 ns
[156.519s][info ][gc,start       ] GC(151) Pause Young (Allocation Failure)
[156.590s][debug][gc,phases      ] GC(151) Scavenge 71.403ms
[156.590s][debug][gc,ref         ] GC(151) Skipped phase 1 of Reference Processing: no references
[156.590s][debug][gc,ref         ] GC(151) ReferenceProcessor::execute queues: 1, RefProcThreadModel::Single, marks_oops_alive: false
[156.590s][debug][gc,ref         ] GC(151) Skipped phase 3 of Reference Processing: no references
[156.590s][debug][gc,ref         ] GC(151) ReferenceProcessor::execute queues: 1, RefProcThreadModel::Single, marks_oops_alive: false
[156.590s][debug][gc,phases      ] GC(151) Reference Processing 0.186ms
[156.591s][debug][gc,phases      ] GC(151)   VM Weak                        Min:  0.0, Avg:  0.0, Max:  0.0, Diff:  0.0, Sum:  0.0, Workers: 4
[156.591s][debug][gc,phases      ] GC(151)     Dead                           Min: 0, Avg:  0.0, Max: 0, Diff: 0, Sum: 0, Workers: 4
[156.591s][debug][gc,phases      ] GC(151)     Total                          Min: 0, Avg: 176.5, Max: 706, Diff: 706, Sum: 706, Workers: 4
[156.591s][debug][gc,phases      ] GC(151)   ObjectSynchronizer Weak        Min:  0.0, Avg:  0.0, Max:  0.0, Diff:  0.0, Sum:  0.0, Workers: 4
[156.591s][debug][gc,phases      ] GC(151)     Dead                           Min: 0, Avg:  0.0, Max: 0, Diff: 0, Sum: 0, Workers: 4
[156.591s][debug][gc,phases      ] GC(151)     Total                          Min: 0, Avg: 139.2, Max: 557, Diff: 557, Sum: 557, Workers: 4
[156.591s][debug][gc,phases      ] GC(151)   JVMTI Tag Weak OopStorage      Min:  0.0, Avg:  0.0, Max:  0.0, Diff:  0.0, Sum:  0.0, Workers: 4
[156.591s][debug][gc,phases      ] GC(151)     Dead                           Min: 0, Avg:  0.0, Max: 0, Diff: 0, Sum: 0, Workers: 4
[156.591s][debug][gc,phases      ] GC(151)     Total                          Min: 0, Avg:  0.0, Max: 0, Diff: 0, Sum: 0, Workers: 4
[156.591s][debug][gc,phases      ] GC(151)   StringTable Weak               Min:  0.0, Avg:  0.1, Max:  0.5, Diff:  0.5, Sum:  0.5, Workers: 4
[156.591s][debug][gc,phases      ] GC(151)     Dead                           Min: 0, Avg:  0.0, Max: 0, Diff: 0, Sum: 0, Workers: 4
[156.591s][debug][gc,phases      ] GC(151)     Total                          Min: 0, Avg: 12070.0, Max: 48280, Diff: 48280, Sum: 48280, Workers: 4
[156.591s][debug][gc,phases      ] GC(151)   ResolvedMethodTable Weak       Min:  0.0, Avg:  0.0, Max:  0.1, Diff:  0.1, Sum:  0.1, Workers: 4
[156.591s][debug][gc,phases      ] GC(151)     Dead                           Min: 0, Avg:  0.0, Max: 0, Diff: 0, Sum: 0, Workers: 4
[156.591s][debug][gc,phases      ] GC(151)     Total                          Min: 0, Avg: 2183.5, Max: 8734, Diff: 8734, Sum: 8734, Workers: 4
[156.591s][debug][gc,phases      ] GC(151)   JNI Weak                       Min:  0.0, Avg:  0.0, Max:  0.0, Diff:  0.0, Sum:  0.0, Workers: 4
[156.591s][debug][gc,phases      ] GC(151)     Dead                           Min: 0, Avg:  0.0, Max: 0, Diff: 0, Sum: 0, Workers: 4
[156.591s][debug][gc,phases      ] GC(151)     Total                          Min: 0, Avg:  0.0, Max: 0, Diff: 0, Sum: 0, Workers: 4
[156.591s][debug][gc,phases      ] GC(151)   StringDedup Table Weak         Min:  0.0, Avg:  0.0, Max:  0.0, Diff:  0.0, Sum:  0.0, Workers: 4
[156.591s][debug][gc,phases      ] GC(151)     Dead                           Min: 0, Avg:  0.0, Max: 0, Diff: 0, Sum: 0, Workers: 4
[156.591s][debug][gc,phases      ] GC(151)     Total                          Min: 0, Avg:  0.0, Max: 0, Diff: 0, Sum: 0, Workers: 4
[156.591s][debug][gc,phases      ] GC(151)   StringDedup Requests0 Weak     Min:  0.0, Avg:  0.0, Max:  0.0, Diff:  0.0, Sum:  0.0, Workers: 4
[156.591s][debug][gc,phases      ] GC(151)     Dead                           Min: 0, Avg:  0.0, Max: 0, Diff: 0, Sum: 0, Workers: 4
[156.591s][debug][gc,phases      ] GC(151)     Total                          Min: 0, Avg:  0.0, Max: 0, Diff: 0, Sum: 0, Workers: 4
[156.591s][debug][gc,phases      ] GC(151)   StringDedup Requests1 Weak     Min:  0.0, Avg:  0.0, Max:  0.0, Diff:  0.0, Sum:  0.0, Workers: 4
[156.591s][debug][gc,phases      ] GC(151)     Dead                           Min: 0, Avg:  0.0, Max: 0, Diff: 0, Sum: 0, Workers: 4
[156.591s][debug][gc,phases      ] GC(151)     Total                          Min: 0, Avg:  0.0, Max: 0, Diff: 0, Sum: 0, Workers: 4
[156.591s][debug][gc,phases      ] GC(151)   Weak JFR Old Object Samples    Min:  0.0, Avg:  0.0, Max:  0.0, Diff:  0.0, Sum:  0.0, Workers: 4
[156.591s][debug][gc,phases      ] GC(151)     Dead                           Min: 0, Avg:  0.0, Max: 0, Diff: 0, Sum: 0, Workers: 4
[156.591s][debug][gc,phases      ] GC(151)     Total                          Min: 0, Avg:  0.0, Max: 0, Diff: 0, Sum: 0, Workers: 4
[156.591s][debug][gc,phases      ] GC(151) Weak Processing 0.845ms
[156.591s][debug][gc,age         ] GC(151) Desired survivor size 342884352 bytes, new threshold 15 (max threshold 15)
[156.591s][info ][gc,heap        ] GC(151) PSYoungGen: 1669953K(1670144K)->215075K(1762304K) Eden: 1440768K(1440768K)->0K(1426944K) From: 229185K(229376K)->215075K(335360K)
[156.591s][info ][gc,heap        ] GC(151) ParOldGen: 594738K(699904K)->607811K(699904K)
[156.591s][info ][gc,metaspace   ] GC(151) Metaspace: 84807K(85760K)->84807K(85760K) NonClass: 72955K(73472K)->72955K(73472K) Class: 11852K(12288K)->11852K(12288K)
[156.591s][info ][gc             ] GC(151) Pause Young (Allocation Failure) 2211M->803M(2404M) 72.591ms
[156.591s][info ][gc,cpu         ] GC(151) User=0.26s Sys=0.00s Real=0.07s
[156.591s][info ][safepoint      ] Safepoint "ParallelGCFailedAllocation", Time since last: 74928119 ns, Reaching safepoint: 104106 ns, At safepoint: 72683390 ns, Total: 72787496 ns
[157.592s][info ][safepoint      ] Safepoint "Cleanup", Time since last: 1000090744 ns, Reaching safepoint: 139409 ns, At safepoint: 8900 ns, Total: 148309 ns
[158.592s][info ][safepoint      ] Safepoint "Cleanup", Time since last: 1000107445 ns, Reaching safepoint: 128208 ns, At safepoint: 5900 ns, Total: 134108 ns
[159.592s][info ][safepoint      ] Safepoint "Cleanup", Time since last: 1000108145 ns, Reaching safepoint: 129707 ns, At safepoint: 5801 ns, Total: 135508 ns
[160.970s][info ][safepoint      ] Safepoint "Cleanup", Time since last: 1377945822 ns, Reaching safepoint: 311718 ns, At safepoint: 12700 ns, Total: 324418 ns
[161.137s][info ][gc,start       ] GC(152) Pause Young (Allocation Failure)
[161.190s][debug][gc,phases      ] GC(152) Scavenge 52.740ms
[161.190s][debug][gc,ref         ] GC(152) Skipped phase 1 of Reference Processing: no references
[161.190s][debug][gc,ref         ] GC(152) ReferenceProcessor::execute queues: 1, RefProcThreadModel::Single, marks_oops_alive: false
[161.190s][debug][gc,ref         ] GC(152) Skipped phase 3 of Reference Processing: no references
[161.190s][debug][gc,ref         ] GC(152) ReferenceProcessor::execute queues: 1, RefProcThreadModel::Single, marks_oops_alive: false
[161.190s][debug][gc,phases      ] GC(152) Reference Processing 0.174ms
[161.190s][debug][gc,phases      ] GC(152)   VM Weak                        Min:  0.0, Avg:  0.0, Max:  0.0, Diff:  0.0, Sum:  0.0, Workers: 4
[161.190s][debug][gc,phases      ] GC(152)     Dead                           Min: 0, Avg:  0.0, Max: 0, Diff: 0, Sum: 0, Workers: 4
[161.190s][debug][gc,phases      ] GC(152)     Total                          Min: 0, Avg: 178.8, Max: 715, Diff: 715, Sum: 715, Workers: 4
[161.190s][debug][gc,phases      ] GC(152)   ObjectSynchronizer Weak        Min:  0.0, Avg:  0.0, Max:  0.0, Diff:  0.0, Sum:  0.0, Workers: 4
[161.190s][debug][gc,phases      ] GC(152)     Dead                           Min: 0, Avg:  0.0, Max: 0, Diff: 0, Sum: 0, Workers: 4
[161.190s][debug][gc,phases      ] GC(152)     Total                          Min: 0, Avg: 139.2, Max: 557, Diff: 557, Sum: 557, Workers: 4
[161.190s][debug][gc,phases      ] GC(152)   JVMTI Tag Weak OopStorage      Min:  0.0, Avg:  0.0, Max:  0.0, Diff:  0.0, Sum:  0.0, Workers: 4
[161.190s][debug][gc,phases      ] GC(152)     Dead                           Min: 0, Avg:  0.0, Max: 0, Diff: 0, Sum: 0, Workers: 4
[161.190s][debug][gc,phases      ] GC(152)     Total                          Min: 0, Avg:  0.0, Max: 0, Diff: 0, Sum: 0, Workers: 4
[161.190s][debug][gc,phases      ] GC(152)   StringTable Weak               Min:  0.1, Avg:  0.1, Max:  0.1, Diff:  0.0, Sum:  0.5, Workers: 4
[161.190s][debug][gc,phases      ] GC(152)     Dead                           Min: 0, Avg:  0.2, Max: 1, Diff: 1, Sum: 1, Workers: 4
[161.190s][debug][gc,phases      ] GC(152)     Total                          Min: 11775, Avg: 12075.0, Max: 12288, Diff: 513, Sum: 48300, Workers: 4
[161.190s][debug][gc,phases      ] GC(152)   ResolvedMethodTable Weak       Min:  0.0, Avg:  0.0, Max:  0.0, Diff:  0.0, Sum:  0.2, Workers: 4
[161.190s][debug][gc,phases      ] GC(152)     Dead                           Min: 0, Avg:  0.0, Max: 0, Diff: 0, Sum: 0, Workers: 4
[161.190s][debug][gc,phases      ] GC(152)     Total                          Min: 1984, Avg: 2194.2, Max: 2313, Diff: 329, Sum: 8777, Workers: 4
[161.190s][debug][gc,phases      ] GC(152)   JNI Weak                       Min:  0.0, Avg:  0.0, Max:  0.0, Diff:  0.0, Sum:  0.0, Workers: 4
[161.190s][debug][gc,phases      ] GC(152)     Dead                           Min: 0, Avg:  0.0, Max: 0, Diff: 0, Sum: 0, Workers: 4
[161.190s][debug][gc,phases      ] GC(152)     Total                          Min: 0, Avg:  0.5, Max: 2, Diff: 2, Sum: 2, Workers: 4
[161.190s][debug][gc,phases      ] GC(152)   StringDedup Table Weak         Min:  0.0, Avg:  0.0, Max:  0.0, Diff:  0.0, Sum:  0.0, Workers: 4
[161.190s][debug][gc,phases      ] GC(152)     Dead                           Min: 0, Avg:  0.0, Max: 0, Diff: 0, Sum: 0, Workers: 4
[161.190s][debug][gc,phases      ] GC(152)     Total                          Min: 0, Avg:  0.0, Max: 0, Diff: 0, Sum: 0, Workers: 4
[161.190s][debug][gc,phases      ] GC(152)   StringDedup Requests0 Weak     Min:  0.0, Avg:  0.0, Max:  0.0, Diff:  0.0, Sum:  0.0, Workers: 4
[161.191s][debug][gc,phases      ] GC(152)     Dead                           Min: 0, Avg:  0.0, Max: 0, Diff: 0, Sum: 0, Workers: 4
[161.191s][debug][gc,phases      ] GC(152)     Total                          Min: 0, Avg:  0.0, Max: 0, Diff: 0, Sum: 0, Workers: 4
[161.191s][debug][gc,phases      ] GC(152)   StringDedup Requests1 Weak     Min:  0.0, Avg:  0.0, Max:  0.0, Diff:  0.0, Sum:  0.0, Workers: 4
[161.191s][debug][gc,phases      ] GC(152)     Dead                           Min: 0, Avg:  0.0, Max: 0, Diff: 0, Sum: 0, Workers: 4
[161.191s][debug][gc,phases      ] GC(152)     Total                          Min: 0, Avg:  0.0, Max: 0, Diff: 0, Sum: 0, Workers: 4
[161.191s][debug][gc,phases      ] GC(152)   Weak JFR Old Object Samples    Min:  0.0, Avg:  0.0, Max:  0.0, Diff:  0.0, Sum:  0.0, Workers: 4
[161.191s][debug][gc,phases      ] GC(152)     Dead                           Min: 0, Avg:  0.0, Max: 0, Diff: 0, Sum: 0, Workers: 4
[161.191s][debug][gc,phases      ] GC(152)     Total                          Min: 0, Avg:  0.0, Max: 0, Diff: 0, Sum: 0, Workers: 4
[161.191s][debug][gc,phases      ] GC(152) Weak Processing 0.447ms
[161.191s][debug][gc,age         ] GC(152) Desired survivor size 338690048 bytes, new threshold 15 (max threshold 15)
[161.191s][info ][gc,heap        ] GC(152) PSYoungGen: 1642019K(1762304K)->208292K(1761792K) Eden: 1426944K(1426944K)->0K(1426944K) From: 215075K(335360K)->208292K(334848K)
[161.191s][info ][gc,heap        ] GC(152) ParOldGen: 607811K(699904K)->614395K(699904K)
[161.191s][info ][gc,metaspace   ] GC(152) Metaspace: 84872K(85824K)->84872K(85824K) NonClass: 73006K(73536K)->73006K(73536K) Class: 11866K(12288K)->11866K(12288K)
[161.191s][info ][gc             ] GC(152) Pause Young (Allocation Failure) 2197M->803M(2404M) 53.525ms
[161.191s][info ][gc,cpu         ] GC(152) User=0.20s Sys=0.01s Real=0.05s
[161.191s][info ][safepoint      ] Safepoint "ParallelGCFailedAllocation", Time since last: 166488596 ns, Reaching safepoint: 164110 ns, At safepoint: 53625091 ns, Total: 53789201 ns
[162.191s][info ][safepoint      ] Safepoint "Cleanup", Time since last: 1000084142 ns, Reaching safepoint: 186011 ns, At safepoint: 14300 ns, Total: 200311 ns
[163.191s][info ][safepoint      ] Safepoint "Cleanup", Time since last: 1000098343 ns, Reaching safepoint: 153309 ns, At safepoint: 12801 ns, Total: 166110 ns
[164.191s][info ][safepoint      ] Safepoint "Cleanup", Time since last: 1000100342 ns, Reaching safepoint: 158409 ns, At safepoint: 14901 ns, Total: 173310 ns
[164.532s][info ][gc,start       ] GC(153) Pause Young (Allocation Failure)
[164.591s][debug][gc,phases      ] GC(153) Scavenge 59.162ms
[164.591s][debug][gc,ref         ] GC(153) Skipped phase 1 of Reference Processing: no references
[164.591s][debug][gc,ref         ] GC(153) ReferenceProcessor::execute queues: 1, RefProcThreadModel::Single, marks_oops_alive: false
[164.591s][debug][gc,ref         ] GC(153) Skipped phase 3 of Reference Processing: no references
[164.591s][debug][gc,ref         ] GC(153) ReferenceProcessor::execute queues: 1, RefProcThreadModel::Single, marks_oops_alive: false
[164.591s][debug][gc,phases      ] GC(153) Reference Processing 0.155ms
[164.591s][debug][gc,phases      ] GC(153)   VM Weak                        Min:  0.0, Avg:  0.0, Max:  0.0, Diff:  0.0, Sum:  0.0, Workers: 4
[164.591s][debug][gc,phases      ] GC(153)     Dead                           Min: 0, Avg:  0.0, Max: 0, Diff: 0, Sum: 0, Workers: 4
[164.591s][debug][gc,phases      ] GC(153)     Total                          Min: 0, Avg: 178.8, Max: 448, Diff: 448, Sum: 715, Workers: 4
[164.591s][debug][gc,phases      ] GC(153)   ObjectSynchronizer Weak        Min:  0.0, Avg:  0.0, Max:  0.0, Diff:  0.0, Sum:  0.0, Workers: 4
[164.591s][debug][gc,phases      ] GC(153)     Dead                           Min: 0, Avg:  0.0, Max: 0, Diff: 0, Sum: 0, Workers: 4
[164.591s][debug][gc,phases      ] GC(153)     Total                          Min: 0, Avg: 139.2, Max: 237, Diff: 237, Sum: 557, Workers: 4
[164.591s][debug][gc,phases      ] GC(153)   JVMTI Tag Weak OopStorage      Min:  0.0, Avg:  0.0, Max:  0.0, Diff:  0.0, Sum:  0.0, Workers: 4
[164.591s][debug][gc,phases      ] GC(153)     Dead                           Min: 0, Avg:  0.0, Max: 0, Diff: 0, Sum: 0, Workers: 4
[164.591s][debug][gc,phases      ] GC(153)     Total                          Min: 0, Avg:  0.0, Max: 0, Diff: 0, Sum: 0, Workers: 4
[164.591s][debug][gc,phases      ] GC(153)   StringTable Weak               Min:  0.1, Avg:  0.1, Max:  0.1, Diff:  0.0, Sum:  0.5, Workers: 4
[164.591s][debug][gc,phases      ] GC(153)     Dead                           Min: 0, Avg:  0.0, Max: 0, Diff: 0, Sum: 0, Workers: 4
[164.591s][debug][gc,phases      ] GC(153)     Total                          Min: 10048, Avg: 12079.2, Max: 12992, Diff: 2944, Sum: 48317, Workers: 4
[164.591s][debug][gc,phases      ] GC(153)   ResolvedMethodTable Weak       Min:  0.0, Avg:  0.0, Max:  0.0, Diff:  0.0, Sum:  0.1, Workers: 4
[164.591s][debug][gc,phases      ] GC(153)     Dead                           Min: 0, Avg:  0.0, Max: 0, Diff: 0, Sum: 0, Workers: 4
[164.591s][debug][gc,phases      ] GC(153)     Total                          Min: 2112, Avg: 2196.0, Max: 2432, Diff: 320, Sum: 8784, Workers: 4
[164.591s][debug][gc,phases      ] GC(153)   JNI Weak                       Min:  0.0, Avg:  0.0, Max:  0.0, Diff:  0.0, Sum:  0.0, Workers: 4
[164.591s][debug][gc,phases      ] GC(153)     Dead                           Min: 0, Avg:  0.0, Max: 0, Diff: 0, Sum: 0, Workers: 4
[164.591s][debug][gc,phases      ] GC(153)     Total                          Min: 0, Avg:  0.0, Max: 0, Diff: 0, Sum: 0, Workers: 4
[164.591s][debug][gc,phases      ] GC(153)   StringDedup Table Weak         Min:  0.0, Avg:  0.0, Max:  0.0, Diff:  0.0, Sum:  0.0, Workers: 4
[164.591s][debug][gc,phases      ] GC(153)     Dead                           Min: 0, Avg:  0.0, Max: 0, Diff: 0, Sum: 0, Workers: 4
[164.591s][debug][gc,phases      ] GC(153)     Total                          Min: 0, Avg:  0.0, Max: 0, Diff: 0, Sum: 0, Workers: 4
[164.591s][debug][gc,phases      ] GC(153)   StringDedup Requests0 Weak     Min:  0.0, Avg:  0.0, Max:  0.0, Diff:  0.0, Sum:  0.0, Workers: 4
[164.591s][debug][gc,phases      ] GC(153)     Dead                           Min: 0, Avg:  0.0, Max: 0, Diff: 0, Sum: 0, Workers: 4
[164.591s][debug][gc,phases      ] GC(153)     Total                          Min: 0, Avg:  0.0, Max: 0, Diff: 0, Sum: 0, Workers: 4
[164.591s][debug][gc,phases      ] GC(153)   StringDedup Requests1 Weak     Min:  0.0, Avg:  0.0, Max:  0.0, Diff:  0.0, Sum:  0.0, Workers: 4
[164.591s][debug][gc,phases      ] GC(153)     Dead                           Min: 0, Avg:  0.0, Max: 0, Diff: 0, Sum: 0, Workers: 4
[164.591s][debug][gc,phases      ] GC(153)     Total                          Min: 0, Avg:  0.0, Max: 0, Diff: 0, Sum: 0, Workers: 4
[164.591s][debug][gc,phases      ] GC(153)   Weak JFR Old Object Samples    Min:  0.0, Avg:  0.0, Max:  0.0, Diff:  0.0, Sum:  0.0, Workers: 4
[164.591s][debug][gc,phases      ] GC(153)     Dead                           Min: 0, Avg:  0.0, Max: 0, Diff: 0, Sum: 0, Workers: 4
[164.591s][debug][gc,phases      ] GC(153)     Total                          Min: 0, Avg:  0.0, Max: 0, Diff: 0, Sum: 0, Workers: 4
[164.591s][debug][gc,phases      ] GC(153) Weak Processing 0.363ms
[164.591s][debug][gc,age         ] GC(153) Desired survivor size 325582848 bytes, new threshold 15 (max threshold 15)
[164.591s][info ][gc,heap        ] GC(153) PSYoungGen: 1635236K(1761792K)->166367K(1779200K) Eden: 1426944K(1426944K)->0K(1448448K) From: 208292K(334848K)->166367K(330752K)
[164.591s][info ][gc,heap        ] GC(153) ParOldGen: 614395K(699904K)->656287K(699904K)
[164.591s][info ][gc,metaspace   ] GC(153) Metaspace: 84917K(85824K)->84917K(85824K) NonClass: 73047K(73536K)->73047K(73536K) Class: 11869K(12288K)->11869K(12288K)
[164.591s][info ][gc             ] GC(153) Pause Young (Allocation Failure) 2196M->803M(2421M) 59.831ms
[164.591s][info ][gc,cpu         ] GC(153) User=0.21s Sys=0.02s Real=0.06s
[164.592s][info ][safepoint      ] Safepoint "ParallelGCFailedAllocation", Time since last: 339992896 ns, Reaching safepoint: 132307 ns, At safepoint: 59929254 ns, Total: 60061561 ns
[165.592s][info ][safepoint      ] Safepoint "Cleanup", Time since last: 1000094441 ns, Reaching safepoint: 166210 ns, At safepoint: 15601 ns, Total: 181811 ns
[166.825s][info ][safepoint      ] Safepoint "Cleanup", Time since last: 1232597441 ns, Reaching safepoint: 177310 ns, At safepoint: 19501 ns, Total: 196811 ns
[167.137s][info ][gc,start       ] GC(154) Pause Young (Allocation Failure)
[167.183s][debug][gc,phases      ] GC(154) Scavenge 46.317ms
[167.183s][debug][gc,ref         ] GC(154) Skipped phase 1 of Reference Processing: no references
[167.183s][debug][gc,ref         ] GC(154) ReferenceProcessor::execute queues: 1, RefProcThreadModel::Single, marks_oops_alive: false
[167.184s][debug][gc,ref         ] GC(154) Skipped phase 3 of Reference Processing: no references
[167.184s][debug][gc,ref         ] GC(154) ReferenceProcessor::execute queues: 1, RefProcThreadModel::Single, marks_oops_alive: false
[167.184s][debug][gc,phases      ] GC(154) Reference Processing 0.142ms
[167.184s][debug][gc,phases      ] GC(154)   VM Weak                        Min:  0.0, Avg:  0.0, Max:  0.0, Diff:  0.0, Sum:  0.0, Workers: 4
[167.184s][debug][gc,phases      ] GC(154)     Dead                           Min: 0, Avg:  0.0, Max: 0, Diff: 0, Sum: 0, Workers: 4
[167.184s][debug][gc,phases      ] GC(154)     Total                          Min: 0, Avg: 179.0, Max: 716, Diff: 716, Sum: 716, Workers: 4
[167.184s][debug][gc,phases      ] GC(154)   ObjectSynchronizer Weak        Min:  0.0, Avg:  0.0, Max:  0.0, Diff:  0.0, Sum:  0.0, Workers: 4
[167.184s][debug][gc,phases      ] GC(154)     Dead                           Min: 0, Avg:  0.0, Max: 0, Diff: 0, Sum: 0, Workers: 4
[167.184s][debug][gc,phases      ] GC(154)     Total                          Min: 0, Avg: 139.2, Max: 448, Diff: 448, Sum: 557, Workers: 4
[167.184s][debug][gc,phases      ] GC(154)   JVMTI Tag Weak OopStorage      Min:  0.0, Avg:  0.0, Max:  0.0, Diff:  0.0, Sum:  0.0, Workers: 4
[167.184s][debug][gc,phases      ] GC(154)     Dead                           Min: 0, Avg:  0.0, Max: 0, Diff: 0, Sum: 0, Workers: 4
[167.184s][debug][gc,phases      ] GC(154)     Total                          Min: 0, Avg:  0.0, Max: 0, Diff: 0, Sum: 0, Workers: 4
[167.184s][debug][gc,phases      ] GC(154)   StringTable Weak               Min:  0.1, Avg:  0.1, Max:  0.1, Diff:  0.0, Sum:  0.5, Workers: 4
[167.184s][debug][gc,phases      ] GC(154)     Dead                           Min: 0, Avg:  0.2, Max: 1, Diff: 1, Sum: 1, Workers: 4
[167.184s][debug][gc,phases      ] GC(154)     Total                          Min: 11520, Avg: 12080.8, Max: 12676, Diff: 1156, Sum: 48323, Workers: 4
[167.184s][debug][gc,phases      ] GC(154)   ResolvedMethodTable Weak       Min:  0.0, Avg:  0.0, Max:  0.0, Diff:  0.0, Sum:  0.1, Workers: 4
[167.184s][debug][gc,phases      ] GC(154)     Dead                           Min: 0, Avg:  0.0, Max: 0, Diff: 0, Sum: 0, Workers: 4
[167.184s][debug][gc,phases      ] GC(154)     Total                          Min: 1984, Avg: 2198.0, Max: 2432, Diff: 448, Sum: 8792, Workers: 4
[167.184s][debug][gc,phases      ] GC(154)   JNI Weak                       Min:  0.0, Avg:  0.0, Max:  0.0, Diff:  0.0, Sum:  0.0, Workers: 4
[167.184s][debug][gc,phases      ] GC(154)     Dead                           Min: 0, Avg:  0.0, Max: 0, Diff: 0, Sum: 0, Workers: 4
[167.184s][debug][gc,phases      ] GC(154)     Total                          Min: 0, Avg:  2.8, Max: 11, Diff: 11, Sum: 11, Workers: 4
[167.184s][debug][gc,phases      ] GC(154)   StringDedup Table Weak         Min:  0.0, Avg:  0.0, Max:  0.0, Diff:  0.0, Sum:  0.0, Workers: 4
[167.184s][debug][gc,phases      ] GC(154)     Dead                           Min: 0, Avg:  0.0, Max: 0, Diff: 0, Sum: 0, Workers: 4
[167.184s][debug][gc,phases      ] GC(154)     Total                          Min: 0, Avg:  0.0, Max: 0, Diff: 0, Sum: 0, Workers: 4
[167.184s][debug][gc,phases      ] GC(154)   StringDedup Requests0 Weak     Min:  0.0, Avg:  0.0, Max:  0.0, Diff:  0.0, Sum:  0.0, Workers: 4
[167.184s][debug][gc,phases      ] GC(154)     Dead                           Min: 0, Avg:  0.0, Max: 0, Diff: 0, Sum: 0, Workers: 4
[167.184s][debug][gc,phases      ] GC(154)     Total                          Min: 0, Avg:  0.0, Max: 0, Diff: 0, Sum: 0, Workers: 4
[167.184s][debug][gc,phases      ] GC(154)   StringDedup Requests1 Weak     Min:  0.0, Avg:  0.0, Max:  0.0, Diff:  0.0, Sum:  0.0, Workers: 4
[167.184s][debug][gc,phases      ] GC(154)     Dead                           Min: 0, Avg:  0.0, Max: 0, Diff: 0, Sum: 0, Workers: 4
[167.184s][debug][gc,phases      ] GC(154)     Total                          Min: 0, Avg:  0.0, Max: 0, Diff: 0, Sum: 0, Workers: 4
[167.184s][debug][gc,phases      ] GC(154)   Weak JFR Old Object Samples    Min:  0.0, Avg:  0.0, Max:  0.0, Diff:  0.0, Sum:  0.0, Workers: 4
[167.184s][debug][gc,phases      ] GC(154)     Dead                           Min: 0, Avg:  0.0, Max: 0, Diff: 0, Sum: 0, Workers: 4
[167.184s][debug][gc,phases      ] GC(154)     Total                          Min: 0, Avg:  0.0, Max: 0, Diff: 0, Sum: 0, Workers: 4
[167.184s][debug][gc,phases      ] GC(154) Weak Processing 0.355ms
[167.184s][debug][gc,age         ] GC(154) Desired survivor size 312999936 bytes, new threshold 15 (max threshold 15)
[167.184s][info ][gc,heap        ] GC(154) PSYoungGen: 1614815K(1779200K)->182542K(1766400K) Eden: 1448448K(1448448K)->0K(1448448K) From: 166367K(330752K)->182542K(317952K)
[167.184s][info ][gc,heap        ] GC(154) ParOldGen: 656287K(699904K)->657055K(699904K)
[167.184s][info ][gc,metaspace   ] GC(154) Metaspace: 84941K(85824K)->84941K(85824K) NonClass: 73069K(73536K)->73069K(73536K) Class: 11871K(12288K)->11871K(12288K)
[167.184s][info ][gc             ] GC(154) Pause Young (Allocation Failure) 2217M->819M(2408M) 46.960ms
[167.184s][info ][gc,cpu         ] GC(154) User=0.18s Sys=0.00s Real=0.05s
[167.184s][info ][safepoint      ] Safepoint "ParallelGCFailedAllocation", Time since last: 312150391 ns, Reaching safepoint: 169310 ns, At safepoint: 47051911 ns, Total: 47221221 ns
[167.525s][info ][safepoint      ] Safepoint "ICBufferFull", Time since last: 341097059 ns, Reaching safepoint: 254915 ns, At safepoint: 12301 ns, Total: 267216 ns
[168.397s][info ][safepoint      ] Safepoint "ICBufferFull", Time since last: 871645837 ns, Reaching safepoint: 267815 ns, At safepoint: 18201 ns, Total: 286016 ns
[168.680s][info ][gc,start       ] GC(155) Pause Young (Allocation Failure)
[168.728s][debug][gc,phases      ] GC(155) Scavenge 48.746ms
[168.728s][debug][gc,ref         ] GC(155) Skipped phase 1 of Reference Processing: no references
[168.728s][debug][gc,ref         ] GC(155) ReferenceProcessor::execute queues: 1, RefProcThreadModel::Single, marks_oops_alive: false
[168.729s][debug][gc,ref         ] GC(155) Skipped phase 3 of Reference Processing: no references
[168.729s][debug][gc,ref         ] GC(155) ReferenceProcessor::execute queues: 1, RefProcThreadModel::Single, marks_oops_alive: false
[168.729s][debug][gc,phases      ] GC(155) Reference Processing 0.179ms
[168.729s][debug][gc,phases      ] GC(155)   VM Weak                        Min:  0.0, Avg:  0.0, Max:  0.0, Diff:  0.0, Sum:  0.0, Workers: 4
[168.729s][debug][gc,phases      ] GC(155)     Dead                           Min: 0, Avg:  0.0, Max: 0, Diff: 0, Sum: 0, Workers: 4
[168.729s][debug][gc,phases      ] GC(155)     Total                          Min: 0, Avg: 179.2, Max: 717, Diff: 717, Sum: 717, Workers: 4
[168.729s][debug][gc,phases      ] GC(155)   ObjectSynchronizer Weak        Min:  0.0, Avg:  0.0, Max:  0.0, Diff:  0.0, Sum:  0.0, Workers: 4
[168.729s][debug][gc,phases      ] GC(155)     Dead                           Min: 0, Avg:  0.0, Max: 0, Diff: 0, Sum: 0, Workers: 4
[168.729s][debug][gc,phases      ] GC(155)     Total                          Min: 0, Avg: 139.2, Max: 301, Diff: 301, Sum: 557, Workers: 4
[168.729s][debug][gc,phases      ] GC(155)   JVMTI Tag Weak OopStorage      Min:  0.0, Avg:  0.0, Max:  0.0, Diff:  0.0, Sum:  0.0, Workers: 4
[168.729s][debug][gc,phases      ] GC(155)     Dead                           Min: 0, Avg:  0.0, Max: 0, Diff: 0, Sum: 0, Workers: 4
[168.729s][debug][gc,phases      ] GC(155)     Total                          Min: 0, Avg:  0.0, Max: 0, Diff: 0, Sum: 0, Workers: 4
[168.729s][debug][gc,phases      ] GC(155)   StringTable Weak               Min:  0.1, Avg:  0.1, Max:  0.1, Diff:  0.0, Sum:  0.5, Workers: 4
[168.729s][debug][gc,phases      ] GC(155)     Dead                           Min: 0, Avg:  0.0, Max: 0, Diff: 0, Sum: 0, Workers: 4
[168.729s][debug][gc,phases      ] GC(155)     Total                          Min: 10624, Avg: 12087.2, Max: 13184, Diff: 2560, Sum: 48349, Workers: 4
[168.729s][debug][gc,phases      ] GC(155)   ResolvedMethodTable Weak       Min:  0.0, Avg:  0.0, Max:  0.0, Diff:  0.0, Sum:  0.1, Workers: 4
[168.729s][debug][gc,phases      ] GC(155)     Dead                           Min: 0, Avg:  0.0, Max: 0, Diff: 0, Sum: 0, Workers: 4
[168.729s][debug][gc,phases      ] GC(155)     Total                          Min: 1958, Avg: 2201.5, Max: 2432, Diff: 474, Sum: 8806, Workers: 4
[168.729s][debug][gc,phases      ] GC(155)   JNI Weak                       Min:  0.0, Avg:  0.0, Max:  0.0, Diff:  0.0, Sum:  0.0, Workers: 4
[168.729s][debug][gc,phases      ] GC(155)     Dead                           Min: 0, Avg:  0.0, Max: 0, Diff: 0, Sum: 0, Workers: 4
[168.729s][debug][gc,phases      ] GC(155)     Total                          Min: 0, Avg:  4.2, Max: 17, Diff: 17, Sum: 17, Workers: 4
[168.729s][debug][gc,phases      ] GC(155)   StringDedup Table Weak         Min:  0.0, Avg:  0.0, Max:  0.0, Diff:  0.0, Sum:  0.0, Workers: 4
[168.729s][debug][gc,phases      ] GC(155)     Dead                           Min: 0, Avg:  0.0, Max: 0, Diff: 0, Sum: 0, Workers: 4
[168.729s][debug][gc,phases      ] GC(155)     Total                          Min: 0, Avg:  0.0, Max: 0, Diff: 0, Sum: 0, Workers: 4
[168.729s][debug][gc,phases      ] GC(155)   StringDedup Requests0 Weak     Min:  0.0, Avg:  0.0, Max:  0.0, Diff:  0.0, Sum:  0.0, Workers: 4
[168.729s][debug][gc,phases      ] GC(155)     Dead                           Min: 0, Avg:  0.0, Max: 0, Diff: 0, Sum: 0, Workers: 4
[168.729s][debug][gc,phases      ] GC(155)     Total                          Min: 0, Avg:  0.0, Max: 0, Diff: 0, Sum: 0, Workers: 4
[168.729s][debug][gc,phases      ] GC(155)   StringDedup Requests1 Weak     Min:  0.0, Avg:  0.0, Max:  0.0, Diff:  0.0, Sum:  0.0, Workers: 4
[168.729s][debug][gc,phases      ] GC(155)     Dead                           Min: 0, Avg:  0.0, Max: 0, Diff: 0, Sum: 0, Workers: 4
[168.729s][debug][gc,phases      ] GC(155)     Total                          Min: 0, Avg:  0.0, Max: 0, Diff: 0, Sum: 0, Workers: 4
[168.729s][debug][gc,phases      ] GC(155)   Weak JFR Old Object Samples    Min:  0.0, Avg:  0.0, Max:  0.0, Diff:  0.0, Sum:  0.0, Workers: 4
[168.729s][debug][gc,phases      ] GC(155)     Dead                           Min: 0, Avg:  0.0, Max: 0, Diff: 0, Sum: 0, Workers: 4
[168.729s][debug][gc,phases      ] GC(155)     Total                          Min: 0, Avg:  0.0, Max: 0, Diff: 0, Sum: 0, Workers: 4
[168.729s][debug][gc,phases      ] GC(155) Weak Processing 0.375ms
[168.729s][debug][gc,age         ] GC(155) Desired survivor size 300417024 bytes, new threshold 15 (max threshold 15)
[168.729s][info ][gc,heap        ] GC(155) PSYoungGen: 1630990K(1766400K)->181111K(1803776K) Eden: 1448448K(1448448K)->0K(1498112K) From: 182542K(317952K)->181111K(305664K)
[168.729s][info ][gc,heap        ] GC(155) ParOldGen: 657055K(699904K)->660623K(699904K)
[168.729s][info ][gc,metaspace   ] GC(155) Metaspace: 85102K(85952K)->85102K(85952K) NonClass: 73217K(73664K)->73217K(73664K) Class: 11884K(12288K)->11884K(12288K)
[168.729s][info ][gc             ] GC(155) Pause Young (Allocation Failure) 2234M->822M(2445M) 49.454ms
[168.729s][info ][gc,cpu         ] GC(155) User=0.24s Sys=0.00s Real=0.05s
[168.729s][info ][safepoint      ] Safepoint "ParallelGCFailedAllocation", Time since last: 282038555 ns, Reaching safepoint: 181611 ns, At safepoint: 49544655 ns, Total: 49726266 ns
[169.030s][info ][safepoint      ] Safepoint "ICBufferFull", Time since last: 300727732 ns, Reaching safepoint: 224813 ns, At safepoint: 21501 ns, Total: 246314 ns
[169.462s][info ][safepoint      ] Safepoint "ICBufferFull", Time since last: 431541772 ns, Reaching safepoint: 226013 ns, At safepoint: 14400 ns, Total: 240413 ns
[169.797s][info ][safepoint      ] Safepoint "ICBufferFull", Time since last: 334449776 ns, Reaching safepoint: 304418 ns, At safepoint: 15700 ns, Total: 320118 ns
[170.036s][info ][gc,start       ] GC(156) Pause Young (Allocation Failure)
[170.081s][debug][gc,phases      ] GC(156) Scavenge 44.515ms
[170.081s][debug][gc,ref         ] GC(156) Skipped phase 1 of Reference Processing: no references
[170.081s][debug][gc,ref         ] GC(156) ReferenceProcessor::execute queues: 1, RefProcThreadModel::Single, marks_oops_alive: false
[170.081s][debug][gc,ref         ] GC(156) Skipped phase 3 of Reference Processing: no references
[170.081s][debug][gc,ref         ] GC(156) ReferenceProcessor::execute queues: 1, RefProcThreadModel::Single, marks_oops_alive: false
[170.081s][debug][gc,phases      ] GC(156) Reference Processing 0.173ms
[170.081s][debug][gc,phases      ] GC(156)   VM Weak                        Min:  0.0, Avg:  0.0, Max:  0.0, Diff:  0.0, Sum:  0.0, Workers: 4
[170.081s][debug][gc,phases      ] GC(156)     Dead                           Min: 0, Avg:  0.0, Max: 0, Diff: 0, Sum: 0, Workers: 4
[170.081s][debug][gc,phases      ] GC(156)     Total                          Min: 0, Avg: 179.2, Max: 397, Diff: 397, Sum: 717, Workers: 4
[170.081s][debug][gc,phases      ] GC(156)   ObjectSynchronizer Weak        Min:  0.0, Avg:  0.0, Max:  0.0, Diff:  0.0, Sum:  0.0, Workers: 4
[170.081s][debug][gc,phases      ] GC(156)     Dead                           Min: 0, Avg:  0.0, Max: 0, Diff: 0, Sum: 0, Workers: 4
[170.081s][debug][gc,phases      ] GC(156)     Total                          Min: 0, Avg: 139.2, Max: 320, Diff: 320, Sum: 557, Workers: 4
[170.081s][debug][gc,phases      ] GC(156)   JVMTI Tag Weak OopStorage      Min:  0.0, Avg:  0.0, Max:  0.0, Diff:  0.0, Sum:  0.0, Workers: 4
[170.081s][debug][gc,phases      ] GC(156)     Dead                           Min: 0, Avg:  0.0, Max: 0, Diff: 0, Sum: 0, Workers: 4
[170.081s][debug][gc,phases      ] GC(156)     Total                          Min: 0, Avg:  0.0, Max: 0, Diff: 0, Sum: 0, Workers: 4
[170.081s][debug][gc,phases      ] GC(156)   StringTable Weak               Min:  0.1, Avg:  0.1, Max:  0.1, Diff:  0.0, Sum:  0.5, Workers: 4
[170.081s][debug][gc,phases      ] GC(156)     Dead                           Min: 0, Avg:  0.0, Max: 0, Diff: 0, Sum: 0, Workers: 4
[170.081s][debug][gc,phases      ] GC(156)     Total                          Min: 10880, Avg: 12090.5, Max: 12800, Diff: 1920, Sum: 48362, Workers: 4
[170.081s][debug][gc,phases      ] GC(156)   ResolvedMethodTable Weak       Min:  0.0, Avg:  0.0, Max:  0.0, Diff:  0.0, Sum:  0.1, Workers: 4
[170.081s][debug][gc,phases      ] GC(156)     Dead                           Min: 0, Avg:  0.0, Max: 0, Diff: 0, Sum: 0, Workers: 4
[170.081s][debug][gc,phases      ] GC(156)     Total                          Min: 2048, Avg: 2201.5, Max: 2304, Diff: 256, Sum: 8806, Workers: 4
[170.081s][debug][gc,phases      ] GC(156)   JNI Weak                       Min:  0.0, Avg:  0.0, Max:  0.0, Diff:  0.0, Sum:  0.0, Workers: 4
[170.081s][debug][gc,phases      ] GC(156)     Dead                           Min: 0, Avg:  0.0, Max: 0, Diff: 0, Sum: 0, Workers: 4
[170.081s][debug][gc,phases      ] GC(156)     Total                          Min: 0, Avg:  1.5, Max: 6, Diff: 6, Sum: 6, Workers: 4
[170.081s][debug][gc,phases      ] GC(156)   StringDedup Table Weak         Min:  0.0, Avg:  0.0, Max:  0.0, Diff:  0.0, Sum:  0.0, Workers: 4
[170.081s][debug][gc,phases      ] GC(156)     Dead                           Min: 0, Avg:  0.0, Max: 0, Diff: 0, Sum: 0, Workers: 4
[170.081s][debug][gc,phases      ] GC(156)     Total                          Min: 0, Avg:  0.0, Max: 0, Diff: 0, Sum: 0, Workers: 4
[170.081s][debug][gc,phases      ] GC(156)   StringDedup Requests0 Weak     Min:  0.0, Avg:  0.0, Max:  0.0, Diff:  0.0, Sum:  0.0, Workers: 4
[170.081s][debug][gc,phases      ] GC(156)     Dead                           Min: 0, Avg:  0.0, Max: 0, Diff: 0, Sum: 0, Workers: 4
[170.081s][debug][gc,phases      ] GC(156)     Total                          Min: 0, Avg:  0.0, Max: 0, Diff: 0, Sum: 0, Workers: 4
[170.081s][debug][gc,phases      ] GC(156)   StringDedup Requests1 Weak     Min:  0.0, Avg:  0.0, Max:  0.0, Diff:  0.0, Sum:  0.0, Workers: 4
[170.081s][debug][gc,phases      ] GC(156)     Dead                           Min: 0, Avg:  0.0, Max: 0, Diff: 0, Sum: 0, Workers: 4
[170.081s][debug][gc,phases      ] GC(156)     Total                          Min: 0, Avg:  0.0, Max: 0, Diff: 0, Sum: 0, Workers: 4
[170.081s][debug][gc,phases      ] GC(156)   Weak JFR Old Object Samples    Min:  0.0, Avg:  0.0, Max:  0.0, Diff:  0.0, Sum:  0.0, Workers: 4
[170.081s][debug][gc,phases      ] GC(156)     Dead                           Min: 0, Avg:  0.0, Max: 0, Diff: 0, Sum: 0, Workers: 4
[170.081s][debug][gc,phases      ] GC(156)     Total                          Min: 0, Avg:  0.0, Max: 0, Diff: 0, Sum: 0, Workers: 4
[170.081s][debug][gc,phases      ] GC(156) Weak Processing 0.366ms
[170.082s][debug][gc,age         ] GC(156) Desired survivor size 290455552 bytes, new threshold 15 (max threshold 15)
[170.082s][info ][gc,heap        ] GC(156) PSYoungGen: 1679223K(1803776K)->170894K(1791488K) Eden: 1498112K(1498112K)->0K(1498112K) From: 181111K(305664K)->170894K(293376K)
[170.082s][info ][gc,heap        ] GC(156) ParOldGen: 660623K(699904K)->671384K(699904K)
[170.082s][info ][gc,metaspace   ] GC(156) Metaspace: 85172K(86080K)->85172K(86080K) NonClass: 73288K(73792K)->73288K(73792K) Class: 11884K(12288K)->11884K(12288K)
[170.082s][info ][gc             ] GC(156) Pause Young (Allocation Failure) 2285M->822M(2433M) 45.215ms
[170.082s][info ][gc,cpu         ] GC(156) User=0.18s Sys=0.00s Real=0.04s
[170.082s][info ][safepoint      ] Safepoint "ParallelGCFailedAllocation", Time since last: 239513004 ns, Reaching safepoint: 210012 ns, At safepoint: 45317212 ns, Total: 45527224 ns
[171.082s][info ][safepoint      ] Safepoint "Cleanup", Time since last: 1000107039 ns, Reaching safepoint: 194612 ns, At safepoint: 16101 ns, Total: 210713 ns
[171.622s][info ][gc,start       ] GC(157) Pause Young (Allocation Failure)
[171.662s][debug][gc,phases      ] GC(157) Scavenge 40.087ms
[171.662s][debug][gc,ref         ] GC(157) Skipped phase 1 of Reference Processing: no references
[171.662s][debug][gc,ref         ] GC(157) ReferenceProcessor::execute queues: 1, RefProcThreadModel::Single, marks_oops_alive: false
[171.662s][debug][gc,ref         ] GC(157) Skipped phase 3 of Reference Processing: no references
[171.662s][debug][gc,ref         ] GC(157) ReferenceProcessor::execute queues: 1, RefProcThreadModel::Single, marks_oops_alive: false
[171.662s][debug][gc,phases      ] GC(157) Reference Processing 0.168ms
[171.662s][debug][gc,phases      ] GC(157)   VM Weak                        Min:  0.0, Avg:  0.0, Max:  0.0, Diff:  0.0, Sum:  0.0, Workers: 4
[171.662s][debug][gc,phases      ] GC(157)     Dead                           Min: 0, Avg:  0.0, Max: 0, Diff: 0, Sum: 0, Workers: 4
[171.662s][debug][gc,phases      ] GC(157)     Total                          Min: 0, Avg: 179.2, Max: 448, Diff: 448, Sum: 717, Workers: 4
[171.662s][debug][gc,phases      ] GC(157)   ObjectSynchronizer Weak        Min:  0.0, Avg:  0.0, Max:  0.0, Diff:  0.0, Sum:  0.0, Workers: 4
[171.662s][debug][gc,phases      ] GC(157)     Dead                           Min: 0, Avg:  0.0, Max: 0, Diff: 0, Sum: 0, Workers: 4
[171.662s][debug][gc,phases      ] GC(157)     Total                          Min: 0, Avg: 139.2, Max: 256, Diff: 256, Sum: 557, Workers: 4
[171.662s][debug][gc,phases      ] GC(157)   JVMTI Tag Weak OopStorage      Min:  0.0, Avg:  0.0, Max:  0.0, Diff:  0.0, Sum:  0.0, Workers: 4
[171.662s][debug][gc,phases      ] GC(157)     Dead                           Min: 0, Avg:  0.0, Max: 0, Diff: 0, Sum: 0, Workers: 4
[171.662s][debug][gc,phases      ] GC(157)     Total                          Min: 0, Avg:  0.0, Max: 0, Diff: 0, Sum: 0, Workers: 4
[171.662s][debug][gc,phases      ] GC(157)   StringTable Weak               Min:  0.1, Avg:  0.1, Max:  0.1, Diff:  0.0, Sum:  0.6, Workers: 4
[171.662s][debug][gc,phases      ] GC(157)     Dead                           Min: 0, Avg:  0.0, Max: 0, Diff: 0, Sum: 0, Workers: 4
[171.662s][debug][gc,phases      ] GC(157)     Total                          Min: 11392, Avg: 12098.0, Max: 12800, Diff: 1408, Sum: 48392, Workers: 4
[171.663s][debug][gc,phases      ] GC(157)   ResolvedMethodTable Weak       Min:  0.0, Avg:  0.0, Max:  0.0, Diff:  0.0, Sum:  0.1, Workers: 4
[171.663s][debug][gc,phases      ] GC(157)     Dead                           Min: 0, Avg:  0.0, Max: 0, Diff: 0, Sum: 0, Workers: 4
[171.663s][debug][gc,phases      ] GC(157)     Total                          Min: 1958, Avg: 2201.5, Max: 2432, Diff: 474, Sum: 8806, Workers: 4
[171.663s][debug][gc,phases      ] GC(157)   JNI Weak                       Min:  0.0, Avg:  0.0, Max:  0.0, Diff:  0.0, Sum:  0.0, Workers: 4
[171.663s][debug][gc,phases      ] GC(157)     Dead                           Min: 0, Avg:  0.0, Max: 0, Diff: 0, Sum: 0, Workers: 4
[171.663s][debug][gc,phases      ] GC(157)     Total                          Min: 0, Avg:  2.5, Max: 10, Diff: 10, Sum: 10, Workers: 4
[171.663s][debug][gc,phases      ] GC(157)   StringDedup Table Weak         Min:  0.0, Avg:  0.0, Max:  0.0, Diff:  0.0, Sum:  0.0, Workers: 4
[171.663s][debug][gc,phases      ] GC(157)     Dead                           Min: 0, Avg:  0.0, Max: 0, Diff: 0, Sum: 0, Workers: 4
[171.663s][debug][gc,phases      ] GC(157)     Total                          Min: 0, Avg:  0.0, Max: 0, Diff: 0, Sum: 0, Workers: 4
[171.663s][debug][gc,phases      ] GC(157)   StringDedup Requests0 Weak     Min:  0.0, Avg:  0.0, Max:  0.0, Diff:  0.0, Sum:  0.0, Workers: 4
[171.663s][debug][gc,phases      ] GC(157)     Dead                           Min: 0, Avg:  0.0, Max: 0, Diff: 0, Sum: 0, Workers: 4
[171.663s][debug][gc,phases      ] GC(157)     Total                          Min: 0, Avg:  0.0, Max: 0, Diff: 0, Sum: 0, Workers: 4
[171.663s][debug][gc,phases      ] GC(157)   StringDedup Requests1 Weak     Min:  0.0, Avg:  0.0, Max:  0.0, Diff:  0.0, Sum:  0.0, Workers: 4
[171.663s][debug][gc,phases      ] GC(157)     Dead                           Min: 0, Avg:  0.0, Max: 0, Diff: 0, Sum: 0, Workers: 4
[171.663s][debug][gc,phases      ] GC(157)     Total                          Min: 0, Avg:  0.0, Max: 0, Diff: 0, Sum: 0, Workers: 4
[171.663s][debug][gc,phases      ] GC(157)   Weak JFR Old Object Samples    Min:  0.0, Avg:  0.0, Max:  0.0, Diff:  0.0, Sum:  0.0, Workers: 4
[171.663s][debug][gc,phases      ] GC(157)     Dead                           Min: 0, Avg:  0.0, Max: 0, Diff: 0, Sum: 0, Workers: 4
[171.663s][debug][gc,phases      ] GC(157)     Total                          Min: 0, Avg:  0.0, Max: 0, Diff: 0, Sum: 0, Workers: 4
[171.663s][debug][gc,phases      ] GC(157) Weak Processing 0.376ms
[171.663s][debug][gc,age         ] GC(157) Desired survivor size 282066944 bytes, new threshold 15 (max threshold 15)
[171.663s][info ][gc,heap        ] GC(157) PSYoungGen: 1669006K(1791488K)->165166K(1821696K) Eden: 1498112K(1498112K)->0K(1538048K) From: 170894K(293376K)->165166K(283648K)
[171.663s][info ][gc,heap        ] GC(157) ParOldGen: 671384K(699904K)->672456K(699904K)
[171.663s][info ][gc,metaspace   ] GC(157) Metaspace: 85204K(86080K)->85204K(86080K) NonClass: 73318K(73792K)->73318K(73792K) Class: 11886K(12288K)->11886K(12288K)
[171.663s][info ][gc             ] GC(157) Pause Young (Allocation Failure) 2285M->817M(2462M) 40.795ms
[171.663s][info ][gc,cpu         ] GC(157) User=0.17s Sys=0.00s Real=0.05s
[171.663s][info ][safepoint      ] Safepoint "ParallelGCFailedAllocation", Time since last: 539770108 ns, Reaching safepoint: 138108 ns, At safepoint: 40885356 ns, Total: 41023464 ns
[172.663s][info ][safepoint      ] Safepoint "Cleanup", Time since last: 1000077037 ns, Reaching safepoint: 262915 ns, At safepoint: 17401 ns, Total: 280316 ns
[173.663s][info ][safepoint      ] Safepoint "Cleanup", Time since last: 1000096938 ns, Reaching safepoint: 72304 ns, At safepoint: 7800 ns, Total: 80104 ns
[174.663s][info ][safepoint      ] Safepoint "Cleanup", Time since last: 1000104938 ns, Reaching safepoint: 73704 ns, At safepoint: 9100 ns, Total: 82804 ns
[174.687s][info ][gc,start       ] GC(158) Pause Young (Allocation Failure)
[174.727s][debug][gc,phases      ] GC(158) Scavenge 40.349ms
[174.727s][debug][gc,ref         ] GC(158) Skipped phase 1 of Reference Processing: no references
[174.727s][debug][gc,ref         ] GC(158) ReferenceProcessor::execute queues: 1, RefProcThreadModel::Single, marks_oops_alive: false
[174.727s][debug][gc,ref         ] GC(158) Skipped phase 3 of Reference Processing: no references
[174.727s][debug][gc,ref         ] GC(158) ReferenceProcessor::execute queues: 1, RefProcThreadModel::Single, marks_oops_alive: false
[174.727s][debug][gc,phases      ] GC(158) Reference Processing 0.169ms
[174.727s][debug][gc,phases      ] GC(158)   VM Weak                        Min:  0.0, Avg:  0.0, Max:  0.0, Diff:  0.0, Sum:  0.0, Workers: 4
[174.727s][debug][gc,phases      ] GC(158)     Dead                           Min: 0, Avg:  0.0, Max: 0, Diff: 0, Sum: 0, Workers: 4
[174.727s][debug][gc,phases      ] GC(158)     Total                          Min: 0, Avg: 179.2, Max: 525, Diff: 525, Sum: 717, Workers: 4
[174.727s][debug][gc,phases      ] GC(158)   ObjectSynchronizer Weak        Min:  0.0, Avg:  0.0, Max:  0.0, Diff:  0.0, Sum:  0.0, Workers: 4
[174.727s][debug][gc,phases      ] GC(158)     Dead                           Min: 0, Avg:  0.0, Max: 0, Diff: 0, Sum: 0, Workers: 4
[174.727s][debug][gc,phases      ] GC(158)     Total                          Min: 0, Avg: 139.2, Max: 301, Diff: 301, Sum: 557, Workers: 4
[174.727s][debug][gc,phases      ] GC(158)   JVMTI Tag Weak OopStorage      Min:  0.0, Avg:  0.0, Max:  0.0, Diff:  0.0, Sum:  0.0, Workers: 4
[174.727s][debug][gc,phases      ] GC(158)     Dead                           Min: 0, Avg:  0.0, Max: 0, Diff: 0, Sum: 0, Workers: 4
[174.727s][debug][gc,phases      ] GC(158)     Total                          Min: 0, Avg:  0.0, Max: 0, Diff: 0, Sum: 0, Workers: 4
[174.728s][debug][gc,phases      ] GC(158)   StringTable Weak               Min:  0.1, Avg:  0.1, Max:  0.1, Diff:  0.0, Sum:  0.5, Workers: 4
[174.728s][debug][gc,phases      ] GC(158)     Dead                           Min: 0, Avg:  0.0, Max: 0, Diff: 0, Sum: 0, Workers: 4
[174.728s][debug][gc,phases      ] GC(158)     Total                          Min: 10816, Avg: 12099.8, Max: 13504, Diff: 2688, Sum: 48399, Workers: 4
[174.728s][debug][gc,phases      ] GC(158)   ResolvedMethodTable Weak       Min:  0.0, Avg:  0.0, Max:  0.0, Diff:  0.0, Sum:  0.1, Workers: 4
[174.728s][debug][gc,phases      ] GC(158)     Dead                           Min: 0, Avg:  0.0, Max: 0, Diff: 0, Sum: 0, Workers: 4
[174.728s][debug][gc,phases      ] GC(158)     Total                          Min: 1920, Avg: 2202.2, Max: 2601, Diff: 681, Sum: 8809, Workers: 4
[174.728s][debug][gc,phases      ] GC(158)   JNI Weak                       Min:  0.0, Avg:  0.0, Max:  0.0, Diff:  0.0, Sum:  0.0, Workers: 4
[174.728s][debug][gc,phases      ] GC(158)     Dead                           Min: 0, Avg:  0.0, Max: 0, Diff: 0, Sum: 0, Workers: 4
[174.728s][debug][gc,phases      ] GC(158)     Total                          Min: 0, Avg:  0.0, Max: 0, Diff: 0, Sum: 0, Workers: 4
[174.728s][debug][gc,phases      ] GC(158)   StringDedup Table Weak         Min:  0.0, Avg:  0.0, Max:  0.0, Diff:  0.0, Sum:  0.0, Workers: 4
[174.728s][debug][gc,phases      ] GC(158)     Dead                           Min: 0, Avg:  0.0, Max: 0, Diff: 0, Sum: 0, Workers: 4
[174.728s][debug][gc,phases      ] GC(158)     Total                          Min: 0, Avg:  0.0, Max: 0, Diff: 0, Sum: 0, Workers: 4
[174.728s][debug][gc,phases      ] GC(158)   StringDedup Requests0 Weak     Min:  0.0, Avg:  0.0, Max:  0.0, Diff:  0.0, Sum:  0.0, Workers: 4
[174.728s][debug][gc,phases      ] GC(158)     Dead                           Min: 0, Avg:  0.0, Max: 0, Diff: 0, Sum: 0, Workers: 4
[174.728s][debug][gc,phases      ] GC(158)     Total                          Min: 0, Avg:  0.0, Max: 0, Diff: 0, Sum: 0, Workers: 4
[174.728s][debug][gc,phases      ] GC(158)   StringDedup Requests1 Weak     Min:  0.0, Avg:  0.0, Max:  0.0, Diff:  0.0, Sum:  0.0, Workers: 4
[174.728s][debug][gc,phases      ] GC(158)     Dead                           Min: 0, Avg:  0.0, Max: 0, Diff: 0, Sum: 0, Workers: 4
[174.728s][debug][gc,phases      ] GC(158)     Total                          Min: 0, Avg:  0.0, Max: 0, Diff: 0, Sum: 0, Workers: 4
[174.728s][debug][gc,phases      ] GC(158)   Weak JFR Old Object Samples    Min:  0.0, Avg:  0.0, Max:  0.0, Diff:  0.0, Sum:  0.0, Workers: 4
[174.728s][debug][gc,phases      ] GC(158)     Dead                           Min: 0, Avg:  0.0, Max: 0, Diff: 0, Sum: 0, Workers: 4
[174.728s][debug][gc,phases      ] GC(158)     Total                          Min: 0, Avg:  0.0, Max: 0, Diff: 0, Sum: 0, Workers: 4
[174.728s][debug][gc,phases      ] GC(158) Weak Processing 0.347ms
[174.728s][debug][gc,age         ] GC(158) Desired survivor size 279445504 bytes, new threshold 15 (max threshold 15)
[174.728s][info ][gc,heap        ] GC(158) PSYoungGen: 1703214K(1821696K)->133462K(1813504K) Eden: 1538048K(1538048K)->0K(1538048K) From: 165166K(283648K)->133462K(275456K)
[174.728s][info ][gc,heap        ] GC(158) ParOldGen: 672456K(699904K)->702444K(702464K)
[174.728s][info ][gc,metaspace   ] GC(158) Metaspace: 85229K(86144K)->85229K(86144K) NonClass: 73341K(73856K)->73341K(73856K) Class: 11887K(12288K)->11887K(12288K)
[174.728s][info ][gc             ] GC(158) Pause Young (Allocation Failure) 2319M->816M(2457M) 41.003ms
[174.728s][info ][gc,cpu         ] GC(158) User=0.15s Sys=0.02s Real=0.04s
[174.728s][debug][gc,phases      ] GC(159) Pre Compact 0.010ms
[174.728s][info ][gc,start       ] GC(159) Pause Full (Ergonomics)
[174.728s][info ][gc,phases,start] GC(159) Marking Phase
[174.902s][debug][gc,phases      ] GC(159) Par Mark 173.726ms
[174.902s][debug][gc,ref         ] GC(159) Skipped phase 1 of Reference Processing: no references
[174.902s][debug][gc,ref         ] GC(159) ReferenceProcessor::execute queues: 4, RefProcThreadModel::Multi, marks_oops_alive: false
[174.902s][debug][gc,ref         ] GC(159) Skipped phase 3 of Reference Processing: no references
[174.902s][debug][gc,ref         ] GC(159) ReferenceProcessor::execute queues: 1, RefProcThreadModel::Single, marks_oops_alive: false
[174.902s][debug][gc,phases      ] GC(159) Reference Processing 0.513ms
[174.902s][debug][gc,phases      ] GC(159)   VM Weak                        Min:  0.0, Avg:  0.0, Max:  0.0, Diff:  0.0, Sum:  0.0, Workers: 4
[174.902s][debug][gc,phases      ] GC(159)     Dead                           Min: 0, Avg:  0.0, Max: 0, Diff: 0, Sum: 0, Workers: 4
[174.902s][debug][gc,phases      ] GC(159)     Total                          Min: 0, Avg: 179.2, Max: 448, Diff: 448, Sum: 717, Workers: 4
[174.902s][debug][gc,phases      ] GC(159)   ObjectSynchronizer Weak        Min:  0.0, Avg:  0.0, Max:  0.0, Diff:  0.0, Sum:  0.0, Workers: 4
[174.902s][debug][gc,phases      ] GC(159)     Dead                           Min: 0, Avg:  0.2, Max: 1, Diff: 1, Sum: 1, Workers: 4
[174.902s][debug][gc,phases      ] GC(159)     Total                          Min: 0, Avg: 139.2, Max: 192, Diff: 192, Sum: 557, Workers: 4
[174.902s][debug][gc,phases      ] GC(159)   JVMTI Tag Weak OopStorage      Min:  0.0, Avg:  0.0, Max:  0.0, Diff:  0.0, Sum:  0.0, Workers: 4
[174.902s][debug][gc,phases      ] GC(159)     Dead                           Min: 0, Avg:  0.0, Max: 0, Diff: 0, Sum: 0, Workers: 4
[174.902s][debug][gc,phases      ] GC(159)     Total                          Min: 0, Avg:  0.0, Max: 0, Diff: 0, Sum: 0, Workers: 4
[174.902s][debug][gc,phases      ] GC(159)   StringTable Weak               Min:  0.2, Avg:  0.2, Max:  0.2, Diff:  0.0, Sum:  0.6, Workers: 4
[174.902s][debug][gc,phases      ] GC(159)     Dead                           Min: 0, Avg:  0.0, Max: 0, Diff: 0, Sum: 0, Workers: 4
[174.902s][debug][gc,phases      ] GC(159)     Total                          Min: 11584, Avg: 12099.8, Max: 12928, Diff: 1344, Sum: 48399, Workers: 4
[174.902s][debug][gc,phases      ] GC(159)   ResolvedMethodTable Weak       Min:  0.0, Avg:  0.0, Max:  0.0, Diff:  0.0, Sum:  0.2, Workers: 4
[174.902s][debug][gc,phases      ] GC(159)     Dead                           Min: 0, Avg:  0.0, Max: 0, Diff: 0, Sum: 0, Workers: 4
[174.902s][debug][gc,phases      ] GC(159)     Total                          Min: 1641, Avg: 2202.2, Max: 3008, Diff: 1367, Sum: 8809, Workers: 4
[174.902s][debug][gc,phases      ] GC(159)   JNI Weak                       Min:  0.0, Avg:  0.0, Max:  0.0, Diff:  0.0, Sum:  0.0, Workers: 4
[174.902s][debug][gc,phases      ] GC(159)     Dead                           Min: 0, Avg:  0.0, Max: 0, Diff: 0, Sum: 0, Workers: 4
[174.902s][debug][gc,phases      ] GC(159)     Total                          Min: 0, Avg:  0.0, Max: 0, Diff: 0, Sum: 0, Workers: 4
[174.902s][debug][gc,phases      ] GC(159)   StringDedup Table Weak         Min:  0.0, Avg:  0.0, Max:  0.0, Diff:  0.0, Sum:  0.0, Workers: 4
[174.902s][debug][gc,phases      ] GC(159)     Dead                           Min: 0, Avg:  0.0, Max: 0, Diff: 0, Sum: 0, Workers: 4
[174.902s][debug][gc,phases      ] GC(159)     Total                          Min: 0, Avg:  0.0, Max: 0, Diff: 0, Sum: 0, Workers: 4
[174.902s][debug][gc,phases      ] GC(159)   StringDedup Requests0 Weak     Min:  0.0, Avg:  0.0, Max:  0.0, Diff:  0.0, Sum:  0.0, Workers: 4
[174.902s][debug][gc,phases      ] GC(159)     Dead                           Min: 0, Avg:  0.0, Max: 0, Diff: 0, Sum: 0, Workers: 4
[174.902s][debug][gc,phases      ] GC(159)     Total                          Min: 0, Avg:  0.0, Max: 0, Diff: 0, Sum: 0, Workers: 4
[174.902s][debug][gc,phases      ] GC(159)   StringDedup Requests1 Weak     Min:  0.0, Avg:  0.0, Max:  0.0, Diff:  0.0, Sum:  0.0, Workers: 4
[174.902s][debug][gc,phases      ] GC(159)     Dead                           Min: 0, Avg:  0.0, Max: 0, Diff: 0, Sum: 0, Workers: 4
[174.902s][debug][gc,phases      ] GC(159)     Total                          Min: 0, Avg:  0.0, Max: 0, Diff: 0, Sum: 0, Workers: 4
[174.902s][debug][gc,phases      ] GC(159)   Weak JFR Old Object Samples    Min:  0.0, Avg:  0.0, Max:  0.0, Diff:  0.0, Sum:  0.0, Workers: 4
[174.902s][debug][gc,phases      ] GC(159)     Dead                           Min: 0, Avg:  0.0, Max: 0, Diff: 0, Sum: 0, Workers: 4
[174.902s][debug][gc,phases      ] GC(159)     Total                          Min: 0, Avg:  0.0, Max: 0, Diff: 0, Sum: 0, Workers: 4
[174.902s][debug][gc,phases      ] GC(159) Weak Processing 0.396ms
[174.903s][debug][gc,phases      ] GC(159) ClassLoaderData 0.099ms
[174.903s][debug][gc,phases      ] GC(159) Trigger cleanups 0.000ms
[174.924s][debug][gc,phases      ] GC(159) Class Unloading 21.348ms
[174.924s][info ][gc,phases      ] GC(159) Marking Phase 196.188ms
[174.924s][info ][gc,phases,start] GC(159) Summary Phase
[174.924s][info ][gc,phases      ] GC(159) Summary Phase 0.025ms
[174.924s][info ][gc,phases,start] GC(159) Adjust Roots
[174.939s][info ][gc,phases      ] GC(159) Adjust Roots 14.820ms
[174.939s][info ][gc,phases,start] GC(159) Compaction Phase
[175.102s][info ][gc,phases      ] GC(159) Compaction Phase 163.363ms
[175.102s][info ][gc,phases,start] GC(159) Post Compact
[175.105s][info ][gc,phases      ] GC(159) Post Compact 2.560ms
[175.105s][info ][gc,heap        ] GC(159) PSYoungGen: 133462K(1813504K)->0K(1824256K) Eden: 0K(1538048K)->0K(1551360K) From: 133462K(275456K)->0K(272896K)
[175.105s][info ][gc,heap        ] GC(159) ParOldGen: 702444K(702464K)->622276K(776704K)
[175.105s][info ][gc,metaspace   ] GC(159) Metaspace: 85229K(86144K)->85229K(86144K) NonClass: 73341K(73856K)->73341K(73856K) Class: 11887K(12288K)->11887K(12288K)
[175.105s][info ][gc             ] GC(159) Pause Full (Ergonomics) 816M->607M(2540M) 377.281ms
[175.105s][info ][gc,cpu         ] GC(159) User=1.38s Sys=0.00s Real=0.38s
[175.105s][info ][safepoint      ] Safepoint "ParallelGCFailedAllocation", Time since last: 23059229 ns, Reaching safepoint: 98106 ns, At safepoint: 418443015 ns, Total: 418541121 ns
[176.105s][info ][safepoint      ] Safepoint "Cleanup", Time since last: 1000093136 ns, Reaching safepoint: 54303 ns, At safepoint: 3301 ns, Total: 57604 ns
[177.105s][info ][safepoint      ] Safepoint "Cleanup", Time since last: 1000047333 ns, Reaching safepoint: 152008 ns, At safepoint: 12101 ns, Total: 164109 ns
[177.778s][info ][gc,start       ] GC(160) Pause Young (Allocation Failure)
[177.788s][debug][gc,phases      ] GC(160) Scavenge 9.887ms
[177.788s][debug][gc,ref         ] GC(160) Skipped phase 1 of Reference Processing: no references
[177.788s][debug][gc,ref         ] GC(160) ReferenceProcessor::execute queues: 1, RefProcThreadModel::Single, marks_oops_alive: false
[177.788s][debug][gc,ref         ] GC(160) Skipped phase 3 of Reference Processing: no references
[177.788s][debug][gc,ref         ] GC(160) ReferenceProcessor::execute queues: 1, RefProcThreadModel::Single, marks_oops_alive: false
[177.788s][debug][gc,phases      ] GC(160) Reference Processing 0.171ms
[177.788s][debug][gc,phases      ] GC(160)   VM Weak                        Min:  0.0, Avg:  0.0, Max:  0.0, Diff:  0.0, Sum:  0.0, Workers: 4
[177.788s][debug][gc,phases      ] GC(160)     Dead                           Min: 0, Avg:  0.0, Max: 0, Diff: 0, Sum: 0, Workers: 4
[177.788s][debug][gc,phases      ] GC(160)     Total                          Min: 0, Avg: 179.2, Max: 653, Diff: 653, Sum: 717, Workers: 4
[177.788s][debug][gc,phases      ] GC(160)   ObjectSynchronizer Weak        Min:  0.0, Avg:  0.0, Max:  0.0, Diff:  0.0, Sum:  0.0, Workers: 4
[177.788s][debug][gc,phases      ] GC(160)     Dead                           Min: 0, Avg:  0.0, Max: 0, Diff: 0, Sum: 0, Workers: 4
[177.788s][debug][gc,phases      ] GC(160)     Total                          Min: 0, Avg: 139.2, Max: 320, Diff: 320, Sum: 557, Workers: 4
[177.788s][debug][gc,phases      ] GC(160)   JVMTI Tag Weak OopStorage      Min:  0.0, Avg:  0.0, Max:  0.0, Diff:  0.0, Sum:  0.0, Workers: 4
[177.788s][debug][gc,phases      ] GC(160)     Dead                           Min: 0, Avg:  0.0, Max: 0, Diff: 0, Sum: 0, Workers: 4
[177.788s][debug][gc,phases      ] GC(160)     Total                          Min: 0, Avg:  0.0, Max: 0, Diff: 0, Sum: 0, Workers: 4
[177.788s][debug][gc,phases      ] GC(160)   StringTable Weak               Min:  0.1, Avg:  0.1, Max:  0.1, Diff:  0.0, Sum:  0.4, Workers: 4
[177.788s][debug][gc,phases      ] GC(160)     Dead                           Min: 0, Avg:  0.0, Max: 0, Diff: 0, Sum: 0, Workers: 4
[177.788s][debug][gc,phases      ] GC(160)     Total                          Min: 11416, Avg: 12102.0, Max: 13120, Diff: 1704, Sum: 48408, Workers: 4
[177.788s][debug][gc,phases      ] GC(160)   ResolvedMethodTable Weak       Min:  0.0, Avg:  0.0, Max:  0.0, Diff:  0.0, Sum:  0.1, Workers: 4
[177.788s][debug][gc,phases      ] GC(160)     Dead                           Min: 0, Avg:  0.0, Max: 0, Diff: 0, Sum: 0, Workers: 4
[177.788s][debug][gc,phases      ] GC(160)     Total                          Min: 2048, Avg: 2202.2, Max: 2345, Diff: 297, Sum: 8809, Workers: 4
[177.788s][debug][gc,phases      ] GC(160)   JNI Weak                       Min:  0.0, Avg:  0.0, Max:  0.0, Diff:  0.0, Sum:  0.0, Workers: 4
[177.788s][debug][gc,phases      ] GC(160)     Dead                           Min: 0, Avg:  0.0, Max: 0, Diff: 0, Sum: 0, Workers: 4
[177.788s][debug][gc,phases      ] GC(160)     Total                          Min: 0, Avg:  0.0, Max: 0, Diff: 0, Sum: 0, Workers: 4
[177.788s][debug][gc,phases      ] GC(160)   StringDedup Table Weak         Min:  0.0, Avg:  0.0, Max:  0.0, Diff:  0.0, Sum:  0.0, Workers: 4
[177.788s][debug][gc,phases      ] GC(160)     Dead                           Min: 0, Avg:  0.0, Max: 0, Diff: 0, Sum: 0, Workers: 4
[177.789s][debug][gc,phases      ] GC(160)     Total                          Min: 0, Avg:  0.0, Max: 0, Diff: 0, Sum: 0, Workers: 4
[177.789s][debug][gc,phases      ] GC(160)   StringDedup Requests0 Weak     Min:  0.0, Avg:  0.0, Max:  0.0, Diff:  0.0, Sum:  0.0, Workers: 4
[177.789s][debug][gc,phases      ] GC(160)     Dead                           Min: 0, Avg:  0.0, Max: 0, Diff: 0, Sum: 0, Workers: 4
[177.789s][debug][gc,phases      ] GC(160)     Total                          Min: 0, Avg:  0.0, Max: 0, Diff: 0, Sum: 0, Workers: 4
[177.789s][debug][gc,phases      ] GC(160)   StringDedup Requests1 Weak     Min:  0.0, Avg:  0.0, Max:  0.0, Diff:  0.0, Sum:  0.0, Workers: 4
[177.789s][debug][gc,phases      ] GC(160)     Dead                           Min: 0, Avg:  0.0, Max: 0, Diff: 0, Sum: 0, Workers: 4
[177.789s][debug][gc,phases      ] GC(160)     Total                          Min: 0, Avg:  0.0, Max: 0, Diff: 0, Sum: 0, Workers: 4
[177.789s][debug][gc,phases      ] GC(160)   Weak JFR Old Object Samples    Min:  0.0, Avg:  0.0, Max:  0.0, Diff:  0.0, Sum:  0.0, Workers: 4
[177.789s][debug][gc,phases      ] GC(160)     Dead                           Min: 0, Avg:  0.0, Max: 0, Diff: 0, Sum: 0, Workers: 4
[177.789s][debug][gc,phases      ] GC(160)     Total                          Min: 0, Avg:  0.0, Max: 0, Diff: 0, Sum: 0, Workers: 4
[177.789s][debug][gc,phases      ] GC(160) Weak Processing 0.315ms
[177.789s][debug][gc,age         ] GC(160) Desired survivor size 295174144 bytes, new threshold 15 (max threshold 15)
[177.789s][info ][gc,heap        ] GC(160) PSYoungGen: 1551360K(1824256K)->23067K(1574912K) Eden: 1551360K(1551360K)->0K(1551360K) From: 0K(272896K)->23067K(23552K)
[177.789s][info ][gc,heap        ] GC(160) ParOldGen: 622276K(776704K)->622284K(776704K)
[177.789s][info ][gc,metaspace   ] GC(160) Metaspace: 85253K(86144K)->85253K(86144K) NonClass: 73365K(73856K)->73365K(73856K) Class: 11888K(12288K)->11888K(12288K)
[177.789s][info ][gc             ] GC(160) Pause Young (Allocation Failure) 2122M->630M(2296M) 10.523ms
[177.789s][info ][gc,cpu         ] GC(160) User=0.04s Sys=0.00s Real=0.01s
[177.789s][info ][safepoint      ] Safepoint "ParallelGCFailedAllocation", Time since last: 672467454 ns, Reaching safepoint: 172510 ns, At safepoint: 10611212 ns, Total: 10783722 ns
[179.312s][info ][safepoint      ] Safepoint "Cleanup", Time since last: 1523671908 ns, Reaching safepoint: 109406 ns, At safepoint: 8701 ns, Total: 118107 ns
[180.313s][info ][safepoint      ] Safepoint "Cleanup", Time since last: 1000074533 ns, Reaching safepoint: 207912 ns, At safepoint: 24301 ns, Total: 232213 ns
[181.099s][info ][gc,start       ] GC(161) Pause Young (Allocation Failure)
[181.110s][debug][gc,phases      ] GC(161) Scavenge 11.408ms
[181.110s][debug][gc,ref         ] GC(161) Skipped phase 1 of Reference Processing: no references
[181.110s][debug][gc,ref         ] GC(161) ReferenceProcessor::execute queues: 1, RefProcThreadModel::Single, marks_oops_alive: false
[181.111s][debug][gc,ref         ] GC(161) Skipped phase 3 of Reference Processing: no references
[181.111s][debug][gc,ref         ] GC(161) ReferenceProcessor::execute queues: 1, RefProcThreadModel::Single, marks_oops_alive: false
[181.111s][debug][gc,phases      ] GC(161) Reference Processing 0.159ms
[181.111s][debug][gc,phases      ] GC(161)   VM Weak                        Min:  0.0, Avg:  0.0, Max:  0.0, Diff:  0.0, Sum:  0.0, Workers: 4
[181.111s][debug][gc,phases      ] GC(161)     Dead                           Min: 0, Avg:  0.0, Max: 0, Diff: 0, Sum: 0, Workers: 4
[181.111s][debug][gc,phases      ] GC(161)     Total                          Min: 0, Avg: 180.2, Max: 721, Diff: 721, Sum: 721, Workers: 4
[181.111s][debug][gc,phases      ] GC(161)   ObjectSynchronizer Weak        Min:  0.0, Avg:  0.0, Max:  0.0, Diff:  0.0, Sum:  0.0, Workers: 4
[181.111s][debug][gc,phases      ] GC(161)     Dead                           Min: 0, Avg:  0.0, Max: 0, Diff: 0, Sum: 0, Workers: 4
[181.111s][debug][gc,phases      ] GC(161)     Total                          Min: 0, Avg: 139.2, Max: 448, Diff: 448, Sum: 557, Workers: 4
[181.111s][debug][gc,phases      ] GC(161)   JVMTI Tag Weak OopStorage      Min:  0.0, Avg:  0.0, Max:  0.0, Diff:  0.0, Sum:  0.0, Workers: 4
[181.111s][debug][gc,phases      ] GC(161)     Dead                           Min: 0, Avg:  0.0, Max: 0, Diff: 0, Sum: 0, Workers: 4
[181.111s][debug][gc,phases      ] GC(161)     Total                          Min: 0, Avg:  0.0, Max: 0, Diff: 0, Sum: 0, Workers: 4
[181.111s][debug][gc,phases      ] GC(161)   StringTable Weak               Min:  0.1, Avg:  0.1, Max:  0.1, Diff:  0.0, Sum:  0.4, Workers: 4
[181.111s][debug][gc,phases      ] GC(161)     Dead                           Min: 0, Avg:  0.2, Max: 1, Diff: 1, Sum: 1, Workers: 4
[181.111s][debug][gc,phases      ] GC(161)     Total                          Min: 11328, Avg: 12111.5, Max: 12992, Diff: 1664, Sum: 48446, Workers: 4
[181.111s][debug][gc,phases      ] GC(161)   ResolvedMethodTable Weak       Min:  0.0, Avg:  0.0, Max:  0.0, Diff:  0.0, Sum:  0.1, Workers: 4
[181.111s][debug][gc,phases      ] GC(161)     Dead                           Min: 0, Avg:  0.0, Max: 0, Diff: 0, Sum: 0, Workers: 4
[181.111s][debug][gc,phases      ] GC(161)     Total                          Min: 2112, Avg: 2208.2, Max: 2368, Diff: 256, Sum: 8833, Workers: 4
[181.111s][debug][gc,phases      ] GC(161)   JNI Weak                       Min:  0.0, Avg:  0.0, Max:  0.0, Diff:  0.0, Sum:  0.0, Workers: 4
[181.111s][debug][gc,phases      ] GC(161)     Dead                           Min: 0, Avg:  0.0, Max: 0, Diff: 0, Sum: 0, Workers: 4
[181.111s][debug][gc,phases      ] GC(161)     Total                          Min: 0, Avg:  0.0, Max: 0, Diff: 0, Sum: 0, Workers: 4
[181.111s][debug][gc,phases      ] GC(161)   StringDedup Table Weak         Min:  0.0, Avg:  0.0, Max:  0.0, Diff:  0.0, Sum:  0.0, Workers: 4
[181.111s][debug][gc,phases      ] GC(161)     Dead                           Min: 0, Avg:  0.0, Max: 0, Diff: 0, Sum: 0, Workers: 4
[181.111s][debug][gc,phases      ] GC(161)     Total                          Min: 0, Avg:  0.0, Max: 0, Diff: 0, Sum: 0, Workers: 4
[181.111s][debug][gc,phases      ] GC(161)   StringDedup Requests0 Weak     Min:  0.0, Avg:  0.0, Max:  0.0, Diff:  0.0, Sum:  0.0, Workers: 4
[181.111s][debug][gc,phases      ] GC(161)     Dead                           Min: 0, Avg:  0.0, Max: 0, Diff: 0, Sum: 0, Workers: 4
[181.111s][debug][gc,phases      ] GC(161)     Total                          Min: 0, Avg:  0.0, Max: 0, Diff: 0, Sum: 0, Workers: 4
[181.111s][debug][gc,phases      ] GC(161)   StringDedup Requests1 Weak     Min:  0.0, Avg:  0.0, Max:  0.0, Diff:  0.0, Sum:  0.0, Workers: 4
[181.111s][debug][gc,phases      ] GC(161)     Dead                           Min: 0, Avg:  0.0, Max: 0, Diff: 0, Sum: 0, Workers: 4
[181.111s][debug][gc,phases      ] GC(161)     Total                          Min: 0, Avg:  0.0, Max: 0, Diff: 0, Sum: 0, Workers: 4
[181.111s][debug][gc,phases      ] GC(161)   Weak JFR Old Object Samples    Min:  0.0, Avg:  0.0, Max:  0.0, Diff:  0.0, Sum:  0.0, Workers: 4
[181.111s][debug][gc,phases      ] GC(161)     Dead                           Min: 0, Avg:  0.0, Max: 0, Diff: 0, Sum: 0, Workers: 4
[181.111s][debug][gc,phases      ] GC(161)     Total                          Min: 0, Avg:  0.0, Max: 0, Diff: 0, Sum: 0, Workers: 4
[181.111s][debug][gc,phases      ] GC(161) Weak Processing 0.351ms
[181.111s][debug][gc,age         ] GC(161) Desired survivor size 303038464 bytes, new threshold 15 (max threshold 15)
[181.111s][info ][gc,heap        ] GC(161) PSYoungGen: 1574427K(1574912K)->38336K(1793536K) Eden: 1551360K(1551360K)->0K(1505280K) From: 23067K(23552K)->38336K(288256K)
[181.111s][info ][gc,heap        ] GC(161) ParOldGen: 622284K(776704K)->622284K(776704K)
[181.111s][info ][gc,metaspace   ] GC(161) Metaspace: 85360K(86272K)->85360K(86272K) NonClass: 73457K(73920K)->73457K(73920K) Class: 11902K(12352K)->11902K(12352K)
[181.111s][info ][gc             ] GC(161) Pause Young (Allocation Failure) 2145M->645M(2510M) 12.053ms
[181.111s][info ][gc,cpu         ] GC(161) User=0.05s Sys=0.00s Real=0.01s
[181.111s][info ][safepoint      ] Safepoint "ParallelGCFailedAllocation", Time since last: 785936092 ns, Reaching safepoint: 144208 ns, At safepoint: 12143700 ns, Total: 12287908 ns
[182.111s][info ][safepoint      ] Safepoint "Cleanup", Time since last: 1000083833 ns, Reaching safepoint: 130007 ns, At safepoint: 15801 ns, Total: 145808 ns
[183.111s][info ][safepoint      ] Safepoint "Cleanup", Time since last: 1000094333 ns, Reaching safepoint: 65704 ns, At safepoint: 9000 ns, Total: 74704 ns
[184.112s][info ][safepoint      ] Safepoint "Cleanup", Time since last: 1000093633 ns, Reaching safepoint: 155209 ns, At safepoint: 14400 ns, Total: 169609 ns
[185.112s][info ][safepoint      ] Safepoint "Cleanup", Time since last: 1000099533 ns, Reaching safepoint: 101906 ns, At safepoint: 8700 ns, Total: 110606 ns
[186.112s][info ][safepoint      ] Safepoint "Cleanup", Time since last: 1000095732 ns, Reaching safepoint: 67603 ns, At safepoint: 11301 ns, Total: 78904 ns
[186.553s][info ][gc,start       ] GC(162) Pause Young (Allocation Failure)
[186.567s][debug][gc,phases      ] GC(162) Scavenge 13.159ms
[186.567s][debug][gc,ref         ] GC(162) Skipped phase 1 of Reference Processing: no references
[186.567s][debug][gc,ref         ] GC(162) ReferenceProcessor::execute queues: 1, RefProcThreadModel::Single, marks_oops_alive: false
[186.567s][debug][gc,ref         ] GC(162) Skipped phase 3 of Reference Processing: no references
[186.567s][debug][gc,ref         ] GC(162) ReferenceProcessor::execute queues: 1, RefProcThreadModel::Single, marks_oops_alive: false
[186.567s][debug][gc,phases      ] GC(162) Reference Processing 0.176ms
[186.567s][debug][gc,phases      ] GC(162)   VM Weak                        Min:  0.0, Avg:  0.0, Max:  0.0, Diff:  0.0, Sum:  0.0, Workers: 4
[186.567s][debug][gc,phases      ] GC(162)     Dead                           Min: 0, Avg:  0.0, Max: 0, Diff: 0, Sum: 0, Workers: 4
[186.567s][debug][gc,phases      ] GC(162)     Total                          Min: 0, Avg: 180.2, Max: 529, Diff: 529, Sum: 721, Workers: 4
[186.567s][debug][gc,phases      ] GC(162)   ObjectSynchronizer Weak        Min:  0.0, Avg:  0.0, Max:  0.0, Diff:  0.0, Sum:  0.0, Workers: 4
[186.567s][debug][gc,phases      ] GC(162)     Dead                           Min: 0, Avg:  0.0, Max: 0, Diff: 0, Sum: 0, Workers: 4
[186.567s][debug][gc,phases      ] GC(162)     Total                          Min: 0, Avg: 139.2, Max: 256, Diff: 256, Sum: 557, Workers: 4
[186.567s][debug][gc,phases      ] GC(162)   JVMTI Tag Weak OopStorage      Min:  0.0, Avg:  0.0, Max:  0.0, Diff:  0.0, Sum:  0.0, Workers: 4
[186.567s][debug][gc,phases      ] GC(162)     Dead                           Min: 0, Avg:  0.0, Max: 0, Diff: 0, Sum: 0, Workers: 4
[186.567s][debug][gc,phases      ] GC(162)     Total                          Min: 0, Avg:  0.0, Max: 0, Diff: 0, Sum: 0, Workers: 4
[186.567s][debug][gc,phases      ] GC(162)   StringTable Weak               Min:  0.1, Avg:  0.1, Max:  0.1, Diff:  0.0, Sum:  0.4, Workers: 4
[186.567s][debug][gc,phases      ] GC(162)     Dead                           Min: 0, Avg:  0.0, Max: 0, Diff: 0, Sum: 0, Workers: 4
[186.567s][debug][gc,phases      ] GC(162)     Total                          Min: 10816, Avg: 12112.8, Max: 12992, Diff: 2176, Sum: 48451, Workers: 4
[186.567s][debug][gc,phases      ] GC(162)   ResolvedMethodTable Weak       Min:  0.0, Avg:  0.0, Max:  0.0, Diff:  0.0, Sum:  0.1, Workers: 4
[186.567s][debug][gc,phases      ] GC(162)     Dead                           Min: 0, Avg:  0.0, Max: 0, Diff: 0, Sum: 0, Workers: 4
[186.567s][debug][gc,phases      ] GC(162)     Total                          Min: 2048, Avg: 2208.8, Max: 2368, Diff: 320, Sum: 8835, Workers: 4
[186.567s][debug][gc,phases      ] GC(162)   JNI Weak                       Min:  0.0, Avg:  0.0, Max:  0.0, Diff:  0.0, Sum:  0.0, Workers: 4
[186.567s][debug][gc,phases      ] GC(162)     Dead                           Min: 0, Avg:  0.0, Max: 0, Diff: 0, Sum: 0, Workers: 4
[186.567s][debug][gc,phases      ] GC(162)     Total                          Min: 0, Avg:  0.0, Max: 0, Diff: 0, Sum: 0, Workers: 4
[186.567s][debug][gc,phases      ] GC(162)   StringDedup Table Weak         Min:  0.0, Avg:  0.0, Max:  0.0, Diff:  0.0, Sum:  0.0, Workers: 4
[186.567s][debug][gc,phases      ] GC(162)     Dead                           Min: 0, Avg:  0.0, Max: 0, Diff: 0, Sum: 0, Workers: 4
[186.567s][debug][gc,phases      ] GC(162)     Total                          Min: 0, Avg:  0.0, Max: 0, Diff: 0, Sum: 0, Workers: 4
[186.567s][debug][gc,phases      ] GC(162)   StringDedup Requests0 Weak     Min:  0.0, Avg:  0.0, Max:  0.0, Diff:  0.0, Sum:  0.0, Workers: 4
[186.567s][debug][gc,phases      ] GC(162)     Dead                           Min: 0, Avg:  0.0, Max: 0, Diff: 0, Sum: 0, Workers: 4
[186.567s][debug][gc,phases      ] GC(162)     Total                          Min: 0, Avg:  0.0, Max: 0, Diff: 0, Sum: 0, Workers: 4
[186.567s][debug][gc,phases      ] GC(162)   StringDedup Requests1 Weak     Min:  0.0, Avg:  0.0, Max:  0.0, Diff:  0.0, Sum:  0.0, Workers: 4
[186.567s][debug][gc,phases      ] GC(162)     Dead                           Min: 0, Avg:  0.0, Max: 0, Diff: 0, Sum: 0, Workers: 4
[186.567s][debug][gc,phases      ] GC(162)     Total                          Min: 0, Avg:  0.0, Max: 0, Diff: 0, Sum: 0, Workers: 4
[186.567s][debug][gc,phases      ] GC(162)   Weak JFR Old Object Samples    Min:  0.0, Avg:  0.0, Max:  0.0, Diff:  0.0, Sum:  0.0, Workers: 4
[186.567s][debug][gc,phases      ] GC(162)     Dead                           Min: 0, Avg:  0.0, Max: 0, Diff: 0, Sum: 0, Workers: 4
[186.567s][debug][gc,phases      ] GC(162)     Total                          Min: 0, Avg:  0.0, Max: 0, Diff: 0, Sum: 0, Workers: 4
[186.567s][debug][gc,phases      ] GC(162) Weak Processing 0.324ms
[186.567s][debug][gc,age         ] GC(162) Desired survivor size 304611328 bytes, new threshold 15 (max threshold 15)
[186.567s][info ][gc,heap        ] GC(162) PSYoungGen: 1543616K(1793536K)->48992K(1554432K) Eden: 1505280K(1505280K)->0K(1505280K) From: 38336K(288256K)->48992K(49152K)
[186.567s][info ][gc,heap        ] GC(162) ParOldGen: 622284K(776704K)->622284K(776704K)
[186.567s][info ][gc,metaspace   ] GC(162) Metaspace: 85396K(86336K)->85396K(86336K) NonClass: 73492K(73984K)->73492K(73984K) Class: 11904K(12352K)->11904K(12352K)
[186.567s][info ][gc             ] GC(162) Pause Young (Allocation Failure) 2115M->655M(2276M) 13.803ms
[186.567s][info ][gc,cpu         ] GC(162) User=0.06s Sys=0.00s Real=0.02s
[186.567s][info ][safepoint      ] Safepoint "ParallelGCFailedAllocation", Time since last: 441332032 ns, Reaching safepoint: 55803 ns, At safepoint: 13887701 ns, Total: 13943504 ns
[187.568s][info ][safepoint      ] Safepoint "Cleanup", Time since last: 1000087530 ns, Reaching safepoint: 159509 ns, At safepoint: 19801 ns, Total: 179310 ns
[188.786s][info ][safepoint      ] Safepoint "Cleanup", Time since last: 1218004788 ns, Reaching safepoint: 158009 ns, At safepoint: 9300 ns, Total: 167309 ns
[189.786s][info ][safepoint      ] Safepoint "Cleanup", Time since last: 1000121232 ns, Reaching safepoint: 132607 ns, At safepoint: 13101 ns, Total: 145708 ns
[190.730s][info ][gc,start       ] GC(163) Pause Young (Allocation Failure)
[190.751s][debug][gc,phases      ] GC(163) Scavenge 20.685ms
[190.751s][debug][gc,ref         ] GC(163) Skipped phase 1 of Reference Processing: no references
[190.751s][debug][gc,ref         ] GC(163) ReferenceProcessor::execute queues: 1, RefProcThreadModel::Single, marks_oops_alive: false
[190.751s][debug][gc,ref         ] GC(163) Skipped phase 3 of Reference Processing: no references
[190.751s][debug][gc,ref         ] GC(163) ReferenceProcessor::execute queues: 1, RefProcThreadModel::Single, marks_oops_alive: false
[190.751s][debug][gc,phases      ] GC(163) Reference Processing 0.136ms
[190.751s][debug][gc,phases      ] GC(163)   VM Weak                        Min:  0.0, Avg:  0.0, Max:  0.0, Diff:  0.0, Sum:  0.0, Workers: 4
[190.751s][debug][gc,phases      ] GC(163)     Dead                           Min: 0, Avg:  0.0, Max: 0, Diff: 0, Sum: 0, Workers: 4
[190.751s][debug][gc,phases      ] GC(163)     Total                          Min: 0, Avg: 180.2, Max: 384, Diff: 384, Sum: 721, Workers: 4
[190.751s][debug][gc,phases      ] GC(163)   ObjectSynchronizer Weak        Min:  0.0, Avg:  0.0, Max:  0.0, Diff:  0.0, Sum:  0.0, Workers: 4
[190.751s][debug][gc,phases      ] GC(163)     Dead                           Min: 0, Avg:  0.0, Max: 0, Diff: 0, Sum: 0, Workers: 4
[190.751s][debug][gc,phases      ] GC(163)     Total                          Min: 0, Avg: 139.2, Max: 192, Diff: 192, Sum: 557, Workers: 4
[190.751s][debug][gc,phases      ] GC(163)   JVMTI Tag Weak OopStorage      Min:  0.0, Avg:  0.0, Max:  0.0, Diff:  0.0, Sum:  0.0, Workers: 4
[190.751s][debug][gc,phases      ] GC(163)     Dead                           Min: 0, Avg:  0.0, Max: 0, Diff: 0, Sum: 0, Workers: 4
[190.751s][debug][gc,phases      ] GC(163)     Total                          Min: 0, Avg:  0.0, Max: 0, Diff: 0, Sum: 0, Workers: 4
[190.751s][debug][gc,phases      ] GC(163)   StringTable Weak               Min:  0.1, Avg:  0.1, Max:  0.1, Diff:  0.0, Sum:  0.5, Workers: 4
[190.751s][debug][gc,phases      ] GC(163)     Dead                           Min: 0, Avg:  0.0, Max: 0, Diff: 0, Sum: 0, Workers: 4
[190.751s][debug][gc,phases      ] GC(163)     Total                          Min: 11584, Avg: 12115.0, Max: 12620, Diff: 1036, Sum: 48460, Workers: 4
[190.751s][debug][gc,phases      ] GC(163)   ResolvedMethodTable Weak       Min:  0.0, Avg:  0.0, Max:  0.0, Diff:  0.0, Sum:  0.1, Workers: 4
[190.751s][debug][gc,phases      ] GC(163)     Dead                           Min: 0, Avg:  0.0, Max: 0, Diff: 0, Sum: 0, Workers: 4
[190.751s][debug][gc,phases      ] GC(163)     Total                          Min: 2112, Avg: 2209.2, Max: 2309, Diff: 197, Sum: 8837, Workers: 4
[190.751s][debug][gc,phases      ] GC(163)   JNI Weak                       Min:  0.0, Avg:  0.0, Max:  0.0, Diff:  0.0, Sum:  0.0, Workers: 4
[190.751s][debug][gc,phases      ] GC(163)     Dead                           Min: 0, Avg:  0.0, Max: 0, Diff: 0, Sum: 0, Workers: 4
[190.751s][debug][gc,phases      ] GC(163)     Total                          Min: 0, Avg:  0.5, Max: 2, Diff: 2, Sum: 2, Workers: 4
[190.751s][debug][gc,phases      ] GC(163)   StringDedup Table Weak         Min:  0.0, Avg:  0.0, Max:  0.0, Diff:  0.0, Sum:  0.0, Workers: 4
[190.751s][debug][gc,phases      ] GC(163)     Dead                           Min: 0, Avg:  0.0, Max: 0, Diff: 0, Sum: 0, Workers: 4
[190.751s][debug][gc,phases      ] GC(163)     Total                          Min: 0, Avg:  0.0, Max: 0, Diff: 0, Sum: 0, Workers: 4
[190.751s][debug][gc,phases      ] GC(163)   StringDedup Requests0 Weak     Min:  0.0, Avg:  0.0, Max:  0.0, Diff:  0.0, Sum:  0.0, Workers: 4
[190.751s][debug][gc,phases      ] GC(163)     Dead                           Min: 0, Avg:  0.0, Max: 0, Diff: 0, Sum: 0, Workers: 4
[190.751s][debug][gc,phases      ] GC(163)     Total                          Min: 0, Avg:  0.0, Max: 0, Diff: 0, Sum: 0, Workers: 4
[190.751s][debug][gc,phases      ] GC(163)   StringDedup Requests1 Weak     Min:  0.0, Avg:  0.0, Max:  0.0, Diff:  0.0, Sum:  0.0, Workers: 4
[190.751s][debug][gc,phases      ] GC(163)     Dead                           Min: 0, Avg:  0.0, Max: 0, Diff: 0, Sum: 0, Workers: 4
[190.751s][debug][gc,phases      ] GC(163)     Total                          Min: 0, Avg:  0.0, Max: 0, Diff: 0, Sum: 0, Workers: 4
[190.751s][debug][gc,phases      ] GC(163)   Weak JFR Old Object Samples    Min:  0.0, Avg:  0.0, Max:  0.0, Diff:  0.0, Sum:  0.0, Workers: 4
[190.751s][debug][gc,phases      ] GC(163)     Dead                           Min: 0, Avg:  0.0, Max: 0, Diff: 0, Sum: 0, Workers: 4
[190.751s][debug][gc,phases      ] GC(163)     Total                          Min: 0, Avg:  0.0, Max: 0, Diff: 0, Sum: 0, Workers: 4
[190.751s][debug][gc,phases      ] GC(163) Weak Processing 0.357ms
[190.751s][debug][gc,age         ] GC(163) Desired survivor size 299368448 bytes, new threshold 15 (max threshold 15)
[190.751s][info ][gc,heap        ] GC(163) PSYoungGen: 1554272K(1554432K)->70504K(1804800K) Eden: 1505280K(1505280K)->0K(1507328K) From: 48992K(49152K)->70504K(297472K)
[190.751s][info ][gc,heap        ] GC(163) ParOldGen: 622284K(776704K)->622284K(776704K)
[190.751s][info ][gc,metaspace   ] GC(163) Metaspace: 85421K(86336K)->85421K(86336K) NonClass: 73516K(73984K)->73516K(73984K) Class: 11904K(12352K)->11904K(12352K)
[190.751s][info ][gc             ] GC(163) Pause Young (Allocation Failure) 2125M->676M(2521M) 21.322ms
[190.751s][info ][gc,cpu         ] GC(163) User=0.08s Sys=0.00s Real=0.02s
[190.751s][info ][safepoint      ] Safepoint "ParallelGCFailedAllocation", Time since last: 943669978 ns, Reaching safepoint: 109406 ns, At safepoint: 21411934 ns, Total: 21521340 ns
[191.752s][info ][safepoint      ] Safepoint "Cleanup", Time since last: 1000092529 ns, Reaching safepoint: 249114 ns, At safepoint: 19501 ns, Total: 268615 ns
[192.585s][info ][gc,start       ] GC(164) Pause Young (Allocation Failure)
[192.607s][debug][gc,phases      ] GC(164) Scavenge 21.438ms
[192.607s][debug][gc,ref         ] GC(164) Skipped phase 1 of Reference Processing: no references
[192.607s][debug][gc,ref         ] GC(164) ReferenceProcessor::execute queues: 1, RefProcThreadModel::Single, marks_oops_alive: false
[192.607s][debug][gc,ref         ] GC(164) Skipped phase 3 of Reference Processing: no references
[192.607s][debug][gc,ref         ] GC(164) ReferenceProcessor::execute queues: 1, RefProcThreadModel::Single, marks_oops_alive: false
[192.607s][debug][gc,phases      ] GC(164) Reference Processing 0.177ms
[192.607s][debug][gc,phases      ] GC(164)   VM Weak                        Min:  0.0, Avg:  0.0, Max:  0.0, Diff:  0.0, Sum:  0.0, Workers: 4
[192.607s][debug][gc,phases      ] GC(164)     Dead                           Min: 0, Avg:  0.0, Max: 0, Diff: 0, Sum: 0, Workers: 4
[192.607s][debug][gc,phases      ] GC(164)     Total                          Min: 0, Avg: 180.2, Max: 465, Diff: 465, Sum: 721, Workers: 4
[192.607s][debug][gc,phases      ] GC(164)   ObjectSynchronizer Weak        Min:  0.0, Avg:  0.0, Max:  0.0, Diff:  0.0, Sum:  0.0, Workers: 4
[192.607s][debug][gc,phases      ] GC(164)     Dead                           Min: 0, Avg:  0.0, Max: 0, Diff: 0, Sum: 0, Workers: 4
[192.607s][debug][gc,phases      ] GC(164)     Total                          Min: 0, Avg: 139.2, Max: 365, Diff: 365, Sum: 557, Workers: 4
[192.607s][debug][gc,phases      ] GC(164)   JVMTI Tag Weak OopStorage      Min:  0.0, Avg:  0.0, Max:  0.0, Diff:  0.0, Sum:  0.0, Workers: 4
[192.607s][debug][gc,phases      ] GC(164)     Dead                           Min: 0, Avg:  0.0, Max: 0, Diff: 0, Sum: 0, Workers: 4
[192.607s][debug][gc,phases      ] GC(164)     Total                          Min: 0, Avg:  0.0, Max: 0, Diff: 0, Sum: 0, Workers: 4
[192.607s][debug][gc,phases      ] GC(164)   StringTable Weak               Min:  0.1, Avg:  0.1, Max:  0.1, Diff:  0.0, Sum:  0.5, Workers: 4
[192.607s][debug][gc,phases      ] GC(164)     Dead                           Min: 0, Avg:  0.0, Max: 0, Diff: 0, Sum: 0, Workers: 4
[192.607s][debug][gc,phases      ] GC(164)     Total                          Min: 11456, Avg: 12116.8, Max: 12928, Diff: 1472, Sum: 48467, Workers: 4
[192.607s][debug][gc,phases      ] GC(164)   ResolvedMethodTable Weak       Min:  0.0, Avg:  0.0, Max:  0.0, Diff:  0.0, Sum:  0.1, Workers: 4
[192.607s][debug][gc,phases      ] GC(164)     Dead                           Min: 0, Avg:  0.0, Max: 0, Diff: 0, Sum: 0, Workers: 4
[192.607s][debug][gc,phases      ] GC(164)     Total                          Min: 2112, Avg: 2209.8, Max: 2432, Diff: 320, Sum: 8839, Workers: 4
[192.607s][debug][gc,phases      ] GC(164)   JNI Weak                       Min:  0.0, Avg:  0.0, Max:  0.0, Diff:  0.0, Sum:  0.0, Workers: 4
[192.607s][debug][gc,phases      ] GC(164)     Dead                           Min: 0, Avg:  0.0, Max: 0, Diff: 0, Sum: 0, Workers: 4
[192.607s][debug][gc,phases      ] GC(164)     Total                          Min: 0, Avg:  0.8, Max: 3, Diff: 3, Sum: 3, Workers: 4
[192.607s][debug][gc,phases      ] GC(164)   StringDedup Table Weak         Min:  0.0, Avg:  0.0, Max:  0.0, Diff:  0.0, Sum:  0.0, Workers: 4
[192.607s][debug][gc,phases      ] GC(164)     Dead                           Min: 0, Avg:  0.0, Max: 0, Diff: 0, Sum: 0, Workers: 4
[192.607s][debug][gc,phases      ] GC(164)     Total                          Min: 0, Avg:  0.0, Max: 0, Diff: 0, Sum: 0, Workers: 4
[192.607s][debug][gc,phases      ] GC(164)   StringDedup Requests0 Weak     Min:  0.0, Avg:  0.0, Max:  0.0, Diff:  0.0, Sum:  0.0, Workers: 4
[192.607s][debug][gc,phases      ] GC(164)     Dead                           Min: 0, Avg:  0.0, Max: 0, Diff: 0, Sum: 0, Workers: 4
[192.607s][debug][gc,phases      ] GC(164)     Total                          Min: 0, Avg:  0.0, Max: 0, Diff: 0, Sum: 0, Workers: 4
[192.607s][debug][gc,phases      ] GC(164)   StringDedup Requests1 Weak     Min:  0.0, Avg:  0.0, Max:  0.0, Diff:  0.0, Sum:  0.0, Workers: 4
[192.607s][debug][gc,phases      ] GC(164)     Dead                           Min: 0, Avg:  0.0, Max: 0, Diff: 0, Sum: 0, Workers: 4
[192.607s][debug][gc,phases      ] GC(164)     Total                          Min: 0, Avg:  0.0, Max: 0, Diff: 0, Sum: 0, Workers: 4
[192.607s][debug][gc,phases      ] GC(164)   Weak JFR Old Object Samples    Min:  0.0, Avg:  0.0, Max:  0.0, Diff:  0.0, Sum:  0.0, Workers: 4
[192.607s][debug][gc,phases      ] GC(164)     Dead                           Min: 0, Avg:  0.0, Max: 0, Diff: 0, Sum: 0, Workers: 4
[192.607s][debug][gc,phases      ] GC(164)     Total                          Min: 0, Avg:  0.0, Max: 0, Diff: 0, Sum: 0, Workers: 4
[192.607s][debug][gc,phases      ] GC(164) Weak Processing 0.338ms
[192.607s][debug][gc,age         ] GC(164) Desired survivor size 290455552 bytes, new threshold 15 (max threshold 15)
[192.607s][info ][gc,heap        ] GC(164) PSYoungGen: 1577832K(1804800K)->86777K(1799680K) Eden: 1507328K(1507328K)->0K(1507328K) From: 70504K(297472K)->86777K(292352K)
[192.607s][info ][gc,heap        ] GC(164) ParOldGen: 622284K(776704K)->622292K(776704K)
[192.607s][info ][gc,metaspace   ] GC(164) Metaspace: 85490K(86400K)->85490K(86400K) NonClass: 73585K(74048K)->73585K(74048K) Class: 11905K(12352K)->11905K(12352K)
[192.607s][info ][gc             ] GC(164) Pause Young (Allocation Failure) 2148M->692M(2516M) 22.101ms
[192.607s][info ][gc,cpu         ] GC(164) User=0.09s Sys=0.00s Real=0.02s
[192.607s][info ][safepoint      ] Safepoint "ParallelGCFailedAllocation", Time since last: 833219013 ns, Reaching safepoint: 277116 ns, At safepoint: 22202179 ns, Total: 22479295 ns
[193.608s][info ][safepoint      ] Safepoint "Cleanup", Time since last: 1000096428 ns, Reaching safepoint: 211612 ns, At safepoint: 15601 ns, Total: 227213 ns
[194.057s][info ][gc,start       ] GC(165) Pause Young (Allocation Failure)
[194.080s][debug][gc,phases      ] GC(165) Scavenge 23.030ms
[194.080s][debug][gc,ref         ] GC(165) Skipped phase 1 of Reference Processing: no references
[194.080s][debug][gc,ref         ] GC(165) ReferenceProcessor::execute queues: 1, RefProcThreadModel::Single, marks_oops_alive: false
[194.080s][debug][gc,ref         ] GC(165) Skipped phase 3 of Reference Processing: no references
[194.080s][debug][gc,ref         ] GC(165) ReferenceProcessor::execute queues: 1, RefProcThreadModel::Single, marks_oops_alive: false
[194.080s][debug][gc,phases      ] GC(165) Reference Processing 0.192ms
[194.080s][debug][gc,phases      ] GC(165)   VM Weak                        Min:  0.0, Avg:  0.0, Max:  0.0, Diff:  0.0, Sum:  0.0, Workers: 4
[194.080s][debug][gc,phases      ] GC(165)     Dead                           Min: 0, Avg:  0.0, Max: 0, Diff: 0, Sum: 0, Workers: 4
[194.080s][debug][gc,phases      ] GC(165)     Total                          Min: 0, Avg: 180.2, Max: 721, Diff: 721, Sum: 721, Workers: 4
[194.080s][debug][gc,phases      ] GC(165)   ObjectSynchronizer Weak        Min:  0.0, Avg:  0.0, Max:  0.0, Diff:  0.0, Sum:  0.0, Workers: 4
[194.080s][debug][gc,phases      ] GC(165)     Dead                           Min: 0, Avg:  0.0, Max: 0, Diff: 0, Sum: 0, Workers: 4
[194.080s][debug][gc,phases      ] GC(165)     Total                          Min: 0, Avg: 139.2, Max: 429, Diff: 429, Sum: 557, Workers: 4
[194.080s][debug][gc,phases      ] GC(165)   JVMTI Tag Weak OopStorage      Min:  0.0, Avg:  0.0, Max:  0.0, Diff:  0.0, Sum:  0.0, Workers: 4
[194.080s][debug][gc,phases      ] GC(165)     Dead                           Min: 0, Avg:  0.0, Max: 0, Diff: 0, Sum: 0, Workers: 4
[194.080s][debug][gc,phases      ] GC(165)     Total                          Min: 0, Avg:  0.0, Max: 0, Diff: 0, Sum: 0, Workers: 4
[194.080s][debug][gc,phases      ] GC(165)   StringTable Weak               Min:  0.1, Avg:  0.1, Max:  0.1, Diff:  0.0, Sum:  0.5, Workers: 4
[194.080s][debug][gc,phases      ] GC(165)     Dead                           Min: 0, Avg:  0.0, Max: 0, Diff: 0, Sum: 0, Workers: 4
[194.080s][debug][gc,phases      ] GC(165)     Total                          Min: 11264, Avg: 12119.8, Max: 12992, Diff: 1728, Sum: 48479, Workers: 4
[194.080s][debug][gc,phases      ] GC(165)   ResolvedMethodTable Weak       Min:  0.0, Avg:  0.0, Max:  0.0, Diff:  0.0, Sum:  0.1, Workers: 4
[194.080s][debug][gc,phases      ] GC(165)     Dead                           Min: 0, Avg:  0.0, Max: 0, Diff: 0, Sum: 0, Workers: 4
[194.080s][debug][gc,phases      ] GC(165)     Total                          Min: 2048, Avg: 2209.8, Max: 2311, Diff: 263, Sum: 8839, Workers: 4
[194.080s][debug][gc,phases      ] GC(165)   JNI Weak                       Min:  0.0, Avg:  0.0, Max:  0.0, Diff:  0.0, Sum:  0.0, Workers: 4
[194.080s][debug][gc,phases      ] GC(165)     Dead                           Min: 0, Avg:  0.0, Max: 0, Diff: 0, Sum: 0, Workers: 4
[194.080s][debug][gc,phases      ] GC(165)     Total                          Min: 0, Avg:  0.0, Max: 0, Diff: 0, Sum: 0, Workers: 4
[194.080s][debug][gc,phases      ] GC(165)   StringDedup Table Weak         Min:  0.0, Avg:  0.0, Max:  0.0, Diff:  0.0, Sum:  0.0, Workers: 4
[194.080s][debug][gc,phases      ] GC(165)     Dead                           Min: 0, Avg:  0.0, Max: 0, Diff: 0, Sum: 0, Workers: 4
[194.080s][debug][gc,phases      ] GC(165)     Total                          Min: 0, Avg:  0.0, Max: 0, Diff: 0, Sum: 0, Workers: 4
[194.080s][debug][gc,phases      ] GC(165)   StringDedup Requests0 Weak     Min:  0.0, Avg:  0.0, Max:  0.0, Diff:  0.0, Sum:  0.0, Workers: 4
[194.080s][debug][gc,phases      ] GC(165)     Dead                           Min: 0, Avg:  0.0, Max: 0, Diff: 0, Sum: 0, Workers: 4
[194.080s][debug][gc,phases      ] GC(165)     Total                          Min: 0, Avg:  0.0, Max: 0, Diff: 0, Sum: 0, Workers: 4
[194.080s][debug][gc,phases      ] GC(165)   StringDedup Requests1 Weak     Min:  0.0, Avg:  0.0, Max:  0.0, Diff:  0.0, Sum:  0.0, Workers: 4
[194.080s][debug][gc,phases      ] GC(165)     Dead                           Min: 0, Avg:  0.0, Max: 0, Diff: 0, Sum: 0, Workers: 4
[194.080s][debug][gc,phases      ] GC(165)     Total                          Min: 0, Avg:  0.0, Max: 0, Diff: 0, Sum: 0, Workers: 4
[194.080s][debug][gc,phases      ] GC(165)   Weak JFR Old Object Samples    Min:  0.0, Avg:  0.0, Max:  0.0, Diff:  0.0, Sum:  0.0, Workers: 4
[194.080s][debug][gc,phases      ] GC(165)     Dead                           Min: 0, Avg:  0.0, Max: 0, Diff: 0, Sum: 0, Workers: 4
[194.080s][debug][gc,phases      ] GC(165)     Total                          Min: 0, Avg:  0.0, Max: 0, Diff: 0, Sum: 0, Workers: 4
[194.080s][debug][gc,phases      ] GC(165) Weak Processing 0.367ms
[194.080s][debug][gc,age         ] GC(165) Desired survivor size 278396928 bytes, new threshold 15 (max threshold 15)
[194.080s][info ][gc,heap        ] GC(165) PSYoungGen: 1594105K(1799680K)->100234K(1825280K) Eden: 1507328K(1507328K)->0K(1541632K) From: 86777K(292352K)->100234K(283648K)
[194.080s][info ][gc,heap        ] GC(165) ParOldGen: 622292K(776704K)->622300K(776704K)
[194.080s][info ][gc,metaspace   ] GC(165) Metaspace: 85513K(86464K)->85513K(86464K) NonClass: 73608K(74112K)->73608K(74112K) Class: 11905K(12352K)->11905K(12352K)
[194.081s][info ][gc             ] GC(165) Pause Young (Allocation Failure) 2164M->705M(2541M) 23.738ms
[194.081s][info ][gc,cpu         ] GC(165) User=0.10s Sys=0.00s Real=0.02s
[194.081s][info ][safepoint      ] Safepoint "ParallelGCFailedAllocation", Time since last: 449064576 ns, Reaching safepoint: 82505 ns, At safepoint: 23826373 ns, Total: 23908878 ns
[195.254s][info ][gc,start       ] GC(166) Pause Young (Allocation Failure)
[195.277s][debug][gc,phases      ] GC(166) Scavenge 23.898ms
[195.278s][debug][gc,ref         ] GC(166) Skipped phase 1 of Reference Processing: no references
[195.278s][debug][gc,ref         ] GC(166) ReferenceProcessor::execute queues: 1, RefProcThreadModel::Single, marks_oops_alive: false
[195.278s][debug][gc,ref         ] GC(166) Skipped phase 3 of Reference Processing: no references
[195.278s][debug][gc,ref         ] GC(166) ReferenceProcessor::execute queues: 1, RefProcThreadModel::Single, marks_oops_alive: false
[195.278s][debug][gc,phases      ] GC(166) Reference Processing 0.168ms
[195.278s][debug][gc,phases      ] GC(166)   VM Weak                        Min:  0.0, Avg:  0.0, Max:  0.0, Diff:  0.0, Sum:  0.0, Workers: 4
[195.278s][debug][gc,phases      ] GC(166)     Dead                           Min: 0, Avg:  0.0, Max: 0, Diff: 0, Sum: 0, Workers: 4
[195.278s][debug][gc,phases      ] GC(166)     Total                          Min: 0, Avg: 180.2, Max: 320, Diff: 320, Sum: 721, Workers: 4
[195.278s][debug][gc,phases      ] GC(166)   ObjectSynchronizer Weak        Min:  0.0, Avg:  0.0, Max:  0.0, Diff:  0.0, Sum:  0.0, Workers: 4
[195.278s][debug][gc,phases      ] GC(166)     Dead                           Min: 0, Avg:  0.0, Max: 0, Diff: 0, Sum: 0, Workers: 4
[195.278s][debug][gc,phases      ] GC(166)     Total                          Min: 0, Avg: 139.2, Max: 192, Diff: 192, Sum: 557, Workers: 4
[195.278s][debug][gc,phases      ] GC(166)   JVMTI Tag Weak OopStorage      Min:  0.0, Avg:  0.0, Max:  0.0, Diff:  0.0, Sum:  0.0, Workers: 4
[195.278s][debug][gc,phases      ] GC(166)     Dead                           Min: 0, Avg:  0.0, Max: 0, Diff: 0, Sum: 0, Workers: 4
[195.278s][debug][gc,phases      ] GC(166)     Total                          Min: 0, Avg:  0.0, Max: 0, Diff: 0, Sum: 0, Workers: 4
[195.278s][debug][gc,phases      ] GC(166)   StringTable Weak               Min:  0.1, Avg:  0.1, Max:  0.1, Diff:  0.0, Sum:  0.5, Workers: 4
[195.278s][debug][gc,phases      ] GC(166)     Dead                           Min: 0, Avg:  0.0, Max: 0, Diff: 0, Sum: 0, Workers: 4
[195.278s][debug][gc,phases      ] GC(166)     Total                          Min: 11584, Avg: 12122.8, Max: 12928, Diff: 1344, Sum: 48491, Workers: 4
[195.278s][debug][gc,phases      ] GC(166)   ResolvedMethodTable Weak       Min:  0.0, Avg:  0.0, Max:  0.0, Diff:  0.0, Sum:  0.1, Workers: 4
[195.278s][debug][gc,phases      ] GC(166)     Dead                           Min: 0, Avg:  0.0, Max: 0, Diff: 0, Sum: 0, Workers: 4
[195.278s][debug][gc,phases      ] GC(166)     Total                          Min: 2176, Avg: 2209.8, Max: 2247, Diff: 71, Sum: 8839, Workers: 4
[195.278s][debug][gc,phases      ] GC(166)   JNI Weak                       Min:  0.0, Avg:  0.0, Max:  0.0, Diff:  0.0, Sum:  0.0, Workers: 4
[195.278s][debug][gc,phases      ] GC(166)     Dead                           Min: 0, Avg:  0.0, Max: 0, Diff: 0, Sum: 0, Workers: 4
[195.278s][debug][gc,phases      ] GC(166)     Total                          Min: 0, Avg:  0.0, Max: 0, Diff: 0, Sum: 0, Workers: 4
[195.278s][debug][gc,phases      ] GC(166)   StringDedup Table Weak         Min:  0.0, Avg:  0.0, Max:  0.0, Diff:  0.0, Sum:  0.0, Workers: 4
[195.278s][debug][gc,phases      ] GC(166)     Dead                           Min: 0, Avg:  0.0, Max: 0, Diff: 0, Sum: 0, Workers: 4
[195.278s][debug][gc,phases      ] GC(166)     Total                          Min: 0, Avg:  0.0, Max: 0, Diff: 0, Sum: 0, Workers: 4
[195.278s][debug][gc,phases      ] GC(166)   StringDedup Requests0 Weak     Min:  0.0, Avg:  0.0, Max:  0.0, Diff:  0.0, Sum:  0.0, Workers: 4
[195.278s][debug][gc,phases      ] GC(166)     Dead                           Min: 0, Avg:  0.0, Max: 0, Diff: 0, Sum: 0, Workers: 4
[195.278s][debug][gc,phases      ] GC(166)     Total                          Min: 0, Avg:  0.0, Max: 0, Diff: 0, Sum: 0, Workers: 4
[195.278s][debug][gc,phases      ] GC(166)   StringDedup Requests1 Weak     Min:  0.0, Avg:  0.0, Max:  0.0, Diff:  0.0, Sum:  0.0, Workers: 4
[195.278s][debug][gc,phases      ] GC(166)     Dead                           Min: 0, Avg:  0.0, Max: 0, Diff: 0, Sum: 0, Workers: 4
[195.278s][debug][gc,phases      ] GC(166)     Total                          Min: 0, Avg:  0.0, Max: 0, Diff: 0, Sum: 0, Workers: 4
[195.278s][debug][gc,phases      ] GC(166)   Weak JFR Old Object Samples    Min:  0.0, Avg:  0.0, Max:  0.0, Diff:  0.0, Sum:  0.0, Workers: 4
[195.278s][debug][gc,phases      ] GC(166)     Dead                           Min: 0, Avg:  0.0, Max: 0, Diff: 0, Sum: 0, Workers: 4
[195.278s][debug][gc,phases      ] GC(166)     Total                          Min: 0, Avg:  0.0, Max: 0, Diff: 0, Sum: 0, Workers: 4
[195.278s][debug][gc,phases      ] GC(166) Weak Processing 0.343ms
[195.278s][debug][gc,age         ] GC(166) Desired survivor size 266338304 bytes, new threshold 15 (max threshold 15)
[195.278s][info ][gc,heap        ] GC(166) PSYoungGen: 1641866K(1825280K)->105874K(1813504K) Eden: 1541632K(1541632K)->0K(1541632K) From: 100234K(283648K)->105874K(271872K)
[195.278s][info ][gc,heap        ] GC(166) ParOldGen: 622300K(776704K)->622300K(776704K)
[195.278s][info ][gc,metaspace   ] GC(166) Metaspace: 85551K(86464K)->85551K(86464K) NonClass: 73646K(74112K)->73646K(74112K) Class: 11905K(12352K)->11905K(12352K)
[195.278s][info ][gc             ] GC(166) Pause Young (Allocation Failure) 2211M->711M(2529M) 24.559ms
[195.278s][info ][gc,cpu         ] GC(166) User=0.10s Sys=0.00s Real=0.03s
[195.278s][info ][safepoint      ] Safepoint "ParallelGCFailedAllocation", Time since last: 1172617168 ns, Reaching safepoint: 320419 ns, At safepoint: 24651220 ns, Total: 24971639 ns
[196.476s][info ][gc,start       ] GC(167) Pause Young (Allocation Failure)
[196.502s][debug][gc,phases      ] GC(167) Scavenge 25.991ms
[196.502s][debug][gc,ref         ] GC(167) Skipped phase 1 of Reference Processing: no references
[196.502s][debug][gc,ref         ] GC(167) ReferenceProcessor::execute queues: 1, RefProcThreadModel::Single, marks_oops_alive: false
[196.502s][debug][gc,ref         ] GC(167) Skipped phase 3 of Reference Processing: no references
[196.502s][debug][gc,ref         ] GC(167) ReferenceProcessor::execute queues: 1, RefProcThreadModel::Single, marks_oops_alive: false
[196.502s][debug][gc,phases      ] GC(167) Reference Processing 0.189ms
[196.503s][debug][gc,phases      ] GC(167)   VM Weak                        Min:  0.0, Avg:  0.0, Max:  0.0, Diff:  0.0, Sum:  0.0, Workers: 4
[196.503s][debug][gc,phases      ] GC(167)     Dead                           Min: 0, Avg:  0.0, Max: 0, Diff: 0, Sum: 0, Workers: 4
[196.503s][debug][gc,phases      ] GC(167)     Total                          Min: 0, Avg: 180.2, Max: 529, Diff: 529, Sum: 721, Workers: 4
[196.503s][debug][gc,phases      ] GC(167)   ObjectSynchronizer Weak        Min:  0.0, Avg:  0.0, Max:  0.0, Diff:  0.0, Sum:  0.0, Workers: 4
[196.503s][debug][gc,phases      ] GC(167)     Dead                           Min: 0, Avg:  0.0, Max: 0, Diff: 0, Sum: 0, Workers: 4
[196.503s][debug][gc,phases      ] GC(167)     Total                          Min: 0, Avg: 139.2, Max: 237, Diff: 237, Sum: 557, Workers: 4
[196.503s][debug][gc,phases      ] GC(167)   JVMTI Tag Weak OopStorage      Min:  0.0, Avg:  0.0, Max:  0.0, Diff:  0.0, Sum:  0.0, Workers: 4
[196.503s][debug][gc,phases      ] GC(167)     Dead                           Min: 0, Avg:  0.0, Max: 0, Diff: 0, Sum: 0, Workers: 4
[196.503s][debug][gc,phases      ] GC(167)     Total                          Min: 0, Avg:  0.0, Max: 0, Diff: 0, Sum: 0, Workers: 4
[196.503s][debug][gc,phases      ] GC(167)   StringTable Weak               Min:  0.1, Avg:  0.1, Max:  0.1, Diff:  0.0, Sum:  0.5, Workers: 4
[196.503s][debug][gc,phases      ] GC(167)     Dead                           Min: 0, Avg:  0.0, Max: 0, Diff: 0, Sum: 0, Workers: 4
[196.503s][debug][gc,phases      ] GC(167)     Total                          Min: 11200, Avg: 12123.0, Max: 12736, Diff: 1536, Sum: 48492, Workers: 4
[196.503s][debug][gc,phases      ] GC(167)   ResolvedMethodTable Weak       Min:  0.0, Avg:  0.0, Max:  0.0, Diff:  0.0, Sum:  0.1, Workers: 4
[196.503s][debug][gc,phases      ] GC(167)     Dead                           Min: 0, Avg:  0.0, Max: 0, Diff: 0, Sum: 0, Workers: 4
[196.503s][debug][gc,phases      ] GC(167)     Total                          Min: 2112, Avg: 2209.8, Max: 2368, Diff: 256, Sum: 8839, Workers: 4
[196.503s][debug][gc,phases      ] GC(167)   JNI Weak                       Min:  0.0, Avg:  0.0, Max:  0.0, Diff:  0.0, Sum:  0.0, Workers: 4
[196.503s][debug][gc,phases      ] GC(167)     Dead                           Min: 0, Avg:  0.0, Max: 0, Diff: 0, Sum: 0, Workers: 4
[196.503s][debug][gc,phases      ] GC(167)     Total                          Min: 0, Avg:  0.2, Max: 1, Diff: 1, Sum: 1, Workers: 4
[196.503s][debug][gc,phases      ] GC(167)   StringDedup Table Weak         Min:  0.0, Avg:  0.0, Max:  0.0, Diff:  0.0, Sum:  0.0, Workers: 4
[196.503s][debug][gc,phases      ] GC(167)     Dead                           Min: 0, Avg:  0.0, Max: 0, Diff: 0, Sum: 0, Workers: 4
[196.503s][debug][gc,phases      ] GC(167)     Total                          Min: 0, Avg:  0.0, Max: 0, Diff: 0, Sum: 0, Workers: 4
[196.503s][debug][gc,phases      ] GC(167)   StringDedup Requests0 Weak     Min:  0.0, Avg:  0.0, Max:  0.0, Diff:  0.0, Sum:  0.0, Workers: 4
[196.503s][debug][gc,phases      ] GC(167)     Dead                           Min: 0, Avg:  0.0, Max: 0, Diff: 0, Sum: 0, Workers: 4
[196.503s][debug][gc,phases      ] GC(167)     Total                          Min: 0, Avg:  0.0, Max: 0, Diff: 0, Sum: 0, Workers: 4
[196.503s][debug][gc,phases      ] GC(167)   StringDedup Requests1 Weak     Min:  0.0, Avg:  0.0, Max:  0.0, Diff:  0.0, Sum:  0.0, Workers: 4
[196.503s][debug][gc,phases      ] GC(167)     Dead                           Min: 0, Avg:  0.0, Max: 0, Diff: 0, Sum: 0, Workers: 4
[196.503s][debug][gc,phases      ] GC(167)     Total                          Min: 0, Avg:  0.0, Max: 0, Diff: 0, Sum: 0, Workers: 4
[196.503s][debug][gc,phases      ] GC(167)   Weak JFR Old Object Samples    Min:  0.0, Avg:  0.0, Max:  0.0, Diff:  0.0, Sum:  0.0, Workers: 4
[196.503s][debug][gc,phases      ] GC(167)     Dead                           Min: 0, Avg:  0.0, Max: 0, Diff: 0, Sum: 0, Workers: 4
[196.503s][debug][gc,phases      ] GC(167)     Total                          Min: 0, Avg:  0.0, Max: 0, Diff: 0, Sum: 0, Workers: 4
[196.503s][debug][gc,phases      ] GC(167) Weak Processing 0.359ms
[196.503s][debug][gc,age         ] GC(167) Desired survivor size 253231104 bytes, new threshold 15 (max threshold 15)
[196.503s][info ][gc,heap        ] GC(167) PSYoungGen: 1647506K(1813504K)->114706K(1849856K) Eden: 1541632K(1541632K)->0K(1589760K) From: 105874K(271872K)->114706K(260096K)
[196.503s][info ][gc,heap        ] GC(167) ParOldGen: 622300K(776704K)->622300K(776704K)
[196.503s][info ][gc,metaspace   ] GC(167) Metaspace: 85556K(86464K)->85556K(86464K) NonClass: 73651K(74112K)->73651K(74112K) Class: 11905K(12352K)->11905K(12352K)
[196.503s][info ][gc             ] GC(167) Pause Young (Allocation Failure) 2216M->719M(2565M) 26.691ms
[196.503s][info ][gc,cpu         ] GC(167) User=0.10s Sys=0.00s Real=0.03s
[196.503s][info ][safepoint      ] Safepoint "ParallelGCFailedAllocation", Time since last: 1197483601 ns, Reaching safepoint: 503929 ns, At safepoint: 26797744 ns, Total: 27301673 ns
[197.503s][info ][safepoint      ] Safepoint "Cleanup", Time since last: 1000104027 ns, Reaching safepoint: 222212 ns, At safepoint: 25102 ns, Total: 247314 ns
[197.666s][info ][gc,start       ] GC(168) Pause Young (Allocation Failure)
[197.692s][debug][gc,phases      ] GC(168) Scavenge 25.556ms
[197.692s][debug][gc,ref         ] GC(168) Skipped phase 1 of Reference Processing: no references
[197.692s][debug][gc,ref         ] GC(168) ReferenceProcessor::execute queues: 1, RefProcThreadModel::Single, marks_oops_alive: false
[197.692s][debug][gc,ref         ] GC(168) Skipped phase 3 of Reference Processing: no references
[197.692s][debug][gc,ref         ] GC(168) ReferenceProcessor::execute queues: 1, RefProcThreadModel::Single, marks_oops_alive: false
[197.692s][debug][gc,phases      ] GC(168) Reference Processing 0.174ms
[197.692s][debug][gc,phases      ] GC(168)   VM Weak                        Min:  0.0, Avg:  0.0, Max:  0.0, Diff:  0.0, Sum:  0.0, Workers: 4
[197.692s][debug][gc,phases      ] GC(168)     Dead                           Min: 0, Avg:  0.0, Max: 0, Diff: 0, Sum: 0, Workers: 4
[197.692s][debug][gc,phases      ] GC(168)     Total                          Min: 0, Avg: 180.2, Max: 512, Diff: 512, Sum: 721, Workers: 4
[197.692s][debug][gc,phases      ] GC(168)   ObjectSynchronizer Weak        Min:  0.0, Avg:  0.0, Max:  0.0, Diff:  0.0, Sum:  0.0, Workers: 4
[197.692s][debug][gc,phases      ] GC(168)     Dead                           Min: 0, Avg:  0.0, Max: 0, Diff: 0, Sum: 0, Workers: 4
[197.692s][debug][gc,phases      ] GC(168)     Total                          Min: 0, Avg: 139.2, Max: 192, Diff: 192, Sum: 557, Workers: 4
[197.692s][debug][gc,phases      ] GC(168)   JVMTI Tag Weak OopStorage      Min:  0.0, Avg:  0.0, Max:  0.0, Diff:  0.0, Sum:  0.0, Workers: 4
[197.692s][debug][gc,phases      ] GC(168)     Dead                           Min: 0, Avg:  0.0, Max: 0, Diff: 0, Sum: 0, Workers: 4
[197.692s][debug][gc,phases      ] GC(168)     Total                          Min: 0, Avg:  0.0, Max: 0, Diff: 0, Sum: 0, Workers: 4
[197.692s][debug][gc,phases      ] GC(168)   StringTable Weak               Min:  0.1, Avg:  0.1, Max:  0.1, Diff:  0.0, Sum:  0.5, Workers: 4
[197.692s][debug][gc,phases      ] GC(168)     Dead                           Min: 0, Avg:  0.0, Max: 0, Diff: 0, Sum: 0, Workers: 4
[197.692s][debug][gc,phases      ] GC(168)     Total                          Min: 11584, Avg: 12124.5, Max: 12928, Diff: 1344, Sum: 48498, Workers: 4
[197.692s][debug][gc,phases      ] GC(168)   ResolvedMethodTable Weak       Min:  0.0, Avg:  0.0, Max:  0.0, Diff:  0.0, Sum:  0.1, Workers: 4
[197.692s][debug][gc,phases      ] GC(168)     Dead                           Min: 0, Avg:  0.0, Max: 0, Diff: 0, Sum: 0, Workers: 4
[197.692s][debug][gc,phases      ] GC(168)     Total                          Min: 1863, Avg: 2209.8, Max: 2432, Diff: 569, Sum: 8839, Workers: 4
[197.692s][debug][gc,phases      ] GC(168)   JNI Weak                       Min:  0.0, Avg:  0.0, Max:  0.0, Diff:  0.0, Sum:  0.0, Workers: 4
[197.692s][debug][gc,phases      ] GC(168)     Dead                           Min: 0, Avg:  0.0, Max: 0, Diff: 0, Sum: 0, Workers: 4
[197.692s][debug][gc,phases      ] GC(168)     Total                          Min: 0, Avg:  0.0, Max: 0, Diff: 0, Sum: 0, Workers: 4
[197.692s][debug][gc,phases      ] GC(168)   StringDedup Table Weak         Min:  0.0, Avg:  0.0, Max:  0.0, Diff:  0.0, Sum:  0.0, Workers: 4
[197.692s][debug][gc,phases      ] GC(168)     Dead                           Min: 0, Avg:  0.0, Max: 0, Diff: 0, Sum: 0, Workers: 4
[197.692s][debug][gc,phases      ] GC(168)     Total                          Min: 0, Avg:  0.0, Max: 0, Diff: 0, Sum: 0, Workers: 4
[197.692s][debug][gc,phases      ] GC(168)   StringDedup Requests0 Weak     Min:  0.0, Avg:  0.0, Max:  0.0, Diff:  0.0, Sum:  0.0, Workers: 4
[197.692s][debug][gc,phases      ] GC(168)     Dead                           Min: 0, Avg:  0.0, Max: 0, Diff: 0, Sum: 0, Workers: 4
[197.692s][debug][gc,phases      ] GC(168)     Total                          Min: 0, Avg:  0.0, Max: 0, Diff: 0, Sum: 0, Workers: 4
[197.692s][debug][gc,phases      ] GC(168)   StringDedup Requests1 Weak     Min:  0.0, Avg:  0.0, Max:  0.0, Diff:  0.0, Sum:  0.0, Workers: 4
[197.692s][debug][gc,phases      ] GC(168)     Dead                           Min: 0, Avg:  0.0, Max: 0, Diff: 0, Sum: 0, Workers: 4
[197.692s][debug][gc,phases      ] GC(168)     Total                          Min: 0, Avg:  0.0, Max: 0, Diff: 0, Sum: 0, Workers: 4
[197.692s][debug][gc,phases      ] GC(168)   Weak JFR Old Object Samples    Min:  0.0, Avg:  0.0, Max:  0.0, Diff:  0.0, Sum:  0.0, Workers: 4
[197.692s][debug][gc,phases      ] GC(168)     Dead                           Min: 0, Avg:  0.0, Max: 0, Diff: 0, Sum: 0, Workers: 4
[197.692s][debug][gc,phases      ] GC(168)     Total                          Min: 0, Avg:  0.0, Max: 0, Diff: 0, Sum: 0, Workers: 4
[197.692s][debug][gc,phases      ] GC(168) Weak Processing 0.362ms
[197.692s][debug][gc,age         ] GC(168) Desired survivor size 240123904 bytes, new threshold 15 (max threshold 15)
[197.692s][info ][gc,heap        ] GC(168) PSYoungGen: 1704466K(1849856K)->119746K(1837056K) Eden: 1589760K(1589760K)->0K(1589760K) From: 114706K(260096K)->119746K(247296K)
[197.692s][info ][gc,heap        ] GC(168) ParOldGen: 622300K(776704K)->622308K(776704K)
[197.692s][info ][gc,metaspace   ] GC(168) Metaspace: 85581K(86464K)->85581K(86464K) NonClass: 73674K(74112K)->73674K(74112K) Class: 11906K(12352K)->11906K(12352K)
[197.692s][info ][gc             ] GC(168) Pause Young (Allocation Failure) 2272M->724M(2552M) 26.248ms
[197.692s][info ][gc,cpu         ] GC(168) User=0.11s Sys=0.00s Real=0.02s
[197.692s][info ][safepoint      ] Safepoint "ParallelGCFailedAllocation", Time since last: 162589668 ns, Reaching safepoint: 118107 ns, At safepoint: 26343018 ns, Total: 26461125 ns
[198.693s][info ][safepoint      ] Safepoint "Cleanup", Time since last: 1000105626 ns, Reaching safepoint: 206412 ns, At safepoint: 20502 ns, Total: 226914 ns
[199.012s][info ][gc,start       ] GC(169) Pause Young (Allocation Failure)
[199.042s][debug][gc,phases      ] GC(169) Scavenge 30.142ms
[199.042s][debug][gc,ref         ] GC(169) Skipped phase 1 of Reference Processing: no references
[199.042s][debug][gc,ref         ] GC(169) ReferenceProcessor::execute queues: 1, RefProcThreadModel::Single, marks_oops_alive: false
[199.042s][debug][gc,ref         ] GC(169) Skipped phase 3 of Reference Processing: no references
[199.042s][debug][gc,ref         ] GC(169) ReferenceProcessor::execute queues: 1, RefProcThreadModel::Single, marks_oops_alive: false
[199.042s][debug][gc,phases      ] GC(169) Reference Processing 0.170ms
[199.042s][debug][gc,phases      ] GC(169)   VM Weak                        Min:  0.0, Avg:  0.0, Max:  0.0, Diff:  0.0, Sum:  0.0, Workers: 4
[199.042s][debug][gc,phases      ] GC(169)     Dead                           Min: 0, Avg:  0.0, Max: 0, Diff: 0, Sum: 0, Workers: 4
[199.042s][debug][gc,phases      ] GC(169)     Total                          Min: 0, Avg: 180.2, Max: 465, Diff: 465, Sum: 721, Workers: 4
[199.042s][debug][gc,phases      ] GC(169)   ObjectSynchronizer Weak        Min:  0.0, Avg:  0.0, Max:  0.0, Diff:  0.0, Sum:  0.0, Workers: 4
[199.042s][debug][gc,phases      ] GC(169)     Dead                           Min: 0, Avg:  0.0, Max: 0, Diff: 0, Sum: 0, Workers: 4
[199.042s][debug][gc,phases      ] GC(169)     Total                          Min: 0, Avg: 139.2, Max: 237, Diff: 237, Sum: 557, Workers: 4
[199.042s][debug][gc,phases      ] GC(169)   JVMTI Tag Weak OopStorage      Min:  0.0, Avg:  0.0, Max:  0.0, Diff:  0.0, Sum:  0.0, Workers: 4
[199.042s][debug][gc,phases      ] GC(169)     Dead                           Min: 0, Avg:  0.0, Max: 0, Diff: 0, Sum: 0, Workers: 4
[199.042s][debug][gc,phases      ] GC(169)     Total                          Min: 0, Avg:  0.0, Max: 0, Diff: 0, Sum: 0, Workers: 4
[199.042s][debug][gc,phases      ] GC(169)   StringTable Weak               Min:  0.1, Avg:  0.1, Max:  0.1, Diff:  0.0, Sum:  0.5, Workers: 4
[199.042s][debug][gc,phases      ] GC(169)     Dead                           Min: 0, Avg:  0.0, Max: 0, Diff: 0, Sum: 0, Workers: 4
[199.042s][debug][gc,phases      ] GC(169)     Total                          Min: 10496, Avg: 12128.0, Max: 12864, Diff: 2368, Sum: 48512, Workers: 4
[199.042s][debug][gc,phases      ] GC(169)   ResolvedMethodTable Weak       Min:  0.0, Avg:  0.0, Max:  0.0, Diff:  0.0, Sum:  0.1, Workers: 4
[199.042s][debug][gc,phases      ] GC(169)     Dead                           Min: 0, Avg:  0.0, Max: 0, Diff: 0, Sum: 0, Workers: 4
[199.042s][debug][gc,phases      ] GC(169)     Total                          Min: 2048, Avg: 2209.8, Max: 2496, Diff: 448, Sum: 8839, Workers: 4
[199.042s][debug][gc,phases      ] GC(169)   JNI Weak                       Min:  0.0, Avg:  0.0, Max:  0.0, Diff:  0.0, Sum:  0.0, Workers: 4
[199.042s][debug][gc,phases      ] GC(169)     Dead                           Min: 0, Avg:  0.0, Max: 0, Diff: 0, Sum: 0, Workers: 4
[199.042s][debug][gc,phases      ] GC(169)     Total                          Min: 0, Avg:  0.0, Max: 0, Diff: 0, Sum: 0, Workers: 4
[199.042s][debug][gc,phases      ] GC(169)   StringDedup Table Weak         Min:  0.0, Avg:  0.0, Max:  0.0, Diff:  0.0, Sum:  0.0, Workers: 4
[199.042s][debug][gc,phases      ] GC(169)     Dead                           Min: 0, Avg:  0.0, Max: 0, Diff: 0, Sum: 0, Workers: 4
[199.042s][debug][gc,phases      ] GC(169)     Total                          Min: 0, Avg:  0.0, Max: 0, Diff: 0, Sum: 0, Workers: 4
[199.042s][debug][gc,phases      ] GC(169)   StringDedup Requests0 Weak     Min:  0.0, Avg:  0.0, Max:  0.0, Diff:  0.0, Sum:  0.0, Workers: 4
[199.042s][debug][gc,phases      ] GC(169)     Dead                           Min: 0, Avg:  0.0, Max: 0, Diff: 0, Sum: 0, Workers: 4
[199.042s][debug][gc,phases      ] GC(169)     Total                          Min: 0, Avg:  0.0, Max: 0, Diff: 0, Sum: 0, Workers: 4
[199.042s][debug][gc,phases      ] GC(169)   StringDedup Requests1 Weak     Min:  0.0, Avg:  0.0, Max:  0.0, Diff:  0.0, Sum:  0.0, Workers: 4
[199.042s][debug][gc,phases      ] GC(169)     Dead                           Min: 0, Avg:  0.0, Max: 0, Diff: 0, Sum: 0, Workers: 4
[199.042s][debug][gc,phases      ] GC(169)     Total                          Min: 0, Avg:  0.0, Max: 0, Diff: 0, Sum: 0, Workers: 4
[199.042s][debug][gc,phases      ] GC(169)   Weak JFR Old Object Samples    Min:  0.0, Avg:  0.0, Max:  0.0, Diff:  0.0, Sum:  0.0, Workers: 4
[199.042s][debug][gc,phases      ] GC(169)     Dead                           Min: 0, Avg:  0.0, Max: 0, Diff: 0, Sum: 0, Workers: 4
[199.042s][debug][gc,phases      ] GC(169)     Total                          Min: 0, Avg:  0.0, Max: 0, Diff: 0, Sum: 0, Workers: 4
[199.042s][debug][gc,phases      ] GC(169) Weak Processing 0.374ms
[199.042s][debug][gc,age         ] GC(169) Desired survivor size 232783872 bytes, new threshold 15 (max threshold 15)
[199.042s][info ][gc,heap        ] GC(169) PSYoungGen: 1709506K(1837056K)->131064K(1869824K) Eden: 1589760K(1589760K)->0K(1635328K) From: 119746K(247296K)->131064K(234496K)
[199.042s][info ][gc,heap        ] GC(169) ParOldGen: 622308K(776704K)->622316K(776704K)
[199.042s][info ][gc,metaspace   ] GC(169) Metaspace: 85613K(86528K)->85613K(86528K) NonClass: 73707K(74176K)->73707K(74176K) Class: 11906K(12352K)->11906K(12352K)
[199.043s][info ][gc             ] GC(169) Pause Young (Allocation Failure) 2277M->735M(2584M) 30.833ms
[199.043s][info ][gc,cpu         ] GC(169) User=0.12s Sys=0.01s Real=0.04s
[199.043s][info ][safepoint      ] Safepoint "ParallelGCFailedAllocation", Time since last: 318839071 ns, Reaching safepoint: 125707 ns, At safepoint: 30930782 ns, Total: 31056489 ns
[200.043s][info ][safepoint      ] Safepoint "Cleanup", Time since last: 1000094126 ns, Reaching safepoint: 168509 ns, At safepoint: 12501 ns, Total: 181010 ns
[200.233s][info ][gc,start       ] GC(170) Pause Young (Allocation Failure)
[200.264s][debug][gc,phases      ] GC(170) Scavenge 31.206ms
[200.264s][debug][gc,ref         ] GC(170) Skipped phase 1 of Reference Processing: no references
[200.264s][debug][gc,ref         ] GC(170) ReferenceProcessor::execute queues: 1, RefProcThreadModel::Single, marks_oops_alive: false
[200.264s][debug][gc,ref         ] GC(170) Skipped phase 3 of Reference Processing: no references
[200.264s][debug][gc,ref         ] GC(170) ReferenceProcessor::execute queues: 1, RefProcThreadModel::Single, marks_oops_alive: false
[200.264s][debug][gc,phases      ] GC(170) Reference Processing 0.154ms
[200.264s][debug][gc,phases      ] GC(170)   VM Weak                        Min:  0.0, Avg:  0.0, Max:  0.0, Diff:  0.0, Sum:  0.0, Workers: 4
[200.264s][debug][gc,phases      ] GC(170)     Dead                           Min: 0, Avg:  0.0, Max: 0, Diff: 0, Sum: 0, Workers: 4
[200.264s][debug][gc,phases      ] GC(170)     Total                          Min: 0, Avg: 180.2, Max: 721, Diff: 721, Sum: 721, Workers: 4
[200.264s][debug][gc,phases      ] GC(170)   ObjectSynchronizer Weak        Min:  0.0, Avg:  0.0, Max:  0.0, Diff:  0.0, Sum:  0.0, Workers: 4
[200.264s][debug][gc,phases      ] GC(170)     Dead                           Min: 0, Avg:  0.0, Max: 0, Diff: 0, Sum: 0, Workers: 4
[200.264s][debug][gc,phases      ] GC(170)     Total                          Min: 0, Avg: 139.2, Max: 301, Diff: 301, Sum: 557, Workers: 4
[200.264s][debug][gc,phases      ] GC(170)   JVMTI Tag Weak OopStorage      Min:  0.0, Avg:  0.0, Max:  0.0, Diff:  0.0, Sum:  0.0, Workers: 4
[200.264s][debug][gc,phases      ] GC(170)     Dead                           Min: 0, Avg:  0.0, Max: 0, Diff: 0, Sum: 0, Workers: 4
[200.264s][debug][gc,phases      ] GC(170)     Total                          Min: 0, Avg:  0.0, Max: 0, Diff: 0, Sum: 0, Workers: 4
[200.264s][debug][gc,phases      ] GC(170)   StringTable Weak               Min:  0.1, Avg:  0.1, Max:  0.1, Diff:  0.0, Sum:  0.5, Workers: 4
[200.264s][debug][gc,phases      ] GC(170)     Dead                           Min: 0, Avg:  0.0, Max: 0, Diff: 0, Sum: 0, Workers: 4
[200.264s][debug][gc,phases      ] GC(170)     Total                          Min: 10176, Avg: 12128.5, Max: 12992, Diff: 2816, Sum: 48514, Workers: 4
[200.264s][debug][gc,phases      ] GC(170)   ResolvedMethodTable Weak       Min:  0.0, Avg:  0.0, Max:  0.0, Diff:  0.0, Sum:  0.1, Workers: 4
[200.264s][debug][gc,phases      ] GC(170)     Dead                           Min: 0, Avg:  0.0, Max: 0, Diff: 0, Sum: 0, Workers: 4
[200.264s][debug][gc,phases      ] GC(170)     Total                          Min: 2048, Avg: 2209.8, Max: 2304, Diff: 256, Sum: 8839, Workers: 4
[200.264s][debug][gc,phases      ] GC(170)   JNI Weak                       Min:  0.0, Avg:  0.0, Max:  0.0, Diff:  0.0, Sum:  0.0, Workers: 4
[200.264s][debug][gc,phases      ] GC(170)     Dead                           Min: 0, Avg:  0.0, Max: 0, Diff: 0, Sum: 0, Workers: 4
[200.264s][debug][gc,phases      ] GC(170)     Total                          Min: 0, Avg:  0.0, Max: 0, Diff: 0, Sum: 0, Workers: 4
[200.264s][debug][gc,phases      ] GC(170)   StringDedup Table Weak         Min:  0.0, Avg:  0.0, Max:  0.0, Diff:  0.0, Sum:  0.0, Workers: 4
[200.264s][debug][gc,phases      ] GC(170)     Dead                           Min: 0, Avg:  0.0, Max: 0, Diff: 0, Sum: 0, Workers: 4
[200.264s][debug][gc,phases      ] GC(170)     Total                          Min: 0, Avg:  0.0, Max: 0, Diff: 0, Sum: 0, Workers: 4
[200.264s][debug][gc,phases      ] GC(170)   StringDedup Requests0 Weak     Min:  0.0, Avg:  0.0, Max:  0.0, Diff:  0.0, Sum:  0.0, Workers: 4
[200.264s][debug][gc,phases      ] GC(170)     Dead                           Min: 0, Avg:  0.0, Max: 0, Diff: 0, Sum: 0, Workers: 4
[200.264s][debug][gc,phases      ] GC(170)     Total                          Min: 0, Avg:  0.0, Max: 0, Diff: 0, Sum: 0, Workers: 4
[200.264s][debug][gc,phases      ] GC(170)   StringDedup Requests1 Weak     Min:  0.0, Avg:  0.0, Max:  0.0, Diff:  0.0, Sum:  0.0, Workers: 4
[200.265s][debug][gc,phases      ] GC(170)     Dead                           Min: 0, Avg:  0.0, Max: 0, Diff: 0, Sum: 0, Workers: 4
[200.265s][debug][gc,phases      ] GC(170)     Total                          Min: 0, Avg:  0.0, Max: 0, Diff: 0, Sum: 0, Workers: 4
[200.265s][debug][gc,phases      ] GC(170)   Weak JFR Old Object Samples    Min:  0.0, Avg:  0.0, Max:  0.0, Diff:  0.0, Sum:  0.0, Workers: 4
[200.265s][debug][gc,phases      ] GC(170)     Dead                           Min: 0, Avg:  0.0, Max: 0, Diff: 0, Sum: 0, Workers: 4
[200.265s][debug][gc,phases      ] GC(170)     Total                          Min: 0, Avg:  0.0, Max: 0, Diff: 0, Sum: 0, Workers: 4
[200.265s][debug][gc,phases      ] GC(170) Weak Processing 0.333ms
[200.265s][debug][gc,age         ] GC(170) Desired survivor size 229113856 bytes, new threshold 15 (max threshold 15)
[200.265s][info ][gc,heap        ] GC(170) PSYoungGen: 1766392K(1869824K)->140547K(1862656K) Eden: 1635328K(1635328K)->0K(1635328K) From: 131064K(234496K)->140547K(227328K)
[200.265s][info ][gc,heap        ] GC(170) ParOldGen: 622316K(776704K)->622324K(776704K)
[200.265s][info ][gc,metaspace   ] GC(170) Metaspace: 85629K(86528K)->85629K(86528K) NonClass: 73722K(74176K)->73722K(74176K) Class: 11906K(12352K)->11906K(12352K)
[200.265s][info ][gc             ] GC(170) Pause Young (Allocation Failure) 2332M->744M(2577M) 31.836ms
[200.265s][info ][gc,cpu         ] GC(170) User=0.13s Sys=0.00s Real=0.04s
[200.265s][info ][safepoint      ] Safepoint "ParallelGCFailedAllocation", Time since last: 189732532 ns, Reaching safepoint: 127308 ns, At safepoint: 31928939 ns, Total: 32056247 ns
[201.265s][info ][safepoint      ] Safepoint "Cleanup", Time since last: 1000089124 ns, Reaching safepoint: 145909 ns, At safepoint: 26701 ns, Total: 172610 ns
[201.448s][info ][gc,start       ] GC(171) Pause Young (Allocation Failure)
[201.479s][debug][gc,phases      ] GC(171) Scavenge 31.280ms
[201.479s][debug][gc,ref         ] GC(171) Skipped phase 1 of Reference Processing: no references
[201.479s][debug][gc,ref         ] GC(171) ReferenceProcessor::execute queues: 1, RefProcThreadModel::Single, marks_oops_alive: false
[201.480s][debug][gc,ref         ] GC(171) Skipped phase 3 of Reference Processing: no references
[201.480s][debug][gc,ref         ] GC(171) ReferenceProcessor::execute queues: 1, RefProcThreadModel::Single, marks_oops_alive: false
[201.480s][debug][gc,phases      ] GC(171) Reference Processing 0.169ms
[201.480s][debug][gc,phases      ] GC(171)   VM Weak                        Min:  0.0, Avg:  0.0, Max:  0.0, Diff:  0.0, Sum:  0.0, Workers: 4
[201.480s][debug][gc,phases      ] GC(171)     Dead                           Min: 0, Avg:  0.0, Max: 0, Diff: 0, Sum: 0, Workers: 4
[201.480s][debug][gc,phases      ] GC(171)     Total                          Min: 0, Avg: 180.2, Max: 704, Diff: 704, Sum: 721, Workers: 4
[201.480s][debug][gc,phases      ] GC(171)   ObjectSynchronizer Weak        Min:  0.0, Avg:  0.0, Max:  0.0, Diff:  0.0, Sum:  0.0, Workers: 4
[201.480s][debug][gc,phases      ] GC(171)     Dead                           Min: 0, Avg:  0.0, Max: 0, Diff: 0, Sum: 0, Workers: 4
[201.480s][debug][gc,phases      ] GC(171)     Total                          Min: 0, Avg: 139.2, Max: 301, Diff: 301, Sum: 557, Workers: 4
[201.480s][debug][gc,phases      ] GC(171)   JVMTI Tag Weak OopStorage      Min:  0.0, Avg:  0.0, Max:  0.0, Diff:  0.0, Sum:  0.0, Workers: 4
[201.480s][debug][gc,phases      ] GC(171)     Dead                           Min: 0, Avg:  0.0, Max: 0, Diff: 0, Sum: 0, Workers: 4
[201.480s][debug][gc,phases      ] GC(171)     Total                          Min: 0, Avg:  0.0, Max: 0, Diff: 0, Sum: 0, Workers: 4
[201.480s][debug][gc,phases      ] GC(171)   StringTable Weak               Min:  0.1, Avg:  0.1, Max:  0.1, Diff:  0.0, Sum:  0.5, Workers: 4
[201.480s][debug][gc,phases      ] GC(171)     Dead                           Min: 0, Avg:  0.0, Max: 0, Diff: 0, Sum: 0, Workers: 4
[201.480s][debug][gc,phases      ] GC(171)     Total                          Min: 11328, Avg: 12130.2, Max: 12873, Diff: 1545, Sum: 48521, Workers: 4
[201.480s][debug][gc,phases      ] GC(171)   ResolvedMethodTable Weak       Min:  0.0, Avg:  0.0, Max:  0.0, Diff:  0.0, Sum:  0.1, Workers: 4
[201.480s][debug][gc,phases      ] GC(171)     Dead                           Min: 0, Avg:  0.0, Max: 0, Diff: 0, Sum: 0, Workers: 4
[201.480s][debug][gc,phases      ] GC(171)     Total                          Min: 2060, Avg: 2211.0, Max: 2368, Diff: 308, Sum: 8844, Workers: 4
[201.480s][debug][gc,phases      ] GC(171)   JNI Weak                       Min:  0.0, Avg:  0.0, Max:  0.0, Diff:  0.0, Sum:  0.0, Workers: 4
[201.480s][debug][gc,phases      ] GC(171)     Dead                           Min: 0, Avg:  0.0, Max: 0, Diff: 0, Sum: 0, Workers: 4
[201.480s][debug][gc,phases      ] GC(171)     Total                          Min: 0, Avg:  0.0, Max: 0, Diff: 0, Sum: 0, Workers: 4
[201.480s][debug][gc,phases      ] GC(171)   StringDedup Table Weak         Min:  0.0, Avg:  0.0, Max:  0.0, Diff:  0.0, Sum:  0.0, Workers: 4
[201.480s][debug][gc,phases      ] GC(171)     Dead                           Min: 0, Avg:  0.0, Max: 0, Diff: 0, Sum: 0, Workers: 4
[201.480s][debug][gc,phases      ] GC(171)     Total                          Min: 0, Avg:  0.0, Max: 0, Diff: 0, Sum: 0, Workers: 4
[201.480s][debug][gc,phases      ] GC(171)   StringDedup Requests0 Weak     Min:  0.0, Avg:  0.0, Max:  0.0, Diff:  0.0, Sum:  0.0, Workers: 4
[201.480s][debug][gc,phases      ] GC(171)     Dead                           Min: 0, Avg:  0.0, Max: 0, Diff: 0, Sum: 0, Workers: 4
[201.480s][debug][gc,phases      ] GC(171)     Total                          Min: 0, Avg:  0.0, Max: 0, Diff: 0, Sum: 0, Workers: 4
[201.480s][debug][gc,phases      ] GC(171)   StringDedup Requests1 Weak     Min:  0.0, Avg:  0.0, Max:  0.0, Diff:  0.0, Sum:  0.0, Workers: 4
[201.480s][debug][gc,phases      ] GC(171)     Dead                           Min: 0, Avg:  0.0, Max: 0, Diff: 0, Sum: 0, Workers: 4
[201.480s][debug][gc,phases      ] GC(171)     Total                          Min: 0, Avg:  0.0, Max: 0, Diff: 0, Sum: 0, Workers: 4
[201.480s][debug][gc,phases      ] GC(171)   Weak JFR Old Object Samples    Min:  0.0, Avg:  0.0, Max:  0.0, Diff:  0.0, Sum:  0.0, Workers: 4
[201.480s][debug][gc,phases      ] GC(171)     Dead                           Min: 0, Avg:  0.0, Max: 0, Diff: 0, Sum: 0, Workers: 4
[201.480s][debug][gc,phases      ] GC(171)     Total                          Min: 0, Avg:  0.0, Max: 0, Diff: 0, Sum: 0, Workers: 4
[201.480s][debug][gc,phases      ] GC(171) Weak Processing 0.371ms
[201.480s][debug][gc,age         ] GC(171) Desired survivor size 228065280 bytes, new threshold 15 (max threshold 15)
[201.480s][info ][gc,heap        ] GC(171) PSYoungGen: 1775875K(1862656K)->147811K(1874432K) Eden: 1635328K(1635328K)->0K(1650688K) From: 140547K(227328K)->147811K(223744K)
[201.480s][info ][gc,heap        ] GC(171) ParOldGen: 622324K(776704K)->622332K(776704K)
[201.480s][info ][gc,metaspace   ] GC(171) Metaspace: 85654K(86528K)->85654K(86528K) NonClass: 73744K(74176K)->73744K(74176K) Class: 11910K(12352K)->11910K(12352K)
[201.480s][info ][gc             ] GC(171) Pause Young (Allocation Failure) 2341M->752M(2589M) 31.970ms
[201.480s][info ][gc,cpu         ] GC(171) User=0.12s Sys=0.00s Real=0.03s
[201.480s][info ][safepoint      ] Safepoint "ParallelGCFailedAllocation", Time since last: 182949142 ns, Reaching safepoint: 117106 ns, At safepoint: 32060948 ns, Total: 32178054 ns
[202.736s][info ][gc,start       ] GC(172) Pause Young (Allocation Failure)
[202.772s][debug][gc,phases      ] GC(172) Scavenge 36.178ms
[202.772s][debug][gc,ref         ] GC(172) Skipped phase 1 of Reference Processing: no references
[202.772s][debug][gc,ref         ] GC(172) ReferenceProcessor::execute queues: 1, RefProcThreadModel::Single, marks_oops_alive: false
[202.772s][debug][gc,ref         ] GC(172) Skipped phase 3 of Reference Processing: no references
[202.772s][debug][gc,ref         ] GC(172) ReferenceProcessor::execute queues: 1, RefProcThreadModel::Single, marks_oops_alive: false
[202.772s][debug][gc,phases      ] GC(172) Reference Processing 0.190ms
[202.772s][debug][gc,phases      ] GC(172)   VM Weak                        Min:  0.0, Avg:  0.0, Max:  0.0, Diff:  0.0, Sum:  0.0, Workers: 4
[202.772s][debug][gc,phases      ] GC(172)     Dead                           Min: 0, Avg:  0.0, Max: 0, Diff: 0, Sum: 0, Workers: 4
[202.772s][debug][gc,phases      ] GC(172)     Total                          Min: 0, Avg: 180.2, Max: 657, Diff: 657, Sum: 721, Workers: 4
[202.772s][debug][gc,phases      ] GC(172)   ObjectSynchronizer Weak        Min:  0.0, Avg:  0.0, Max:  0.0, Diff:  0.0, Sum:  0.0, Workers: 4
[202.772s][debug][gc,phases      ] GC(172)     Dead                           Min: 0, Avg:  0.0, Max: 0, Diff: 0, Sum: 0, Workers: 4
[202.772s][debug][gc,phases      ] GC(172)     Total                          Min: 0, Avg: 139.2, Max: 237, Diff: 237, Sum: 557, Workers: 4
[202.772s][debug][gc,phases      ] GC(172)   JVMTI Tag Weak OopStorage      Min:  0.0, Avg:  0.0, Max:  0.0, Diff:  0.0, Sum:  0.0, Workers: 4
[202.772s][debug][gc,phases      ] GC(172)     Dead                           Min: 0, Avg:  0.0, Max: 0, Diff: 0, Sum: 0, Workers: 4
[202.772s][debug][gc,phases      ] GC(172)     Total                          Min: 0, Avg:  0.0, Max: 0, Diff: 0, Sum: 0, Workers: 4
[202.772s][debug][gc,phases      ] GC(172)   StringTable Weak               Min:  0.1, Avg:  0.1, Max:  0.1, Diff:  0.0, Sum:  0.5, Workers: 4
[202.772s][debug][gc,phases      ] GC(172)     Dead                           Min: 0, Avg:  0.0, Max: 0, Diff: 0, Sum: 0, Workers: 4
[202.772s][debug][gc,phases      ] GC(172)     Total                          Min: 10944, Avg: 12131.2, Max: 12941, Diff: 1997, Sum: 48525, Workers: 4
[202.772s][debug][gc,phases      ] GC(172)   ResolvedMethodTable Weak       Min:  0.0, Avg:  0.0, Max:  0.0, Diff:  0.0, Sum:  0.1, Workers: 4
[202.773s][debug][gc,phases      ] GC(172)     Dead                           Min: 0, Avg:  0.0, Max: 0, Diff: 0, Sum: 0, Workers: 4
[202.773s][debug][gc,phases      ] GC(172)     Total                          Min: 2048, Avg: 2211.0, Max: 2432, Diff: 384, Sum: 8844, Workers: 4
[202.773s][debug][gc,phases      ] GC(172)   JNI Weak                       Min:  0.0, Avg:  0.0, Max:  0.0, Diff:  0.0, Sum:  0.0, Workers: 4
[202.773s][debug][gc,phases      ] GC(172)     Dead                           Min: 0, Avg:  0.0, Max: 0, Diff: 0, Sum: 0, Workers: 4
[202.773s][debug][gc,phases      ] GC(172)     Total                          Min: 0, Avg:  0.0, Max: 0, Diff: 0, Sum: 0, Workers: 4
[202.773s][debug][gc,phases      ] GC(172)   StringDedup Table Weak         Min:  0.0, Avg:  0.0, Max:  0.0, Diff:  0.0, Sum:  0.0, Workers: 4
[202.773s][debug][gc,phases      ] GC(172)     Dead                           Min: 0, Avg:  0.0, Max: 0, Diff: 0, Sum: 0, Workers: 4
[202.773s][debug][gc,phases      ] GC(172)     Total                          Min: 0, Avg:  0.0, Max: 0, Diff: 0, Sum: 0, Workers: 4
[202.773s][debug][gc,phases      ] GC(172)   StringDedup Requests0 Weak     Min:  0.0, Avg:  0.0, Max:  0.0, Diff:  0.0, Sum:  0.0, Workers: 4
[202.773s][debug][gc,phases      ] GC(172)     Dead                           Min: 0, Avg:  0.0, Max: 0, Diff: 0, Sum: 0, Workers: 4
[202.773s][debug][gc,phases      ] GC(172)     Total                          Min: 0, Avg:  0.0, Max: 0, Diff: 0, Sum: 0, Workers: 4
[202.773s][debug][gc,phases      ] GC(172)   StringDedup Requests1 Weak     Min:  0.0, Avg:  0.0, Max:  0.0, Diff:  0.0, Sum:  0.0, Workers: 4
[202.773s][debug][gc,phases      ] GC(172)     Dead                           Min: 0, Avg:  0.0, Max: 0, Diff: 0, Sum: 0, Workers: 4
[202.773s][debug][gc,phases      ] GC(172)     Total                          Min: 0, Avg:  0.0, Max: 0, Diff: 0, Sum: 0, Workers: 4
[202.773s][debug][gc,phases      ] GC(172)   Weak JFR Old Object Samples    Min:  0.0, Avg:  0.0, Max:  0.0, Diff:  0.0, Sum:  0.0, Workers: 4
[202.773s][debug][gc,phases      ] GC(172)     Dead                           Min: 0, Avg:  0.0, Max: 0, Diff: 0, Sum: 0, Workers: 4
[202.773s][debug][gc,phases      ] GC(172)     Total                          Min: 0, Avg:  0.0, Max: 0, Diff: 0, Sum: 0, Workers: 4
[202.773s][debug][gc,phases      ] GC(172) Weak Processing 0.350ms
[202.773s][debug][gc,age         ] GC(172) Desired survivor size 230162432 bytes, new threshold 15 (max threshold 15)
[202.773s][info ][gc,heap        ] GC(172) PSYoungGen: 1798499K(1874432K)->157675K(1808384K) Eden: 1650688K(1650688K)->0K(1650688K) From: 147811K(223744K)->157675K(157696K)
[202.773s][info ][gc,heap        ] GC(172) ParOldGen: 622332K(776704K)->622332K(776704K)
[202.773s][info ][gc,metaspace   ] GC(172) Metaspace: 85661K(86528K)->85661K(86528K) NonClass: 73750K(74176K)->73750K(74176K) Class: 11910K(12352K)->11910K(12352K)
[202.773s][info ][gc             ] GC(172) Pause Young (Allocation Failure) 2364M->761M(2524M) 36.866ms
[202.773s][info ][gc,cpu         ] GC(172) User=0.14s Sys=0.00s Real=0.03s
[202.773s][info ][safepoint      ] Safepoint "ParallelGCFailedAllocation", Time since last: 1255522541 ns, Reaching safepoint: 191011 ns, At safepoint: 36954729 ns, Total: 37145740 ns
[203.773s][info ][safepoint      ] Safepoint "Cleanup", Time since last: 1000091824 ns, Reaching safepoint: 139508 ns, At safepoint: 19401 ns, Total: 158909 ns
[204.003s][info ][gc,start       ] GC(173) Pause Young (Allocation Failure)
[204.037s][debug][gc,phases      ] GC(173) Scavenge 33.937ms
[204.037s][debug][gc,ref         ] GC(173) Skipped phase 1 of Reference Processing: no references
[204.037s][debug][gc,ref         ] GC(173) ReferenceProcessor::execute queues: 1, RefProcThreadModel::Single, marks_oops_alive: false
[204.037s][debug][gc,ref         ] GC(173) Skipped phase 3 of Reference Processing: no references
[204.037s][debug][gc,ref         ] GC(173) ReferenceProcessor::execute queues: 1, RefProcThreadModel::Single, marks_oops_alive: false
[204.037s][debug][gc,phases      ] GC(173) Reference Processing 0.180ms
[204.038s][debug][gc,phases      ] GC(173)   VM Weak                        Min:  0.0, Avg:  0.0, Max:  0.0, Diff:  0.0, Sum:  0.0, Workers: 4
[204.038s][debug][gc,phases      ] GC(173)     Dead                           Min: 0, Avg:  0.0, Max: 0, Diff: 0, Sum: 0, Workers: 4
[204.038s][debug][gc,phases      ] GC(173)     Total                          Min: 0, Avg: 180.2, Max: 721, Diff: 721, Sum: 721, Workers: 4
[204.038s][debug][gc,phases      ] GC(173)   ObjectSynchronizer Weak        Min:  0.0, Avg:  0.0, Max:  0.0, Diff:  0.0, Sum:  0.0, Workers: 4
[204.038s][debug][gc,phases      ] GC(173)     Dead                           Min: 0, Avg:  0.0, Max: 0, Diff: 0, Sum: 0, Workers: 4
[204.038s][debug][gc,phases      ] GC(173)     Total                          Min: 0, Avg: 139.2, Max: 493, Diff: 493, Sum: 557, Workers: 4
[204.038s][debug][gc,phases      ] GC(173)   JVMTI Tag Weak OopStorage      Min:  0.0, Avg:  0.0, Max:  0.0, Diff:  0.0, Sum:  0.0, Workers: 4
[204.038s][debug][gc,phases      ] GC(173)     Dead                           Min: 0, Avg:  0.0, Max: 0, Diff: 0, Sum: 0, Workers: 4
[204.038s][debug][gc,phases      ] GC(173)     Total                          Min: 0, Avg:  0.0, Max: 0, Diff: 0, Sum: 0, Workers: 4
[204.038s][debug][gc,phases      ] GC(173)   StringTable Weak               Min:  0.1, Avg:  0.1, Max:  0.1, Diff:  0.0, Sum:  0.4, Workers: 4
[204.038s][debug][gc,phases      ] GC(173)     Dead                           Min: 0, Avg:  0.0, Max: 0, Diff: 0, Sum: 0, Workers: 4
[204.038s][debug][gc,phases      ] GC(173)     Total                          Min: 10880, Avg: 12132.5, Max: 13330, Diff: 2450, Sum: 48530, Workers: 4
[204.038s][debug][gc,phases      ] GC(173)   ResolvedMethodTable Weak       Min:  0.0, Avg:  0.0, Max:  0.0, Diff:  0.0, Sum:  0.1, Workers: 4
[204.038s][debug][gc,phases      ] GC(173)     Dead                           Min: 0, Avg:  0.0, Max: 0, Diff: 0, Sum: 0, Workers: 4
[204.038s][debug][gc,phases      ] GC(173)     Total                          Min: 2112, Avg: 2211.0, Max: 2368, Diff: 256, Sum: 8844, Workers: 4
[204.038s][debug][gc,phases      ] GC(173)   JNI Weak                       Min:  0.0, Avg:  0.0, Max:  0.0, Diff:  0.0, Sum:  0.0, Workers: 4
[204.038s][debug][gc,phases      ] GC(173)     Dead                           Min: 0, Avg:  0.0, Max: 0, Diff: 0, Sum: 0, Workers: 4
[204.038s][debug][gc,phases      ] GC(173)     Total                          Min: 0, Avg:  0.0, Max: 0, Diff: 0, Sum: 0, Workers: 4
[204.038s][debug][gc,phases      ] GC(173)   StringDedup Table Weak         Min:  0.0, Avg:  0.0, Max:  0.0, Diff:  0.0, Sum:  0.0, Workers: 4
[204.038s][debug][gc,phases      ] GC(173)     Dead                           Min: 0, Avg:  0.0, Max: 0, Diff: 0, Sum: 0, Workers: 4
[204.038s][debug][gc,phases      ] GC(173)     Total                          Min: 0, Avg:  0.0, Max: 0, Diff: 0, Sum: 0, Workers: 4
[204.038s][debug][gc,phases      ] GC(173)   StringDedup Requests0 Weak     Min:  0.0, Avg:  0.0, Max:  0.0, Diff:  0.0, Sum:  0.0, Workers: 4
[204.038s][debug][gc,phases      ] GC(173)     Dead                           Min: 0, Avg:  0.0, Max: 0, Diff: 0, Sum: 0, Workers: 4
[204.038s][debug][gc,phases      ] GC(173)     Total                          Min: 0, Avg:  0.0, Max: 0, Diff: 0, Sum: 0, Workers: 4
[204.038s][debug][gc,phases      ] GC(173)   StringDedup Requests1 Weak     Min:  0.0, Avg:  0.0, Max:  0.0, Diff:  0.0, Sum:  0.0, Workers: 4
[204.038s][debug][gc,phases      ] GC(173)     Dead                           Min: 0, Avg:  0.0, Max: 0, Diff: 0, Sum: 0, Workers: 4
[204.038s][debug][gc,phases      ] GC(173)     Total                          Min: 0, Avg:  0.0, Max: 0, Diff: 0, Sum: 0, Workers: 4
[204.038s][debug][gc,phases      ] GC(173)   Weak JFR Old Object Samples    Min:  0.0, Avg:  0.0, Max:  0.0, Diff:  0.0, Sum:  0.0, Workers: 4
[204.038s][debug][gc,phases      ] GC(173)     Dead                           Min: 0, Avg:  0.0, Max: 0, Diff: 0, Sum: 0, Workers: 4
[204.038s][debug][gc,phases      ] GC(173)     Total                          Min: 0, Avg:  0.0, Max: 0, Diff: 0, Sum: 0, Workers: 4
[204.038s][debug][gc,phases      ] GC(173) Weak Processing 0.322ms
[204.038s][debug][gc,age         ] GC(173) Desired survivor size 233832448 bytes, new threshold 15 (max threshold 15)
[204.038s][info ][gc,heap        ] GC(173) PSYoungGen: 1808363K(1808384K)->164731K(1865216K) Eden: 1650688K(1650688K)->0K(1640448K) From: 157675K(157696K)->164731K(224768K)
[204.038s][info ][gc,heap        ] GC(173) ParOldGen: 622332K(776704K)->622332K(776704K)
[204.038s][info ][gc,metaspace   ] GC(173) Metaspace: 85668K(86592K)->85668K(86592K) NonClass: 73757K(74240K)->73757K(74240K) Class: 11911K(12352K)->11911K(12352K)
[204.038s][info ][gc             ] GC(173) Pause Young (Allocation Failure) 2373M->768M(2580M) 34.580ms
[204.038s][info ][gc,cpu         ] GC(173) User=0.14s Sys=0.00s Real=0.03s
[204.038s][info ][safepoint      ] Safepoint "ParallelGCFailedAllocation", Time since last: 230139360 ns, Reaching safepoint: 118707 ns, At safepoint: 34673697 ns, Total: 34792404 ns
[205.021s][info ][gc,start       ] GC(174) Pause Young (Allocation Failure)
[205.054s][debug][gc,phases      ] GC(174) Scavenge 33.466ms
[205.055s][debug][gc,ref         ] GC(174) Skipped phase 1 of Reference Processing: no references
[205.055s][debug][gc,ref         ] GC(174) ReferenceProcessor::execute queues: 1, RefProcThreadModel::Single, marks_oops_alive: false
[205.055s][debug][gc,ref         ] GC(174) Skipped phase 3 of Reference Processing: no references
[205.055s][debug][gc,ref         ] GC(174) ReferenceProcessor::execute queues: 1, RefProcThreadModel::Single, marks_oops_alive: false
[205.055s][debug][gc,phases      ] GC(174) Reference Processing 0.154ms
[205.055s][debug][gc,phases      ] GC(174)   VM Weak                        Min:  0.0, Avg:  0.0, Max:  0.0, Diff:  0.0, Sum:  0.0, Workers: 4
[205.055s][debug][gc,phases      ] GC(174)     Dead                           Min: 0, Avg:  0.0, Max: 0, Diff: 0, Sum: 0, Workers: 4
[205.055s][debug][gc,phases      ] GC(174)     Total                          Min: 0, Avg: 180.2, Max: 529, Diff: 529, Sum: 721, Workers: 4
[205.055s][debug][gc,phases      ] GC(174)   ObjectSynchronizer Weak        Min:  0.0, Avg:  0.0, Max:  0.0, Diff:  0.0, Sum:  0.0, Workers: 4
[205.055s][debug][gc,phases      ] GC(174)     Dead                           Min: 0, Avg:  0.0, Max: 0, Diff: 0, Sum: 0, Workers: 4
[205.055s][debug][gc,phases      ] GC(174)     Total                          Min: 0, Avg: 139.2, Max: 256, Diff: 256, Sum: 557, Workers: 4
[205.055s][debug][gc,phases      ] GC(174)   JVMTI Tag Weak OopStorage      Min:  0.0, Avg:  0.0, Max:  0.0, Diff:  0.0, Sum:  0.0, Workers: 4
[205.055s][debug][gc,phases      ] GC(174)     Dead                           Min: 0, Avg:  0.0, Max: 0, Diff: 0, Sum: 0, Workers: 4
[205.055s][debug][gc,phases      ] GC(174)     Total                          Min: 0, Avg:  0.0, Max: 0, Diff: 0, Sum: 0, Workers: 4
[205.055s][debug][gc,phases      ] GC(174)   StringTable Weak               Min:  0.1, Avg:  0.1, Max:  0.1, Diff:  0.0, Sum:  0.5, Workers: 4
[205.055s][debug][gc,phases      ] GC(174)     Dead                           Min: 0, Avg:  0.0, Max: 0, Diff: 0, Sum: 0, Workers: 4
[205.055s][debug][gc,phases      ] GC(174)     Total                          Min: 10837, Avg: 12133.2, Max: 12864, Diff: 2027, Sum: 48533, Workers: 4
[205.055s][debug][gc,phases      ] GC(174)   ResolvedMethodTable Weak       Min:  0.0, Avg:  0.0, Max:  0.0, Diff:  0.0, Sum:  0.1, Workers: 4
[205.055s][debug][gc,phases      ] GC(174)     Dead                           Min: 0, Avg:  0.0, Max: 0, Diff: 0, Sum: 0, Workers: 4
[205.055s][debug][gc,phases      ] GC(174)     Total                          Min: 2112, Avg: 2211.0, Max: 2368, Diff: 256, Sum: 8844, Workers: 4
[205.055s][debug][gc,phases      ] GC(174)   JNI Weak                       Min:  0.0, Avg:  0.0, Max:  0.0, Diff:  0.0, Sum:  0.0, Workers: 4
[205.055s][debug][gc,phases      ] GC(174)     Dead                           Min: 0, Avg:  0.0, Max: 0, Diff: 0, Sum: 0, Workers: 4
[205.055s][debug][gc,phases      ] GC(174)     Total                          Min: 0, Avg:  0.0, Max: 0, Diff: 0, Sum: 0, Workers: 4
[205.055s][debug][gc,phases      ] GC(174)   StringDedup Table Weak         Min:  0.0, Avg:  0.0, Max:  0.0, Diff:  0.0, Sum:  0.0, Workers: 4
[205.055s][debug][gc,phases      ] GC(174)     Dead                           Min: 0, Avg:  0.0, Max: 0, Diff: 0, Sum: 0, Workers: 4
[205.055s][debug][gc,phases      ] GC(174)     Total                          Min: 0, Avg:  0.0, Max: 0, Diff: 0, Sum: 0, Workers: 4
[205.055s][debug][gc,phases      ] GC(174)   StringDedup Requests0 Weak     Min:  0.0, Avg:  0.0, Max:  0.0, Diff:  0.0, Sum:  0.0, Workers: 4
[205.055s][debug][gc,phases      ] GC(174)     Dead                           Min: 0, Avg:  0.0, Max: 0, Diff: 0, Sum: 0, Workers: 4
[205.055s][debug][gc,phases      ] GC(174)     Total                          Min: 0, Avg:  0.0, Max: 0, Diff: 0, Sum: 0, Workers: 4
[205.055s][debug][gc,phases      ] GC(174)   StringDedup Requests1 Weak     Min:  0.0, Avg:  0.0, Max:  0.0, Diff:  0.0, Sum:  0.0, Workers: 4
[205.055s][debug][gc,phases      ] GC(174)     Dead                           Min: 0, Avg:  0.0, Max: 0, Diff: 0, Sum: 0, Workers: 4
[205.055s][debug][gc,phases      ] GC(174)     Total                          Min: 0, Avg:  0.0, Max: 0, Diff: 0, Sum: 0, Workers: 4
[205.055s][debug][gc,phases      ] GC(174)   Weak JFR Old Object Samples    Min:  0.0, Avg:  0.0, Max:  0.0, Diff:  0.0, Sum:  0.0, Workers: 4
[205.055s][debug][gc,phases      ] GC(174)     Dead                           Min: 0, Avg:  0.0, Max: 0, Diff: 0, Sum: 0, Workers: 4
[205.055s][debug][gc,phases      ] GC(174)     Total                          Min: 0, Avg:  0.0, Max: 0, Diff: 0, Sum: 0, Workers: 4
[205.055s][debug][gc,phases      ] GC(174) Weak Processing 0.344ms
[205.055s][debug][gc,age         ] GC(174) Desired survivor size 239599616 bytes, new threshold 15 (max threshold 15)
[205.055s][info ][gc,heap        ] GC(174) PSYoungGen: 1805179K(1865216K)->173363K(1814016K) Eden: 1640448K(1640448K)->0K(1640448K) From: 164731K(224768K)->173363K(173568K)
[205.055s][info ][gc,heap        ] GC(174) ParOldGen: 622332K(776704K)->622332K(776704K)
[205.055s][info ][gc,metaspace   ] GC(174) Metaspace: 85675K(86592K)->85675K(86592K) NonClass: 73764K(74240K)->73764K(74240K) Class: 11911K(12352K)->11911K(12352K)
[205.055s][info ][gc             ] GC(174) Pause Young (Allocation Failure) 2370M->777M(2530M) 34.109ms
[205.055s][info ][gc,cpu         ] GC(174) User=0.13s Sys=0.00s Real=0.04s
[205.055s][info ][safepoint      ] Safepoint "ParallelGCFailedAllocation", Time since last: 982930834 ns, Reaching safepoint: 135008 ns, At safepoint: 34208571 ns, Total: 34343579 ns
[206.055s][info ][safepoint      ] Safepoint "Cleanup", Time since last: 1000090122 ns, Reaching safepoint: 148009 ns, At safepoint: 21101 ns, Total: 169110 ns
[207.056s][info ][safepoint      ] Safepoint "Cleanup", Time since last: 1000098522 ns, Reaching safepoint: 87805 ns, At safepoint: 19901 ns, Total: 107706 ns
[207.390s][info ][gc,start       ] GC(175) Pause Young (Allocation Failure)
[207.428s][debug][gc,phases      ] GC(175) Scavenge 37.763ms
[207.428s][debug][gc,ref         ] GC(175) Skipped phase 1 of Reference Processing: no references
[207.428s][debug][gc,ref         ] GC(175) ReferenceProcessor::execute queues: 1, RefProcThreadModel::Single, marks_oops_alive: false
[207.428s][debug][gc,ref         ] GC(175) Skipped phase 3 of Reference Processing: no references
[207.428s][debug][gc,ref         ] GC(175) ReferenceProcessor::execute queues: 1, RefProcThreadModel::Single, marks_oops_alive: false
[207.428s][debug][gc,phases      ] GC(175) Reference Processing 0.165ms
[207.428s][debug][gc,phases      ] GC(175)   VM Weak                        Min:  0.0, Avg:  0.0, Max:  0.0, Diff:  0.0, Sum:  0.0, Workers: 4
[207.428s][debug][gc,phases      ] GC(175)     Dead                           Min: 0, Avg:  0.0, Max: 0, Diff: 0, Sum: 0, Workers: 4
[207.428s][debug][gc,phases      ] GC(175)     Total                          Min: 0, Avg: 180.2, Max: 704, Diff: 704, Sum: 721, Workers: 4
[207.428s][debug][gc,phases      ] GC(175)   ObjectSynchronizer Weak        Min:  0.0, Avg:  0.0, Max:  0.0, Diff:  0.0, Sum:  0.0, Workers: 4
[207.428s][debug][gc,phases      ] GC(175)     Dead                           Min: 0, Avg:  0.0, Max: 0, Diff: 0, Sum: 0, Workers: 4
[207.428s][debug][gc,phases      ] GC(175)     Total                          Min: 0, Avg: 139.2, Max: 301, Diff: 301, Sum: 557, Workers: 4
[207.428s][debug][gc,phases      ] GC(175)   JVMTI Tag Weak OopStorage      Min:  0.0, Avg:  0.0, Max:  0.0, Diff:  0.0, Sum:  0.0, Workers: 4
[207.428s][debug][gc,phases      ] GC(175)     Dead                           Min: 0, Avg:  0.0, Max: 0, Diff: 0, Sum: 0, Workers: 4
[207.428s][debug][gc,phases      ] GC(175)     Total                          Min: 0, Avg:  0.0, Max: 0, Diff: 0, Sum: 0, Workers: 4
[207.428s][debug][gc,phases      ] GC(175)   StringTable Weak               Min:  0.1, Avg:  0.1, Max:  0.1, Diff:  0.0, Sum:  0.5, Workers: 4
[207.428s][debug][gc,phases      ] GC(175)     Dead                           Min: 0, Avg:  0.0, Max: 0, Diff: 0, Sum: 0, Workers: 4
[207.428s][debug][gc,phases      ] GC(175)     Total                          Min: 11456, Avg: 12135.8, Max: 12447, Diff: 991, Sum: 48543, Workers: 4
[207.428s][debug][gc,phases      ] GC(175)   ResolvedMethodTable Weak       Min:  0.0, Avg:  0.0, Max:  0.0, Diff:  0.0, Sum:  0.1, Workers: 4
[207.428s][debug][gc,phases      ] GC(175)     Dead                           Min: 0, Avg:  0.0, Max: 0, Diff: 0, Sum: 0, Workers: 4
[207.428s][debug][gc,phases      ] GC(175)     Total                          Min: 2176, Avg: 2211.0, Max: 2252, Diff: 76, Sum: 8844, Workers: 4
[207.428s][debug][gc,phases      ] GC(175)   JNI Weak                       Min:  0.0, Avg:  0.0, Max:  0.0, Diff:  0.0, Sum:  0.0, Workers: 4
[207.428s][debug][gc,phases      ] GC(175)     Dead                           Min: 0, Avg:  0.0, Max: 0, Diff: 0, Sum: 0, Workers: 4
[207.428s][debug][gc,phases      ] GC(175)     Total                          Min: 0, Avg:  0.0, Max: 0, Diff: 0, Sum: 0, Workers: 4
[207.428s][debug][gc,phases      ] GC(175)   StringDedup Table Weak         Min:  0.0, Avg:  0.0, Max:  0.0, Diff:  0.0, Sum:  0.0, Workers: 4
[207.428s][debug][gc,phases      ] GC(175)     Dead                           Min: 0, Avg:  0.0, Max: 0, Diff: 0, Sum: 0, Workers: 4
[207.428s][debug][gc,phases      ] GC(175)     Total                          Min: 0, Avg:  0.0, Max: 0, Diff: 0, Sum: 0, Workers: 4
[207.428s][debug][gc,phases      ] GC(175)   StringDedup Requests0 Weak     Min:  0.0, Avg:  0.0, Max:  0.0, Diff:  0.0, Sum:  0.0, Workers: 4
[207.428s][debug][gc,phases      ] GC(175)     Dead                           Min: 0, Avg:  0.0, Max: 0, Diff: 0, Sum: 0, Workers: 4
[207.428s][debug][gc,phases      ] GC(175)     Total                          Min: 0, Avg:  0.0, Max: 0, Diff: 0, Sum: 0, Workers: 4
[207.428s][debug][gc,phases      ] GC(175)   StringDedup Requests1 Weak     Min:  0.0, Avg:  0.0, Max:  0.0, Diff:  0.0, Sum:  0.0, Workers: 4
[207.428s][debug][gc,phases      ] GC(175)     Dead                           Min: 0, Avg:  0.0, Max: 0, Diff: 0, Sum: 0, Workers: 4
[207.428s][debug][gc,phases      ] GC(175)     Total                          Min: 0, Avg:  0.0, Max: 0, Diff: 0, Sum: 0, Workers: 4
[207.428s][debug][gc,phases      ] GC(175)   Weak JFR Old Object Samples    Min:  0.0, Avg:  0.0, Max:  0.0, Diff:  0.0, Sum:  0.0, Workers: 4
[207.428s][debug][gc,phases      ] GC(175)     Dead                           Min: 0, Avg:  0.0, Max: 0, Diff: 0, Sum: 0, Workers: 4
[207.428s][debug][gc,phases      ] GC(175)     Total                          Min: 0, Avg:  0.0, Max: 0, Diff: 0, Sum: 0, Workers: 4
[207.428s][debug][gc,phases      ] GC(175) Weak Processing 0.356ms
[207.428s][debug][gc,age         ] GC(175) Desired survivor size 240648192 bytes, new threshold 15 (max threshold 15)
[207.428s][info ][gc,heap        ] GC(175) PSYoungGen: 1813811K(1814016K)->165716K(1861120K) Eden: 1640448K(1640448K)->0K(1627136K) From: 173363K(173568K)->165716K(233984K)
[207.428s][info ][gc,heap        ] GC(175) ParOldGen: 622332K(776704K)->639676K(776704K)
[207.428s][info ][gc,metaspace   ] GC(175) Metaspace: 85685K(86656K)->85685K(86656K) NonClass: 73774K(74304K)->73774K(74304K) Class: 11911K(12352K)->11911K(12352K)
[207.428s][info ][gc             ] GC(175) Pause Young (Allocation Failure) 2379M->786M(2576M) 38.420ms
[207.428s][info ][gc,cpu         ] GC(175) User=0.15s Sys=0.00s Real=0.04s
[207.428s][info ][safepoint      ] Safepoint "ParallelGCFailedAllocation", Time since last: 333979143 ns, Reaching safepoint: 105706 ns, At safepoint: 38507819 ns, Total: 38613525 ns
[208.428s][info ][safepoint      ] Safepoint "Cleanup", Time since last: 1000090521 ns, Reaching safepoint: 67204 ns, At safepoint: 9200 ns, Total: 76404 ns
[209.429s][info ][safepoint      ] Safepoint "Cleanup", Time since last: 1000109222 ns, Reaching safepoint: 135108 ns, At safepoint: 8800 ns, Total: 143908 ns
[210.429s][info ][safepoint      ] Safepoint "Cleanup", Time since last: 1000126322 ns, Reaching safepoint: 143409 ns, At safepoint: 18101 ns, Total: 161510 ns
[210.474s][info ][gc,start       ] GC(176) Pause Young (Allocation Failure)
[210.515s][debug][gc,phases      ] GC(176) Scavenge 41.043ms
[210.515s][debug][gc,ref         ] GC(176) Skipped phase 1 of Reference Processing: no references
[210.515s][debug][gc,ref         ] GC(176) ReferenceProcessor::execute queues: 1, RefProcThreadModel::Single, marks_oops_alive: false
[210.516s][debug][gc,ref         ] GC(176) Skipped phase 3 of Reference Processing: no references
[210.516s][debug][gc,ref         ] GC(176) ReferenceProcessor::execute queues: 1, RefProcThreadModel::Single, marks_oops_alive: false
[210.516s][debug][gc,phases      ] GC(176) Reference Processing 0.172ms
[210.516s][debug][gc,phases      ] GC(176)   VM Weak                        Min:  0.0, Avg:  0.0, Max:  0.0, Diff:  0.0, Sum:  0.0, Workers: 4
[210.516s][debug][gc,phases      ] GC(176)     Dead                           Min: 0, Avg:  0.0, Max: 0, Diff: 0, Sum: 0, Workers: 4
[210.516s][debug][gc,phases      ] GC(176)     Total                          Min: 0, Avg: 181.2, Max: 512, Diff: 512, Sum: 725, Workers: 4
[210.516s][debug][gc,phases      ] GC(176)   ObjectSynchronizer Weak        Min:  0.0, Avg:  0.0, Max:  0.0, Diff:  0.0, Sum:  0.0, Workers: 4
[210.516s][debug][gc,phases      ] GC(176)     Dead                           Min: 0, Avg:  0.0, Max: 0, Diff: 0, Sum: 0, Workers: 4
[210.516s][debug][gc,phases      ] GC(176)     Total                          Min: 0, Avg: 139.2, Max: 256, Diff: 256, Sum: 557, Workers: 4
[210.516s][debug][gc,phases      ] GC(176)   JVMTI Tag Weak OopStorage      Min:  0.0, Avg:  0.0, Max:  0.0, Diff:  0.0, Sum:  0.0, Workers: 4
[210.516s][debug][gc,phases      ] GC(176)     Dead                           Min: 0, Avg:  0.0, Max: 0, Diff: 0, Sum: 0, Workers: 4
[210.516s][debug][gc,phases      ] GC(176)     Total                          Min: 0, Avg:  0.0, Max: 0, Diff: 0, Sum: 0, Workers: 4
[210.516s][debug][gc,phases      ] GC(176)   StringTable Weak               Min:  0.1, Avg:  0.1, Max:  0.1, Diff:  0.0, Sum:  0.5, Workers: 4
[210.516s][debug][gc,phases      ] GC(176)     Dead                           Min: 0, Avg:  0.0, Max: 0, Diff: 0, Sum: 0, Workers: 4
[210.516s][debug][gc,phases      ] GC(176)     Total                          Min: 11776, Avg: 12137.2, Max: 12864, Diff: 1088, Sum: 48549, Workers: 4
[210.516s][debug][gc,phases      ] GC(176)   ResolvedMethodTable Weak       Min:  0.0, Avg:  0.0, Max:  0.0, Diff:  0.0, Sum:  0.1, Workers: 4
[210.516s][debug][gc,phases      ] GC(176)     Dead                           Min: 0, Avg:  0.0, Max: 0, Diff: 0, Sum: 0, Workers: 4
[210.516s][debug][gc,phases      ] GC(176)     Total                          Min: 2112, Avg: 2214.2, Max: 2368, Diff: 256, Sum: 8857, Workers: 4
[210.516s][debug][gc,phases      ] GC(176)   JNI Weak                       Min:  0.0, Avg:  0.0, Max:  0.0, Diff:  0.0, Sum:  0.0, Workers: 4
[210.516s][debug][gc,phases      ] GC(176)     Dead                           Min: 0, Avg:  0.0, Max: 0, Diff: 0, Sum: 0, Workers: 4
[210.516s][debug][gc,phases      ] GC(176)     Total                          Min: 0, Avg:  0.0, Max: 0, Diff: 0, Sum: 0, Workers: 4
[210.516s][debug][gc,phases      ] GC(176)   StringDedup Table Weak         Min:  0.0, Avg:  0.0, Max:  0.0, Diff:  0.0, Sum:  0.0, Workers: 4
[210.516s][debug][gc,phases      ] GC(176)     Dead                           Min: 0, Avg:  0.0, Max: 0, Diff: 0, Sum: 0, Workers: 4
[210.516s][debug][gc,phases      ] GC(176)     Total                          Min: 0, Avg:  0.0, Max: 0, Diff: 0, Sum: 0, Workers: 4
[210.516s][debug][gc,phases      ] GC(176)   StringDedup Requests0 Weak     Min:  0.0, Avg:  0.0, Max:  0.0, Diff:  0.0, Sum:  0.0, Workers: 4
[210.516s][debug][gc,phases      ] GC(176)     Dead                           Min: 0, Avg:  0.0, Max: 0, Diff: 0, Sum: 0, Workers: 4
[210.516s][debug][gc,phases      ] GC(176)     Total                          Min: 0, Avg:  0.0, Max: 0, Diff: 0, Sum: 0, Workers: 4
[210.516s][debug][gc,phases      ] GC(176)   StringDedup Requests1 Weak     Min:  0.0, Avg:  0.0, Max:  0.0, Diff:  0.0, Sum:  0.0, Workers: 4
[210.516s][debug][gc,phases      ] GC(176)     Dead                           Min: 0, Avg:  0.0, Max: 0, Diff: 0, Sum: 0, Workers: 4
[210.516s][debug][gc,phases      ] GC(176)     Total                          Min: 0, Avg:  0.0, Max: 0, Diff: 0, Sum: 0, Workers: 4
[210.516s][debug][gc,phases      ] GC(176)   Weak JFR Old Object Samples    Min:  0.0, Avg:  0.0, Max:  0.0, Diff:  0.0, Sum:  0.0, Workers: 4
[210.516s][debug][gc,phases      ] GC(176)     Dead                           Min: 0, Avg:  0.0, Max: 0, Diff: 0, Sum: 0, Workers: 4
[210.516s][debug][gc,phases      ] GC(176)     Total                          Min: 0, Avg:  0.0, Max: 0, Diff: 0, Sum: 0, Workers: 4
[210.516s][debug][gc,phases      ] GC(176) Weak Processing 0.345ms
[210.516s][debug][gc,age         ] GC(176) Desired survivor size 242745344 bytes, new threshold 15 (max threshold 15)
[210.516s][info ][gc,heap        ] GC(176) PSYoungGen: 1792852K(1861120K)->171152K(1798656K) Eden: 1627136K(1627136K)->0K(1627136K) From: 165716K(233984K)->171152K(171520K)
[210.516s][info ][gc,heap        ] GC(176) ParOldGen: 639676K(776704K)->657976K(776704K)
[210.516s][info ][gc,metaspace   ] GC(176) Metaspace: 85719K(86656K)->85719K(86656K) NonClass: 73804K(74304K)->73804K(74304K) Class: 11915K(12352K)->11915K(12352K)
[210.516s][info ][gc             ] GC(176) Pause Young (Allocation Failure) 2375M->809M(2515M) 41.703ms
[210.516s][info ][gc,cpu         ] GC(176) User=0.16s Sys=0.01s Real=0.05s
[210.516s][info ][safepoint      ] Safepoint "ParallelGCFailedAllocation", Time since last: 45181803 ns, Reaching safepoint: 128007 ns, At safepoint: 41795808 ns, Total: 41923815 ns
[211.516s][info ][safepoint      ] Safepoint "Cleanup", Time since last: 1000089220 ns, Reaching safepoint: 145208 ns, At safepoint: 15701 ns, Total: 160909 ns
[211.826s][info ][gc,start       ] GC(177) Pause Young (Allocation Failure)
[211.864s][debug][gc,phases      ] GC(177) Scavenge 38.444ms
[211.864s][debug][gc,ref         ] GC(177) Skipped phase 1 of Reference Processing: no references
[211.864s][debug][gc,ref         ] GC(177) ReferenceProcessor::execute queues: 1, RefProcThreadModel::Single, marks_oops_alive: false
[211.864s][debug][gc,ref         ] GC(177) Skipped phase 3 of Reference Processing: no references
[211.864s][debug][gc,ref         ] GC(177) ReferenceProcessor::execute queues: 1, RefProcThreadModel::Single, marks_oops_alive: false
[211.864s][debug][gc,phases      ] GC(177) Reference Processing 0.159ms
[211.864s][debug][gc,phases      ] GC(177)   VM Weak                        Min:  0.0, Avg:  0.0, Max:  0.0, Diff:  0.0, Sum:  0.0, Workers: 4
[211.864s][debug][gc,phases      ] GC(177)     Dead                           Min: 0, Avg:  0.0, Max: 0, Diff: 0, Sum: 0, Workers: 4
[211.864s][debug][gc,phases      ] GC(177)     Total                          Min: 0, Avg: 181.2, Max: 725, Diff: 725, Sum: 725, Workers: 4
[211.864s][debug][gc,phases      ] GC(177)   ObjectSynchronizer Weak        Min:  0.0, Avg:  0.0, Max:  0.0, Diff:  0.0, Sum:  0.0, Workers: 4
[211.864s][debug][gc,phases      ] GC(177)     Dead                           Min: 0, Avg:  0.0, Max: 0, Diff: 0, Sum: 0, Workers: 4
[211.864s][debug][gc,phases      ] GC(177)     Total                          Min: 0, Avg: 139.2, Max: 320, Diff: 320, Sum: 557, Workers: 4
[211.864s][debug][gc,phases      ] GC(177)   JVMTI Tag Weak OopStorage      Min:  0.0, Avg:  0.0, Max:  0.0, Diff:  0.0, Sum:  0.0, Workers: 4
[211.864s][debug][gc,phases      ] GC(177)     Dead                           Min: 0, Avg:  0.0, Max: 0, Diff: 0, Sum: 0, Workers: 4
[211.864s][debug][gc,phases      ] GC(177)     Total                          Min: 0, Avg:  0.0, Max: 0, Diff: 0, Sum: 0, Workers: 4
[211.864s][debug][gc,phases      ] GC(177)   StringTable Weak               Min:  0.1, Avg:  0.1, Max:  0.1, Diff:  0.0, Sum:  0.4, Workers: 4
[211.864s][debug][gc,phases      ] GC(177)     Dead                           Min: 0, Avg:  0.0, Max: 0, Diff: 0, Sum: 0, Workers: 4
[211.864s][debug][gc,phases      ] GC(177)     Total                          Min: 11584, Avg: 12137.8, Max: 13031, Diff: 1447, Sum: 48551, Workers: 4
[211.864s][debug][gc,phases      ] GC(177)   ResolvedMethodTable Weak       Min:  0.0, Avg:  0.0, Max:  0.0, Diff:  0.0, Sum:  0.1, Workers: 4
[211.865s][debug][gc,phases      ] GC(177)     Dead                           Min: 0, Avg:  0.0, Max: 0, Diff: 0, Sum: 0, Workers: 4
[211.865s][debug][gc,phases      ] GC(177)     Total                          Min: 2112, Avg: 2214.2, Max: 2304, Diff: 192, Sum: 8857, Workers: 4
[211.865s][debug][gc,phases      ] GC(177)   JNI Weak                       Min:  0.0, Avg:  0.0, Max:  0.0, Diff:  0.0, Sum:  0.0, Workers: 4
[211.865s][debug][gc,phases      ] GC(177)     Dead                           Min: 0, Avg:  0.0, Max: 0, Diff: 0, Sum: 0, Workers: 4
[211.865s][debug][gc,phases      ] GC(177)     Total                          Min: 0, Avg:  0.0, Max: 0, Diff: 0, Sum: 0, Workers: 4
[211.865s][debug][gc,phases      ] GC(177)   StringDedup Table Weak         Min:  0.0, Avg:  0.0, Max:  0.0, Diff:  0.0, Sum:  0.0, Workers: 4
[211.865s][debug][gc,phases      ] GC(177)     Dead                           Min: 0, Avg:  0.0, Max: 0, Diff: 0, Sum: 0, Workers: 4
[211.865s][debug][gc,phases      ] GC(177)     Total                          Min: 0, Avg:  0.0, Max: 0, Diff: 0, Sum: 0, Workers: 4
[211.865s][debug][gc,phases      ] GC(177)   StringDedup Requests0 Weak     Min:  0.0, Avg:  0.0, Max:  0.0, Diff:  0.0, Sum:  0.0, Workers: 4
[211.865s][debug][gc,phases      ] GC(177)     Dead                           Min: 0, Avg:  0.0, Max: 0, Diff: 0, Sum: 0, Workers: 4
[211.865s][debug][gc,phases      ] GC(177)     Total                          Min: 0, Avg:  0.0, Max: 0, Diff: 0, Sum: 0, Workers: 4
[211.865s][debug][gc,phases      ] GC(177)   StringDedup Requests1 Weak     Min:  0.0, Avg:  0.0, Max:  0.0, Diff:  0.0, Sum:  0.0, Workers: 4
[211.865s][debug][gc,phases      ] GC(177)     Dead                           Min: 0, Avg:  0.0, Max: 0, Diff: 0, Sum: 0, Workers: 4
[211.865s][debug][gc,phases      ] GC(177)     Total                          Min: 0, Avg:  0.0, Max: 0, Diff: 0, Sum: 0, Workers: 4
[211.865s][debug][gc,phases      ] GC(177)   Weak JFR Old Object Samples    Min:  0.0, Avg:  0.0, Max:  0.0, Diff:  0.0, Sum:  0.0, Workers: 4
[211.865s][debug][gc,phases      ] GC(177)     Dead                           Min: 0, Avg:  0.0, Max: 0, Diff: 0, Sum: 0, Workers: 4
[211.865s][debug][gc,phases      ] GC(177)     Total                          Min: 0, Avg:  0.0, Max: 0, Diff: 0, Sum: 0, Workers: 4
[211.865s][debug][gc,phases      ] GC(177) Weak Processing 0.323ms
[211.865s][debug][gc,age         ] GC(177) Desired survivor size 244842496 bytes, new threshold 15 (max threshold 15)
[211.865s][info ][gc,heap        ] GC(177) PSYoungGen: 1798288K(1798656K)->173632K(1856000K) Eden: 1627136K(1627136K)->0K(1618944K) From: 171152K(171520K)->173632K(237056K)
[211.865s][info ][gc,heap        ] GC(177) ParOldGen: 657976K(776704K)->666664K(776704K)
[211.865s][info ][gc,metaspace   ] GC(177) Metaspace: 85728K(86656K)->85728K(86656K) NonClass: 73812K(74304K)->73812K(74304K) Class: 11915K(12352K)->11915K(12352K)
[211.865s][info ][gc             ] GC(177) Pause Young (Allocation Failure) 2398M->820M(2571M) 39.076ms
[211.865s][info ][gc,cpu         ] GC(177) User=0.16s Sys=0.00s Real=0.04s
[211.865s][info ][safepoint      ] Safepoint "ParallelGCFailedAllocation", Time since last: 309146211 ns, Reaching safepoint: 107707 ns, At safepoint: 39169756 ns, Total: 39277463 ns
[212.865s][info ][safepoint      ] Safepoint "Cleanup", Time since last: 1000081019 ns, Reaching safepoint: 159709 ns, At safepoint: 12401 ns, Total: 172110 ns
[213.150s][info ][gc,start       ] GC(178) Pause Young (Allocation Failure)
[213.189s][debug][gc,phases      ] GC(178) Scavenge 39.131ms
[213.189s][debug][gc,ref         ] GC(178) Skipped phase 1 of Reference Processing: no references
[213.189s][debug][gc,ref         ] GC(178) ReferenceProcessor::execute queues: 1, RefProcThreadModel::Single, marks_oops_alive: false
[213.189s][debug][gc,ref         ] GC(178) Skipped phase 3 of Reference Processing: no references
[213.189s][debug][gc,ref         ] GC(178) ReferenceProcessor::execute queues: 1, RefProcThreadModel::Single, marks_oops_alive: false
[213.189s][debug][gc,phases      ] GC(178) Reference Processing 0.194ms
[213.190s][debug][gc,phases      ] GC(178)   VM Weak                        Min:  0.0, Avg:  0.0, Max:  0.0, Diff:  0.0, Sum:  0.0, Workers: 4
[213.190s][debug][gc,phases      ] GC(178)     Dead                           Min: 0, Avg:  0.0, Max: 0, Diff: 0, Sum: 0, Workers: 4
[213.190s][debug][gc,phases      ] GC(178)     Total                          Min: 0, Avg: 181.2, Max: 640, Diff: 640, Sum: 725, Workers: 4
[213.190s][debug][gc,phases      ] GC(178)   ObjectSynchronizer Weak        Min:  0.0, Avg:  0.0, Max:  0.0, Diff:  0.0, Sum:  0.0, Workers: 4
[213.190s][debug][gc,phases      ] GC(178)     Dead                           Min: 0, Avg:  0.0, Max: 0, Diff: 0, Sum: 0, Workers: 4
[213.190s][debug][gc,phases      ] GC(178)     Total                          Min: 0, Avg: 139.2, Max: 365, Diff: 365, Sum: 557, Workers: 4
[213.190s][debug][gc,phases      ] GC(178)   JVMTI Tag Weak OopStorage      Min:  0.0, Avg:  0.0, Max:  0.0, Diff:  0.0, Sum:  0.0, Workers: 4
[213.190s][debug][gc,phases      ] GC(178)     Dead                           Min: 0, Avg:  0.0, Max: 0, Diff: 0, Sum: 0, Workers: 4
[213.190s][debug][gc,phases      ] GC(178)     Total                          Min: 0, Avg:  0.0, Max: 0, Diff: 0, Sum: 0, Workers: 4
[213.190s][debug][gc,phases      ] GC(178)   StringTable Weak               Min:  0.1, Avg:  0.1, Max:  0.1, Diff:  0.0, Sum:  0.5, Workers: 4
[213.190s][debug][gc,phases      ] GC(178)     Dead                           Min: 0, Avg:  0.0, Max: 0, Diff: 0, Sum: 0, Workers: 4
[213.190s][debug][gc,phases      ] GC(178)     Total                          Min: 11328, Avg: 12137.8, Max: 12775, Diff: 1447, Sum: 48551, Workers: 4
[213.190s][debug][gc,phases      ] GC(178)   ResolvedMethodTable Weak       Min:  0.0, Avg:  0.0, Max:  0.0, Diff:  0.0, Sum:  0.1, Workers: 4
[213.190s][debug][gc,phases      ] GC(178)     Dead                           Min: 0, Avg:  0.0, Max: 0, Diff: 0, Sum: 0, Workers: 4
[213.190s][debug][gc,phases      ] GC(178)     Total                          Min: 2176, Avg: 2214.2, Max: 2265, Diff: 89, Sum: 8857, Workers: 4
[213.190s][debug][gc,phases      ] GC(178)   JNI Weak                       Min:  0.0, Avg:  0.0, Max:  0.0, Diff:  0.0, Sum:  0.0, Workers: 4
[213.190s][debug][gc,phases      ] GC(178)     Dead                           Min: 0, Avg:  0.0, Max: 0, Diff: 0, Sum: 0, Workers: 4
[213.190s][debug][gc,phases      ] GC(178)     Total                          Min: 0, Avg:  0.2, Max: 1, Diff: 1, Sum: 1, Workers: 4
[213.190s][debug][gc,phases      ] GC(178)   StringDedup Table Weak         Min:  0.0, Avg:  0.0, Max:  0.0, Diff:  0.0, Sum:  0.0, Workers: 4
[213.190s][debug][gc,phases      ] GC(178)     Dead                           Min: 0, Avg:  0.0, Max: 0, Diff: 0, Sum: 0, Workers: 4
[213.190s][debug][gc,phases      ] GC(178)     Total                          Min: 0, Avg:  0.0, Max: 0, Diff: 0, Sum: 0, Workers: 4
[213.190s][debug][gc,phases      ] GC(178)   StringDedup Requests0 Weak     Min:  0.0, Avg:  0.0, Max:  0.0, Diff:  0.0, Sum:  0.0, Workers: 4
[213.190s][debug][gc,phases      ] GC(178)     Dead                           Min: 0, Avg:  0.0, Max: 0, Diff: 0, Sum: 0, Workers: 4
[213.190s][debug][gc,phases      ] GC(178)     Total                          Min: 0, Avg:  0.0, Max: 0, Diff: 0, Sum: 0, Workers: 4
[213.190s][debug][gc,phases      ] GC(178)   StringDedup Requests1 Weak     Min:  0.0, Avg:  0.0, Max:  0.0, Diff:  0.0, Sum:  0.0, Workers: 4
[213.190s][debug][gc,phases      ] GC(178)     Dead                           Min: 0, Avg:  0.0, Max: 0, Diff: 0, Sum: 0, Workers: 4
[213.190s][debug][gc,phases      ] GC(178)     Total                          Min: 0, Avg:  0.0, Max: 0, Diff: 0, Sum: 0, Workers: 4
[213.190s][debug][gc,phases      ] GC(178)   Weak JFR Old Object Samples    Min:  0.0, Avg:  0.0, Max:  0.0, Diff:  0.0, Sum:  0.0, Workers: 4
[213.190s][debug][gc,phases      ] GC(178)     Dead                           Min: 0, Avg:  0.0, Max: 0, Diff: 0, Sum: 0, Workers: 4
[213.190s][debug][gc,phases      ] GC(178)     Total                          Min: 0, Avg:  0.0, Max: 0, Diff: 0, Sum: 0, Workers: 4
[213.190s][debug][gc,phases      ] GC(178) Weak Processing 0.408ms
[213.190s][debug][gc,age         ] GC(178) Desired survivor size 241696768 bytes, new threshold 15 (max threshold 15)
[213.190s][info ][gc,heap        ] GC(178) PSYoungGen: 1792576K(1856000K)->162095K(1858048K) Eden: 1618944K(1618944K)->0K(1618944K) From: 173632K(237056K)->162095K(239104K)
[213.190s][info ][gc,heap        ] GC(178) ParOldGen: 666664K(776704K)->687652K(776704K)
[213.190s][info ][gc,metaspace   ] GC(178) Metaspace: 85731K(86656K)->85731K(86656K) NonClass: 73816K(74304K)->73816K(74304K) Class: 11915K(12352K)->11915K(12352K)
[213.190s][info ][gc             ] GC(178) Pause Young (Allocation Failure) 2401M->829M(2573M) 39.895ms
[213.190s][info ][gc,cpu         ] GC(178) User=0.16s Sys=0.00s Real=0.04s
[213.190s][info ][safepoint      ] Safepoint "ParallelGCFailedAllocation", Time since last: 284885513 ns, Reaching safepoint: 126507 ns, At safepoint: 40030007 ns, Total: 40156514 ns
[214.190s][info ][safepoint      ] Safepoint "Cleanup", Time since last: 1000101719 ns, Reaching safepoint: 152009 ns, At safepoint: 13200 ns, Total: 165209 ns
[214.299s][info ][gc,start       ] GC(179) Pause Young (Allocation Failure)
[214.338s][debug][gc,phases      ] GC(179) Scavenge 38.862ms
[214.338s][debug][gc,ref         ] GC(179) Skipped phase 1 of Reference Processing: no references
[214.338s][debug][gc,ref         ] GC(179) ReferenceProcessor::execute queues: 1, RefProcThreadModel::Single, marks_oops_alive: false
[214.338s][debug][gc,ref         ] GC(179) Skipped phase 3 of Reference Processing: no references
[214.338s][debug][gc,ref         ] GC(179) ReferenceProcessor::execute queues: 1, RefProcThreadModel::Single, marks_oops_alive: false
[214.338s][debug][gc,phases      ] GC(179) Reference Processing 0.200ms
[214.339s][debug][gc,phases      ] GC(179)   VM Weak                        Min:  0.0, Avg:  0.0, Max:  0.0, Diff:  0.0, Sum:  0.0, Workers: 4
[214.339s][debug][gc,phases      ] GC(179)     Dead                           Min: 0, Avg:  0.0, Max: 0, Diff: 0, Sum: 0, Workers: 4
[214.339s][debug][gc,phases      ] GC(179)     Total                          Min: 0, Avg: 181.2, Max: 725, Diff: 725, Sum: 725, Workers: 4
[214.339s][debug][gc,phases      ] GC(179)   ObjectSynchronizer Weak        Min:  0.0, Avg:  0.0, Max:  0.0, Diff:  0.0, Sum:  0.0, Workers: 4
[214.339s][debug][gc,phases      ] GC(179)     Dead                           Min: 0, Avg:  0.0, Max: 0, Diff: 0, Sum: 0, Workers: 4
[214.339s][debug][gc,phases      ] GC(179)     Total                          Min: 0, Avg: 139.2, Max: 320, Diff: 320, Sum: 557, Workers: 4
[214.339s][debug][gc,phases      ] GC(179)   JVMTI Tag Weak OopStorage      Min:  0.0, Avg:  0.0, Max:  0.0, Diff:  0.0, Sum:  0.0, Workers: 4
[214.339s][debug][gc,phases      ] GC(179)     Dead                           Min: 0, Avg:  0.0, Max: 0, Diff: 0, Sum: 0, Workers: 4
[214.339s][debug][gc,phases      ] GC(179)     Total                          Min: 0, Avg:  0.0, Max: 0, Diff: 0, Sum: 0, Workers: 4
[214.339s][debug][gc,phases      ] GC(179)   StringTable Weak               Min:  0.1, Avg:  0.1, Max:  0.1, Diff:  0.0, Sum:  0.5, Workers: 4
[214.339s][debug][gc,phases      ] GC(179)     Dead                           Min: 0, Avg:  0.0, Max: 0, Diff: 0, Sum: 0, Workers: 4
[214.339s][debug][gc,phases      ] GC(179)     Total                          Min: 11243, Avg: 12138.8, Max: 12992, Diff: 1749, Sum: 48555, Workers: 4
[214.339s][debug][gc,phases      ] GC(179)   ResolvedMethodTable Weak       Min:  0.0, Avg:  0.0, Max:  0.0, Diff:  0.0, Sum:  0.1, Workers: 4
[214.339s][debug][gc,phases      ] GC(179)     Dead                           Min: 0, Avg:  0.0, Max: 0, Diff: 0, Sum: 0, Workers: 4
[214.339s][debug][gc,phases      ] GC(179)     Total                          Min: 1664, Avg: 2214.2, Max: 2457, Diff: 793, Sum: 8857, Workers: 4
[214.339s][debug][gc,phases      ] GC(179)   JNI Weak                       Min:  0.0, Avg:  0.0, Max:  0.0, Diff:  0.0, Sum:  0.0, Workers: 4
[214.339s][debug][gc,phases      ] GC(179)     Dead                           Min: 0, Avg:  0.0, Max: 0, Diff: 0, Sum: 0, Workers: 4
[214.339s][debug][gc,phases      ] GC(179)     Total                          Min: 0, Avg:  0.0, Max: 0, Diff: 0, Sum: 0, Workers: 4
[214.339s][debug][gc,phases      ] GC(179)   StringDedup Table Weak         Min:  0.0, Avg:  0.0, Max:  0.0, Diff:  0.0, Sum:  0.0, Workers: 4
[214.339s][debug][gc,phases      ] GC(179)     Dead                           Min: 0, Avg:  0.0, Max: 0, Diff: 0, Sum: 0, Workers: 4
[214.339s][debug][gc,phases      ] GC(179)     Total                          Min: 0, Avg:  0.0, Max: 0, Diff: 0, Sum: 0, Workers: 4
[214.339s][debug][gc,phases      ] GC(179)   StringDedup Requests0 Weak     Min:  0.0, Avg:  0.0, Max:  0.0, Diff:  0.0, Sum:  0.0, Workers: 4
[214.339s][debug][gc,phases      ] GC(179)     Dead                           Min: 0, Avg:  0.0, Max: 0, Diff: 0, Sum: 0, Workers: 4
[214.339s][debug][gc,phases      ] GC(179)     Total                          Min: 0, Avg:  0.0, Max: 0, Diff: 0, Sum: 0, Workers: 4
[214.339s][debug][gc,phases      ] GC(179)   StringDedup Requests1 Weak     Min:  0.0, Avg:  0.0, Max:  0.0, Diff:  0.0, Sum:  0.0, Workers: 4
[214.339s][debug][gc,phases      ] GC(179)     Dead                           Min: 0, Avg:  0.0, Max: 0, Diff: 0, Sum: 0, Workers: 4
[214.339s][debug][gc,phases      ] GC(179)     Total                          Min: 0, Avg:  0.0, Max: 0, Diff: 0, Sum: 0, Workers: 4
[214.339s][debug][gc,phases      ] GC(179)   Weak JFR Old Object Samples    Min:  0.0, Avg:  0.0, Max:  0.0, Diff:  0.0, Sum:  0.0, Workers: 4
[214.339s][debug][gc,phases      ] GC(179)     Dead                           Min: 0, Avg:  0.0, Max: 0, Diff: 0, Sum: 0, Workers: 4
[214.339s][debug][gc,phases      ] GC(179)     Total                          Min: 0, Avg:  0.0, Max: 0, Diff: 0, Sum: 0, Workers: 4
[214.339s][debug][gc,phases      ] GC(179) Weak Processing 0.340ms
[214.339s][debug][gc,age         ] GC(179) Desired survivor size 234356736 bytes, new threshold 15 (max threshold 15)
[214.339s][info ][gc,heap        ] GC(179) PSYoungGen: 1781039K(1858048K)->152600K(1868288K) Eden: 1618944K(1618944K)->0K(1632256K) From: 162095K(239104K)->152600K(236032K)
[214.339s][info ][gc,heap        ] GC(179) ParOldGen: 687652K(776704K)->706616K(776704K)
[214.339s][info ][gc,metaspace   ] GC(179) Metaspace: 85732K(86656K)->85732K(86656K) NonClass: 73816K(74304K)->73816K(74304K) Class: 11915K(12352K)->11915K(12352K)
[214.339s][info ][gc             ] GC(179) Pause Young (Allocation Failure) 2410M->839M(2583M) 39.557ms
[214.339s][info ][gc,cpu         ] GC(179) User=0.16s Sys=0.00s Real=0.04s
[214.339s][info ][safepoint      ] Safepoint "ParallelGCFailedAllocation", Time since last: 108799569 ns, Reaching safepoint: 124207 ns, At safepoint: 39662085 ns, Total: 39786292 ns
[215.339s][info ][safepoint      ] Safepoint "Cleanup", Time since last: 1000088518 ns, Reaching safepoint: 118907 ns, At safepoint: 8300 ns, Total: 127207 ns
[215.437s][info ][gc,start       ] GC(180) Pause Young (Allocation Failure)
[215.473s][debug][gc,phases      ] GC(180) Scavenge 35.496ms
[215.473s][debug][gc,ref         ] GC(180) Skipped phase 1 of Reference Processing: no references
[215.473s][debug][gc,ref         ] GC(180) ReferenceProcessor::execute queues: 1, RefProcThreadModel::Single, marks_oops_alive: false
[215.473s][debug][gc,ref         ] GC(180) Skipped phase 3 of Reference Processing: no references
[215.473s][debug][gc,ref         ] GC(180) ReferenceProcessor::execute queues: 1, RefProcThreadModel::Single, marks_oops_alive: false
[215.473s][debug][gc,phases      ] GC(180) Reference Processing 0.174ms
[215.473s][debug][gc,phases      ] GC(180)   VM Weak                        Min:  0.0, Avg:  0.0, Max:  0.0, Diff:  0.0, Sum:  0.0, Workers: 4
[215.473s][debug][gc,phases      ] GC(180)     Dead                           Min: 0, Avg:  0.0, Max: 0, Diff: 0, Sum: 0, Workers: 4
[215.473s][debug][gc,phases      ] GC(180)     Total                          Min: 0, Avg: 182.2, Max: 512, Diff: 512, Sum: 729, Workers: 4
[215.473s][debug][gc,phases      ] GC(180)   ObjectSynchronizer Weak        Min:  0.0, Avg:  0.0, Max:  0.0, Diff:  0.0, Sum:  0.0, Workers: 4
[215.473s][debug][gc,phases      ] GC(180)     Dead                           Min: 0, Avg:  0.0, Max: 0, Diff: 0, Sum: 0, Workers: 4
[215.473s][debug][gc,phases      ] GC(180)     Total                          Min: 0, Avg: 139.2, Max: 320, Diff: 320, Sum: 557, Workers: 4
[215.473s][debug][gc,phases      ] GC(180)   JVMTI Tag Weak OopStorage      Min:  0.0, Avg:  0.0, Max:  0.0, Diff:  0.0, Sum:  0.0, Workers: 4
[215.473s][debug][gc,phases      ] GC(180)     Dead                           Min: 0, Avg:  0.0, Max: 0, Diff: 0, Sum: 0, Workers: 4
[215.473s][debug][gc,phases      ] GC(180)     Total                          Min: 0, Avg:  0.0, Max: 0, Diff: 0, Sum: 0, Workers: 4
[215.473s][debug][gc,phases      ] GC(180)   StringTable Weak               Min:  0.1, Avg:  0.1, Max:  0.1, Diff:  0.0, Sum:  0.5, Workers: 4
[215.473s][debug][gc,phases      ] GC(180)     Dead                           Min: 0, Avg:  0.0, Max: 0, Diff: 0, Sum: 0, Workers: 4
[215.473s][debug][gc,phases      ] GC(180)     Total                          Min: 11712, Avg: 12139.2, Max: 12544, Diff: 832, Sum: 48557, Workers: 4
[215.473s][debug][gc,phases      ] GC(180)   ResolvedMethodTable Weak       Min:  0.0, Avg:  0.0, Max:  0.0, Diff:  0.0, Sum:  0.1, Workers: 4
[215.473s][debug][gc,phases      ] GC(180)     Dead                           Min: 0, Avg:  0.0, Max: 0, Diff: 0, Sum: 0, Workers: 4
[215.473s][debug][gc,phases      ] GC(180)     Total                          Min: 1984, Avg: 2216.8, Max: 2368, Diff: 384, Sum: 8867, Workers: 4
[215.473s][debug][gc,phases      ] GC(180)   JNI Weak                       Min:  0.0, Avg:  0.0, Max:  0.0, Diff:  0.0, Sum:  0.0, Workers: 4
[215.473s][debug][gc,phases      ] GC(180)     Dead                           Min: 0, Avg:  0.0, Max: 0, Diff: 0, Sum: 0, Workers: 4
[215.473s][debug][gc,phases      ] GC(180)     Total                          Min: 0, Avg:  0.0, Max: 0, Diff: 0, Sum: 0, Workers: 4
[215.473s][debug][gc,phases      ] GC(180)   StringDedup Table Weak         Min:  0.0, Avg:  0.0, Max:  0.0, Diff:  0.0, Sum:  0.0, Workers: 4
[215.473s][debug][gc,phases      ] GC(180)     Dead                           Min: 0, Avg:  0.0, Max: 0, Diff: 0, Sum: 0, Workers: 4
[215.473s][debug][gc,phases      ] GC(180)     Total                          Min: 0, Avg:  0.0, Max: 0, Diff: 0, Sum: 0, Workers: 4
[215.473s][debug][gc,phases      ] GC(180)   StringDedup Requests0 Weak     Min:  0.0, Avg:  0.0, Max:  0.0, Diff:  0.0, Sum:  0.0, Workers: 4
[215.473s][debug][gc,phases      ] GC(180)     Dead                           Min: 0, Avg:  0.0, Max: 0, Diff: 0, Sum: 0, Workers: 4
[215.473s][debug][gc,phases      ] GC(180)     Total                          Min: 0, Avg:  0.0, Max: 0, Diff: 0, Sum: 0, Workers: 4
[215.473s][debug][gc,phases      ] GC(180)   StringDedup Requests1 Weak     Min:  0.0, Avg:  0.0, Max:  0.0, Diff:  0.0, Sum:  0.0, Workers: 4
[215.473s][debug][gc,phases      ] GC(180)     Dead                           Min: 0, Avg:  0.0, Max: 0, Diff: 0, Sum: 0, Workers: 4
[215.473s][debug][gc,phases      ] GC(180)     Total                          Min: 0, Avg:  0.0, Max: 0, Diff: 0, Sum: 0, Workers: 4
[215.473s][debug][gc,phases      ] GC(180)   Weak JFR Old Object Samples    Min:  0.0, Avg:  0.0, Max:  0.0, Diff:  0.0, Sum:  0.0, Workers: 4
[215.473s][debug][gc,phases      ] GC(180)     Dead                           Min: 0, Avg:  0.0, Max: 0, Diff: 0, Sum: 0, Workers: 4
[215.473s][debug][gc,phases      ] GC(180)     Total                          Min: 0, Avg:  0.0, Max: 0, Diff: 0, Sum: 0, Workers: 4
[215.473s][debug][gc,phases      ] GC(180) Weak Processing 0.351ms
[215.473s][debug][gc,age         ] GC(180) Desired survivor size 226492416 bytes, new threshold 15 (max threshold 15)
[215.473s][info ][gc,heap        ] GC(180) PSYoungGen: 1784856K(1868288K)->148198K(1861120K) Eden: 1632256K(1632256K)->0K(1632256K) From: 152600K(236032K)->148198K(228864K)
[215.473s][info ][gc,heap        ] GC(180) ParOldGen: 706616K(776704K)->717050K(776704K)
[215.473s][info ][gc,metaspace   ] GC(180) Metaspace: 85748K(86720K)->85748K(86720K) NonClass: 73830K(74368K)->73830K(74368K) Class: 11918K(12352K)->11918K(12352K)
[215.473s][info ][gc             ] GC(180) Pause Young (Allocation Failure) 2433M->844M(2576M) 36.164ms
[215.473s][info ][gc,cpu         ] GC(180) User=0.14s Sys=0.00s Real=0.03s
[215.473s][info ][safepoint      ] Safepoint "ParallelGCFailedAllocation", Time since last: 97811935 ns, Reaching safepoint: 113507 ns, At safepoint: 36254689 ns, Total: 36368196 ns
[216.473s][info ][safepoint      ] Safepoint "Cleanup", Time since last: 1000086917 ns, Reaching safepoint: 127407 ns, At safepoint: 16501 ns, Total: 143908 ns
[216.754s][info ][gc,start       ] GC(181) Pause Young (Allocation Failure)
[216.790s][debug][gc,phases      ] GC(181) Scavenge 35.411ms
[216.790s][debug][gc,ref         ] GC(181) Skipped phase 1 of Reference Processing: no references
[216.790s][debug][gc,ref         ] GC(181) ReferenceProcessor::execute queues: 1, RefProcThreadModel::Single, marks_oops_alive: false
[216.790s][debug][gc,ref         ] GC(181) Skipped phase 3 of Reference Processing: no references
[216.790s][debug][gc,ref         ] GC(181) ReferenceProcessor::execute queues: 1, RefProcThreadModel::Single, marks_oops_alive: false
[216.790s][debug][gc,phases      ] GC(181) Reference Processing 0.191ms
[216.790s][debug][gc,phases      ] GC(181)   VM Weak                        Min:  0.0, Avg:  0.0, Max:  0.0, Diff:  0.0, Sum:  0.0, Workers: 4
[216.790s][debug][gc,phases      ] GC(181)     Dead                           Min: 0, Avg:  0.0, Max: 0, Diff: 0, Sum: 0, Workers: 4
[216.790s][debug][gc,phases      ] GC(181)     Total                          Min: 0, Avg: 182.2, Max: 384, Diff: 384, Sum: 729, Workers: 4
[216.790s][debug][gc,phases      ] GC(181)   ObjectSynchronizer Weak        Min:  0.0, Avg:  0.0, Max:  0.0, Diff:  0.0, Sum:  0.0, Workers: 4
[216.790s][debug][gc,phases      ] GC(181)     Dead                           Min: 0, Avg:  0.0, Max: 0, Diff: 0, Sum: 0, Workers: 4
[216.790s][debug][gc,phases      ] GC(181)     Total                          Min: 0, Avg: 139.2, Max: 256, Diff: 256, Sum: 557, Workers: 4
[216.790s][debug][gc,phases      ] GC(181)   JVMTI Tag Weak OopStorage      Min:  0.0, Avg:  0.0, Max:  0.0, Diff:  0.0, Sum:  0.0, Workers: 4
[216.790s][debug][gc,phases      ] GC(181)     Dead                           Min: 0, Avg:  0.0, Max: 0, Diff: 0, Sum: 0, Workers: 4
[216.790s][debug][gc,phases      ] GC(181)     Total                          Min: 0, Avg:  0.0, Max: 0, Diff: 0, Sum: 0, Workers: 4
[216.790s][debug][gc,phases      ] GC(181)   StringTable Weak               Min:  0.1, Avg:  0.1, Max:  0.1, Diff:  0.0, Sum:  0.5, Workers: 4
[216.790s][debug][gc,phases      ] GC(181)     Dead                           Min: 0, Avg:  0.5, Max: 2, Diff: 2, Sum: 2, Workers: 4
[216.790s][debug][gc,phases      ] GC(181)     Total                          Min: 11648, Avg: 12143.8, Max: 13504, Diff: 1856, Sum: 48575, Workers: 4
[216.790s][debug][gc,phases      ] GC(181)   ResolvedMethodTable Weak       Min:  0.0, Avg:  0.0, Max:  0.0, Diff:  0.0, Sum:  0.1, Workers: 4
[216.790s][debug][gc,phases      ] GC(181)     Dead                           Min: 0, Avg:  0.0, Max: 0, Diff: 0, Sum: 0, Workers: 4
[216.790s][debug][gc,phases      ] GC(181)     Total                          Min: 1902, Avg: 2219.5, Max: 2560, Diff: 658, Sum: 8878, Workers: 4
[216.790s][debug][gc,phases      ] GC(181)   JNI Weak                       Min:  0.0, Avg:  0.0, Max:  0.0, Diff:  0.0, Sum:  0.0, Workers: 4
[216.790s][debug][gc,phases      ] GC(181)     Dead                           Min: 0, Avg:  0.0, Max: 0, Diff: 0, Sum: 0, Workers: 4
[216.790s][debug][gc,phases      ] GC(181)     Total                          Min: 0, Avg:  0.0, Max: 0, Diff: 0, Sum: 0, Workers: 4
[216.790s][debug][gc,phases      ] GC(181)   StringDedup Table Weak         Min:  0.0, Avg:  0.0, Max:  0.0, Diff:  0.0, Sum:  0.0, Workers: 4
[216.790s][debug][gc,phases      ] GC(181)     Dead                           Min: 0, Avg:  0.0, Max: 0, Diff: 0, Sum: 0, Workers: 4
[216.790s][debug][gc,phases      ] GC(181)     Total                          Min: 0, Avg:  0.0, Max: 0, Diff: 0, Sum: 0, Workers: 4
[216.790s][debug][gc,phases      ] GC(181)   StringDedup Requests0 Weak     Min:  0.0, Avg:  0.0, Max:  0.0, Diff:  0.0, Sum:  0.0, Workers: 4
[216.790s][debug][gc,phases      ] GC(181)     Dead                           Min: 0, Avg:  0.0, Max: 0, Diff: 0, Sum: 0, Workers: 4
[216.790s][debug][gc,phases      ] GC(181)     Total                          Min: 0, Avg:  0.0, Max: 0, Diff: 0, Sum: 0, Workers: 4
[216.790s][debug][gc,phases      ] GC(181)   StringDedup Requests1 Weak     Min:  0.0, Avg:  0.0, Max:  0.0, Diff:  0.0, Sum:  0.0, Workers: 4
[216.790s][debug][gc,phases      ] GC(181)     Dead                           Min: 0, Avg:  0.0, Max: 0, Diff: 0, Sum: 0, Workers: 4
[216.790s][debug][gc,phases      ] GC(181)     Total                          Min: 0, Avg:  0.0, Max: 0, Diff: 0, Sum: 0, Workers: 4
[216.790s][debug][gc,phases      ] GC(181)   Weak JFR Old Object Samples    Min:  0.0, Avg:  0.0, Max:  0.0, Diff:  0.0, Sum:  0.0, Workers: 4
[216.790s][debug][gc,phases      ] GC(181)     Dead                           Min: 0, Avg:  0.0, Max: 0, Diff: 0, Sum: 0, Workers: 4
[216.790s][debug][gc,phases      ] GC(181)     Total                          Min: 0, Avg:  0.0, Max: 0, Diff: 0, Sum: 0, Workers: 4
[216.790s][debug][gc,phases      ] GC(181) Weak Processing 0.377ms
[216.790s][debug][gc,age         ] GC(181) Desired survivor size 219152384 bytes, new threshold 15 (max threshold 15)
[216.791s][info ][gc,heap        ] GC(181) PSYoungGen: 1780454K(1861120K)->146485K(1883136K) Eden: 1632256K(1632256K)->0K(1661952K) From: 148198K(228864K)->146485K(221184K)
[216.791s][info ][gc,heap        ] GC(181) ParOldGen: 717050K(776704K)->725009K(776704K)
[216.791s][info ][gc,metaspace   ] GC(181) Metaspace: 85867K(86784K)->85867K(86784K) NonClass: 73935K(74432K)->73935K(74432K) Class: 11932K(12352K)->11932K(12352K)
[216.791s][info ][gc             ] GC(181) Pause Young (Allocation Failure) 2438M->851M(2597M) 36.147ms
[216.791s][info ][gc,cpu         ] GC(181) User=0.13s Sys=0.01s Real=0.03s
[216.791s][info ][safepoint      ] Safepoint "ParallelGCFailedAllocation", Time since last: 280743074 ns, Reaching safepoint: 134708 ns, At safepoint: 36264189 ns, Total: 36398897 ns
[217.791s][info ][safepoint      ] Safepoint "Cleanup", Time since last: 1000089417 ns, Reaching safepoint: 146409 ns, At safepoint: 11500 ns, Total: 157909 ns
[218.791s][info ][safepoint      ] Safepoint "Cleanup", Time since last: 1000089717 ns, Reaching safepoint: 47403 ns, At safepoint: 3100 ns, Total: 50503 ns
[219.285s][info ][gc,start       ] GC(182) Pause Young (Allocation Failure)
[219.317s][debug][gc,phases      ] GC(182) Scavenge 32.435ms
[219.317s][debug][gc,ref         ] GC(182) Skipped phase 1 of Reference Processing: no references
[219.317s][debug][gc,ref         ] GC(182) ReferenceProcessor::execute queues: 1, RefProcThreadModel::Single, marks_oops_alive: false
[219.317s][debug][gc,ref         ] GC(182) Skipped phase 3 of Reference Processing: no references
[219.317s][debug][gc,ref         ] GC(182) ReferenceProcessor::execute queues: 1, RefProcThreadModel::Single, marks_oops_alive: false
[219.317s][debug][gc,phases      ] GC(182) Reference Processing 0.167ms
[219.318s][debug][gc,phases      ] GC(182)   VM Weak                        Min:  0.0, Avg:  0.0, Max:  0.0, Diff:  0.0, Sum:  0.0, Workers: 4
[219.318s][debug][gc,phases      ] GC(182)     Dead                           Min: 0, Avg:  0.0, Max: 0, Diff: 0, Sum: 0, Workers: 4
[219.318s][debug][gc,phases      ] GC(182)     Total                          Min: 0, Avg: 182.2, Max: 384, Diff: 384, Sum: 729, Workers: 4
[219.318s][debug][gc,phases      ] GC(182)   ObjectSynchronizer Weak        Min:  0.0, Avg:  0.0, Max:  0.0, Diff:  0.0, Sum:  0.0, Workers: 4
[219.318s][debug][gc,phases      ] GC(182)     Dead                           Min: 0, Avg:  0.0, Max: 0, Diff: 0, Sum: 0, Workers: 4
[219.318s][debug][gc,phases      ] GC(182)     Total                          Min: 0, Avg: 139.2, Max: 301, Diff: 301, Sum: 557, Workers: 4
[219.318s][debug][gc,phases      ] GC(182)   JVMTI Tag Weak OopStorage      Min:  0.0, Avg:  0.0, Max:  0.0, Diff:  0.0, Sum:  0.0, Workers: 4
[219.318s][debug][gc,phases      ] GC(182)     Dead                           Min: 0, Avg:  0.0, Max: 0, Diff: 0, Sum: 0, Workers: 4
[219.318s][debug][gc,phases      ] GC(182)     Total                          Min: 0, Avg:  0.0, Max: 0, Diff: 0, Sum: 0, Workers: 4
[219.318s][debug][gc,phases      ] GC(182)   StringTable Weak               Min:  0.1, Avg:  0.1, Max:  0.1, Diff:  0.0, Sum:  0.5, Workers: 4
[219.318s][debug][gc,phases      ] GC(182)     Dead                           Min: 0, Avg:  0.0, Max: 0, Diff: 0, Sum: 0, Workers: 4
[219.318s][debug][gc,phases      ] GC(182)     Total                          Min: 11584, Avg: 12146.2, Max: 12873, Diff: 1289, Sum: 48585, Workers: 4
[219.318s][debug][gc,phases      ] GC(182)   ResolvedMethodTable Weak       Min:  0.0, Avg:  0.0, Max:  0.0, Diff:  0.0, Sum:  0.1, Workers: 4
[219.318s][debug][gc,phases      ] GC(182)     Dead                           Min: 0, Avg:  0.0, Max: 0, Diff: 0, Sum: 0, Workers: 4
[219.318s][debug][gc,phases      ] GC(182)     Total                          Min: 1856, Avg: 2219.5, Max: 2414, Diff: 558, Sum: 8878, Workers: 4
[219.318s][debug][gc,phases      ] GC(182)   JNI Weak                       Min:  0.0, Avg:  0.0, Max:  0.0, Diff:  0.0, Sum:  0.0, Workers: 4
[219.318s][debug][gc,phases      ] GC(182)     Dead                           Min: 0, Avg:  0.0, Max: 0, Diff: 0, Sum: 0, Workers: 4
[219.318s][debug][gc,phases      ] GC(182)     Total                          Min: 0, Avg:  0.0, Max: 0, Diff: 0, Sum: 0, Workers: 4
[219.318s][debug][gc,phases      ] GC(182)   StringDedup Table Weak         Min:  0.0, Avg:  0.0, Max:  0.0, Diff:  0.0, Sum:  0.0, Workers: 4
[219.318s][debug][gc,phases      ] GC(182)     Dead                           Min: 0, Avg:  0.0, Max: 0, Diff: 0, Sum: 0, Workers: 4
[219.318s][debug][gc,phases      ] GC(182)     Total                          Min: 0, Avg:  0.0, Max: 0, Diff: 0, Sum: 0, Workers: 4
[219.318s][debug][gc,phases      ] GC(182)   StringDedup Requests0 Weak     Min:  0.0, Avg:  0.0, Max:  0.0, Diff:  0.0, Sum:  0.0, Workers: 4
[219.318s][debug][gc,phases      ] GC(182)     Dead                           Min: 0, Avg:  0.0, Max: 0, Diff: 0, Sum: 0, Workers: 4
[219.318s][debug][gc,phases      ] GC(182)     Total                          Min: 0, Avg:  0.0, Max: 0, Diff: 0, Sum: 0, Workers: 4
[219.318s][debug][gc,phases      ] GC(182)   StringDedup Requests1 Weak     Min:  0.0, Avg:  0.0, Max:  0.0, Diff:  0.0, Sum:  0.0, Workers: 4
[219.318s][debug][gc,phases      ] GC(182)     Dead                           Min: 0, Avg:  0.0, Max: 0, Diff: 0, Sum: 0, Workers: 4
[219.318s][debug][gc,phases      ] GC(182)     Total                          Min: 0, Avg:  0.0, Max: 0, Diff: 0, Sum: 0, Workers: 4
[219.318s][debug][gc,phases      ] GC(182)   Weak JFR Old Object Samples    Min:  0.0, Avg:  0.0, Max:  0.0, Diff:  0.0, Sum:  0.0, Workers: 4
[219.318s][debug][gc,phases      ] GC(182)     Dead                           Min: 0, Avg:  0.0, Max: 0, Diff: 0, Sum: 0, Workers: 4
[219.318s][debug][gc,phases      ] GC(182)     Total                          Min: 0, Avg:  0.0, Max: 0, Diff: 0, Sum: 0, Workers: 4
[219.318s][debug][gc,phases      ] GC(182) Weak Processing 0.346ms
[219.318s][debug][gc,age         ] GC(182) Desired survivor size 212860928 bytes, new threshold 15 (max threshold 15)
[219.318s][info ][gc,heap        ] GC(182) PSYoungGen: 1808437K(1883136K)->145557K(1875968K) Eden: 1661952K(1661952K)->0K(1661952K) From: 146485K(221184K)->145557K(214016K)
[219.318s][info ][gc,heap        ] GC(182) ParOldGen: 725009K(776704K)->732018K(776704K)
[219.318s][info ][gc,metaspace   ] GC(182) Metaspace: 85876K(86784K)->85876K(86784K) NonClass: 73943K(74432K)->73943K(74432K) Class: 11932K(12352K)->11932K(12352K)
[219.318s][info ][gc             ] GC(182) Pause Young (Allocation Failure) 2474M->857M(2590M) 33.090ms
[219.318s][info ][gc,cpu         ] GC(182) User=0.13s Sys=0.00s Real=0.03s
[219.318s][info ][safepoint      ] Safepoint "ParallelGCFailedAllocation", Time since last: 493634439 ns, Reaching safepoint: 137208 ns, At safepoint: 33184511 ns, Total: 33321719 ns
[220.318s][info ][safepoint      ] Safepoint "Cleanup", Time since last: 1000083316 ns, Reaching safepoint: 51603 ns, At safepoint: 5600 ns, Total: 57203 ns
[221.703s][info ][safepoint      ] Safepoint "Cleanup", Time since last: 1384348253 ns, Reaching safepoint: 127607 ns, At safepoint: 15501 ns, Total: 143108 ns
[222.703s][info ][safepoint      ] Safepoint "Cleanup", Time since last: 1000103115 ns, Reaching safepoint: 46903 ns, At safepoint: 8001 ns, Total: 54904 ns
[223.703s][info ][safepoint      ] Safepoint "Cleanup", Time since last: 1000061112 ns, Reaching safepoint: 56704 ns, At safepoint: 7900 ns, Total: 64604 ns
[224.703s][info ][safepoint      ] Safepoint "Cleanup", Time since last: 1000092414 ns, Reaching safepoint: 48003 ns, At safepoint: 9200 ns, Total: 57203 ns
[225.703s][info ][safepoint      ] Safepoint "Cleanup", Time since last: 1000091314 ns, Reaching safepoint: 60203 ns, At safepoint: 9001 ns, Total: 69204 ns
[226.949s][info ][safepoint      ] Safepoint "Cleanup", Time since last: 1245955877 ns, Reaching safepoint: 48703 ns, At safepoint: 11700 ns, Total: 60403 ns
[227.949s][info ][safepoint      ] Safepoint "Cleanup", Time since last: 1000100413 ns, Reaching safepoint: 53304 ns, At safepoint: 6000 ns, Total: 59304 ns
[228.950s][info ][safepoint      ] Safepoint "Cleanup", Time since last: 1000099013 ns, Reaching safepoint: 53903 ns, At safepoint: 8800 ns, Total: 62703 ns
[229.950s][info ][safepoint      ] Safepoint "Cleanup", Time since last: 1000088312 ns, Reaching safepoint: 56103 ns, At safepoint: 4600 ns, Total: 60703 ns
[231.235s][info ][gc,start       ] GC(183) Pause Young (Allocation Failure)
[231.265s][debug][gc,phases      ] GC(183) Scavenge 30.569ms
[231.265s][debug][gc,ref         ] GC(183) Skipped phase 1 of Reference Processing: no references
[231.265s][debug][gc,ref         ] GC(183) ReferenceProcessor::execute queues: 1, RefProcThreadModel::Single, marks_oops_alive: false
[231.265s][debug][gc,ref         ] GC(183) Skipped phase 3 of Reference Processing: no references
[231.265s][debug][gc,ref         ] GC(183) ReferenceProcessor::execute queues: 1, RefProcThreadModel::Single, marks_oops_alive: false
[231.265s][debug][gc,phases      ] GC(183) Reference Processing 0.162ms
[231.266s][debug][gc,phases      ] GC(183)   VM Weak                        Min:  0.0, Avg:  0.0, Max:  0.0, Diff:  0.0, Sum:  0.0, Workers: 4
[231.266s][debug][gc,phases      ] GC(183)     Dead                           Min: 0, Avg:  0.0, Max: 0, Diff: 0, Sum: 0, Workers: 4
[231.266s][debug][gc,phases      ] GC(183)     Total                          Min: 0, Avg: 182.2, Max: 665, Diff: 665, Sum: 729, Workers: 4
[231.266s][debug][gc,phases      ] GC(183)   ObjectSynchronizer Weak        Min:  0.0, Avg:  0.0, Max:  0.0, Diff:  0.0, Sum:  0.0, Workers: 4
[231.266s][debug][gc,phases      ] GC(183)     Dead                           Min: 0, Avg:  0.0, Max: 0, Diff: 0, Sum: 0, Workers: 4
[231.266s][debug][gc,phases      ] GC(183)     Total                          Min: 0, Avg: 139.2, Max: 256, Diff: 256, Sum: 557, Workers: 4
[231.266s][debug][gc,phases      ] GC(183)   JVMTI Tag Weak OopStorage      Min:  0.0, Avg:  0.0, Max:  0.0, Diff:  0.0, Sum:  0.0, Workers: 4
[231.266s][debug][gc,phases      ] GC(183)     Dead                           Min: 0, Avg:  0.0, Max: 0, Diff: 0, Sum: 0, Workers: 4
[231.266s][debug][gc,phases      ] GC(183)     Total                          Min: 0, Avg:  0.0, Max: 0, Diff: 0, Sum: 0, Workers: 4
[231.266s][debug][gc,phases      ] GC(183)   StringTable Weak               Min:  0.1, Avg:  0.1, Max:  0.1, Diff:  0.0, Sum:  0.5, Workers: 4
[231.266s][debug][gc,phases      ] GC(183)     Dead                           Min: 0, Avg:  0.0, Max: 0, Diff: 0, Sum: 0, Workers: 4
[231.266s][debug][gc,phases      ] GC(183)     Total                          Min: 10688, Avg: 12147.2, Max: 12800, Diff: 2112, Sum: 48589, Workers: 4
[231.266s][debug][gc,phases      ] GC(183)   ResolvedMethodTable Weak       Min:  0.0, Avg:  0.0, Max:  0.0, Diff:  0.0, Sum:  0.1, Workers: 4
[231.266s][debug][gc,phases      ] GC(183)     Dead                           Min: 0, Avg:  0.0, Max: 0, Diff: 0, Sum: 0, Workers: 4
[231.266s][debug][gc,phases      ] GC(183)     Total                          Min: 1774, Avg: 2219.5, Max: 2496, Diff: 722, Sum: 8878, Workers: 4
[231.266s][debug][gc,phases      ] GC(183)   JNI Weak                       Min:  0.0, Avg:  0.0, Max:  0.0, Diff:  0.0, Sum:  0.0, Workers: 4
[231.266s][debug][gc,phases      ] GC(183)     Dead                           Min: 0, Avg:  0.0, Max: 0, Diff: 0, Sum: 0, Workers: 4
[231.266s][debug][gc,phases      ] GC(183)     Total                          Min: 0, Avg:  0.0, Max: 0, Diff: 0, Sum: 0, Workers: 4
[231.266s][debug][gc,phases      ] GC(183)   StringDedup Table Weak         Min:  0.0, Avg:  0.0, Max:  0.0, Diff:  0.0, Sum:  0.0, Workers: 4
[231.266s][debug][gc,phases      ] GC(183)     Dead                           Min: 0, Avg:  0.0, Max: 0, Diff: 0, Sum: 0, Workers: 4
[231.266s][debug][gc,phases      ] GC(183)     Total                          Min: 0, Avg:  0.0, Max: 0, Diff: 0, Sum: 0, Workers: 4
[231.266s][debug][gc,phases      ] GC(183)   StringDedup Requests0 Weak     Min:  0.0, Avg:  0.0, Max:  0.0, Diff:  0.0, Sum:  0.0, Workers: 4
[231.266s][debug][gc,phases      ] GC(183)     Dead                           Min: 0, Avg:  0.0, Max: 0, Diff: 0, Sum: 0, Workers: 4
[231.266s][debug][gc,phases      ] GC(183)     Total                          Min: 0, Avg:  0.0, Max: 0, Diff: 0, Sum: 0, Workers: 4
[231.266s][debug][gc,phases      ] GC(183)   StringDedup Requests1 Weak     Min:  0.0, Avg:  0.0, Max:  0.0, Diff:  0.0, Sum:  0.0, Workers: 4
[231.266s][debug][gc,phases      ] GC(183)     Dead                           Min: 0, Avg:  0.0, Max: 0, Diff: 0, Sum: 0, Workers: 4
[231.266s][debug][gc,phases      ] GC(183)     Total                          Min: 0, Avg:  0.0, Max: 0, Diff: 0, Sum: 0, Workers: 4
[231.266s][debug][gc,phases      ] GC(183)   Weak JFR Old Object Samples    Min:  0.0, Avg:  0.0, Max:  0.0, Diff:  0.0, Sum:  0.0, Workers: 4
[231.266s][debug][gc,phases      ] GC(183)     Dead                           Min: 0, Avg:  0.0, Max: 0, Diff: 0, Sum: 0, Workers: 4
[231.266s][debug][gc,phases      ] GC(183)     Total                          Min: 0, Avg:  0.0, Max: 0, Diff: 0, Sum: 0, Workers: 4
[231.266s][debug][gc,phases      ] GC(183) Weak Processing 0.345ms
[231.266s][debug][gc,age         ] GC(183) Desired survivor size 208142336 bytes, new threshold 15 (max threshold 15)
[231.266s][info ][gc,heap        ] GC(183) PSYoungGen: 1807509K(1875968K)->138293K(1893888K) Eden: 1661952K(1661952K)->0K(1686016K) From: 145557K(214016K)->138293K(207872K)
[231.266s][info ][gc,heap        ] GC(183) ParOldGen: 732018K(776704K)->739351K(776704K)
[231.266s][info ][gc,metaspace   ] GC(183) Metaspace: 85908K(86848K)->85908K(86848K) NonClass: 73975K(74496K)->73975K(74496K) Class: 11932K(12352K)->11932K(12352K)
[231.266s][info ][gc             ] GC(183) Pause Young (Allocation Failure) 2480M->857M(2608M) 31.235ms
[231.266s][info ][gc,cpu         ] GC(183) User=0.13s Sys=0.00s Real=0.03s
[231.266s][info ][safepoint      ] Safepoint "ParallelGCFailedAllocation", Time since last: 1284788512 ns, Reaching safepoint: 121807 ns, At safepoint: 31337705 ns, Total: 31459512 ns
[232.266s][info ][safepoint      ] Safepoint "Cleanup", Time since last: 1000081110 ns, Reaching safepoint: 49603 ns, At safepoint: 4400 ns, Total: 54003 ns
[233.266s][info ][safepoint      ] Safepoint "Cleanup", Time since last: 1000093211 ns, Reaching safepoint: 50203 ns, At safepoint: 10300 ns, Total: 60503 ns
[235.266s][info ][safepoint      ] Safepoint "Cleanup", Time since last: 2000152818 ns, Reaching safepoint: 51203 ns, At safepoint: 9101 ns, Total: 60304 ns
[237.267s][info ][safepoint      ] Safepoint "Cleanup", Time since last: 2000155416 ns, Reaching safepoint: 46202 ns, At safepoint: 5401 ns, Total: 51603 ns
[239.874s][info ][gc,start       ] GC(184) Pause Young (Allocation Failure)
[239.918s][debug][gc,phases      ] GC(184) Scavenge 44.199ms
[239.918s][debug][gc,ref         ] GC(184) Skipped phase 1 of Reference Processing: no references
[239.918s][debug][gc,ref         ] GC(184) ReferenceProcessor::execute queues: 1, RefProcThreadModel::Single, marks_oops_alive: false
[239.918s][debug][gc,ref         ] GC(184) Skipped phase 3 of Reference Processing: no references
[239.918s][debug][gc,ref         ] GC(184) Skipped phase 4 of Reference Processing: no references
[239.918s][debug][gc,phases      ] GC(184) Reference Processing 0.179ms
[239.918s][debug][gc,phases      ] GC(184)   VM Weak                        Min:  0.0, Avg:  0.0, Max:  0.0, Diff:  0.0, Sum:  0.0, Workers: 4
[239.918s][debug][gc,phases      ] GC(184)     Dead                           Min: 0, Avg:  0.0, Max: 0, Diff: 0, Sum: 0, Workers: 4
[239.918s][debug][gc,phases      ] GC(184)     Total                          Min: 0, Avg: 182.2, Max: 729, Diff: 729, Sum: 729, Workers: 4
[239.918s][debug][gc,phases      ] GC(184)   ObjectSynchronizer Weak        Min:  0.0, Avg:  0.0, Max:  0.0, Diff:  0.0, Sum:  0.0, Workers: 4
[239.918s][debug][gc,phases      ] GC(184)     Dead                           Min: 0, Avg:  0.0, Max: 0, Diff: 0, Sum: 0, Workers: 4
[239.918s][debug][gc,phases      ] GC(184)     Total                          Min: 0, Avg: 139.2, Max: 301, Diff: 301, Sum: 557, Workers: 4
[239.918s][debug][gc,phases      ] GC(184)   JVMTI Tag Weak OopStorage      Min:  0.0, Avg:  0.0, Max:  0.0, Diff:  0.0, Sum:  0.0, Workers: 4
[239.918s][debug][gc,phases      ] GC(184)     Dead                           Min: 0, Avg:  0.0, Max: 0, Diff: 0, Sum: 0, Workers: 4
[239.918s][debug][gc,phases      ] GC(184)     Total                          Min: 0, Avg:  0.0, Max: 0, Diff: 0, Sum: 0, Workers: 4
[239.918s][debug][gc,phases      ] GC(184)   StringTable Weak               Min:  0.1, Avg:  0.1, Max:  0.1, Diff:  0.0, Sum:  0.5, Workers: 4
[239.918s][debug][gc,phases      ] GC(184)     Dead                           Min: 0, Avg:  0.0, Max: 0, Diff: 0, Sum: 0, Workers: 4
[239.918s][debug][gc,phases      ] GC(184)     Total                          Min: 11456, Avg: 12151.8, Max: 12928, Diff: 1472, Sum: 48607, Workers: 4
[239.918s][debug][gc,phases      ] GC(184)   ResolvedMethodTable Weak       Min:  0.0, Avg:  0.0, Max:  0.0, Diff:  0.0, Sum:  0.1, Workers: 4
[239.918s][debug][gc,phases      ] GC(184)     Dead                           Min: 0, Avg:  0.0, Max: 0, Diff: 0, Sum: 0, Workers: 4
[239.918s][debug][gc,phases      ] GC(184)     Total                          Min: 1984, Avg: 2219.5, Max: 2432, Diff: 448, Sum: 8878, Workers: 4
[239.918s][debug][gc,phases      ] GC(184)   JNI Weak                       Min:  0.0, Avg:  0.0, Max:  0.0, Diff:  0.0, Sum:  0.0, Workers: 4
[239.918s][debug][gc,phases      ] GC(184)     Dead                           Min: 0, Avg:  0.0, Max: 0, Diff: 0, Sum: 0, Workers: 4
[239.918s][debug][gc,phases      ] GC(184)     Total                          Min: 0, Avg:  0.0, Max: 0, Diff: 0, Sum: 0, Workers: 4
[239.918s][debug][gc,phases      ] GC(184)   StringDedup Table Weak         Min:  0.0, Avg:  0.0, Max:  0.0, Diff:  0.0, Sum:  0.0, Workers: 4
[239.918s][debug][gc,phases      ] GC(184)     Dead                           Min: 0, Avg:  0.0, Max: 0, Diff: 0, Sum: 0, Workers: 4
[239.918s][debug][gc,phases      ] GC(184)     Total                          Min: 0, Avg:  0.0, Max: 0, Diff: 0, Sum: 0, Workers: 4
[239.918s][debug][gc,phases      ] GC(184)   StringDedup Requests0 Weak     Min:  0.0, Avg:  0.0, Max:  0.0, Diff:  0.0, Sum:  0.0, Workers: 4
[239.918s][debug][gc,phases      ] GC(184)     Dead                           Min: 0, Avg:  0.0, Max: 0, Diff: 0, Sum: 0, Workers: 4
[239.918s][debug][gc,phases      ] GC(184)     Total                          Min: 0, Avg:  0.0, Max: 0, Diff: 0, Sum: 0, Workers: 4
[239.918s][debug][gc,phases      ] GC(184)   StringDedup Requests1 Weak     Min:  0.0, Avg:  0.0, Max:  0.0, Diff:  0.0, Sum:  0.0, Workers: 4
[239.918s][debug][gc,phases      ] GC(184)     Dead                           Min: 0, Avg:  0.0, Max: 0, Diff: 0, Sum: 0, Workers: 4
[239.918s][debug][gc,phases      ] GC(184)     Total                          Min: 0, Avg:  0.0, Max: 0, Diff: 0, Sum: 0, Workers: 4
[239.918s][debug][gc,phases      ] GC(184)   Weak JFR Old Object Samples    Min:  0.0, Avg:  0.0, Max:  0.0, Diff:  0.0, Sum:  0.0, Workers: 4
[239.918s][debug][gc,phases      ] GC(184)     Dead                           Min: 0, Avg:  0.0, Max: 0, Diff: 0, Sum: 0, Workers: 4
[239.918s][debug][gc,phases      ] GC(184)     Total                          Min: 0, Avg:  0.0, Max: 0, Diff: 0, Sum: 0, Workers: 4
[239.918s][debug][gc,phases      ] GC(184) Weak Processing 0.378ms
[239.918s][debug][gc,age         ] GC(184) Desired survivor size 214433792 bytes, new threshold 15 (max threshold 15)
[239.918s][info ][gc,heap        ] GC(184) PSYoungGen: 1824309K(1893888K)->177869K(1864192K) Eden: 1686016K(1686016K)->0K(1686016K) From: 138293K(207872K)->177869K(178176K)
[239.918s][info ][gc,heap        ] GC(184) ParOldGen: 739351K(776704K)->747818K(776704K)
[239.918s][info ][gc,metaspace   ] GC(184) Metaspace: 85923K(86848K)->85923K(86848K) NonClass: 73990K(74496K)->73990K(74496K) Class: 11932K(12352K)->11932K(12352K)
[239.918s][info ][gc             ] GC(184) Pause Young (Allocation Failure) 2503M->903M(2579M) 44.909ms
[239.918s][info ][gc,cpu         ] GC(184) User=0.17s Sys=0.00s Real=0.05s
[239.919s][info ][safepoint      ] Safepoint "ParallelGCFailedAllocation", Time since last: 2606761256 ns, Reaching safepoint: 139908 ns, At safepoint: 45003793 ns, Total: 45143701 ns
[240.919s][info ][safepoint      ] Safepoint "Cleanup", Time since last: 1000087106 ns, Reaching safepoint: 133108 ns, At safepoint: 25702 ns, Total: 158810 ns
[241.919s][info ][safepoint      ] Safepoint "Cleanup", Time since last: 1000082106 ns, Reaching safepoint: 117207 ns, At safepoint: 11000 ns, Total: 128207 ns
[242.462s][info ][gc,start       ] GC(185) Pause Young (Allocation Failure)
[242.499s][debug][gc,phases      ] GC(185) Scavenge 37.286ms
[242.499s][debug][gc,ref         ] GC(185) Skipped phase 1 of Reference Processing: no references
[242.499s][debug][gc,ref         ] GC(185) ReferenceProcessor::execute queues: 1, RefProcThreadModel::Single, marks_oops_alive: false
[242.499s][debug][gc,ref         ] GC(185) Skipped phase 3 of Reference Processing: no references
[242.499s][debug][gc,ref         ] GC(185) Skipped phase 4 of Reference Processing: no references
[242.499s][debug][gc,phases      ] GC(185) Reference Processing 0.144ms
[242.499s][debug][gc,phases      ] GC(185)   VM Weak                        Min:  0.0, Avg:  0.0, Max:  0.0, Diff:  0.0, Sum:  0.0, Workers: 4
[242.499s][debug][gc,phases      ] GC(185)     Dead                           Min: 0, Avg:  0.0, Max: 0, Diff: 0, Sum: 0, Workers: 4
[242.499s][debug][gc,phases      ] GC(185)     Total                          Min: 0, Avg: 182.2, Max: 512, Diff: 512, Sum: 729, Workers: 4
[242.499s][debug][gc,phases      ] GC(185)   ObjectSynchronizer Weak        Min:  0.0, Avg:  0.0, Max:  0.0, Diff:  0.0, Sum:  0.0, Workers: 4
[242.499s][debug][gc,phases      ] GC(185)     Dead                           Min: 0, Avg:  0.0, Max: 0, Diff: 0, Sum: 0, Workers: 4
[242.499s][debug][gc,phases      ] GC(185)     Total                          Min: 0, Avg: 139.2, Max: 192, Diff: 192, Sum: 557, Workers: 4
[242.499s][debug][gc,phases      ] GC(185)   JVMTI Tag Weak OopStorage      Min:  0.0, Avg:  0.0, Max:  0.0, Diff:  0.0, Sum:  0.0, Workers: 4
[242.499s][debug][gc,phases      ] GC(185)     Dead                           Min: 0, Avg:  0.0, Max: 0, Diff: 0, Sum: 0, Workers: 4
[242.499s][debug][gc,phases      ] GC(185)     Total                          Min: 0, Avg:  0.0, Max: 0, Diff: 0, Sum: 0, Workers: 4
[242.499s][debug][gc,phases      ] GC(185)   StringTable Weak               Min:  0.1, Avg:  0.1, Max:  0.1, Diff:  0.0, Sum:  0.5, Workers: 4
[242.499s][debug][gc,phases      ] GC(185)     Dead                           Min: 0, Avg:  0.0, Max: 0, Diff: 0, Sum: 0, Workers: 4
[242.499s][debug][gc,phases      ] GC(185)     Total                          Min: 11008, Avg: 12153.2, Max: 13632, Diff: 2624, Sum: 48613, Workers: 4
[242.499s][debug][gc,phases      ] GC(185)   ResolvedMethodTable Weak       Min:  0.0, Avg:  0.0, Max:  0.0, Diff:  0.0, Sum:  0.1, Workers: 4
[242.499s][debug][gc,phases      ] GC(185)     Dead                           Min: 0, Avg:  0.0, Max: 0, Diff: 0, Sum: 0, Workers: 4
[242.499s][debug][gc,phases      ] GC(185)     Total                          Min: 1984, Avg: 2219.5, Max: 2368, Diff: 384, Sum: 8878, Workers: 4
[242.499s][debug][gc,phases      ] GC(185)   JNI Weak                       Min:  0.0, Avg:  0.0, Max:  0.0, Diff:  0.0, Sum:  0.0, Workers: 4
[242.499s][debug][gc,phases      ] GC(185)     Dead                           Min: 0, Avg:  0.0, Max: 0, Diff: 0, Sum: 0, Workers: 4
[242.499s][debug][gc,phases      ] GC(185)     Total                          Min: 0, Avg:  0.0, Max: 0, Diff: 0, Sum: 0, Workers: 4
[242.499s][debug][gc,phases      ] GC(185)   StringDedup Table Weak         Min:  0.0, Avg:  0.0, Max:  0.0, Diff:  0.0, Sum:  0.0, Workers: 4
[242.499s][debug][gc,phases      ] GC(185)     Dead                           Min: 0, Avg:  0.0, Max: 0, Diff: 0, Sum: 0, Workers: 4
[242.499s][debug][gc,phases      ] GC(185)     Total                          Min: 0, Avg:  0.0, Max: 0, Diff: 0, Sum: 0, Workers: 4
[242.499s][debug][gc,phases      ] GC(185)   StringDedup Requests0 Weak     Min:  0.0, Avg:  0.0, Max:  0.0, Diff:  0.0, Sum:  0.0, Workers: 4
[242.499s][debug][gc,phases      ] GC(185)     Dead                           Min: 0, Avg:  0.0, Max: 0, Diff: 0, Sum: 0, Workers: 4
[242.499s][debug][gc,phases      ] GC(185)     Total                          Min: 0, Avg:  0.0, Max: 0, Diff: 0, Sum: 0, Workers: 4
[242.499s][debug][gc,phases      ] GC(185)   StringDedup Requests1 Weak     Min:  0.0, Avg:  0.0, Max:  0.0, Diff:  0.0, Sum:  0.0, Workers: 4
[242.500s][debug][gc,phases      ] GC(185)     Dead                           Min: 0, Avg:  0.0, Max: 0, Diff: 0, Sum: 0, Workers: 4
[242.500s][debug][gc,phases      ] GC(185)     Total                          Min: 0, Avg:  0.0, Max: 0, Diff: 0, Sum: 0, Workers: 4
[242.500s][debug][gc,phases      ] GC(185)   Weak JFR Old Object Samples    Min:  0.0, Avg:  0.0, Max:  0.0, Diff:  0.0, Sum:  0.0, Workers: 4
[242.500s][debug][gc,phases      ] GC(185)     Dead                           Min: 0, Avg:  0.0, Max: 0, Diff: 0, Sum: 0, Workers: 4
[242.500s][debug][gc,phases      ] GC(185)     Total                          Min: 0, Avg:  0.0, Max: 0, Diff: 0, Sum: 0, Workers: 4
[242.500s][debug][gc,phases      ] GC(185) Weak Processing 0.343ms
[242.500s][debug][gc,age         ] GC(185) Desired survivor size 208666624 bytes, new threshold 15 (max threshold 15)
[242.500s][info ][gc,heap        ] GC(185) PSYoungGen: 1863885K(1864192K)->147909K(1893376K) Eden: 1686016K(1686016K)->0K(1683968K) From: 177869K(178176K)->147909K(209408K)
[242.500s][info ][gc,heap        ] GC(185) ParOldGen: 747818K(776704K)->756803K(776704K)
[242.500s][info ][gc,metaspace   ] GC(185) Metaspace: 85932K(86848K)->85932K(86848K) NonClass: 73999K(74496K)->73999K(74496K) Class: 11932K(12352K)->11932K(12352K)
[242.500s][info ][gc             ] GC(185) Pause Young (Allocation Failure) 2550M->883M(2607M) 37.919ms
[242.500s][info ][gc,cpu         ] GC(185) User=0.15s Sys=0.00s Real=0.04s
[242.500s][debug][gc,phases      ] GC(186) Pre Compact 0.010ms
[242.500s][info ][gc,start       ] GC(186) Pause Full (Ergonomics)
[242.500s][info ][gc,phases,start] GC(186) Marking Phase
[242.654s][debug][gc,phases      ] GC(186) Par Mark 153.839ms
[242.654s][debug][gc,ref         ] GC(186) Skipped phase 1 of Reference Processing: no references
[242.654s][debug][gc,ref         ] GC(186) ReferenceProcessor::execute queues: 4, RefProcThreadModel::Multi, marks_oops_alive: false
[242.654s][debug][gc,ref         ] GC(186) Skipped phase 3 of Reference Processing: no references
[242.654s][debug][gc,ref         ] GC(186) ReferenceProcessor::execute queues: 1, RefProcThreadModel::Single, marks_oops_alive: false
[242.654s][debug][gc,phases      ] GC(186) Reference Processing 0.608ms
[242.655s][debug][gc,phases      ] GC(186)   VM Weak                        Min:  0.0, Avg:  0.0, Max:  0.0, Diff:  0.0, Sum:  0.0, Workers: 4
[242.655s][debug][gc,phases      ] GC(186)     Dead                           Min: 0, Avg:  0.0, Max: 0, Diff: 0, Sum: 0, Workers: 4
[242.655s][debug][gc,phases      ] GC(186)     Total                          Min: 0, Avg: 182.2, Max: 384, Diff: 384, Sum: 729, Workers: 4
[242.655s][debug][gc,phases      ] GC(186)   ObjectSynchronizer Weak        Min:  0.0, Avg:  0.0, Max:  0.0, Diff:  0.0, Sum:  0.0, Workers: 4
[242.655s][debug][gc,phases      ] GC(186)     Dead                           Min: 0, Avg:  0.0, Max: 0, Diff: 0, Sum: 0, Workers: 4
[242.655s][debug][gc,phases      ] GC(186)     Total                          Min: 64, Avg: 139.2, Max: 192, Diff: 128, Sum: 557, Workers: 4
[242.655s][debug][gc,phases      ] GC(186)   JVMTI Tag Weak OopStorage      Min:  0.0, Avg:  0.0, Max:  0.0, Diff:  0.0, Sum:  0.0, Workers: 4
[242.655s][debug][gc,phases      ] GC(186)     Dead                           Min: 0, Avg:  0.0, Max: 0, Diff: 0, Sum: 0, Workers: 4
[242.655s][debug][gc,phases      ] GC(186)     Total                          Min: 0, Avg:  0.0, Max: 0, Diff: 0, Sum: 0, Workers: 4
[242.655s][debug][gc,phases      ] GC(186)   StringTable Weak               Min:  0.2, Avg:  0.2, Max:  0.2, Diff:  0.0, Sum:  0.7, Workers: 4
[242.655s][debug][gc,phases      ] GC(186)     Dead                           Min: 0, Avg:  0.0, Max: 0, Diff: 0, Sum: 0, Workers: 4
[242.655s][debug][gc,phases      ] GC(186)     Total                          Min: 11264, Avg: 12153.2, Max: 14080, Diff: 2816, Sum: 48613, Workers: 4
[242.655s][debug][gc,phases      ] GC(186)   ResolvedMethodTable Weak       Min:  0.0, Avg:  0.0, Max:  0.0, Diff:  0.0, Sum:  0.1, Workers: 4
[242.655s][debug][gc,phases      ] GC(186)     Dead                           Min: 0, Avg:  0.0, Max: 0, Diff: 0, Sum: 0, Workers: 4
[242.655s][debug][gc,phases      ] GC(186)     Total                          Min: 1856, Avg: 2219.5, Max: 2432, Diff: 576, Sum: 8878, Workers: 4
[242.655s][debug][gc,phases      ] GC(186)   JNI Weak                       Min:  0.0, Avg:  0.0, Max:  0.0, Diff:  0.0, Sum:  0.0, Workers: 4
[242.655s][debug][gc,phases      ] GC(186)     Dead                           Min: 0, Avg:  0.0, Max: 0, Diff: 0, Sum: 0, Workers: 4
[242.655s][debug][gc,phases      ] GC(186)     Total                          Min: 0, Avg:  0.0, Max: 0, Diff: 0, Sum: 0, Workers: 4
[242.655s][debug][gc,phases      ] GC(186)   StringDedup Table Weak         Min:  0.0, Avg:  0.0, Max:  0.0, Diff:  0.0, Sum:  0.0, Workers: 4
[242.655s][debug][gc,phases      ] GC(186)     Dead                           Min: 0, Avg:  0.0, Max: 0, Diff: 0, Sum: 0, Workers: 4
[242.655s][debug][gc,phases      ] GC(186)     Total                          Min: 0, Avg:  0.0, Max: 0, Diff: 0, Sum: 0, Workers: 4
[242.655s][debug][gc,phases      ] GC(186)   StringDedup Requests0 Weak     Min:  0.0, Avg:  0.0, Max:  0.0, Diff:  0.0, Sum:  0.0, Workers: 4
[242.655s][debug][gc,phases      ] GC(186)     Dead                           Min: 0, Avg:  0.0, Max: 0, Diff: 0, Sum: 0, Workers: 4
[242.655s][debug][gc,phases      ] GC(186)     Total                          Min: 0, Avg:  0.0, Max: 0, Diff: 0, Sum: 0, Workers: 4
[242.655s][debug][gc,phases      ] GC(186)   StringDedup Requests1 Weak     Min:  0.0, Avg:  0.0, Max:  0.0, Diff:  0.0, Sum:  0.0, Workers: 4
[242.655s][debug][gc,phases      ] GC(186)     Dead                           Min: 0, Avg:  0.0, Max: 0, Diff: 0, Sum: 0, Workers: 4
[242.655s][debug][gc,phases      ] GC(186)     Total                          Min: 0, Avg:  0.0, Max: 0, Diff: 0, Sum: 0, Workers: 4
[242.655s][debug][gc,phases      ] GC(186)   Weak JFR Old Object Samples    Min:  0.0, Avg:  0.0, Max:  0.0, Diff:  0.0, Sum:  0.0, Workers: 4
[242.655s][debug][gc,phases      ] GC(186)     Dead                           Min: 0, Avg:  0.0, Max: 0, Diff: 0, Sum: 0, Workers: 4
[242.655s][debug][gc,phases      ] GC(186)     Total                          Min: 0, Avg:  0.0, Max: 0, Diff: 0, Sum: 0, Workers: 4
[242.655s][debug][gc,phases      ] GC(186) Weak Processing 0.402ms
[242.655s][debug][gc,phases      ] GC(186) ClassLoaderData 0.101ms
[242.655s][debug][gc,phases      ] GC(186) Trigger cleanups 0.000ms
[242.677s][debug][gc,phases      ] GC(186) Class Unloading 22.026ms
[242.677s][info ][gc,phases      ] GC(186) Marking Phase 177.091ms
[242.677s][info ][gc,phases,start] GC(186) Summary Phase
[242.677s][info ][gc,phases      ] GC(186) Summary Phase 0.024ms
[242.677s][info ][gc,phases,start] GC(186) Adjust Roots
[242.692s][info ][gc,phases      ] GC(186) Adjust Roots 15.103ms
[242.692s][info ][gc,phases,start] GC(186) Compaction Phase
[242.792s][info ][gc,phases      ] GC(186) Compaction Phase 99.709ms
[242.792s][info ][gc,phases,start] GC(186) Post Compact
[242.794s][info ][gc,phases      ] GC(186) Post Compact 2.462ms
[242.794s][info ][gc,heap        ] GC(186) PSYoungGen: 147909K(1893376K)->0K(1887744K) Eden: 0K(1683968K)->0K(1683968K) From: 147909K(209408K)->0K(203776K)
[242.795s][info ][gc,heap        ] GC(186) ParOldGen: 756803K(776704K)->530439K(698880K)
[242.795s][info ][gc,metaspace   ] GC(186) Metaspace: 85932K(86848K)->85932K(86848K) NonClass: 73999K(74496K)->73999K(74496K) Class: 11932K(12352K)->11932K(12352K)
[242.795s][info ][gc             ] GC(186) Pause Full (Ergonomics) 883M->518M(2526M) 294.894ms
[242.795s][info ][gc,cpu         ] GC(186) User=1.04s Sys=0.01s Real=0.30s
[242.795s][info ][safepoint      ] Safepoint "ParallelGCFailedAllocation", Time since last: 542607355 ns, Reaching safepoint: 44803 ns, At safepoint: 332969379 ns, Total: 333014182 ns
[243.795s][info ][safepoint      ] Safepoint "Cleanup", Time since last: 1000084706 ns, Reaching safepoint: 124507 ns, At safepoint: 9400 ns, Total: 133907 ns
[244.336s][info ][gc,start       ] GC(187) Pause Young (Allocation Failure)
[244.356s][debug][gc,phases      ] GC(187) Scavenge 20.762ms
[244.356s][debug][gc,ref         ] GC(187) Skipped phase 1 of Reference Processing: no references
[244.357s][debug][gc,ref         ] GC(187) ReferenceProcessor::execute queues: 1, RefProcThreadModel::Single, marks_oops_alive: false
[244.357s][debug][gc,ref         ] GC(187) Skipped phase 3 of Reference Processing: no references
[244.357s][debug][gc,ref         ] GC(187) ReferenceProcessor::execute queues: 1, RefProcThreadModel::Single, marks_oops_alive: false
[244.357s][debug][gc,phases      ] GC(187) Reference Processing 0.136ms
[244.357s][debug][gc,phases      ] GC(187)   VM Weak                        Min:  0.0, Avg:  0.0, Max:  0.0, Diff:  0.0, Sum:  0.0, Workers: 4
[244.357s][debug][gc,phases      ] GC(187)     Dead                           Min: 0, Avg:  0.0, Max: 0, Diff: 0, Sum: 0, Workers: 4
[244.357s][debug][gc,phases      ] GC(187)     Total                          Min: 0, Avg: 182.2, Max: 704, Diff: 704, Sum: 729, Workers: 4
[244.357s][debug][gc,phases      ] GC(187)   ObjectSynchronizer Weak        Min:  0.0, Avg:  0.0, Max:  0.0, Diff:  0.0, Sum:  0.0, Workers: 4
[244.357s][debug][gc,phases      ] GC(187)     Dead                           Min: 0, Avg:  0.0, Max: 0, Diff: 0, Sum: 0, Workers: 4
[244.357s][debug][gc,phases      ] GC(187)     Total                          Min: 0, Avg: 139.2, Max: 301, Diff: 301, Sum: 557, Workers: 4
[244.357s][debug][gc,phases      ] GC(187)   JVMTI Tag Weak OopStorage      Min:  0.0, Avg:  0.0, Max:  0.0, Diff:  0.0, Sum:  0.0, Workers: 4
[244.357s][debug][gc,phases      ] GC(187)     Dead                           Min: 0, Avg:  0.0, Max: 0, Diff: 0, Sum: 0, Workers: 4
[244.357s][debug][gc,phases      ] GC(187)     Total                          Min: 0, Avg:  0.0, Max: 0, Diff: 0, Sum: 0, Workers: 4
[244.357s][debug][gc,phases      ] GC(187)   StringTable Weak               Min:  0.1, Avg:  0.1, Max:  0.1, Diff:  0.0, Sum:  0.5, Workers: 4
[244.357s][debug][gc,phases      ] GC(187)     Dead                           Min: 0, Avg:  0.0, Max: 0, Diff: 0, Sum: 0, Workers: 4
[244.357s][debug][gc,phases      ] GC(187)     Total                          Min: 11072, Avg: 12154.0, Max: 13184, Diff: 2112, Sum: 48616, Workers: 4
[244.357s][debug][gc,phases      ] GC(187)   ResolvedMethodTable Weak       Min:  0.0, Avg:  0.0, Max:  0.0, Diff:  0.0, Sum:  0.1, Workers: 4
[244.357s][debug][gc,phases      ] GC(187)     Dead                           Min: 0, Avg:  0.0, Max: 0, Diff: 0, Sum: 0, Workers: 4
[244.357s][debug][gc,phases      ] GC(187)     Total                          Min: 1984, Avg: 2219.5, Max: 2432, Diff: 448, Sum: 8878, Workers: 4
[244.357s][debug][gc,phases      ] GC(187)   JNI Weak                       Min:  0.0, Avg:  0.0, Max:  0.0, Diff:  0.0, Sum:  0.0, Workers: 4
[244.357s][debug][gc,phases      ] GC(187)     Dead                           Min: 0, Avg:  0.0, Max: 0, Diff: 0, Sum: 0, Workers: 4
[244.357s][debug][gc,phases      ] GC(187)     Total                          Min: 0, Avg:  0.0, Max: 0, Diff: 0, Sum: 0, Workers: 4
[244.357s][debug][gc,phases      ] GC(187)   StringDedup Table Weak         Min:  0.0, Avg:  0.0, Max:  0.0, Diff:  0.0, Sum:  0.0, Workers: 4
[244.357s][debug][gc,phases      ] GC(187)     Dead                           Min: 0, Avg:  0.0, Max: 0, Diff: 0, Sum: 0, Workers: 4
[244.357s][debug][gc,phases      ] GC(187)     Total                          Min: 0, Avg:  0.0, Max: 0, Diff: 0, Sum: 0, Workers: 4
[244.357s][debug][gc,phases      ] GC(187)   StringDedup Requests0 Weak     Min:  0.0, Avg:  0.0, Max:  0.0, Diff:  0.0, Sum:  0.0, Workers: 4
[244.357s][debug][gc,phases      ] GC(187)     Dead                           Min: 0, Avg:  0.0, Max: 0, Diff: 0, Sum: 0, Workers: 4
[244.357s][debug][gc,phases      ] GC(187)     Total                          Min: 0, Avg:  0.0, Max: 0, Diff: 0, Sum: 0, Workers: 4
[244.357s][debug][gc,phases      ] GC(187)   StringDedup Requests1 Weak     Min:  0.0, Avg:  0.0, Max:  0.0, Diff:  0.0, Sum:  0.0, Workers: 4
[244.357s][debug][gc,phases      ] GC(187)     Dead                           Min: 0, Avg:  0.0, Max: 0, Diff: 0, Sum: 0, Workers: 4
[244.357s][debug][gc,phases      ] GC(187)     Total                          Min: 0, Avg:  0.0, Max: 0, Diff: 0, Sum: 0, Workers: 4
[244.357s][debug][gc,phases      ] GC(187)   Weak JFR Old Object Samples    Min:  0.0, Avg:  0.0, Max:  0.0, Diff:  0.0, Sum:  0.0, Workers: 4
[244.357s][debug][gc,phases      ] GC(187)     Dead                           Min: 0, Avg:  0.0, Max: 0, Diff: 0, Sum: 0, Workers: 4
[244.357s][debug][gc,phases      ] GC(187)     Total                          Min: 0, Avg:  0.0, Max: 0, Diff: 0, Sum: 0, Workers: 4
[244.357s][debug][gc,phases      ] GC(187) Weak Processing 0.322ms
[244.357s][debug][gc,age         ] GC(187) Desired survivor size 219152384 bytes, new threshold 15 (max threshold 15)
[244.357s][info ][gc,heap        ] GC(187) PSYoungGen: 1683968K(1887744K)->57173K(1872896K) Eden: 1683968K(1683968K)->0K(1669120K) From: 0K(203776K)->57173K(203776K)
[244.357s][info ][gc,heap        ] GC(187) ParOldGen: 530439K(698880K)->530439K(698880K)
[244.357s][info ][gc,metaspace   ] GC(187) Metaspace: 85940K(86848K)->85940K(86848K) NonClass: 74008K(74496K)->74008K(74496K) Class: 11932K(12352K)->11932K(12352K)
[244.357s][info ][gc             ] GC(187) Pause Young (Allocation Failure) 2162M->573M(2511M) 21.360ms
[244.357s][info ][gc,cpu         ] GC(187) User=0.09s Sys=0.00s Real=0.02s
[244.357s][info ][safepoint      ] Safepoint "ParallelGCFailedAllocation", Time since last: 540653842 ns, Reaching safepoint: 119007 ns, At safepoint: 21452136 ns, Total: 21571143 ns
[245.357s][info ][safepoint      ] Safepoint "Cleanup", Time since last: 1000092605 ns, Reaching safepoint: 118907 ns, At safepoint: 12301 ns, Total: 131208 ns
[246.357s][info ][safepoint      ] Safepoint "Cleanup", Time since last: 1000113206 ns, Reaching safepoint: 55503 ns, At safepoint: 9000 ns, Total: 64503 ns
[246.401s][info ][safepoint      ] Safepoint "ParallelGCFailedAllocation", Time since last: 43294094 ns, Reaching safepoint: 30402 ns, At safepoint: 10801 ns, Total: 41203 ns
[246.401s][info ][gc,start       ] GC(188) Pause Young (GCLocker Initiated GC)
[246.427s][debug][gc,phases      ] GC(188) Scavenge 26.284ms
[246.427s][debug][gc,ref         ] GC(188) Skipped phase 1 of Reference Processing: no references
[246.427s][debug][gc,ref         ] GC(188) ReferenceProcessor::execute queues: 1, RefProcThreadModel::Single, marks_oops_alive: false
[246.427s][debug][gc,ref         ] GC(188) Skipped phase 3 of Reference Processing: no references
[246.427s][debug][gc,ref         ] GC(188) Skipped phase 4 of Reference Processing: no references
[246.427s][debug][gc,phases      ] GC(188) Reference Processing 0.124ms
[246.428s][debug][gc,phases      ] GC(188)   VM Weak                        Min:  0.0, Avg:  0.0, Max:  0.0, Diff:  0.0, Sum:  0.0, Workers: 4
[246.428s][debug][gc,phases      ] GC(188)     Dead                           Min: 0, Avg:  0.0, Max: 0, Diff: 0, Sum: 0, Workers: 4
[246.428s][debug][gc,phases      ] GC(188)     Total                          Min: 0, Avg: 182.2, Max: 473, Diff: 473, Sum: 729, Workers: 4
[246.428s][debug][gc,phases      ] GC(188)   ObjectSynchronizer Weak        Min:  0.0, Avg:  0.0, Max:  0.0, Diff:  0.0, Sum:  0.0, Workers: 4
[246.428s][debug][gc,phases      ] GC(188)     Dead                           Min: 0, Avg:  0.0, Max: 0, Diff: 0, Sum: 0, Workers: 4
[246.428s][debug][gc,phases      ] GC(188)     Total                          Min: 0, Avg: 139.2, Max: 320, Diff: 320, Sum: 557, Workers: 4
[246.428s][debug][gc,phases      ] GC(188)   JVMTI Tag Weak OopStorage      Min:  0.0, Avg:  0.0, Max:  0.0, Diff:  0.0, Sum:  0.0, Workers: 4
[246.428s][debug][gc,phases      ] GC(188)     Dead                           Min: 0, Avg:  0.0, Max: 0, Diff: 0, Sum: 0, Workers: 4
[246.428s][debug][gc,phases      ] GC(188)     Total                          Min: 0, Avg:  0.0, Max: 0, Diff: 0, Sum: 0, Workers: 4
[246.428s][debug][gc,phases      ] GC(188)   StringTable Weak               Min:  0.1, Avg:  0.1, Max:  0.1, Diff:  0.0, Sum:  0.4, Workers: 4
[246.428s][debug][gc,phases      ] GC(188)     Dead                           Min: 0, Avg:  0.0, Max: 0, Diff: 0, Sum: 0, Workers: 4
[246.428s][debug][gc,phases      ] GC(188)     Total                          Min: 10922, Avg: 12154.5, Max: 12800, Diff: 1878, Sum: 48618, Workers: 4
[246.428s][debug][gc,phases      ] GC(188)   ResolvedMethodTable Weak       Min:  0.0, Avg:  0.0, Max:  0.0, Diff:  0.0, Sum:  0.1, Workers: 4
[246.428s][debug][gc,phases      ] GC(188)     Dead                           Min: 0, Avg:  0.0, Max: 0, Diff: 0, Sum: 0, Workers: 4
[246.428s][debug][gc,phases      ] GC(188)     Total                          Min: 2094, Avg: 2219.5, Max: 2304, Diff: 210, Sum: 8878, Workers: 4
[246.428s][debug][gc,phases      ] GC(188)   JNI Weak                       Min:  0.0, Avg:  0.0, Max:  0.0, Diff:  0.0, Sum:  0.0, Workers: 4
[246.428s][debug][gc,phases      ] GC(188)     Dead                           Min: 0, Avg:  0.0, Max: 0, Diff: 0, Sum: 0, Workers: 4
[246.428s][debug][gc,phases      ] GC(188)     Total                          Min: 0, Avg:  0.0, Max: 0, Diff: 0, Sum: 0, Workers: 4
[246.428s][debug][gc,phases      ] GC(188)   StringDedup Table Weak         Min:  0.0, Avg:  0.0, Max:  0.0, Diff:  0.0, Sum:  0.0, Workers: 4
[246.428s][debug][gc,phases      ] GC(188)     Dead                           Min: 0, Avg:  0.0, Max: 0, Diff: 0, Sum: 0, Workers: 4
[246.428s][debug][gc,phases      ] GC(188)     Total                          Min: 0, Avg:  0.0, Max: 0, Diff: 0, Sum: 0, Workers: 4
[246.428s][debug][gc,phases      ] GC(188)   StringDedup Requests0 Weak     Min:  0.0, Avg:  0.0, Max:  0.0, Diff:  0.0, Sum:  0.0, Workers: 4
[246.428s][debug][gc,phases      ] GC(188)     Dead                           Min: 0, Avg:  0.0, Max: 0, Diff: 0, Sum: 0, Workers: 4
[246.428s][debug][gc,phases      ] GC(188)     Total                          Min: 0, Avg:  0.0, Max: 0, Diff: 0, Sum: 0, Workers: 4
[246.428s][debug][gc,phases      ] GC(188)   StringDedup Requests1 Weak     Min:  0.0, Avg:  0.0, Max:  0.0, Diff:  0.0, Sum:  0.0, Workers: 4
[246.428s][debug][gc,phases      ] GC(188)     Dead                           Min: 0, Avg:  0.0, Max: 0, Diff: 0, Sum: 0, Workers: 4
[246.428s][debug][gc,phases      ] GC(188)     Total                          Min: 0, Avg:  0.0, Max: 0, Diff: 0, Sum: 0, Workers: 4
[246.428s][debug][gc,phases      ] GC(188)   Weak JFR Old Object Samples    Min:  0.0, Avg:  0.0, Max:  0.0, Diff:  0.0, Sum:  0.0, Workers: 4
[246.428s][debug][gc,phases      ] GC(188)     Dead                           Min: 0, Avg:  0.0, Max: 0, Diff: 0, Sum: 0, Workers: 4
[246.428s][debug][gc,phases      ] GC(188)     Total                          Min: 0, Avg:  0.0, Max: 0, Diff: 0, Sum: 0, Workers: 4
[246.428s][debug][gc,phases      ] GC(188) Weak Processing 0.335ms
[246.428s][debug][gc,age         ] GC(188) Desired survivor size 217055232 bytes, new threshold 15 (max threshold 15)
[246.428s][info ][gc,heap        ] GC(188) PSYoungGen: 1726293K(1872896K)->107990K(1883136K) Eden: 1669120K(1669120K)->0K(1669120K) From: 57173K(203776K)->107990K(214016K)
[246.428s][info ][gc,heap        ] GC(188) ParOldGen: 530439K(698880K)->530439K(698880K)
[246.428s][info ][gc,metaspace   ] GC(188) Metaspace: 85966K(86912K)->85966K(86912K) NonClass: 74033K(74560K)->74033K(74560K) Class: 11932K(12352K)->11932K(12352K)
[246.428s][info ][gc             ] GC(188) Pause Young (GCLocker Initiated GC) 2203M->623M(2521M) 26.866ms
[246.428s][info ][gc,cpu         ] GC(188) User=0.11s Sys=0.00s Real=0.03s
[246.428s][info ][safepoint      ] Safepoint "ParallelGCSystemGC", Time since last: 52303 ns, Reaching safepoint: 16701 ns, At safepoint: 26951952 ns, Total: 26968653 ns
[247.428s][info ][safepoint      ] Safepoint "Cleanup", Time since last: 1000087104 ns, Reaching safepoint: 74104 ns, At safepoint: 9001 ns, Total: 83105 ns
[248.428s][info ][safepoint      ] Safepoint "Cleanup", Time since last: 1000102505 ns, Reaching safepoint: 54603 ns, At safepoint: 4600 ns, Total: 59203 ns
[249.428s][info ][safepoint      ] Safepoint "Cleanup", Time since last: 1000105105 ns, Reaching safepoint: 50402 ns, At safepoint: 3401 ns, Total: 53803 ns
[253.429s][info ][safepoint      ] Safepoint "Cleanup", Time since last: 4000315807 ns, Reaching safepoint: 52003 ns, At safepoint: 3801 ns, Total: 55804 ns
[254.429s][info ][safepoint      ] Safepoint "Cleanup", Time since last: 1000110202 ns, Reaching safepoint: 34302 ns, At safepoint: 4400 ns, Total: 38702 ns
[256.930s][info ][gc,start       ] GC(189) Pause Young (Allocation Failure)
[256.975s][debug][gc,phases      ] GC(189) Scavenge 45.564ms
[256.976s][debug][gc,ref         ] GC(189) Skipped phase 1 of Reference Processing: no references
[256.976s][debug][gc,ref         ] GC(189) ReferenceProcessor::execute queues: 1, RefProcThreadModel::Single, marks_oops_alive: false
[256.976s][debug][gc,ref         ] GC(189) Skipped phase 3 of Reference Processing: no references
[256.976s][debug][gc,ref         ] GC(189) Skipped phase 4 of Reference Processing: no references
[256.976s][debug][gc,phases      ] GC(189) Reference Processing 0.119ms
[256.976s][debug][gc,phases      ] GC(189)   VM Weak                        Min:  0.0, Avg:  0.0, Max:  0.0, Diff:  0.0, Sum:  0.0, Workers: 4
[256.976s][debug][gc,phases      ] GC(189)     Dead                           Min: 0, Avg:  0.0, Max: 0, Diff: 0, Sum: 0, Workers: 4
[256.976s][debug][gc,phases      ] GC(189)     Total                          Min: 0, Avg: 182.2, Max: 512, Diff: 512, Sum: 729, Workers: 4
[256.976s][debug][gc,phases      ] GC(189)   ObjectSynchronizer Weak        Min:  0.0, Avg:  0.0, Max:  0.0, Diff:  0.0, Sum:  0.0, Workers: 4
[256.976s][debug][gc,phases      ] GC(189)     Dead                           Min: 0, Avg:  0.0, Max: 0, Diff: 0, Sum: 0, Workers: 4
[256.976s][debug][gc,phases      ] GC(189)     Total                          Min: 0, Avg: 139.2, Max: 192, Diff: 192, Sum: 557, Workers: 4
[256.976s][debug][gc,phases      ] GC(189)   JVMTI Tag Weak OopStorage      Min:  0.0, Avg:  0.0, Max:  0.0, Diff:  0.0, Sum:  0.0, Workers: 4
[256.976s][debug][gc,phases      ] GC(189)     Dead                           Min: 0, Avg:  0.0, Max: 0, Diff: 0, Sum: 0, Workers: 4
[256.976s][debug][gc,phases      ] GC(189)     Total                          Min: 0, Avg:  0.0, Max: 0, Diff: 0, Sum: 0, Workers: 4
[256.976s][debug][gc,phases      ] GC(189)   StringTable Weak               Min:  0.1, Avg:  0.1, Max:  0.1, Diff:  0.0, Sum:  0.5, Workers: 4
[256.976s][debug][gc,phases      ] GC(189)     Dead                           Min: 0, Avg:  0.0, Max: 0, Diff: 0, Sum: 0, Workers: 4
[256.976s][debug][gc,phases      ] GC(189)     Total                          Min: 11691, Avg: 12154.8, Max: 12672, Diff: 981, Sum: 48619, Workers: 4
[256.976s][debug][gc,phases      ] GC(189)   ResolvedMethodTable Weak       Min:  0.0, Avg:  0.0, Max:  0.0, Diff:  0.0, Sum:  0.1, Workers: 4
[256.976s][debug][gc,phases      ] GC(189)     Dead                           Min: 0, Avg:  0.0, Max: 0, Diff: 0, Sum: 0, Workers: 4
[256.976s][debug][gc,phases      ] GC(189)     Total                          Min: 2094, Avg: 2219.5, Max: 2432, Diff: 338, Sum: 8878, Workers: 4
[256.976s][debug][gc,phases      ] GC(189)   JNI Weak                       Min:  0.0, Avg:  0.0, Max:  0.0, Diff:  0.0, Sum:  0.0, Workers: 4
[256.976s][debug][gc,phases      ] GC(189)     Dead                           Min: 0, Avg:  0.0, Max: 0, Diff: 0, Sum: 0, Workers: 4
[256.976s][debug][gc,phases      ] GC(189)     Total                          Min: 0, Avg:  0.0, Max: 0, Diff: 0, Sum: 0, Workers: 4
[256.976s][debug][gc,phases      ] GC(189)   StringDedup Table Weak         Min:  0.0, Avg:  0.0, Max:  0.0, Diff:  0.0, Sum:  0.0, Workers: 4
[256.976s][debug][gc,phases      ] GC(189)     Dead                           Min: 0, Avg:  0.0, Max: 0, Diff: 0, Sum: 0, Workers: 4
[256.976s][debug][gc,phases      ] GC(189)     Total                          Min: 0, Avg:  0.0, Max: 0, Diff: 0, Sum: 0, Workers: 4
[256.976s][debug][gc,phases      ] GC(189)   StringDedup Requests0 Weak     Min:  0.0, Avg:  0.0, Max:  0.0, Diff:  0.0, Sum:  0.0, Workers: 4
[256.976s][debug][gc,phases      ] GC(189)     Dead                           Min: 0, Avg:  0.0, Max: 0, Diff: 0, Sum: 0, Workers: 4
[256.976s][debug][gc,phases      ] GC(189)     Total                          Min: 0, Avg:  0.0, Max: 0, Diff: 0, Sum: 0, Workers: 4
[256.976s][debug][gc,phases      ] GC(189)   StringDedup Requests1 Weak     Min:  0.0, Avg:  0.0, Max:  0.0, Diff:  0.0, Sum:  0.0, Workers: 4
[256.976s][debug][gc,phases      ] GC(189)     Dead                           Min: 0, Avg:  0.0, Max: 0, Diff: 0, Sum: 0, Workers: 4
[256.976s][debug][gc,phases      ] GC(189)     Total                          Min: 0, Avg:  0.0, Max: 0, Diff: 0, Sum: 0, Workers: 4
[256.976s][debug][gc,phases      ] GC(189)   Weak JFR Old Object Samples    Min:  0.0, Avg:  0.0, Max:  0.0, Diff:  0.0, Sum:  0.0, Workers: 4
[256.976s][debug][gc,phases      ] GC(189)     Dead                           Min: 0, Avg:  0.0, Max: 0, Diff: 0, Sum: 0, Workers: 4
[256.976s][debug][gc,phases      ] GC(189)     Total                          Min: 0, Avg:  0.0, Max: 0, Diff: 0, Sum: 0, Workers: 4
[256.976s][debug][gc,phases      ] GC(189) Weak Processing 0.357ms
[256.976s][debug][gc,age         ] GC(189) Desired survivor size 216530944 bytes, new threshold 15 (max threshold 15)
[256.976s][info ][gc,heap        ] GC(189) PSYoungGen: 1777110K(1883136K)->155199K(1885696K) Eden: 1669120K(1669120K)->0K(1673728K) From: 107990K(214016K)->155199K(211968K)
[256.976s][info ][gc,heap        ] GC(189) ParOldGen: 530467K(698880K)->530467K(698880K)
[256.976s][info ][gc,metaspace   ] GC(189) Metaspace: 85982K(86912K)->85982K(86912K) NonClass: 74049K(74560K)->74049K(74560K) Class: 11932K(12352K)->11932K(12352K)
[256.976s][info ][gc             ] GC(189) Pause Young (Allocation Failure) 2253M->669M(2524M) 46.206ms
[256.976s][info ][gc,cpu         ] GC(189) User=0.18s Sys=0.00s Real=0.05s
[256.976s][info ][safepoint      ] Safepoint "ParallelGCFailedAllocation", Time since last: 2500860039 ns, Reaching safepoint: 128208 ns, At safepoint: 46317667 ns, Total: 46445875 ns
[258.607s][info ][safepoint      ] Safepoint "ParallelGCFailedAllocation", Time since last: 1631251552 ns, Reaching safepoint: 49303 ns, At safepoint: 12800 ns, Total: 62103 ns
[258.608s][info ][gc,start       ] GC(190) Pause Young (GCLocker Initiated GC)
[258.628s][debug][gc,phases      ] GC(190) Scavenge 20.341ms
[258.628s][debug][gc,ref         ] GC(190) Skipped phase 1 of Reference Processing: no references
[258.628s][debug][gc,ref         ] GC(190) ReferenceProcessor::execute queues: 1, RefProcThreadModel::Single, marks_oops_alive: false
[258.628s][debug][gc,ref         ] GC(190) Skipped phase 3 of Reference Processing: no references
[258.628s][debug][gc,ref         ] GC(190) Skipped phase 4 of Reference Processing: no references
[258.628s][debug][gc,phases      ] GC(190) Reference Processing 0.122ms
[258.628s][debug][gc,phases      ] GC(190)   VM Weak                        Min:  0.0, Avg:  0.0, Max:  0.0, Diff:  0.0, Sum:  0.0, Workers: 4
[258.628s][debug][gc,phases      ] GC(190)     Dead                           Min: 0, Avg:  0.0, Max: 0, Diff: 0, Sum: 0, Workers: 4
[258.628s][debug][gc,phases      ] GC(190)     Total                          Min: 0, Avg: 182.2, Max: 640, Diff: 640, Sum: 729, Workers: 4
[258.628s][debug][gc,phases      ] GC(190)   ObjectSynchronizer Weak        Min:  0.0, Avg:  0.0, Max:  0.0, Diff:  0.0, Sum:  0.0, Workers: 4
[258.628s][debug][gc,phases      ] GC(190)     Dead                           Min: 0, Avg:  0.0, Max: 0, Diff: 0, Sum: 0, Workers: 4
[258.628s][debug][gc,phases      ] GC(190)     Total                          Min: 0, Avg: 139.2, Max: 301, Diff: 301, Sum: 557, Workers: 4
[258.628s][debug][gc,phases      ] GC(190)   JVMTI Tag Weak OopStorage      Min:  0.0, Avg:  0.0, Max:  0.0, Diff:  0.0, Sum:  0.0, Workers: 4
[258.628s][debug][gc,phases      ] GC(190)     Dead                           Min: 0, Avg:  0.0, Max: 0, Diff: 0, Sum: 0, Workers: 4
[258.628s][debug][gc,phases      ] GC(190)     Total                          Min: 0, Avg:  0.0, Max: 0, Diff: 0, Sum: 0, Workers: 4
[258.628s][debug][gc,phases      ] GC(190)   StringTable Weak               Min:  0.1, Avg:  0.1, Max:  0.1, Diff:  0.0, Sum:  0.5, Workers: 4
[258.628s][debug][gc,phases      ] GC(190)     Dead                           Min: 0, Avg:  0.0, Max: 0, Diff: 0, Sum: 0, Workers: 4
[258.628s][debug][gc,phases      ] GC(190)     Total                          Min: 11200, Avg: 12155.2, Max: 12864, Diff: 1664, Sum: 48621, Workers: 4
[258.628s][debug][gc,phases      ] GC(190)   ResolvedMethodTable Weak       Min:  0.0, Avg:  0.0, Max:  0.0, Diff:  0.0, Sum:  0.1, Workers: 4
[258.628s][debug][gc,phases      ] GC(190)     Dead                           Min: 0, Avg:  0.0, Max: 0, Diff: 0, Sum: 0, Workers: 4
[258.628s][debug][gc,phases      ] GC(190)     Total                          Min: 1920, Avg: 2219.5, Max: 2368, Diff: 448, Sum: 8878, Workers: 4
[258.628s][debug][gc,phases      ] GC(190)   JNI Weak                       Min:  0.0, Avg:  0.0, Max:  0.0, Diff:  0.0, Sum:  0.0, Workers: 4
[258.628s][debug][gc,phases      ] GC(190)     Dead                           Min: 0, Avg:  0.0, Max: 0, Diff: 0, Sum: 0, Workers: 4
[258.628s][debug][gc,phases      ] GC(190)     Total                          Min: 0, Avg:  0.0, Max: 0, Diff: 0, Sum: 0, Workers: 4
[258.628s][debug][gc,phases      ] GC(190)   StringDedup Table Weak         Min:  0.0, Avg:  0.0, Max:  0.0, Diff:  0.0, Sum:  0.0, Workers: 4
[258.628s][debug][gc,phases      ] GC(190)     Dead                           Min: 0, Avg:  0.0, Max: 0, Diff: 0, Sum: 0, Workers: 4
[258.628s][debug][gc,phases      ] GC(190)     Total                          Min: 0, Avg:  0.0, Max: 0, Diff: 0, Sum: 0, Workers: 4
[258.628s][debug][gc,phases      ] GC(190)   StringDedup Requests0 Weak     Min:  0.0, Avg:  0.0, Max:  0.0, Diff:  0.0, Sum:  0.0, Workers: 4
[258.628s][debug][gc,phases      ] GC(190)     Dead                           Min: 0, Avg:  0.0, Max: 0, Diff: 0, Sum: 0, Workers: 4
[258.628s][debug][gc,phases      ] GC(190)     Total                          Min: 0, Avg:  0.0, Max: 0, Diff: 0, Sum: 0, Workers: 4
[258.628s][debug][gc,phases      ] GC(190)   StringDedup Requests1 Weak     Min:  0.0, Avg:  0.0, Max:  0.0, Diff:  0.0, Sum:  0.0, Workers: 4
[258.628s][debug][gc,phases      ] GC(190)     Dead                           Min: 0, Avg:  0.0, Max: 0, Diff: 0, Sum: 0, Workers: 4
[258.628s][debug][gc,phases      ] GC(190)     Total                          Min: 0, Avg:  0.0, Max: 0, Diff: 0, Sum: 0, Workers: 4
[258.628s][debug][gc,phases      ] GC(190)   Weak JFR Old Object Samples    Min:  0.0, Avg:  0.0, Max:  0.0, Diff:  0.0, Sum:  0.0, Workers: 4
[258.628s][debug][gc,phases      ] GC(190)     Dead                           Min: 0, Avg:  0.0, Max: 0, Diff: 0, Sum: 0, Workers: 4
[258.628s][debug][gc,phases      ] GC(190)     Total                          Min: 0, Avg:  0.0, Max: 0, Diff: 0, Sum: 0, Workers: 4
[258.628s][debug][gc,phases      ] GC(190) Weak Processing 0.381ms
[258.628s][debug][gc,age         ] GC(190) Desired survivor size 218103808 bytes, new threshold 15 (max threshold 15)
[258.628s][info ][gc,heap        ] GC(190) PSYoungGen: 1828927K(1885696K)->87705K(1761792K) Eden: 1673728K(1673728K)->0K(1673728K) From: 155199K(211968K)->87705K(88064K)
[258.629s][info ][gc,heap        ] GC(190) ParOldGen: 530471K(698880K)->530479K(698880K)
[258.629s][info ][gc,metaspace   ] GC(190) Metaspace: 85988K(86912K)->85988K(86912K) NonClass: 74055K(74560K)->74055K(74560K) Class: 11932K(12352K)->11932K(12352K)
[258.629s][info ][gc             ] GC(190) Pause Young (GCLocker Initiated GC) 2304M->603M(2403M) 20.963ms
[258.629s][info ][gc,cpu         ] GC(190) User=0.08s Sys=0.00s Real=0.02s
[258.629s][info ][safepoint      ] Safepoint "ParallelGCSystemGC", Time since last: 87105 ns, Reaching safepoint: 17701 ns, At safepoint: 21043612 ns, Total: 21061313 ns
[259.629s][info ][safepoint      ] Safepoint "Cleanup", Time since last: 1000088600 ns, Reaching safepoint: 147408 ns, At safepoint: 18201 ns, Total: 165609 ns
[260.619s][info ][gc,start       ] GC(191) Pause Young (Allocation Failure)
[260.645s][debug][gc,phases      ] GC(191) Scavenge 25.064ms
[260.645s][debug][gc,ref         ] GC(191) Skipped phase 1 of Reference Processing: no references
[260.645s][debug][gc,ref         ] GC(191) ReferenceProcessor::execute queues: 1, RefProcThreadModel::Single, marks_oops_alive: false
[260.645s][debug][gc,ref         ] GC(191) Skipped phase 3 of Reference Processing: no references
[260.645s][debug][gc,ref         ] GC(191) ReferenceProcessor::execute queues: 1, RefProcThreadModel::Single, marks_oops_alive: false
[260.645s][debug][gc,phases      ] GC(191) Reference Processing 0.140ms
[260.645s][debug][gc,phases      ] GC(191)   VM Weak                        Min:  0.0, Avg:  0.0, Max:  0.0, Diff:  0.0, Sum:  0.0, Workers: 4
[260.645s][debug][gc,phases      ] GC(191)     Dead                           Min: 0, Avg:  0.0, Max: 0, Diff: 0, Sum: 0, Workers: 4
[260.645s][debug][gc,phases      ] GC(191)     Total                          Min: 0, Avg: 182.2, Max: 537, Diff: 537, Sum: 729, Workers: 4
[260.645s][debug][gc,phases      ] GC(191)   ObjectSynchronizer Weak        Min:  0.0, Avg:  0.0, Max:  0.0, Diff:  0.0, Sum:  0.0, Workers: 4
[260.645s][debug][gc,phases      ] GC(191)     Dead                           Min: 0, Avg:  0.0, Max: 0, Diff: 0, Sum: 0, Workers: 4
[260.645s][debug][gc,phases      ] GC(191)     Total                          Min: 0, Avg: 139.2, Max: 320, Diff: 320, Sum: 557, Workers: 4
[260.645s][debug][gc,phases      ] GC(191)   JVMTI Tag Weak OopStorage      Min:  0.0, Avg:  0.0, Max:  0.0, Diff:  0.0, Sum:  0.0, Workers: 4
[260.645s][debug][gc,phases      ] GC(191)     Dead                           Min: 0, Avg:  0.0, Max: 0, Diff: 0, Sum: 0, Workers: 4
[260.645s][debug][gc,phases      ] GC(191)     Total                          Min: 0, Avg:  0.0, Max: 0, Diff: 0, Sum: 0, Workers: 4
[260.645s][debug][gc,phases      ] GC(191)   StringTable Weak               Min:  0.1, Avg:  0.1, Max:  0.1, Diff:  0.0, Sum:  0.4, Workers: 4
[260.645s][debug][gc,phases      ] GC(191)     Dead                           Min: 0, Avg:  0.0, Max: 0, Diff: 0, Sum: 0, Workers: 4
[260.645s][debug][gc,phases      ] GC(191)     Total                          Min: 11200, Avg: 12155.8, Max: 12608, Diff: 1408, Sum: 48623, Workers: 4
[260.645s][debug][gc,phases      ] GC(191)   ResolvedMethodTable Weak       Min:  0.0, Avg:  0.0, Max:  0.0, Diff:  0.0, Sum:  0.1, Workers: 4
[260.645s][debug][gc,phases      ] GC(191)     Dead                           Min: 0, Avg:  0.0, Max: 0, Diff: 0, Sum: 0, Workers: 4
[260.645s][debug][gc,phases      ] GC(191)     Total                          Min: 2112, Avg: 2220.0, Max: 2304, Diff: 192, Sum: 8880, Workers: 4
[260.645s][debug][gc,phases      ] GC(191)   JNI Weak                       Min:  0.0, Avg:  0.0, Max:  0.0, Diff:  0.0, Sum:  0.0, Workers: 4
[260.645s][debug][gc,phases      ] GC(191)     Dead                           Min: 0, Avg:  0.0, Max: 0, Diff: 0, Sum: 0, Workers: 4
[260.645s][debug][gc,phases      ] GC(191)     Total                          Min: 0, Avg:  0.0, Max: 0, Diff: 0, Sum: 0, Workers: 4
[260.645s][debug][gc,phases      ] GC(191)   StringDedup Table Weak         Min:  0.0, Avg:  0.0, Max:  0.0, Diff:  0.0, Sum:  0.0, Workers: 4
[260.645s][debug][gc,phases      ] GC(191)     Dead                           Min: 0, Avg:  0.0, Max: 0, Diff: 0, Sum: 0, Workers: 4
[260.645s][debug][gc,phases      ] GC(191)     Total                          Min: 0, Avg:  0.0, Max: 0, Diff: 0, Sum: 0, Workers: 4
[260.645s][debug][gc,phases      ] GC(191)   StringDedup Requests0 Weak     Min:  0.0, Avg:  0.0, Max:  0.0, Diff:  0.0, Sum:  0.0, Workers: 4
[260.645s][debug][gc,phases      ] GC(191)     Dead                           Min: 0, Avg:  0.0, Max: 0, Diff: 0, Sum: 0, Workers: 4
[260.645s][debug][gc,phases      ] GC(191)     Total                          Min: 0, Avg:  0.0, Max: 0, Diff: 0, Sum: 0, Workers: 4
[260.645s][debug][gc,phases      ] GC(191)   StringDedup Requests1 Weak     Min:  0.0, Avg:  0.0, Max:  0.0, Diff:  0.0, Sum:  0.0, Workers: 4
[260.645s][debug][gc,phases      ] GC(191)     Dead                           Min: 0, Avg:  0.0, Max: 0, Diff: 0, Sum: 0, Workers: 4
[260.645s][debug][gc,phases      ] GC(191)     Total                          Min: 0, Avg:  0.0, Max: 0, Diff: 0, Sum: 0, Workers: 4
[260.645s][debug][gc,phases      ] GC(191)   Weak JFR Old Object Samples    Min:  0.0, Avg:  0.0, Max:  0.0, Diff:  0.0, Sum:  0.0, Workers: 4
[260.645s][debug][gc,phases      ] GC(191)     Dead                           Min: 0, Avg:  0.0, Max: 0, Diff: 0, Sum: 0, Workers: 4
[260.645s][debug][gc,phases      ] GC(191)     Total                          Min: 0, Avg:  0.0, Max: 0, Diff: 0, Sum: 0, Workers: 4
[260.645s][debug][gc,phases      ] GC(191) Weak Processing 0.331ms
[260.645s][debug][gc,age         ] GC(191) Desired survivor size 216006656 bytes, new threshold 15 (max threshold 15)
[260.645s][info ][gc,heap        ] GC(191) PSYoungGen: 1761433K(1761792K)->99954K(1886208K) Eden: 1673728K(1673728K)->0K(1673216K) From: 87705K(88064K)->99954K(212992K)
[260.645s][info ][gc,heap        ] GC(191) ParOldGen: 530480K(698880K)->530488K(698880K)
[260.645s][info ][gc,metaspace   ] GC(191) Metaspace: 85992K(86912K)->85992K(86912K) NonClass: 74059K(74560K)->74059K(74560K) Class: 11933K(12352K)->11933K(12352K)
[260.645s][info ][gc             ] GC(191) Pause Young (Allocation Failure) 2238M->615M(2524M) 25.677ms
[260.645s][info ][gc,cpu         ] GC(191) User=0.11s Sys=0.00s Real=0.03s
[260.645s][info ][safepoint      ] Safepoint "ParallelGCFailedAllocation", Time since last: 990493447 ns, Reaching safepoint: 59903 ns, At safepoint: 25763684 ns, Total: 25823587 ns
[261.645s][info ][safepoint      ] Safepoint "Cleanup", Time since last: 1000088298 ns, Reaching safepoint: 126008 ns, At safepoint: 17701 ns, Total: 143709 ns
[261.930s][info ][gc,start       ] GC(192) Pause Young (Allocation Failure)
[261.973s][debug][gc,phases      ] GC(192) Scavenge 43.261ms
[261.973s][debug][gc,ref         ] GC(192) Skipped phase 1 of Reference Processing: no references
[261.973s][debug][gc,ref         ] GC(192) ReferenceProcessor::execute queues: 1, RefProcThreadModel::Single, marks_oops_alive: false
[261.973s][debug][gc,ref         ] GC(192) Skipped phase 3 of Reference Processing: no references
[261.973s][debug][gc,ref         ] GC(192) Skipped phase 4 of Reference Processing: no references
[261.973s][debug][gc,phases      ] GC(192) Reference Processing 0.129ms
[261.973s][debug][gc,phases      ] GC(192)   VM Weak                        Min:  0.0, Avg:  0.0, Max:  0.0, Diff:  0.0, Sum:  0.0, Workers: 4
[261.973s][debug][gc,phases      ] GC(192)     Dead                           Min: 0, Avg:  0.0, Max: 0, Diff: 0, Sum: 0, Workers: 4
[261.973s][debug][gc,phases      ] GC(192)     Total                          Min: 0, Avg: 182.2, Max: 512, Diff: 512, Sum: 729, Workers: 4
[261.973s][debug][gc,phases      ] GC(192)   ObjectSynchronizer Weak        Min:  0.0, Avg:  0.0, Max:  0.0, Diff:  0.0, Sum:  0.0, Workers: 4
[261.973s][debug][gc,phases      ] GC(192)     Dead                           Min: 0, Avg:  0.0, Max: 0, Diff: 0, Sum: 0, Workers: 4
[261.973s][debug][gc,phases      ] GC(192)     Total                          Min: 0, Avg: 139.2, Max: 192, Diff: 192, Sum: 557, Workers: 4
[261.973s][debug][gc,phases      ] GC(192)   JVMTI Tag Weak OopStorage      Min:  0.0, Avg:  0.0, Max:  0.0, Diff:  0.0, Sum:  0.0, Workers: 4
[261.973s][debug][gc,phases      ] GC(192)     Dead                           Min: 0, Avg:  0.0, Max: 0, Diff: 0, Sum: 0, Workers: 4
[261.973s][debug][gc,phases      ] GC(192)     Total                          Min: 0, Avg:  0.0, Max: 0, Diff: 0, Sum: 0, Workers: 4
[261.973s][debug][gc,phases      ] GC(192)   StringTable Weak               Min:  0.1, Avg:  0.1, Max:  0.1, Diff:  0.0, Sum:  0.6, Workers: 4
[261.973s][debug][gc,phases      ] GC(192)     Dead                           Min: 0, Avg:  0.0, Max: 0, Diff: 0, Sum: 0, Workers: 4
[261.973s][debug][gc,phases      ] GC(192)     Total                          Min: 10752, Avg: 12155.8, Max: 13167, Diff: 2415, Sum: 48623, Workers: 4
[261.973s][debug][gc,phases      ] GC(192)   ResolvedMethodTable Weak       Min:  0.0, Avg:  0.0, Max:  0.0, Diff:  0.0, Sum:  0.1, Workers: 4
[261.973s][debug][gc,phases      ] GC(192)     Dead                           Min: 0, Avg:  0.0, Max: 0, Diff: 0, Sum: 0, Workers: 4
[261.973s][debug][gc,phases      ] GC(192)     Total                          Min: 2048, Avg: 2220.0, Max: 2368, Diff: 320, Sum: 8880, Workers: 4
[261.973s][debug][gc,phases      ] GC(192)   JNI Weak                       Min:  0.0, Avg:  0.0, Max:  0.0, Diff:  0.0, Sum:  0.0, Workers: 4
[261.973s][debug][gc,phases      ] GC(192)     Dead                           Min: 0, Avg:  0.0, Max: 0, Diff: 0, Sum: 0, Workers: 4
[261.973s][debug][gc,phases      ] GC(192)     Total                          Min: 0, Avg:  0.2, Max: 1, Diff: 1, Sum: 1, Workers: 4
[261.973s][debug][gc,phases      ] GC(192)   StringDedup Table Weak         Min:  0.0, Avg:  0.0, Max:  0.0, Diff:  0.0, Sum:  0.0, Workers: 4
[261.973s][debug][gc,phases      ] GC(192)     Dead                           Min: 0, Avg:  0.0, Max: 0, Diff: 0, Sum: 0, Workers: 4
[261.973s][debug][gc,phases      ] GC(192)     Total                          Min: 0, Avg:  0.0, Max: 0, Diff: 0, Sum: 0, Workers: 4
[261.973s][debug][gc,phases      ] GC(192)   StringDedup Requests0 Weak     Min:  0.0, Avg:  0.0, Max:  0.0, Diff:  0.0, Sum:  0.0, Workers: 4
[261.973s][debug][gc,phases      ] GC(192)     Dead                           Min: 0, Avg:  0.0, Max: 0, Diff: 0, Sum: 0, Workers: 4
[261.973s][debug][gc,phases      ] GC(192)     Total                          Min: 0, Avg:  0.0, Max: 0, Diff: 0, Sum: 0, Workers: 4
[261.973s][debug][gc,phases      ] GC(192)   StringDedup Requests1 Weak     Min:  0.0, Avg:  0.0, Max:  0.0, Diff:  0.0, Sum:  0.0, Workers: 4
[261.973s][debug][gc,phases      ] GC(192)     Dead                           Min: 0, Avg:  0.0, Max: 0, Diff: 0, Sum: 0, Workers: 4
[261.973s][debug][gc,phases      ] GC(192)     Total                          Min: 0, Avg:  0.0, Max: 0, Diff: 0, Sum: 0, Workers: 4
[261.973s][debug][gc,phases      ] GC(192)   Weak JFR Old Object Samples    Min:  0.0, Avg:  0.0, Max:  0.0, Diff:  0.0, Sum:  0.0, Workers: 4
[261.973s][debug][gc,phases      ] GC(192)     Dead                           Min: 0, Avg:  0.0, Max: 0, Diff: 0, Sum: 0, Workers: 4
[261.973s][debug][gc,phases      ] GC(192)     Total                          Min: 0, Avg:  0.0, Max: 0, Diff: 0, Sum: 0, Workers: 4
[261.973s][debug][gc,phases      ] GC(192) Weak Processing 0.388ms
[261.973s][debug][gc,age         ] GC(192) Desired survivor size 217055232 bytes, new threshold 15 (max threshold 15)
[261.973s][info ][gc,heap        ] GC(192) PSYoungGen: 1773170K(1886208K)->155739K(1884160K) Eden: 1673216K(1673216K)->0K(1673216K) From: 99954K(212992K)->155739K(210944K)
[261.974s][info ][gc,heap        ] GC(192) ParOldGen: 530488K(698880K)->530488K(698880K)
[261.974s][info ][gc,metaspace   ] GC(192) Metaspace: 85994K(86912K)->85994K(86912K) NonClass: 74061K(74560K)->74061K(74560K) Class: 11933K(12352K)->11933K(12352K)
[261.974s][info ][gc             ] GC(192) Pause Young (Allocation Failure) 2249M->670M(2522M) 43.924ms
[261.974s][info ][gc,cpu         ] GC(192) User=0.17s Sys=0.01s Real=0.04s
[261.974s][info ][safepoint      ] Safepoint "ParallelGCFailedAllocation", Time since last: 284044359 ns, Reaching safepoint: 130807 ns, At safepoint: 44029036 ns, Total: 44159843 ns
[262.974s][info ][safepoint      ] Safepoint "Cleanup", Time since last: 1000087698 ns, Reaching safepoint: 73104 ns, At safepoint: 5801 ns, Total: 78905 ns
[264.160s][info ][safepoint      ] Safepoint "Cleanup", Time since last: 1186393727 ns, Reaching safepoint: 238314 ns, At safepoint: 19401 ns, Total: 257715 ns
[264.495s][info ][gc,start       ] GC(193) Pause Young (Allocation Failure)
[264.539s][debug][gc,phases      ] GC(193) Scavenge 43.691ms
[264.539s][debug][gc,ref         ] GC(193) Skipped phase 1 of Reference Processing: no references
[264.539s][debug][gc,ref         ] GC(193) ReferenceProcessor::execute queues: 1, RefProcThreadModel::Single, marks_oops_alive: false
[264.539s][debug][gc,ref         ] GC(193) Skipped phase 3 of Reference Processing: no references
[264.539s][debug][gc,ref         ] GC(193) ReferenceProcessor::execute queues: 1, RefProcThreadModel::Single, marks_oops_alive: false
[264.539s][debug][gc,phases      ] GC(193) Reference Processing 0.120ms
[264.539s][debug][gc,phases      ] GC(193)   VM Weak                        Min:  0.0, Avg:  0.0, Max:  0.0, Diff:  0.0, Sum:  0.0, Workers: 4
[264.539s][debug][gc,phases      ] GC(193)     Dead                           Min: 0, Avg:  0.0, Max: 0, Diff: 0, Sum: 0, Workers: 4
[264.539s][debug][gc,phases      ] GC(193)     Total                          Min: 0, Avg: 185.8, Max: 512, Diff: 512, Sum: 743, Workers: 4
[264.539s][debug][gc,phases      ] GC(193)   ObjectSynchronizer Weak        Min:  0.0, Avg:  0.0, Max:  0.0, Diff:  0.0, Sum:  0.0, Workers: 4
[264.539s][debug][gc,phases      ] GC(193)     Dead                           Min: 0, Avg:  0.0, Max: 0, Diff: 0, Sum: 0, Workers: 4
[264.539s][debug][gc,phases      ] GC(193)     Total                          Min: 0, Avg: 139.2, Max: 256, Diff: 256, Sum: 557, Workers: 4
[264.539s][debug][gc,phases      ] GC(193)   JVMTI Tag Weak OopStorage      Min:  0.0, Avg:  0.0, Max:  0.0, Diff:  0.0, Sum:  0.0, Workers: 4
[264.539s][debug][gc,phases      ] GC(193)     Dead                           Min: 0, Avg:  0.0, Max: 0, Diff: 0, Sum: 0, Workers: 4
[264.539s][debug][gc,phases      ] GC(193)     Total                          Min: 0, Avg:  0.0, Max: 0, Diff: 0, Sum: 0, Workers: 4
[264.539s][debug][gc,phases      ] GC(193)   StringTable Weak               Min:  0.1, Avg:  0.1, Max:  0.1, Diff:  0.0, Sum:  0.5, Workers: 4
[264.539s][debug][gc,phases      ] GC(193)     Dead                           Min: 0, Avg:  0.0, Max: 0, Diff: 0, Sum: 0, Workers: 4
[264.539s][debug][gc,phases      ] GC(193)     Total                          Min: 11648, Avg: 12159.5, Max: 12798, Diff: 1150, Sum: 48638, Workers: 4
[264.539s][debug][gc,phases      ] GC(193)   ResolvedMethodTable Weak       Min:  0.0, Avg:  0.0, Max:  0.0, Diff:  0.0, Sum:  0.1, Workers: 4
[264.539s][debug][gc,phases      ] GC(193)     Dead                           Min: 0, Avg:  0.0, Max: 0, Diff: 0, Sum: 0, Workers: 4
[264.539s][debug][gc,phases      ] GC(193)     Total                          Min: 2176, Avg: 2225.2, Max: 2245, Diff: 69, Sum: 8901, Workers: 4
[264.539s][debug][gc,phases      ] GC(193)   JNI Weak                       Min:  0.0, Avg:  0.0, Max:  0.0, Diff:  0.0, Sum:  0.0, Workers: 4
[264.539s][debug][gc,phases      ] GC(193)     Dead                           Min: 0, Avg:  0.0, Max: 0, Diff: 0, Sum: 0, Workers: 4
[264.539s][debug][gc,phases      ] GC(193)     Total                          Min: 0, Avg:  0.0, Max: 0, Diff: 0, Sum: 0, Workers: 4
[264.539s][debug][gc,phases      ] GC(193)   StringDedup Table Weak         Min:  0.0, Avg:  0.0, Max:  0.0, Diff:  0.0, Sum:  0.0, Workers: 4
[264.539s][debug][gc,phases      ] GC(193)     Dead                           Min: 0, Avg:  0.0, Max: 0, Diff: 0, Sum: 0, Workers: 4
[264.539s][debug][gc,phases      ] GC(193)     Total                          Min: 0, Avg:  0.0, Max: 0, Diff: 0, Sum: 0, Workers: 4
[264.539s][debug][gc,phases      ] GC(193)   StringDedup Requests0 Weak     Min:  0.0, Avg:  0.0, Max:  0.0, Diff:  0.0, Sum:  0.0, Workers: 4
[264.539s][debug][gc,phases      ] GC(193)     Dead                           Min: 0, Avg:  0.0, Max: 0, Diff: 0, Sum: 0, Workers: 4
[264.539s][debug][gc,phases      ] GC(193)     Total                          Min: 0, Avg:  0.0, Max: 0, Diff: 0, Sum: 0, Workers: 4
[264.539s][debug][gc,phases      ] GC(193)   StringDedup Requests1 Weak     Min:  0.0, Avg:  0.0, Max:  0.0, Diff:  0.0, Sum:  0.0, Workers: 4
[264.540s][debug][gc,phases      ] GC(193)     Dead                           Min: 0, Avg:  0.0, Max: 0, Diff: 0, Sum: 0, Workers: 4
[264.540s][debug][gc,phases      ] GC(193)     Total                          Min: 0, Avg:  0.0, Max: 0, Diff: 0, Sum: 0, Workers: 4
[264.540s][debug][gc,phases      ] GC(193)   Weak JFR Old Object Samples    Min:  0.0, Avg:  0.0, Max:  0.0, Diff:  0.0, Sum:  0.0, Workers: 4
[264.540s][debug][gc,phases      ] GC(193)     Dead                           Min: 0, Avg:  0.0, Max: 0, Diff: 0, Sum: 0, Workers: 4
[264.540s][debug][gc,phases      ] GC(193)     Total                          Min: 0, Avg:  0.0, Max: 0, Diff: 0, Sum: 0, Workers: 4
[264.540s][debug][gc,phases      ] GC(193) Weak Processing 0.358ms
[264.540s][debug][gc,age         ] GC(193) Desired survivor size 227540992 bytes, new threshold 15 (max threshold 15)
[264.540s][info ][gc,heap        ] GC(193) PSYoungGen: 1828955K(1884160K)->181555K(1864704K) Eden: 1673216K(1673216K)->0K(1652736K) From: 155739K(210944K)->181555K(211968K)
[264.540s][info ][gc,heap        ] GC(193) ParOldGen: 530488K(698880K)->530488K(698880K)
[264.540s][info ][gc,metaspace   ] GC(193) Metaspace: 86061K(86976K)->86061K(86976K) NonClass: 74116K(74624K)->74116K(74624K) Class: 11944K(12352K)->11944K(12352K)
[264.540s][info ][gc             ] GC(193) Pause Young (Allocation Failure) 2304M->695M(2503M) 44.303ms
[264.540s][info ][gc,cpu         ] GC(193) User=0.17s Sys=0.01s Real=0.04s
[264.540s][info ][safepoint      ] Safepoint "ParallelGCFailedAllocation", Time since last: 334775480 ns, Reaching safepoint: 61004 ns, At safepoint: 44389156 ns, Total: 44450160 ns
[265.540s][info ][safepoint      ] Safepoint "Cleanup", Time since last: 1000090597 ns, Reaching safepoint: 129108 ns, At safepoint: 11400 ns, Total: 140508 ns
[266.540s][info ][safepoint      ] Safepoint "Cleanup", Time since last: 1000098197 ns, Reaching safepoint: 144809 ns, At safepoint: 10700 ns, Total: 155509 ns
[267.540s][info ][safepoint      ] Safepoint "Cleanup", Time since last: 1000097297 ns, Reaching safepoint: 122507 ns, At safepoint: 6501 ns, Total: 129008 ns
[268.963s][info ][safepoint      ] Safepoint "Cleanup", Time since last: 1422375915 ns, Reaching safepoint: 191211 ns, At safepoint: 32702 ns, Total: 223913 ns
[269.963s][info ][safepoint      ] Safepoint "Cleanup", Time since last: 1000107796 ns, Reaching safepoint: 50303 ns, At safepoint: 4001 ns, Total: 54304 ns
[270.963s][info ][safepoint      ] Safepoint "Cleanup", Time since last: 1000095795 ns, Reaching safepoint: 50003 ns, At safepoint: 6500 ns, Total: 56503 ns
[271.963s][info ][safepoint      ] Safepoint "Cleanup", Time since last: 1000104995 ns, Reaching safepoint: 62004 ns, At safepoint: 5100 ns, Total: 67104 ns
[272.964s][info ][safepoint      ] Safepoint "Cleanup", Time since last: 1000105195 ns, Reaching safepoint: 71104 ns, At safepoint: 8901 ns, Total: 80005 ns
[273.964s][info ][safepoint      ] Safepoint "Cleanup", Time since last: 1000089794 ns, Reaching safepoint: 48503 ns, At safepoint: 3100 ns, Total: 51603 ns
[274.964s][info ][safepoint      ] Safepoint "Cleanup", Time since last: 1000100594 ns, Reaching safepoint: 51203 ns, At safepoint: 4600 ns, Total: 55803 ns
[275.964s][info ][safepoint      ] Safepoint "Cleanup", Time since last: 1000101294 ns, Reaching safepoint: 122207 ns, At safepoint: 8900 ns, Total: 131107 ns
[276.941s][info ][gc,start       ] GC(194) Pause Young (Allocation Failure)
[276.975s][debug][gc,phases      ] GC(194) Scavenge 33.444ms
[276.975s][debug][gc,ref         ] GC(194) Skipped phase 1 of Reference Processing: no references
[276.975s][debug][gc,ref         ] GC(194) ReferenceProcessor::execute queues: 1, RefProcThreadModel::Single, marks_oops_alive: false
[276.975s][debug][gc,ref         ] GC(194) Skipped phase 3 of Reference Processing: no references
[276.975s][debug][gc,ref         ] GC(194) ReferenceProcessor::execute queues: 1, RefProcThreadModel::Single, marks_oops_alive: false
[276.975s][debug][gc,phases      ] GC(194) Reference Processing 0.130ms
[276.975s][debug][gc,phases      ] GC(194)   VM Weak                        Min:  0.0, Avg:  0.0, Max:  0.0, Diff:  0.0, Sum:  0.0, Workers: 4
[276.975s][debug][gc,phases      ] GC(194)     Dead                           Min: 0, Avg:  0.0, Max: 0, Diff: 0, Sum: 0, Workers: 4
[276.975s][debug][gc,phases      ] GC(194)     Total                          Min: 0, Avg: 185.8, Max: 679, Diff: 679, Sum: 743, Workers: 4
[276.975s][debug][gc,phases      ] GC(194)   ObjectSynchronizer Weak        Min:  0.0, Avg:  0.0, Max:  0.0, Diff:  0.0, Sum:  0.0, Workers: 4
[276.975s][debug][gc,phases      ] GC(194)     Dead                           Min: 0, Avg:  0.0, Max: 0, Diff: 0, Sum: 0, Workers: 4
[276.975s][debug][gc,phases      ] GC(194)     Total                          Min: 0, Avg: 139.2, Max: 301, Diff: 301, Sum: 557, Workers: 4
[276.975s][debug][gc,phases      ] GC(194)   JVMTI Tag Weak OopStorage      Min:  0.0, Avg:  0.0, Max:  0.0, Diff:  0.0, Sum:  0.0, Workers: 4
[276.975s][debug][gc,phases      ] GC(194)     Dead                           Min: 0, Avg:  0.0, Max: 0, Diff: 0, Sum: 0, Workers: 4
[276.975s][debug][gc,phases      ] GC(194)     Total                          Min: 0, Avg:  0.0, Max: 0, Diff: 0, Sum: 0, Workers: 4
[276.975s][debug][gc,phases      ] GC(194)   StringTable Weak               Min:  0.1, Avg:  0.1, Max:  0.1, Diff:  0.0, Sum:  0.4, Workers: 4
[276.975s][debug][gc,phases      ] GC(194)     Dead                           Min: 0, Avg:  0.0, Max: 0, Diff: 0, Sum: 0, Workers: 4
[276.975s][debug][gc,phases      ] GC(194)     Total                          Min: 10240, Avg: 12163.5, Max: 12928, Diff: 2688, Sum: 48654, Workers: 4
[276.975s][debug][gc,phases      ] GC(194)   ResolvedMethodTable Weak       Min:  0.0, Avg:  0.0, Max:  0.0, Diff:  0.0, Sum:  0.1, Workers: 4
[276.975s][debug][gc,phases      ] GC(194)     Dead                           Min: 0, Avg:  0.0, Max: 0, Diff: 0, Sum: 0, Workers: 4
[276.975s][debug][gc,phases      ] GC(194)     Total                          Min: 1984, Avg: 2227.8, Max: 2368, Diff: 384, Sum: 8911, Workers: 4
[276.975s][debug][gc,phases      ] GC(194)   JNI Weak                       Min:  0.0, Avg:  0.0, Max:  0.0, Diff:  0.0, Sum:  0.0, Workers: 4
[276.975s][debug][gc,phases      ] GC(194)     Dead                           Min: 0, Avg:  0.0, Max: 0, Diff: 0, Sum: 0, Workers: 4
[276.975s][debug][gc,phases      ] GC(194)     Total                          Min: 0, Avg:  0.0, Max: 0, Diff: 0, Sum: 0, Workers: 4
[276.975s][debug][gc,phases      ] GC(194)   StringDedup Table Weak         Min:  0.0, Avg:  0.0, Max:  0.0, Diff:  0.0, Sum:  0.0, Workers: 4
[276.975s][debug][gc,phases      ] GC(194)     Dead                           Min: 0, Avg:  0.0, Max: 0, Diff: 0, Sum: 0, Workers: 4
[276.975s][debug][gc,phases      ] GC(194)     Total                          Min: 0, Avg:  0.0, Max: 0, Diff: 0, Sum: 0, Workers: 4
[276.975s][debug][gc,phases      ] GC(194)   StringDedup Requests0 Weak     Min:  0.0, Avg:  0.0, Max:  0.0, Diff:  0.0, Sum:  0.0, Workers: 4
[276.975s][debug][gc,phases      ] GC(194)     Dead                           Min: 0, Avg:  0.0, Max: 0, Diff: 0, Sum: 0, Workers: 4
[276.975s][debug][gc,phases      ] GC(194)     Total                          Min: 0, Avg:  0.0, Max: 0, Diff: 0, Sum: 0, Workers: 4
[276.975s][debug][gc,phases      ] GC(194)   StringDedup Requests1 Weak     Min:  0.0, Avg:  0.0, Max:  0.0, Diff:  0.0, Sum:  0.0, Workers: 4
[276.975s][debug][gc,phases      ] GC(194)     Dead                           Min: 0, Avg:  0.0, Max: 0, Diff: 0, Sum: 0, Workers: 4
[276.975s][debug][gc,phases      ] GC(194)     Total                          Min: 0, Avg:  0.0, Max: 0, Diff: 0, Sum: 0, Workers: 4
[276.975s][debug][gc,phases      ] GC(194)   Weak JFR Old Object Samples    Min:  0.0, Avg:  0.0, Max:  0.0, Diff:  0.0, Sum:  0.0, Workers: 4
[276.975s][debug][gc,phases      ] GC(194)     Dead                           Min: 0, Avg:  0.0, Max: 0, Diff: 0, Sum: 0, Workers: 4
[276.975s][debug][gc,phases      ] GC(194)     Total                          Min: 0, Avg:  0.0, Max: 0, Diff: 0, Sum: 0, Workers: 4
[276.976s][debug][gc,phases      ] GC(194) Weak Processing 0.352ms
[276.976s][debug][gc,age         ] GC(194) Desired survivor size 228589568 bytes, new threshold 15 (max threshold 15)
[276.976s][info ][gc,heap        ] GC(194) PSYoungGen: 1834291K(1864704K)->162811K(1815552K) Eden: 1652736K(1652736K)->0K(1652736K) From: 181555K(211968K)->162811K(162816K)
[276.976s][info ][gc,heap        ] GC(194) ParOldGen: 530488K(698880K)->530496K(698880K)
[276.976s][info ][gc,metaspace   ] GC(194) Metaspace: 86165K(87168K)->86165K(87168K) NonClass: 74212K(74752K)->74212K(74752K) Class: 11952K(12416K)->11952K(12416K)
[276.976s][info ][gc             ] GC(194) Pause Young (Allocation Failure) 2309M->677M(2455M) 34.069ms
[276.976s][info ][gc,cpu         ] GC(194) User=0.13s Sys=0.00s Real=0.04s
[276.976s][info ][safepoint      ] Safepoint "ParallelGCFailedAllocation", Time since last: 977174373 ns, Reaching safepoint: 132208 ns, At safepoint: 34173568 ns, Total: 34305776 ns
[277.976s][info ][safepoint      ] Safepoint "Cleanup", Time since last: 1000274102 ns, Reaching safepoint: 58204 ns, At safepoint: 9000 ns, Total: 67204 ns
[278.976s][info ][safepoint      ] Safepoint "Cleanup", Time since last: 1000077591 ns, Reaching safepoint: 46403 ns, At safepoint: 3200 ns, Total: 49603 ns
[279.976s][info ][safepoint      ] Safepoint "Cleanup", Time since last: 1000104592 ns, Reaching safepoint: 52504 ns, At safepoint: 8100 ns, Total: 60604 ns
[280.976s][info ][safepoint      ] Safepoint "Cleanup", Time since last: 1000094491 ns, Reaching safepoint: 54803 ns, At safepoint: 3601 ns, Total: 58404 ns
[283.977s][info ][safepoint      ] Safepoint "Cleanup", Time since last: 3000216367 ns, Reaching safepoint: 55704 ns, At safepoint: 3100 ns, Total: 58804 ns
[284.977s][info ][safepoint      ] Safepoint "Cleanup", Time since last: 1000108690 ns, Reaching safepoint: 51603 ns, At safepoint: 3601 ns, Total: 55204 ns
[285.977s][info ][safepoint      ] Safepoint "Cleanup", Time since last: 1000093189 ns, Reaching safepoint: 67604 ns, At safepoint: 6400 ns, Total: 74004 ns
[286.977s][info ][safepoint      ] Safepoint "Cleanup", Time since last: 1000092389 ns, Reaching safepoint: 52403 ns, At safepoint: 5100 ns, Total: 57503 ns
[287.977s][info ][safepoint      ] Safepoint "Cleanup", Time since last: 1000101489 ns, Reaching safepoint: 52103 ns, At safepoint: 6701 ns, Total: 58804 ns
[288.977s][info ][safepoint      ] Safepoint "Cleanup", Time since last: 1000099788 ns, Reaching safepoint: 53303 ns, At safepoint: 7201 ns, Total: 60504 ns
[289.978s][info ][safepoint      ] Safepoint "Cleanup", Time since last: 1000097388 ns, Reaching safepoint: 51903 ns, At safepoint: 3300 ns, Total: 55203 ns
[290.834s][info ][gc,start       ] GC(195) Pause Young (Allocation Failure)
[290.886s][debug][gc,phases      ] GC(195) Scavenge 51.868ms
[290.886s][debug][gc,ref         ] GC(195) Skipped phase 1 of Reference Processing: no references
[290.886s][debug][gc,ref         ] GC(195) ReferenceProcessor::execute queues: 1, RefProcThreadModel::Single, marks_oops_alive: false
[290.886s][debug][gc,ref         ] GC(195) Skipped phase 3 of Reference Processing: no references
[290.886s][debug][gc,ref         ] GC(195) ReferenceProcessor::execute queues: 1, RefProcThreadModel::Single, marks_oops_alive: false
[290.886s][debug][gc,phases      ] GC(195) Reference Processing 0.129ms
[290.886s][debug][gc,phases      ] GC(195)   VM Weak                        Min:  0.0, Avg:  0.0, Max:  0.0, Diff:  0.0, Sum:  0.0, Workers: 4
[290.886s][debug][gc,phases      ] GC(195)     Dead                           Min: 0, Avg:  0.0, Max: 0, Diff: 0, Sum: 0, Workers: 4
[290.886s][debug][gc,phases      ] GC(195)     Total                          Min: 0, Avg: 185.8, Max: 640, Diff: 640, Sum: 743, Workers: 4
[290.886s][debug][gc,phases      ] GC(195)   ObjectSynchronizer Weak        Min:  0.0, Avg:  0.0, Max:  0.0, Diff:  0.0, Sum:  0.0, Workers: 4
[290.886s][debug][gc,phases      ] GC(195)     Dead                           Min: 0, Avg:  0.0, Max: 0, Diff: 0, Sum: 0, Workers: 4
[290.886s][debug][gc,phases      ] GC(195)     Total                          Min: 0, Avg: 139.2, Max: 320, Diff: 320, Sum: 557, Workers: 4
[290.886s][debug][gc,phases      ] GC(195)   JVMTI Tag Weak OopStorage      Min:  0.0, Avg:  0.0, Max:  0.0, Diff:  0.0, Sum:  0.0, Workers: 4
[290.886s][debug][gc,phases      ] GC(195)     Dead                           Min: 0, Avg:  0.0, Max: 0, Diff: 0, Sum: 0, Workers: 4
[290.886s][debug][gc,phases      ] GC(195)     Total                          Min: 0, Avg:  0.0, Max: 0, Diff: 0, Sum: 0, Workers: 4
[290.886s][debug][gc,phases      ] GC(195)   StringTable Weak               Min:  0.1, Avg:  0.1, Max:  0.1, Diff:  0.0, Sum:  0.5, Workers: 4
[290.886s][debug][gc,phases      ] GC(195)     Dead                           Min: 0, Avg:  0.0, Max: 0, Diff: 0, Sum: 0, Workers: 4
[290.886s][debug][gc,phases      ] GC(195)     Total                          Min: 10688, Avg: 12164.5, Max: 13568, Diff: 2880, Sum: 48658, Workers: 4
[290.886s][debug][gc,phases      ] GC(195)   ResolvedMethodTable Weak       Min:  0.0, Avg:  0.0, Max:  0.0, Diff:  0.0, Sum:  0.1, Workers: 4
[290.886s][debug][gc,phases      ] GC(195)     Dead                           Min: 0, Avg:  0.0, Max: 0, Diff: 0, Sum: 0, Workers: 4
[290.886s][debug][gc,phases      ] GC(195)     Total                          Min: 2048, Avg: 2227.8, Max: 2383, Diff: 335, Sum: 8911, Workers: 4
[290.886s][debug][gc,phases      ] GC(195)   JNI Weak                       Min:  0.0, Avg:  0.0, Max:  0.0, Diff:  0.0, Sum:  0.0, Workers: 4
[290.886s][debug][gc,phases      ] GC(195)     Dead                           Min: 0, Avg:  0.0, Max: 0, Diff: 0, Sum: 0, Workers: 4
[290.886s][debug][gc,phases      ] GC(195)     Total                          Min: 0, Avg:  0.0, Max: 0, Diff: 0, Sum: 0, Workers: 4
[290.886s][debug][gc,phases      ] GC(195)   StringDedup Table Weak         Min:  0.0, Avg:  0.0, Max:  0.0, Diff:  0.0, Sum:  0.0, Workers: 4
[290.886s][debug][gc,phases      ] GC(195)     Dead                           Min: 0, Avg:  0.0, Max: 0, Diff: 0, Sum: 0, Workers: 4
[290.886s][debug][gc,phases      ] GC(195)     Total                          Min: 0, Avg:  0.0, Max: 0, Diff: 0, Sum: 0, Workers: 4
[290.886s][debug][gc,phases      ] GC(195)   StringDedup Requests0 Weak     Min:  0.0, Avg:  0.0, Max:  0.0, Diff:  0.0, Sum:  0.0, Workers: 4
[290.886s][debug][gc,phases      ] GC(195)     Dead                           Min: 0, Avg:  0.0, Max: 0, Diff: 0, Sum: 0, Workers: 4
[290.886s][debug][gc,phases      ] GC(195)     Total                          Min: 0, Avg:  0.0, Max: 0, Diff: 0, Sum: 0, Workers: 4
[290.886s][debug][gc,phases      ] GC(195)   StringDedup Requests1 Weak     Min:  0.0, Avg:  0.0, Max:  0.0, Diff:  0.0, Sum:  0.0, Workers: 4
[290.886s][debug][gc,phases      ] GC(195)     Dead                           Min: 0, Avg:  0.0, Max: 0, Diff: 0, Sum: 0, Workers: 4
[290.886s][debug][gc,phases      ] GC(195)     Total                          Min: 0, Avg:  0.0, Max: 0, Diff: 0, Sum: 0, Workers: 4
[290.886s][debug][gc,phases      ] GC(195)   Weak JFR Old Object Samples    Min:  0.0, Avg:  0.0, Max:  0.0, Diff:  0.0, Sum:  0.0, Workers: 4
[290.886s][debug][gc,phases      ] GC(195)     Dead                           Min: 0, Avg:  0.0, Max: 0, Diff: 0, Sum: 0, Workers: 4
[290.886s][debug][gc,phases      ] GC(195)     Total                          Min: 0, Avg:  0.0, Max: 0, Diff: 0, Sum: 0, Workers: 4
[290.886s][debug][gc,phases      ] GC(195) Weak Processing 0.358ms
[290.886s][debug][gc,age         ] GC(195) Desired survivor size 247988224 bytes, new threshold 15 (max threshold 15)
[290.886s][info ][gc,heap        ] GC(195) PSYoungGen: 1815547K(1815552K)->214819K(1836032K) Eden: 1652736K(1652736K)->0K(1612800K) From: 162811K(162816K)->214819K(223232K)
[290.886s][info ][gc,heap        ] GC(195) ParOldGen: 530496K(698880K)->530504K(698880K)
[290.886s][info ][gc,metaspace   ] GC(195) Metaspace: 86188K(87168K)->86188K(87168K) NonClass: 74236K(74752K)->74236K(74752K) Class: 11952K(12416K)->11952K(12416K)
[290.886s][info ][gc             ] GC(195) Pause Young (Allocation Failure) 2291M->727M(2475M) 52.499ms
[290.886s][info ][gc,cpu         ] GC(195) User=0.21s Sys=0.00s Real=0.06s
[290.886s][info ][safepoint      ] Safepoint "ParallelGCFailedAllocation", Time since last: 855816180 ns, Reaching safepoint: 120707 ns, At safepoint: 52599228 ns, Total: 52719935 ns
[292.630s][info ][gc,start       ] GC(196) Pause Young (Allocation Failure)
[292.673s][debug][gc,phases      ] GC(196) Scavenge 43.021ms
[292.674s][debug][gc,ref         ] GC(196) Skipped phase 1 of Reference Processing: no references
[292.674s][debug][gc,ref         ] GC(196) ReferenceProcessor::execute queues: 1, RefProcThreadModel::Single, marks_oops_alive: false
[292.674s][debug][gc,ref         ] GC(196) Skipped phase 3 of Reference Processing: no references
[292.674s][debug][gc,ref         ] GC(196) ReferenceProcessor::execute queues: 1, RefProcThreadModel::Single, marks_oops_alive: false
[292.674s][debug][gc,phases      ] GC(196) Reference Processing 0.149ms
[292.674s][debug][gc,phases      ] GC(196)   VM Weak                        Min:  0.0, Avg:  0.0, Max:  0.0, Diff:  0.0, Sum:  0.0, Workers: 4
[292.674s][debug][gc,phases      ] GC(196)     Dead                           Min: 0, Avg:  0.0, Max: 0, Diff: 0, Sum: 0, Workers: 4
[292.674s][debug][gc,phases      ] GC(196)     Total                          Min: 0, Avg: 185.8, Max: 359, Diff: 359, Sum: 743, Workers: 4
[292.674s][debug][gc,phases      ] GC(196)   ObjectSynchronizer Weak        Min:  0.0, Avg:  0.0, Max:  0.0, Diff:  0.0, Sum:  0.0, Workers: 4
[292.674s][debug][gc,phases      ] GC(196)     Dead                           Min: 0, Avg:  0.0, Max: 0, Diff: 0, Sum: 0, Workers: 4
[292.674s][debug][gc,phases      ] GC(196)     Total                          Min: 109, Avg: 139.2, Max: 192, Diff: 83, Sum: 557, Workers: 4
[292.674s][debug][gc,phases      ] GC(196)   JVMTI Tag Weak OopStorage      Min:  0.0, Avg:  0.0, Max:  0.0, Diff:  0.0, Sum:  0.0, Workers: 4
[292.674s][debug][gc,phases      ] GC(196)     Dead                           Min: 0, Avg:  0.0, Max: 0, Diff: 0, Sum: 0, Workers: 4
[292.674s][debug][gc,phases      ] GC(196)     Total                          Min: 0, Avg:  0.0, Max: 0, Diff: 0, Sum: 0, Workers: 4
[292.674s][debug][gc,phases      ] GC(196)   StringTable Weak               Min:  0.1, Avg:  0.1, Max:  0.1, Diff:  0.0, Sum:  0.5, Workers: 4
[292.674s][debug][gc,phases      ] GC(196)     Dead                           Min: 0, Avg:  0.0, Max: 0, Diff: 0, Sum: 0, Workers: 4
[292.674s][debug][gc,phases      ] GC(196)     Total                          Min: 10560, Avg: 12164.5, Max: 13650, Diff: 3090, Sum: 48658, Workers: 4
[292.674s][debug][gc,phases      ] GC(196)   ResolvedMethodTable Weak       Min:  0.0, Avg:  0.0, Max:  0.0, Diff:  0.0, Sum:  0.1, Workers: 4
[292.674s][debug][gc,phases      ] GC(196)     Dead                           Min: 0, Avg:  0.0, Max: 0, Diff: 0, Sum: 0, Workers: 4
[292.674s][debug][gc,phases      ] GC(196)     Total                          Min: 2112, Avg: 2227.8, Max: 2319, Diff: 207, Sum: 8911, Workers: 4
[292.674s][debug][gc,phases      ] GC(196)   JNI Weak                       Min:  0.0, Avg:  0.0, Max:  0.0, Diff:  0.0, Sum:  0.0, Workers: 4
[292.674s][debug][gc,phases      ] GC(196)     Dead                           Min: 0, Avg:  0.0, Max: 0, Diff: 0, Sum: 0, Workers: 4
[292.674s][debug][gc,phases      ] GC(196)     Total                          Min: 0, Avg:  0.0, Max: 0, Diff: 0, Sum: 0, Workers: 4
[292.674s][debug][gc,phases      ] GC(196)   StringDedup Table Weak         Min:  0.0, Avg:  0.0, Max:  0.0, Diff:  0.0, Sum:  0.0, Workers: 4
[292.674s][debug][gc,phases      ] GC(196)     Dead                           Min: 0, Avg:  0.0, Max: 0, Diff: 0, Sum: 0, Workers: 4
[292.674s][debug][gc,phases      ] GC(196)     Total                          Min: 0, Avg:  0.0, Max: 0, Diff: 0, Sum: 0, Workers: 4
[292.674s][debug][gc,phases      ] GC(196)   StringDedup Requests0 Weak     Min:  0.0, Avg:  0.0, Max:  0.0, Diff:  0.0, Sum:  0.0, Workers: 4
[292.674s][debug][gc,phases      ] GC(196)     Dead                           Min: 0, Avg:  0.0, Max: 0, Diff: 0, Sum: 0, Workers: 4
[292.674s][debug][gc,phases      ] GC(196)     Total                          Min: 0, Avg:  0.0, Max: 0, Diff: 0, Sum: 0, Workers: 4
[292.674s][debug][gc,phases      ] GC(196)   StringDedup Requests1 Weak     Min:  0.0, Avg:  0.0, Max:  0.0, Diff:  0.0, Sum:  0.0, Workers: 4
[292.674s][debug][gc,phases      ] GC(196)     Dead                           Min: 0, Avg:  0.0, Max: 0, Diff: 0, Sum: 0, Workers: 4
[292.674s][debug][gc,phases      ] GC(196)     Total                          Min: 0, Avg:  0.0, Max: 0, Diff: 0, Sum: 0, Workers: 4
[292.674s][debug][gc,phases      ] GC(196)   Weak JFR Old Object Samples    Min:  0.0, Avg:  0.0, Max:  0.0, Diff:  0.0, Sum:  0.0, Workers: 4
[292.674s][debug][gc,phases      ] GC(196)     Dead                           Min: 0, Avg:  0.0, Max: 0, Diff: 0, Sum: 0, Workers: 4
[292.674s][debug][gc,phases      ] GC(196)     Total                          Min: 0, Avg:  0.0, Max: 0, Diff: 0, Sum: 0, Workers: 4
[292.674s][debug][gc,phases      ] GC(196) Weak Processing 0.335ms
[292.674s][debug][gc,age         ] GC(196) Desired survivor size 250609664 bytes, new threshold 15 (max threshold 15)
[292.674s][info ][gc,heap        ] GC(196) PSYoungGen: 1827619K(1836032K)->179748K(1793024K) Eden: 1612800K(1612800K)->0K(1612800K) From: 214819K(223232K)->179748K(180224K)
[292.674s][info ][gc,heap        ] GC(196) ParOldGen: 530504K(698880K)->530504K(698880K)
[292.674s][info ][gc,metaspace   ] GC(196) Metaspace: 86191K(87168K)->86191K(87168K) NonClass: 74238K(74752K)->74238K(74752K) Class: 11952K(12416K)->11952K(12416K)
[292.674s][info ][gc             ] GC(196) Pause Young (Allocation Failure) 2302M->693M(2433M) 43.642ms
[292.674s][info ][gc,cpu         ] GC(196) User=0.17s Sys=0.00s Real=0.04s
[292.674s][info ][safepoint      ] Safepoint "ParallelGCFailedAllocation", Time since last: 1743878516 ns, Reaching safepoint: 341519 ns, At safepoint: 43736119 ns, Total: 44077638 ns
[293.674s][info ][safepoint      ] Safepoint "Cleanup", Time since last: 1000085186 ns, Reaching safepoint: 126607 ns, At safepoint: 11001 ns, Total: 137608 ns
[294.675s][info ][safepoint      ] Safepoint "Cleanup", Time since last: 1000101786 ns, Reaching safepoint: 187311 ns, At safepoint: 12301 ns, Total: 199612 ns
[294.894s][info ][gc,start       ] GC(197) Pause Young (Allocation Failure)
[294.913s][debug][gc,phases      ] GC(197) Scavenge 19.140ms
[294.913s][debug][gc,ref         ] GC(197) Skipped phase 1 of Reference Processing: no references
[294.913s][debug][gc,ref         ] GC(197) ReferenceProcessor::execute queues: 1, RefProcThreadModel::Single, marks_oops_alive: false
[294.913s][debug][gc,ref         ] GC(197) Skipped phase 3 of Reference Processing: no references
[294.913s][debug][gc,ref         ] GC(197) ReferenceProcessor::execute queues: 1, RefProcThreadModel::Single, marks_oops_alive: false
[294.913s][debug][gc,phases      ] GC(197) Reference Processing 0.136ms
[294.913s][debug][gc,phases      ] GC(197)   VM Weak                        Min:  0.0, Avg:  0.0, Max:  0.0, Diff:  0.0, Sum:  0.0, Workers: 4
[294.913s][debug][gc,phases      ] GC(197)     Dead                           Min: 0, Avg:  0.0, Max: 0, Diff: 0, Sum: 0, Workers: 4
[294.913s][debug][gc,phases      ] GC(197)     Total                          Min: 0, Avg: 185.8, Max: 576, Diff: 576, Sum: 743, Workers: 4
[294.913s][debug][gc,phases      ] GC(197)   ObjectSynchronizer Weak        Min:  0.0, Avg:  0.0, Max:  0.0, Diff:  0.0, Sum:  0.0, Workers: 4
[294.913s][debug][gc,phases      ] GC(197)     Dead                           Min: 0, Avg:  0.0, Max: 0, Diff: 0, Sum: 0, Workers: 4
[294.913s][debug][gc,phases      ] GC(197)     Total                          Min: 0, Avg: 139.5, Max: 320, Diff: 320, Sum: 558, Workers: 4
[294.913s][debug][gc,phases      ] GC(197)   JVMTI Tag Weak OopStorage      Min:  0.0, Avg:  0.0, Max:  0.0, Diff:  0.0, Sum:  0.0, Workers: 4
[294.913s][debug][gc,phases      ] GC(197)     Dead                           Min: 0, Avg:  0.0, Max: 0, Diff: 0, Sum: 0, Workers: 4
[294.913s][debug][gc,phases      ] GC(197)     Total                          Min: 0, Avg:  0.0, Max: 0, Diff: 0, Sum: 0, Workers: 4
[294.913s][debug][gc,phases      ] GC(197)   StringTable Weak               Min:  0.1, Avg:  0.1, Max:  0.1, Diff:  0.0, Sum:  0.5, Workers: 4
[294.913s][debug][gc,phases      ] GC(197)     Dead                           Min: 0, Avg:  0.0, Max: 0, Diff: 0, Sum: 0, Workers: 4
[294.913s][debug][gc,phases      ] GC(197)     Total                          Min: 11742, Avg: 12167.5, Max: 12992, Diff: 1250, Sum: 48670, Workers: 4
[294.913s][debug][gc,phases      ] GC(197)   ResolvedMethodTable Weak       Min:  0.0, Avg:  0.0, Max:  0.0, Diff:  0.0, Sum:  0.1, Workers: 4
[294.913s][debug][gc,phases      ] GC(197)     Dead                           Min: 0, Avg:  0.0, Max: 0, Diff: 0, Sum: 0, Workers: 4
[294.913s][debug][gc,phases      ] GC(197)     Total                          Min: 2064, Avg: 2228.0, Max: 2304, Diff: 240, Sum: 8912, Workers: 4
[294.913s][debug][gc,phases      ] GC(197)   JNI Weak                       Min:  0.0, Avg:  0.0, Max:  0.0, Diff:  0.0, Sum:  0.0, Workers: 4
[294.913s][debug][gc,phases      ] GC(197)     Dead                           Min: 0, Avg:  0.0, Max: 0, Diff: 0, Sum: 0, Workers: 4
[294.913s][debug][gc,phases      ] GC(197)     Total                          Min: 0, Avg:  0.8, Max: 3, Diff: 3, Sum: 3, Workers: 4
[294.913s][debug][gc,phases      ] GC(197)   StringDedup Table Weak         Min:  0.0, Avg:  0.0, Max:  0.0, Diff:  0.0, Sum:  0.0, Workers: 4
[294.913s][debug][gc,phases      ] GC(197)     Dead                           Min: 0, Avg:  0.0, Max: 0, Diff: 0, Sum: 0, Workers: 4
[294.913s][debug][gc,phases      ] GC(197)     Total                          Min: 0, Avg:  0.0, Max: 0, Diff: 0, Sum: 0, Workers: 4
[294.913s][debug][gc,phases      ] GC(197)   StringDedup Requests0 Weak     Min:  0.0, Avg:  0.0, Max:  0.0, Diff:  0.0, Sum:  0.0, Workers: 4
[294.913s][debug][gc,phases      ] GC(197)     Dead                           Min: 0, Avg:  0.0, Max: 0, Diff: 0, Sum: 0, Workers: 4
[294.913s][debug][gc,phases      ] GC(197)     Total                          Min: 0, Avg:  0.0, Max: 0, Diff: 0, Sum: 0, Workers: 4
[294.913s][debug][gc,phases      ] GC(197)   StringDedup Requests1 Weak     Min:  0.0, Avg:  0.0, Max:  0.0, Diff:  0.0, Sum:  0.0, Workers: 4
[294.913s][debug][gc,phases      ] GC(197)     Dead                           Min: 0, Avg:  0.0, Max: 0, Diff: 0, Sum: 0, Workers: 4
[294.913s][debug][gc,phases      ] GC(197)     Total                          Min: 0, Avg:  0.0, Max: 0, Diff: 0, Sum: 0, Workers: 4
[294.913s][debug][gc,phases      ] GC(197)   Weak JFR Old Object Samples    Min:  0.0, Avg:  0.0, Max:  0.0, Diff:  0.0, Sum:  0.0, Workers: 4
[294.913s][debug][gc,phases      ] GC(197)     Dead                           Min: 0, Avg:  0.0, Max: 0, Diff: 0, Sum: 0, Workers: 4
[294.913s][debug][gc,phases      ] GC(197)     Total                          Min: 0, Avg:  0.0, Max: 0, Diff: 0, Sum: 0, Workers: 4
[294.913s][debug][gc,phases      ] GC(197) Weak Processing 0.352ms
[294.913s][debug][gc,age         ] GC(197) Desired survivor size 256376832 bytes, new threshold 15 (max threshold 15)
[294.913s][info ][gc,heap        ] GC(197) PSYoungGen: 1792548K(1793024K)->64136K(1841152K) Eden: 1612800K(1612800K)->0K(1596416K) From: 179748K(180224K)->64136K(244736K)
[294.913s][info ][gc,heap        ] GC(197) ParOldGen: 530504K(698880K)->530504K(698880K)
[294.913s][info ][gc,metaspace   ] GC(197) Metaspace: 86267K(87232K)->86267K(87232K) NonClass: 74311K(74816K)->74311K(74816K) Class: 11956K(12416K)->11956K(12416K)
[294.913s][info ][gc             ] GC(197) Pause Young (Allocation Failure) 2268M->580M(2480M) 19.763ms
[294.913s][info ][gc,cpu         ] GC(197) User=0.08s Sys=0.00s Real=0.02s
[294.913s][info ][safepoint      ] Safepoint "ParallelGCFailedAllocation", Time since last: 218713293 ns, Reaching safepoint: 173910 ns, At safepoint: 19852343 ns, Total: 20026253 ns
[295.914s][info ][safepoint      ] Safepoint "Cleanup", Time since last: 1000078985 ns, Reaching safepoint: 42702 ns, At safepoint: 4801 ns, Total: 47503 ns
[296.914s][info ][safepoint      ] Safepoint "Cleanup", Time since last: 1000095085 ns, Reaching safepoint: 56803 ns, At safepoint: 8401 ns, Total: 65204 ns
[298.770s][info ][safepoint      ] Safepoint "Cleanup", Time since last: 1856327486 ns, Reaching safepoint: 73804 ns, At safepoint: 8301 ns, Total: 82105 ns
[299.865s][info ][safepoint      ] Safepoint "Cleanup", Time since last: 1094971947 ns, Reaching safepoint: 261215 ns, At safepoint: 9600 ns, Total: 270815 ns
[300.449s][info ][gc,start       ] GC(198) Pause Young (Allocation Failure)
[300.480s][debug][gc,phases      ] GC(198) Scavenge 31.296ms
[300.480s][debug][gc,ref         ] GC(198) Skipped phase 1 of Reference Processing: no references
[300.480s][debug][gc,ref         ] GC(198) ReferenceProcessor::execute queues: 1, RefProcThreadModel::Single, marks_oops_alive: false
[300.480s][debug][gc,ref         ] GC(198) ReferenceProcessor::execute queues: 4, RefProcThreadModel::Multi, marks_oops_alive: true
[300.480s][debug][gc,ref         ] GC(198) ReferenceProcessor::execute queues: 1, RefProcThreadModel::Single, marks_oops_alive: false
[300.480s][debug][gc,phases      ] GC(198) Reference Processing 0.220ms
[300.481s][debug][gc,phases      ] GC(198)   VM Weak                        Min:  0.0, Avg:  0.0, Max:  0.0, Diff:  0.0, Sum:  0.0, Workers: 4
[300.481s][debug][gc,phases      ] GC(198)     Dead                           Min: 0, Avg:  0.0, Max: 0, Diff: 0, Sum: 0, Workers: 4
[300.481s][debug][gc,phases      ] GC(198)     Total                          Min: 0, Avg: 186.2, Max: 681, Diff: 681, Sum: 745, Workers: 4
[300.481s][debug][gc,phases      ] GC(198)   ObjectSynchronizer Weak        Min:  0.0, Avg:  0.0, Max:  0.0, Diff:  0.0, Sum:  0.0, Workers: 4
[300.481s][debug][gc,phases      ] GC(198)     Dead                           Min: 0, Avg:  0.0, Max: 0, Diff: 0, Sum: 0, Workers: 4
[300.481s][debug][gc,phases      ] GC(198)     Total                          Min: 0, Avg: 139.5, Max: 238, Diff: 238, Sum: 558, Workers: 4
[300.481s][debug][gc,phases      ] GC(198)   JVMTI Tag Weak OopStorage      Min:  0.0, Avg:  0.0, Max:  0.0, Diff:  0.0, Sum:  0.0, Workers: 4
[300.481s][debug][gc,phases      ] GC(198)     Dead                           Min: 0, Avg:  0.0, Max: 0, Diff: 0, Sum: 0, Workers: 4
[300.481s][debug][gc,phases      ] GC(198)     Total                          Min: 0, Avg:  0.0, Max: 0, Diff: 0, Sum: 0, Workers: 4
[300.481s][debug][gc,phases      ] GC(198)   StringTable Weak               Min:  0.1, Avg:  0.1, Max:  0.1, Diff:  0.0, Sum:  0.5, Workers: 4
[300.481s][debug][gc,phases      ] GC(198)     Dead                           Min: 0, Avg:  0.0, Max: 0, Diff: 0, Sum: 0, Workers: 4
[300.481s][debug][gc,phases      ] GC(198)     Total                          Min: 11520, Avg: 12178.8, Max: 13771, Diff: 2251, Sum: 48715, Workers: 4
[300.481s][debug][gc,phases      ] GC(198)   ResolvedMethodTable Weak       Min:  0.0, Avg:  0.0, Max:  0.0, Diff:  0.0, Sum:  0.1, Workers: 4
[300.481s][debug][gc,phases      ] GC(198)     Dead                           Min: 0, Avg:  0.0, Max: 0, Diff: 0, Sum: 0, Workers: 4
[300.481s][debug][gc,phases      ] GC(198)     Total                          Min: 2064, Avg: 2228.0, Max: 2432, Diff: 368, Sum: 8912, Workers: 4
[300.481s][debug][gc,phases      ] GC(198)   JNI Weak                       Min:  0.0, Avg:  0.0, Max:  0.0, Diff:  0.0, Sum:  0.0, Workers: 4
[300.481s][debug][gc,phases      ] GC(198)     Dead                           Min: 0, Avg:  0.0, Max: 0, Diff: 0, Sum: 0, Workers: 4
[300.481s][debug][gc,phases      ] GC(198)     Total                          Min: 0, Avg:  1.0, Max: 4, Diff: 4, Sum: 4, Workers: 4
[300.481s][debug][gc,phases      ] GC(198)   StringDedup Table Weak         Min:  0.0, Avg:  0.0, Max:  0.0, Diff:  0.0, Sum:  0.0, Workers: 4
[300.481s][debug][gc,phases      ] GC(198)     Dead                           Min: 0, Avg:  0.0, Max: 0, Diff: 0, Sum: 0, Workers: 4
[300.481s][debug][gc,phases      ] GC(198)     Total                          Min: 0, Avg:  0.0, Max: 0, Diff: 0, Sum: 0, Workers: 4
[300.481s][debug][gc,phases      ] GC(198)   StringDedup Requests0 Weak     Min:  0.0, Avg:  0.0, Max:  0.0, Diff:  0.0, Sum:  0.0, Workers: 4
[300.481s][debug][gc,phases      ] GC(198)     Dead                           Min: 0, Avg:  0.0, Max: 0, Diff: 0, Sum: 0, Workers: 4
[300.481s][debug][gc,phases      ] GC(198)     Total                          Min: 0, Avg:  0.0, Max: 0, Diff: 0, Sum: 0, Workers: 4
[300.481s][debug][gc,phases      ] GC(198)   StringDedup Requests1 Weak     Min:  0.0, Avg:  0.0, Max:  0.0, Diff:  0.0, Sum:  0.0, Workers: 4
[300.481s][debug][gc,phases      ] GC(198)     Dead                           Min: 0, Avg:  0.0, Max: 0, Diff: 0, Sum: 0, Workers: 4
[300.481s][debug][gc,phases      ] GC(198)     Total                          Min: 0, Avg:  0.0, Max: 0, Diff: 0, Sum: 0, Workers: 4
[300.481s][debug][gc,phases      ] GC(198)   Weak JFR Old Object Samples    Min:  0.0, Avg:  0.0, Max:  0.0, Diff:  0.0, Sum:  0.0, Workers: 4
[300.481s][debug][gc,phases      ] GC(198)     Dead                           Min: 0, Avg:  0.0, Max: 0, Diff: 0, Sum: 0, Workers: 4
[300.481s][debug][gc,phases      ] GC(198)     Total                          Min: 0, Avg:  0.0, Max: 0, Diff: 0, Sum: 0, Workers: 4
[300.481s][debug][gc,phases      ] GC(198) Weak Processing 0.336ms
[300.481s][debug][gc,age         ] GC(198) Desired survivor size 250609664 bytes, new threshold 15 (max threshold 15)
[300.481s][info ][gc,heap        ] GC(198) PSYoungGen: 1660552K(1841152K)->110283K(1846784K) Eden: 1596416K(1596416K)->0K(1596416K) From: 64136K(244736K)->110283K(250368K)
[300.481s][info ][gc,heap        ] GC(198) ParOldGen: 530504K(698880K)->530512K(698880K)
[300.481s][info ][gc,metaspace   ] GC(198) Metaspace: 86349K(87296K)->86349K(87296K) NonClass: 74391K(74880K)->74391K(74880K) Class: 11957K(12416K)->11957K(12416K)
[300.481s][info ][gc             ] GC(198) Pause Young (Allocation Failure) 2139M->625M(2486M) 31.984ms
[300.481s][info ][gc,cpu         ] GC(198) User=0.15s Sys=0.00s Real=0.03s
[300.481s][info ][safepoint      ] Safepoint "ParallelGCFailedAllocation", Time since last: 583291685 ns, Reaching safepoint: 183211 ns, At safepoint: 32082747 ns, Total: 32265958 ns
[301.481s][info ][safepoint      ] Safepoint "Cleanup", Time since last: 1000094284 ns, Reaching safepoint: 205811 ns, At safepoint: 12301 ns, Total: 218112 ns
[301.958s][info ][gc,start       ] GC(199) Pause Young (Allocation Failure)
[301.999s][debug][gc,phases      ] GC(199) Scavenge 41.817ms
[301.999s][debug][gc,ref         ] GC(199) Skipped phase 1 of Reference Processing: no references
[302.000s][debug][gc,ref         ] GC(199) ReferenceProcessor::execute queues: 1, RefProcThreadModel::Single, marks_oops_alive: false
[302.000s][debug][gc,ref         ] GC(199) Skipped phase 3 of Reference Processing: no references
[302.000s][debug][gc,ref         ] GC(199) ReferenceProcessor::execute queues: 1, RefProcThreadModel::Single, marks_oops_alive: false
[302.000s][debug][gc,phases      ] GC(199) Reference Processing 0.171ms
[302.000s][debug][gc,phases      ] GC(199)   VM Weak                        Min:  0.0, Avg:  0.0, Max:  0.0, Diff:  0.0, Sum:  0.0, Workers: 4
[302.000s][debug][gc,phases      ] GC(199)     Dead                           Min: 0, Avg:  0.0, Max: 0, Diff: 0, Sum: 0, Workers: 4
[302.000s][debug][gc,phases      ] GC(199)     Total                          Min: 0, Avg: 186.2, Max: 681, Diff: 681, Sum: 745, Workers: 4
[302.000s][debug][gc,phases      ] GC(199)   ObjectSynchronizer Weak        Min:  0.0, Avg:  0.0, Max:  0.0, Diff:  0.0, Sum:  0.0, Workers: 4
[302.000s][debug][gc,phases      ] GC(199)     Dead                           Min: 0, Avg:  0.0, Max: 0, Diff: 0, Sum: 0, Workers: 4
[302.000s][debug][gc,phases      ] GC(199)     Total                          Min: 0, Avg: 139.5, Max: 320, Diff: 320, Sum: 558, Workers: 4
[302.000s][debug][gc,phases      ] GC(199)   JVMTI Tag Weak OopStorage      Min:  0.0, Avg:  0.0, Max:  0.0, Diff:  0.0, Sum:  0.0, Workers: 4
[302.000s][debug][gc,phases      ] GC(199)     Dead                           Min: 0, Avg:  0.0, Max: 0, Diff: 0, Sum: 0, Workers: 4
[302.000s][debug][gc,phases      ] GC(199)     Total                          Min: 0, Avg:  0.0, Max: 0, Diff: 0, Sum: 0, Workers: 4
[302.000s][debug][gc,phases      ] GC(199)   StringTable Weak               Min:  0.1, Avg:  0.1, Max:  0.1, Diff:  0.0, Sum:  0.5, Workers: 4
[302.000s][debug][gc,phases      ] GC(199)     Dead                           Min: 0, Avg:  0.0, Max: 0, Diff: 0, Sum: 0, Workers: 4
[302.000s][debug][gc,phases      ] GC(199)     Total                          Min: 10880, Avg: 12178.8, Max: 13568, Diff: 2688, Sum: 48715, Workers: 4
[302.000s][debug][gc,phases      ] GC(199)   ResolvedMethodTable Weak       Min:  0.0, Avg:  0.0, Max:  0.0, Diff:  0.0, Sum:  0.1, Workers: 4
[302.000s][debug][gc,phases      ] GC(199)     Dead                           Min: 0, Avg:  0.2, Max: 1, Diff: 1, Sum: 1, Workers: 4
[302.000s][debug][gc,phases      ] GC(199)     Total                          Min: 2112, Avg: 2228.0, Max: 2385, Diff: 273, Sum: 8912, Workers: 4
[302.000s][debug][gc,phases      ] GC(199)   JNI Weak                       Min:  0.0, Avg:  0.0, Max:  0.0, Diff:  0.0, Sum:  0.0, Workers: 4
[302.000s][debug][gc,phases      ] GC(199)     Dead                           Min: 0, Avg:  0.0, Max: 0, Diff: 0, Sum: 0, Workers: 4
[302.000s][debug][gc,phases      ] GC(199)     Total                          Min: 0, Avg:  0.0, Max: 0, Diff: 0, Sum: 0, Workers: 4
[302.000s][debug][gc,phases      ] GC(199)   StringDedup Table Weak         Min:  0.0, Avg:  0.0, Max:  0.0, Diff:  0.0, Sum:  0.0, Workers: 4
[302.000s][debug][gc,phases      ] GC(199)     Dead                           Min: 0, Avg:  0.0, Max: 0, Diff: 0, Sum: 0, Workers: 4
[302.000s][debug][gc,phases      ] GC(199)     Total                          Min: 0, Avg:  0.0, Max: 0, Diff: 0, Sum: 0, Workers: 4
[302.000s][debug][gc,phases      ] GC(199)   StringDedup Requests0 Weak     Min:  0.0, Avg:  0.0, Max:  0.0, Diff:  0.0, Sum:  0.0, Workers: 4
[302.000s][debug][gc,phases      ] GC(199)     Dead                           Min: 0, Avg:  0.0, Max: 0, Diff: 0, Sum: 0, Workers: 4
[302.000s][debug][gc,phases      ] GC(199)     Total                          Min: 0, Avg:  0.0, Max: 0, Diff: 0, Sum: 0, Workers: 4
[302.000s][debug][gc,phases      ] GC(199)   StringDedup Requests1 Weak     Min:  0.0, Avg:  0.0, Max:  0.0, Diff:  0.0, Sum:  0.0, Workers: 4
[302.000s][debug][gc,phases      ] GC(199)     Dead                           Min: 0, Avg:  0.0, Max: 0, Diff: 0, Sum: 0, Workers: 4
[302.000s][debug][gc,phases      ] GC(199)     Total                          Min: 0, Avg:  0.0, Max: 0, Diff: 0, Sum: 0, Workers: 4
[302.000s][debug][gc,phases      ] GC(199)   Weak JFR Old Object Samples    Min:  0.0, Avg:  0.0, Max:  0.0, Diff:  0.0, Sum:  0.0, Workers: 4
[302.000s][debug][gc,phases      ] GC(199)     Dead                           Min: 0, Avg:  0.0, Max: 0, Diff: 0, Sum: 0, Workers: 4
[302.000s][debug][gc,phases      ] GC(199)     Total                          Min: 0, Avg:  0.0, Max: 0, Diff: 0, Sum: 0, Workers: 4
[302.000s][debug][gc,phases      ] GC(199) Weak Processing 0.426ms
[302.000s][debug][gc,age         ] GC(199) Desired survivor size 245891072 bytes, new threshold 15 (max threshold 15)
[302.000s][info ][gc,heap        ] GC(199) PSYoungGen: 1706699K(1846784K)->154700K(1857024K) Eden: 1596416K(1596416K)->0K(1612288K) From: 110283K(250368K)->154700K(244736K)
[302.000s][info ][gc,heap        ] GC(199) ParOldGen: 530512K(698880K)->530520K(698880K)
[302.000s][info ][gc,metaspace   ] GC(199) Metaspace: 86358K(87360K)->86358K(87360K) NonClass: 74400K(74944K)->74400K(74944K) Class: 11957K(12416K)->11957K(12416K)
[302.000s][info ][gc             ] GC(199) Pause Young (Allocation Failure) 2184M->669M(2496M) 42.593ms
[302.000s][info ][gc,cpu         ] GC(199) User=0.17s Sys=0.00s Real=0.04s
[302.000s][info ][safepoint      ] Safepoint "ParallelGCFailedAllocation", Time since last: 476111814 ns, Reaching safepoint: 156209 ns, At safepoint: 42699958 ns, Total: 42856167 ns
[303.000s][info ][safepoint      ] Safepoint "Cleanup", Time since last: 1000093883 ns, Reaching safepoint: 158209 ns, At safepoint: 8001 ns, Total: 166210 ns
[303.871s][info ][gc,start       ] GC(200) Pause Young (Allocation Failure)
[303.916s][debug][gc,phases      ] GC(200) Scavenge 45.274ms
[303.916s][debug][gc,ref         ] GC(200) Skipped phase 1 of Reference Processing: no references
[303.916s][debug][gc,ref         ] GC(200) ReferenceProcessor::execute queues: 1, RefProcThreadModel::Single, marks_oops_alive: false
[303.916s][debug][gc,ref         ] GC(200) Skipped phase 3 of Reference Processing: no references
[303.916s][debug][gc,ref         ] GC(200) ReferenceProcessor::execute queues: 1, RefProcThreadModel::Single, marks_oops_alive: false
[303.916s][debug][gc,phases      ] GC(200) Reference Processing 0.117ms
[303.917s][debug][gc,phases      ] GC(200)   VM Weak                        Min:  0.0, Avg:  0.0, Max:  0.0, Diff:  0.0, Sum:  0.0, Workers: 4
[303.917s][debug][gc,phases      ] GC(200)     Dead                           Min: 0, Avg:  0.0, Max: 0, Diff: 0, Sum: 0, Workers: 4
[303.917s][debug][gc,phases      ] GC(200)     Total                          Min: 0, Avg: 186.2, Max: 681, Diff: 681, Sum: 745, Workers: 4
[303.917s][debug][gc,phases      ] GC(200)   ObjectSynchronizer Weak        Min:  0.0, Avg:  0.0, Max:  0.0, Diff:  0.0, Sum:  0.0, Workers: 4
[303.917s][debug][gc,phases      ] GC(200)     Dead                           Min: 0, Avg:  0.0, Max: 0, Diff: 0, Sum: 0, Workers: 4
[303.917s][debug][gc,phases      ] GC(200)     Total                          Min: 0, Avg: 139.8, Max: 320, Diff: 320, Sum: 559, Workers: 4
[303.917s][debug][gc,phases      ] GC(200)   JVMTI Tag Weak OopStorage      Min:  0.0, Avg:  0.0, Max:  0.0, Diff:  0.0, Sum:  0.0, Workers: 4
[303.917s][debug][gc,phases      ] GC(200)     Dead                           Min: 0, Avg:  0.0, Max: 0, Diff: 0, Sum: 0, Workers: 4
[303.917s][debug][gc,phases      ] GC(200)     Total                          Min: 0, Avg:  0.0, Max: 0, Diff: 0, Sum: 0, Workers: 4
[303.917s][debug][gc,phases      ] GC(200)   StringTable Weak               Min:  0.1, Avg:  0.1, Max:  0.1, Diff:  0.0, Sum:  0.5, Workers: 4
[303.917s][debug][gc,phases      ] GC(200)     Dead                           Min: 0, Avg:  0.0, Max: 0, Diff: 0, Sum: 0, Workers: 4
[303.917s][debug][gc,phases      ] GC(200)     Total                          Min: 10816, Avg: 12178.8, Max: 13312, Diff: 2496, Sum: 48715, Workers: 4
[303.917s][debug][gc,phases      ] GC(200)   ResolvedMethodTable Weak       Min:  0.0, Avg:  0.0, Max:  0.0, Diff:  0.0, Sum:  0.1, Workers: 4
[303.917s][debug][gc,phases      ] GC(200)     Dead                           Min: 0, Avg:  0.0, Max: 0, Diff: 0, Sum: 0, Workers: 4
[303.917s][debug][gc,phases      ] GC(200)     Total                          Min: 1856, Avg: 2228.0, Max: 2512, Diff: 656, Sum: 8912, Workers: 4
[303.917s][debug][gc,phases      ] GC(200)   JNI Weak                       Min:  0.0, Avg:  0.0, Max:  0.0, Diff:  0.0, Sum:  0.0, Workers: 4
[303.917s][debug][gc,phases      ] GC(200)     Dead                           Min: 0, Avg:  0.0, Max: 0, Diff: 0, Sum: 0, Workers: 4
[303.917s][debug][gc,phases      ] GC(200)     Total                          Min: 0, Avg:  0.0, Max: 0, Diff: 0, Sum: 0, Workers: 4
[303.917s][debug][gc,phases      ] GC(200)   StringDedup Table Weak         Min:  0.0, Avg:  0.0, Max:  0.0, Diff:  0.0, Sum:  0.0, Workers: 4
[303.917s][debug][gc,phases      ] GC(200)     Dead                           Min: 0, Avg:  0.0, Max: 0, Diff: 0, Sum: 0, Workers: 4
[303.917s][debug][gc,phases      ] GC(200)     Total                          Min: 0, Avg:  0.0, Max: 0, Diff: 0, Sum: 0, Workers: 4
[303.917s][debug][gc,phases      ] GC(200)   StringDedup Requests0 Weak     Min:  0.0, Avg:  0.0, Max:  0.0, Diff:  0.0, Sum:  0.0, Workers: 4
[303.917s][debug][gc,phases      ] GC(200)     Dead                           Min: 0, Avg:  0.0, Max: 0, Diff: 0, Sum: 0, Workers: 4
[303.917s][debug][gc,phases      ] GC(200)     Total                          Min: 0, Avg:  0.0, Max: 0, Diff: 0, Sum: 0, Workers: 4
[303.917s][debug][gc,phases      ] GC(200)   StringDedup Requests1 Weak     Min:  0.0, Avg:  0.0, Max:  0.0, Diff:  0.0, Sum:  0.0, Workers: 4
[303.917s][debug][gc,phases      ] GC(200)     Dead                           Min: 0, Avg:  0.0, Max: 0, Diff: 0, Sum: 0, Workers: 4
[303.917s][debug][gc,phases      ] GC(200)     Total                          Min: 0, Avg:  0.0, Max: 0, Diff: 0, Sum: 0, Workers: 4
[303.917s][debug][gc,phases      ] GC(200)   Weak JFR Old Object Samples    Min:  0.0, Avg:  0.0, Max:  0.0, Diff:  0.0, Sum:  0.0, Workers: 4
[303.917s][debug][gc,phases      ] GC(200)     Dead                           Min: 0, Avg:  0.0, Max: 0, Diff: 0, Sum: 0, Workers: 4
[303.917s][debug][gc,phases      ] GC(200)     Total                          Min: 0, Avg:  0.0, Max: 0, Diff: 0, Sum: 0, Workers: 4
[303.917s][debug][gc,phases      ] GC(200) Weak Processing 0.364ms
[303.917s][debug][gc,age         ] GC(200) Desired survivor size 255328256 bytes, new threshold 15 (max threshold 15)
[303.917s][info ][gc,heap        ] GC(200) PSYoungGen: 1766988K(1857024K)->193137K(1805824K) Eden: 1612288K(1612288K)->0K(1612288K) From: 154700K(244736K)->193137K(193536K)
[303.917s][info ][gc,heap        ] GC(200) ParOldGen: 530520K(698880K)->530520K(698880K)
[303.917s][info ][gc,metaspace   ] GC(200) Metaspace: 86365K(87360K)->86365K(87360K) NonClass: 74408K(74944K)->74408K(74944K) Class: 11957K(12416K)->11957K(12416K)
[303.917s][info ][gc             ] GC(200) Pause Young (Allocation Failure) 2243M->706M(2446M) 45.916ms
[303.917s][info ][gc,cpu         ] GC(200) User=0.18s Sys=0.00s Real=0.05s
[303.917s][info ][safepoint      ] Safepoint "ParallelGCFailedAllocation", Time since last: 870425817 ns, Reaching safepoint: 122107 ns, At safepoint: 46009749 ns, Total: 46131856 ns
[304.917s][info ][safepoint      ] Safepoint "Cleanup", Time since last: 1000089082 ns, Reaching safepoint: 131007 ns, At safepoint: 9701 ns, Total: 140708 ns
[305.917s][info ][safepoint      ] Safepoint "Cleanup", Time since last: 1000060880 ns, Reaching safepoint: 60303 ns, At safepoint: 5901 ns, Total: 66204 ns
[306.593s][info ][gc,start       ] GC(201) Pause Young (Allocation Failure)
[306.641s][debug][gc,phases      ] GC(201) Scavenge 47.950ms
[306.641s][debug][gc,ref         ] GC(201) Skipped phase 1 of Reference Processing: no references
[306.641s][debug][gc,ref         ] GC(201) ReferenceProcessor::execute queues: 1, RefProcThreadModel::Single, marks_oops_alive: false
[306.641s][debug][gc,ref         ] GC(201) ReferenceProcessor::execute queues: 4, RefProcThreadModel::Multi, marks_oops_alive: true
[306.642s][debug][gc,ref         ] GC(201) ReferenceProcessor::execute queues: 1, RefProcThreadModel::Single, marks_oops_alive: false
[306.642s][debug][gc,phases      ] GC(201) Reference Processing 0.256ms
[306.642s][debug][gc,phases      ] GC(201)   VM Weak                        Min:  0.0, Avg:  0.0, Max:  0.0, Diff:  0.0, Sum:  0.0, Workers: 4
[306.642s][debug][gc,phases      ] GC(201)     Dead                           Min: 0, Avg:  0.0, Max: 0, Diff: 0, Sum: 0, Workers: 4
[306.642s][debug][gc,phases      ] GC(201)     Total                          Min: 0, Avg: 186.2, Max: 448, Diff: 448, Sum: 745, Workers: 4
[306.642s][debug][gc,phases      ] GC(201)   ObjectSynchronizer Weak        Min:  0.0, Avg:  0.0, Max:  0.0, Diff:  0.0, Sum:  0.0, Workers: 4
[306.642s][debug][gc,phases      ] GC(201)     Dead                           Min: 0, Avg:  0.0, Max: 0, Diff: 0, Sum: 0, Workers: 4
[306.642s][debug][gc,phases      ] GC(201)     Total                          Min: 0, Avg: 139.8, Max: 239, Diff: 239, Sum: 559, Workers: 4
[306.642s][debug][gc,phases      ] GC(201)   JVMTI Tag Weak OopStorage      Min:  0.0, Avg:  0.0, Max:  0.0, Diff:  0.0, Sum:  0.0, Workers: 4
[306.642s][debug][gc,phases      ] GC(201)     Dead                           Min: 0, Avg:  0.0, Max: 0, Diff: 0, Sum: 0, Workers: 4
[306.642s][debug][gc,phases      ] GC(201)     Total                          Min: 0, Avg:  0.0, Max: 0, Diff: 0, Sum: 0, Workers: 4
[306.642s][debug][gc,phases      ] GC(201)   StringTable Weak               Min:  0.1, Avg:  0.1, Max:  0.1, Diff:  0.0, Sum:  0.5, Workers: 4
[306.642s][debug][gc,phases      ] GC(201)     Dead                           Min: 0, Avg:  0.0, Max: 0, Diff: 0, Sum: 0, Workers: 4
[306.642s][debug][gc,phases      ] GC(201)     Total                          Min: 11264, Avg: 12178.8, Max: 13067, Diff: 1803, Sum: 48715, Workers: 4
[306.642s][debug][gc,phases      ] GC(201)   ResolvedMethodTable Weak       Min:  0.0, Avg:  0.0, Max:  0.0, Diff:  0.0, Sum:  0.1, Workers: 4
[306.642s][debug][gc,phases      ] GC(201)     Dead                           Min: 0, Avg:  0.0, Max: 0, Diff: 0, Sum: 0, Workers: 4
[306.642s][debug][gc,phases      ] GC(201)     Total                          Min: 2111, Avg: 2228.0, Max: 2432, Diff: 321, Sum: 8912, Workers: 4
[306.642s][debug][gc,phases      ] GC(201)   JNI Weak                       Min:  0.0, Avg:  0.0, Max:  0.0, Diff:  0.0, Sum:  0.0, Workers: 4
[306.642s][debug][gc,phases      ] GC(201)     Dead                           Min: 0, Avg:  0.0, Max: 0, Diff: 0, Sum: 0, Workers: 4
[306.642s][debug][gc,phases      ] GC(201)     Total                          Min: 0, Avg:  0.0, Max: 0, Diff: 0, Sum: 0, Workers: 4
[306.642s][debug][gc,phases      ] GC(201)   StringDedup Table Weak         Min:  0.0, Avg:  0.0, Max:  0.0, Diff:  0.0, Sum:  0.0, Workers: 4
[306.642s][debug][gc,phases      ] GC(201)     Dead                           Min: 0, Avg:  0.0, Max: 0, Diff: 0, Sum: 0, Workers: 4
[306.642s][debug][gc,phases      ] GC(201)     Total                          Min: 0, Avg:  0.0, Max: 0, Diff: 0, Sum: 0, Workers: 4
[306.642s][debug][gc,phases      ] GC(201)   StringDedup Requests0 Weak     Min:  0.0, Avg:  0.0, Max:  0.0, Diff:  0.0, Sum:  0.0, Workers: 4
[306.642s][debug][gc,phases      ] GC(201)     Dead                           Min: 0, Avg:  0.0, Max: 0, Diff: 0, Sum: 0, Workers: 4
[306.642s][debug][gc,phases      ] GC(201)     Total                          Min: 0, Avg:  0.0, Max: 0, Diff: 0, Sum: 0, Workers: 4
[306.642s][debug][gc,phases      ] GC(201)   StringDedup Requests1 Weak     Min:  0.0, Avg:  0.0, Max:  0.0, Diff:  0.0, Sum:  0.0, Workers: 4
[306.642s][debug][gc,phases      ] GC(201)     Dead                           Min: 0, Avg:  0.0, Max: 0, Diff: 0, Sum: 0, Workers: 4
[306.642s][debug][gc,phases      ] GC(201)     Total                          Min: 0, Avg:  0.0, Max: 0, Diff: 0, Sum: 0, Workers: 4
[306.642s][debug][gc,phases      ] GC(201)   Weak JFR Old Object Samples    Min:  0.0, Avg:  0.0, Max:  0.0, Diff:  0.0, Sum:  0.0, Workers: 4
[306.642s][debug][gc,phases      ] GC(201)     Dead                           Min: 0, Avg:  0.0, Max: 0, Diff: 0, Sum: 0, Workers: 4
[306.642s][debug][gc,phases      ] GC(201)     Total                          Min: 0, Avg:  0.0, Max: 0, Diff: 0, Sum: 0, Workers: 4
[306.642s][debug][gc,phases      ] GC(201) Weak Processing 0.349ms
[306.642s][debug][gc,age         ] GC(201) Desired survivor size 268435456 bytes, new threshold 15 (max threshold 15)
[306.642s][info ][gc,heap        ] GC(201) PSYoungGen: 1805425K(1805824K)->207486K(1822208K) Eden: 1612288K(1612288K)->0K(1572864K) From: 193137K(193536K)->207486K(249344K)
[306.642s][info ][gc,heap        ] GC(201) ParOldGen: 530520K(698880K)->530520K(698880K)
[306.642s][info ][gc,metaspace   ] GC(201) Metaspace: 86367K(87360K)->86367K(87360K) NonClass: 74409K(74944K)->74409K(74944K) Class: 11957K(12416K)->11957K(12416K)
[306.642s][info ][gc             ] GC(201) Pause Young (Allocation Failure) 2281M->720M(2462M) 48.696ms
[306.642s][info ][gc,cpu         ] GC(201) User=0.20s Sys=0.00s Real=0.05s
[306.642s][info ][safepoint      ] Safepoint "ParallelGCFailedAllocation", Time since last: 675826811 ns, Reaching safepoint: 125207 ns, At safepoint: 48789709 ns, Total: 48914916 ns
[307.642s][info ][safepoint      ] Safepoint "Cleanup", Time since last: 1000081881 ns, Reaching safepoint: 135408 ns, At safepoint: 8400 ns, Total: 143808 ns
[308.643s][info ][safepoint      ] Safepoint "Cleanup", Time since last: 1000063879 ns, Reaching safepoint: 127708 ns, At safepoint: 12701 ns, Total: 140409 ns
[310.643s][info ][safepoint      ] Safepoint "Cleanup", Time since last: 2000133557 ns, Reaching safepoint: 121907 ns, At safepoint: 12001 ns, Total: 133908 ns
[311.087s][info ][safepoint      ] Safepoint "ParallelGCFailedAllocation", Time since last: 444181673 ns, Reaching safepoint: 33602 ns, At safepoint: 9501 ns, Total: 43103 ns
[311.087s][info ][gc,start       ] GC(202) Pause Young (GCLocker Initiated GC)
[311.128s][debug][gc,phases      ] GC(202) Scavenge 40.822ms
[311.128s][debug][gc,ref         ] GC(202) Skipped phase 1 of Reference Processing: no references
[311.128s][debug][gc,ref         ] GC(202) ReferenceProcessor::execute queues: 1, RefProcThreadModel::Single, marks_oops_alive: false
[311.128s][debug][gc,ref         ] GC(202) Skipped phase 3 of Reference Processing: no references
[311.128s][debug][gc,ref         ] GC(202) ReferenceProcessor::execute queues: 1, RefProcThreadModel::Single, marks_oops_alive: false
[311.128s][debug][gc,phases      ] GC(202) Reference Processing 0.157ms
[311.128s][debug][gc,phases      ] GC(202)   VM Weak                        Min:  0.0, Avg:  0.0, Max:  0.0, Diff:  0.0, Sum:  0.0, Workers: 4
[311.128s][debug][gc,phases      ] GC(202)     Dead                           Min: 0, Avg:  0.0, Max: 0, Diff: 0, Sum: 0, Workers: 4
[311.128s][debug][gc,phases      ] GC(202)     Total                          Min: 0, Avg: 186.2, Max: 681, Diff: 681, Sum: 745, Workers: 4
[311.128s][debug][gc,phases      ] GC(202)   ObjectSynchronizer Weak        Min:  0.0, Avg:  0.0, Max:  0.0, Diff:  0.0, Sum:  0.0, Workers: 4
[311.128s][debug][gc,phases      ] GC(202)     Dead                           Min: 0, Avg:  0.0, Max: 0, Diff: 0, Sum: 0, Workers: 4
[311.128s][debug][gc,phases      ] GC(202)     Total                          Min: 0, Avg: 139.8, Max: 256, Diff: 256, Sum: 559, Workers: 4
[311.128s][debug][gc,phases      ] GC(202)   JVMTI Tag Weak OopStorage      Min:  0.0, Avg:  0.0, Max:  0.0, Diff:  0.0, Sum:  0.0, Workers: 4
[311.128s][debug][gc,phases      ] GC(202)     Dead                           Min: 0, Avg:  0.0, Max: 0, Diff: 0, Sum: 0, Workers: 4
[311.128s][debug][gc,phases      ] GC(202)     Total                          Min: 0, Avg:  0.0, Max: 0, Diff: 0, Sum: 0, Workers: 4
[311.128s][debug][gc,phases      ] GC(202)   StringTable Weak               Min:  0.1, Avg:  0.1, Max:  0.1, Diff:  0.0, Sum:  0.5, Workers: 4
[311.128s][debug][gc,phases      ] GC(202)     Dead                           Min: 0, Avg:  0.0, Max: 0, Diff: 0, Sum: 0, Workers: 4
[311.128s][debug][gc,phases      ] GC(202)     Total                          Min: 11456, Avg: 12178.8, Max: 12672, Diff: 1216, Sum: 48715, Workers: 4
[311.128s][debug][gc,phases      ] GC(202)   ResolvedMethodTable Weak       Min:  0.0, Avg:  0.0, Max:  0.0, Diff:  0.0, Sum:  0.1, Workers: 4
[311.128s][debug][gc,phases      ] GC(202)     Dead                           Min: 0, Avg:  0.0, Max: 0, Diff: 0, Sum: 0, Workers: 4
[311.128s][debug][gc,phases      ] GC(202)     Total                          Min: 1920, Avg: 2228.0, Max: 2368, Diff: 448, Sum: 8912, Workers: 4
[311.128s][debug][gc,phases      ] GC(202)   JNI Weak                       Min:  0.0, Avg:  0.0, Max:  0.0, Diff:  0.0, Sum:  0.0, Workers: 4
[311.128s][debug][gc,phases      ] GC(202)     Dead                           Min: 0, Avg:  0.0, Max: 0, Diff: 0, Sum: 0, Workers: 4
[311.128s][debug][gc,phases      ] GC(202)     Total                          Min: 0, Avg:  0.2, Max: 1, Diff: 1, Sum: 1, Workers: 4
[311.128s][debug][gc,phases      ] GC(202)   StringDedup Table Weak         Min:  0.0, Avg:  0.0, Max:  0.0, Diff:  0.0, Sum:  0.0, Workers: 4
[311.128s][debug][gc,phases      ] GC(202)     Dead                           Min: 0, Avg:  0.0, Max: 0, Diff: 0, Sum: 0, Workers: 4
[311.128s][debug][gc,phases      ] GC(202)     Total                          Min: 0, Avg:  0.0, Max: 0, Diff: 0, Sum: 0, Workers: 4
[311.128s][debug][gc,phases      ] GC(202)   StringDedup Requests0 Weak     Min:  0.0, Avg:  0.0, Max:  0.0, Diff:  0.0, Sum:  0.0, Workers: 4
[311.128s][debug][gc,phases      ] GC(202)     Dead                           Min: 0, Avg:  0.0, Max: 0, Diff: 0, Sum: 0, Workers: 4
[311.129s][debug][gc,phases      ] GC(202)     Total                          Min: 0, Avg:  0.0, Max: 0, Diff: 0, Sum: 0, Workers: 4
[311.129s][debug][gc,phases      ] GC(202)   StringDedup Requests1 Weak     Min:  0.0, Avg:  0.0, Max:  0.0, Diff:  0.0, Sum:  0.0, Workers: 4
[311.129s][debug][gc,phases      ] GC(202)     Dead                           Min: 0, Avg:  0.0, Max: 0, Diff: 0, Sum: 0, Workers: 4
[311.129s][debug][gc,phases      ] GC(202)     Total                          Min: 0, Avg:  0.0, Max: 0, Diff: 0, Sum: 0, Workers: 4
[311.129s][debug][gc,phases      ] GC(202)   Weak JFR Old Object Samples    Min:  0.0, Avg:  0.0, Max:  0.0, Diff:  0.0, Sum:  0.0, Workers: 4
[311.129s][debug][gc,phases      ] GC(202)     Dead                           Min: 0, Avg:  0.0, Max: 0, Diff: 0, Sum: 0, Workers: 4
[311.129s][debug][gc,phases      ] GC(202)     Total                          Min: 0, Avg:  0.0, Max: 0, Diff: 0, Sum: 0, Workers: 4
[311.129s][debug][gc,phases      ] GC(202) Weak Processing 0.351ms
[311.129s][debug][gc,age         ] GC(202) Desired survivor size 273678336 bytes, new threshold 15 (max threshold 15)
[311.129s][info ][gc,heap        ] GC(202) PSYoungGen: 1780350K(1822208K)->196366K(1769472K) Eden: 1572864K(1572864K)->0K(1572864K) From: 207486K(249344K)->196366K(196608K)
[311.129s][info ][gc,heap        ] GC(202) ParOldGen: 530521K(698880K)->541129K(698880K)
[311.129s][info ][gc,metaspace   ] GC(202) Metaspace: 86395K(87360K)->86395K(87360K) NonClass: 74438K(74944K)->74438K(74944K) Class: 11957K(12416K)->11957K(12416K)
[311.129s][info ][gc             ] GC(202) Pause Young (GCLocker Initiated GC) 2256M->720M(2410M) 41.456ms
[311.129s][info ][gc,cpu         ] GC(202) User=0.16s Sys=0.00s Real=0.04s
[311.129s][info ][safepoint      ] Safepoint "ParallelGCSystemGC", Time since last: 77004 ns, Reaching safepoint: 15401 ns, At safepoint: 41539892 ns, Total: 41555293 ns
[312.129s][info ][safepoint      ] Safepoint "Cleanup", Time since last: 1000093679 ns, Reaching safepoint: 63604 ns, At safepoint: 6200 ns, Total: 69804 ns
[313.714s][info ][safepoint      ] Safepoint "Cleanup", Time since last: 1584611532 ns, Reaching safepoint: 96206 ns, At safepoint: 7800 ns, Total: 104006 ns
[314.714s][info ][safepoint      ] Safepoint "Cleanup", Time since last: 1000098679 ns, Reaching safepoint: 47203 ns, At safepoint: 3300 ns, Total: 50503 ns
[315.449s][info ][gc,start       ] GC(203) Pause Young (Allocation Failure)
[315.489s][debug][gc,phases      ] GC(203) Scavenge 40.054ms
[315.489s][debug][gc,ref         ] GC(203) Skipped phase 1 of Reference Processing: no references
[315.489s][debug][gc,ref         ] GC(203) ReferenceProcessor::execute queues: 1, RefProcThreadModel::Single, marks_oops_alive: false
[315.489s][debug][gc,ref         ] GC(203) Skipped phase 3 of Reference Processing: no references
[315.489s][debug][gc,ref         ] GC(203) ReferenceProcessor::execute queues: 1, RefProcThreadModel::Single, marks_oops_alive: false
[315.489s][debug][gc,phases      ] GC(203) Reference Processing 0.139ms
[315.490s][debug][gc,phases      ] GC(203)   VM Weak                        Min:  0.0, Avg:  0.0, Max:  0.0, Diff:  0.0, Sum:  0.0, Workers: 4
[315.490s][debug][gc,phases      ] GC(203)     Dead                           Min: 0, Avg:  0.0, Max: 0, Diff: 0, Sum: 0, Workers: 4
[315.490s][debug][gc,phases      ] GC(203)     Total                          Min: 0, Avg: 186.2, Max: 640, Diff: 640, Sum: 745, Workers: 4
[315.490s][debug][gc,phases      ] GC(203)   ObjectSynchronizer Weak        Min:  0.0, Avg:  0.0, Max:  0.0, Diff:  0.0, Sum:  0.0, Workers: 4
[315.490s][debug][gc,phases      ] GC(203)     Dead                           Min: 0, Avg:  0.0, Max: 0, Diff: 0, Sum: 0, Workers: 4
[315.490s][debug][gc,phases      ] GC(203)     Total                          Min: 0, Avg: 139.8, Max: 320, Diff: 320, Sum: 559, Workers: 4
[315.490s][debug][gc,phases      ] GC(203)   JVMTI Tag Weak OopStorage      Min:  0.0, Avg:  0.0, Max:  0.0, Diff:  0.0, Sum:  0.0, Workers: 4
[315.490s][debug][gc,phases      ] GC(203)     Dead                           Min: 0, Avg:  0.0, Max: 0, Diff: 0, Sum: 0, Workers: 4
[315.490s][debug][gc,phases      ] GC(203)     Total                          Min: 0, Avg:  0.0, Max: 0, Diff: 0, Sum: 0, Workers: 4
[315.490s][debug][gc,phases      ] GC(203)   StringTable Weak               Min:  0.1, Avg:  0.1, Max:  0.1, Diff:  0.0, Sum:  0.5, Workers: 4
[315.490s][debug][gc,phases      ] GC(203)     Dead                           Min: 0, Avg:  0.0, Max: 0, Diff: 0, Sum: 0, Workers: 4
[315.490s][debug][gc,phases      ] GC(203)     Total                          Min: 10560, Avg: 12188.8, Max: 13427, Diff: 2867, Sum: 48755, Workers: 4
[315.490s][debug][gc,phases      ] GC(203)   ResolvedMethodTable Weak       Min:  0.0, Avg:  0.0, Max:  0.0, Diff:  0.0, Sum:  0.1, Workers: 4
[315.490s][debug][gc,phases      ] GC(203)     Dead                           Min: 0, Avg:  0.0, Max: 0, Diff: 0, Sum: 0, Workers: 4
[315.490s][debug][gc,phases      ] GC(203)     Total                          Min: 2112, Avg: 2228.5, Max: 2322, Diff: 210, Sum: 8914, Workers: 4
[315.490s][debug][gc,phases      ] GC(203)   JNI Weak                       Min:  0.0, Avg:  0.0, Max:  0.0, Diff:  0.0, Sum:  0.0, Workers: 4
[315.490s][debug][gc,phases      ] GC(203)     Dead                           Min: 0, Avg:  0.0, Max: 0, Diff: 0, Sum: 0, Workers: 4
[315.490s][debug][gc,phases      ] GC(203)     Total                          Min: 0, Avg:  0.0, Max: 0, Diff: 0, Sum: 0, Workers: 4
[315.490s][debug][gc,phases      ] GC(203)   StringDedup Table Weak         Min:  0.0, Avg:  0.0, Max:  0.0, Diff:  0.0, Sum:  0.0, Workers: 4
[315.490s][debug][gc,phases      ] GC(203)     Dead                           Min: 0, Avg:  0.0, Max: 0, Diff: 0, Sum: 0, Workers: 4
[315.490s][debug][gc,phases      ] GC(203)     Total                          Min: 0, Avg:  0.0, Max: 0, Diff: 0, Sum: 0, Workers: 4
[315.490s][debug][gc,phases      ] GC(203)   StringDedup Requests0 Weak     Min:  0.0, Avg:  0.0, Max:  0.0, Diff:  0.0, Sum:  0.0, Workers: 4
[315.490s][debug][gc,phases      ] GC(203)     Dead                           Min: 0, Avg:  0.0, Max: 0, Diff: 0, Sum: 0, Workers: 4
[315.490s][debug][gc,phases      ] GC(203)     Total                          Min: 0, Avg:  0.0, Max: 0, Diff: 0, Sum: 0, Workers: 4
[315.490s][debug][gc,phases      ] GC(203)   StringDedup Requests1 Weak     Min:  0.0, Avg:  0.0, Max:  0.0, Diff:  0.0, Sum:  0.0, Workers: 4
[315.490s][debug][gc,phases      ] GC(203)     Dead                           Min: 0, Avg:  0.0, Max: 0, Diff: 0, Sum: 0, Workers: 4
[315.490s][debug][gc,phases      ] GC(203)     Total                          Min: 0, Avg:  0.0, Max: 0, Diff: 0, Sum: 0, Workers: 4
[315.490s][debug][gc,phases      ] GC(203)   Weak JFR Old Object Samples    Min:  0.0, Avg:  0.0, Max:  0.0, Diff:  0.0, Sum:  0.0, Workers: 4
[315.490s][debug][gc,phases      ] GC(203)     Dead                           Min: 0, Avg:  0.0, Max: 0, Diff: 0, Sum: 0, Workers: 4
[315.490s][debug][gc,phases      ] GC(203)     Total                          Min: 0, Avg:  0.0, Max: 0, Diff: 0, Sum: 0, Workers: 4
[315.490s][debug][gc,phases      ] GC(203) Weak Processing 0.368ms
[315.490s][debug][gc,age         ] GC(203) Desired survivor size 272629760 bytes, new threshold 15 (max threshold 15)
[315.490s][info ][gc,heap        ] GC(203) PSYoungGen: 1769230K(1769472K)->182535K(1830912K) Eden: 1572864K(1572864K)->0K(1563648K) From: 196366K(196608K)->182535K(267264K)
[315.490s][info ][gc,heap        ] GC(203) ParOldGen: 541147K(698880K)->554747K(698880K)
[315.490s][info ][gc,metaspace   ] GC(203) Metaspace: 86422K(87360K)->86422K(87360K) NonClass: 74464K(74944K)->74464K(74944K) Class: 11958K(12416K)->11958K(12416K)
[315.490s][info ][gc             ] GC(203) Pause Young (Allocation Failure) 2256M->720M(2470M) 40.703ms
[315.490s][info ][gc,cpu         ] GC(203) User=0.16s Sys=0.00s Real=0.04s
[315.490s][info ][safepoint      ] Safepoint "ParallelGCFailedAllocation", Time since last: 735408240 ns, Reaching safepoint: 111906 ns, At safepoint: 40794249 ns, Total: 40906155 ns
[316.490s][info ][safepoint      ] Safepoint "Cleanup", Time since last: 1000095478 ns, Reaching safepoint: 128008 ns, At safepoint: 6800 ns, Total: 134808 ns
[317.490s][info ][safepoint      ] Safepoint "Cleanup", Time since last: 1000103178 ns, Reaching safepoint: 125007 ns, At safepoint: 12101 ns, Total: 137108 ns
[318.491s][info ][safepoint      ] Safepoint "Cleanup", Time since last: 1000092177 ns, Reaching safepoint: 145109 ns, At safepoint: 12000 ns, Total: 157109 ns
[319.491s][info ][safepoint      ] Safepoint "Cleanup", Time since last: 1000104578 ns, Reaching safepoint: 161509 ns, At safepoint: 11801 ns, Total: 173310 ns
[319.888s][info ][gc,start       ] GC(204) Pause Young (Allocation Failure)
[319.927s][debug][gc,phases      ] GC(204) Scavenge 38.609ms
[319.927s][debug][gc,ref         ] GC(204) Skipped phase 1 of Reference Processing: no references
[319.927s][debug][gc,ref         ] GC(204) ReferenceProcessor::execute queues: 1, RefProcThreadModel::Single, marks_oops_alive: false
[319.927s][debug][gc,ref         ] GC(204) Skipped phase 3 of Reference Processing: no references
[319.927s][debug][gc,ref         ] GC(204) ReferenceProcessor::execute queues: 1, RefProcThreadModel::Single, marks_oops_alive: false
[319.927s][debug][gc,phases      ] GC(204) Reference Processing 0.131ms
[319.927s][debug][gc,phases      ] GC(204)   VM Weak                        Min:  0.0, Avg:  0.0, Max:  0.0, Diff:  0.0, Sum:  0.0, Workers: 4
[319.927s][debug][gc,phases      ] GC(204)     Dead                           Min: 0, Avg:  0.0, Max: 0, Diff: 0, Sum: 0, Workers: 4
[319.927s][debug][gc,phases      ] GC(204)     Total                          Min: 0, Avg: 186.2, Max: 553, Diff: 553, Sum: 745, Workers: 4
[319.927s][debug][gc,phases      ] GC(204)   ObjectSynchronizer Weak        Min:  0.0, Avg:  0.0, Max:  0.0, Diff:  0.0, Sum:  0.0, Workers: 4
[319.927s][debug][gc,phases      ] GC(204)     Dead                           Min: 0, Avg:  0.0, Max: 0, Diff: 0, Sum: 0, Workers: 4
[319.927s][debug][gc,phases      ] GC(204)     Total                          Min: 0, Avg: 139.8, Max: 239, Diff: 239, Sum: 559, Workers: 4
[319.927s][debug][gc,phases      ] GC(204)   JVMTI Tag Weak OopStorage      Min:  0.0, Avg:  0.0, Max:  0.0, Diff:  0.0, Sum:  0.0, Workers: 4
[319.927s][debug][gc,phases      ] GC(204)     Dead                           Min: 0, Avg:  0.0, Max: 0, Diff: 0, Sum: 0, Workers: 4
[319.927s][debug][gc,phases      ] GC(204)     Total                          Min: 0, Avg:  0.0, Max: 0, Diff: 0, Sum: 0, Workers: 4
[319.927s][debug][gc,phases      ] GC(204)   StringTable Weak               Min:  0.1, Avg:  0.1, Max:  0.1, Diff:  0.0, Sum:  0.5, Workers: 4
[319.927s][debug][gc,phases      ] GC(204)     Dead                           Min: 0, Avg:  0.2, Max: 1, Diff: 1, Sum: 1, Workers: 4
[319.927s][debug][gc,phases      ] GC(204)     Total                          Min: 10816, Avg: 12190.0, Max: 12856, Diff: 2040, Sum: 48760, Workers: 4
[319.928s][debug][gc,phases      ] GC(204)   ResolvedMethodTable Weak       Min:  0.0, Avg:  0.0, Max:  0.0, Diff:  0.0, Sum:  0.1, Workers: 4
[319.928s][debug][gc,phases      ] GC(204)     Dead                           Min: 0, Avg:  0.0, Max: 0, Diff: 0, Sum: 0, Workers: 4
[319.928s][debug][gc,phases      ] GC(204)     Total                          Min: 2112, Avg: 2229.0, Max: 2304, Diff: 192, Sum: 8916, Workers: 4
[319.928s][debug][gc,phases      ] GC(204)   JNI Weak                       Min:  0.0, Avg:  0.0, Max:  0.0, Diff:  0.0, Sum:  0.0, Workers: 4
[319.928s][debug][gc,phases      ] GC(204)     Dead                           Min: 0, Avg:  0.0, Max: 0, Diff: 0, Sum: 0, Workers: 4
[319.928s][debug][gc,phases      ] GC(204)     Total                          Min: 0, Avg:  0.0, Max: 0, Diff: 0, Sum: 0, Workers: 4
[319.928s][debug][gc,phases      ] GC(204)   StringDedup Table Weak         Min:  0.0, Avg:  0.0, Max:  0.0, Diff:  0.0, Sum:  0.0, Workers: 4
[319.928s][debug][gc,phases      ] GC(204)     Dead                           Min: 0, Avg:  0.0, Max: 0, Diff: 0, Sum: 0, Workers: 4
[319.928s][debug][gc,phases      ] GC(204)     Total                          Min: 0, Avg:  0.0, Max: 0, Diff: 0, Sum: 0, Workers: 4
[319.928s][debug][gc,phases      ] GC(204)   StringDedup Requests0 Weak     Min:  0.0, Avg:  0.0, Max:  0.0, Diff:  0.0, Sum:  0.0, Workers: 4
[319.928s][debug][gc,phases      ] GC(204)     Dead                           Min: 0, Avg:  0.0, Max: 0, Diff: 0, Sum: 0, Workers: 4
[319.928s][debug][gc,phases      ] GC(204)     Total                          Min: 0, Avg:  0.0, Max: 0, Diff: 0, Sum: 0, Workers: 4
[319.928s][debug][gc,phases      ] GC(204)   StringDedup Requests1 Weak     Min:  0.0, Avg:  0.0, Max:  0.0, Diff:  0.0, Sum:  0.0, Workers: 4
[319.928s][debug][gc,phases      ] GC(204)     Dead                           Min: 0, Avg:  0.0, Max: 0, Diff: 0, Sum: 0, Workers: 4
[319.928s][debug][gc,phases      ] GC(204)     Total                          Min: 0, Avg:  0.0, Max: 0, Diff: 0, Sum: 0, Workers: 4
[319.928s][debug][gc,phases      ] GC(204)   Weak JFR Old Object Samples    Min:  0.0, Avg:  0.0, Max:  0.0, Diff:  0.0, Sum:  0.0, Workers: 4
[319.928s][debug][gc,phases      ] GC(204)     Dead                           Min: 0, Avg:  0.0, Max: 0, Diff: 0, Sum: 0, Workers: 4
[319.928s][debug][gc,phases      ] GC(204)     Total                          Min: 0, Avg:  0.0, Max: 0, Diff: 0, Sum: 0, Workers: 4
[319.928s][debug][gc,phases      ] GC(204) Weak Processing 0.369ms
[319.928s][debug][gc,age         ] GC(204) Desired survivor size 267386880 bytes, new threshold 15 (max threshold 15)
[319.928s][info ][gc,heap        ] GC(204) PSYoungGen: 1746183K(1830912K)->174702K(1829888K) Eden: 1563648K(1563648K)->0K(1563648K) From: 182535K(267264K)->174702K(266240K)
[319.928s][info ][gc,heap        ] GC(204) ParOldGen: 554747K(698880K)->564967K(698880K)
[319.928s][info ][gc,metaspace   ] GC(204) Metaspace: 86436K(87424K)->86436K(87424K) NonClass: 74477K(75008K)->74477K(75008K) Class: 11959K(12416K)->11959K(12416K)
[319.928s][info ][gc             ] GC(204) Pause Young (Allocation Failure) 2247M->722M(2469M) 39.243ms
[319.928s][info ][gc,cpu         ] GC(204) User=0.16s Sys=0.00s Real=0.04s
[319.928s][info ][safepoint      ] Safepoint "ParallelGCFailedAllocation", Time since last: 397226269 ns, Reaching safepoint: 163109 ns, At safepoint: 39329365 ns, Total: 39492474 ns
[320.928s][info ][safepoint      ] Safepoint "Cleanup", Time since last: 1000113977 ns, Reaching safepoint: 85705 ns, At safepoint: 5200 ns, Total: 90905 ns
[321.928s][info ][safepoint      ] Safepoint "Cleanup", Time since last: 1000108777 ns, Reaching safepoint: 135808 ns, At safepoint: 7501 ns, Total: 143309 ns
[322.928s][info ][safepoint      ] Safepoint "Cleanup", Time since last: 1000100476 ns, Reaching safepoint: 67604 ns, At safepoint: 12900 ns, Total: 80504 ns
[323.929s][info ][safepoint      ] Safepoint "Cleanup", Time since last: 1000108077 ns, Reaching safepoint: 61303 ns, At safepoint: 6201 ns, Total: 67504 ns
[324.134s][info ][gc,start       ] GC(205) Pause Young (Allocation Failure)
[324.171s][debug][gc,phases      ] GC(205) Scavenge 36.474ms
[324.171s][debug][gc,ref         ] GC(205) Skipped phase 1 of Reference Processing: no references
[324.171s][debug][gc,ref         ] GC(205) ReferenceProcessor::execute queues: 1, RefProcThreadModel::Single, marks_oops_alive: false
[324.171s][debug][gc,ref         ] GC(205) Skipped phase 3 of Reference Processing: no references
[324.171s][debug][gc,ref         ] GC(205) ReferenceProcessor::execute queues: 1, RefProcThreadModel::Single, marks_oops_alive: false
[324.171s][debug][gc,phases      ] GC(205) Reference Processing 0.132ms
[324.171s][debug][gc,phases      ] GC(205)   VM Weak                        Min:  0.0, Avg:  0.0, Max:  0.0, Diff:  0.0, Sum:  0.0, Workers: 4
[324.171s][debug][gc,phases      ] GC(205)     Dead                           Min: 0, Avg:  0.0, Max: 0, Diff: 0, Sum: 0, Workers: 4
[324.171s][debug][gc,phases      ] GC(205)     Total                          Min: 0, Avg: 186.2, Max: 681, Diff: 681, Sum: 745, Workers: 4
[324.171s][debug][gc,phases      ] GC(205)   ObjectSynchronizer Weak        Min:  0.0, Avg:  0.0, Max:  0.0, Diff:  0.0, Sum:  0.0, Workers: 4
[324.171s][debug][gc,phases      ] GC(205)     Dead                           Min: 0, Avg:  0.0, Max: 0, Diff: 0, Sum: 0, Workers: 4
[324.171s][debug][gc,phases      ] GC(205)     Total                          Min: 0, Avg: 139.8, Max: 256, Diff: 256, Sum: 559, Workers: 4
[324.171s][debug][gc,phases      ] GC(205)   JVMTI Tag Weak OopStorage      Min:  0.0, Avg:  0.0, Max:  0.0, Diff:  0.0, Sum:  0.0, Workers: 4
[324.171s][debug][gc,phases      ] GC(205)     Dead                           Min: 0, Avg:  0.0, Max: 0, Diff: 0, Sum: 0, Workers: 4
[324.171s][debug][gc,phases      ] GC(205)     Total                          Min: 0, Avg:  0.0, Max: 0, Diff: 0, Sum: 0, Workers: 4
[324.171s][debug][gc,phases      ] GC(205)   StringTable Weak               Min:  0.1, Avg:  0.1, Max:  0.1, Diff:  0.0, Sum:  0.5, Workers: 4
[324.171s][debug][gc,phases      ] GC(205)     Dead                           Min: 0, Avg:  0.0, Max: 0, Diff: 0, Sum: 0, Workers: 4
[324.171s][debug][gc,phases      ] GC(205)     Total                          Min: 10624, Avg: 12190.8, Max: 13056, Diff: 2432, Sum: 48763, Workers: 4
[324.171s][debug][gc,phases      ] GC(205)   ResolvedMethodTable Weak       Min:  0.0, Avg:  0.0, Max:  0.0, Diff:  0.0, Sum:  0.1, Workers: 4
[324.171s][debug][gc,phases      ] GC(205)     Dead                           Min: 0, Avg:  0.0, Max: 0, Diff: 0, Sum: 0, Workers: 4
[324.171s][debug][gc,phases      ] GC(205)     Total                          Min: 2048, Avg: 2229.5, Max: 2368, Diff: 320, Sum: 8918, Workers: 4
[324.171s][debug][gc,phases      ] GC(205)   JNI Weak                       Min:  0.0, Avg:  0.0, Max:  0.0, Diff:  0.0, Sum:  0.0, Workers: 4
[324.171s][debug][gc,phases      ] GC(205)     Dead                           Min: 0, Avg:  0.0, Max: 0, Diff: 0, Sum: 0, Workers: 4
[324.171s][debug][gc,phases      ] GC(205)     Total                          Min: 0, Avg:  0.0, Max: 0, Diff: 0, Sum: 0, Workers: 4
[324.171s][debug][gc,phases      ] GC(205)   StringDedup Table Weak         Min:  0.0, Avg:  0.0, Max:  0.0, Diff:  0.0, Sum:  0.0, Workers: 4
[324.171s][debug][gc,phases      ] GC(205)     Dead                           Min: 0, Avg:  0.0, Max: 0, Diff: 0, Sum: 0, Workers: 4
[324.171s][debug][gc,phases      ] GC(205)     Total                          Min: 0, Avg:  0.0, Max: 0, Diff: 0, Sum: 0, Workers: 4
[324.171s][debug][gc,phases      ] GC(205)   StringDedup Requests0 Weak     Min:  0.0, Avg:  0.0, Max:  0.0, Diff:  0.0, Sum:  0.0, Workers: 4
[324.171s][debug][gc,phases      ] GC(205)     Dead                           Min: 0, Avg:  0.0, Max: 0, Diff: 0, Sum: 0, Workers: 4
[324.171s][debug][gc,phases      ] GC(205)     Total                          Min: 0, Avg:  0.0, Max: 0, Diff: 0, Sum: 0, Workers: 4
[324.171s][debug][gc,phases      ] GC(205)   StringDedup Requests1 Weak     Min:  0.0, Avg:  0.0, Max:  0.0, Diff:  0.0, Sum:  0.0, Workers: 4
[324.171s][debug][gc,phases      ] GC(205)     Dead                           Min: 0, Avg:  0.0, Max: 0, Diff: 0, Sum: 0, Workers: 4
[324.171s][debug][gc,phases      ] GC(205)     Total                          Min: 0, Avg:  0.0, Max: 0, Diff: 0, Sum: 0, Workers: 4
[324.171s][debug][gc,phases      ] GC(205)   Weak JFR Old Object Samples    Min:  0.0, Avg:  0.0, Max:  0.0, Diff:  0.0, Sum:  0.0, Workers: 4
[324.171s][debug][gc,phases      ] GC(205)     Dead                           Min: 0, Avg:  0.0, Max: 0, Diff: 0, Sum: 0, Workers: 4
[324.171s][debug][gc,phases      ] GC(205)     Total                          Min: 0, Avg:  0.0, Max: 0, Diff: 0, Sum: 0, Workers: 4
[324.171s][debug][gc,phases      ] GC(205) Weak Processing 0.349ms
[324.171s][debug][gc,age         ] GC(205) Desired survivor size 261619712 bytes, new threshold 15 (max threshold 15)
[324.171s][info ][gc,heap        ] GC(205) PSYoungGen: 1738350K(1829888K)->172774K(1841664K) Eden: 1563648K(1563648K)->0K(1580544K) From: 174702K(266240K)->172774K(261120K)
[324.171s][info ][gc,heap        ] GC(205) ParOldGen: 564967K(698880K)->565119K(698880K)
[324.171s][info ][gc,metaspace   ] GC(205) Metaspace: 86452K(87424K)->86452K(87424K) NonClass: 74492K(75008K)->74492K(75008K) Class: 11959K(12416K)->11959K(12416K)
[324.171s][info ][gc             ] GC(205) Pause Young (Allocation Failure) 2249M->720M(2481M) 37.104ms
[324.171s][info ][gc,cpu         ] GC(205) User=0.14s Sys=0.00s Real=0.03s
[324.171s][info ][safepoint      ] Safepoint "ParallelGCFailedAllocation", Time since last: 205652839 ns, Reaching safepoint: 136308 ns, At safepoint: 37192941 ns, Total: 37329249 ns
[325.172s][info ][safepoint      ] Safepoint "Cleanup", Time since last: 1000086074 ns, Reaching safepoint: 55604 ns, At safepoint: 8100 ns, Total: 63704 ns
[326.172s][info ][safepoint      ] Safepoint "Cleanup", Time since last: 1000115376 ns, Reaching safepoint: 53103 ns, At safepoint: 3600 ns, Total: 56703 ns
[327.172s][info ][safepoint      ] Safepoint "Cleanup", Time since last: 1000074673 ns, Reaching safepoint: 68204 ns, At safepoint: 7801 ns, Total: 76005 ns
[328.172s][info ][safepoint      ] Safepoint "Cleanup", Time since last: 1000103174 ns, Reaching safepoint: 50903 ns, At safepoint: 6801 ns, Total: 57704 ns
[328.586s][info ][safepoint      ] Safepoint "ParallelGCFailedAllocation", Time since last: 414224546 ns, Reaching safepoint: 36602 ns, At safepoint: 10500 ns, Total: 47102 ns
[328.587s][info ][gc,start       ] GC(206) Pause Young (GCLocker Initiated GC)
[328.621s][debug][gc,phases      ] GC(206) Scavenge 34.719ms
[328.621s][debug][gc,ref         ] GC(206) Skipped phase 1 of Reference Processing: no references
[328.622s][debug][gc,ref         ] GC(206) ReferenceProcessor::execute queues: 1, RefProcThreadModel::Single, marks_oops_alive: false
[328.622s][debug][gc,ref         ] GC(206) Skipped phase 3 of Reference Processing: no references
[328.622s][debug][gc,ref         ] GC(206) ReferenceProcessor::execute queues: 1, RefProcThreadModel::Single, marks_oops_alive: false
[328.622s][debug][gc,phases      ] GC(206) Reference Processing 0.141ms
[328.622s][debug][gc,phases      ] GC(206)   VM Weak                        Min:  0.0, Avg:  0.0, Max:  0.0, Diff:  0.0, Sum:  0.0, Workers: 4
[328.622s][debug][gc,phases      ] GC(206)     Dead                           Min: 0, Avg:  0.0, Max: 0, Diff: 0, Sum: 0, Workers: 4
[328.622s][debug][gc,phases      ] GC(206)     Total                          Min: 0, Avg: 186.2, Max: 681, Diff: 681, Sum: 745, Workers: 4
[328.622s][debug][gc,phases      ] GC(206)   ObjectSynchronizer Weak        Min:  0.0, Avg:  0.0, Max:  0.0, Diff:  0.0, Sum:  0.0, Workers: 4
[328.622s][debug][gc,phases      ] GC(206)     Dead                           Min: 0, Avg:  0.0, Max: 0, Diff: 0, Sum: 0, Workers: 4
[328.622s][debug][gc,phases      ] GC(206)     Total                          Min: 0, Avg: 139.8, Max: 192, Diff: 192, Sum: 559, Workers: 4
[328.622s][debug][gc,phases      ] GC(206)   JVMTI Tag Weak OopStorage      Min:  0.0, Avg:  0.0, Max:  0.0, Diff:  0.0, Sum:  0.0, Workers: 4
[328.622s][debug][gc,phases      ] GC(206)     Dead                           Min: 0, Avg:  0.0, Max: 0, Diff: 0, Sum: 0, Workers: 4
[328.622s][debug][gc,phases      ] GC(206)     Total                          Min: 0, Avg:  0.0, Max: 0, Diff: 0, Sum: 0, Workers: 4
[328.622s][debug][gc,phases      ] GC(206)   StringTable Weak               Min:  0.1, Avg:  0.1, Max:  0.1, Diff:  0.0, Sum:  0.5, Workers: 4
[328.622s][debug][gc,phases      ] GC(206)     Dead                           Min: 0, Avg:  0.0, Max: 0, Diff: 0, Sum: 0, Workers: 4
[328.622s][debug][gc,phases      ] GC(206)     Total                          Min: 11520, Avg: 12190.8, Max: 12987, Diff: 1467, Sum: 48763, Workers: 4
[328.622s][debug][gc,phases      ] GC(206)   ResolvedMethodTable Weak       Min:  0.0, Avg:  0.0, Max:  0.0, Diff:  0.0, Sum:  0.1, Workers: 4
[328.622s][debug][gc,phases      ] GC(206)     Dead                           Min: 0, Avg:  0.0, Max: 0, Diff: 0, Sum: 0, Workers: 4
[328.622s][debug][gc,phases      ] GC(206)     Total                          Min: 2176, Avg: 2229.5, Max: 2262, Diff: 86, Sum: 8918, Workers: 4
[328.622s][debug][gc,phases      ] GC(206)   JNI Weak                       Min:  0.0, Avg:  0.0, Max:  0.0, Diff:  0.0, Sum:  0.0, Workers: 4
[328.622s][debug][gc,phases      ] GC(206)     Dead                           Min: 0, Avg:  0.0, Max: 0, Diff: 0, Sum: 0, Workers: 4
[328.622s][debug][gc,phases      ] GC(206)     Total                          Min: 0, Avg:  0.0, Max: 0, Diff: 0, Sum: 0, Workers: 4
[328.622s][debug][gc,phases      ] GC(206)   StringDedup Table Weak         Min:  0.0, Avg:  0.0, Max:  0.0, Diff:  0.0, Sum:  0.0, Workers: 4
[328.622s][debug][gc,phases      ] GC(206)     Dead                           Min: 0, Avg:  0.0, Max: 0, Diff: 0, Sum: 0, Workers: 4
[328.622s][debug][gc,phases      ] GC(206)     Total                          Min: 0, Avg:  0.0, Max: 0, Diff: 0, Sum: 0, Workers: 4
[328.622s][debug][gc,phases      ] GC(206)   StringDedup Requests0 Weak     Min:  0.0, Avg:  0.0, Max:  0.0, Diff:  0.0, Sum:  0.0, Workers: 4
[328.622s][debug][gc,phases      ] GC(206)     Dead                           Min: 0, Avg:  0.0, Max: 0, Diff: 0, Sum: 0, Workers: 4
[328.622s][debug][gc,phases      ] GC(206)     Total                          Min: 0, Avg:  0.0, Max: 0, Diff: 0, Sum: 0, Workers: 4
[328.622s][debug][gc,phases      ] GC(206)   StringDedup Requests1 Weak     Min:  0.0, Avg:  0.0, Max:  0.0, Diff:  0.0, Sum:  0.0, Workers: 4
[328.622s][debug][gc,phases      ] GC(206)     Dead                           Min: 0, Avg:  0.0, Max: 0, Diff: 0, Sum: 0, Workers: 4
[328.622s][debug][gc,phases      ] GC(206)     Total                          Min: 0, Avg:  0.0, Max: 0, Diff: 0, Sum: 0, Workers: 4
[328.622s][debug][gc,phases      ] GC(206)   Weak JFR Old Object Samples    Min:  0.0, Avg:  0.0, Max:  0.0, Diff:  0.0, Sum:  0.0, Workers: 4
[328.622s][debug][gc,phases      ] GC(206)     Dead                           Min: 0, Avg:  0.0, Max: 0, Diff: 0, Sum: 0, Workers: 4
[328.622s][debug][gc,phases      ] GC(206)     Total                          Min: 0, Avg:  0.0, Max: 0, Diff: 0, Sum: 0, Workers: 4
[328.622s][debug][gc,phases      ] GC(206) Weak Processing 0.372ms
[328.622s][debug][gc,age         ] GC(206) Desired survivor size 256376832 bytes, new threshold 15 (max threshold 15)
[328.622s][info ][gc,heap        ] GC(206) PSYoungGen: 1753318K(1841664K)->173366K(1836032K) Eden: 1580544K(1580544K)->0K(1580544K) From: 172774K(261120K)->173366K(255488K)
[328.622s][info ][gc,heap        ] GC(206) ParOldGen: 565163K(698880K)->565399K(698880K)
[328.622s][info ][gc,metaspace   ] GC(206) Metaspace: 86458K(87424K)->86458K(87424K) NonClass: 74498K(75008K)->74498K(75008K) Class: 11959K(12416K)->11959K(12416K)
[328.622s][info ][gc             ] GC(206) Pause Young (GCLocker Initiated GC) 2264M->721M(2475M) 35.358ms
[328.622s][info ][gc,cpu         ] GC(206) User=0.14s Sys=0.00s Real=0.03s
[328.622s][info ][safepoint      ] Safepoint "ParallelGCSystemGC", Time since last: 157710 ns, Reaching safepoint: 18601 ns, At safepoint: 35431739 ns, Total: 35450340 ns
[329.622s][info ][safepoint      ] Safepoint "Cleanup", Time since last: 1000090374 ns, Reaching safepoint: 69003 ns, At safepoint: 11201 ns, Total: 80204 ns
[330.622s][info ][safepoint      ] Safepoint "Cleanup", Time since last: 1000098673 ns, Reaching safepoint: 63204 ns, At safepoint: 6801 ns, Total: 70005 ns
[331.622s][info ][safepoint      ] Safepoint "Cleanup", Time since last: 1000094872 ns, Reaching safepoint: 52003 ns, At safepoint: 3900 ns, Total: 55903 ns
[332.623s][info ][safepoint      ] Safepoint "Cleanup", Time since last: 1000112274 ns, Reaching safepoint: 53603 ns, At safepoint: 8500 ns, Total: 62103 ns
[332.993s][info ][gc,start       ] GC(207) Pause Young (Allocation Failure)
[333.030s][debug][gc,phases      ] GC(207) Scavenge 37.516ms
[333.030s][debug][gc,ref         ] GC(207) Skipped phase 1 of Reference Processing: no references
[333.030s][debug][gc,ref         ] GC(207) ReferenceProcessor::execute queues: 1, RefProcThreadModel::Single, marks_oops_alive: false
[333.030s][debug][gc,ref         ] GC(207) Skipped phase 3 of Reference Processing: no references
[333.030s][debug][gc,ref         ] GC(207) ReferenceProcessor::execute queues: 1, RefProcThreadModel::Single, marks_oops_alive: false
[333.030s][debug][gc,phases      ] GC(207) Reference Processing 0.158ms
[333.031s][debug][gc,phases      ] GC(207)   VM Weak                        Min:  0.0, Avg:  0.0, Max:  0.0, Diff:  0.0, Sum:  0.0, Workers: 4
[333.031s][debug][gc,phases      ] GC(207)     Dead                           Min: 0, Avg:  0.0, Max: 0, Diff: 0, Sum: 0, Workers: 4
[333.031s][debug][gc,phases      ] GC(207)     Total                          Min: 0, Avg: 186.2, Max: 640, Diff: 640, Sum: 745, Workers: 4
[333.031s][debug][gc,phases      ] GC(207)   ObjectSynchronizer Weak        Min:  0.0, Avg:  0.0, Max:  0.0, Diff:  0.0, Sum:  0.0, Workers: 4
[333.031s][debug][gc,phases      ] GC(207)     Dead                           Min: 0, Avg:  0.0, Max: 0, Diff: 0, Sum: 0, Workers: 4
[333.031s][debug][gc,phases      ] GC(207)     Total                          Min: 0, Avg: 139.8, Max: 367, Diff: 367, Sum: 559, Workers: 4
[333.031s][debug][gc,phases      ] GC(207)   JVMTI Tag Weak OopStorage      Min:  0.0, Avg:  0.0, Max:  0.0, Diff:  0.0, Sum:  0.0, Workers: 4
[333.031s][debug][gc,phases      ] GC(207)     Dead                           Min: 0, Avg:  0.0, Max: 0, Diff: 0, Sum: 0, Workers: 4
[333.031s][debug][gc,phases      ] GC(207)     Total                          Min: 0, Avg:  0.0, Max: 0, Diff: 0, Sum: 0, Workers: 4
[333.031s][debug][gc,phases      ] GC(207)   StringTable Weak               Min:  0.1, Avg:  0.1, Max:  0.1, Diff:  0.0, Sum:  0.5, Workers: 4
[333.031s][debug][gc,phases      ] GC(207)     Dead                           Min: 0, Avg:  0.2, Max: 1, Diff: 1, Sum: 1, Workers: 4
[333.031s][debug][gc,phases      ] GC(207)     Total                          Min: 11008, Avg: 12191.2, Max: 13120, Diff: 2112, Sum: 48765, Workers: 4
[333.031s][debug][gc,phases      ] GC(207)   ResolvedMethodTable Weak       Min:  0.0, Avg:  0.0, Max:  0.0, Diff:  0.0, Sum:  0.1, Workers: 4
[333.031s][debug][gc,phases      ] GC(207)     Dead                           Min: 0, Avg:  0.0, Max: 0, Diff: 0, Sum: 0, Workers: 4
[333.031s][debug][gc,phases      ] GC(207)     Total                          Min: 2048, Avg: 2229.8, Max: 2304, Diff: 256, Sum: 8919, Workers: 4
[333.031s][debug][gc,phases      ] GC(207)   JNI Weak                       Min:  0.0, Avg:  0.0, Max:  0.0, Diff:  0.0, Sum:  0.0, Workers: 4
[333.031s][debug][gc,phases      ] GC(207)     Dead                           Min: 0, Avg:  0.0, Max: 0, Diff: 0, Sum: 0, Workers: 4
[333.031s][debug][gc,phases      ] GC(207)     Total                          Min: 0, Avg:  0.0, Max: 0, Diff: 0, Sum: 0, Workers: 4
[333.031s][debug][gc,phases      ] GC(207)   StringDedup Table Weak         Min:  0.0, Avg:  0.0, Max:  0.0, Diff:  0.0, Sum:  0.0, Workers: 4
[333.031s][debug][gc,phases      ] GC(207)     Dead                           Min: 0, Avg:  0.0, Max: 0, Diff: 0, Sum: 0, Workers: 4
[333.031s][debug][gc,phases      ] GC(207)     Total                          Min: 0, Avg:  0.0, Max: 0, Diff: 0, Sum: 0, Workers: 4
[333.031s][debug][gc,phases      ] GC(207)   StringDedup Requests0 Weak     Min:  0.0, Avg:  0.0, Max:  0.0, Diff:  0.0, Sum:  0.0, Workers: 4
[333.031s][debug][gc,phases      ] GC(207)     Dead                           Min: 0, Avg:  0.0, Max: 0, Diff: 0, Sum: 0, Workers: 4
[333.031s][debug][gc,phases      ] GC(207)     Total                          Min: 0, Avg:  0.0, Max: 0, Diff: 0, Sum: 0, Workers: 4
[333.031s][debug][gc,phases      ] GC(207)   StringDedup Requests1 Weak     Min:  0.0, Avg:  0.0, Max:  0.0, Diff:  0.0, Sum:  0.0, Workers: 4
[333.031s][debug][gc,phases      ] GC(207)     Dead                           Min: 0, Avg:  0.0, Max: 0, Diff: 0, Sum: 0, Workers: 4
[333.031s][debug][gc,phases      ] GC(207)     Total                          Min: 0, Avg:  0.0, Max: 0, Diff: 0, Sum: 0, Workers: 4
[333.031s][debug][gc,phases      ] GC(207)   Weak JFR Old Object Samples    Min:  0.0, Avg:  0.0, Max:  0.0, Diff:  0.0, Sum:  0.0, Workers: 4
[333.031s][debug][gc,phases      ] GC(207)     Dead                           Min: 0, Avg:  0.0, Max: 0, Diff: 0, Sum: 0, Workers: 4
[333.031s][debug][gc,phases      ] GC(207)     Total                          Min: 0, Avg:  0.0, Max: 0, Diff: 0, Sum: 0, Workers: 4
[333.031s][debug][gc,phases      ] GC(207) Weak Processing 0.369ms
[333.031s][debug][gc,age         ] GC(207) Desired survivor size 251658240 bytes, new threshold 15 (max threshold 15)
[333.031s][info ][gc,heap        ] GC(207) PSYoungGen: 1753910K(1836032K)->174327K(1851392K) Eden: 1580544K(1580544K)->0K(1601024K) From: 173366K(255488K)->174327K(250368K)
[333.031s][info ][gc,heap        ] GC(207) ParOldGen: 565401K(698880K)->565433K(698880K)
[333.031s][info ][gc,metaspace   ] GC(207) Metaspace: 86469K(87424K)->86469K(87424K) NonClass: 74507K(75008K)->74507K(75008K) Class: 11961K(12416K)->11961K(12416K)
[333.031s][info ][gc             ] GC(207) Pause Young (Allocation Failure) 2264M->722M(2490M) 38.186ms
[333.031s][info ][gc,cpu         ] GC(207) User=0.15s Sys=0.00s Real=0.04s
[333.031s][info ][safepoint      ] Safepoint "ParallelGCFailedAllocation", Time since last: 369807589 ns, Reaching safepoint: 112907 ns, At safepoint: 38272203 ns, Total: 38385110 ns
[334.031s][info ][safepoint      ] Safepoint "Cleanup", Time since last: 1000091872 ns, Reaching safepoint: 131607 ns, At safepoint: 8801 ns, Total: 140408 ns
[335.031s][info ][safepoint      ] Safepoint "Cleanup", Time since last: 1000113172 ns, Reaching safepoint: 132908 ns, At safepoint: 11201 ns, Total: 144109 ns
[336.032s][info ][safepoint      ] Safepoint "Cleanup", Time since last: 1000125773 ns, Reaching safepoint: 130607 ns, At safepoint: 12401 ns, Total: 143008 ns
[337.032s][info ][safepoint      ] Safepoint "Cleanup", Time since last: 1000115572 ns, Reaching safepoint: 124307 ns, At safepoint: 8601 ns, Total: 132908 ns
[337.507s][info ][gc,start       ] GC(208) Pause Young (Allocation Failure)
[337.541s][debug][gc,phases      ] GC(208) Scavenge 33.968ms
[337.541s][debug][gc,ref         ] GC(208) Skipped phase 1 of Reference Processing: no references
[337.541s][debug][gc,ref         ] GC(208) ReferenceProcessor::execute queues: 1, RefProcThreadModel::Single, marks_oops_alive: false
[337.541s][debug][gc,ref         ] GC(208) Skipped phase 3 of Reference Processing: no references
[337.541s][debug][gc,ref         ] GC(208) ReferenceProcessor::execute queues: 1, RefProcThreadModel::Single, marks_oops_alive: false
[337.541s][debug][gc,phases      ] GC(208) Reference Processing 0.139ms
[337.541s][debug][gc,phases      ] GC(208)   VM Weak                        Min:  0.0, Avg:  0.0, Max:  0.0, Diff:  0.0, Sum:  0.0, Workers: 4
[337.541s][debug][gc,phases      ] GC(208)     Dead                           Min: 0, Avg:  0.0, Max: 0, Diff: 0, Sum: 0, Workers: 4
[337.541s][debug][gc,phases      ] GC(208)     Total                          Min: 0, Avg: 186.2, Max: 489, Diff: 489, Sum: 745, Workers: 4
[337.541s][debug][gc,phases      ] GC(208)   ObjectSynchronizer Weak        Min:  0.0, Avg:  0.0, Max:  0.0, Diff:  0.0, Sum:  0.0, Workers: 4
[337.541s][debug][gc,phases      ] GC(208)     Dead                           Min: 0, Avg:  0.0, Max: 0, Diff: 0, Sum: 0, Workers: 4
[337.541s][debug][gc,phases      ] GC(208)     Total                          Min: 0, Avg: 139.8, Max: 320, Diff: 320, Sum: 559, Workers: 4
[337.541s][debug][gc,phases      ] GC(208)   JVMTI Tag Weak OopStorage      Min:  0.0, Avg:  0.0, Max:  0.0, Diff:  0.0, Sum:  0.0, Workers: 4
[337.542s][debug][gc,phases      ] GC(208)     Dead                           Min: 0, Avg:  0.0, Max: 0, Diff: 0, Sum: 0, Workers: 4
[337.542s][debug][gc,phases      ] GC(208)     Total                          Min: 0, Avg:  0.0, Max: 0, Diff: 0, Sum: 0, Workers: 4
[337.542s][debug][gc,phases      ] GC(208)   StringTable Weak               Min:  0.1, Avg:  0.1, Max:  0.1, Diff:  0.0, Sum:  0.5, Workers: 4
[337.542s][debug][gc,phases      ] GC(208)     Dead                           Min: 0, Avg:  0.0, Max: 0, Diff: 0, Sum: 0, Workers: 4
[337.542s][debug][gc,phases      ] GC(208)     Total                          Min: 11072, Avg: 12193.2, Max: 13376, Diff: 2304, Sum: 48773, Workers: 4
[337.542s][debug][gc,phases      ] GC(208)   ResolvedMethodTable Weak       Min:  0.0, Avg:  0.0, Max:  0.0, Diff:  0.0, Sum:  0.1, Workers: 4
[337.542s][debug][gc,phases      ] GC(208)     Dead                           Min: 0, Avg:  0.0, Max: 0, Diff: 0, Sum: 0, Workers: 4
[337.542s][debug][gc,phases      ] GC(208)     Total                          Min: 1920, Avg: 2229.8, Max: 2496, Diff: 576, Sum: 8919, Workers: 4
[337.542s][debug][gc,phases      ] GC(208)   JNI Weak                       Min:  0.0, Avg:  0.0, Max:  0.0, Diff:  0.0, Sum:  0.0, Workers: 4
[337.542s][debug][gc,phases      ] GC(208)     Dead                           Min: 0, Avg:  0.0, Max: 0, Diff: 0, Sum: 0, Workers: 4
[337.542s][debug][gc,phases      ] GC(208)     Total                          Min: 0, Avg:  0.0, Max: 0, Diff: 0, Sum: 0, Workers: 4
[337.542s][debug][gc,phases      ] GC(208)   StringDedup Table Weak         Min:  0.0, Avg:  0.0, Max:  0.0, Diff:  0.0, Sum:  0.0, Workers: 4
[337.542s][debug][gc,phases      ] GC(208)     Dead                           Min: 0, Avg:  0.0, Max: 0, Diff: 0, Sum: 0, Workers: 4
[337.542s][debug][gc,phases      ] GC(208)     Total                          Min: 0, Avg:  0.0, Max: 0, Diff: 0, Sum: 0, Workers: 4
[337.542s][debug][gc,phases      ] GC(208)   StringDedup Requests0 Weak     Min:  0.0, Avg:  0.0, Max:  0.0, Diff:  0.0, Sum:  0.0, Workers: 4
[337.542s][debug][gc,phases      ] GC(208)     Dead                           Min: 0, Avg:  0.0, Max: 0, Diff: 0, Sum: 0, Workers: 4
[337.542s][debug][gc,phases      ] GC(208)     Total                          Min: 0, Avg:  0.0, Max: 0, Diff: 0, Sum: 0, Workers: 4
[337.542s][debug][gc,phases      ] GC(208)   StringDedup Requests1 Weak     Min:  0.0, Avg:  0.0, Max:  0.0, Diff:  0.0, Sum:  0.0, Workers: 4
[337.542s][debug][gc,phases      ] GC(208)     Dead                           Min: 0, Avg:  0.0, Max: 0, Diff: 0, Sum: 0, Workers: 4
[337.542s][debug][gc,phases      ] GC(208)     Total                          Min: 0, Avg:  0.0, Max: 0, Diff: 0, Sum: 0, Workers: 4
[337.542s][debug][gc,phases      ] GC(208)   Weak JFR Old Object Samples    Min:  0.0, Avg:  0.0, Max:  0.0, Diff:  0.0, Sum:  0.0, Workers: 4
[337.542s][debug][gc,phases      ] GC(208)     Dead                           Min: 0, Avg:  0.0, Max: 0, Diff: 0, Sum: 0, Workers: 4
[337.542s][debug][gc,phases      ] GC(208)     Total                          Min: 0, Avg:  0.0, Max: 0, Diff: 0, Sum: 0, Workers: 4
[337.542s][debug][gc,phases      ] GC(208) Weak Processing 0.367ms
[337.542s][debug][gc,age         ] GC(208) Desired survivor size 246415360 bytes, new threshold 15 (max threshold 15)
[337.542s][info ][gc,heap        ] GC(208) PSYoungGen: 1775351K(1851392K)->172310K(1846784K) Eden: 1601024K(1601024K)->0K(1601024K) From: 174327K(250368K)->172310K(245760K)
[337.542s][info ][gc,heap        ] GC(208) ParOldGen: 565433K(698880K)->565973K(698880K)
[337.542s][info ][gc,metaspace   ] GC(208) Metaspace: 86469K(87424K)->86469K(87424K) NonClass: 74508K(75008K)->74508K(75008K) Class: 11961K(12416K)->11961K(12416K)
[337.542s][info ][gc             ] GC(208) Pause Young (Allocation Failure) 2285M->720M(2486M) 34.621ms
[337.542s][info ][gc,cpu         ] GC(208) User=0.14s Sys=0.00s Real=0.03s
[337.542s][info ][safepoint      ] Safepoint "ParallelGCFailedAllocation", Time since last: 475117350 ns, Reaching safepoint: 30401 ns, At safepoint: 34706898 ns, Total: 34737299 ns
[338.542s][info ][safepoint      ] Safepoint "Cleanup", Time since last: 1000088870 ns, Reaching safepoint: 125608 ns, At safepoint: 13100 ns, Total: 138708 ns
[339.542s][info ][safepoint      ] Safepoint "Cleanup", Time since last: 1000097771 ns, Reaching safepoint: 123707 ns, At safepoint: 14401 ns, Total: 138108 ns
[341.542s][info ][safepoint      ] Safepoint "Cleanup", Time since last: 2000122735 ns, Reaching safepoint: 125407 ns, At safepoint: 19601 ns, Total: 145008 ns
[341.989s][info ][gc,start       ] GC(209) Pause Young (Allocation Failure)
[342.026s][debug][gc,phases      ] GC(209) Scavenge 37.425ms
[342.026s][debug][gc,ref         ] GC(209) Skipped phase 1 of Reference Processing: no references
[342.026s][debug][gc,ref         ] GC(209) ReferenceProcessor::execute queues: 1, RefProcThreadModel::Single, marks_oops_alive: false
[342.026s][debug][gc,ref         ] GC(209) Skipped phase 3 of Reference Processing: no references
[342.026s][debug][gc,ref         ] GC(209) ReferenceProcessor::execute queues: 1, RefProcThreadModel::Single, marks_oops_alive: false
[342.026s][debug][gc,phases      ] GC(209) Reference Processing 0.135ms
[342.026s][debug][gc,phases      ] GC(209)   VM Weak                        Min:  0.0, Avg:  0.0, Max:  0.0, Diff:  0.0, Sum:  0.0, Workers: 4
[342.026s][debug][gc,phases      ] GC(209)     Dead                           Min: 0, Avg:  0.0, Max: 0, Diff: 0, Sum: 0, Workers: 4
[342.027s][debug][gc,phases      ] GC(209)     Total                          Min: 0, Avg: 186.2, Max: 489, Diff: 489, Sum: 745, Workers: 4
[342.027s][debug][gc,phases      ] GC(209)   ObjectSynchronizer Weak        Min:  0.0, Avg:  0.0, Max:  0.0, Diff:  0.0, Sum:  0.0, Workers: 4
[342.027s][debug][gc,phases      ] GC(209)     Dead                           Min: 0, Avg:  0.0, Max: 0, Diff: 0, Sum: 0, Workers: 4
[342.027s][debug][gc,phases      ] GC(209)     Total                          Min: 0, Avg: 139.8, Max: 239, Diff: 239, Sum: 559, Workers: 4
[342.027s][debug][gc,phases      ] GC(209)   JVMTI Tag Weak OopStorage      Min:  0.0, Avg:  0.0, Max:  0.0, Diff:  0.0, Sum:  0.0, Workers: 4
[342.027s][debug][gc,phases      ] GC(209)     Dead                           Min: 0, Avg:  0.0, Max: 0, Diff: 0, Sum: 0, Workers: 4
[342.027s][debug][gc,phases      ] GC(209)     Total                          Min: 0, Avg:  0.0, Max: 0, Diff: 0, Sum: 0, Workers: 4
[342.027s][debug][gc,phases      ] GC(209)   StringTable Weak               Min:  0.1, Avg:  0.1, Max:  0.1, Diff:  0.0, Sum:  0.6, Workers: 4
[342.027s][debug][gc,phases      ] GC(209)     Dead                           Min: 0, Avg:  0.0, Max: 0, Diff: 0, Sum: 0, Workers: 4
[342.027s][debug][gc,phases      ] GC(209)     Total                          Min: 9728, Avg: 12193.5, Max: 13446, Diff: 3718, Sum: 48774, Workers: 4
[342.027s][debug][gc,phases      ] GC(209)   ResolvedMethodTable Weak       Min:  0.0, Avg:  0.0, Max:  0.0, Diff:  0.0, Sum:  0.1, Workers: 4
[342.027s][debug][gc,phases      ] GC(209)     Dead                           Min: 0, Avg:  0.0, Max: 0, Diff: 0, Sum: 0, Workers: 4
[342.027s][debug][gc,phases      ] GC(209)     Total                          Min: 1792, Avg: 2229.8, Max: 2432, Diff: 640, Sum: 8919, Workers: 4
[342.027s][debug][gc,phases      ] GC(209)   JNI Weak                       Min:  0.0, Avg:  0.0, Max:  0.0, Diff:  0.0, Sum:  0.0, Workers: 4
[342.027s][debug][gc,phases      ] GC(209)     Dead                           Min: 0, Avg:  0.0, Max: 0, Diff: 0, Sum: 0, Workers: 4
[342.027s][debug][gc,phases      ] GC(209)     Total                          Min: 0, Avg:  0.0, Max: 0, Diff: 0, Sum: 0, Workers: 4
[342.027s][debug][gc,phases      ] GC(209)   StringDedup Table Weak         Min:  0.0, Avg:  0.0, Max:  0.0, Diff:  0.0, Sum:  0.0, Workers: 4
[342.027s][debug][gc,phases      ] GC(209)     Dead                           Min: 0, Avg:  0.0, Max: 0, Diff: 0, Sum: 0, Workers: 4
[342.027s][debug][gc,phases      ] GC(209)     Total                          Min: 0, Avg:  0.0, Max: 0, Diff: 0, Sum: 0, Workers: 4
[342.027s][debug][gc,phases      ] GC(209)   StringDedup Requests0 Weak     Min:  0.0, Avg:  0.0, Max:  0.0, Diff:  0.0, Sum:  0.0, Workers: 4
[342.027s][debug][gc,phases      ] GC(209)     Dead                           Min: 0, Avg:  0.0, Max: 0, Diff: 0, Sum: 0, Workers: 4
[342.027s][debug][gc,phases      ] GC(209)     Total                          Min: 0, Avg:  0.0, Max: 0, Diff: 0, Sum: 0, Workers: 4
[342.027s][debug][gc,phases      ] GC(209)   StringDedup Requests1 Weak     Min:  0.0, Avg:  0.0, Max:  0.0, Diff:  0.0, Sum:  0.0, Workers: 4
[342.027s][debug][gc,phases      ] GC(209)     Dead                           Min: 0, Avg:  0.0, Max: 0, Diff: 0, Sum: 0, Workers: 4
[342.027s][debug][gc,phases      ] GC(209)     Total                          Min: 0, Avg:  0.0, Max: 0, Diff: 0, Sum: 0, Workers: 4
[342.027s][debug][gc,phases      ] GC(209)   Weak JFR Old Object Samples    Min:  0.0, Avg:  0.0, Max:  0.0, Diff:  0.0, Sum:  0.0, Workers: 4
[342.027s][debug][gc,phases      ] GC(209)     Dead                           Min: 0, Avg:  0.0, Max: 0, Diff: 0, Sum: 0, Workers: 4
[342.027s][debug][gc,phases      ] GC(209)     Total                          Min: 0, Avg:  0.0, Max: 0, Diff: 0, Sum: 0, Workers: 4
[342.027s][debug][gc,phases      ] GC(209) Weak Processing 0.389ms
[342.027s][debug][gc,age         ] GC(209) Desired survivor size 242221056 bytes, new threshold 15 (max threshold 15)
[342.027s][info ][gc,heap        ] GC(209) PSYoungGen: 1773334K(1846784K)->174214K(1860608K) Eden: 1601024K(1601024K)->0K(1619968K) From: 172310K(245760K)->174214K(240640K)
[342.027s][info ][gc,heap        ] GC(209) ParOldGen: 565973K(698880K)->566149K(698880K)
[342.027s][info ][gc,metaspace   ] GC(209) Metaspace: 86483K(87488K)->86483K(87488K) NonClass: 74522K(75072K)->74522K(75072K) Class: 11961K(12416K)->11961K(12416K)
[342.027s][info ][gc             ] GC(209) Pause Young (Allocation Failure) 2284M->723M(2499M) 38.090ms
[342.027s][info ][gc,cpu         ] GC(209) User=0.15s Sys=0.00s Real=0.04s
[342.027s][info ][safepoint      ] Safepoint "ParallelGCFailedAllocation", Time since last: 445985473 ns, Reaching safepoint: 109806 ns, At safepoint: 38177198 ns, Total: 38287004 ns
[343.027s][info ][safepoint      ] Safepoint "Cleanup", Time since last: 1000082168 ns, Reaching safepoint: 58003 ns, At safepoint: 3400 ns, Total: 61403 ns
[344.027s][info ][safepoint      ] Safepoint "Cleanup", Time since last: 1000071967 ns, Reaching safepoint: 48003 ns, At safepoint: 3800 ns, Total: 51803 ns
[345.027s][info ][safepoint      ] Safepoint "Cleanup", Time since last: 1000101469 ns, Reaching safepoint: 51803 ns, At safepoint: 11801 ns, Total: 63604 ns
[346.027s][info ][safepoint      ] Safepoint "Cleanup", Time since last: 1000107168 ns, Reaching safepoint: 91005 ns, At safepoint: 6501 ns, Total: 97506 ns
[346.286s][info ][gc,start       ] GC(210) Pause Young (Allocation Failure)
[346.320s][debug][gc,phases      ] GC(210) Scavenge 34.429ms
[346.320s][debug][gc,ref         ] GC(210) Skipped phase 1 of Reference Processing: no references
[346.320s][debug][gc,ref         ] GC(210) ReferenceProcessor::execute queues: 1, RefProcThreadModel::Single, marks_oops_alive: false
[346.320s][debug][gc,ref         ] GC(210) Skipped phase 3 of Reference Processing: no references
[346.320s][debug][gc,ref         ] GC(210) ReferenceProcessor::execute queues: 1, RefProcThreadModel::Single, marks_oops_alive: false
[346.321s][debug][gc,phases      ] GC(210) Reference Processing 0.137ms
[346.321s][debug][gc,phases      ] GC(210)   VM Weak                        Min:  0.0, Avg:  0.0, Max:  0.0, Diff:  0.0, Sum:  0.0, Workers: 4
[346.321s][debug][gc,phases      ] GC(210)     Dead                           Min: 0, Avg:  0.0, Max: 0, Diff: 0, Sum: 0, Workers: 4
[346.321s][debug][gc,phases      ] GC(210)     Total                          Min: 0, Avg: 186.2, Max: 745, Diff: 745, Sum: 745, Workers: 4
[346.321s][debug][gc,phases      ] GC(210)   ObjectSynchronizer Weak        Min:  0.0, Avg:  0.0, Max:  0.0, Diff:  0.0, Sum:  0.0, Workers: 4
[346.321s][debug][gc,phases      ] GC(210)     Dead                           Min: 0, Avg:  0.0, Max: 0, Diff: 0, Sum: 0, Workers: 4
[346.321s][debug][gc,phases      ] GC(210)     Total                          Min: 0, Avg: 139.8, Max: 239, Diff: 239, Sum: 559, Workers: 4
[346.321s][debug][gc,phases      ] GC(210)   JVMTI Tag Weak OopStorage      Min:  0.0, Avg:  0.0, Max:  0.0, Diff:  0.0, Sum:  0.0, Workers: 4
[346.321s][debug][gc,phases      ] GC(210)     Dead                           Min: 0, Avg:  0.0, Max: 0, Diff: 0, Sum: 0, Workers: 4
[346.321s][debug][gc,phases      ] GC(210)     Total                          Min: 0, Avg:  0.0, Max: 0, Diff: 0, Sum: 0, Workers: 4
[346.321s][debug][gc,phases      ] GC(210)   StringTable Weak               Min:  0.1, Avg:  0.1, Max:  0.1, Diff:  0.0, Sum:  0.5, Workers: 4
[346.321s][debug][gc,phases      ] GC(210)     Dead                           Min: 0, Avg:  0.0, Max: 0, Diff: 0, Sum: 0, Workers: 4
[346.321s][debug][gc,phases      ] GC(210)     Total                          Min: 11584, Avg: 12195.0, Max: 12864, Diff: 1280, Sum: 48780, Workers: 4
[346.321s][debug][gc,phases      ] GC(210)   ResolvedMethodTable Weak       Min:  0.0, Avg:  0.0, Max:  0.0, Diff:  0.0, Sum:  0.1, Workers: 4
[346.321s][debug][gc,phases      ] GC(210)     Dead                           Min: 0, Avg:  0.0, Max: 0, Diff: 0, Sum: 0, Workers: 4
[346.321s][debug][gc,phases      ] GC(210)     Total                          Min: 2048, Avg: 2231.0, Max: 2524, Diff: 476, Sum: 8924, Workers: 4
[346.321s][debug][gc,phases      ] GC(210)   JNI Weak                       Min:  0.0, Avg:  0.0, Max:  0.0, Diff:  0.0, Sum:  0.0, Workers: 4
[346.321s][debug][gc,phases      ] GC(210)     Dead                           Min: 0, Avg:  0.0, Max: 0, Diff: 0, Sum: 0, Workers: 4
[346.321s][debug][gc,phases      ] GC(210)     Total                          Min: 0, Avg:  0.0, Max: 0, Diff: 0, Sum: 0, Workers: 4
[346.321s][debug][gc,phases      ] GC(210)   StringDedup Table Weak         Min:  0.0, Avg:  0.0, Max:  0.0, Diff:  0.0, Sum:  0.0, Workers: 4
[346.321s][debug][gc,phases      ] GC(210)     Dead                           Min: 0, Avg:  0.0, Max: 0, Diff: 0, Sum: 0, Workers: 4
[346.321s][debug][gc,phases      ] GC(210)     Total                          Min: 0, Avg:  0.0, Max: 0, Diff: 0, Sum: 0, Workers: 4
[346.321s][debug][gc,phases      ] GC(210)   StringDedup Requests0 Weak     Min:  0.0, Avg:  0.0, Max:  0.0, Diff:  0.0, Sum:  0.0, Workers: 4
[346.321s][debug][gc,phases      ] GC(210)     Dead                           Min: 0, Avg:  0.0, Max: 0, Diff: 0, Sum: 0, Workers: 4
[346.321s][debug][gc,phases      ] GC(210)     Total                          Min: 0, Avg:  0.0, Max: 0, Diff: 0, Sum: 0, Workers: 4
[346.321s][debug][gc,phases      ] GC(210)   StringDedup Requests1 Weak     Min:  0.0, Avg:  0.0, Max:  0.0, Diff:  0.0, Sum:  0.0, Workers: 4
[346.321s][debug][gc,phases      ] GC(210)     Dead                           Min: 0, Avg:  0.0, Max: 0, Diff: 0, Sum: 0, Workers: 4
[346.321s][debug][gc,phases      ] GC(210)     Total                          Min: 0, Avg:  0.0, Max: 0, Diff: 0, Sum: 0, Workers: 4
[346.321s][debug][gc,phases      ] GC(210)   Weak JFR Old Object Samples    Min:  0.0, Avg:  0.0, Max:  0.0, Diff:  0.0, Sum:  0.0, Workers: 4
[346.321s][debug][gc,phases      ] GC(210)     Dead                           Min: 0, Avg:  0.0, Max: 0, Diff: 0, Sum: 0, Workers: 4
[346.321s][debug][gc,phases      ] GC(210)     Total                          Min: 0, Avg:  0.0, Max: 0, Diff: 0, Sum: 0, Workers: 4
[346.321s][debug][gc,phases      ] GC(210) Weak Processing 0.361ms
[346.321s][debug][gc,age         ] GC(210) Desired survivor size 237502464 bytes, new threshold 15 (max threshold 15)
[346.321s][info ][gc,heap        ] GC(210) PSYoungGen: 1794182K(1860608K)->172486K(1856512K) Eden: 1619968K(1619968K)->0K(1619968K) From: 174214K(240640K)->172486K(236544K)
[346.321s][info ][gc,heap        ] GC(210) ParOldGen: 566149K(698880K)->566341K(698880K)
[346.321s][info ][gc,metaspace   ] GC(210) Metaspace: 86500K(87488K)->86500K(87488K) NonClass: 74536K(75072K)->74536K(75072K) Class: 11963K(12416K)->11963K(12416K)
[346.321s][info ][gc             ] GC(210) Pause Young (Allocation Failure) 2305M->721M(2495M) 35.079ms
[346.321s][info ][gc,cpu         ] GC(210) User=0.14s Sys=0.00s Real=0.03s
[346.321s][info ][safepoint      ] Safepoint "ParallelGCFailedAllocation", Time since last: 258345371 ns, Reaching safepoint: 104506 ns, At safepoint: 35167924 ns, Total: 35272430 ns
[349.321s][info ][safepoint      ] Safepoint "Cleanup", Time since last: 3000212997 ns, Reaching safepoint: 47603 ns, At safepoint: 3600 ns, Total: 51203 ns
[350.321s][info ][safepoint      ] Safepoint "Cleanup", Time since last: 1000099566 ns, Reaching safepoint: 47503 ns, At safepoint: 34602 ns, Total: 82105 ns
[350.743s][info ][gc,start       ] GC(211) Pause Young (Allocation Failure)
[350.777s][debug][gc,phases      ] GC(211) Scavenge 34.318ms
[350.777s][debug][gc,ref         ] GC(211) Skipped phase 1 of Reference Processing: no references
[350.777s][debug][gc,ref         ] GC(211) ReferenceProcessor::execute queues: 1, RefProcThreadModel::Single, marks_oops_alive: false
[350.777s][debug][gc,ref         ] GC(211) Skipped phase 3 of Reference Processing: no references
[350.777s][debug][gc,ref         ] GC(211) ReferenceProcessor::execute queues: 1, RefProcThreadModel::Single, marks_oops_alive: false
[350.777s][debug][gc,phases      ] GC(211) Reference Processing 0.146ms
[350.778s][debug][gc,phases      ] GC(211)   VM Weak                        Min:  0.0, Avg:  0.0, Max:  0.0, Diff:  0.0, Sum:  0.0, Workers: 4
[350.778s][debug][gc,phases      ] GC(211)     Dead                           Min: 0, Avg:  0.0, Max: 0, Diff: 0, Sum: 0, Workers: 4
[350.778s][debug][gc,phases      ] GC(211)     Total                          Min: 0, Avg: 186.2, Max: 681, Diff: 681, Sum: 745, Workers: 4
[350.778s][debug][gc,phases      ] GC(211)   ObjectSynchronizer Weak        Min:  0.0, Avg:  0.0, Max:  0.0, Diff:  0.0, Sum:  0.0, Workers: 4
[350.778s][debug][gc,phases      ] GC(211)     Dead                           Min: 0, Avg:  0.0, Max: 0, Diff: 0, Sum: 0, Workers: 4
[350.778s][debug][gc,phases      ] GC(211)     Total                          Min: 0, Avg: 139.8, Max: 320, Diff: 320, Sum: 559, Workers: 4
[350.778s][debug][gc,phases      ] GC(211)   JVMTI Tag Weak OopStorage      Min:  0.0, Avg:  0.0, Max:  0.0, Diff:  0.0, Sum:  0.0, Workers: 4
[350.778s][debug][gc,phases      ] GC(211)     Dead                           Min: 0, Avg:  0.0, Max: 0, Diff: 0, Sum: 0, Workers: 4
[350.778s][debug][gc,phases      ] GC(211)     Total                          Min: 0, Avg:  0.0, Max: 0, Diff: 0, Sum: 0, Workers: 4
[350.778s][debug][gc,phases      ] GC(211)   StringTable Weak               Min:  0.1, Avg:  0.1, Max:  0.1, Diff:  0.0, Sum:  0.5, Workers: 4
[350.778s][debug][gc,phases      ] GC(211)     Dead                           Min: 0, Avg:  0.0, Max: 0, Diff: 0, Sum: 0, Workers: 4
[350.778s][debug][gc,phases      ] GC(211)     Total                          Min: 10624, Avg: 12195.0, Max: 12992, Diff: 2368, Sum: 48780, Workers: 4
[350.778s][debug][gc,phases      ] GC(211)   ResolvedMethodTable Weak       Min:  0.0, Avg:  0.0, Max:  0.0, Diff:  0.0, Sum:  0.1, Workers: 4
[350.778s][debug][gc,phases      ] GC(211)     Dead                           Min: 0, Avg:  0.0, Max: 0, Diff: 0, Sum: 0, Workers: 4
[350.778s][debug][gc,phases      ] GC(211)     Total                          Min: 1984, Avg: 2231.0, Max: 2432, Diff: 448, Sum: 8924, Workers: 4
[350.778s][debug][gc,phases      ] GC(211)   JNI Weak                       Min:  0.0, Avg:  0.0, Max:  0.0, Diff:  0.0, Sum:  0.0, Workers: 4
[350.778s][debug][gc,phases      ] GC(211)     Dead                           Min: 0, Avg:  0.0, Max: 0, Diff: 0, Sum: 0, Workers: 4
[350.778s][debug][gc,phases      ] GC(211)     Total                          Min: 0, Avg:  0.0, Max: 0, Diff: 0, Sum: 0, Workers: 4
[350.778s][debug][gc,phases      ] GC(211)   StringDedup Table Weak         Min:  0.0, Avg:  0.0, Max:  0.0, Diff:  0.0, Sum:  0.0, Workers: 4
[350.778s][debug][gc,phases      ] GC(211)     Dead                           Min: 0, Avg:  0.0, Max: 0, Diff: 0, Sum: 0, Workers: 4
[350.778s][debug][gc,phases      ] GC(211)     Total                          Min: 0, Avg:  0.0, Max: 0, Diff: 0, Sum: 0, Workers: 4
[350.778s][debug][gc,phases      ] GC(211)   StringDedup Requests0 Weak     Min:  0.0, Avg:  0.0, Max:  0.0, Diff:  0.0, Sum:  0.0, Workers: 4
[350.778s][debug][gc,phases      ] GC(211)     Dead                           Min: 0, Avg:  0.0, Max: 0, Diff: 0, Sum: 0, Workers: 4
[350.778s][debug][gc,phases      ] GC(211)     Total                          Min: 0, Avg:  0.0, Max: 0, Diff: 0, Sum: 0, Workers: 4
[350.778s][debug][gc,phases      ] GC(211)   StringDedup Requests1 Weak     Min:  0.0, Avg:  0.0, Max:  0.0, Diff:  0.0, Sum:  0.0, Workers: 4
[350.778s][debug][gc,phases      ] GC(211)     Dead                           Min: 0, Avg:  0.0, Max: 0, Diff: 0, Sum: 0, Workers: 4
[350.778s][debug][gc,phases      ] GC(211)     Total                          Min: 0, Avg:  0.0, Max: 0, Diff: 0, Sum: 0, Workers: 4
[350.778s][debug][gc,phases      ] GC(211)   Weak JFR Old Object Samples    Min:  0.0, Avg:  0.0, Max:  0.0, Diff:  0.0, Sum:  0.0, Workers: 4
[350.778s][debug][gc,phases      ] GC(211)     Dead                           Min: 0, Avg:  0.0, Max: 0, Diff: 0, Sum: 0, Workers: 4
[350.778s][debug][gc,phases      ] GC(211)     Total                          Min: 0, Avg:  0.0, Max: 0, Diff: 0, Sum: 0, Workers: 4
[350.778s][debug][gc,phases      ] GC(211) Weak Processing 0.348ms
[350.778s][debug][gc,age         ] GC(211) Desired survivor size 232783872 bytes, new threshold 15 (max threshold 15)
[350.778s][info ][gc,heap        ] GC(211) PSYoungGen: 1792454K(1856512K)->171686K(1869824K) Eden: 1619968K(1619968K)->0K(1637888K) From: 172486K(236544K)->171686K(231936K)
[350.778s][info ][gc,heap        ] GC(211) ParOldGen: 566341K(698880K)->568869K(698880K)
[350.778s][info ][gc,metaspace   ] GC(211) Metaspace: 86507K(87488K)->86507K(87488K) NonClass: 74543K(75072K)->74543K(75072K) Class: 11963K(12416K)->11963K(12416K)
[350.778s][info ][gc             ] GC(211) Pause Young (Allocation Failure) 2303M->723M(2508M) 34.965ms
[350.778s][info ][gc,cpu         ] GC(211) User=0.14s Sys=0.00s Real=0.03s
[350.778s][info ][safepoint      ] Safepoint "ParallelGCFailedAllocation", Time since last: 421284250 ns, Reaching safepoint: 104706 ns, At safepoint: 35056918 ns, Total: 35161624 ns
[353.778s][info ][safepoint      ] Safepoint "Cleanup", Time since last: 3000224793 ns, Reaching safepoint: 44202 ns, At safepoint: 3600 ns, Total: 47802 ns
[355.385s][info ][gc,start       ] GC(212) Pause Young (Allocation Failure)
[355.418s][debug][gc,phases      ] GC(212) Scavenge 33.502ms
[355.418s][debug][gc,ref         ] GC(212) Skipped phase 1 of Reference Processing: no references
[355.418s][debug][gc,ref         ] GC(212) ReferenceProcessor::execute queues: 1, RefProcThreadModel::Single, marks_oops_alive: false
[355.418s][debug][gc,ref         ] GC(212) Skipped phase 3 of Reference Processing: no references
[355.418s][debug][gc,ref         ] GC(212) ReferenceProcessor::execute queues: 1, RefProcThreadModel::Single, marks_oops_alive: false
[355.418s][debug][gc,phases      ] GC(212) Reference Processing 0.142ms
[355.419s][debug][gc,phases      ] GC(212)   VM Weak                        Min:  0.0, Avg:  0.0, Max:  0.0, Diff:  0.0, Sum:  0.0, Workers: 4
[355.419s][debug][gc,phases      ] GC(212)     Dead                           Min: 0, Avg:  0.0, Max: 0, Diff: 0, Sum: 0, Workers: 4
[355.419s][debug][gc,phases      ] GC(212)     Total                          Min: 0, Avg: 186.2, Max: 745, Diff: 745, Sum: 745, Workers: 4
[355.419s][debug][gc,phases      ] GC(212)   ObjectSynchronizer Weak        Min:  0.0, Avg:  0.0, Max:  0.0, Diff:  0.0, Sum:  0.0, Workers: 4
[355.419s][debug][gc,phases      ] GC(212)     Dead                           Min: 0, Avg:  0.0, Max: 0, Diff: 0, Sum: 0, Workers: 4
[355.419s][debug][gc,phases      ] GC(212)     Total                          Min: 0, Avg: 139.8, Max: 239, Diff: 239, Sum: 559, Workers: 4
[355.419s][debug][gc,phases      ] GC(212)   JVMTI Tag Weak OopStorage      Min:  0.0, Avg:  0.0, Max:  0.0, Diff:  0.0, Sum:  0.0, Workers: 4
[355.419s][debug][gc,phases      ] GC(212)     Dead                           Min: 0, Avg:  0.0, Max: 0, Diff: 0, Sum: 0, Workers: 4
[355.419s][debug][gc,phases      ] GC(212)     Total                          Min: 0, Avg:  0.0, Max: 0, Diff: 0, Sum: 0, Workers: 4
[355.419s][debug][gc,phases      ] GC(212)   StringTable Weak               Min:  0.1, Avg:  0.1, Max:  0.1, Diff:  0.0, Sum:  0.5, Workers: 4
[355.419s][debug][gc,phases      ] GC(212)     Dead                           Min: 0, Avg:  0.0, Max: 0, Diff: 0, Sum: 0, Workers: 4
[355.419s][debug][gc,phases      ] GC(212)     Total                          Min: 11468, Avg: 12195.0, Max: 13056, Diff: 1588, Sum: 48780, Workers: 4
[355.419s][debug][gc,phases      ] GC(212)   ResolvedMethodTable Weak       Min:  0.0, Avg:  0.0, Max:  0.0, Diff:  0.0, Sum:  0.1, Workers: 4
[355.419s][debug][gc,phases      ] GC(212)     Dead                           Min: 0, Avg:  0.0, Max: 0, Diff: 0, Sum: 0, Workers: 4
[355.419s][debug][gc,phases      ] GC(212)     Total                          Min: 2048, Avg: 2231.0, Max: 2368, Diff: 320, Sum: 8924, Workers: 4
[355.419s][debug][gc,phases      ] GC(212)   JNI Weak                       Min:  0.0, Avg:  0.0, Max:  0.0, Diff:  0.0, Sum:  0.0, Workers: 4
[355.419s][debug][gc,phases      ] GC(212)     Dead                           Min: 0, Avg:  0.0, Max: 0, Diff: 0, Sum: 0, Workers: 4
[355.419s][debug][gc,phases      ] GC(212)     Total                          Min: 0, Avg:  0.0, Max: 0, Diff: 0, Sum: 0, Workers: 4
[355.419s][debug][gc,phases      ] GC(212)   StringDedup Table Weak         Min:  0.0, Avg:  0.0, Max:  0.0, Diff:  0.0, Sum:  0.0, Workers: 4
[355.419s][debug][gc,phases      ] GC(212)     Dead                           Min: 0, Avg:  0.0, Max: 0, Diff: 0, Sum: 0, Workers: 4
[355.419s][debug][gc,phases      ] GC(212)     Total                          Min: 0, Avg:  0.0, Max: 0, Diff: 0, Sum: 0, Workers: 4
[355.419s][debug][gc,phases      ] GC(212)   StringDedup Requests0 Weak     Min:  0.0, Avg:  0.0, Max:  0.0, Diff:  0.0, Sum:  0.0, Workers: 4
[355.419s][debug][gc,phases      ] GC(212)     Dead                           Min: 0, Avg:  0.0, Max: 0, Diff: 0, Sum: 0, Workers: 4
[355.419s][debug][gc,phases      ] GC(212)     Total                          Min: 0, Avg:  0.0, Max: 0, Diff: 0, Sum: 0, Workers: 4
[355.419s][debug][gc,phases      ] GC(212)   StringDedup Requests1 Weak     Min:  0.0, Avg:  0.0, Max:  0.0, Diff:  0.0, Sum:  0.0, Workers: 4
[355.419s][debug][gc,phases      ] GC(212)     Dead                           Min: 0, Avg:  0.0, Max: 0, Diff: 0, Sum: 0, Workers: 4
[355.419s][debug][gc,phases      ] GC(212)     Total                          Min: 0, Avg:  0.0, Max: 0, Diff: 0, Sum: 0, Workers: 4
[355.419s][debug][gc,phases      ] GC(212)   Weak JFR Old Object Samples    Min:  0.0, Avg:  0.0, Max:  0.0, Diff:  0.0, Sum:  0.0, Workers: 4
[355.419s][debug][gc,phases      ] GC(212)     Dead                           Min: 0, Avg:  0.0, Max: 0, Diff: 0, Sum: 0, Workers: 4
[355.419s][debug][gc,phases      ] GC(212)     Total                          Min: 0, Avg:  0.0, Max: 0, Diff: 0, Sum: 0, Workers: 4
[355.419s][debug][gc,phases      ] GC(212) Weak Processing 0.360ms
[355.419s][debug][gc,age         ] GC(212) Desired survivor size 227540992 bytes, new threshold 15 (max threshold 15)
[355.419s][info ][gc,heap        ] GC(212) PSYoungGen: 1809574K(1869824K)->163223K(1865216K) Eden: 1637888K(1637888K)->0K(1637888K) From: 171686K(231936K)->163223K(227328K)
[355.419s][info ][gc,heap        ] GC(212) ParOldGen: 568869K(698880K)->575386K(698880K)
[355.419s][info ][gc,metaspace   ] GC(212) Metaspace: 86512K(87488K)->86512K(87488K) NonClass: 74549K(75072K)->74549K(75072K) Class: 11963K(12416K)->11963K(12416K)
[355.419s][info ][gc             ] GC(212) Pause Young (Allocation Failure) 2322M->721M(2504M) 34.196ms
[355.419s][info ][gc,cpu         ] GC(212) User=0.13s Sys=0.00s Real=0.03s
[355.419s][info ][safepoint      ] Safepoint "ParallelGCFailedAllocation", Time since last: 1606400864 ns, Reaching safepoint: 131207 ns, At safepoint: 34292874 ns, Total: 34424081 ns
[357.050s][info ][safepoint      ] Safepoint "Cleanup", Time since last: 1631267594 ns, Reaching safepoint: 113406 ns, At safepoint: 10001 ns, Total: 123407 ns
[358.051s][info ][safepoint      ] Safepoint "Cleanup", Time since last: 1000090364 ns, Reaching safepoint: 166209 ns, At safepoint: 8601 ns, Total: 174810 ns
[359.863s][info ][safepoint      ] Safepoint "ParallelGCFailedAllocation", Time since last: 1812013195 ns, Reaching safepoint: 134808 ns, At safepoint: 17901 ns, Total: 152709 ns
[359.863s][info ][gc,start       ] GC(213) Pause Young (GCLocker Initiated GC)
[359.904s][debug][gc,phases      ] GC(213) Scavenge 41.143ms
[359.904s][debug][gc,ref         ] GC(213) Skipped phase 1 of Reference Processing: no references
[359.904s][debug][gc,ref         ] GC(213) ReferenceProcessor::execute queues: 1, RefProcThreadModel::Single, marks_oops_alive: false
[359.904s][debug][gc,ref         ] GC(213) Skipped phase 3 of Reference Processing: no references
[359.904s][debug][gc,ref         ] GC(213) ReferenceProcessor::execute queues: 1, RefProcThreadModel::Single, marks_oops_alive: false
[359.904s][debug][gc,phases      ] GC(213) Reference Processing 0.152ms
[359.905s][debug][gc,phases      ] GC(213)   VM Weak                        Min:  0.0, Avg:  0.0, Max:  0.0, Diff:  0.0, Sum:  0.0, Workers: 4
[359.905s][debug][gc,phases      ] GC(213)     Dead                           Min: 0, Avg:  0.0, Max: 0, Diff: 0, Sum: 0, Workers: 4
[359.905s][debug][gc,phases      ] GC(213)     Total                          Min: 0, Avg: 186.2, Max: 745, Diff: 745, Sum: 745, Workers: 4
[359.905s][debug][gc,phases      ] GC(213)   ObjectSynchronizer Weak        Min:  0.0, Avg:  0.0, Max:  0.0, Diff:  0.0, Sum:  0.0, Workers: 4
[359.905s][debug][gc,phases      ] GC(213)     Dead                           Min: 0, Avg:  0.0, Max: 0, Diff: 0, Sum: 0, Workers: 4
[359.905s][debug][gc,phases      ] GC(213)     Total                          Min: 0, Avg: 139.8, Max: 431, Diff: 431, Sum: 559, Workers: 4
[359.905s][debug][gc,phases      ] GC(213)   JVMTI Tag Weak OopStorage      Min:  0.0, Avg:  0.0, Max:  0.0, Diff:  0.0, Sum:  0.0, Workers: 4
[359.905s][debug][gc,phases      ] GC(213)     Dead                           Min: 0, Avg:  0.0, Max: 0, Diff: 0, Sum: 0, Workers: 4
[359.905s][debug][gc,phases      ] GC(213)     Total                          Min: 0, Avg:  0.0, Max: 0, Diff: 0, Sum: 0, Workers: 4
[359.905s][debug][gc,phases      ] GC(213)   StringTable Weak               Min:  0.1, Avg:  0.1, Max:  0.1, Diff:  0.0, Sum:  0.5, Workers: 4
[359.905s][debug][gc,phases      ] GC(213)     Dead                           Min: 0, Avg:  0.2, Max: 1, Diff: 1, Sum: 1, Workers: 4
[359.905s][debug][gc,phases      ] GC(213)     Total                          Min: 11328, Avg: 12197.5, Max: 12544, Diff: 1216, Sum: 48790, Workers: 4
[359.905s][debug][gc,phases      ] GC(213)   ResolvedMethodTable Weak       Min:  0.0, Avg:  0.0, Max:  0.0, Diff:  0.0, Sum:  0.1, Workers: 4
[359.905s][debug][gc,phases      ] GC(213)     Dead                           Min: 0, Avg:  0.0, Max: 0, Diff: 0, Sum: 0, Workers: 4
[359.905s][debug][gc,phases      ] GC(213)     Total                          Min: 2112, Avg: 2232.0, Max: 2368, Diff: 256, Sum: 8928, Workers: 4
[359.905s][debug][gc,phases      ] GC(213)   JNI Weak                       Min:  0.0, Avg:  0.0, Max:  0.0, Diff:  0.0, Sum:  0.0, Workers: 4
[359.905s][debug][gc,phases      ] GC(213)     Dead                           Min: 0, Avg:  0.0, Max: 0, Diff: 0, Sum: 0, Workers: 4
[359.905s][debug][gc,phases      ] GC(213)     Total                          Min: 0, Avg:  0.0, Max: 0, Diff: 0, Sum: 0, Workers: 4
[359.905s][debug][gc,phases      ] GC(213)   StringDedup Table Weak         Min:  0.0, Avg:  0.0, Max:  0.0, Diff:  0.0, Sum:  0.0, Workers: 4
[359.905s][debug][gc,phases      ] GC(213)     Dead                           Min: 0, Avg:  0.0, Max: 0, Diff: 0, Sum: 0, Workers: 4
[359.905s][debug][gc,phases      ] GC(213)     Total                          Min: 0, Avg:  0.0, Max: 0, Diff: 0, Sum: 0, Workers: 4
[359.905s][debug][gc,phases      ] GC(213)   StringDedup Requests0 Weak     Min:  0.0, Avg:  0.0, Max:  0.0, Diff:  0.0, Sum:  0.0, Workers: 4
[359.905s][debug][gc,phases      ] GC(213)     Dead                           Min: 0, Avg:  0.0, Max: 0, Diff: 0, Sum: 0, Workers: 4
[359.905s][debug][gc,phases      ] GC(213)     Total                          Min: 0, Avg:  0.0, Max: 0, Diff: 0, Sum: 0, Workers: 4
[359.905s][debug][gc,phases      ] GC(213)   StringDedup Requests1 Weak     Min:  0.0, Avg:  0.0, Max:  0.0, Diff:  0.0, Sum:  0.0, Workers: 4
[359.905s][debug][gc,phases      ] GC(213)     Dead                           Min: 0, Avg:  0.0, Max: 0, Diff: 0, Sum: 0, Workers: 4
[359.905s][debug][gc,phases      ] GC(213)     Total                          Min: 0, Avg:  0.0, Max: 0, Diff: 0, Sum: 0, Workers: 4
[359.905s][debug][gc,phases      ] GC(213)   Weak JFR Old Object Samples    Min:  0.0, Avg:  0.0, Max:  0.0, Diff:  0.0, Sum:  0.0, Workers: 4
[359.905s][debug][gc,phases      ] GC(213)     Dead                           Min: 0, Avg:  0.0, Max: 0, Diff: 0, Sum: 0, Workers: 4
[359.905s][debug][gc,phases      ] GC(213)     Total                          Min: 0, Avg:  0.0, Max: 0, Diff: 0, Sum: 0, Workers: 4
[359.905s][debug][gc,phases      ] GC(213) Weak Processing 0.378ms
[359.905s][debug][gc,age         ] GC(213) Desired survivor size 232259584 bytes, new threshold 15 (max threshold 15)
[359.905s][info ][gc,heap        ] GC(213) PSYoungGen: 1801111K(1865216K)->104937K(1865728K) Eden: 1637888K(1637888K)->0K(1643520K) From: 163223K(227328K)->104937K(222208K)
[359.905s][info ][gc,heap        ] GC(213) ParOldGen: 575386K(698880K)->638563K(698880K)
[359.905s][info ][gc,metaspace   ] GC(213) Metaspace: 86529K(87488K)->86529K(87488K) NonClass: 74564K(75072K)->74564K(75072K) Class: 11964K(12416K)->11964K(12416K)
[359.905s][info ][gc             ] GC(213) Pause Young (GCLocker Initiated GC) 2320M->726M(2504M) 41.802ms
[359.905s][info ][gc,cpu         ] GC(213) User=0.20s Sys=0.01s Real=0.04s
[359.905s][info ][safepoint      ] Safepoint "ParallelGCSystemGC", Time since last: 72204 ns, Reaching safepoint: 89905 ns, At safepoint: 41886311 ns, Total: 41976216 ns
[361.024s][info ][safepoint      ] Safepoint "Cleanup", Time since last: 1118977506 ns, Reaching safepoint: 63803 ns, At safepoint: 8001 ns, Total: 71804 ns
[362.356s][info ][safepoint      ] Safepoint "Cleanup", Time since last: 1331663246 ns, Reaching safepoint: 57804 ns, At safepoint: 8300 ns, Total: 66104 ns
[363.356s][info ][safepoint      ] Safepoint "Cleanup", Time since last: 1000099062 ns, Reaching safepoint: 156109 ns, At safepoint: 8501 ns, Total: 164610 ns
[363.876s][info ][gc,start       ] GC(214) Pause Young (Allocation Failure)
[363.906s][debug][gc,phases      ] GC(214) Scavenge 29.721ms
[363.906s][debug][gc,ref         ] GC(214) Skipped phase 1 of Reference Processing: no references
[363.906s][debug][gc,ref         ] GC(214) ReferenceProcessor::execute queues: 1, RefProcThreadModel::Single, marks_oops_alive: false
[363.906s][debug][gc,ref         ] GC(214) ReferenceProcessor::execute queues: 4, RefProcThreadModel::Multi, marks_oops_alive: true
[363.906s][debug][gc,ref         ] GC(214) ReferenceProcessor::execute queues: 1, RefProcThreadModel::Single, marks_oops_alive: false
[363.906s][debug][gc,phases      ] GC(214) Reference Processing 0.216ms
[363.907s][debug][gc,phases      ] GC(214)   VM Weak                        Min:  0.0, Avg:  0.0, Max:  0.0, Diff:  0.0, Sum:  0.0, Workers: 4
[363.907s][debug][gc,phases      ] GC(214)     Dead                           Min: 0, Avg:  0.0, Max: 0, Diff: 0, Sum: 0, Workers: 4
[363.907s][debug][gc,phases      ] GC(214)     Total                          Min: 0, Avg: 186.2, Max: 745, Diff: 745, Sum: 745, Workers: 4
[363.907s][debug][gc,phases      ] GC(214)   ObjectSynchronizer Weak        Min:  0.0, Avg:  0.0, Max:  0.0, Diff:  0.0, Sum:  0.0, Workers: 4
[363.907s][debug][gc,phases      ] GC(214)     Dead                           Min: 0, Avg:  0.0, Max: 0, Diff: 0, Sum: 0, Workers: 4
[363.907s][debug][gc,phases      ] GC(214)     Total                          Min: 0, Avg: 139.8, Max: 495, Diff: 495, Sum: 559, Workers: 4
[363.907s][debug][gc,phases      ] GC(214)   JVMTI Tag Weak OopStorage      Min:  0.0, Avg:  0.0, Max:  0.0, Diff:  0.0, Sum:  0.0, Workers: 4
[363.907s][debug][gc,phases      ] GC(214)     Dead                           Min: 0, Avg:  0.0, Max: 0, Diff: 0, Sum: 0, Workers: 4
[363.907s][debug][gc,phases      ] GC(214)     Total                          Min: 0, Avg:  0.0, Max: 0, Diff: 0, Sum: 0, Workers: 4
[363.907s][debug][gc,phases      ] GC(214)   StringTable Weak               Min:  0.1, Avg:  0.1, Max:  0.1, Diff:  0.0, Sum:  0.5, Workers: 4
[363.907s][debug][gc,phases      ] GC(214)     Dead                           Min: 0, Avg:  0.0, Max: 0, Diff: 0, Sum: 0, Workers: 4
[363.907s][debug][gc,phases      ] GC(214)     Total                          Min: 10944, Avg: 12200.5, Max: 13056, Diff: 2112, Sum: 48802, Workers: 4
[363.907s][debug][gc,phases      ] GC(214)   ResolvedMethodTable Weak       Min:  0.0, Avg:  0.0, Max:  0.0, Diff:  0.0, Sum:  0.1, Workers: 4
[363.907s][debug][gc,phases      ] GC(214)     Dead                           Min: 0, Avg:  0.0, Max: 0, Diff: 0, Sum: 0, Workers: 4
[363.907s][debug][gc,phases      ] GC(214)     Total                          Min: 2112, Avg: 2232.0, Max: 2368, Diff: 256, Sum: 8928, Workers: 4
[363.907s][debug][gc,phases      ] GC(214)   JNI Weak                       Min:  0.0, Avg:  0.0, Max:  0.0, Diff:  0.0, Sum:  0.0, Workers: 4
[363.907s][debug][gc,phases      ] GC(214)     Dead                           Min: 0, Avg:  0.0, Max: 0, Diff: 0, Sum: 0, Workers: 4
[363.907s][debug][gc,phases      ] GC(214)     Total                          Min: 0, Avg:  0.0, Max: 0, Diff: 0, Sum: 0, Workers: 4
[363.907s][debug][gc,phases      ] GC(214)   StringDedup Table Weak         Min:  0.0, Avg:  0.0, Max:  0.0, Diff:  0.0, Sum:  0.0, Workers: 4
[363.907s][debug][gc,phases      ] GC(214)     Dead                           Min: 0, Avg:  0.0, Max: 0, Diff: 0, Sum: 0, Workers: 4
[363.907s][debug][gc,phases      ] GC(214)     Total                          Min: 0, Avg:  0.0, Max: 0, Diff: 0, Sum: 0, Workers: 4
[363.907s][debug][gc,phases      ] GC(214)   StringDedup Requests0 Weak     Min:  0.0, Avg:  0.0, Max:  0.0, Diff:  0.0, Sum:  0.0, Workers: 4
[363.907s][debug][gc,phases      ] GC(214)     Dead                           Min: 0, Avg:  0.0, Max: 0, Diff: 0, Sum: 0, Workers: 4
[363.907s][debug][gc,phases      ] GC(214)     Total                          Min: 0, Avg:  0.0, Max: 0, Diff: 0, Sum: 0, Workers: 4
[363.907s][debug][gc,phases      ] GC(214)   StringDedup Requests1 Weak     Min:  0.0, Avg:  0.0, Max:  0.0, Diff:  0.0, Sum:  0.0, Workers: 4
[363.907s][debug][gc,phases      ] GC(214)     Dead                           Min: 0, Avg:  0.0, Max: 0, Diff: 0, Sum: 0, Workers: 4
[363.907s][debug][gc,phases      ] GC(214)     Total                          Min: 0, Avg:  0.0, Max: 0, Diff: 0, Sum: 0, Workers: 4
[363.907s][debug][gc,phases      ] GC(214)   Weak JFR Old Object Samples    Min:  0.0, Avg:  0.0, Max:  0.0, Diff:  0.0, Sum:  0.0, Workers: 4
[363.907s][debug][gc,phases      ] GC(214)     Dead                           Min: 0, Avg:  0.0, Max: 0, Diff: 0, Sum: 0, Workers: 4
[363.907s][debug][gc,phases      ] GC(214)     Total                          Min: 0, Avg:  0.0, Max: 0, Diff: 0, Sum: 0, Workers: 4
[363.907s][debug][gc,phases      ] GC(214) Weak Processing 0.363ms
[363.907s][debug][gc,age         ] GC(214) Desired survivor size 238551040 bytes, new threshold 15 (max threshold 15)
[363.907s][info ][gc,heap        ] GC(214) PSYoungGen: 1748457K(1865728K)->87179K(1731072K) Eden: 1643520K(1643520K)->0K(1643520K) From: 104937K(222208K)->87179K(87552K)
[363.907s][info ][gc,heap        ] GC(214) ParOldGen: 638580K(698880K)->659769K(698880K)
[363.907s][info ][gc,metaspace   ] GC(214) Metaspace: 86554K(87488K)->86554K(87488K) NonClass: 74590K(75072K)->74590K(75072K) Class: 11964K(12416K)->11964K(12416K)
[363.907s][info ][gc             ] GC(214) Pause Young (Allocation Failure) 2331M->729M(2373M) 30.442ms
[363.907s][info ][gc,cpu         ] GC(214) User=0.12s Sys=0.00s Real=0.03s
[363.907s][info ][safepoint      ] Safepoint "ParallelGCFailedAllocation", Time since last: 520243043 ns, Reaching safepoint: 125607 ns, At safepoint: 30539258 ns, Total: 30664865 ns
[364.907s][info ][safepoint      ] Safepoint "Cleanup", Time since last: 1000093261 ns, Reaching safepoint: 138708 ns, At safepoint: 11501 ns, Total: 150209 ns
[365.539s][info ][gc,start       ] GC(215) Pause Young (Allocation Failure)
[365.579s][debug][gc,phases      ] GC(215) Scavenge 40.039ms
[365.580s][debug][gc,ref         ] GC(215) Skipped phase 1 of Reference Processing: no references
[365.580s][debug][gc,ref         ] GC(215) ReferenceProcessor::execute queues: 1, RefProcThreadModel::Single, marks_oops_alive: false
[365.580s][debug][gc,ref         ] GC(215) Skipped phase 3 of Reference Processing: no references
[365.580s][debug][gc,ref         ] GC(215) ReferenceProcessor::execute queues: 1, RefProcThreadModel::Single, marks_oops_alive: false
[365.580s][debug][gc,phases      ] GC(215) Reference Processing 0.153ms
[365.580s][debug][gc,phases      ] GC(215)   VM Weak                        Min:  0.0, Avg:  0.0, Max:  0.0, Diff:  0.0, Sum:  0.0, Workers: 4
[365.580s][debug][gc,phases      ] GC(215)     Dead                           Min: 0, Avg:  0.0, Max: 0, Diff: 0, Sum: 0, Workers: 4
[365.580s][debug][gc,phases      ] GC(215)     Total                          Min: 0, Avg: 186.2, Max: 553, Diff: 553, Sum: 745, Workers: 4
[365.580s][debug][gc,phases      ] GC(215)   ObjectSynchronizer Weak        Min:  0.0, Avg:  0.0, Max:  0.0, Diff:  0.0, Sum:  0.0, Workers: 4
[365.580s][debug][gc,phases      ] GC(215)     Dead                           Min: 0, Avg:  0.0, Max: 0, Diff: 0, Sum: 0, Workers: 4
[365.580s][debug][gc,phases      ] GC(215)     Total                          Min: 0, Avg: 139.8, Max: 367, Diff: 367, Sum: 559, Workers: 4
[365.580s][debug][gc,phases      ] GC(215)   JVMTI Tag Weak OopStorage      Min:  0.0, Avg:  0.0, Max:  0.0, Diff:  0.0, Sum:  0.0, Workers: 4
[365.580s][debug][gc,phases      ] GC(215)     Dead                           Min: 0, Avg:  0.0, Max: 0, Diff: 0, Sum: 0, Workers: 4
[365.580s][debug][gc,phases      ] GC(215)     Total                          Min: 0, Avg:  0.0, Max: 0, Diff: 0, Sum: 0, Workers: 4
[365.580s][debug][gc,phases      ] GC(215)   StringTable Weak               Min:  0.1, Avg:  0.1, Max:  0.1, Diff:  0.0, Sum:  0.5, Workers: 4
[365.580s][debug][gc,phases      ] GC(215)     Dead                           Min: 0, Avg:  0.0, Max: 0, Diff: 0, Sum: 0, Workers: 4
[365.580s][debug][gc,phases      ] GC(215)     Total                          Min: 11200, Avg: 12202.8, Max: 13056, Diff: 1856, Sum: 48811, Workers: 4
[365.580s][debug][gc,phases      ] GC(215)   ResolvedMethodTable Weak       Min:  0.0, Avg:  0.0, Max:  0.0, Diff:  0.0, Sum:  0.1, Workers: 4
[365.580s][debug][gc,phases      ] GC(215)     Dead                           Min: 0, Avg:  0.0, Max: 0, Diff: 0, Sum: 0, Workers: 4
[365.580s][debug][gc,phases      ] GC(215)     Total                          Min: 1920, Avg: 2232.0, Max: 2400, Diff: 480, Sum: 8928, Workers: 4
[365.580s][debug][gc,phases      ] GC(215)   JNI Weak                       Min:  0.0, Avg:  0.0, Max:  0.0, Diff:  0.0, Sum:  0.0, Workers: 4
[365.580s][debug][gc,phases      ] GC(215)     Dead                           Min: 0, Avg:  0.0, Max: 0, Diff: 0, Sum: 0, Workers: 4
[365.580s][debug][gc,phases      ] GC(215)     Total                          Min: 0, Avg:  0.0, Max: 0, Diff: 0, Sum: 0, Workers: 4
[365.580s][debug][gc,phases      ] GC(215)   StringDedup Table Weak         Min:  0.0, Avg:  0.0, Max:  0.0, Diff:  0.0, Sum:  0.0, Workers: 4
[365.580s][debug][gc,phases      ] GC(215)     Dead                           Min: 0, Avg:  0.0, Max: 0, Diff: 0, Sum: 0, Workers: 4
[365.580s][debug][gc,phases      ] GC(215)     Total                          Min: 0, Avg:  0.0, Max: 0, Diff: 0, Sum: 0, Workers: 4
[365.580s][debug][gc,phases      ] GC(215)   StringDedup Requests0 Weak     Min:  0.0, Avg:  0.0, Max:  0.0, Diff:  0.0, Sum:  0.0, Workers: 4
[365.580s][debug][gc,phases      ] GC(215)     Dead                           Min: 0, Avg:  0.0, Max: 0, Diff: 0, Sum: 0, Workers: 4
[365.580s][debug][gc,phases      ] GC(215)     Total                          Min: 0, Avg:  0.0, Max: 0, Diff: 0, Sum: 0, Workers: 4
[365.580s][debug][gc,phases      ] GC(215)   StringDedup Requests1 Weak     Min:  0.0, Avg:  0.0, Max:  0.0, Diff:  0.0, Sum:  0.0, Workers: 4
[365.580s][debug][gc,phases      ] GC(215)     Dead                           Min: 0, Avg:  0.0, Max: 0, Diff: 0, Sum: 0, Workers: 4
[365.580s][debug][gc,phases      ] GC(215)     Total                          Min: 0, Avg:  0.0, Max: 0, Diff: 0, Sum: 0, Workers: 4
[365.580s][debug][gc,phases      ] GC(215)   Weak JFR Old Object Samples    Min:  0.0, Avg:  0.0, Max:  0.0, Diff:  0.0, Sum:  0.0, Workers: 4
[365.580s][debug][gc,phases      ] GC(215)     Dead                           Min: 0, Avg:  0.0, Max: 0, Diff: 0, Sum: 0, Workers: 4
[365.580s][debug][gc,phases      ] GC(215)     Total                          Min: 0, Avg:  0.0, Max: 0, Diff: 0, Sum: 0, Workers: 4
[365.580s][debug][gc,phases      ] GC(215) Weak Processing 0.342ms
[365.580s][debug][gc,age         ] GC(215) Desired survivor size 236453888 bytes, new threshold 15 (max threshold 15)
[365.580s][info ][gc,heap        ] GC(215) PSYoungGen: 1730699K(1731072K)->116747K(1866240K) Eden: 1643520K(1643520K)->0K(1633280K) From: 87179K(87552K)->116747K(232960K)
[365.580s][info ][gc,heap        ] GC(215) ParOldGen: 659769K(698880K)->680385K(698880K)
[365.580s][info ][gc,metaspace   ] GC(215) Metaspace: 86560K(87488K)->86560K(87488K) NonClass: 74595K(75072K)->74595K(75072K) Class: 11964K(12416K)->11964K(12416K)
[365.580s][info ][gc             ] GC(215) Pause Young (Allocation Failure) 2334M->778M(2505M) 40.682ms
[365.580s][info ][gc,cpu         ] GC(215) User=0.16s Sys=0.01s Real=0.04s
[365.580s][debug][gc,phases      ] GC(216) Pre Compact 0.020ms
[365.580s][info ][gc,start       ] GC(216) Pause Full (Ergonomics)
[365.580s][info ][gc,phases,start] GC(216) Marking Phase
[365.740s][debug][gc,phases      ] GC(216) Par Mark 159.876ms
[365.740s][debug][gc,ref         ] GC(216) Skipped phase 1 of Reference Processing: no references
[365.741s][debug][gc,ref         ] GC(216) ReferenceProcessor::execute queues: 4, RefProcThreadModel::Multi, marks_oops_alive: false
[365.741s][debug][gc,ref         ] GC(216) Skipped phase 3 of Reference Processing: no references
[365.741s][debug][gc,ref         ] GC(216) ReferenceProcessor::execute queues: 1, RefProcThreadModel::Single, marks_oops_alive: false
[365.741s][debug][gc,phases      ] GC(216) Reference Processing 0.571ms
[365.741s][debug][gc,phases      ] GC(216)   VM Weak                        Min:  0.0, Avg:  0.0, Max:  0.0, Diff:  0.0, Sum:  0.0, Workers: 4
[365.741s][debug][gc,phases      ] GC(216)     Dead                           Min: 0, Avg:  0.0, Max: 0, Diff: 0, Sum: 0, Workers: 4
[365.741s][debug][gc,phases      ] GC(216)     Total                          Min: 0, Avg: 186.2, Max: 489, Diff: 489, Sum: 745, Workers: 4
[365.741s][debug][gc,phases      ] GC(216)   ObjectSynchronizer Weak        Min:  0.0, Avg:  0.0, Max:  0.0, Diff:  0.0, Sum:  0.0, Workers: 4
[365.741s][debug][gc,phases      ] GC(216)     Dead                           Min: 0, Avg:  0.0, Max: 0, Diff: 0, Sum: 0, Workers: 4
[365.741s][debug][gc,phases      ] GC(216)     Total                          Min: 0, Avg: 139.8, Max: 192, Diff: 192, Sum: 559, Workers: 4
[365.741s][debug][gc,phases      ] GC(216)   JVMTI Tag Weak OopStorage      Min:  0.0, Avg:  0.0, Max:  0.0, Diff:  0.0, Sum:  0.0, Workers: 4
[365.741s][debug][gc,phases      ] GC(216)     Dead                           Min: 0, Avg:  0.0, Max: 0, Diff: 0, Sum: 0, Workers: 4
[365.741s][debug][gc,phases      ] GC(216)     Total                          Min: 0, Avg:  0.0, Max: 0, Diff: 0, Sum: 0, Workers: 4
[365.741s][debug][gc,phases      ] GC(216)   StringTable Weak               Min:  0.1, Avg:  0.1, Max:  0.1, Diff:  0.0, Sum:  0.6, Workers: 4
[365.741s][debug][gc,phases      ] GC(216)     Dead                           Min: 0, Avg:  0.0, Max: 0, Diff: 0, Sum: 0, Workers: 4
[365.741s][debug][gc,phases      ] GC(216)     Total                          Min: 11264, Avg: 12202.8, Max: 13504, Diff: 2240, Sum: 48811, Workers: 4
[365.741s][debug][gc,phases      ] GC(216)   ResolvedMethodTable Weak       Min:  0.0, Avg:  0.0, Max:  0.0, Diff:  0.0, Sum:  0.1, Workers: 4
[365.741s][debug][gc,phases      ] GC(216)     Dead                           Min: 0, Avg:  0.0, Max: 0, Diff: 0, Sum: 0, Workers: 4
[365.741s][debug][gc,phases      ] GC(216)     Total                          Min: 2016, Avg: 2232.0, Max: 2432, Diff: 416, Sum: 8928, Workers: 4
[365.741s][debug][gc,phases      ] GC(216)   JNI Weak                       Min:  0.0, Avg:  0.0, Max:  0.0, Diff:  0.0, Sum:  0.0, Workers: 4
[365.741s][debug][gc,phases      ] GC(216)     Dead                           Min: 0, Avg:  0.0, Max: 0, Diff: 0, Sum: 0, Workers: 4
[365.741s][debug][gc,phases      ] GC(216)     Total                          Min: 0, Avg:  0.0, Max: 0, Diff: 0, Sum: 0, Workers: 4
[365.741s][debug][gc,phases      ] GC(216)   StringDedup Table Weak         Min:  0.0, Avg:  0.0, Max:  0.0, Diff:  0.0, Sum:  0.0, Workers: 4
[365.741s][debug][gc,phases      ] GC(216)     Dead                           Min: 0, Avg:  0.0, Max: 0, Diff: 0, Sum: 0, Workers: 4
[365.741s][debug][gc,phases      ] GC(216)     Total                          Min: 0, Avg:  0.0, Max: 0, Diff: 0, Sum: 0, Workers: 4
[365.741s][debug][gc,phases      ] GC(216)   StringDedup Requests0 Weak     Min:  0.0, Avg:  0.0, Max:  0.0, Diff:  0.0, Sum:  0.0, Workers: 4
[365.741s][debug][gc,phases      ] GC(216)     Dead                           Min: 0, Avg:  0.0, Max: 0, Diff: 0, Sum: 0, Workers: 4
[365.741s][debug][gc,phases      ] GC(216)     Total                          Min: 0, Avg:  0.0, Max: 0, Diff: 0, Sum: 0, Workers: 4
[365.741s][debug][gc,phases      ] GC(216)   StringDedup Requests1 Weak     Min:  0.0, Avg:  0.0, Max:  0.0, Diff:  0.0, Sum:  0.0, Workers: 4
[365.741s][debug][gc,phases      ] GC(216)     Dead                           Min: 0, Avg:  0.0, Max: 0, Diff: 0, Sum: 0, Workers: 4
[365.741s][debug][gc,phases      ] GC(216)     Total                          Min: 0, Avg:  0.0, Max: 0, Diff: 0, Sum: 0, Workers: 4
[365.741s][debug][gc,phases      ] GC(216)   Weak JFR Old Object Samples    Min:  0.0, Avg:  0.0, Max:  0.0, Diff:  0.0, Sum:  0.0, Workers: 4
[365.741s][debug][gc,phases      ] GC(216)     Dead                           Min: 0, Avg:  0.0, Max: 0, Diff: 0, Sum: 0, Workers: 4
[365.741s][debug][gc,phases      ] GC(216)     Total                          Min: 0, Avg:  0.0, Max: 0, Diff: 0, Sum: 0, Workers: 4
[365.741s][debug][gc,phases      ] GC(216) Weak Processing 0.374ms
[365.741s][debug][gc,phases      ] GC(216) ClassLoaderData 0.102ms
[365.741s][debug][gc,phases      ] GC(216) Trigger cleanups 0.000ms
[365.765s][debug][gc,phases      ] GC(216) Class Unloading 23.858ms
[365.765s][info ][gc,phases      ] GC(216) Marking Phase 184.880ms
[365.765s][info ][gc,phases,start] GC(216) Summary Phase
[365.765s][info ][gc,phases      ] GC(216) Summary Phase 0.023ms
[365.765s][info ][gc,phases,start] GC(216) Adjust Roots
[365.781s][info ][gc,phases      ] GC(216) Adjust Roots 15.997ms
[365.781s][info ][gc,phases,start] GC(216) Compaction Phase
[365.910s][info ][gc,phases      ] GC(216) Compaction Phase 128.430ms
[365.910s][info ][gc,phases,start] GC(216) Post Compact
[365.912s][info ][gc,phases      ] GC(216) Post Compact 2.226ms
[365.912s][info ][gc,heap        ] GC(216) PSYoungGen: 116747K(1866240K)->0K(1864192K) Eden: 0K(1633280K)->0K(1633280K) From: 116747K(232960K)->0K(230912K)
[365.912s][info ][gc,heap        ] GC(216) ParOldGen: 680385K(698880K)->602383K(813056K)
[365.912s][info ][gc,metaspace   ] GC(216) Metaspace: 86560K(87488K)->86560K(87488K) NonClass: 74595K(75072K)->74595K(75072K) Class: 11964K(12416K)->11964K(12416K)
[365.912s][info ][gc             ] GC(216) Pause Full (Ergonomics) 778M->588M(2614M) 331.905ms
[365.912s][info ][gc,cpu         ] GC(216) User=1.19s Sys=0.00s Real=0.33s
[365.912s][info ][safepoint      ] Safepoint "ParallelGCFailedAllocation", Time since last: 632243389 ns, Reaching safepoint: 45203 ns, At safepoint: 372762755 ns, Total: 372807958 ns
[366.912s][info ][safepoint      ] Safepoint "Cleanup", Time since last: 1000094260 ns, Reaching safepoint: 121407 ns, At safepoint: 10701 ns, Total: 132108 ns
[367.913s][info ][safepoint      ] Safepoint "Cleanup", Time since last: 1000110361 ns, Reaching safepoint: 122908 ns, At safepoint: 14700 ns, Total: 137608 ns
[368.234s][info ][gc,start       ] GC(217) Pause Young (Allocation Failure)
[368.267s][debug][gc,phases      ] GC(217) Scavenge 32.836ms
[368.267s][debug][gc,ref         ] GC(217) Skipped phase 1 of Reference Processing: no references
[368.267s][debug][gc,ref         ] GC(217) Skipped phase 2 of Reference Processing: no references
[368.267s][debug][gc,ref         ] GC(217) Skipped phase 3 of Reference Processing: no references
[368.267s][debug][gc,ref         ] GC(217) Skipped phase 4 of Reference Processing: no references
[368.267s][debug][gc,phases      ] GC(217) Reference Processing 0.047ms
[368.267s][debug][gc,phases      ] GC(217)   VM Weak                        Min:  0.0, Avg:  0.0, Max:  0.0, Diff:  0.0, Sum:  0.0, Workers: 4
[368.267s][debug][gc,phases      ] GC(217)     Dead                           Min: 0, Avg:  0.0, Max: 0, Diff: 0, Sum: 0, Workers: 4
[368.267s][debug][gc,phases      ] GC(217)     Total                          Min: 0, Avg: 186.2, Max: 553, Diff: 553, Sum: 745, Workers: 4
[368.267s][debug][gc,phases      ] GC(217)   ObjectSynchronizer Weak        Min:  0.0, Avg:  0.0, Max:  0.0, Diff:  0.0, Sum:  0.0, Workers: 4
[368.267s][debug][gc,phases      ] GC(217)     Dead                           Min: 0, Avg:  0.0, Max: 0, Diff: 0, Sum: 0, Workers: 4
[368.267s][debug][gc,phases      ] GC(217)     Total                          Min: 0, Avg: 139.8, Max: 303, Diff: 303, Sum: 559, Workers: 4
[368.267s][debug][gc,phases      ] GC(217)   JVMTI Tag Weak OopStorage      Min:  0.0, Avg:  0.0, Max:  0.0, Diff:  0.0, Sum:  0.0, Workers: 4
[368.267s][debug][gc,phases      ] GC(217)     Dead                           Min: 0, Avg:  0.0, Max: 0, Diff: 0, Sum: 0, Workers: 4
[368.267s][debug][gc,phases      ] GC(217)     Total                          Min: 0, Avg:  0.0, Max: 0, Diff: 0, Sum: 0, Workers: 4
[368.267s][debug][gc,phases      ] GC(217)   StringTable Weak               Min:  0.1, Avg:  0.1, Max:  0.1, Diff:  0.0, Sum:  0.5, Workers: 4
[368.267s][debug][gc,phases      ] GC(217)     Dead                           Min: 0, Avg:  0.0, Max: 0, Diff: 0, Sum: 0, Workers: 4
[368.267s][debug][gc,phases      ] GC(217)     Total                          Min: 11776, Avg: 12202.8, Max: 13056, Diff: 1280, Sum: 48811, Workers: 4
[368.267s][debug][gc,phases      ] GC(217)   ResolvedMethodTable Weak       Min:  0.0, Avg:  0.0, Max:  0.0, Diff:  0.0, Sum:  0.1, Workers: 4
[368.267s][debug][gc,phases      ] GC(217)     Dead                           Min: 0, Avg:  0.0, Max: 0, Diff: 0, Sum: 0, Workers: 4
[368.267s][debug][gc,phases      ] GC(217)     Total                          Min: 2080, Avg: 2232.0, Max: 2368, Diff: 288, Sum: 8928, Workers: 4
[368.267s][debug][gc,phases      ] GC(217)   JNI Weak                       Min:  0.0, Avg:  0.0, Max:  0.0, Diff:  0.0, Sum:  0.0, Workers: 4
[368.267s][debug][gc,phases      ] GC(217)     Dead                           Min: 0, Avg:  0.0, Max: 0, Diff: 0, Sum: 0, Workers: 4
[368.267s][debug][gc,phases      ] GC(217)     Total                          Min: 0, Avg:  0.0, Max: 0, Diff: 0, Sum: 0, Workers: 4
[368.267s][debug][gc,phases      ] GC(217)   StringDedup Table Weak         Min:  0.0, Avg:  0.0, Max:  0.0, Diff:  0.0, Sum:  0.0, Workers: 4
[368.267s][debug][gc,phases      ] GC(217)     Dead                           Min: 0, Avg:  0.0, Max: 0, Diff: 0, Sum: 0, Workers: 4
[368.267s][debug][gc,phases      ] GC(217)     Total                          Min: 0, Avg:  0.0, Max: 0, Diff: 0, Sum: 0, Workers: 4
[368.267s][debug][gc,phases      ] GC(217)   StringDedup Requests0 Weak     Min:  0.0, Avg:  0.0, Max:  0.0, Diff:  0.0, Sum:  0.0, Workers: 4
[368.267s][debug][gc,phases      ] GC(217)     Dead                           Min: 0, Avg:  0.0, Max: 0, Diff: 0, Sum: 0, Workers: 4
[368.267s][debug][gc,phases      ] GC(217)     Total                          Min: 0, Avg:  0.0, Max: 0, Diff: 0, Sum: 0, Workers: 4
[368.267s][debug][gc,phases      ] GC(217)   StringDedup Requests1 Weak     Min:  0.0, Avg:  0.0, Max:  0.0, Diff:  0.0, Sum:  0.0, Workers: 4
[368.267s][debug][gc,phases      ] GC(217)     Dead                           Min: 0, Avg:  0.0, Max: 0, Diff: 0, Sum: 0, Workers: 4
[368.267s][debug][gc,phases      ] GC(217)     Total                          Min: 0, Avg:  0.0, Max: 0, Diff: 0, Sum: 0, Workers: 4
[368.267s][debug][gc,phases      ] GC(217)   Weak JFR Old Object Samples    Min:  0.0, Avg:  0.0, Max:  0.0, Diff:  0.0, Sum:  0.0, Workers: 4
[368.267s][debug][gc,phases      ] GC(217)     Dead                           Min: 0, Avg:  0.0, Max: 0, Diff: 0, Sum: 0, Workers: 4
[368.267s][debug][gc,phases      ] GC(217)     Total                          Min: 0, Avg:  0.0, Max: 0, Diff: 0, Sum: 0, Workers: 4
[368.267s][debug][gc,phases      ] GC(217) Weak Processing 0.340ms
[368.267s][debug][gc,age         ] GC(217) Desired survivor size 238026752 bytes, new threshold 15 (max threshold 15)
[368.267s][info ][gc,heap        ] GC(217) PSYoungGen: 1633280K(1864192K)->94899K(1863168K) Eden: 1633280K(1633280K)->0K(1632256K) From: 0K(230912K)->94899K(230912K)
[368.267s][info ][gc,heap        ] GC(217) ParOldGen: 602383K(813056K)->602383K(813056K)
[368.267s][info ][gc,metaspace   ] GC(217) Metaspace: 86563K(87488K)->86563K(87488K) NonClass: 74598K(75072K)->74598K(75072K) Class: 11964K(12416K)->11964K(12416K)
[368.267s][info ][gc             ] GC(217) Pause Young (Allocation Failure) 2183M->680M(2613M) 33.372ms
[368.267s][info ][gc,cpu         ] GC(217) User=0.13s Sys=0.01s Real=0.04s
[368.267s][info ][safepoint      ] Safepoint "ParallelGCFailedAllocation", Time since last: 321195887 ns, Reaching safepoint: 37202 ns, At safepoint: 33472026 ns, Total: 33509228 ns
[369.267s][info ][safepoint      ] Safepoint "Cleanup", Time since last: 1000089860 ns, Reaching safepoint: 120307 ns, At safepoint: 7401 ns, Total: 127708 ns
[370.268s][info ][safepoint      ] Safepoint "Cleanup", Time since last: 1000113460 ns, Reaching safepoint: 44503 ns, At safepoint: 7400 ns, Total: 51903 ns
[371.036s][info ][gc,start       ] GC(218) Pause Young (Allocation Failure)
[371.070s][debug][gc,phases      ] GC(218) Scavenge 33.674ms
[371.070s][debug][gc,ref         ] GC(218) Skipped phase 1 of Reference Processing: no references
[371.070s][debug][gc,ref         ] GC(218) Skipped phase 2 of Reference Processing: no references
[371.070s][debug][gc,ref         ] GC(218) Skipped phase 3 of Reference Processing: no references
[371.070s][debug][gc,ref         ] GC(218) ReferenceProcessor::execute queues: 1, RefProcThreadModel::Single, marks_oops_alive: false
[371.070s][debug][gc,phases      ] GC(218) Reference Processing 0.134ms
[371.070s][debug][gc,phases      ] GC(218)   VM Weak                        Min:  0.0, Avg:  0.0, Max:  0.0, Diff:  0.0, Sum:  0.0, Workers: 4
[371.070s][debug][gc,phases      ] GC(218)     Dead                           Min: 0, Avg:  0.0, Max: 0, Diff: 0, Sum: 0, Workers: 4
[371.070s][debug][gc,phases      ] GC(218)     Total                          Min: 0, Avg: 186.2, Max: 745, Diff: 745, Sum: 745, Workers: 4
[371.070s][debug][gc,phases      ] GC(218)   ObjectSynchronizer Weak        Min:  0.0, Avg:  0.0, Max:  0.0, Diff:  0.0, Sum:  0.0, Workers: 4
[371.070s][debug][gc,phases      ] GC(218)     Dead                           Min: 0, Avg:  0.0, Max: 0, Diff: 0, Sum: 0, Workers: 4
[371.070s][debug][gc,phases      ] GC(218)     Total                          Min: 0, Avg: 139.8, Max: 367, Diff: 367, Sum: 559, Workers: 4
[371.070s][debug][gc,phases      ] GC(218)   JVMTI Tag Weak OopStorage      Min:  0.0, Avg:  0.0, Max:  0.0, Diff:  0.0, Sum:  0.0, Workers: 4
[371.070s][debug][gc,phases      ] GC(218)     Dead                           Min: 0, Avg:  0.0, Max: 0, Diff: 0, Sum: 0, Workers: 4
[371.070s][debug][gc,phases      ] GC(218)     Total                          Min: 0, Avg:  0.0, Max: 0, Diff: 0, Sum: 0, Workers: 4
[371.070s][debug][gc,phases      ] GC(218)   StringTable Weak               Min:  0.1, Avg:  0.1, Max:  0.1, Diff:  0.0, Sum:  0.5, Workers: 4
[371.070s][debug][gc,phases      ] GC(218)     Dead                           Min: 0, Avg:  0.0, Max: 0, Diff: 0, Sum: 0, Workers: 4
[371.070s][debug][gc,phases      ] GC(218)     Total                          Min: 11691, Avg: 12202.8, Max: 12864, Diff: 1173, Sum: 48811, Workers: 4
[371.070s][debug][gc,phases      ] GC(218)   ResolvedMethodTable Weak       Min:  0.0, Avg:  0.0, Max:  0.0, Diff:  0.0, Sum:  0.1, Workers: 4
[371.070s][debug][gc,phases      ] GC(218)     Dead                           Min: 0, Avg:  0.0, Max: 0, Diff: 0, Sum: 0, Workers: 4
[371.070s][debug][gc,phases      ] GC(218)     Total                          Min: 2112, Avg: 2232.0, Max: 2432, Diff: 320, Sum: 8928, Workers: 4
[371.070s][debug][gc,phases      ] GC(218)   JNI Weak                       Min:  0.0, Avg:  0.0, Max:  0.0, Diff:  0.0, Sum:  0.0, Workers: 4
[371.070s][debug][gc,phases      ] GC(218)     Dead                           Min: 0, Avg:  0.0, Max: 0, Diff: 0, Sum: 0, Workers: 4
[371.070s][debug][gc,phases      ] GC(218)     Total                          Min: 0, Avg:  0.0, Max: 0, Diff: 0, Sum: 0, Workers: 4
[371.070s][debug][gc,phases      ] GC(218)   StringDedup Table Weak         Min:  0.0, Avg:  0.0, Max:  0.0, Diff:  0.0, Sum:  0.0, Workers: 4
[371.070s][debug][gc,phases      ] GC(218)     Dead                           Min: 0, Avg:  0.0, Max: 0, Diff: 0, Sum: 0, Workers: 4
[371.070s][debug][gc,phases      ] GC(218)     Total                          Min: 0, Avg:  0.0, Max: 0, Diff: 0, Sum: 0, Workers: 4
[371.070s][debug][gc,phases      ] GC(218)   StringDedup Requests0 Weak     Min:  0.0, Avg:  0.0, Max:  0.0, Diff:  0.0, Sum:  0.0, Workers: 4
[371.070s][debug][gc,phases      ] GC(218)     Dead                           Min: 0, Avg:  0.0, Max: 0, Diff: 0, Sum: 0, Workers: 4
[371.070s][debug][gc,phases      ] GC(218)     Total                          Min: 0, Avg:  0.0, Max: 0, Diff: 0, Sum: 0, Workers: 4
[371.070s][debug][gc,phases      ] GC(218)   StringDedup Requests1 Weak     Min:  0.0, Avg:  0.0, Max:  0.0, Diff:  0.0, Sum:  0.0, Workers: 4
[371.070s][debug][gc,phases      ] GC(218)     Dead                           Min: 0, Avg:  0.0, Max: 0, Diff: 0, Sum: 0, Workers: 4
[371.070s][debug][gc,phases      ] GC(218)     Total                          Min: 0, Avg:  0.0, Max: 0, Diff: 0, Sum: 0, Workers: 4
[371.070s][debug][gc,phases      ] GC(218)   Weak JFR Old Object Samples    Min:  0.0, Avg:  0.0, Max:  0.0, Diff:  0.0, Sum:  0.0, Workers: 4
[371.070s][debug][gc,phases      ] GC(218)     Dead                           Min: 0, Avg:  0.0, Max: 0, Diff: 0, Sum: 0, Workers: 4
[371.070s][debug][gc,phases      ] GC(218)     Total                          Min: 0, Avg:  0.0, Max: 0, Diff: 0, Sum: 0, Workers: 4
[371.070s][debug][gc,phases      ] GC(218) Weak Processing 0.396ms
[371.070s][debug][gc,age         ] GC(218) Desired survivor size 235405312 bytes, new threshold 15 (max threshold 15)
[371.070s][info ][gc,heap        ] GC(218) PSYoungGen: 1727155K(1863168K)->105012K(1864704K) Eden: 1632256K(1632256K)->0K(1632256K) From: 94899K(230912K)->105012K(232448K)
[371.070s][info ][gc,heap        ] GC(218) ParOldGen: 602383K(813056K)->602383K(813056K)
[371.070s][info ][gc,metaspace   ] GC(218) Metaspace: 86568K(87488K)->86568K(87488K) NonClass: 74603K(75072K)->74603K(75072K) Class: 11964K(12416K)->11964K(12416K)
[371.070s][info ][gc             ] GC(218) Pause Young (Allocation Failure) 2274M->690M(2615M) 34.349ms
[371.070s][info ][gc,cpu         ] GC(218) User=0.14s Sys=0.00s Real=0.03s
[371.070s][info ][safepoint      ] Safepoint "ParallelGCFailedAllocation", Time since last: 768192213 ns, Reaching safepoint: 117607 ns, At safepoint: 34471984 ns, Total: 34589591 ns
[372.071s][info ][safepoint      ] Safepoint "Cleanup", Time since last: 1000090259 ns, Reaching safepoint: 48302 ns, At safepoint: 4701 ns, Total: 53003 ns
[375.582s][info ][gc,start       ] GC(219) Pause Young (Allocation Failure)
[375.615s][debug][gc,phases      ] GC(219) Scavenge 33.080ms
[375.615s][debug][gc,ref         ] GC(219) Skipped phase 1 of Reference Processing: no references
[375.615s][debug][gc,ref         ] GC(219) Skipped phase 2 of Reference Processing: no references
[375.615s][debug][gc,ref         ] GC(219) Skipped phase 3 of Reference Processing: no references
[375.615s][debug][gc,ref         ] GC(219) Skipped phase 4 of Reference Processing: no references
[375.615s][debug][gc,phases      ] GC(219) Reference Processing 0.039ms
[375.615s][debug][gc,phases      ] GC(219)   VM Weak                        Min:  0.0, Avg:  0.0, Max:  0.0, Diff:  0.0, Sum:  0.0, Workers: 4
[375.615s][debug][gc,phases      ] GC(219)     Dead                           Min: 0, Avg:  0.0, Max: 0, Diff: 0, Sum: 0, Workers: 4
[375.615s][debug][gc,phases      ] GC(219)     Total                          Min: 0, Avg: 186.2, Max: 489, Diff: 489, Sum: 745, Workers: 4
[375.615s][debug][gc,phases      ] GC(219)   ObjectSynchronizer Weak        Min:  0.0, Avg:  0.0, Max:  0.0, Diff:  0.0, Sum:  0.0, Workers: 4
[375.615s][debug][gc,phases      ] GC(219)     Dead                           Min: 0, Avg:  0.0, Max: 0, Diff: 0, Sum: 0, Workers: 4
[375.615s][debug][gc,phases      ] GC(219)     Total                          Min: 0, Avg: 139.8, Max: 320, Diff: 320, Sum: 559, Workers: 4
[375.615s][debug][gc,phases      ] GC(219)   JVMTI Tag Weak OopStorage      Min:  0.0, Avg:  0.0, Max:  0.0, Diff:  0.0, Sum:  0.0, Workers: 4
[375.615s][debug][gc,phases      ] GC(219)     Dead                           Min: 0, Avg:  0.0, Max: 0, Diff: 0, Sum: 0, Workers: 4
[375.615s][debug][gc,phases      ] GC(219)     Total                          Min: 0, Avg:  0.0, Max: 0, Diff: 0, Sum: 0, Workers: 4
[375.615s][debug][gc,phases      ] GC(219)   StringTable Weak               Min:  0.1, Avg:  0.1, Max:  0.1, Diff:  0.0, Sum:  0.5, Workers: 4
[375.615s][debug][gc,phases      ] GC(219)     Dead                           Min: 0, Avg:  0.0, Max: 0, Diff: 0, Sum: 0, Workers: 4
[375.615s][debug][gc,phases      ] GC(219)     Total                          Min: 11883, Avg: 12202.8, Max: 12544, Diff: 661, Sum: 48811, Workers: 4
[375.615s][debug][gc,phases      ] GC(219)   ResolvedMethodTable Weak       Min:  0.0, Avg:  0.0, Max:  0.0, Diff:  0.0, Sum:  0.1, Workers: 4
[375.615s][debug][gc,phases      ] GC(219)     Dead                           Min: 0, Avg:  0.0, Max: 0, Diff: 0, Sum: 0, Workers: 4
[375.615s][debug][gc,phases      ] GC(219)     Total                          Min: 1920, Avg: 2232.0, Max: 2432, Diff: 512, Sum: 8928, Workers: 4
[375.615s][debug][gc,phases      ] GC(219)   JNI Weak                       Min:  0.0, Avg:  0.0, Max:  0.0, Diff:  0.0, Sum:  0.0, Workers: 4
[375.615s][debug][gc,phases      ] GC(219)     Dead                           Min: 0, Avg:  0.0, Max: 0, Diff: 0, Sum: 0, Workers: 4
[375.615s][debug][gc,phases      ] GC(219)     Total                          Min: 0, Avg:  0.0, Max: 0, Diff: 0, Sum: 0, Workers: 4
[375.615s][debug][gc,phases      ] GC(219)   StringDedup Table Weak         Min:  0.0, Avg:  0.0, Max:  0.0, Diff:  0.0, Sum:  0.0, Workers: 4
[375.615s][debug][gc,phases      ] GC(219)     Dead                           Min: 0, Avg:  0.0, Max: 0, Diff: 0, Sum: 0, Workers: 4
[375.615s][debug][gc,phases      ] GC(219)     Total                          Min: 0, Avg:  0.0, Max: 0, Diff: 0, Sum: 0, Workers: 4
[375.615s][debug][gc,phases      ] GC(219)   StringDedup Requests0 Weak     Min:  0.0, Avg:  0.0, Max:  0.0, Diff:  0.0, Sum:  0.0, Workers: 4
[375.615s][debug][gc,phases      ] GC(219)     Dead                           Min: 0, Avg:  0.0, Max: 0, Diff: 0, Sum: 0, Workers: 4
[375.615s][debug][gc,phases      ] GC(219)     Total                          Min: 0, Avg:  0.0, Max: 0, Diff: 0, Sum: 0, Workers: 4
[375.615s][debug][gc,phases      ] GC(219)   StringDedup Requests1 Weak     Min:  0.0, Avg:  0.0, Max:  0.0, Diff:  0.0, Sum:  0.0, Workers: 4
[375.615s][debug][gc,phases      ] GC(219)     Dead                           Min: 0, Avg:  0.0, Max: 0, Diff: 0, Sum: 0, Workers: 4
[375.615s][debug][gc,phases      ] GC(219)     Total                          Min: 0, Avg:  0.0, Max: 0, Diff: 0, Sum: 0, Workers: 4
[375.615s][debug][gc,phases      ] GC(219)   Weak JFR Old Object Samples    Min:  0.0, Avg:  0.0, Max:  0.0, Diff:  0.0, Sum:  0.0, Workers: 4
[375.615s][debug][gc,phases      ] GC(219)     Dead                           Min: 0, Avg:  0.0, Max: 0, Diff: 0, Sum: 0, Workers: 4
[375.615s][debug][gc,phases      ] GC(219)     Total                          Min: 0, Avg:  0.0, Max: 0, Diff: 0, Sum: 0, Workers: 4
[375.615s][debug][gc,phases      ] GC(219) Weak Processing 0.367ms
[375.615s][debug][gc,age         ] GC(219) Desired survivor size 232783872 bytes, new threshold 15 (max threshold 15)
[375.615s][info ][gc,heap        ] GC(219) PSYoungGen: 1737268K(1864704K)->105131K(1869824K) Eden: 1632256K(1632256K)->0K(1639936K) From: 105012K(232448K)->105131K(229888K)
[375.615s][info ][gc,heap        ] GC(219) ParOldGen: 602383K(813056K)->602383K(813056K)
[375.615s][info ][gc,metaspace   ] GC(219) Metaspace: 86569K(87488K)->86569K(87488K) NonClass: 74604K(75072K)->74604K(75072K) Class: 11964K(12416K)->11964K(12416K)
[375.615s][info ][gc             ] GC(219) Pause Young (Allocation Failure) 2284M->690M(2620M) 33.638ms
[375.615s][info ][gc,cpu         ] GC(219) User=0.14s Sys=0.00s Real=0.04s
[375.615s][info ][safepoint      ] Safepoint "ParallelGCFailedAllocation", Time since last: 3510946565 ns, Reaching safepoint: 34502 ns, At safepoint: 33743542 ns, Total: 33778044 ns
[376.615s][info ][safepoint      ] Safepoint "Cleanup", Time since last: 1000086158 ns, Reaching safepoint: 48702 ns, At safepoint: 3301 ns, Total: 52003 ns
[378.616s][info ][safepoint      ] Safepoint "Cleanup", Time since last: 2000164613 ns, Reaching safepoint: 41002 ns, At safepoint: 3600 ns, Total: 44602 ns
[380.142s][info ][gc,start       ] GC(220) Pause Young (Allocation Failure)
[380.171s][debug][gc,phases      ] GC(220) Scavenge 28.303ms
[380.171s][debug][gc,ref         ] GC(220) Skipped phase 1 of Reference Processing: no references
[380.171s][debug][gc,ref         ] GC(220) Skipped phase 2 of Reference Processing: no references
[380.171s][debug][gc,ref         ] GC(220) Skipped phase 3 of Reference Processing: no references
[380.171s][debug][gc,ref         ] GC(220) ReferenceProcessor::execute queues: 1, RefProcThreadModel::Single, marks_oops_alive: false
[380.171s][debug][gc,phases      ] GC(220) Reference Processing 0.120ms
[380.171s][debug][gc,phases      ] GC(220)   VM Weak                        Min:  0.0, Avg:  0.0, Max:  0.0, Diff:  0.0, Sum:  0.0, Workers: 4
[380.171s][debug][gc,phases      ] GC(220)     Dead                           Min: 0, Avg:  0.0, Max: 0, Diff: 0, Sum: 0, Workers: 4
[380.171s][debug][gc,phases      ] GC(220)     Total                          Min: 0, Avg: 186.2, Max: 617, Diff: 617, Sum: 745, Workers: 4
[380.171s][debug][gc,phases      ] GC(220)   ObjectSynchronizer Weak        Min:  0.0, Avg:  0.0, Max:  0.0, Diff:  0.0, Sum:  0.0, Workers: 4
[380.171s][debug][gc,phases      ] GC(220)     Dead                           Min: 0, Avg:  0.0, Max: 0, Diff: 0, Sum: 0, Workers: 4
[380.171s][debug][gc,phases      ] GC(220)     Total                          Min: 0, Avg: 139.8, Max: 256, Diff: 256, Sum: 559, Workers: 4
[380.171s][debug][gc,phases      ] GC(220)   JVMTI Tag Weak OopStorage      Min:  0.0, Avg:  0.0, Max:  0.0, Diff:  0.0, Sum:  0.0, Workers: 4
[380.171s][debug][gc,phases      ] GC(220)     Dead                           Min: 0, Avg:  0.0, Max: 0, Diff: 0, Sum: 0, Workers: 4
[380.171s][debug][gc,phases      ] GC(220)     Total                          Min: 0, Avg:  0.0, Max: 0, Diff: 0, Sum: 0, Workers: 4
[380.171s][debug][gc,phases      ] GC(220)   StringTable Weak               Min:  0.1, Avg:  0.1, Max:  0.1, Diff:  0.0, Sum:  0.5, Workers: 4
[380.171s][debug][gc,phases      ] GC(220)     Dead                           Min: 0, Avg:  0.0, Max: 0, Diff: 0, Sum: 0, Workers: 4
[380.171s][debug][gc,phases      ] GC(220)     Total                          Min: 10688, Avg: 12203.0, Max: 12928, Diff: 2240, Sum: 48812, Workers: 4
[380.171s][debug][gc,phases      ] GC(220)   ResolvedMethodTable Weak       Min:  0.0, Avg:  0.0, Max:  0.0, Diff:  0.0, Sum:  0.1, Workers: 4
[380.171s][debug][gc,phases      ] GC(220)     Dead                           Min: 0, Avg:  0.0, Max: 0, Diff: 0, Sum: 0, Workers: 4
[380.171s][debug][gc,phases      ] GC(220)     Total                          Min: 1984, Avg: 2232.0, Max: 2368, Diff: 384, Sum: 8928, Workers: 4
[380.171s][debug][gc,phases      ] GC(220)   JNI Weak                       Min:  0.0, Avg:  0.0, Max:  0.0, Diff:  0.0, Sum:  0.0, Workers: 4
[380.171s][debug][gc,phases      ] GC(220)     Dead                           Min: 0, Avg:  0.0, Max: 0, Diff: 0, Sum: 0, Workers: 4
[380.171s][debug][gc,phases      ] GC(220)     Total                          Min: 0, Avg:  0.0, Max: 0, Diff: 0, Sum: 0, Workers: 4
[380.171s][debug][gc,phases      ] GC(220)   StringDedup Table Weak         Min:  0.0, Avg:  0.0, Max:  0.0, Diff:  0.0, Sum:  0.0, Workers: 4
[380.171s][debug][gc,phases      ] GC(220)     Dead                           Min: 0, Avg:  0.0, Max: 0, Diff: 0, Sum: 0, Workers: 4
[380.171s][debug][gc,phases      ] GC(220)     Total                          Min: 0, Avg:  0.0, Max: 0, Diff: 0, Sum: 0, Workers: 4
[380.171s][debug][gc,phases      ] GC(220)   StringDedup Requests0 Weak     Min:  0.0, Avg:  0.0, Max:  0.0, Diff:  0.0, Sum:  0.0, Workers: 4
[380.171s][debug][gc,phases      ] GC(220)     Dead                           Min: 0, Avg:  0.0, Max: 0, Diff: 0, Sum: 0, Workers: 4
[380.171s][debug][gc,phases      ] GC(220)     Total                          Min: 0, Avg:  0.0, Max: 0, Diff: 0, Sum: 0, Workers: 4
[380.171s][debug][gc,phases      ] GC(220)   StringDedup Requests1 Weak     Min:  0.0, Avg:  0.0, Max:  0.0, Diff:  0.0, Sum:  0.0, Workers: 4
[380.171s][debug][gc,phases      ] GC(220)     Dead                           Min: 0, Avg:  0.0, Max: 0, Diff: 0, Sum: 0, Workers: 4
[380.171s][debug][gc,phases      ] GC(220)     Total                          Min: 0, Avg:  0.0, Max: 0, Diff: 0, Sum: 0, Workers: 4
[380.171s][debug][gc,phases      ] GC(220)   Weak JFR Old Object Samples    Min:  0.0, Avg:  0.0, Max:  0.0, Diff:  0.0, Sum:  0.0, Workers: 4
[380.171s][debug][gc,phases      ] GC(220)     Dead                           Min: 0, Avg:  0.0, Max: 0, Diff: 0, Sum: 0, Workers: 4
[380.171s][debug][gc,phases      ] GC(220)     Total                          Min: 0, Avg:  0.0, Max: 0, Diff: 0, Sum: 0, Workers: 4
[380.171s][debug][gc,phases      ] GC(220) Weak Processing 0.343ms
[380.171s][debug][gc,age         ] GC(220) Desired survivor size 228589568 bytes, new threshold 15 (max threshold 15)
[380.171s][info ][gc,heap        ] GC(220) PSYoungGen: 1745067K(1869824K)->107347K(1867264K) Eden: 1639936K(1639936K)->0K(1639936K) From: 105131K(229888K)->107347K(227328K)
[380.171s][info ][gc,heap        ] GC(220) ParOldGen: 602383K(813056K)->602383K(813056K)
[380.171s][info ][gc,metaspace   ] GC(220) Metaspace: 86569K(87488K)->86569K(87488K) NonClass: 74604K(75072K)->74604K(75072K) Class: 11964K(12416K)->11964K(12416K)
[380.171s][info ][gc             ] GC(220) Pause Young (Allocation Failure) 2292M->693M(2617M) 28.903ms
[380.171s][info ][gc,cpu         ] GC(220) User=0.12s Sys=0.00s Real=0.02s
[380.171s][info ][safepoint      ] Safepoint "ParallelGCFailedAllocation", Time since last: 1526634760 ns, Reaching safepoint: 123607 ns, At safepoint: 29001969 ns, Total: 29125576 ns
[382.172s][info ][safepoint      ] Safepoint "Cleanup", Time since last: 2000149110 ns, Reaching safepoint: 38302 ns, At safepoint: 3200 ns, Total: 41502 ns
[384.172s][info ][safepoint      ] Safepoint "Cleanup", Time since last: 2000134408 ns, Reaching safepoint: 44303 ns, At safepoint: 3500 ns, Total: 47803 ns
[384.740s][info ][gc,start       ] GC(221) Pause Young (Allocation Failure)
[384.774s][debug][gc,phases      ] GC(221) Scavenge 34.289ms
[384.774s][debug][gc,ref         ] GC(221) Skipped phase 1 of Reference Processing: no references
[384.774s][debug][gc,ref         ] GC(221) Skipped phase 2 of Reference Processing: no references
[384.774s][debug][gc,ref         ] GC(221) Skipped phase 3 of Reference Processing: no references
[384.774s][debug][gc,ref         ] GC(221) Skipped phase 4 of Reference Processing: no references
[384.774s][debug][gc,phases      ] GC(221) Reference Processing 0.029ms
[384.774s][debug][gc,phases      ] GC(221)   VM Weak                        Min:  0.0, Avg:  0.0, Max:  0.0, Diff:  0.0, Sum:  0.0, Workers: 4
[384.774s][debug][gc,phases      ] GC(221)     Dead                           Min: 0, Avg:  0.0, Max: 0, Diff: 0, Sum: 0, Workers: 4
[384.774s][debug][gc,phases      ] GC(221)     Total                          Min: 0, Avg: 186.2, Max: 448, Diff: 448, Sum: 745, Workers: 4
[384.774s][debug][gc,phases      ] GC(221)   ObjectSynchronizer Weak        Min:  0.0, Avg:  0.0, Max:  0.0, Diff:  0.0, Sum:  0.0, Workers: 4
[384.774s][debug][gc,phases      ] GC(221)     Dead                           Min: 0, Avg:  0.0, Max: 0, Diff: 0, Sum: 0, Workers: 4
[384.774s][debug][gc,phases      ] GC(221)     Total                          Min: 111, Avg: 139.8, Max: 192, Diff: 81, Sum: 559, Workers: 4
[384.774s][debug][gc,phases      ] GC(221)   JVMTI Tag Weak OopStorage      Min:  0.0, Avg:  0.0, Max:  0.0, Diff:  0.0, Sum:  0.0, Workers: 4
[384.774s][debug][gc,phases      ] GC(221)     Dead                           Min: 0, Avg:  0.0, Max: 0, Diff: 0, Sum: 0, Workers: 4
[384.774s][debug][gc,phases      ] GC(221)     Total                          Min: 0, Avg:  0.0, Max: 0, Diff: 0, Sum: 0, Workers: 4
[384.774s][debug][gc,phases      ] GC(221)   StringTable Weak               Min:  0.1, Avg:  0.1, Max:  0.1, Diff:  0.0, Sum:  0.5, Workers: 4
[384.774s][debug][gc,phases      ] GC(221)     Dead                           Min: 0, Avg:  0.0, Max: 0, Diff: 0, Sum: 0, Workers: 4
[384.774s][debug][gc,phases      ] GC(221)     Total                          Min: 11500, Avg: 12203.0, Max: 13056, Diff: 1556, Sum: 48812, Workers: 4
[384.774s][debug][gc,phases      ] GC(221)   ResolvedMethodTable Weak       Min:  0.0, Avg:  0.0, Max:  0.0, Diff:  0.0, Sum:  0.1, Workers: 4
[384.774s][debug][gc,phases      ] GC(221)     Dead                           Min: 0, Avg:  0.0, Max: 0, Diff: 0, Sum: 0, Workers: 4
[384.774s][debug][gc,phases      ] GC(221)     Total                          Min: 2112, Avg: 2232.0, Max: 2432, Diff: 320, Sum: 8928, Workers: 4
[384.774s][debug][gc,phases      ] GC(221)   JNI Weak                       Min:  0.0, Avg:  0.0, Max:  0.0, Diff:  0.0, Sum:  0.0, Workers: 4
[384.774s][debug][gc,phases      ] GC(221)     Dead                           Min: 0, Avg:  0.0, Max: 0, Diff: 0, Sum: 0, Workers: 4
[384.774s][debug][gc,phases      ] GC(221)     Total                          Min: 0, Avg:  0.0, Max: 0, Diff: 0, Sum: 0, Workers: 4
[384.774s][debug][gc,phases      ] GC(221)   StringDedup Table Weak         Min:  0.0, Avg:  0.0, Max:  0.0, Diff:  0.0, Sum:  0.0, Workers: 4
[384.774s][debug][gc,phases      ] GC(221)     Dead                           Min: 0, Avg:  0.0, Max: 0, Diff: 0, Sum: 0, Workers: 4
[384.774s][debug][gc,phases      ] GC(221)     Total                          Min: 0, Avg:  0.0, Max: 0, Diff: 0, Sum: 0, Workers: 4
[384.774s][debug][gc,phases      ] GC(221)   StringDedup Requests0 Weak     Min:  0.0, Avg:  0.0, Max:  0.0, Diff:  0.0, Sum:  0.0, Workers: 4
[384.774s][debug][gc,phases      ] GC(221)     Dead                           Min: 0, Avg:  0.0, Max: 0, Diff: 0, Sum: 0, Workers: 4
[384.774s][debug][gc,phases      ] GC(221)     Total                          Min: 0, Avg:  0.0, Max: 0, Diff: 0, Sum: 0, Workers: 4
[384.774s][debug][gc,phases      ] GC(221)   StringDedup Requests1 Weak     Min:  0.0, Avg:  0.0, Max:  0.0, Diff:  0.0, Sum:  0.0, Workers: 4
[384.774s][debug][gc,phases      ] GC(221)     Dead                           Min: 0, Avg:  0.0, Max: 0, Diff: 0, Sum: 0, Workers: 4
[384.774s][debug][gc,phases      ] GC(221)     Total                          Min: 0, Avg:  0.0, Max: 0, Diff: 0, Sum: 0, Workers: 4
[384.774s][debug][gc,phases      ] GC(221)   Weak JFR Old Object Samples    Min:  0.0, Avg:  0.0, Max:  0.0, Diff:  0.0, Sum:  0.0, Workers: 4
[384.774s][debug][gc,phases      ] GC(221)     Dead                           Min: 0, Avg:  0.0, Max: 0, Diff: 0, Sum: 0, Workers: 4
[384.774s][debug][gc,phases      ] GC(221)     Total                          Min: 0, Avg:  0.0, Max: 0, Diff: 0, Sum: 0, Workers: 4
[384.774s][debug][gc,phases      ] GC(221) Weak Processing 0.406ms
[384.774s][debug][gc,age         ] GC(221) Desired survivor size 223870976 bytes, new threshold 15 (max threshold 15)
[384.774s][info ][gc,heap        ] GC(221) PSYoungGen: 1747283K(1867264K)->107445K(1878528K) Eden: 1639936K(1639936K)->0K(1655296K) From: 107347K(227328K)->107445K(223232K)
[384.774s][info ][gc,heap        ] GC(221) ParOldGen: 602383K(813056K)->602383K(813056K)
[384.774s][info ][gc,metaspace   ] GC(221) Metaspace: 86594K(87552K)->86594K(87552K) NonClass: 74630K(75136K)->74630K(75136K) Class: 11964K(12416K)->11964K(12416K)
[384.775s][info ][gc             ] GC(221) Pause Young (Allocation Failure) 2294M->693M(2628M) 34.868ms
[384.775s][info ][gc,cpu         ] GC(221) User=0.14s Sys=0.00s Real=0.04s
[384.775s][info ][safepoint      ] Safepoint "ParallelGCFailedAllocation", Time since last: 567708271 ns, Reaching safepoint: 117507 ns, At safepoint: 34960412 ns, Total: 35077919 ns
[388.775s][info ][safepoint      ] Safepoint "Cleanup", Time since last: 4000283412 ns, Reaching safepoint: 55603 ns, At safepoint: 6701 ns, Total: 62304 ns
[389.105s][info ][gc,start       ] GC(222) Pause Young (Allocation Failure)
[389.134s][debug][gc,phases      ] GC(222) Scavenge 28.216ms
[389.134s][debug][gc,ref         ] GC(222) Skipped phase 1 of Reference Processing: no references
[389.134s][debug][gc,ref         ] GC(222) Skipped phase 2 of Reference Processing: no references
[389.134s][debug][gc,ref         ] GC(222) Skipped phase 3 of Reference Processing: no references
[389.134s][debug][gc,ref         ] GC(222) ReferenceProcessor::execute queues: 1, RefProcThreadModel::Single, marks_oops_alive: false
[389.134s][debug][gc,phases      ] GC(222) Reference Processing 0.128ms
[389.134s][debug][gc,phases      ] GC(222)   VM Weak                        Min:  0.0, Avg:  0.0, Max:  0.0, Diff:  0.0, Sum:  0.0, Workers: 4
[389.134s][debug][gc,phases      ] GC(222)     Dead                           Min: 0, Avg:  0.0, Max: 0, Diff: 0, Sum: 0, Workers: 4
[389.134s][debug][gc,phases      ] GC(222)     Total                          Min: 0, Avg: 186.2, Max: 704, Diff: 704, Sum: 745, Workers: 4
[389.134s][debug][gc,phases      ] GC(222)   ObjectSynchronizer Weak        Min:  0.0, Avg:  0.0, Max:  0.0, Diff:  0.0, Sum:  0.0, Workers: 4
[389.134s][debug][gc,phases      ] GC(222)     Dead                           Min: 0, Avg:  0.0, Max: 0, Diff: 0, Sum: 0, Workers: 4
[389.134s][debug][gc,phases      ] GC(222)     Total                          Min: 0, Avg: 139.8, Max: 239, Diff: 239, Sum: 559, Workers: 4
[389.134s][debug][gc,phases      ] GC(222)   JVMTI Tag Weak OopStorage      Min:  0.0, Avg:  0.0, Max:  0.0, Diff:  0.0, Sum:  0.0, Workers: 4
[389.134s][debug][gc,phases      ] GC(222)     Dead                           Min: 0, Avg:  0.0, Max: 0, Diff: 0, Sum: 0, Workers: 4
[389.134s][debug][gc,phases      ] GC(222)     Total                          Min: 0, Avg:  0.0, Max: 0, Diff: 0, Sum: 0, Workers: 4
[389.134s][debug][gc,phases      ] GC(222)   StringTable Weak               Min:  0.1, Avg:  0.1, Max:  0.1, Diff:  0.0, Sum:  0.5, Workers: 4
[389.134s][debug][gc,phases      ] GC(222)     Dead                           Min: 0, Avg:  0.0, Max: 0, Diff: 0, Sum: 0, Workers: 4
[389.134s][debug][gc,phases      ] GC(222)     Total                          Min: 11008, Avg: 12203.2, Max: 12864, Diff: 1856, Sum: 48813, Workers: 4
[389.134s][debug][gc,phases      ] GC(222)   ResolvedMethodTable Weak       Min:  0.0, Avg:  0.0, Max:  0.0, Diff:  0.0, Sum:  0.1, Workers: 4
[389.134s][debug][gc,phases      ] GC(222)     Dead                           Min: 0, Avg:  0.0, Max: 0, Diff: 0, Sum: 0, Workers: 4
[389.134s][debug][gc,phases      ] GC(222)     Total                          Min: 1920, Avg: 2232.0, Max: 2528, Diff: 608, Sum: 8928, Workers: 4
[389.134s][debug][gc,phases      ] GC(222)   JNI Weak                       Min:  0.0, Avg:  0.0, Max:  0.0, Diff:  0.0, Sum:  0.0, Workers: 4
[389.134s][debug][gc,phases      ] GC(222)     Dead                           Min: 0, Avg:  0.0, Max: 0, Diff: 0, Sum: 0, Workers: 4
[389.134s][debug][gc,phases      ] GC(222)     Total                          Min: 0, Avg:  0.0, Max: 0, Diff: 0, Sum: 0, Workers: 4
[389.134s][debug][gc,phases      ] GC(222)   StringDedup Table Weak         Min:  0.0, Avg:  0.0, Max:  0.0, Diff:  0.0, Sum:  0.0, Workers: 4
[389.134s][debug][gc,phases      ] GC(222)     Dead                           Min: 0, Avg:  0.0, Max: 0, Diff: 0, Sum: 0, Workers: 4
[389.134s][debug][gc,phases      ] GC(222)     Total                          Min: 0, Avg:  0.0, Max: 0, Diff: 0, Sum: 0, Workers: 4
[389.134s][debug][gc,phases      ] GC(222)   StringDedup Requests0 Weak     Min:  0.0, Avg:  0.0, Max:  0.0, Diff:  0.0, Sum:  0.0, Workers: 4
[389.134s][debug][gc,phases      ] GC(222)     Dead                           Min: 0, Avg:  0.0, Max: 0, Diff: 0, Sum: 0, Workers: 4
[389.134s][debug][gc,phases      ] GC(222)     Total                          Min: 0, Avg:  0.0, Max: 0, Diff: 0, Sum: 0, Workers: 4
[389.134s][debug][gc,phases      ] GC(222)   StringDedup Requests1 Weak     Min:  0.0, Avg:  0.0, Max:  0.0, Diff:  0.0, Sum:  0.0, Workers: 4
[389.134s][debug][gc,phases      ] GC(222)     Dead                           Min: 0, Avg:  0.0, Max: 0, Diff: 0, Sum: 0, Workers: 4
[389.134s][debug][gc,phases      ] GC(222)     Total                          Min: 0, Avg:  0.0, Max: 0, Diff: 0, Sum: 0, Workers: 4
[389.134s][debug][gc,phases      ] GC(222)   Weak JFR Old Object Samples    Min:  0.0, Avg:  0.0, Max:  0.0, Diff:  0.0, Sum:  0.0, Workers: 4
[389.134s][debug][gc,phases      ] GC(222)     Dead                           Min: 0, Avg:  0.0, Max: 0, Diff: 0, Sum: 0, Workers: 4
[389.134s][debug][gc,phases      ] GC(222)     Total                          Min: 0, Avg:  0.0, Max: 0, Diff: 0, Sum: 0, Workers: 4
[389.134s][debug][gc,phases      ] GC(222) Weak Processing 0.354ms
[389.134s][debug][gc,age         ] GC(222) Desired survivor size 219152384 bytes, new threshold 15 (max threshold 15)
[389.134s][info ][gc,heap        ] GC(222) PSYoungGen: 1762741K(1878528K)->105931K(1873920K) Eden: 1655296K(1655296K)->0K(1655296K) From: 107445K(223232K)->105931K(218624K)
[389.134s][info ][gc,heap        ] GC(222) ParOldGen: 602383K(813056K)->602383K(813056K)
[389.134s][info ][gc,metaspace   ] GC(222) Metaspace: 86596K(87552K)->86596K(87552K) NonClass: 74631K(75136K)->74631K(75136K) Class: 11964K(12416K)->11964K(12416K)
[389.134s][info ][gc             ] GC(222) Pause Young (Allocation Failure) 2309M->691M(2624M) 28.837ms
[389.134s][info ][gc,cpu         ] GC(222) User=0.12s Sys=0.00s Real=0.02s
[389.134s][info ][safepoint      ] Safepoint "ParallelGCFailedAllocation", Time since last: 330337010 ns, Reaching safepoint: 101006 ns, At safepoint: 28924964 ns, Total: 29025970 ns
[390.135s][info ][safepoint      ] Safepoint "Cleanup", Time since last: 1000114255 ns, Reaching safepoint: 130208 ns, At safepoint: 18401 ns, Total: 148609 ns
[391.135s][info ][safepoint      ] Safepoint "Cleanup", Time since last: 1000114454 ns, Reaching safepoint: 125607 ns, At safepoint: 7701 ns, Total: 133308 ns
[393.135s][info ][safepoint      ] Safepoint "Cleanup", Time since last: 2000188905 ns, Reaching safepoint: 123107 ns, At safepoint: 8001 ns, Total: 131108 ns
[393.735s][info ][gc,start       ] GC(223) Pause Young (Allocation Failure)
[393.766s][debug][gc,phases      ] GC(223) Scavenge 30.530ms
[393.766s][debug][gc,ref         ] GC(223) Skipped phase 1 of Reference Processing: no references
[393.766s][debug][gc,ref         ] GC(223) Skipped phase 2 of Reference Processing: no references
[393.766s][debug][gc,ref         ] GC(223) Skipped phase 3 of Reference Processing: no references
[393.766s][debug][gc,ref         ] GC(223) ReferenceProcessor::execute queues: 1, RefProcThreadModel::Single, marks_oops_alive: false
[393.766s][debug][gc,phases      ] GC(223) Reference Processing 0.124ms
[393.766s][debug][gc,phases      ] GC(223)   VM Weak                        Min:  0.0, Avg:  0.0, Max:  0.0, Diff:  0.0, Sum:  0.0, Workers: 4
[393.766s][debug][gc,phases      ] GC(223)     Dead                           Min: 0, Avg:  0.0, Max: 0, Diff: 0, Sum: 0, Workers: 4
[393.766s][debug][gc,phases      ] GC(223)     Total                          Min: 0, Avg: 186.2, Max: 745, Diff: 745, Sum: 745, Workers: 4
[393.766s][debug][gc,phases      ] GC(223)   ObjectSynchronizer Weak        Min:  0.0, Avg:  0.0, Max:  0.0, Diff:  0.0, Sum:  0.0, Workers: 4
[393.766s][debug][gc,phases      ] GC(223)     Dead                           Min: 0, Avg:  0.0, Max: 0, Diff: 0, Sum: 0, Workers: 4
[393.766s][debug][gc,phases      ] GC(223)     Total                          Min: 0, Avg: 139.8, Max: 512, Diff: 512, Sum: 559, Workers: 4
[393.766s][debug][gc,phases      ] GC(223)   JVMTI Tag Weak OopStorage      Min:  0.0, Avg:  0.0, Max:  0.0, Diff:  0.0, Sum:  0.0, Workers: 4
[393.766s][debug][gc,phases      ] GC(223)     Dead                           Min: 0, Avg:  0.0, Max: 0, Diff: 0, Sum: 0, Workers: 4
[393.766s][debug][gc,phases      ] GC(223)     Total                          Min: 0, Avg:  0.0, Max: 0, Diff: 0, Sum: 0, Workers: 4
[393.766s][debug][gc,phases      ] GC(223)   StringTable Weak               Min:  0.1, Avg:  0.1, Max:  0.1, Diff:  0.0, Sum:  0.5, Workers: 4
[393.766s][debug][gc,phases      ] GC(223)     Dead                           Min: 0, Avg:  0.0, Max: 0, Diff: 0, Sum: 0, Workers: 4
[393.766s][debug][gc,phases      ] GC(223)     Total                          Min: 11136, Avg: 12203.2, Max: 12800, Diff: 1664, Sum: 48813, Workers: 4
[393.766s][debug][gc,phases      ] GC(223)   ResolvedMethodTable Weak       Min:  0.0, Avg:  0.0, Max:  0.0, Diff:  0.0, Sum:  0.1, Workers: 4
[393.766s][debug][gc,phases      ] GC(223)     Dead                           Min: 0, Avg:  0.0, Max: 0, Diff: 0, Sum: 0, Workers: 4
[393.766s][debug][gc,phases      ] GC(223)     Total                          Min: 2048, Avg: 2232.0, Max: 2336, Diff: 288, Sum: 8928, Workers: 4
[393.766s][debug][gc,phases      ] GC(223)   JNI Weak                       Min:  0.0, Avg:  0.0, Max:  0.0, Diff:  0.0, Sum:  0.0, Workers: 4
[393.766s][debug][gc,phases      ] GC(223)     Dead                           Min: 0, Avg:  0.0, Max: 0, Diff: 0, Sum: 0, Workers: 4
[393.766s][debug][gc,phases      ] GC(223)     Total                          Min: 0, Avg:  0.0, Max: 0, Diff: 0, Sum: 0, Workers: 4
[393.766s][debug][gc,phases      ] GC(223)   StringDedup Table Weak         Min:  0.0, Avg:  0.0, Max:  0.0, Diff:  0.0, Sum:  0.0, Workers: 4
[393.766s][debug][gc,phases      ] GC(223)     Dead                           Min: 0, Avg:  0.0, Max: 0, Diff: 0, Sum: 0, Workers: 4
[393.766s][debug][gc,phases      ] GC(223)     Total                          Min: 0, Avg:  0.0, Max: 0, Diff: 0, Sum: 0, Workers: 4
[393.766s][debug][gc,phases      ] GC(223)   StringDedup Requests0 Weak     Min:  0.0, Avg:  0.0, Max:  0.0, Diff:  0.0, Sum:  0.0, Workers: 4
[393.766s][debug][gc,phases      ] GC(223)     Dead                           Min: 0, Avg:  0.0, Max: 0, Diff: 0, Sum: 0, Workers: 4
[393.766s][debug][gc,phases      ] GC(223)     Total                          Min: 0, Avg:  0.0, Max: 0, Diff: 0, Sum: 0, Workers: 4
[393.766s][debug][gc,phases      ] GC(223)   StringDedup Requests1 Weak     Min:  0.0, Avg:  0.0, Max:  0.0, Diff:  0.0, Sum:  0.0, Workers: 4
[393.766s][debug][gc,phases      ] GC(223)     Dead                           Min: 0, Avg:  0.0, Max: 0, Diff: 0, Sum: 0, Workers: 4
[393.766s][debug][gc,phases      ] GC(223)     Total                          Min: 0, Avg:  0.0, Max: 0, Diff: 0, Sum: 0, Workers: 4
[393.766s][debug][gc,phases      ] GC(223)   Weak JFR Old Object Samples    Min:  0.0, Avg:  0.0, Max:  0.0, Diff:  0.0, Sum:  0.0, Workers: 4
[393.766s][debug][gc,phases      ] GC(223)     Dead                           Min: 0, Avg:  0.0, Max: 0, Diff: 0, Sum: 0, Workers: 4
[393.766s][debug][gc,phases      ] GC(223)     Total                          Min: 0, Avg:  0.0, Max: 0, Diff: 0, Sum: 0, Workers: 4
[393.766s][debug][gc,phases      ] GC(223) Weak Processing 0.374ms
[393.766s][debug][gc,age         ] GC(223) Desired survivor size 214433792 bytes, new threshold 15 (max threshold 15)
[393.766s][info ][gc,heap        ] GC(223) PSYoungGen: 1761227K(1873920K)->106212K(1887744K) Eden: 1655296K(1655296K)->0K(1673728K) From: 105931K(218624K)->106212K(214016K)
[393.766s][info ][gc,heap        ] GC(223) ParOldGen: 602383K(813056K)->602383K(813056K)
[393.766s][info ][gc,metaspace   ] GC(223) Metaspace: 86598K(87552K)->86598K(87552K) NonClass: 74633K(75136K)->74633K(75136K) Class: 11964K(12416K)->11964K(12416K)
[393.766s][info ][gc             ] GC(223) Pause Young (Allocation Failure) 2308M->691M(2637M) 31.181ms
[393.767s][info ][gc,cpu         ] GC(223) User=0.12s Sys=0.00s Real=0.03s
[393.767s][info ][safepoint      ] Safepoint "ParallelGCFailedAllocation", Time since last: 600060031 ns, Reaching safepoint: 104406 ns, At safepoint: 31280500 ns, Total: 31384906 ns
[394.767s][info ][safepoint      ] Safepoint "Cleanup", Time since last: 1000083652 ns, Reaching safepoint: 45102 ns, At safepoint: 3500 ns, Total: 48602 ns
[395.767s][info ][safepoint      ] Safepoint "Cleanup", Time since last: 1000099752 ns, Reaching safepoint: 126908 ns, At safepoint: 12400 ns, Total: 139308 ns
[398.394s][info ][gc,start       ] GC(224) Pause Young (Allocation Failure)
[398.425s][debug][gc,phases      ] GC(224) Scavenge 31.236ms
[398.426s][debug][gc,ref         ] GC(224) Skipped phase 1 of Reference Processing: no references
[398.426s][debug][gc,ref         ] GC(224) Skipped phase 2 of Reference Processing: no references
[398.426s][debug][gc,ref         ] GC(224) Skipped phase 3 of Reference Processing: no references
[398.426s][debug][gc,ref         ] GC(224) ReferenceProcessor::execute queues: 1, RefProcThreadModel::Single, marks_oops_alive: false
[398.426s][debug][gc,phases      ] GC(224) Reference Processing 0.121ms
[398.426s][debug][gc,phases      ] GC(224)   VM Weak                        Min:  0.0, Avg:  0.0, Max:  0.0, Diff:  0.0, Sum:  0.0, Workers: 4
[398.426s][debug][gc,phases      ] GC(224)     Dead                           Min: 0, Avg:  0.0, Max: 0, Diff: 0, Sum: 0, Workers: 4
[398.426s][debug][gc,phases      ] GC(224)     Total                          Min: 0, Avg: 186.2, Max: 640, Diff: 640, Sum: 745, Workers: 4
[398.426s][debug][gc,phases      ] GC(224)   ObjectSynchronizer Weak        Min:  0.0, Avg:  0.0, Max:  0.0, Diff:  0.0, Sum:  0.0, Workers: 4
[398.426s][debug][gc,phases      ] GC(224)     Dead                           Min: 0, Avg:  0.0, Max: 0, Diff: 0, Sum: 0, Workers: 4
[398.426s][debug][gc,phases      ] GC(224)     Total                          Min: 111, Avg: 139.8, Max: 192, Diff: 81, Sum: 559, Workers: 4
[398.426s][debug][gc,phases      ] GC(224)   JVMTI Tag Weak OopStorage      Min:  0.0, Avg:  0.0, Max:  0.0, Diff:  0.0, Sum:  0.0, Workers: 4
[398.426s][debug][gc,phases      ] GC(224)     Dead                           Min: 0, Avg:  0.0, Max: 0, Diff: 0, Sum: 0, Workers: 4
[398.426s][debug][gc,phases      ] GC(224)     Total                          Min: 0, Avg:  0.0, Max: 0, Diff: 0, Sum: 0, Workers: 4
[398.426s][debug][gc,phases      ] GC(224)   StringTable Weak               Min:  0.1, Avg:  0.1, Max:  0.1, Diff:  0.0, Sum:  0.5, Workers: 4
[398.426s][debug][gc,phases      ] GC(224)     Dead                           Min: 0, Avg:  0.0, Max: 0, Diff: 0, Sum: 0, Workers: 4
[398.426s][debug][gc,phases      ] GC(224)     Total                          Min: 9920, Avg: 12203.2, Max: 13549, Diff: 3629, Sum: 48813, Workers: 4
[398.426s][debug][gc,phases      ] GC(224)   ResolvedMethodTable Weak       Min:  0.0, Avg:  0.0, Max:  0.0, Diff:  0.0, Sum:  0.1, Workers: 4
[398.426s][debug][gc,phases      ] GC(224)     Dead                           Min: 0, Avg:  0.0, Max: 0, Diff: 0, Sum: 0, Workers: 4
[398.426s][debug][gc,phases      ] GC(224)     Total                          Min: 2144, Avg: 2232.0, Max: 2368, Diff: 224, Sum: 8928, Workers: 4
[398.426s][debug][gc,phases      ] GC(224)   JNI Weak                       Min:  0.0, Avg:  0.0, Max:  0.0, Diff:  0.0, Sum:  0.0, Workers: 4
[398.426s][debug][gc,phases      ] GC(224)     Dead                           Min: 0, Avg:  0.0, Max: 0, Diff: 0, Sum: 0, Workers: 4
[398.426s][debug][gc,phases      ] GC(224)     Total                          Min: 0, Avg:  0.0, Max: 0, Diff: 0, Sum: 0, Workers: 4
[398.426s][debug][gc,phases      ] GC(224)   StringDedup Table Weak         Min:  0.0, Avg:  0.0, Max:  0.0, Diff:  0.0, Sum:  0.0, Workers: 4
[398.426s][debug][gc,phases      ] GC(224)     Dead                           Min: 0, Avg:  0.0, Max: 0, Diff: 0, Sum: 0, Workers: 4
[398.426s][debug][gc,phases      ] GC(224)     Total                          Min: 0, Avg:  0.0, Max: 0, Diff: 0, Sum: 0, Workers: 4
[398.426s][debug][gc,phases      ] GC(224)   StringDedup Requests0 Weak     Min:  0.0, Avg:  0.0, Max:  0.0, Diff:  0.0, Sum:  0.0, Workers: 4
[398.426s][debug][gc,phases      ] GC(224)     Dead                           Min: 0, Avg:  0.0, Max: 0, Diff: 0, Sum: 0, Workers: 4
[398.426s][debug][gc,phases      ] GC(224)     Total                          Min: 0, Avg:  0.0, Max: 0, Diff: 0, Sum: 0, Workers: 4
[398.426s][debug][gc,phases      ] GC(224)   StringDedup Requests1 Weak     Min:  0.0, Avg:  0.0, Max:  0.0, Diff:  0.0, Sum:  0.0, Workers: 4
[398.426s][debug][gc,phases      ] GC(224)     Dead                           Min: 0, Avg:  0.0, Max: 0, Diff: 0, Sum: 0, Workers: 4
[398.426s][debug][gc,phases      ] GC(224)     Total                          Min: 0, Avg:  0.0, Max: 0, Diff: 0, Sum: 0, Workers: 4
[398.426s][debug][gc,phases      ] GC(224)   Weak JFR Old Object Samples    Min:  0.0, Avg:  0.0, Max:  0.0, Diff:  0.0, Sum:  0.0, Workers: 4
[398.426s][debug][gc,phases      ] GC(224)     Dead                           Min: 0, Avg:  0.0, Max: 0, Diff: 0, Sum: 0, Workers: 4
[398.426s][debug][gc,phases      ] GC(224)     Total                          Min: 0, Avg:  0.0, Max: 0, Diff: 0, Sum: 0, Workers: 4
[398.426s][debug][gc,phases      ] GC(224) Weak Processing 0.382ms
[398.426s][debug][gc,age         ] GC(224) Desired survivor size 209190912 bytes, new threshold 15 (max threshold 15)
[398.426s][info ][gc,heap        ] GC(224) PSYoungGen: 1779940K(1887744K)->107244K(1883136K) Eden: 1673728K(1673728K)->0K(1673728K) From: 106212K(214016K)->107244K(209408K)
[398.426s][info ][gc,heap        ] GC(224) ParOldGen: 602383K(813056K)->602383K(813056K)
[398.426s][info ][gc,metaspace   ] GC(224) Metaspace: 86599K(87552K)->86599K(87552K) NonClass: 74634K(75136K)->74634K(75136K) Class: 11964K(12416K)->11964K(12416K)
[398.426s][info ][gc             ] GC(224) Pause Young (Allocation Failure) 2326M->692M(2633M) 31.870ms
[398.426s][info ][gc,cpu         ] GC(224) User=0.13s Sys=0.00s Real=0.04s
[398.426s][info ][safepoint      ] Safepoint "ParallelGCFailedAllocation", Time since last: 2627135381 ns, Reaching safepoint: 123807 ns, At safepoint: 32126749 ns, Total: 32250556 ns
[400.427s][info ][safepoint      ] Safepoint "Cleanup", Time since last: 2000150998 ns, Reaching safepoint: 45603 ns, At safepoint: 5300 ns, Total: 50903 ns
[403.085s][info ][gc,start       ] GC(225) Pause Young (Allocation Failure)
[403.120s][debug][gc,phases      ] GC(225) Scavenge 34.453ms
[403.120s][debug][gc,ref         ] GC(225) Skipped phase 1 of Reference Processing: no references
[403.120s][debug][gc,ref         ] GC(225) Skipped phase 2 of Reference Processing: no references
[403.120s][debug][gc,ref         ] GC(225) Skipped phase 3 of Reference Processing: no references
[403.120s][debug][gc,ref         ] GC(225) Skipped phase 4 of Reference Processing: no references
[403.120s][debug][gc,phases      ] GC(225) Reference Processing 0.028ms
[403.120s][debug][gc,phases      ] GC(225)   VM Weak                        Min:  0.0, Avg:  0.0, Max:  0.0, Diff:  0.0, Sum:  0.0, Workers: 4
[403.120s][debug][gc,phases      ] GC(225)     Dead                           Min: 0, Avg:  0.0, Max: 0, Diff: 0, Sum: 0, Workers: 4
[403.120s][debug][gc,phases      ] GC(225)     Total                          Min: 0, Avg: 186.2, Max: 745, Diff: 745, Sum: 745, Workers: 4
[403.120s][debug][gc,phases      ] GC(225)   ObjectSynchronizer Weak        Min:  0.0, Avg:  0.0, Max:  0.0, Diff:  0.0, Sum:  0.0, Workers: 4
[403.120s][debug][gc,phases      ] GC(225)     Dead                           Min: 0, Avg:  0.0, Max: 0, Diff: 0, Sum: 0, Workers: 4
[403.120s][debug][gc,phases      ] GC(225)     Total                          Min: 0, Avg: 139.8, Max: 256, Diff: 256, Sum: 559, Workers: 4
[403.120s][debug][gc,phases      ] GC(225)   JVMTI Tag Weak OopStorage      Min:  0.0, Avg:  0.0, Max:  0.0, Diff:  0.0, Sum:  0.0, Workers: 4
[403.120s][debug][gc,phases      ] GC(225)     Dead                           Min: 0, Avg:  0.0, Max: 0, Diff: 0, Sum: 0, Workers: 4
[403.120s][debug][gc,phases      ] GC(225)     Total                          Min: 0, Avg:  0.0, Max: 0, Diff: 0, Sum: 0, Workers: 4
[403.120s][debug][gc,phases      ] GC(225)   StringTable Weak               Min:  0.1, Avg:  0.1, Max:  0.1, Diff:  0.0, Sum:  0.5, Workers: 4
[403.120s][debug][gc,phases      ] GC(225)     Dead                           Min: 0, Avg:  0.0, Max: 0, Diff: 0, Sum: 0, Workers: 4
[403.120s][debug][gc,phases      ] GC(225)     Total                          Min: 11520, Avg: 12203.2, Max: 13120, Diff: 1600, Sum: 48813, Workers: 4
[403.120s][debug][gc,phases      ] GC(225)   ResolvedMethodTable Weak       Min:  0.0, Avg:  0.0, Max:  0.0, Diff:  0.0, Sum:  0.1, Workers: 4
[403.120s][debug][gc,phases      ] GC(225)     Dead                           Min: 0, Avg:  0.0, Max: 0, Diff: 0, Sum: 0, Workers: 4
[403.120s][debug][gc,phases      ] GC(225)     Total                          Min: 2112, Avg: 2232.0, Max: 2400, Diff: 288, Sum: 8928, Workers: 4
[403.120s][debug][gc,phases      ] GC(225)   JNI Weak                       Min:  0.0, Avg:  0.0, Max:  0.0, Diff:  0.0, Sum:  0.0, Workers: 4
[403.120s][debug][gc,phases      ] GC(225)     Dead                           Min: 0, Avg:  0.0, Max: 0, Diff: 0, Sum: 0, Workers: 4
[403.120s][debug][gc,phases      ] GC(225)     Total                          Min: 0, Avg:  0.0, Max: 0, Diff: 0, Sum: 0, Workers: 4
[403.120s][debug][gc,phases      ] GC(225)   StringDedup Table Weak         Min:  0.0, Avg:  0.0, Max:  0.0, Diff:  0.0, Sum:  0.0, Workers: 4
[403.120s][debug][gc,phases      ] GC(225)     Dead                           Min: 0, Avg:  0.0, Max: 0, Diff: 0, Sum: 0, Workers: 4
[403.120s][debug][gc,phases      ] GC(225)     Total                          Min: 0, Avg:  0.0, Max: 0, Diff: 0, Sum: 0, Workers: 4
[403.120s][debug][gc,phases      ] GC(225)   StringDedup Requests0 Weak     Min:  0.0, Avg:  0.0, Max:  0.0, Diff:  0.0, Sum:  0.0, Workers: 4
[403.120s][debug][gc,phases      ] GC(225)     Dead                           Min: 0, Avg:  0.0, Max: 0, Diff: 0, Sum: 0, Workers: 4
[403.120s][debug][gc,phases      ] GC(225)     Total                          Min: 0, Avg:  0.0, Max: 0, Diff: 0, Sum: 0, Workers: 4
[403.120s][debug][gc,phases      ] GC(225)   StringDedup Requests1 Weak     Min:  0.0, Avg:  0.0, Max:  0.0, Diff:  0.0, Sum:  0.0, Workers: 4
[403.120s][debug][gc,phases      ] GC(225)     Dead                           Min: 0, Avg:  0.0, Max: 0, Diff: 0, Sum: 0, Workers: 4
[403.120s][debug][gc,phases      ] GC(225)     Total                          Min: 0, Avg:  0.0, Max: 0, Diff: 0, Sum: 0, Workers: 4
[403.120s][debug][gc,phases      ] GC(225)   Weak JFR Old Object Samples    Min:  0.0, Avg:  0.0, Max:  0.0, Diff:  0.0, Sum:  0.0, Workers: 4
[403.120s][debug][gc,phases      ] GC(225)     Dead                           Min: 0, Avg:  0.0, Max: 0, Diff: 0, Sum: 0, Workers: 4
[403.120s][debug][gc,phases      ] GC(225)     Total                          Min: 0, Avg:  0.0, Max: 0, Diff: 0, Sum: 0, Workers: 4
[403.120s][debug][gc,phases      ] GC(225) Weak Processing 0.361ms
[403.120s][debug][gc,age         ] GC(225) Desired survivor size 204472320 bytes, new threshold 15 (max threshold 15)
[403.120s][info ][gc,heap        ] GC(225) PSYoungGen: 1780972K(1883136K)->106396K(1897472K) Eden: 1673728K(1673728K)->0K(1693184K) From: 107244K(209408K)->106396K(204288K)
[403.120s][info ][gc,heap        ] GC(225) ParOldGen: 602383K(813056K)->602383K(813056K)
[403.120s][info ][gc,metaspace   ] GC(225) Metaspace: 86600K(87552K)->86600K(87552K) NonClass: 74636K(75136K)->74636K(75136K) Class: 11964K(12416K)->11964K(12416K)
[403.120s][info ][gc             ] GC(225) Pause Young (Allocation Failure) 2327M->692M(2647M) 34.987ms
[403.120s][info ][gc,cpu         ] GC(225) User=0.14s Sys=0.00s Real=0.03s
[403.120s][info ][safepoint      ] Safepoint "ParallelGCFailedAllocation", Time since last: 2658417377 ns, Reaching safepoint: 116607 ns, At safepoint: 35089319 ns, Total: 35205926 ns
[407.120s][info ][safepoint      ] Safepoint "Cleanup", Time since last: 4000271489 ns, Reaching safepoint: 44302 ns, At safepoint: 2901 ns, Total: 47203 ns
[407.846s][info ][safepoint      ] Safepoint "ParallelGCFailedAllocation", Time since last: 725874768 ns, Reaching safepoint: 44603 ns, At safepoint: 15501 ns, Total: 60104 ns
[407.846s][info ][gc,start       ] GC(226) Pause Young (GCLocker Initiated GC)
[407.879s][debug][gc,phases      ] GC(226) Scavenge 32.352ms
[407.879s][debug][gc,ref         ] GC(226) Skipped phase 1 of Reference Processing: no references
[407.879s][debug][gc,ref         ] GC(226) Skipped phase 2 of Reference Processing: no references
[407.879s][debug][gc,ref         ] GC(226) Skipped phase 3 of Reference Processing: no references
[407.879s][debug][gc,ref         ] GC(226) ReferenceProcessor::execute queues: 1, RefProcThreadModel::Single, marks_oops_alive: false
[407.879s][debug][gc,phases      ] GC(226) Reference Processing 0.125ms
[407.879s][debug][gc,phases      ] GC(226)   VM Weak                        Min:  0.0, Avg:  0.0, Max:  0.0, Diff:  0.0, Sum:  0.0, Workers: 4
[407.879s][debug][gc,phases      ] GC(226)     Dead                           Min: 0, Avg:  0.0, Max: 0, Diff: 0, Sum: 0, Workers: 4
[407.879s][debug][gc,phases      ] GC(226)     Total                          Min: 0, Avg: 186.2, Max: 512, Diff: 512, Sum: 745, Workers: 4
[407.879s][debug][gc,phases      ] GC(226)   ObjectSynchronizer Weak        Min:  0.0, Avg:  0.0, Max:  0.0, Diff:  0.0, Sum:  0.0, Workers: 4
[407.879s][debug][gc,phases      ] GC(226)     Dead                           Min: 0, Avg:  0.0, Max: 0, Diff: 0, Sum: 0, Workers: 4
[407.879s][debug][gc,phases      ] GC(226)     Total                          Min: 0, Avg: 139.8, Max: 192, Diff: 192, Sum: 559, Workers: 4
[407.879s][debug][gc,phases      ] GC(226)   JVMTI Tag Weak OopStorage      Min:  0.0, Avg:  0.0, Max:  0.0, Diff:  0.0, Sum:  0.0, Workers: 4
[407.879s][debug][gc,phases      ] GC(226)     Dead                           Min: 0, Avg:  0.0, Max: 0, Diff: 0, Sum: 0, Workers: 4
[407.879s][debug][gc,phases      ] GC(226)     Total                          Min: 0, Avg:  0.0, Max: 0, Diff: 0, Sum: 0, Workers: 4
[407.879s][debug][gc,phases      ] GC(226)   StringTable Weak               Min:  0.1, Avg:  0.1, Max:  0.1, Diff:  0.0, Sum:  0.5, Workers: 4
[407.879s][debug][gc,phases      ] GC(226)     Dead                           Min: 0, Avg:  0.0, Max: 0, Diff: 0, Sum: 0, Workers: 4
[407.879s][debug][gc,phases      ] GC(226)     Total                          Min: 11072, Avg: 12203.5, Max: 12864, Diff: 1792, Sum: 48814, Workers: 4
[407.879s][debug][gc,phases      ] GC(226)   ResolvedMethodTable Weak       Min:  0.0, Avg:  0.0, Max:  0.0, Diff:  0.0, Sum:  0.1, Workers: 4
[407.879s][debug][gc,phases      ] GC(226)     Dead                           Min: 0, Avg:  0.0, Max: 0, Diff: 0, Sum: 0, Workers: 4
[407.879s][debug][gc,phases      ] GC(226)     Total                          Min: 2112, Avg: 2232.0, Max: 2304, Diff: 192, Sum: 8928, Workers: 4
[407.879s][debug][gc,phases      ] GC(226)   JNI Weak                       Min:  0.0, Avg:  0.0, Max:  0.0, Diff:  0.0, Sum:  0.0, Workers: 4
[407.879s][debug][gc,phases      ] GC(226)     Dead                           Min: 0, Avg:  0.0, Max: 0, Diff: 0, Sum: 0, Workers: 4
[407.879s][debug][gc,phases      ] GC(226)     Total                          Min: 0, Avg:  0.0, Max: 0, Diff: 0, Sum: 0, Workers: 4
[407.879s][debug][gc,phases      ] GC(226)   StringDedup Table Weak         Min:  0.0, Avg:  0.0, Max:  0.0, Diff:  0.0, Sum:  0.0, Workers: 4
[407.879s][debug][gc,phases      ] GC(226)     Dead                           Min: 0, Avg:  0.0, Max: 0, Diff: 0, Sum: 0, Workers: 4
[407.879s][debug][gc,phases      ] GC(226)     Total                          Min: 0, Avg:  0.0, Max: 0, Diff: 0, Sum: 0, Workers: 4
[407.879s][debug][gc,phases      ] GC(226)   StringDedup Requests0 Weak     Min:  0.0, Avg:  0.0, Max:  0.0, Diff:  0.0, Sum:  0.0, Workers: 4
[407.879s][debug][gc,phases      ] GC(226)     Dead                           Min: 0, Avg:  0.0, Max: 0, Diff: 0, Sum: 0, Workers: 4
[407.879s][debug][gc,phases      ] GC(226)     Total                          Min: 0, Avg:  0.0, Max: 0, Diff: 0, Sum: 0, Workers: 4
[407.879s][debug][gc,phases      ] GC(226)   StringDedup Requests1 Weak     Min:  0.0, Avg:  0.0, Max:  0.0, Diff:  0.0, Sum:  0.0, Workers: 4
[407.879s][debug][gc,phases      ] GC(226)     Dead                           Min: 0, Avg:  0.0, Max: 0, Diff: 0, Sum: 0, Workers: 4
[407.879s][debug][gc,phases      ] GC(226)     Total                          Min: 0, Avg:  0.0, Max: 0, Diff: 0, Sum: 0, Workers: 4
[407.879s][debug][gc,phases      ] GC(226)   Weak JFR Old Object Samples    Min:  0.0, Avg:  0.0, Max:  0.0, Diff:  0.0, Sum:  0.0, Workers: 4
[407.879s][debug][gc,phases      ] GC(226)     Dead                           Min: 0, Avg:  0.0, Max: 0, Diff: 0, Sum: 0, Workers: 4
[407.879s][debug][gc,phases      ] GC(226)     Total                          Min: 0, Avg:  0.0, Max: 0, Diff: 0, Sum: 0, Workers: 4
[407.879s][debug][gc,phases      ] GC(226) Weak Processing 0.349ms
[407.879s][debug][gc,age         ] GC(226) Desired survivor size 199229440 bytes, new threshold 15 (max threshold 15)
[407.879s][info ][gc,heap        ] GC(226) PSYoungGen: 1799580K(1897472K)->107684K(1892864K) Eden: 1693184K(1693184K)->0K(1693184K) From: 106396K(204288K)->107684K(199680K)
[407.879s][info ][gc,heap        ] GC(226) ParOldGen: 602383K(813056K)->602383K(813056K)
[407.879s][info ][gc,metaspace   ] GC(226) Metaspace: 86602K(87552K)->86602K(87552K) NonClass: 74637K(75136K)->74637K(75136K) Class: 11964K(12416K)->11964K(12416K)
[407.879s][info ][gc             ] GC(226) Pause Young (GCLocker Initiated GC) 2345M->693M(2642M) 32.947ms
[407.879s][info ][gc,cpu         ] GC(226) User=0.14s Sys=0.00s Real=0.03s
[407.879s][info ][safepoint      ] Safepoint "ParallelGCSystemGC", Time since last: 59603 ns, Reaching safepoint: 19201 ns, At safepoint: 33021700 ns, Total: 33040901 ns
[408.880s][info ][safepoint      ] Safepoint "Cleanup", Time since last: 1000089248 ns, Reaching safepoint: 58903 ns, At safepoint: 5000 ns, Total: 63903 ns
[409.880s][info ][safepoint      ] Safepoint "Cleanup", Time since last: 1000115449 ns, Reaching safepoint: 46903 ns, At safepoint: 3200 ns, Total: 50103 ns
[410.880s][info ][safepoint      ] Safepoint "Cleanup", Time since last: 1000113948 ns, Reaching safepoint: 31702 ns, At safepoint: 2600 ns, Total: 34302 ns
[412.486s][info ][gc,start       ] GC(227) Pause Young (Allocation Failure)
[412.519s][debug][gc,phases      ] GC(227) Scavenge 33.778ms
[412.519s][debug][gc,ref         ] GC(227) Skipped phase 1 of Reference Processing: no references
[412.519s][debug][gc,ref         ] GC(227) Skipped phase 2 of Reference Processing: no references
[412.519s][debug][gc,ref         ] GC(227) Skipped phase 3 of Reference Processing: no references
[412.520s][debug][gc,ref         ] GC(227) ReferenceProcessor::execute queues: 1, RefProcThreadModel::Single, marks_oops_alive: false
[412.520s][debug][gc,phases      ] GC(227) Reference Processing 0.120ms
[412.520s][debug][gc,phases      ] GC(227)   VM Weak                        Min:  0.0, Avg:  0.0, Max:  0.0, Diff:  0.0, Sum:  0.0, Workers: 4
[412.520s][debug][gc,phases      ] GC(227)     Dead                           Min: 0, Avg:  0.0, Max: 0, Diff: 0, Sum: 0, Workers: 4
[412.520s][debug][gc,phases      ] GC(227)     Total                          Min: 0, Avg: 186.2, Max: 745, Diff: 745, Sum: 745, Workers: 4
[412.520s][debug][gc,phases      ] GC(227)   ObjectSynchronizer Weak        Min:  0.0, Avg:  0.0, Max:  0.0, Diff:  0.0, Sum:  0.0, Workers: 4
[412.520s][debug][gc,phases      ] GC(227)     Dead                           Min: 0, Avg:  0.0, Max: 0, Diff: 0, Sum: 0, Workers: 4
[412.520s][debug][gc,phases      ] GC(227)     Total                          Min: 0, Avg: 139.8, Max: 256, Diff: 256, Sum: 559, Workers: 4
[412.520s][debug][gc,phases      ] GC(227)   JVMTI Tag Weak OopStorage      Min:  0.0, Avg:  0.0, Max:  0.0, Diff:  0.0, Sum:  0.0, Workers: 4
[412.520s][debug][gc,phases      ] GC(227)     Dead                           Min: 0, Avg:  0.0, Max: 0, Diff: 0, Sum: 0, Workers: 4
[412.520s][debug][gc,phases      ] GC(227)     Total                          Min: 0, Avg:  0.0, Max: 0, Diff: 0, Sum: 0, Workers: 4
[412.520s][debug][gc,phases      ] GC(227)   StringTable Weak               Min:  0.1, Avg:  0.1, Max:  0.1, Diff:  0.0, Sum:  0.5, Workers: 4
[412.520s][debug][gc,phases      ] GC(227)     Dead                           Min: 0, Avg:  0.0, Max: 0, Diff: 0, Sum: 0, Workers: 4
[412.520s][debug][gc,phases      ] GC(227)     Total                          Min: 9920, Avg: 12203.5, Max: 13120, Diff: 3200, Sum: 48814, Workers: 4
[412.520s][debug][gc,phases      ] GC(227)   ResolvedMethodTable Weak       Min:  0.0, Avg:  0.0, Max:  0.0, Diff:  0.0, Sum:  0.1, Workers: 4
[412.520s][debug][gc,phases      ] GC(227)     Dead                           Min: 0, Avg:  0.0, Max: 0, Diff: 0, Sum: 0, Workers: 4
[412.520s][debug][gc,phases      ] GC(227)     Total                          Min: 2112, Avg: 2232.0, Max: 2528, Diff: 416, Sum: 8928, Workers: 4
[412.520s][debug][gc,phases      ] GC(227)   JNI Weak                       Min:  0.0, Avg:  0.0, Max:  0.0, Diff:  0.0, Sum:  0.0, Workers: 4
[412.520s][debug][gc,phases      ] GC(227)     Dead                           Min: 0, Avg:  0.0, Max: 0, Diff: 0, Sum: 0, Workers: 4
[412.520s][debug][gc,phases      ] GC(227)     Total                          Min: 0, Avg:  0.0, Max: 0, Diff: 0, Sum: 0, Workers: 4
[412.520s][debug][gc,phases      ] GC(227)   StringDedup Table Weak         Min:  0.0, Avg:  0.0, Max:  0.0, Diff:  0.0, Sum:  0.0, Workers: 4
[412.520s][debug][gc,phases      ] GC(227)     Dead                           Min: 0, Avg:  0.0, Max: 0, Diff: 0, Sum: 0, Workers: 4
[412.520s][debug][gc,phases      ] GC(227)     Total                          Min: 0, Avg:  0.0, Max: 0, Diff: 0, Sum: 0, Workers: 4
[412.520s][debug][gc,phases      ] GC(227)   StringDedup Requests0 Weak     Min:  0.0, Avg:  0.0, Max:  0.0, Diff:  0.0, Sum:  0.0, Workers: 4
[412.520s][debug][gc,phases      ] GC(227)     Dead                           Min: 0, Avg:  0.0, Max: 0, Diff: 0, Sum: 0, Workers: 4
[412.520s][debug][gc,phases      ] GC(227)     Total                          Min: 0, Avg:  0.0, Max: 0, Diff: 0, Sum: 0, Workers: 4
[412.520s][debug][gc,phases      ] GC(227)   StringDedup Requests1 Weak     Min:  0.0, Avg:  0.0, Max:  0.0, Diff:  0.0, Sum:  0.0, Workers: 4
[412.520s][debug][gc,phases      ] GC(227)     Dead                           Min: 0, Avg:  0.0, Max: 0, Diff: 0, Sum: 0, Workers: 4
[412.520s][debug][gc,phases      ] GC(227)     Total                          Min: 0, Avg:  0.0, Max: 0, Diff: 0, Sum: 0, Workers: 4
[412.520s][debug][gc,phases      ] GC(227)   Weak JFR Old Object Samples    Min:  0.0, Avg:  0.0, Max:  0.0, Diff:  0.0, Sum:  0.0, Workers: 4
[412.520s][debug][gc,phases      ] GC(227)     Dead                           Min: 0, Avg:  0.0, Max: 0, Diff: 0, Sum: 0, Workers: 4
[412.520s][debug][gc,phases      ] GC(227)     Total                          Min: 0, Avg:  0.0, Max: 0, Diff: 0, Sum: 0, Workers: 4
[412.520s][debug][gc,phases      ] GC(227) Weak Processing 0.395ms
[412.520s][debug][gc,age         ] GC(227) Desired survivor size 193986560 bytes, new threshold 15 (max threshold 15)
[412.520s][info ][gc,heap        ] GC(227) PSYoungGen: 1800868K(1892864K)->106908K(1907712K) Eden: 1693184K(1693184K)->0K(1713152K) From: 107684K(199680K)->106908K(194560K)
[412.520s][info ][gc,heap        ] GC(227) ParOldGen: 602401K(813056K)->602401K(813056K)
[412.520s][info ][gc,metaspace   ] GC(227) Metaspace: 86603K(87552K)->86603K(87552K) NonClass: 74638K(75136K)->74638K(75136K) Class: 11964K(12416K)->11964K(12416K)
[412.520s][info ][gc             ] GC(227) Pause Young (Allocation Failure) 2346M->692M(2657M) 34.431ms
[412.520s][info ][gc,cpu         ] GC(227) User=0.14s Sys=0.00s Real=0.03s
[412.520s][info ][safepoint      ] Safepoint "ParallelGCFailedAllocation", Time since last: 1605429779 ns, Reaching safepoint: 109306 ns, At safepoint: 34522086 ns, Total: 34631392 ns
[413.520s][info ][safepoint      ] Safepoint "Cleanup", Time since last: 1000072246 ns, Reaching safepoint: 31001 ns, At safepoint: 2100 ns, Total: 33101 ns
[417.236s][info ][gc,start       ] GC(228) Pause Young (Allocation Failure)
[417.267s][debug][gc,phases      ] GC(228) Scavenge 31.102ms
[417.267s][debug][gc,ref         ] GC(228) Skipped phase 1 of Reference Processing: no references
[417.267s][debug][gc,ref         ] GC(228) Skipped phase 2 of Reference Processing: no references
[417.267s][debug][gc,ref         ] GC(228) Skipped phase 3 of Reference Processing: no references
[417.267s][debug][gc,ref         ] GC(228) ReferenceProcessor::execute queues: 1, RefProcThreadModel::Single, marks_oops_alive: false
[417.267s][debug][gc,phases      ] GC(228) Reference Processing 0.107ms
[417.267s][debug][gc,phases      ] GC(228)   VM Weak                        Min:  0.0, Avg:  0.0, Max:  0.0, Diff:  0.0, Sum:  0.0, Workers: 4
[417.267s][debug][gc,phases      ] GC(228)     Dead                           Min: 0, Avg:  0.0, Max: 0, Diff: 0, Sum: 0, Workers: 4
[417.267s][debug][gc,phases      ] GC(228)     Total                          Min: 0, Avg: 186.2, Max: 681, Diff: 681, Sum: 745, Workers: 4
[417.267s][debug][gc,phases      ] GC(228)   ObjectSynchronizer Weak        Min:  0.0, Avg:  0.0, Max:  0.0, Diff:  0.0, Sum:  0.0, Workers: 4
[417.267s][debug][gc,phases      ] GC(228)     Dead                           Min: 0, Avg:  0.0, Max: 0, Diff: 0, Sum: 0, Workers: 4
[417.267s][debug][gc,phases      ] GC(228)     Total                          Min: 0, Avg: 139.8, Max: 320, Diff: 320, Sum: 559, Workers: 4
[417.267s][debug][gc,phases      ] GC(228)   JVMTI Tag Weak OopStorage      Min:  0.0, Avg:  0.0, Max:  0.0, Diff:  0.0, Sum:  0.0, Workers: 4
[417.267s][debug][gc,phases      ] GC(228)     Dead                           Min: 0, Avg:  0.0, Max: 0, Diff: 0, Sum: 0, Workers: 4
[417.267s][debug][gc,phases      ] GC(228)     Total                          Min: 0, Avg:  0.0, Max: 0, Diff: 0, Sum: 0, Workers: 4
[417.267s][debug][gc,phases      ] GC(228)   StringTable Weak               Min:  0.1, Avg:  0.1, Max:  0.1, Diff:  0.0, Sum:  0.5, Workers: 4
[417.267s][debug][gc,phases      ] GC(228)     Dead                           Min: 0, Avg:  0.0, Max: 0, Diff: 0, Sum: 0, Workers: 4
[417.267s][debug][gc,phases      ] GC(228)     Total                          Min: 10048, Avg: 12203.5, Max: 13888, Diff: 3840, Sum: 48814, Workers: 4
[417.267s][debug][gc,phases      ] GC(228)   ResolvedMethodTable Weak       Min:  0.0, Avg:  0.0, Max:  0.0, Diff:  0.0, Sum:  0.1, Workers: 4
[417.267s][debug][gc,phases      ] GC(228)     Dead                           Min: 0, Avg:  0.0, Max: 0, Diff: 0, Sum: 0, Workers: 4
[417.267s][debug][gc,phases      ] GC(228)     Total                          Min: 2048, Avg: 2232.0, Max: 2368, Diff: 320, Sum: 8928, Workers: 4
[417.267s][debug][gc,phases      ] GC(228)   JNI Weak                       Min:  0.0, Avg:  0.0, Max:  0.0, Diff:  0.0, Sum:  0.0, Workers: 4
[417.267s][debug][gc,phases      ] GC(228)     Dead                           Min: 0, Avg:  0.0, Max: 0, Diff: 0, Sum: 0, Workers: 4
[417.267s][debug][gc,phases      ] GC(228)     Total                          Min: 0, Avg:  0.0, Max: 0, Diff: 0, Sum: 0, Workers: 4
[417.267s][debug][gc,phases      ] GC(228)   StringDedup Table Weak         Min:  0.0, Avg:  0.0, Max:  0.0, Diff:  0.0, Sum:  0.0, Workers: 4
[417.267s][debug][gc,phases      ] GC(228)     Dead                           Min: 0, Avg:  0.0, Max: 0, Diff: 0, Sum: 0, Workers: 4
[417.267s][debug][gc,phases      ] GC(228)     Total                          Min: 0, Avg:  0.0, Max: 0, Diff: 0, Sum: 0, Workers: 4
[417.267s][debug][gc,phases      ] GC(228)   StringDedup Requests0 Weak     Min:  0.0, Avg:  0.0, Max:  0.0, Diff:  0.0, Sum:  0.0, Workers: 4
[417.267s][debug][gc,phases      ] GC(228)     Dead                           Min: 0, Avg:  0.0, Max: 0, Diff: 0, Sum: 0, Workers: 4
[417.267s][debug][gc,phases      ] GC(228)     Total                          Min: 0, Avg:  0.0, Max: 0, Diff: 0, Sum: 0, Workers: 4
[417.267s][debug][gc,phases      ] GC(228)   StringDedup Requests1 Weak     Min:  0.0, Avg:  0.0, Max:  0.0, Diff:  0.0, Sum:  0.0, Workers: 4
[417.267s][debug][gc,phases      ] GC(228)     Dead                           Min: 0, Avg:  0.0, Max: 0, Diff: 0, Sum: 0, Workers: 4
[417.267s][debug][gc,phases      ] GC(228)     Total                          Min: 0, Avg:  0.0, Max: 0, Diff: 0, Sum: 0, Workers: 4
[417.267s][debug][gc,phases      ] GC(228)   Weak JFR Old Object Samples    Min:  0.0, Avg:  0.0, Max:  0.0, Diff:  0.0, Sum:  0.0, Workers: 4
[417.267s][debug][gc,phases      ] GC(228)     Dead                           Min: 0, Avg:  0.0, Max: 0, Diff: 0, Sum: 0, Workers: 4
[417.268s][debug][gc,phases      ] GC(228)     Total                          Min: 0, Avg:  0.0, Max: 0, Diff: 0, Sum: 0, Workers: 4
[417.268s][debug][gc,phases      ] GC(228) Weak Processing 0.363ms
[417.268s][debug][gc,age         ] GC(228) Desired survivor size 189267968 bytes, new threshold 15 (max threshold 15)
[417.268s][info ][gc,heap        ] GC(228) PSYoungGen: 1820060K(1907712K)->107227K(1902592K) Eden: 1713152K(1713152K)->0K(1713152K) From: 106908K(194560K)->107227K(189440K)
[417.268s][info ][gc,heap        ] GC(228) ParOldGen: 602401K(813056K)->602401K(813056K)
[417.268s][info ][gc,metaspace   ] GC(228) Metaspace: 86604K(87552K)->86604K(87552K) NonClass: 74639K(75136K)->74639K(75136K) Class: 11964K(12416K)->11964K(12416K)
[417.268s][info ][gc             ] GC(228) Pause Young (Allocation Failure) 2365M->692M(2652M) 31.712ms
[417.268s][info ][gc,cpu         ] GC(228) User=0.13s Sys=0.00s Real=0.03s
[417.268s][info ][safepoint      ] Safepoint "ParallelGCFailedAllocation", Time since last: 3715572995 ns, Reaching safepoint: 106707 ns, At safepoint: 31801929 ns, Total: 31908636 ns
[418.268s][info ][safepoint      ] Safepoint "Cleanup", Time since last: 1000082745 ns, Reaching safepoint: 54003 ns, At safepoint: 8800 ns, Total: 62803 ns
[419.268s][info ][safepoint      ] Safepoint "Cleanup", Time since last: 1000099145 ns, Reaching safepoint: 49703 ns, At safepoint: 2500 ns, Total: 52203 ns
[420.268s][info ][safepoint      ] Safepoint "Cleanup", Time since last: 1000102345 ns, Reaching safepoint: 51403 ns, At safepoint: 11301 ns, Total: 62704 ns
[422.048s][info ][gc,start       ] GC(229) Pause Young (Allocation Failure)
[422.082s][debug][gc,phases      ] GC(229) Scavenge 34.147ms
[422.082s][debug][gc,ref         ] GC(229) Skipped phase 1 of Reference Processing: no references
[422.082s][debug][gc,ref         ] GC(229) Skipped phase 2 of Reference Processing: no references
[422.082s][debug][gc,ref         ] GC(229) Skipped phase 3 of Reference Processing: no references
[422.082s][debug][gc,ref         ] GC(229) ReferenceProcessor::execute queues: 1, RefProcThreadModel::Single, marks_oops_alive: false
[422.082s][debug][gc,phases      ] GC(229) Reference Processing 0.163ms
[422.083s][debug][gc,phases      ] GC(229)   VM Weak                        Min:  0.0, Avg:  0.0, Max:  0.0, Diff:  0.0, Sum:  0.0, Workers: 4
[422.083s][debug][gc,phases      ] GC(229)     Dead                           Min: 0, Avg:  0.0, Max: 0, Diff: 0, Sum: 0, Workers: 4
[422.083s][debug][gc,phases      ] GC(229)     Total                          Min: 0, Avg: 186.2, Max: 448, Diff: 448, Sum: 745, Workers: 4
[422.083s][debug][gc,phases      ] GC(229)   ObjectSynchronizer Weak        Min:  0.0, Avg:  0.0, Max:  0.0, Diff:  0.0, Sum:  0.0, Workers: 4
[422.083s][debug][gc,phases      ] GC(229)     Dead                           Min: 0, Avg:  0.0, Max: 0, Diff: 0, Sum: 0, Workers: 4
[422.083s][debug][gc,phases      ] GC(229)     Total                          Min: 0, Avg: 139.8, Max: 192, Diff: 192, Sum: 559, Workers: 4
[422.083s][debug][gc,phases      ] GC(229)   JVMTI Tag Weak OopStorage      Min:  0.0, Avg:  0.0, Max:  0.0, Diff:  0.0, Sum:  0.0, Workers: 4
[422.083s][debug][gc,phases      ] GC(229)     Dead                           Min: 0, Avg:  0.0, Max: 0, Diff: 0, Sum: 0, Workers: 4
[422.083s][debug][gc,phases      ] GC(229)     Total                          Min: 0, Avg:  0.0, Max: 0, Diff: 0, Sum: 0, Workers: 4
[422.083s][debug][gc,phases      ] GC(229)   StringTable Weak               Min:  0.1, Avg:  0.1, Max:  0.1, Diff:  0.0, Sum:  0.5, Workers: 4
[422.083s][debug][gc,phases      ] GC(229)     Dead                           Min: 0, Avg:  0.0, Max: 0, Diff: 0, Sum: 0, Workers: 4
[422.083s][debug][gc,phases      ] GC(229)     Total                          Min: 11136, Avg: 12203.5, Max: 13376, Diff: 2240, Sum: 48814, Workers: 4
[422.083s][debug][gc,phases      ] GC(229)   ResolvedMethodTable Weak       Min:  0.0, Avg:  0.0, Max:  0.0, Diff:  0.0, Sum:  0.1, Workers: 4
[422.083s][debug][gc,phases      ] GC(229)     Dead                           Min: 0, Avg:  0.0, Max: 0, Diff: 0, Sum: 0, Workers: 4
[422.083s][debug][gc,phases      ] GC(229)     Total                          Min: 1984, Avg: 2232.0, Max: 2432, Diff: 448, Sum: 8928, Workers: 4
[422.083s][debug][gc,phases      ] GC(229)   JNI Weak                       Min:  0.0, Avg:  0.0, Max:  0.0, Diff:  0.0, Sum:  0.0, Workers: 4
[422.083s][debug][gc,phases      ] GC(229)     Dead                           Min: 0, Avg:  0.0, Max: 0, Diff: 0, Sum: 0, Workers: 4
[422.083s][debug][gc,phases      ] GC(229)     Total                          Min: 0, Avg:  0.0, Max: 0, Diff: 0, Sum: 0, Workers: 4
[422.083s][debug][gc,phases      ] GC(229)   StringDedup Table Weak         Min:  0.0, Avg:  0.0, Max:  0.0, Diff:  0.0, Sum:  0.0, Workers: 4
[422.083s][debug][gc,phases      ] GC(229)     Dead                           Min: 0, Avg:  0.0, Max: 0, Diff: 0, Sum: 0, Workers: 4
[422.083s][debug][gc,phases      ] GC(229)     Total                          Min: 0, Avg:  0.0, Max: 0, Diff: 0, Sum: 0, Workers: 4
[422.083s][debug][gc,phases      ] GC(229)   StringDedup Requests0 Weak     Min:  0.0, Avg:  0.0, Max:  0.0, Diff:  0.0, Sum:  0.0, Workers: 4
[422.083s][debug][gc,phases      ] GC(229)     Dead                           Min: 0, Avg:  0.0, Max: 0, Diff: 0, Sum: 0, Workers: 4
[422.083s][debug][gc,phases      ] GC(229)     Total                          Min: 0, Avg:  0.0, Max: 0, Diff: 0, Sum: 0, Workers: 4
[422.083s][debug][gc,phases      ] GC(229)   StringDedup Requests1 Weak     Min:  0.0, Avg:  0.0, Max:  0.0, Diff:  0.0, Sum:  0.0, Workers: 4
[422.083s][debug][gc,phases      ] GC(229)     Dead                           Min: 0, Avg:  0.0, Max: 0, Diff: 0, Sum: 0, Workers: 4
[422.083s][debug][gc,phases      ] GC(229)     Total                          Min: 0, Avg:  0.0, Max: 0, Diff: 0, Sum: 0, Workers: 4
[422.083s][debug][gc,phases      ] GC(229)   Weak JFR Old Object Samples    Min:  0.0, Avg:  0.0, Max:  0.0, Diff:  0.0, Sum:  0.0, Workers: 4
[422.083s][debug][gc,phases      ] GC(229)     Dead                           Min: 0, Avg:  0.0, Max: 0, Diff: 0, Sum: 0, Workers: 4
[422.083s][debug][gc,phases      ] GC(229)     Total                          Min: 0, Avg:  0.0, Max: 0, Diff: 0, Sum: 0, Workers: 4
[422.083s][debug][gc,phases      ] GC(229) Weak Processing 0.346ms
[422.083s][debug][gc,age         ] GC(229) Desired survivor size 184025088 bytes, new threshold 15 (max threshold 15)
[422.083s][info ][gc,heap        ] GC(229) PSYoungGen: 1820379K(1902592K)->108107K(1917440K) Eden: 1713152K(1713152K)->0K(1732608K) From: 107227K(189440K)->108107K(184832K)
[422.083s][info ][gc,heap        ] GC(229) ParOldGen: 602401K(813056K)->602401K(813056K)
[422.083s][info ][gc,metaspace   ] GC(229) Metaspace: 86605K(87552K)->86605K(87552K) NonClass: 74641K(75136K)->74641K(75136K) Class: 11964K(12416K)->11964K(12416K)
[422.083s][info ][gc             ] GC(229) Pause Young (Allocation Failure) 2365M->693M(2666M) 34.794ms
[422.083s][info ][gc,cpu         ] GC(229) User=0.14s Sys=0.00s Real=0.04s
[422.083s][info ][safepoint      ] Safepoint "ParallelGCFailedAllocation", Time since last: 1779727202 ns, Reaching safepoint: 119107 ns, At safepoint: 35079319 ns, Total: 35198426 ns
[423.083s][info ][safepoint      ] Safepoint "Cleanup", Time since last: 1000093243 ns, Reaching safepoint: 123007 ns, At safepoint: 10901 ns, Total: 133908 ns
[425.084s][info ][safepoint      ] Safepoint "Cleanup", Time since last: 2000194486 ns, Reaching safepoint: 124208 ns, At safepoint: 6600 ns, Total: 130808 ns
[426.084s][info ][safepoint      ] Safepoint "Cleanup", Time since last: 1000107743 ns, Reaching safepoint: 133908 ns, At safepoint: 14201 ns, Total: 148109 ns
[426.947s][info ][gc,start       ] GC(230) Pause Young (Allocation Failure)
[426.979s][debug][gc,phases      ] GC(230) Scavenge 32.134ms
[426.980s][debug][gc,ref         ] GC(230) Skipped phase 1 of Reference Processing: no references
[426.980s][debug][gc,ref         ] GC(230) Skipped phase 2 of Reference Processing: no references
[426.980s][debug][gc,ref         ] GC(230) Skipped phase 3 of Reference Processing: no references
[426.980s][debug][gc,ref         ] GC(230) ReferenceProcessor::execute queues: 1, RefProcThreadModel::Single, marks_oops_alive: false
[426.980s][debug][gc,phases      ] GC(230) Reference Processing 0.119ms
[426.980s][debug][gc,phases      ] GC(230)   VM Weak                        Min:  0.0, Avg:  0.0, Max:  0.0, Diff:  0.0, Sum:  0.0, Workers: 4
[426.980s][debug][gc,phases      ] GC(230)     Dead                           Min: 0, Avg:  0.0, Max: 0, Diff: 0, Sum: 0, Workers: 4
[426.980s][debug][gc,phases      ] GC(230)     Total                          Min: 0, Avg: 186.2, Max: 512, Diff: 512, Sum: 745, Workers: 4
[426.980s][debug][gc,phases      ] GC(230)   ObjectSynchronizer Weak        Min:  0.0, Avg:  0.0, Max:  0.0, Diff:  0.0, Sum:  0.0, Workers: 4
[426.980s][debug][gc,phases      ] GC(230)     Dead                           Min: 0, Avg:  0.0, Max: 0, Diff: 0, Sum: 0, Workers: 4
[426.980s][debug][gc,phases      ] GC(230)     Total                          Min: 0, Avg: 139.8, Max: 303, Diff: 303, Sum: 559, Workers: 4
[426.980s][debug][gc,phases      ] GC(230)   JVMTI Tag Weak OopStorage      Min:  0.0, Avg:  0.0, Max:  0.0, Diff:  0.0, Sum:  0.0, Workers: 4
[426.980s][debug][gc,phases      ] GC(230)     Dead                           Min: 0, Avg:  0.0, Max: 0, Diff: 0, Sum: 0, Workers: 4
[426.980s][debug][gc,phases      ] GC(230)     Total                          Min: 0, Avg:  0.0, Max: 0, Diff: 0, Sum: 0, Workers: 4
[426.980s][debug][gc,phases      ] GC(230)   StringTable Weak               Min:  0.1, Avg:  0.1, Max:  0.1, Diff:  0.0, Sum:  0.5, Workers: 4
[426.980s][debug][gc,phases      ] GC(230)     Dead                           Min: 0, Avg:  0.0, Max: 0, Diff: 0, Sum: 0, Workers: 4
[426.980s][debug][gc,phases      ] GC(230)     Total                          Min: 10286, Avg: 12203.5, Max: 13824, Diff: 3538, Sum: 48814, Workers: 4
[426.980s][debug][gc,phases      ] GC(230)   ResolvedMethodTable Weak       Min:  0.0, Avg:  0.0, Max:  0.0, Diff:  0.0, Sum:  0.1, Workers: 4
[426.980s][debug][gc,phases      ] GC(230)     Dead                           Min: 0, Avg:  0.0, Max: 0, Diff: 0, Sum: 0, Workers: 4
[426.980s][debug][gc,phases      ] GC(230)     Total                          Min: 2048, Avg: 2232.0, Max: 2304, Diff: 256, Sum: 8928, Workers: 4
[426.980s][debug][gc,phases      ] GC(230)   JNI Weak                       Min:  0.0, Avg:  0.0, Max:  0.0, Diff:  0.0, Sum:  0.0, Workers: 4
[426.980s][debug][gc,phases      ] GC(230)     Dead                           Min: 0, Avg:  0.0, Max: 0, Diff: 0, Sum: 0, Workers: 4
[426.980s][debug][gc,phases      ] GC(230)     Total                          Min: 0, Avg:  0.0, Max: 0, Diff: 0, Sum: 0, Workers: 4
[426.980s][debug][gc,phases      ] GC(230)   StringDedup Table Weak         Min:  0.0, Avg:  0.0, Max:  0.0, Diff:  0.0, Sum:  0.0, Workers: 4
[426.980s][debug][gc,phases      ] GC(230)     Dead                           Min: 0, Avg:  0.0, Max: 0, Diff: 0, Sum: 0, Workers: 4
[426.980s][debug][gc,phases      ] GC(230)     Total                          Min: 0, Avg:  0.0, Max: 0, Diff: 0, Sum: 0, Workers: 4
[426.980s][debug][gc,phases      ] GC(230)   StringDedup Requests0 Weak     Min:  0.0, Avg:  0.0, Max:  0.0, Diff:  0.0, Sum:  0.0, Workers: 4
[426.980s][debug][gc,phases      ] GC(230)     Dead                           Min: 0, Avg:  0.0, Max: 0, Diff: 0, Sum: 0, Workers: 4
[426.980s][debug][gc,phases      ] GC(230)     Total                          Min: 0, Avg:  0.0, Max: 0, Diff: 0, Sum: 0, Workers: 4
[426.980s][debug][gc,phases      ] GC(230)   StringDedup Requests1 Weak     Min:  0.0, Avg:  0.0, Max:  0.0, Diff:  0.0, Sum:  0.0, Workers: 4
[426.980s][debug][gc,phases      ] GC(230)     Dead                           Min: 0, Avg:  0.0, Max: 0, Diff: 0, Sum: 0, Workers: 4
[426.980s][debug][gc,phases      ] GC(230)     Total                          Min: 0, Avg:  0.0, Max: 0, Diff: 0, Sum: 0, Workers: 4
[426.980s][debug][gc,phases      ] GC(230)   Weak JFR Old Object Samples    Min:  0.0, Avg:  0.0, Max:  0.0, Diff:  0.0, Sum:  0.0, Workers: 4
[426.980s][debug][gc,phases      ] GC(230)     Dead                           Min: 0, Avg:  0.0, Max: 0, Diff: 0, Sum: 0, Workers: 4
[426.980s][debug][gc,phases      ] GC(230)     Total                          Min: 0, Avg:  0.0, Max: 0, Diff: 0, Sum: 0, Workers: 4
[426.980s][debug][gc,phases      ] GC(230) Weak Processing 0.352ms
[426.980s][debug][gc,age         ] GC(230) Desired survivor size 179306496 bytes, new threshold 15 (max threshold 15)
[426.980s][info ][gc,heap        ] GC(230) PSYoungGen: 1840715K(1917440K)->108244K(1912320K) Eden: 1732608K(1732608K)->0K(1732608K) From: 108107K(184832K)->108244K(179712K)
[426.980s][info ][gc,heap        ] GC(230) ParOldGen: 602401K(813056K)->602401K(813056K)
[426.980s][info ][gc,metaspace   ] GC(230) Metaspace: 86611K(87552K)->86611K(87552K) NonClass: 74646K(75136K)->74646K(75136K) Class: 11964K(12416K)->11964K(12416K)
[426.980s][info ][gc             ] GC(230) Pause Young (Allocation Failure) 2385M->693M(2661M) 32.749ms
[426.980s][info ][gc,cpu         ] GC(230) User=0.13s Sys=0.00s Real=0.03s
[426.980s][info ][safepoint      ] Safepoint "ParallelGCFailedAllocation", Time since last: 863335374 ns, Reaching safepoint: 117106 ns, At safepoint: 32841790 ns, Total: 32958896 ns
[428.980s][info ][safepoint      ] Safepoint "Cleanup", Time since last: 2000158082 ns, Reaching safepoint: 69504 ns, At safepoint: 11501 ns, Total: 81005 ns
[429.981s][info ][safepoint      ] Safepoint "Cleanup", Time since last: 1000114543 ns, Reaching safepoint: 80004 ns, At safepoint: 11801 ns, Total: 91805 ns
[430.981s][info ][safepoint      ] Safepoint "Cleanup", Time since last: 1000114342 ns, Reaching safepoint: 58704 ns, At safepoint: 10700 ns, Total: 69404 ns
[431.797s][info ][gc,start       ] GC(231) Pause Young (Allocation Failure)
[431.832s][debug][gc,phases      ] GC(231) Scavenge 34.779ms
[431.832s][debug][gc,ref         ] GC(231) Skipped phase 1 of Reference Processing: no references
[431.832s][debug][gc,ref         ] GC(231) Skipped phase 2 of Reference Processing: no references
[431.832s][debug][gc,ref         ] GC(231) Skipped phase 3 of Reference Processing: no references
[431.832s][debug][gc,ref         ] GC(231) ReferenceProcessor::execute queues: 1, RefProcThreadModel::Single, marks_oops_alive: false
[431.832s][debug][gc,phases      ] GC(231) Reference Processing 0.152ms
[431.832s][debug][gc,phases      ] GC(231)   VM Weak                        Min:  0.0, Avg:  0.0, Max:  0.0, Diff:  0.0, Sum:  0.0, Workers: 4
[431.832s][debug][gc,phases      ] GC(231)     Dead                           Min: 0, Avg:  0.0, Max: 0, Diff: 0, Sum: 0, Workers: 4
[431.832s][debug][gc,phases      ] GC(231)     Total                          Min: 0, Avg: 186.2, Max: 745, Diff: 745, Sum: 745, Workers: 4
[431.832s][debug][gc,phases      ] GC(231)   ObjectSynchronizer Weak        Min:  0.0, Avg:  0.0, Max:  0.0, Diff:  0.0, Sum:  0.0, Workers: 4
[431.832s][debug][gc,phases      ] GC(231)     Dead                           Min: 0, Avg:  0.0, Max: 0, Diff: 0, Sum: 0, Workers: 4
[431.832s][debug][gc,phases      ] GC(231)     Total                          Min: 0, Avg: 139.8, Max: 512, Diff: 512, Sum: 559, Workers: 4
[431.832s][debug][gc,phases      ] GC(231)   JVMTI Tag Weak OopStorage      Min:  0.0, Avg:  0.0, Max:  0.0, Diff:  0.0, Sum:  0.0, Workers: 4
[431.832s][debug][gc,phases      ] GC(231)     Dead                           Min: 0, Avg:  0.0, Max: 0, Diff: 0, Sum: 0, Workers: 4
[431.832s][debug][gc,phases      ] GC(231)     Total                          Min: 0, Avg:  0.0, Max: 0, Diff: 0, Sum: 0, Workers: 4
[431.832s][debug][gc,phases      ] GC(231)   StringTable Weak               Min:  0.1, Avg:  0.1, Max:  0.1, Diff:  0.0, Sum:  0.5, Workers: 4
[431.832s][debug][gc,phases      ] GC(231)     Dead                           Min: 0, Avg:  0.0, Max: 0, Diff: 0, Sum: 0, Workers: 4
[431.832s][debug][gc,phases      ] GC(231)     Total                          Min: 11008, Avg: 12203.8, Max: 13039, Diff: 2031, Sum: 48815, Workers: 4
[431.832s][debug][gc,phases      ] GC(231)   ResolvedMethodTable Weak       Min:  0.0, Avg:  0.0, Max:  0.0, Diff:  0.0, Sum:  0.1, Workers: 4
[431.832s][debug][gc,phases      ] GC(231)     Dead                           Min: 0, Avg:  0.0, Max: 0, Diff: 0, Sum: 0, Workers: 4
[431.832s][debug][gc,phases      ] GC(231)     Total                          Min: 2112, Avg: 2232.0, Max: 2432, Diff: 320, Sum: 8928, Workers: 4
[431.832s][debug][gc,phases      ] GC(231)   JNI Weak                       Min:  0.0, Avg:  0.0, Max:  0.0, Diff:  0.0, Sum:  0.0, Workers: 4
[431.832s][debug][gc,phases      ] GC(231)     Dead                           Min: 0, Avg:  0.0, Max: 0, Diff: 0, Sum: 0, Workers: 4
[431.832s][debug][gc,phases      ] GC(231)     Total                          Min: 0, Avg:  0.0, Max: 0, Diff: 0, Sum: 0, Workers: 4
[431.832s][debug][gc,phases      ] GC(231)   StringDedup Table Weak         Min:  0.0, Avg:  0.0, Max:  0.0, Diff:  0.0, Sum:  0.0, Workers: 4
[431.832s][debug][gc,phases      ] GC(231)     Dead                           Min: 0, Avg:  0.0, Max: 0, Diff: 0, Sum: 0, Workers: 4
[431.832s][debug][gc,phases      ] GC(231)     Total                          Min: 0, Avg:  0.0, Max: 0, Diff: 0, Sum: 0, Workers: 4
[431.832s][debug][gc,phases      ] GC(231)   StringDedup Requests0 Weak     Min:  0.0, Avg:  0.0, Max:  0.0, Diff:  0.0, Sum:  0.0, Workers: 4
[431.832s][debug][gc,phases      ] GC(231)     Dead                           Min: 0, Avg:  0.0, Max: 0, Diff: 0, Sum: 0, Workers: 4
[431.832s][debug][gc,phases      ] GC(231)     Total                          Min: 0, Avg:  0.0, Max: 0, Diff: 0, Sum: 0, Workers: 4
[431.832s][debug][gc,phases      ] GC(231)   StringDedup Requests1 Weak     Min:  0.0, Avg:  0.0, Max:  0.0, Diff:  0.0, Sum:  0.0, Workers: 4
[431.832s][debug][gc,phases      ] GC(231)     Dead                           Min: 0, Avg:  0.0, Max: 0, Diff: 0, Sum: 0, Workers: 4
[431.832s][debug][gc,phases      ] GC(231)     Total                          Min: 0, Avg:  0.0, Max: 0, Diff: 0, Sum: 0, Workers: 4
[431.832s][debug][gc,phases      ] GC(231)   Weak JFR Old Object Samples    Min:  0.0, Avg:  0.0, Max:  0.0, Diff:  0.0, Sum:  0.0, Workers: 4
[431.832s][debug][gc,phases      ] GC(231)     Dead                           Min: 0, Avg:  0.0, Max: 0, Diff: 0, Sum: 0, Workers: 4
[431.832s][debug][gc,phases      ] GC(231)     Total                          Min: 0, Avg:  0.0, Max: 0, Diff: 0, Sum: 0, Workers: 4
[431.832s][debug][gc,phases      ] GC(231) Weak Processing 0.420ms
[431.832s][debug][gc,age         ] GC(231) Desired survivor size 174587904 bytes, new threshold 15 (max threshold 15)
[431.832s][info ][gc,heap        ] GC(231) PSYoungGen: 1840852K(1912320K)->108660K(1926656K) Eden: 1732608K(1732608K)->0K(1751552K) From: 108244K(179712K)->108660K(175104K)
[431.832s][info ][gc,heap        ] GC(231) ParOldGen: 602401K(813056K)->602401K(813056K)
[431.832s][info ][gc,metaspace   ] GC(231) Metaspace: 86611K(87552K)->86611K(87552K) NonClass: 74646K(75136K)->74646K(75136K) Class: 11964K(12416K)->11964K(12416K)
[431.832s][info ][gc             ] GC(231) Pause Young (Allocation Failure) 2385M->694M(2675M) 35.501ms
[431.832s][info ][gc,cpu         ] GC(231) User=0.14s Sys=0.00s Real=0.03s
[431.832s][info ][safepoint      ] Safepoint "ParallelGCFailedAllocation", Time since last: 815938546 ns, Reaching safepoint: 107206 ns, At safepoint: 35601448 ns, Total: 35708654 ns
[432.833s][info ][safepoint      ] Safepoint "Cleanup", Time since last: 1000099941 ns, Reaching safepoint: 124107 ns, At safepoint: 8501 ns, Total: 132608 ns
[434.833s][info ][safepoint      ] Safepoint "Cleanup", Time since last: 2000179380 ns, Reaching safepoint: 135708 ns, At safepoint: 11000 ns, Total: 146708 ns
[436.742s][info ][gc,start       ] GC(232) Pause Young (Allocation Failure)
[436.778s][debug][gc,phases      ] GC(232) Scavenge 36.102ms
[436.778s][debug][gc,ref         ] GC(232) Skipped phase 1 of Reference Processing: no references
[436.778s][debug][gc,ref         ] GC(232) Skipped phase 2 of Reference Processing: no references
[436.778s][debug][gc,ref         ] GC(232) Skipped phase 3 of Reference Processing: no references
[436.778s][debug][gc,ref         ] GC(232) Skipped phase 4 of Reference Processing: no references
[436.778s][debug][gc,phases      ] GC(232) Reference Processing 0.027ms
[436.778s][debug][gc,phases      ] GC(232)   VM Weak                        Min:  0.0, Avg:  0.0, Max:  0.0, Diff:  0.0, Sum:  0.0, Workers: 4
[436.778s][debug][gc,phases      ] GC(232)     Dead                           Min: 0, Avg:  0.0, Max: 0, Diff: 0, Sum: 0, Workers: 4
[436.778s][debug][gc,phases      ] GC(232)     Total                          Min: 0, Avg: 186.2, Max: 448, Diff: 448, Sum: 745, Workers: 4
[436.778s][debug][gc,phases      ] GC(232)   ObjectSynchronizer Weak        Min:  0.0, Avg:  0.0, Max:  0.0, Diff:  0.0, Sum:  0.0, Workers: 4
[436.778s][debug][gc,phases      ] GC(232)     Dead                           Min: 0, Avg:  0.0, Max: 0, Diff: 0, Sum: 0, Workers: 4
[436.778s][debug][gc,phases      ] GC(232)     Total                          Min: 0, Avg: 139.8, Max: 303, Diff: 303, Sum: 559, Workers: 4
[436.778s][debug][gc,phases      ] GC(232)   JVMTI Tag Weak OopStorage      Min:  0.0, Avg:  0.0, Max:  0.0, Diff:  0.0, Sum:  0.0, Workers: 4
[436.778s][debug][gc,phases      ] GC(232)     Dead                           Min: 0, Avg:  0.0, Max: 0, Diff: 0, Sum: 0, Workers: 4
[436.778s][debug][gc,phases      ] GC(232)     Total                          Min: 0, Avg:  0.0, Max: 0, Diff: 0, Sum: 0, Workers: 4
[436.778s][debug][gc,phases      ] GC(232)   StringTable Weak               Min:  0.1, Avg:  0.1, Max:  0.1, Diff:  0.0, Sum:  0.5, Workers: 4
[436.778s][debug][gc,phases      ] GC(232)     Dead                           Min: 0, Avg:  0.0, Max: 0, Diff: 0, Sum: 0, Workers: 4
[436.778s][debug][gc,phases      ] GC(232)     Total                          Min: 11584, Avg: 12203.8, Max: 13039, Diff: 1455, Sum: 48815, Workers: 4
[436.778s][debug][gc,phases      ] GC(232)   ResolvedMethodTable Weak       Min:  0.0, Avg:  0.0, Max:  0.0, Diff:  0.0, Sum:  0.1, Workers: 4
[436.778s][debug][gc,phases      ] GC(232)     Dead                           Min: 0, Avg:  0.0, Max: 0, Diff: 0, Sum: 0, Workers: 4
[436.778s][debug][gc,phases      ] GC(232)     Total                          Min: 2176, Avg: 2232.0, Max: 2304, Diff: 128, Sum: 8928, Workers: 4
[436.778s][debug][gc,phases      ] GC(232)   JNI Weak                       Min:  0.0, Avg:  0.0, Max:  0.0, Diff:  0.0, Sum:  0.0, Workers: 4
[436.778s][debug][gc,phases      ] GC(232)     Dead                           Min: 0, Avg:  0.0, Max: 0, Diff: 0, Sum: 0, Workers: 4
[436.778s][debug][gc,phases      ] GC(232)     Total                          Min: 0, Avg:  0.0, Max: 0, Diff: 0, Sum: 0, Workers: 4
[436.778s][debug][gc,phases      ] GC(232)   StringDedup Table Weak         Min:  0.0, Avg:  0.0, Max:  0.0, Diff:  0.0, Sum:  0.0, Workers: 4
[436.778s][debug][gc,phases      ] GC(232)     Dead                           Min: 0, Avg:  0.0, Max: 0, Diff: 0, Sum: 0, Workers: 4
[436.778s][debug][gc,phases      ] GC(232)     Total                          Min: 0, Avg:  0.0, Max: 0, Diff: 0, Sum: 0, Workers: 4
[436.778s][debug][gc,phases      ] GC(232)   StringDedup Requests0 Weak     Min:  0.0, Avg:  0.0, Max:  0.0, Diff:  0.0, Sum:  0.0, Workers: 4
[436.778s][debug][gc,phases      ] GC(232)     Dead                           Min: 0, Avg:  0.0, Max: 0, Diff: 0, Sum: 0, Workers: 4
[436.778s][debug][gc,phases      ] GC(232)     Total                          Min: 0, Avg:  0.0, Max: 0, Diff: 0, Sum: 0, Workers: 4
[436.778s][debug][gc,phases      ] GC(232)   StringDedup Requests1 Weak     Min:  0.0, Avg:  0.0, Max:  0.0, Diff:  0.0, Sum:  0.0, Workers: 4
[436.778s][debug][gc,phases      ] GC(232)     Dead                           Min: 0, Avg:  0.0, Max: 0, Diff: 0, Sum: 0, Workers: 4
[436.778s][debug][gc,phases      ] GC(232)     Total                          Min: 0, Avg:  0.0, Max: 0, Diff: 0, Sum: 0, Workers: 4
[436.778s][debug][gc,phases      ] GC(232)   Weak JFR Old Object Samples    Min:  0.0, Avg:  0.0, Max:  0.0, Diff:  0.0, Sum:  0.0, Workers: 4
[436.778s][debug][gc,phases      ] GC(232)     Dead                           Min: 0, Avg:  0.0, Max: 0, Diff: 0, Sum: 0, Workers: 4
[436.778s][debug][gc,phases      ] GC(232)     Total                          Min: 0, Avg:  0.0, Max: 0, Diff: 0, Sum: 0, Workers: 4
[436.778s][debug][gc,phases      ] GC(232) Weak Processing 0.382ms
[436.778s][debug][gc,age         ] GC(232) Desired survivor size 186646528 bytes, new threshold 15 (max threshold 15)
[436.778s][info ][gc,heap        ] GC(232) PSYoungGen: 1860212K(1926656K)->15680K(1767424K) Eden: 1751552K(1751552K)->0K(1751552K) From: 108660K(175104K)->15680K(15872K)
[436.778s][info ][gc,heap        ] GC(232) ParOldGen: 602401K(813056K)->700367K(813056K)
[436.779s][info ][gc,metaspace   ] GC(232) Metaspace: 86614K(87552K)->86614K(87552K) NonClass: 74649K(75136K)->74649K(75136K) Class: 11964K(12416K)->11964K(12416K)
[436.779s][info ][gc             ] GC(232) Pause Young (Allocation Failure) 2404M->699M(2520M) 36.646ms
[436.779s][info ][gc,cpu         ] GC(232) User=0.15s Sys=0.00s Real=0.04s
[436.779s][info ][safepoint      ] Safepoint "ParallelGCFailedAllocation", Time since last: 1908777020 ns, Reaching safepoint: 126208 ns, At safepoint: 36743414 ns, Total: 36869622 ns
[437.779s][info ][safepoint      ] Safepoint "Cleanup", Time since last: 1000089139 ns, Reaching safepoint: 60703 ns, At safepoint: 8601 ns, Total: 69304 ns
[440.779s][info ][safepoint      ] Safepoint "Cleanup", Time since last: 3000244114 ns, Reaching safepoint: 56203 ns, At safepoint: 4400 ns, Total: 60603 ns
[441.757s][info ][gc,start       ] GC(233) Pause Young (Allocation Failure)
[441.765s][debug][gc,phases      ] GC(233) Scavenge 7.671ms
[441.765s][debug][gc,ref         ] GC(233) Skipped phase 1 of Reference Processing: no references
[441.765s][debug][gc,ref         ] GC(233) Skipped phase 2 of Reference Processing: no references
[441.765s][debug][gc,ref         ] GC(233) Skipped phase 3 of Reference Processing: no references
[441.765s][debug][gc,ref         ] GC(233) Skipped phase 4 of Reference Processing: no references
[441.765s][debug][gc,phases      ] GC(233) Reference Processing 0.024ms
[441.765s][debug][gc,phases      ] GC(233)   VM Weak                        Min:  0.0, Avg:  0.0, Max:  0.0, Diff:  0.0, Sum:  0.0, Workers: 4
[441.765s][debug][gc,phases      ] GC(233)     Dead                           Min: 0, Avg:  0.0, Max: 0, Diff: 0, Sum: 0, Workers: 4
[441.765s][debug][gc,phases      ] GC(233)     Total                          Min: 0, Avg: 186.2, Max: 681, Diff: 681, Sum: 745, Workers: 4
[441.765s][debug][gc,phases      ] GC(233)   ObjectSynchronizer Weak        Min:  0.0, Avg:  0.0, Max:  0.0, Diff:  0.0, Sum:  0.0, Workers: 4
[441.765s][debug][gc,phases      ] GC(233)     Dead                           Min: 0, Avg:  0.0, Max: 0, Diff: 0, Sum: 0, Workers: 4
[441.765s][debug][gc,phases      ] GC(233)     Total                          Min: 0, Avg: 139.8, Max: 192, Diff: 192, Sum: 559, Workers: 4
[441.765s][debug][gc,phases      ] GC(233)   JVMTI Tag Weak OopStorage      Min:  0.0, Avg:  0.0, Max:  0.0, Diff:  0.0, Sum:  0.0, Workers: 4
[441.765s][debug][gc,phases      ] GC(233)     Dead                           Min: 0, Avg:  0.0, Max: 0, Diff: 0, Sum: 0, Workers: 4
[441.765s][debug][gc,phases      ] GC(233)     Total                          Min: 0, Avg:  0.0, Max: 0, Diff: 0, Sum: 0, Workers: 4
[441.765s][debug][gc,phases      ] GC(233)   StringTable Weak               Min:  0.1, Avg:  0.1, Max:  0.1, Diff:  0.0, Sum:  0.5, Workers: 4
[441.765s][debug][gc,phases      ] GC(233)     Dead                           Min: 0, Avg:  0.0, Max: 0, Diff: 0, Sum: 0, Workers: 4
[441.765s][debug][gc,phases      ] GC(233)     Total                          Min: 11328, Avg: 12204.2, Max: 12721, Diff: 1393, Sum: 48817, Workers: 4
[441.765s][debug][gc,phases      ] GC(233)   ResolvedMethodTable Weak       Min:  0.0, Avg:  0.0, Max:  0.0, Diff:  0.0, Sum:  0.1, Workers: 4
[441.766s][debug][gc,phases      ] GC(233)     Dead                           Min: 0, Avg:  0.0, Max: 0, Diff: 0, Sum: 0, Workers: 4
[441.766s][debug][gc,phases      ] GC(233)     Total                          Min: 1792, Avg: 2232.0, Max: 2432, Diff: 640, Sum: 8928, Workers: 4
[441.766s][debug][gc,phases      ] GC(233)   JNI Weak                       Min:  0.0, Avg:  0.0, Max:  0.0, Diff:  0.0, Sum:  0.0, Workers: 4
[441.766s][debug][gc,phases      ] GC(233)     Dead                           Min: 0, Avg:  0.0, Max: 0, Diff: 0, Sum: 0, Workers: 4
[441.766s][debug][gc,phases      ] GC(233)     Total                          Min: 0, Avg:  0.0, Max: 0, Diff: 0, Sum: 0, Workers: 4
[441.766s][debug][gc,phases      ] GC(233)   StringDedup Table Weak         Min:  0.0, Avg:  0.0, Max:  0.0, Diff:  0.0, Sum:  0.0, Workers: 4
[441.766s][debug][gc,phases      ] GC(233)     Dead                           Min: 0, Avg:  0.0, Max: 0, Diff: 0, Sum: 0, Workers: 4
[441.766s][debug][gc,phases      ] GC(233)     Total                          Min: 0, Avg:  0.0, Max: 0, Diff: 0, Sum: 0, Workers: 4
[441.766s][debug][gc,phases      ] GC(233)   StringDedup Requests0 Weak     Min:  0.0, Avg:  0.0, Max:  0.0, Diff:  0.0, Sum:  0.0, Workers: 4
[441.766s][debug][gc,phases      ] GC(233)     Dead                           Min: 0, Avg:  0.0, Max: 0, Diff: 0, Sum: 0, Workers: 4
[441.766s][debug][gc,phases      ] GC(233)     Total                          Min: 0, Avg:  0.0, Max: 0, Diff: 0, Sum: 0, Workers: 4
[441.766s][debug][gc,phases      ] GC(233)   StringDedup Requests1 Weak     Min:  0.0, Avg:  0.0, Max:  0.0, Diff:  0.0, Sum:  0.0, Workers: 4
[441.766s][debug][gc,phases      ] GC(233)     Dead                           Min: 0, Avg:  0.0, Max: 0, Diff: 0, Sum: 0, Workers: 4
[441.766s][debug][gc,phases      ] GC(233)     Total                          Min: 0, Avg:  0.0, Max: 0, Diff: 0, Sum: 0, Workers: 4
[441.766s][debug][gc,phases      ] GC(233)   Weak JFR Old Object Samples    Min:  0.0, Avg:  0.0, Max:  0.0, Diff:  0.0, Sum:  0.0, Workers: 4
[441.766s][debug][gc,phases      ] GC(233)     Dead                           Min: 0, Avg:  0.0, Max: 0, Diff: 0, Sum: 0, Workers: 4
[441.766s][debug][gc,phases      ] GC(233)     Total                          Min: 0, Avg:  0.0, Max: 0, Diff: 0, Sum: 0, Workers: 4
[441.766s][debug][gc,phases      ] GC(233) Weak Processing 0.345ms
[441.766s][debug][gc,age         ] GC(233) Desired survivor size 196608000 bytes, new threshold 15 (max threshold 15)
[441.766s][info ][gc,heap        ] GC(233) PSYoungGen: 1767232K(1767424K)->4816K(1895424K) Eden: 1751552K(1751552K)->0K(1713152K) From: 15680K(15872K)->4816K(182272K)
[441.766s][info ][gc,heap        ] GC(233) ParOldGen: 700367K(813056K)->710843K(813056K)
[441.766s][info ][gc,metaspace   ] GC(233) Metaspace: 86628K(87552K)->86628K(87552K) NonClass: 74664K(75136K)->74664K(75136K) Class: 11964K(12416K)->11964K(12416K)
[441.766s][info ][gc             ] GC(233) Pause Young (Allocation Failure) 2409M->698M(2645M) 8.167ms
[441.766s][info ][gc,cpu         ] GC(233) User=0.03s Sys=0.00s Real=0.01s
[441.766s][info ][safepoint      ] Safepoint "ParallelGCFailedAllocation", Time since last: 978324786 ns, Reaching safepoint: 54203 ns, At safepoint: 8252175 ns, Total: 8306378 ns
[444.766s][info ][safepoint      ] Safepoint "Cleanup", Time since last: 3000209608 ns, Reaching safepoint: 50903 ns, At safepoint: 3201 ns, Total: 54104 ns
[446.160s][info ][safepoint      ] Safepoint "Cleanup", Time since last: 1394415523 ns, Reaching safepoint: 140708 ns, At safepoint: 10900 ns, Total: 151608 ns
[446.638s][info ][safepoint      ] Safepoint "ParallelGCFailedAllocation", Time since last: 477725184 ns, Reaching safepoint: 46903 ns, At safepoint: 9901 ns, Total: 56804 ns
[446.638s][info ][gc,start       ] GC(234) Pause Young (GCLocker Initiated GC)
[446.643s][debug][gc,phases      ] GC(234) Scavenge 4.442ms
[446.643s][debug][gc,ref         ] GC(234) Skipped phase 1 of Reference Processing: no references
[446.643s][debug][gc,ref         ] GC(234) Skipped phase 2 of Reference Processing: no references
[446.643s][debug][gc,ref         ] GC(234) Skipped phase 3 of Reference Processing: no references
[446.643s][debug][gc,ref         ] GC(234) ReferenceProcessor::execute queues: 1, RefProcThreadModel::Single, marks_oops_alive: false
[446.643s][debug][gc,phases      ] GC(234) Reference Processing 0.111ms
[446.643s][debug][gc,phases      ] GC(234)   VM Weak                        Min:  0.0, Avg:  0.0, Max:  0.0, Diff:  0.0, Sum:  0.0, Workers: 4
[446.643s][debug][gc,phases      ] GC(234)     Dead                           Min: 0, Avg:  0.0, Max: 0, Diff: 0, Sum: 0, Workers: 4
[446.643s][debug][gc,phases      ] GC(234)     Total                          Min: 0, Avg: 186.2, Max: 745, Diff: 745, Sum: 745, Workers: 4
[446.643s][debug][gc,phases      ] GC(234)   ObjectSynchronizer Weak        Min:  0.0, Avg:  0.0, Max:  0.0, Diff:  0.0, Sum:  0.0, Workers: 4
[446.643s][debug][gc,phases      ] GC(234)     Dead                           Min: 0, Avg:  0.0, Max: 0, Diff: 0, Sum: 0, Workers: 4
[446.643s][debug][gc,phases      ] GC(234)     Total                          Min: 0, Avg: 139.8, Max: 303, Diff: 303, Sum: 559, Workers: 4
[446.643s][debug][gc,phases      ] GC(234)   JVMTI Tag Weak OopStorage      Min:  0.0, Avg:  0.0, Max:  0.0, Diff:  0.0, Sum:  0.0, Workers: 4
[446.643s][debug][gc,phases      ] GC(234)     Dead                           Min: 0, Avg:  0.0, Max: 0, Diff: 0, Sum: 0, Workers: 4
[446.643s][debug][gc,phases      ] GC(234)     Total                          Min: 0, Avg:  0.0, Max: 0, Diff: 0, Sum: 0, Workers: 4
[446.643s][debug][gc,phases      ] GC(234)   StringTable Weak               Min:  0.1, Avg:  0.1, Max:  0.1, Diff:  0.0, Sum:  0.4, Workers: 4
[446.643s][debug][gc,phases      ] GC(234)     Dead                           Min: 0, Avg:  0.0, Max: 0, Diff: 0, Sum: 0, Workers: 4
[446.643s][debug][gc,phases      ] GC(234)     Total                          Min: 11200, Avg: 12204.2, Max: 13120, Diff: 1920, Sum: 48817, Workers: 4
[446.643s][debug][gc,phases      ] GC(234)   ResolvedMethodTable Weak       Min:  0.0, Avg:  0.0, Max:  0.0, Diff:  0.0, Sum:  0.1, Workers: 4
[446.643s][debug][gc,phases      ] GC(234)     Dead                           Min: 0, Avg:  0.0, Max: 0, Diff: 0, Sum: 0, Workers: 4
[446.643s][debug][gc,phases      ] GC(234)     Total                          Min: 2048, Avg: 2232.0, Max: 2368, Diff: 320, Sum: 8928, Workers: 4
[446.643s][debug][gc,phases      ] GC(234)   JNI Weak                       Min:  0.0, Avg:  0.0, Max:  0.0, Diff:  0.0, Sum:  0.0, Workers: 4
[446.643s][debug][gc,phases      ] GC(234)     Dead                           Min: 0, Avg:  0.0, Max: 0, Diff: 0, Sum: 0, Workers: 4
[446.643s][debug][gc,phases      ] GC(234)     Total                          Min: 0, Avg:  0.0, Max: 0, Diff: 0, Sum: 0, Workers: 4
[446.643s][debug][gc,phases      ] GC(234)   StringDedup Table Weak         Min:  0.0, Avg:  0.0, Max:  0.0, Diff:  0.0, Sum:  0.0, Workers: 4
[446.643s][debug][gc,phases      ] GC(234)     Dead                           Min: 0, Avg:  0.0, Max: 0, Diff: 0, Sum: 0, Workers: 4
[446.643s][debug][gc,phases      ] GC(234)     Total                          Min: 0, Avg:  0.0, Max: 0, Diff: 0, Sum: 0, Workers: 4
[446.643s][debug][gc,phases      ] GC(234)   StringDedup Requests0 Weak     Min:  0.0, Avg:  0.0, Max:  0.0, Diff:  0.0, Sum:  0.0, Workers: 4
[446.643s][debug][gc,phases      ] GC(234)     Dead                           Min: 0, Avg:  0.0, Max: 0, Diff: 0, Sum: 0, Workers: 4
[446.643s][debug][gc,phases      ] GC(234)     Total                          Min: 0, Avg:  0.0, Max: 0, Diff: 0, Sum: 0, Workers: 4
[446.643s][debug][gc,phases      ] GC(234)   StringDedup Requests1 Weak     Min:  0.0, Avg:  0.0, Max:  0.0, Diff:  0.0, Sum:  0.0, Workers: 4
[446.643s][debug][gc,phases      ] GC(234)     Dead                           Min: 0, Avg:  0.0, Max: 0, Diff: 0, Sum: 0, Workers: 4
[446.643s][debug][gc,phases      ] GC(234)     Total                          Min: 0, Avg:  0.0, Max: 0, Diff: 0, Sum: 0, Workers: 4
[446.643s][debug][gc,phases      ] GC(234)   Weak JFR Old Object Samples    Min:  0.0, Avg:  0.0, Max:  0.0, Diff:  0.0, Sum:  0.0, Workers: 4
[446.643s][debug][gc,phases      ] GC(234)     Dead                           Min: 0, Avg:  0.0, Max: 0, Diff: 0, Sum: 0, Workers: 4
[446.643s][debug][gc,phases      ] GC(234)     Total                          Min: 0, Avg:  0.0, Max: 0, Diff: 0, Sum: 0, Workers: 4
[446.643s][debug][gc,phases      ] GC(234) Weak Processing 0.324ms
[446.643s][debug][gc,age         ] GC(234) Desired survivor size 201850880 bytes, new threshold 15 (max threshold 15)
[446.643s][info ][gc,heap        ] GC(234) PSYoungGen: 1717968K(1895424K)->6544K(1719808K) Eden: 1713152K(1713152K)->0K(1713152K) From: 4816K(182272K)->6544K(6656K)
[446.643s][info ][gc,heap        ] GC(234) ParOldGen: 710844K(813056K)->711048K(813056K)
[446.643s][info ][gc,metaspace   ] GC(234) Metaspace: 86633K(87552K)->86633K(87552K) NonClass: 74669K(75136K)->74669K(75136K) Class: 11964K(12416K)->11964K(12416K)
[446.643s][info ][gc             ] GC(234) Pause Young (GCLocker Initiated GC) 2371M->700M(2473M) 4.989ms
[446.643s][info ][gc,cpu         ] GC(234) User=0.02s Sys=0.00s Real=0.01s
[446.643s][info ][safepoint      ] Safepoint "ParallelGCSystemGC", Time since last: 79104 ns, Reaching safepoint: 19401 ns, At safepoint: 5058191 ns, Total: 5077592 ns
[447.644s][info ][safepoint      ] Safepoint "Cleanup", Time since last: 1000086136 ns, Reaching safepoint: 116407 ns, At safepoint: 13501 ns, Total: 129908 ns
[448.644s][info ][safepoint      ] Safepoint "Cleanup", Time since last: 1000098536 ns, Reaching safepoint: 121107 ns, At safepoint: 11001 ns, Total: 132108 ns
[451.536s][info ][gc,start       ] GC(235) Pause Young (Allocation Failure)
[451.540s][debug][gc,phases      ] GC(235) Scavenge 3.688ms
[451.540s][debug][gc,ref         ] GC(235) Skipped phase 1 of Reference Processing: no references
[451.540s][debug][gc,ref         ] GC(235) Skipped phase 2 of Reference Processing: no references
[451.540s][debug][gc,ref         ] GC(235) Skipped phase 3 of Reference Processing: no references
[451.540s][debug][gc,ref         ] GC(235) ReferenceProcessor::execute queues: 1, RefProcThreadModel::Single, marks_oops_alive: false
[451.540s][debug][gc,phases      ] GC(235) Reference Processing 0.113ms
[451.540s][debug][gc,phases      ] GC(235)   VM Weak                        Min:  0.0, Avg:  0.0, Max:  0.0, Diff:  0.0, Sum:  0.0, Workers: 4
[451.540s][debug][gc,phases      ] GC(235)     Dead                           Min: 0, Avg:  0.0, Max: 0, Diff: 0, Sum: 0, Workers: 4
[451.540s][debug][gc,phases      ] GC(235)     Total                          Min: 0, Avg: 186.2, Max: 576, Diff: 576, Sum: 745, Workers: 4
[451.540s][debug][gc,phases      ] GC(235)   ObjectSynchronizer Weak        Min:  0.0, Avg:  0.0, Max:  0.0, Diff:  0.0, Sum:  0.0, Workers: 4
[451.540s][debug][gc,phases      ] GC(235)     Dead                           Min: 0, Avg:  0.0, Max: 0, Diff: 0, Sum: 0, Workers: 4
[451.540s][debug][gc,phases      ] GC(235)     Total                          Min: 0, Avg: 139.8, Max: 303, Diff: 303, Sum: 559, Workers: 4
[451.540s][debug][gc,phases      ] GC(235)   JVMTI Tag Weak OopStorage      Min:  0.0, Avg:  0.0, Max:  0.0, Diff:  0.0, Sum:  0.0, Workers: 4
[451.540s][debug][gc,phases      ] GC(235)     Dead                           Min: 0, Avg:  0.0, Max: 0, Diff: 0, Sum: 0, Workers: 4
[451.540s][debug][gc,phases      ] GC(235)     Total                          Min: 0, Avg:  0.0, Max: 0, Diff: 0, Sum: 0, Workers: 4
[451.540s][debug][gc,phases      ] GC(235)   StringTable Weak               Min:  0.1, Avg:  0.1, Max:  0.1, Diff:  0.0, Sum:  0.4, Workers: 4
[451.540s][debug][gc,phases      ] GC(235)     Dead                           Min: 0, Avg:  0.0, Max: 0, Diff: 0, Sum: 0, Workers: 4
[451.540s][debug][gc,phases      ] GC(235)     Total                          Min: 11456, Avg: 12204.2, Max: 13888, Diff: 2432, Sum: 48817, Workers: 4
[451.540s][debug][gc,phases      ] GC(235)   ResolvedMethodTable Weak       Min:  0.0, Avg:  0.0, Max:  0.0, Diff:  0.0, Sum:  0.1, Workers: 4
[451.540s][debug][gc,phases      ] GC(235)     Dead                           Min: 0, Avg:  0.0, Max: 0, Diff: 0, Sum: 0, Workers: 4
[451.540s][debug][gc,phases      ] GC(235)     Total                          Min: 1792, Avg: 2232.0, Max: 2624, Diff: 832, Sum: 8928, Workers: 4
[451.540s][debug][gc,phases      ] GC(235)   JNI Weak                       Min:  0.0, Avg:  0.0, Max:  0.0, Diff:  0.0, Sum:  0.0, Workers: 4
[451.540s][debug][gc,phases      ] GC(235)     Dead                           Min: 0, Avg:  0.0, Max: 0, Diff: 0, Sum: 0, Workers: 4
[451.540s][debug][gc,phases      ] GC(235)     Total                          Min: 0, Avg:  0.0, Max: 0, Diff: 0, Sum: 0, Workers: 4
[451.540s][debug][gc,phases      ] GC(235)   StringDedup Table Weak         Min:  0.0, Avg:  0.0, Max:  0.0, Diff:  0.0, Sum:  0.0, Workers: 4
[451.540s][debug][gc,phases      ] GC(235)     Dead                           Min: 0, Avg:  0.0, Max: 0, Diff: 0, Sum: 0, Workers: 4
[451.540s][debug][gc,phases      ] GC(235)     Total                          Min: 0, Avg:  0.0, Max: 0, Diff: 0, Sum: 0, Workers: 4
[451.540s][debug][gc,phases      ] GC(235)   StringDedup Requests0 Weak     Min:  0.0, Avg:  0.0, Max:  0.0, Diff:  0.0, Sum:  0.0, Workers: 4
[451.541s][debug][gc,phases      ] GC(235)     Dead                           Min: 0, Avg:  0.0, Max: 0, Diff: 0, Sum: 0, Workers: 4
[451.541s][debug][gc,phases      ] GC(235)     Total                          Min: 0, Avg:  0.0, Max: 0, Diff: 0, Sum: 0, Workers: 4
[451.541s][debug][gc,phases      ] GC(235)   StringDedup Requests1 Weak     Min:  0.0, Avg:  0.0, Max:  0.0, Diff:  0.0, Sum:  0.0, Workers: 4
[451.541s][debug][gc,phases      ] GC(235)     Dead                           Min: 0, Avg:  0.0, Max: 0, Diff: 0, Sum: 0, Workers: 4
[451.541s][debug][gc,phases      ] GC(235)     Total                          Min: 0, Avg:  0.0, Max: 0, Diff: 0, Sum: 0, Workers: 4
[451.541s][debug][gc,phases      ] GC(235)   Weak JFR Old Object Samples    Min:  0.0, Avg:  0.0, Max:  0.0, Diff:  0.0, Sum:  0.0, Workers: 4
[451.541s][debug][gc,phases      ] GC(235)     Dead                           Min: 0, Avg:  0.0, Max: 0, Diff: 0, Sum: 0, Workers: 4
[451.541s][debug][gc,phases      ] GC(235)     Total                          Min: 0, Avg:  0.0, Max: 0, Diff: 0, Sum: 0, Workers: 4
[451.541s][debug][gc,phases      ] GC(235) Weak Processing 0.323ms
[451.541s][debug][gc,age         ] GC(235) Desired survivor size 204996608 bytes, new threshold 15 (max threshold 15)
[451.541s][info ][gc,heap        ] GC(235) PSYoungGen: 1719696K(1719808K)->4752K(1893888K) Eden: 1713152K(1713152K)->0K(1696768K) From: 6544K(6656K)->4752K(197120K)
[451.541s][info ][gc,heap        ] GC(235) ParOldGen: 711050K(813056K)->711210K(813056K)
[451.541s][info ][gc,metaspace   ] GC(235) Metaspace: 86639K(87552K)->86639K(87552K) NonClass: 74674K(75136K)->74674K(75136K) Class: 11964K(12416K)->11964K(12416K)
[451.541s][info ][gc             ] GC(235) Pause Young (Allocation Failure) 2373M->699M(2643M) 4.255ms
[451.541s][info ][gc,cpu         ] GC(235) User=0.02s Sys=0.00s Real=0.00s
[451.541s][info ][safepoint      ] Safepoint "ParallelGCFailedAllocation", Time since last: 2892254792 ns, Reaching safepoint: 139608 ns, At safepoint: 4351051 ns, Total: 4490659 ns
[453.541s][info ][safepoint      ] Safepoint "Cleanup", Time since last: 2000163368 ns, Reaching safepoint: 63004 ns, At safepoint: 15201 ns, Total: 78205 ns
[455.541s][info ][safepoint      ] Safepoint "Cleanup", Time since last: 2000201569 ns, Reaching safepoint: 169810 ns, At safepoint: 13401 ns, Total: 183211 ns
[456.397s][info ][gc,start       ] GC(236) Pause Young (Allocation Failure)
[456.400s][debug][gc,phases      ] GC(236) Scavenge 3.328ms
[456.400s][debug][gc,ref         ] GC(236) Skipped phase 1 of Reference Processing: no references
[456.400s][debug][gc,ref         ] GC(236) Skipped phase 2 of Reference Processing: no references
[456.400s][debug][gc,ref         ] GC(236) Skipped phase 3 of Reference Processing: no references
[456.400s][debug][gc,ref         ] GC(236) ReferenceProcessor::execute queues: 1, RefProcThreadModel::Single, marks_oops_alive: false
[456.401s][debug][gc,phases      ] GC(236) Reference Processing 0.124ms
[456.401s][debug][gc,phases      ] GC(236)   VM Weak                        Min:  0.0, Avg:  0.0, Max:  0.0, Diff:  0.0, Sum:  0.0, Workers: 4
[456.401s][debug][gc,phases      ] GC(236)     Dead                           Min: 0, Avg:  0.0, Max: 0, Diff: 0, Sum: 0, Workers: 4
[456.401s][debug][gc,phases      ] GC(236)     Total                          Min: 0, Avg: 186.2, Max: 704, Diff: 704, Sum: 745, Workers: 4
[456.401s][debug][gc,phases      ] GC(236)   ObjectSynchronizer Weak        Min:  0.0, Avg:  0.0, Max:  0.0, Diff:  0.0, Sum:  0.0, Workers: 4
[456.401s][debug][gc,phases      ] GC(236)     Dead                           Min: 0, Avg:  0.0, Max: 0, Diff: 0, Sum: 0, Workers: 4
[456.401s][debug][gc,phases      ] GC(236)     Total                          Min: 0, Avg: 139.8, Max: 256, Diff: 256, Sum: 559, Workers: 4
[456.401s][debug][gc,phases      ] GC(236)   JVMTI Tag Weak OopStorage      Min:  0.0, Avg:  0.0, Max:  0.0, Diff:  0.0, Sum:  0.0, Workers: 4
[456.401s][debug][gc,phases      ] GC(236)     Dead                           Min: 0, Avg:  0.0, Max: 0, Diff: 0, Sum: 0, Workers: 4
[456.401s][debug][gc,phases      ] GC(236)     Total                          Min: 0, Avg:  0.0, Max: 0, Diff: 0, Sum: 0, Workers: 4
[456.401s][debug][gc,phases      ] GC(236)   StringTable Weak               Min:  0.1, Avg:  0.1, Max:  0.1, Diff:  0.0, Sum:  0.4, Workers: 4
[456.401s][debug][gc,phases      ] GC(236)     Dead                           Min: 0, Avg:  0.0, Max: 0, Diff: 0, Sum: 0, Workers: 4
[456.401s][debug][gc,phases      ] GC(236)     Total                          Min: 11377, Avg: 12204.2, Max: 12800, Diff: 1423, Sum: 48817, Workers: 4
[456.401s][debug][gc,phases      ] GC(236)   ResolvedMethodTable Weak       Min:  0.0, Avg:  0.0, Max:  0.0, Diff:  0.0, Sum:  0.1, Workers: 4
[456.401s][debug][gc,phases      ] GC(236)     Dead                           Min: 0, Avg:  0.0, Max: 0, Diff: 0, Sum: 0, Workers: 4
[456.401s][debug][gc,phases      ] GC(236)     Total                          Min: 2016, Avg: 2232.0, Max: 2432, Diff: 416, Sum: 8928, Workers: 4
[456.401s][debug][gc,phases      ] GC(236)   JNI Weak                       Min:  0.0, Avg:  0.0, Max:  0.0, Diff:  0.0, Sum:  0.0, Workers: 4
[456.401s][debug][gc,phases      ] GC(236)     Dead                           Min: 0, Avg:  0.0, Max: 0, Diff: 0, Sum: 0, Workers: 4
[456.401s][debug][gc,phases      ] GC(236)     Total                          Min: 0, Avg:  0.0, Max: 0, Diff: 0, Sum: 0, Workers: 4
[456.401s][debug][gc,phases      ] GC(236)   StringDedup Table Weak         Min:  0.0, Avg:  0.0, Max:  0.0, Diff:  0.0, Sum:  0.0, Workers: 4
[456.401s][debug][gc,phases      ] GC(236)     Dead                           Min: 0, Avg:  0.0, Max: 0, Diff: 0, Sum: 0, Workers: 4
[456.401s][debug][gc,phases      ] GC(236)     Total                          Min: 0, Avg:  0.0, Max: 0, Diff: 0, Sum: 0, Workers: 4
[456.401s][debug][gc,phases      ] GC(236)   StringDedup Requests0 Weak     Min:  0.0, Avg:  0.0, Max:  0.0, Diff:  0.0, Sum:  0.0, Workers: 4
[456.401s][debug][gc,phases      ] GC(236)     Dead                           Min: 0, Avg:  0.0, Max: 0, Diff: 0, Sum: 0, Workers: 4
[456.401s][debug][gc,phases      ] GC(236)     Total                          Min: 0, Avg:  0.0, Max: 0, Diff: 0, Sum: 0, Workers: 4
[456.401s][debug][gc,phases      ] GC(236)   StringDedup Requests1 Weak     Min:  0.0, Avg:  0.0, Max:  0.0, Diff:  0.0, Sum:  0.0, Workers: 4
[456.401s][debug][gc,phases      ] GC(236)     Dead                           Min: 0, Avg:  0.0, Max: 0, Diff: 0, Sum: 0, Workers: 4
[456.401s][debug][gc,phases      ] GC(236)     Total                          Min: 0, Avg:  0.0, Max: 0, Diff: 0, Sum: 0, Workers: 4
[456.401s][debug][gc,phases      ] GC(236)   Weak JFR Old Object Samples    Min:  0.0, Avg:  0.0, Max:  0.0, Diff:  0.0, Sum:  0.0, Workers: 4
[456.401s][debug][gc,phases      ] GC(236)     Dead                           Min: 0, Avg:  0.0, Max: 0, Diff: 0, Sum: 0, Workers: 4
[456.401s][debug][gc,phases      ] GC(236)     Total                          Min: 0, Avg:  0.0, Max: 0, Diff: 0, Sum: 0, Workers: 4
[456.401s][debug][gc,phases      ] GC(236) Weak Processing 0.328ms
[456.401s][debug][gc,age         ] GC(236) Desired survivor size 205520896 bytes, new threshold 15 (max threshold 15)
[456.401s][info ][gc,heap        ] GC(236) PSYoungGen: 1701520K(1893888K)->4880K(1701888K) Eden: 1696768K(1696768K)->0K(1696768K) From: 4752K(197120K)->4880K(5120K)
[456.401s][info ][gc,heap        ] GC(236) ParOldGen: 711210K(813056K)->711354K(813056K)
[456.401s][info ][gc,metaspace   ] GC(236) Metaspace: 86640K(87552K)->86640K(87552K) NonClass: 74675K(75136K)->74675K(75136K) Class: 11964K(12416K)->11964K(12416K)
[456.401s][info ][gc             ] GC(236) Pause Young (Allocation Failure) 2356M->699M(2456M) 3.899ms
[456.401s][info ][gc,cpu         ] GC(236) User=0.02s Sys=0.00s Real=0.00s
[456.401s][info ][safepoint      ] Safepoint "ParallelGCFailedAllocation", Time since last: 855583621 ns, Reaching safepoint: 108406 ns, At safepoint: 3980429 ns, Total: 4088835 ns
[458.401s][info ][safepoint      ] Safepoint "Cleanup", Time since last: 2000155965 ns, Reaching safepoint: 124408 ns, At safepoint: 12400 ns, Total: 136808 ns
[460.402s][info ][safepoint      ] Safepoint "Cleanup", Time since last: 2000162365 ns, Reaching safepoint: 131308 ns, At safepoint: 10700 ns, Total: 142008 ns
[461.234s][info ][gc,start       ] GC(237) Pause Young (Allocation Failure)
[461.238s][debug][gc,phases      ] GC(237) Scavenge 3.402ms
[461.238s][debug][gc,ref         ] GC(237) Skipped phase 1 of Reference Processing: no references
[461.238s][debug][gc,ref         ] GC(237) Skipped phase 2 of Reference Processing: no references
[461.238s][debug][gc,ref         ] GC(237) Skipped phase 3 of Reference Processing: no references
[461.238s][debug][gc,ref         ] GC(237) ReferenceProcessor::execute queues: 1, RefProcThreadModel::Single, marks_oops_alive: false
[461.238s][debug][gc,phases      ] GC(237) Reference Processing 0.116ms
[461.238s][debug][gc,phases      ] GC(237)   VM Weak                        Min:  0.0, Avg:  0.0, Max:  0.0, Diff:  0.0, Sum:  0.0, Workers: 4
[461.238s][debug][gc,phases      ] GC(237)     Dead                           Min: 0, Avg:  0.0, Max: 0, Diff: 0, Sum: 0, Workers: 4
[461.238s][debug][gc,phases      ] GC(237)     Total                          Min: 0, Avg: 186.2, Max: 448, Diff: 448, Sum: 745, Workers: 4
[461.238s][debug][gc,phases      ] GC(237)   ObjectSynchronizer Weak        Min:  0.0, Avg:  0.0, Max:  0.0, Diff:  0.0, Sum:  0.0, Workers: 4
[461.238s][debug][gc,phases      ] GC(237)     Dead                           Min: 0, Avg:  0.0, Max: 0, Diff: 0, Sum: 0, Workers: 4
[461.238s][debug][gc,phases      ] GC(237)     Total                          Min: 0, Avg: 139.8, Max: 303, Diff: 303, Sum: 559, Workers: 4
[461.238s][debug][gc,phases      ] GC(237)   JVMTI Tag Weak OopStorage      Min:  0.0, Avg:  0.0, Max:  0.0, Diff:  0.0, Sum:  0.0, Workers: 4
[461.238s][debug][gc,phases      ] GC(237)     Dead                           Min: 0, Avg:  0.0, Max: 0, Diff: 0, Sum: 0, Workers: 4
[461.238s][debug][gc,phases      ] GC(237)     Total                          Min: 0, Avg:  0.0, Max: 0, Diff: 0, Sum: 0, Workers: 4
[461.238s][debug][gc,phases      ] GC(237)   StringTable Weak               Min:  0.1, Avg:  0.1, Max:  0.1, Diff:  0.0, Sum:  0.5, Workers: 4
[461.238s][debug][gc,phases      ] GC(237)     Dead                           Min: 0, Avg:  0.0, Max: 0, Diff: 0, Sum: 0, Workers: 4
[461.238s][debug][gc,phases      ] GC(237)     Total                          Min: 11136, Avg: 12204.2, Max: 13489, Diff: 2353, Sum: 48817, Workers: 4
[461.238s][debug][gc,phases      ] GC(237)   ResolvedMethodTable Weak       Min:  0.0, Avg:  0.0, Max:  0.0, Diff:  0.0, Sum:  0.1, Workers: 4
[461.238s][debug][gc,phases      ] GC(237)     Dead                           Min: 0, Avg:  0.0, Max: 0, Diff: 0, Sum: 0, Workers: 4
[461.238s][debug][gc,phases      ] GC(237)     Total                          Min: 1920, Avg: 2232.0, Max: 2464, Diff: 544, Sum: 8928, Workers: 4
[461.238s][debug][gc,phases      ] GC(237)   JNI Weak                       Min:  0.0, Avg:  0.0, Max:  0.0, Diff:  0.0, Sum:  0.0, Workers: 4
[461.238s][debug][gc,phases      ] GC(237)     Dead                           Min: 0, Avg:  0.0, Max: 0, Diff: 0, Sum: 0, Workers: 4
[461.238s][debug][gc,phases      ] GC(237)     Total                          Min: 0, Avg:  0.0, Max: 0, Diff: 0, Sum: 0, Workers: 4
[461.238s][debug][gc,phases      ] GC(237)   StringDedup Table Weak         Min:  0.0, Avg:  0.0, Max:  0.0, Diff:  0.0, Sum:  0.0, Workers: 4
[461.238s][debug][gc,phases      ] GC(237)     Dead                           Min: 0, Avg:  0.0, Max: 0, Diff: 0, Sum: 0, Workers: 4
[461.238s][debug][gc,phases      ] GC(237)     Total                          Min: 0, Avg:  0.0, Max: 0, Diff: 0, Sum: 0, Workers: 4
[461.238s][debug][gc,phases      ] GC(237)   StringDedup Requests0 Weak     Min:  0.0, Avg:  0.0, Max:  0.0, Diff:  0.0, Sum:  0.0, Workers: 4
[461.238s][debug][gc,phases      ] GC(237)     Dead                           Min: 0, Avg:  0.0, Max: 0, Diff: 0, Sum: 0, Workers: 4
[461.238s][debug][gc,phases      ] GC(237)     Total                          Min: 0, Avg:  0.0, Max: 0, Diff: 0, Sum: 0, Workers: 4
[461.238s][debug][gc,phases      ] GC(237)   StringDedup Requests1 Weak     Min:  0.0, Avg:  0.0, Max:  0.0, Diff:  0.0, Sum:  0.0, Workers: 4
[461.238s][debug][gc,phases      ] GC(237)     Dead                           Min: 0, Avg:  0.0, Max: 0, Diff: 0, Sum: 0, Workers: 4
[461.238s][debug][gc,phases      ] GC(237)     Total                          Min: 0, Avg:  0.0, Max: 0, Diff: 0, Sum: 0, Workers: 4
[461.238s][debug][gc,phases      ] GC(237)   Weak JFR Old Object Samples    Min:  0.0, Avg:  0.0, Max:  0.0, Diff:  0.0, Sum:  0.0, Workers: 4
[461.238s][debug][gc,phases      ] GC(237)     Dead                           Min: 0, Avg:  0.0, Max: 0, Diff: 0, Sum: 0, Workers: 4
[461.238s][debug][gc,phases      ] GC(237)     Total                          Min: 0, Avg:  0.0, Max: 0, Diff: 0, Sum: 0, Workers: 4
[461.238s][debug][gc,phases      ] GC(237) Weak Processing 0.338ms
[461.238s][debug][gc,age         ] GC(237) Desired survivor size 203948032 bytes, new threshold 15 (max threshold 15)
[461.238s][info ][gc,heap        ] GC(237) PSYoungGen: 1701648K(1701888K)->3968K(1897984K) Eden: 1696768K(1696768K)->0K(1697280K) From: 4880K(5120K)->3968K(200704K)
[461.238s][info ][gc,heap        ] GC(237) ParOldGen: 711354K(813056K)->711926K(813056K)
[461.238s][info ][gc,metaspace   ] GC(237) Metaspace: 86640K(87552K)->86640K(87552K) NonClass: 74676K(75136K)->74676K(75136K) Class: 11964K(12416K)->11964K(12416K)
[461.238s][info ][gc             ] GC(237) Pause Young (Allocation Failure) 2356M->699M(2647M) 4.003ms
[461.238s][info ][gc,cpu         ] GC(237) User=0.01s Sys=0.00s Real=0.01s
[461.238s][info ][safepoint      ] Safepoint "ParallelGCFailedAllocation", Time since last: 832581296 ns, Reaching safepoint: 96606 ns, At safepoint: 4111437 ns, Total: 4208043 ns
[464.239s][info ][safepoint      ] Safepoint "Cleanup", Time since last: 3000226693 ns, Reaching safepoint: 130608 ns, At safepoint: 12400 ns, Total: 143008 ns
[465.239s][info ][safepoint      ] Safepoint "Cleanup", Time since last: 1000100632 ns, Reaching safepoint: 122708 ns, At safepoint: 20801 ns, Total: 143509 ns
[466.090s][info ][gc,start       ] GC(238) Pause Young (Allocation Failure)
[466.095s][debug][gc,phases      ] GC(238) Scavenge 5.258ms
[466.095s][debug][gc,ref         ] GC(238) Skipped phase 1 of Reference Processing: no references
[466.095s][debug][gc,ref         ] GC(238) Skipped phase 2 of Reference Processing: no references
[466.095s][debug][gc,ref         ] GC(238) Skipped phase 3 of Reference Processing: no references
[466.095s][debug][gc,ref         ] GC(238) ReferenceProcessor::execute queues: 1, RefProcThreadModel::Single, marks_oops_alive: false
[466.095s][debug][gc,phases      ] GC(238) Reference Processing 0.113ms
[466.095s][debug][gc,phases      ] GC(238)   VM Weak                        Min:  0.0, Avg:  0.0, Max:  0.0, Diff:  0.0, Sum:  0.0, Workers: 4
[466.095s][debug][gc,phases      ] GC(238)     Dead                           Min: 0, Avg:  0.0, Max: 0, Diff: 0, Sum: 0, Workers: 4
[466.095s][debug][gc,phases      ] GC(238)     Total                          Min: 0, Avg: 186.2, Max: 553, Diff: 553, Sum: 745, Workers: 4
[466.095s][debug][gc,phases      ] GC(238)   ObjectSynchronizer Weak        Min:  0.0, Avg:  0.0, Max:  0.0, Diff:  0.0, Sum:  0.0, Workers: 4
[466.095s][debug][gc,phases      ] GC(238)     Dead                           Min: 0, Avg:  0.0, Max: 0, Diff: 0, Sum: 0, Workers: 4
[466.095s][debug][gc,phases      ] GC(238)     Total                          Min: 0, Avg: 139.8, Max: 256, Diff: 256, Sum: 559, Workers: 4
[466.095s][debug][gc,phases      ] GC(238)   JVMTI Tag Weak OopStorage      Min:  0.0, Avg:  0.0, Max:  0.0, Diff:  0.0, Sum:  0.0, Workers: 4
[466.095s][debug][gc,phases      ] GC(238)     Dead                           Min: 0, Avg:  0.0, Max: 0, Diff: 0, Sum: 0, Workers: 4
[466.095s][debug][gc,phases      ] GC(238)     Total                          Min: 0, Avg:  0.0, Max: 0, Diff: 0, Sum: 0, Workers: 4
[466.095s][debug][gc,phases      ] GC(238)   StringTable Weak               Min:  0.1, Avg:  0.1, Max:  0.1, Diff:  0.0, Sum:  0.4, Workers: 4
[466.095s][debug][gc,phases      ] GC(238)     Dead                           Min: 0, Avg:  0.0, Max: 0, Diff: 0, Sum: 0, Workers: 4
[466.095s][debug][gc,phases      ] GC(238)     Total                          Min: 10944, Avg: 12204.2, Max: 14144, Diff: 3200, Sum: 48817, Workers: 4
[466.095s][debug][gc,phases      ] GC(238)   ResolvedMethodTable Weak       Min:  0.0, Avg:  0.0, Max:  0.0, Diff:  0.0, Sum:  0.1, Workers: 4
[466.095s][debug][gc,phases      ] GC(238)     Dead                           Min: 0, Avg:  0.0, Max: 0, Diff: 0, Sum: 0, Workers: 4
[466.095s][debug][gc,phases      ] GC(238)     Total                          Min: 2048, Avg: 2232.0, Max: 2432, Diff: 384, Sum: 8928, Workers: 4
[466.095s][debug][gc,phases      ] GC(238)   JNI Weak                       Min:  0.0, Avg:  0.0, Max:  0.0, Diff:  0.0, Sum:  0.0, Workers: 4
[466.095s][debug][gc,phases      ] GC(238)     Dead                           Min: 0, Avg:  0.0, Max: 0, Diff: 0, Sum: 0, Workers: 4
[466.095s][debug][gc,phases      ] GC(238)     Total                          Min: 0, Avg:  0.0, Max: 0, Diff: 0, Sum: 0, Workers: 4
[466.095s][debug][gc,phases      ] GC(238)   StringDedup Table Weak         Min:  0.0, Avg:  0.0, Max:  0.0, Diff:  0.0, Sum:  0.0, Workers: 4
[466.095s][debug][gc,phases      ] GC(238)     Dead                           Min: 0, Avg:  0.0, Max: 0, Diff: 0, Sum: 0, Workers: 4
[466.095s][debug][gc,phases      ] GC(238)     Total                          Min: 0, Avg:  0.0, Max: 0, Diff: 0, Sum: 0, Workers: 4
[466.095s][debug][gc,phases      ] GC(238)   StringDedup Requests0 Weak     Min:  0.0, Avg:  0.0, Max:  0.0, Diff:  0.0, Sum:  0.0, Workers: 4
[466.095s][debug][gc,phases      ] GC(238)     Dead                           Min: 0, Avg:  0.0, Max: 0, Diff: 0, Sum: 0, Workers: 4
[466.095s][debug][gc,phases      ] GC(238)     Total                          Min: 0, Avg:  0.0, Max: 0, Diff: 0, Sum: 0, Workers: 4
[466.095s][debug][gc,phases      ] GC(238)   StringDedup Requests1 Weak     Min:  0.0, Avg:  0.0, Max:  0.0, Diff:  0.0, Sum:  0.0, Workers: 4
[466.095s][debug][gc,phases      ] GC(238)     Dead                           Min: 0, Avg:  0.0, Max: 0, Diff: 0, Sum: 0, Workers: 4
[466.095s][debug][gc,phases      ] GC(238)     Total                          Min: 0, Avg:  0.0, Max: 0, Diff: 0, Sum: 0, Workers: 4
[466.095s][debug][gc,phases      ] GC(238)   Weak JFR Old Object Samples    Min:  0.0, Avg:  0.0, Max:  0.0, Diff:  0.0, Sum:  0.0, Workers: 4
[466.095s][debug][gc,phases      ] GC(238)     Dead                           Min: 0, Avg:  0.0, Max: 0, Diff: 0, Sum: 0, Workers: 4
[466.095s][debug][gc,phases      ] GC(238)     Total                          Min: 0, Avg:  0.0, Max: 0, Diff: 0, Sum: 0, Workers: 4
[466.095s][debug][gc,phases      ] GC(238) Weak Processing 0.314ms
[466.095s][debug][gc,age         ] GC(238) Desired survivor size 200278016 bytes, new threshold 15 (max threshold 15)
[466.095s][info ][gc,heap        ] GC(238) PSYoungGen: 1701248K(1897984K)->5856K(1896448K) Eden: 1697280K(1697280K)->0K(1697280K) From: 3968K(200704K)->5856K(199168K)
[466.095s][info ][gc,heap        ] GC(238) ParOldGen: 711926K(813056K)->712010K(813056K)
[466.095s][info ][gc,metaspace   ] GC(238) Metaspace: 86641K(87552K)->86641K(87552K) NonClass: 74676K(75136K)->74676K(75136K) Class: 11964K(12416K)->11964K(12416K)
[466.095s][info ][gc             ] GC(238) Pause Young (Allocation Failure) 2356M->701M(2646M) 5.810ms
[466.095s][info ][gc,cpu         ] GC(238) User=0.02s Sys=0.00s Real=0.01s
[466.095s][info ][safepoint      ] Safepoint "ParallelGCFailedAllocation", Time since last: 850409220 ns, Reaching safepoint: 129808 ns, At safepoint: 5892739 ns, Total: 6022547 ns
[470.889s][info ][gc,start       ] GC(239) Pause Young (Allocation Failure)
[470.894s][debug][gc,phases      ] GC(239) Scavenge 4.943ms
[470.894s][debug][gc,ref         ] GC(239) Skipped phase 1 of Reference Processing: no references
[470.894s][debug][gc,ref         ] GC(239) Skipped phase 2 of Reference Processing: no references
[470.894s][debug][gc,ref         ] GC(239) Skipped phase 3 of Reference Processing: no references
[470.894s][debug][gc,ref         ] GC(239) ReferenceProcessor::execute queues: 1, RefProcThreadModel::Single, marks_oops_alive: false
[470.895s][debug][gc,phases      ] GC(239) Reference Processing 0.113ms
[470.895s][debug][gc,phases      ] GC(239)   VM Weak                        Min:  0.0, Avg:  0.0, Max:  0.0, Diff:  0.0, Sum:  0.0, Workers: 4
[470.895s][debug][gc,phases      ] GC(239)     Dead                           Min: 0, Avg:  0.0, Max: 0, Diff: 0, Sum: 0, Workers: 4
[470.895s][debug][gc,phases      ] GC(239)     Total                          Min: 0, Avg: 186.2, Max: 576, Diff: 576, Sum: 745, Workers: 4
[470.895s][debug][gc,phases      ] GC(239)   ObjectSynchronizer Weak        Min:  0.0, Avg:  0.0, Max:  0.0, Diff:  0.0, Sum:  0.0, Workers: 4
[470.895s][debug][gc,phases      ] GC(239)     Dead                           Min: 0, Avg:  0.0, Max: 0, Diff: 0, Sum: 0, Workers: 4
[470.895s][debug][gc,phases      ] GC(239)     Total                          Min: 0, Avg: 139.8, Max: 303, Diff: 303, Sum: 559, Workers: 4
[470.895s][debug][gc,phases      ] GC(239)   JVMTI Tag Weak OopStorage      Min:  0.0, Avg:  0.0, Max:  0.0, Diff:  0.0, Sum:  0.0, Workers: 4
[470.895s][debug][gc,phases      ] GC(239)     Dead                           Min: 0, Avg:  0.0, Max: 0, Diff: 0, Sum: 0, Workers: 4
[470.895s][debug][gc,phases      ] GC(239)     Total                          Min: 0, Avg:  0.0, Max: 0, Diff: 0, Sum: 0, Workers: 4
[470.895s][debug][gc,phases      ] GC(239)   StringTable Weak               Min:  0.1, Avg:  0.1, Max:  0.1, Diff:  0.0, Sum:  0.4, Workers: 4
[470.895s][debug][gc,phases      ] GC(239)     Dead                           Min: 0, Avg:  0.0, Max: 0, Diff: 0, Sum: 0, Workers: 4
[470.895s][debug][gc,phases      ] GC(239)     Total                          Min: 10688, Avg: 12205.0, Max: 13952, Diff: 3264, Sum: 48820, Workers: 4
[470.895s][debug][gc,phases      ] GC(239)   ResolvedMethodTable Weak       Min:  0.0, Avg:  0.0, Max:  0.0, Diff:  0.0, Sum:  0.1, Workers: 4
[470.895s][debug][gc,phases      ] GC(239)     Dead                           Min: 0, Avg:  0.0, Max: 0, Diff: 0, Sum: 0, Workers: 4
[470.895s][debug][gc,phases      ] GC(239)     Total                          Min: 1792, Avg: 2232.0, Max: 2624, Diff: 832, Sum: 8928, Workers: 4
[470.895s][debug][gc,phases      ] GC(239)   JNI Weak                       Min:  0.0, Avg:  0.0, Max:  0.0, Diff:  0.0, Sum:  0.0, Workers: 4
[470.895s][debug][gc,phases      ] GC(239)     Dead                           Min: 0, Avg:  0.0, Max: 0, Diff: 0, Sum: 0, Workers: 4
[470.895s][debug][gc,phases      ] GC(239)     Total                          Min: 0, Avg:  0.0, Max: 0, Diff: 0, Sum: 0, Workers: 4
[470.895s][debug][gc,phases      ] GC(239)   StringDedup Table Weak         Min:  0.0, Avg:  0.0, Max:  0.0, Diff:  0.0, Sum:  0.0, Workers: 4
[470.895s][debug][gc,phases      ] GC(239)     Dead                           Min: 0, Avg:  0.0, Max: 0, Diff: 0, Sum: 0, Workers: 4
[470.895s][debug][gc,phases      ] GC(239)     Total                          Min: 0, Avg:  0.0, Max: 0, Diff: 0, Sum: 0, Workers: 4
[470.895s][debug][gc,phases      ] GC(239)   StringDedup Requests0 Weak     Min:  0.0, Avg:  0.0, Max:  0.0, Diff:  0.0, Sum:  0.0, Workers: 4
[470.895s][debug][gc,phases      ] GC(239)     Dead                           Min: 0, Avg:  0.0, Max: 0, Diff: 0, Sum: 0, Workers: 4
[470.895s][debug][gc,phases      ] GC(239)     Total                          Min: 0, Avg:  0.0, Max: 0, Diff: 0, Sum: 0, Workers: 4
[470.895s][debug][gc,phases      ] GC(239)   StringDedup Requests1 Weak     Min:  0.0, Avg:  0.0, Max:  0.0, Diff:  0.0, Sum:  0.0, Workers: 4
[470.895s][debug][gc,phases      ] GC(239)     Dead                           Min: 0, Avg:  0.0, Max: 0, Diff: 0, Sum: 0, Workers: 4
[470.895s][debug][gc,phases      ] GC(239)     Total                          Min: 0, Avg:  0.0, Max: 0, Diff: 0, Sum: 0, Workers: 4
[470.895s][debug][gc,phases      ] GC(239)   Weak JFR Old Object Samples    Min:  0.0, Avg:  0.0, Max:  0.0, Diff:  0.0, Sum:  0.0, Workers: 4
[470.895s][debug][gc,phases      ] GC(239)     Dead                           Min: 0, Avg:  0.0, Max: 0, Diff: 0, Sum: 0, Workers: 4
[470.895s][debug][gc,phases      ] GC(239)     Total                          Min: 0, Avg:  0.0, Max: 0, Diff: 0, Sum: 0, Workers: 4
[470.895s][debug][gc,phases      ] GC(239) Weak Processing 0.327ms
[470.895s][debug][gc,age         ] GC(239) Desired survivor size 195559424 bytes, new threshold 15 (max threshold 15)
[470.895s][info ][gc,heap        ] GC(239) PSYoungGen: 1703136K(1896448K)->5712K(1906176K) Eden: 1697280K(1697280K)->0K(1710592K) From: 5856K(199168K)->5712K(195584K)
[470.895s][info ][gc,heap        ] GC(239) ParOldGen: 712010K(813056K)->712098K(813056K)
[470.895s][info ][gc,metaspace   ] GC(239) Metaspace: 86642K(87552K)->86642K(87552K) NonClass: 74677K(75136K)->74677K(75136K) Class: 11964K(12416K)->11964K(12416K)
[470.895s][info ][gc             ] GC(239) Pause Young (Allocation Failure) 2358M->700M(2655M) 5.508ms
[470.895s][info ][gc,cpu         ] GC(239) User=0.02s Sys=0.00s Real=0.01s
[470.895s][info ][safepoint      ] Safepoint "ParallelGCFailedAllocation", Time since last: 4793868869 ns, Reaching safepoint: 106206 ns, At safepoint: 5591021 ns, Total: 5697227 ns
[473.895s][info ][safepoint      ] Safepoint "Cleanup", Time since last: 3000229086 ns, Reaching safepoint: 119307 ns, At safepoint: 10701 ns, Total: 130008 ns
[475.840s][info ][safepoint      ] Safepoint "ParallelGCFailedAllocation", Time since last: 1944643763 ns, Reaching safepoint: 54803 ns, At safepoint: 16801 ns, Total: 71604 ns
[475.840s][info ][gc,start       ] GC(240) Pause Young (GCLocker Initiated GC)
[475.845s][debug][gc,phases      ] GC(240) Scavenge 4.241ms
[475.845s][debug][gc,ref         ] GC(240) Skipped phase 1 of Reference Processing: no references
[475.845s][debug][gc,ref         ] GC(240) Skipped phase 2 of Reference Processing: no references
[475.845s][debug][gc,ref         ] GC(240) Skipped phase 3 of Reference Processing: no references
[475.845s][debug][gc,ref         ] GC(240) ReferenceProcessor::execute queues: 1, RefProcThreadModel::Single, marks_oops_alive: false
[475.845s][debug][gc,phases      ] GC(240) Reference Processing 0.117ms
[475.845s][debug][gc,phases      ] GC(240)   VM Weak                        Min:  0.0, Avg:  0.0, Max:  0.0, Diff:  0.0, Sum:  0.0, Workers: 4
[475.845s][debug][gc,phases      ] GC(240)     Dead                           Min: 0, Avg:  0.0, Max: 0, Diff: 0, Sum: 0, Workers: 4
[475.845s][debug][gc,phases      ] GC(240)     Total                          Min: 0, Avg: 186.2, Max: 745, Diff: 745, Sum: 745, Workers: 4
[475.845s][debug][gc,phases      ] GC(240)   ObjectSynchronizer Weak        Min:  0.0, Avg:  0.0, Max:  0.0, Diff:  0.0, Sum:  0.0, Workers: 4
[475.845s][debug][gc,phases      ] GC(240)     Dead                           Min: 0, Avg:  0.0, Max: 0, Diff: 0, Sum: 0, Workers: 4
[475.845s][debug][gc,phases      ] GC(240)     Total                          Min: 0, Avg: 139.8, Max: 559, Diff: 559, Sum: 559, Workers: 4
[475.845s][debug][gc,phases      ] GC(240)   JVMTI Tag Weak OopStorage      Min:  0.0, Avg:  0.0, Max:  0.0, Diff:  0.0, Sum:  0.0, Workers: 4
[475.845s][debug][gc,phases      ] GC(240)     Dead                           Min: 0, Avg:  0.0, Max: 0, Diff: 0, Sum: 0, Workers: 4
[475.845s][debug][gc,phases      ] GC(240)     Total                          Min: 0, Avg:  0.0, Max: 0, Diff: 0, Sum: 0, Workers: 4
[475.845s][debug][gc,phases      ] GC(240)   StringTable Weak               Min:  0.1, Avg:  0.1, Max:  0.1, Diff:  0.0, Sum:  0.4, Workers: 4
[475.845s][debug][gc,phases      ] GC(240)     Dead                           Min: 0, Avg:  0.0, Max: 0, Diff: 0, Sum: 0, Workers: 4
[475.845s][debug][gc,phases      ] GC(240)     Total                          Min: 11380, Avg: 12205.0, Max: 12992, Diff: 1612, Sum: 48820, Workers: 4
[475.845s][debug][gc,phases      ] GC(240)   ResolvedMethodTable Weak       Min:  0.0, Avg:  0.0, Max:  0.0, Diff:  0.0, Sum:  0.1, Workers: 4
[475.845s][debug][gc,phases      ] GC(240)     Dead                           Min: 0, Avg:  0.0, Max: 0, Diff: 0, Sum: 0, Workers: 4
[475.845s][debug][gc,phases      ] GC(240)     Total                          Min: 2016, Avg: 2232.0, Max: 2304, Diff: 288, Sum: 8928, Workers: 4
[475.845s][debug][gc,phases      ] GC(240)   JNI Weak                       Min:  0.0, Avg:  0.0, Max:  0.0, Diff:  0.0, Sum:  0.0, Workers: 4
[475.845s][debug][gc,phases      ] GC(240)     Dead                           Min: 0, Avg:  0.0, Max: 0, Diff: 0, Sum: 0, Workers: 4
[475.845s][debug][gc,phases      ] GC(240)     Total                          Min: 0, Avg:  0.0, Max: 0, Diff: 0, Sum: 0, Workers: 4
[475.845s][debug][gc,phases      ] GC(240)   StringDedup Table Weak         Min:  0.0, Avg:  0.0, Max:  0.0, Diff:  0.0, Sum:  0.0, Workers: 4
[475.845s][debug][gc,phases      ] GC(240)     Dead                           Min: 0, Avg:  0.0, Max: 0, Diff: 0, Sum: 0, Workers: 4
[475.845s][debug][gc,phases      ] GC(240)     Total                          Min: 0, Avg:  0.0, Max: 0, Diff: 0, Sum: 0, Workers: 4
[475.845s][debug][gc,phases      ] GC(240)   StringDedup Requests0 Weak     Min:  0.0, Avg:  0.0, Max:  0.0, Diff:  0.0, Sum:  0.0, Workers: 4
[475.845s][debug][gc,phases      ] GC(240)     Dead                           Min: 0, Avg:  0.0, Max: 0, Diff: 0, Sum: 0, Workers: 4
[475.845s][debug][gc,phases      ] GC(240)     Total                          Min: 0, Avg:  0.0, Max: 0, Diff: 0, Sum: 0, Workers: 4
[475.845s][debug][gc,phases      ] GC(240)   StringDedup Requests1 Weak     Min:  0.0, Avg:  0.0, Max:  0.0, Diff:  0.0, Sum:  0.0, Workers: 4
[475.845s][debug][gc,phases      ] GC(240)     Dead                           Min: 0, Avg:  0.0, Max: 0, Diff: 0, Sum: 0, Workers: 4
[475.845s][debug][gc,phases      ] GC(240)     Total                          Min: 0, Avg:  0.0, Max: 0, Diff: 0, Sum: 0, Workers: 4
[475.845s][debug][gc,phases      ] GC(240)   Weak JFR Old Object Samples    Min:  0.0, Avg:  0.0, Max:  0.0, Diff:  0.0, Sum:  0.0, Workers: 4
[475.845s][debug][gc,phases      ] GC(240)     Dead                           Min: 0, Avg:  0.0, Max: 0, Diff: 0, Sum: 0, Workers: 4
[475.845s][debug][gc,phases      ] GC(240)     Total                          Min: 0, Avg:  0.0, Max: 0, Diff: 0, Sum: 0, Workers: 4
[475.845s][debug][gc,phases      ] GC(240) Weak Processing 0.326ms
[475.845s][debug][gc,age         ] GC(240) Desired survivor size 189792256 bytes, new threshold 15 (max threshold 15)
[475.845s][info ][gc,heap        ] GC(240) PSYoungGen: 1716304K(1906176K)->6336K(1901568K) Eden: 1710592K(1710592K)->0K(1710592K) From: 5712K(195584K)->6336K(190976K)
[475.845s][info ][gc,heap        ] GC(240) ParOldGen: 712127K(813056K)->712223K(813056K)
[475.845s][info ][gc,metaspace   ] GC(240) Metaspace: 86643K(87552K)->86643K(87552K) NonClass: 74678K(75136K)->74678K(75136K) Class: 11964K(12416K)->11964K(12416K)
[475.845s][info ][gc             ] GC(240) Pause Young (GCLocker Initiated GC) 2371M->701M(2651M) 4.782ms
[475.845s][info ][gc,cpu         ] GC(240) User=0.02s Sys=0.00s Real=0.01s
[475.845s][info ][safepoint      ] Safepoint "ParallelGCSystemGC", Time since last: 178310 ns, Reaching safepoint: 31402 ns, At safepoint: 4845979 ns, Total: 4877381 ns
[476.845s][info ][safepoint      ] Safepoint "Cleanup", Time since last: 1000084928 ns, Reaching safepoint: 117307 ns, At safepoint: 7800 ns, Total: 125107 ns
[477.846s][info ][safepoint      ] Safepoint "Cleanup", Time since last: 1000100129 ns, Reaching safepoint: 120907 ns, At safepoint: 13700 ns, Total: 134607 ns
[478.846s][info ][safepoint      ] Safepoint "Cleanup", Time since last: 1000100429 ns, Reaching safepoint: 130807 ns, At safepoint: 16601 ns, Total: 147408 ns
[480.739s][info ][gc,start       ] GC(241) Pause Young (Allocation Failure)
[480.743s][debug][gc,phases      ] GC(241) Scavenge 3.928ms
[480.743s][debug][gc,ref         ] GC(241) Skipped phase 1 of Reference Processing: no references
[480.743s][debug][gc,ref         ] GC(241) Skipped phase 2 of Reference Processing: no references
[480.743s][debug][gc,ref         ] GC(241) Skipped phase 3 of Reference Processing: no references
[480.743s][debug][gc,ref         ] GC(241) ReferenceProcessor::execute queues: 1, RefProcThreadModel::Single, marks_oops_alive: false
[480.743s][debug][gc,phases      ] GC(241) Reference Processing 0.113ms
[480.743s][debug][gc,phases      ] GC(241)   VM Weak                        Min:  0.0, Avg:  0.0, Max:  0.0, Diff:  0.0, Sum:  0.0, Workers: 4
[480.743s][debug][gc,phases      ] GC(241)     Dead                           Min: 0, Avg:  0.0, Max: 0, Diff: 0, Sum: 0, Workers: 4
[480.743s][debug][gc,phases      ] GC(241)     Total                          Min: 0, Avg: 186.2, Max: 489, Diff: 489, Sum: 745, Workers: 4
[480.743s][debug][gc,phases      ] GC(241)   ObjectSynchronizer Weak        Min:  0.0, Avg:  0.0, Max:  0.0, Diff:  0.0, Sum:  0.0, Workers: 4
[480.743s][debug][gc,phases      ] GC(241)     Dead                           Min: 0, Avg:  0.0, Max: 0, Diff: 0, Sum: 0, Workers: 4
[480.743s][debug][gc,phases      ] GC(241)     Total                          Min: 0, Avg: 139.8, Max: 367, Diff: 367, Sum: 559, Workers: 4
[480.743s][debug][gc,phases      ] GC(241)   JVMTI Tag Weak OopStorage      Min:  0.0, Avg:  0.0, Max:  0.0, Diff:  0.0, Sum:  0.0, Workers: 4
[480.743s][debug][gc,phases      ] GC(241)     Dead                           Min: 0, Avg:  0.0, Max: 0, Diff: 0, Sum: 0, Workers: 4
[480.743s][debug][gc,phases      ] GC(241)     Total                          Min: 0, Avg:  0.0, Max: 0, Diff: 0, Sum: 0, Workers: 4
[480.743s][debug][gc,phases      ] GC(241)   StringTable Weak               Min:  0.1, Avg:  0.1, Max:  0.1, Diff:  0.0, Sum:  0.4, Workers: 4
[480.743s][debug][gc,phases      ] GC(241)     Dead                           Min: 0, Avg:  0.0, Max: 0, Diff: 0, Sum: 0, Workers: 4
[480.743s][debug][gc,phases      ] GC(241)     Total                          Min: 11636, Avg: 12205.0, Max: 12736, Diff: 1100, Sum: 48820, Workers: 4
[480.743s][debug][gc,phases      ] GC(241)   ResolvedMethodTable Weak       Min:  0.0, Avg:  0.0, Max:  0.0, Diff:  0.0, Sum:  0.1, Workers: 4
[480.743s][debug][gc,phases      ] GC(241)     Dead                           Min: 0, Avg:  0.0, Max: 0, Diff: 0, Sum: 0, Workers: 4
[480.743s][debug][gc,phases      ] GC(241)     Total                          Min: 1984, Avg: 2232.0, Max: 2368, Diff: 384, Sum: 8928, Workers: 4
[480.743s][debug][gc,phases      ] GC(241)   JNI Weak                       Min:  0.0, Avg:  0.0, Max:  0.0, Diff:  0.0, Sum:  0.0, Workers: 4
[480.743s][debug][gc,phases      ] GC(241)     Dead                           Min: 0, Avg:  0.0, Max: 0, Diff: 0, Sum: 0, Workers: 4
[480.743s][debug][gc,phases      ] GC(241)     Total                          Min: 0, Avg:  0.0, Max: 0, Diff: 0, Sum: 0, Workers: 4
[480.743s][debug][gc,phases      ] GC(241)   StringDedup Table Weak         Min:  0.0, Avg:  0.0, Max:  0.0, Diff:  0.0, Sum:  0.0, Workers: 4
[480.743s][debug][gc,phases      ] GC(241)     Dead                           Min: 0, Avg:  0.0, Max: 0, Diff: 0, Sum: 0, Workers: 4
[480.743s][debug][gc,phases      ] GC(241)     Total                          Min: 0, Avg:  0.0, Max: 0, Diff: 0, Sum: 0, Workers: 4
[480.743s][debug][gc,phases      ] GC(241)   StringDedup Requests0 Weak     Min:  0.0, Avg:  0.0, Max:  0.0, Diff:  0.0, Sum:  0.0, Workers: 4
[480.743s][debug][gc,phases      ] GC(241)     Dead                           Min: 0, Avg:  0.0, Max: 0, Diff: 0, Sum: 0, Workers: 4
[480.743s][debug][gc,phases      ] GC(241)     Total                          Min: 0, Avg:  0.0, Max: 0, Diff: 0, Sum: 0, Workers: 4
[480.743s][debug][gc,phases      ] GC(241)   StringDedup Requests1 Weak     Min:  0.0, Avg:  0.0, Max:  0.0, Diff:  0.0, Sum:  0.0, Workers: 4
[480.743s][debug][gc,phases      ] GC(241)     Dead                           Min: 0, Avg:  0.0, Max: 0, Diff: 0, Sum: 0, Workers: 4
[480.743s][debug][gc,phases      ] GC(241)     Total                          Min: 0, Avg:  0.0, Max: 0, Diff: 0, Sum: 0, Workers: 4
[480.743s][debug][gc,phases      ] GC(241)   Weak JFR Old Object Samples    Min:  0.0, Avg:  0.0, Max:  0.0, Diff:  0.0, Sum:  0.0, Workers: 4
[480.743s][debug][gc,phases      ] GC(241)     Dead                           Min: 0, Avg:  0.0, Max: 0, Diff: 0, Sum: 0, Workers: 4
[480.744s][debug][gc,phases      ] GC(241)     Total                          Min: 0, Avg:  0.0, Max: 0, Diff: 0, Sum: 0, Workers: 4
[480.744s][debug][gc,phases      ] GC(241) Weak Processing 0.334ms
[480.744s][debug][gc,age         ] GC(241) Desired survivor size 182976512 bytes, new threshold 15 (max threshold 15)
[480.744s][info ][gc,heap        ] GC(241) PSYoungGen: 1716928K(1901568K)->5184K(1918464K) Eden: 1710592K(1710592K)->0K(1733120K) From: 6336K(190976K)->5184K(185344K)
[480.744s][info ][gc,heap        ] GC(241) ParOldGen: 712225K(813056K)->712313K(813056K)
[480.744s][info ][gc,metaspace   ] GC(241) Metaspace: 86644K(87552K)->86644K(87552K) NonClass: 74679K(75136K)->74679K(75136K) Class: 11964K(12416K)->11964K(12416K)
[480.744s][info ][gc             ] GC(241) Pause Young (Allocation Failure) 2372M->700M(2667M) 4.505ms
[480.744s][info ][gc,cpu         ] GC(241) User=0.01s Sys=0.00s Real=0.01s
[480.744s][info ][safepoint      ] Safepoint "ParallelGCFailedAllocation", Time since last: 1893139598 ns, Reaching safepoint: 116707 ns, At safepoint: 4596264 ns, Total: 4712971 ns
[484.744s][info ][safepoint      ] Safepoint "Cleanup", Time since last: 4000297604 ns, Reaching safepoint: 118806 ns, At safepoint: 10001 ns, Total: 128807 ns
[485.741s][info ][safepoint      ] Safepoint "ParallelGCFailedAllocation", Time since last: 996462117 ns, Reaching safepoint: 56804 ns, At safepoint: 17501 ns, Total: 74305 ns
[485.741s][info ][gc,start       ] GC(242) Pause Young (GCLocker Initiated GC)
[485.745s][debug][gc,phases      ] GC(242) Scavenge 3.977ms
[485.745s][debug][gc,ref         ] GC(242) Skipped phase 1 of Reference Processing: no references
[485.745s][debug][gc,ref         ] GC(242) Skipped phase 2 of Reference Processing: no references
[485.745s][debug][gc,ref         ] GC(242) Skipped phase 3 of Reference Processing: no references
[485.745s][debug][gc,ref         ] GC(242) ReferenceProcessor::execute queues: 1, RefProcThreadModel::Single, marks_oops_alive: false
[485.745s][debug][gc,phases      ] GC(242) Reference Processing 0.116ms
[485.745s][debug][gc,phases      ] GC(242)   VM Weak                        Min:  0.0, Avg:  0.0, Max:  0.0, Diff:  0.0, Sum:  0.0, Workers: 4
[485.745s][debug][gc,phases      ] GC(242)     Dead                           Min: 0, Avg:  0.0, Max: 0, Diff: 0, Sum: 0, Workers: 4
[485.745s][debug][gc,phases      ] GC(242)     Total                          Min: 0, Avg: 186.2, Max: 704, Diff: 704, Sum: 745, Workers: 4
[485.745s][debug][gc,phases      ] GC(242)   ObjectSynchronizer Weak        Min:  0.0, Avg:  0.0, Max:  0.0, Diff:  0.0, Sum:  0.0, Workers: 4
[485.745s][debug][gc,phases      ] GC(242)     Dead                           Min: 0, Avg:  0.0, Max: 0, Diff: 0, Sum: 0, Workers: 4
[485.745s][debug][gc,phases      ] GC(242)     Total                          Min: 0, Avg: 139.8, Max: 303, Diff: 303, Sum: 559, Workers: 4
[485.745s][debug][gc,phases      ] GC(242)   JVMTI Tag Weak OopStorage      Min:  0.0, Avg:  0.0, Max:  0.0, Diff:  0.0, Sum:  0.0, Workers: 4
[485.745s][debug][gc,phases      ] GC(242)     Dead                           Min: 0, Avg:  0.0, Max: 0, Diff: 0, Sum: 0, Workers: 4
[485.745s][debug][gc,phases      ] GC(242)     Total                          Min: 0, Avg:  0.0, Max: 0, Diff: 0, Sum: 0, Workers: 4
[485.745s][debug][gc,phases      ] GC(242)   StringTable Weak               Min:  0.1, Avg:  0.1, Max:  0.1, Diff:  0.0, Sum:  0.4, Workers: 4
[485.745s][debug][gc,phases      ] GC(242)     Dead                           Min: 0, Avg:  0.0, Max: 0, Diff: 0, Sum: 0, Workers: 4
[485.745s][debug][gc,phases      ] GC(242)     Total                          Min: 11648, Avg: 12205.0, Max: 12852, Diff: 1204, Sum: 48820, Workers: 4
[485.745s][debug][gc,phases      ] GC(242)   ResolvedMethodTable Weak       Min:  0.0, Avg:  0.0, Max:  0.0, Diff:  0.0, Sum:  0.1, Workers: 4
[485.745s][debug][gc,phases      ] GC(242)     Dead                           Min: 0, Avg:  0.0, Max: 0, Diff: 0, Sum: 0, Workers: 4
[485.745s][debug][gc,phases      ] GC(242)     Total                          Min: 1984, Avg: 2232.0, Max: 2432, Diff: 448, Sum: 8928, Workers: 4
[485.745s][debug][gc,phases      ] GC(242)   JNI Weak                       Min:  0.0, Avg:  0.0, Max:  0.0, Diff:  0.0, Sum:  0.0, Workers: 4
[485.745s][debug][gc,phases      ] GC(242)     Dead                           Min: 0, Avg:  0.0, Max: 0, Diff: 0, Sum: 0, Workers: 4
[485.745s][debug][gc,phases      ] GC(242)     Total                          Min: 0, Avg:  0.0, Max: 0, Diff: 0, Sum: 0, Workers: 4
[485.745s][debug][gc,phases      ] GC(242)   StringDedup Table Weak         Min:  0.0, Avg:  0.0, Max:  0.0, Diff:  0.0, Sum:  0.0, Workers: 4
[485.745s][debug][gc,phases      ] GC(242)     Dead                           Min: 0, Avg:  0.0, Max: 0, Diff: 0, Sum: 0, Workers: 4
[485.745s][debug][gc,phases      ] GC(242)     Total                          Min: 0, Avg:  0.0, Max: 0, Diff: 0, Sum: 0, Workers: 4
[485.745s][debug][gc,phases      ] GC(242)   StringDedup Requests0 Weak     Min:  0.0, Avg:  0.0, Max:  0.0, Diff:  0.0, Sum:  0.0, Workers: 4
[485.745s][debug][gc,phases      ] GC(242)     Dead                           Min: 0, Avg:  0.0, Max: 0, Diff: 0, Sum: 0, Workers: 4
[485.745s][debug][gc,phases      ] GC(242)     Total                          Min: 0, Avg:  0.0, Max: 0, Diff: 0, Sum: 0, Workers: 4
[485.745s][debug][gc,phases      ] GC(242)   StringDedup Requests1 Weak     Min:  0.0, Avg:  0.0, Max:  0.0, Diff:  0.0, Sum:  0.0, Workers: 4
[485.745s][debug][gc,phases      ] GC(242)     Dead                           Min: 0, Avg:  0.0, Max: 0, Diff: 0, Sum: 0, Workers: 4
[485.745s][debug][gc,phases      ] GC(242)     Total                          Min: 0, Avg:  0.0, Max: 0, Diff: 0, Sum: 0, Workers: 4
[485.745s][debug][gc,phases      ] GC(242)   Weak JFR Old Object Samples    Min:  0.0, Avg:  0.0, Max:  0.0, Diff:  0.0, Sum:  0.0, Workers: 4
[485.745s][debug][gc,phases      ] GC(242)     Dead                           Min: 0, Avg:  0.0, Max: 0, Diff: 0, Sum: 0, Workers: 4
[485.745s][debug][gc,phases      ] GC(242)     Total                          Min: 0, Avg:  0.0, Max: 0, Diff: 0, Sum: 0, Workers: 4
[485.745s][debug][gc,phases      ] GC(242) Weak Processing 0.322ms
[485.745s][debug][gc,age         ] GC(242) Desired survivor size 176160768 bytes, new threshold 15 (max threshold 15)
[485.745s][info ][gc,heap        ] GC(242) PSYoungGen: 1738304K(1918464K)->6496K(1911808K) Eden: 1733120K(1733120K)->0K(1733120K) From: 5184K(185344K)->6496K(178688K)
[485.745s][info ][gc,heap        ] GC(242) ParOldGen: 712329K(813056K)->712449K(813056K)
[485.745s][info ][gc,metaspace   ] GC(242) Metaspace: 86649K(87616K)->86649K(87616K) NonClass: 74685K(75200K)->74685K(75200K) Class: 11964K(12416K)->11964K(12416K)
[485.745s][info ][gc             ] GC(242) Pause Young (GCLocker Initiated GC) 2393M->702M(2661M) 4.542ms
[485.745s][info ][gc,cpu         ] GC(242) User=0.02s Sys=0.00s Real=0.01s
[485.745s][info ][safepoint      ] Safepoint "ParallelGCSystemGC", Time since last: 63303 ns, Reaching safepoint: 90706 ns, At safepoint: 4620965 ns, Total: 4711671 ns
[490.738s][info ][gc,start       ] GC(243) Pause Young (Allocation Failure)
[490.741s][debug][gc,phases      ] GC(243) Scavenge 3.579ms
[490.741s][debug][gc,ref         ] GC(243) Skipped phase 1 of Reference Processing: no references
[490.741s][debug][gc,ref         ] GC(243) Skipped phase 2 of Reference Processing: no references
[490.741s][debug][gc,ref         ] GC(243) Skipped phase 3 of Reference Processing: no references
[490.741s][debug][gc,ref         ] GC(243) ReferenceProcessor::execute queues: 1, RefProcThreadModel::Single, marks_oops_alive: false
[490.741s][debug][gc,phases      ] GC(243) Reference Processing 0.117ms
[490.742s][debug][gc,phases      ] GC(243)   VM Weak                        Min:  0.0, Avg:  0.0, Max:  0.0, Diff:  0.0, Sum:  0.0, Workers: 4
[490.742s][debug][gc,phases      ] GC(243)     Dead                           Min: 0, Avg:  0.0, Max: 0, Diff: 0, Sum: 0, Workers: 4
[490.742s][debug][gc,phases      ] GC(243)     Total                          Min: 0, Avg: 186.2, Max: 681, Diff: 681, Sum: 745, Workers: 4
[490.742s][debug][gc,phases      ] GC(243)   ObjectSynchronizer Weak        Min:  0.0, Avg:  0.0, Max:  0.0, Diff:  0.0, Sum:  0.0, Workers: 4
[490.742s][debug][gc,phases      ] GC(243)     Dead                           Min: 0, Avg:  0.0, Max: 0, Diff: 0, Sum: 0, Workers: 4
[490.742s][debug][gc,phases      ] GC(243)     Total                          Min: 0, Avg: 139.8, Max: 320, Diff: 320, Sum: 559, Workers: 4
[490.742s][debug][gc,phases      ] GC(243)   JVMTI Tag Weak OopStorage      Min:  0.0, Avg:  0.0, Max:  0.0, Diff:  0.0, Sum:  0.0, Workers: 4
[490.742s][debug][gc,phases      ] GC(243)     Dead                           Min: 0, Avg:  0.0, Max: 0, Diff: 0, Sum: 0, Workers: 4
[490.742s][debug][gc,phases      ] GC(243)     Total                          Min: 0, Avg:  0.0, Max: 0, Diff: 0, Sum: 0, Workers: 4
[490.742s][debug][gc,phases      ] GC(243)   StringTable Weak               Min:  0.1, Avg:  0.1, Max:  0.1, Diff:  0.0, Sum:  0.4, Workers: 4
[490.742s][debug][gc,phases      ] GC(243)     Dead                           Min: 0, Avg:  0.0, Max: 0, Diff: 0, Sum: 0, Workers: 4
[490.742s][debug][gc,phases      ] GC(243)     Total                          Min: 11712, Avg: 12205.0, Max: 13056, Diff: 1344, Sum: 48820, Workers: 4
[490.742s][debug][gc,phases      ] GC(243)   ResolvedMethodTable Weak       Min:  0.0, Avg:  0.0, Max:  0.0, Diff:  0.0, Sum:  0.1, Workers: 4
[490.742s][debug][gc,phases      ] GC(243)     Dead                           Min: 0, Avg:  0.0, Max: 0, Diff: 0, Sum: 0, Workers: 4
[490.742s][debug][gc,phases      ] GC(243)     Total                          Min: 1984, Avg: 2232.0, Max: 2336, Diff: 352, Sum: 8928, Workers: 4
[490.742s][debug][gc,phases      ] GC(243)   JNI Weak                       Min:  0.0, Avg:  0.0, Max:  0.0, Diff:  0.0, Sum:  0.0, Workers: 4
[490.742s][debug][gc,phases      ] GC(243)     Dead                           Min: 0, Avg:  0.0, Max: 0, Diff: 0, Sum: 0, Workers: 4
[490.742s][debug][gc,phases      ] GC(243)     Total                          Min: 0, Avg:  0.0, Max: 0, Diff: 0, Sum: 0, Workers: 4
[490.742s][debug][gc,phases      ] GC(243)   StringDedup Table Weak         Min:  0.0, Avg:  0.0, Max:  0.0, Diff:  0.0, Sum:  0.0, Workers: 4
[490.742s][debug][gc,phases      ] GC(243)     Dead                           Min: 0, Avg:  0.0, Max: 0, Diff: 0, Sum: 0, Workers: 4
[490.742s][debug][gc,phases      ] GC(243)     Total                          Min: 0, Avg:  0.0, Max: 0, Diff: 0, Sum: 0, Workers: 4
[490.742s][debug][gc,phases      ] GC(243)   StringDedup Requests0 Weak     Min:  0.0, Avg:  0.0, Max:  0.0, Diff:  0.0, Sum:  0.0, Workers: 4
[490.742s][debug][gc,phases      ] GC(243)     Dead                           Min: 0, Avg:  0.0, Max: 0, Diff: 0, Sum: 0, Workers: 4
[490.742s][debug][gc,phases      ] GC(243)     Total                          Min: 0, Avg:  0.0, Max: 0, Diff: 0, Sum: 0, Workers: 4
[490.742s][debug][gc,phases      ] GC(243)   StringDedup Requests1 Weak     Min:  0.0, Avg:  0.0, Max:  0.0, Diff:  0.0, Sum:  0.0, Workers: 4
[490.742s][debug][gc,phases      ] GC(243)     Dead                           Min: 0, Avg:  0.0, Max: 0, Diff: 0, Sum: 0, Workers: 4
[490.742s][debug][gc,phases      ] GC(243)     Total                          Min: 0, Avg:  0.0, Max: 0, Diff: 0, Sum: 0, Workers: 4
[490.742s][debug][gc,phases      ] GC(243)   Weak JFR Old Object Samples    Min:  0.0, Avg:  0.0, Max:  0.0, Diff:  0.0, Sum:  0.0, Workers: 4
[490.742s][debug][gc,phases      ] GC(243)     Dead                           Min: 0, Avg:  0.0, Max: 0, Diff: 0, Sum: 0, Workers: 4
[490.742s][debug][gc,phases      ] GC(243)     Total                          Min: 0, Avg:  0.0, Max: 0, Diff: 0, Sum: 0, Workers: 4
[490.742s][debug][gc,phases      ] GC(243) Weak Processing 0.343ms
[490.742s][debug][gc,age         ] GC(243) Desired survivor size 168820736 bytes, new threshold 15 (max threshold 15)
[490.742s][info ][gc,heap        ] GC(243) PSYoungGen: 1739616K(1911808K)->5696K(1932288K) Eden: 1733120K(1733120K)->0K(1760256K) From: 6496K(178688K)->5696K(172032K)
[490.742s][info ][gc,heap        ] GC(243) ParOldGen: 712451K(813056K)->712564K(813056K)
[490.742s][info ][gc,metaspace   ] GC(243) Metaspace: 86649K(87616K)->86649K(87616K) NonClass: 74685K(75200K)->74685K(75200K) Class: 11964K(12416K)->11964K(12416K)
[490.742s][info ][gc             ] GC(243) Pause Young (Allocation Failure) 2394M->701M(2681M) 4.179ms
[490.742s][info ][gc,cpu         ] GC(243) User=0.02s Sys=0.00s Real=0.00s
[490.742s][info ][safepoint      ] Safepoint "ParallelGCFailedAllocation", Time since last: 4992219654 ns, Reaching safepoint: 109906 ns, At safepoint: 4268845 ns, Total: 4378751 ns
[492.742s][info ][safepoint      ] Safepoint "Cleanup", Time since last: 2000154948 ns, Reaching safepoint: 126807 ns, At safepoint: 8401 ns, Total: 135208 ns
[493.742s][info ][safepoint      ] Safepoint "Cleanup", Time since last: 1000110125 ns, Reaching safepoint: 116206 ns, At safepoint: 8101 ns, Total: 124307 ns
[494.743s][info ][safepoint      ] Safepoint "Cleanup", Time since last: 1000099124 ns, Reaching safepoint: 127108 ns, At safepoint: 11100 ns, Total: 138208 ns
[495.835s][info ][gc,start       ] GC(244) Pause Young (Allocation Failure)
[495.838s][debug][gc,phases      ] GC(244) Scavenge 3.407ms
[495.838s][debug][gc,ref         ] GC(244) Skipped phase 1 of Reference Processing: no references
[495.838s][debug][gc,ref         ] GC(244) Skipped phase 2 of Reference Processing: no references
[495.838s][debug][gc,ref         ] GC(244) Skipped phase 3 of Reference Processing: no references
[495.838s][debug][gc,ref         ] GC(244) ReferenceProcessor::execute queues: 1, RefProcThreadModel::Single, marks_oops_alive: false
[495.838s][debug][gc,phases      ] GC(244) Reference Processing 0.125ms
[495.839s][debug][gc,phases      ] GC(244)   VM Weak                        Min:  0.0, Avg:  0.0, Max:  0.0, Diff:  0.0, Sum:  0.0, Workers: 4
[495.839s][debug][gc,phases      ] GC(244)     Dead                           Min: 0, Avg:  0.0, Max: 0, Diff: 0, Sum: 0, Workers: 4
[495.839s][debug][gc,phases      ] GC(244)     Total                          Min: 0, Avg: 186.2, Max: 745, Diff: 745, Sum: 745, Workers: 4
[495.839s][debug][gc,phases      ] GC(244)   ObjectSynchronizer Weak        Min:  0.0, Avg:  0.0, Max:  0.0, Diff:  0.0, Sum:  0.0, Workers: 4
[495.839s][debug][gc,phases      ] GC(244)     Dead                           Min: 0, Avg:  0.0, Max: 0, Diff: 0, Sum: 0, Workers: 4
[495.839s][debug][gc,phases      ] GC(244)     Total                          Min: 0, Avg: 139.8, Max: 512, Diff: 512, Sum: 559, Workers: 4
[495.839s][debug][gc,phases      ] GC(244)   JVMTI Tag Weak OopStorage      Min:  0.0, Avg:  0.0, Max:  0.0, Diff:  0.0, Sum:  0.0, Workers: 4
[495.839s][debug][gc,phases      ] GC(244)     Dead                           Min: 0, Avg:  0.0, Max: 0, Diff: 0, Sum: 0, Workers: 4
[495.839s][debug][gc,phases      ] GC(244)     Total                          Min: 0, Avg:  0.0, Max: 0, Diff: 0, Sum: 0, Workers: 4
[495.839s][debug][gc,phases      ] GC(244)   StringTable Weak               Min:  0.1, Avg:  0.1, Max:  0.1, Diff:  0.0, Sum:  0.4, Workers: 4
[495.839s][debug][gc,phases      ] GC(244)     Dead                           Min: 0, Avg:  0.0, Max: 0, Diff: 0, Sum: 0, Workers: 4
[495.839s][debug][gc,phases      ] GC(244)     Total                          Min: 10688, Avg: 12206.8, Max: 13051, Diff: 2363, Sum: 48827, Workers: 4
[495.839s][debug][gc,phases      ] GC(244)   ResolvedMethodTable Weak       Min:  0.0, Avg:  0.0, Max:  0.0, Diff:  0.0, Sum:  0.1, Workers: 4
[495.839s][debug][gc,phases      ] GC(244)     Dead                           Min: 0, Avg:  0.0, Max: 0, Diff: 0, Sum: 0, Workers: 4
[495.839s][debug][gc,phases      ] GC(244)     Total                          Min: 1984, Avg: 2232.0, Max: 2464, Diff: 480, Sum: 8928, Workers: 4
[495.839s][debug][gc,phases      ] GC(244)   JNI Weak                       Min:  0.0, Avg:  0.0, Max:  0.0, Diff:  0.0, Sum:  0.0, Workers: 4
[495.839s][debug][gc,phases      ] GC(244)     Dead                           Min: 0, Avg:  0.0, Max: 0, Diff: 0, Sum: 0, Workers: 4
[495.839s][debug][gc,phases      ] GC(244)     Total                          Min: 0, Avg:  0.0, Max: 0, Diff: 0, Sum: 0, Workers: 4
[495.839s][debug][gc,phases      ] GC(244)   StringDedup Table Weak         Min:  0.0, Avg:  0.0, Max:  0.0, Diff:  0.0, Sum:  0.0, Workers: 4
[495.839s][debug][gc,phases      ] GC(244)     Dead                           Min: 0, Avg:  0.0, Max: 0, Diff: 0, Sum: 0, Workers: 4
[495.839s][debug][gc,phases      ] GC(244)     Total                          Min: 0, Avg:  0.0, Max: 0, Diff: 0, Sum: 0, Workers: 4
[495.839s][debug][gc,phases      ] GC(244)   StringDedup Requests0 Weak     Min:  0.0, Avg:  0.0, Max:  0.0, Diff:  0.0, Sum:  0.0, Workers: 4
[495.839s][debug][gc,phases      ] GC(244)     Dead                           Min: 0, Avg:  0.0, Max: 0, Diff: 0, Sum: 0, Workers: 4
[495.839s][debug][gc,phases      ] GC(244)     Total                          Min: 0, Avg:  0.0, Max: 0, Diff: 0, Sum: 0, Workers: 4
[495.839s][debug][gc,phases      ] GC(244)   StringDedup Requests1 Weak     Min:  0.0, Avg:  0.0, Max:  0.0, Diff:  0.0, Sum:  0.0, Workers: 4
[495.839s][debug][gc,phases      ] GC(244)     Dead                           Min: 0, Avg:  0.0, Max: 0, Diff: 0, Sum: 0, Workers: 4
[495.839s][debug][gc,phases      ] GC(244)     Total                          Min: 0, Avg:  0.0, Max: 0, Diff: 0, Sum: 0, Workers: 4
[495.839s][debug][gc,phases      ] GC(244)   Weak JFR Old Object Samples    Min:  0.0, Avg:  0.0, Max:  0.0, Diff:  0.0, Sum:  0.0, Workers: 4
[495.839s][debug][gc,phases      ] GC(244)     Dead                           Min: 0, Avg:  0.0, Max: 0, Diff: 0, Sum: 0, Workers: 4
[495.839s][debug][gc,phases      ] GC(244)     Total                          Min: 0, Avg:  0.0, Max: 0, Diff: 0, Sum: 0, Workers: 4
[495.839s][debug][gc,phases      ] GC(244) Weak Processing 0.342ms
[495.839s][debug][gc,age         ] GC(244) Desired survivor size 161480704 bytes, new threshold 15 (max threshold 15)
[495.839s][info ][gc,heap        ] GC(244) PSYoungGen: 1765952K(1932288K)->4272K(1925120K) Eden: 1760256K(1760256K)->0K(1760256K) From: 5696K(172032K)->4272K(164864K)
[495.839s][info ][gc,heap        ] GC(244) ParOldGen: 712564K(813056K)->712640K(813056K)
[495.839s][info ][gc,metaspace   ] GC(244) Metaspace: 86656K(87616K)->86656K(87616K) NonClass: 74691K(75200K)->74691K(75200K) Class: 11964K(12416K)->11964K(12416K)
[495.839s][info ][gc             ] GC(244) Pause Young (Allocation Failure) 2420M->700M(2674M) 4.010ms
[495.839s][info ][gc,cpu         ] GC(244) User=0.01s Sys=0.01s Real=0.00s
[495.839s][info ][safepoint      ] Safepoint "ParallelGCFailedAllocation", Time since last: 1091864302 ns, Reaching safepoint: 133708 ns, At safepoint: 4101236 ns, Total: 4234944 ns
[497.839s][info ][safepoint      ] Safepoint "Cleanup", Time since last: 2000158945 ns, Reaching safepoint: 124607 ns, At safepoint: 14601 ns, Total: 139208 ns
[499.839s][info ][safepoint      ] Safepoint "Cleanup", Time since last: 2000168445 ns, Reaching safepoint: 115906 ns, At safepoint: 11401 ns, Total: 127307 ns
[500.840s][info ][safepoint      ] Safepoint "Cleanup", Time since last: 1000093722 ns, Reaching safepoint: 133308 ns, At safepoint: 15101 ns, Total: 148409 ns
[500.937s][info ][safepoint      ] Safepoint "ParallelGCFailedAllocation", Time since last: 97378201 ns, Reaching safepoint: 32702 ns, At safepoint: 10600 ns, Total: 43302 ns
[500.937s][info ][gc,start       ] GC(245) Pause Young (GCLocker Initiated GC)
[500.941s][debug][gc,phases      ] GC(245) Scavenge 3.886ms
[500.941s][debug][gc,ref         ] GC(245) Skipped phase 1 of Reference Processing: no references
[500.941s][debug][gc,ref         ] GC(245) Skipped phase 2 of Reference Processing: no references
[500.941s][debug][gc,ref         ] GC(245) Skipped phase 3 of Reference Processing: no references
[500.941s][debug][gc,ref         ] GC(245) ReferenceProcessor::execute queues: 1, RefProcThreadModel::Single, marks_oops_alive: false
[500.941s][debug][gc,phases      ] GC(245) Reference Processing 0.115ms
[500.941s][debug][gc,phases      ] GC(245)   VM Weak                        Min:  0.0, Avg:  0.0, Max:  0.0, Diff:  0.0, Sum:  0.0, Workers: 4
[500.941s][debug][gc,phases      ] GC(245)     Dead                           Min: 0, Avg:  0.0, Max: 0, Diff: 0, Sum: 0, Workers: 4
[500.941s][debug][gc,phases      ] GC(245)     Total                          Min: 0, Avg: 186.2, Max: 448, Diff: 448, Sum: 745, Workers: 4
[500.941s][debug][gc,phases      ] GC(245)   ObjectSynchronizer Weak        Min:  0.0, Avg:  0.0, Max:  0.0, Diff:  0.0, Sum:  0.0, Workers: 4
[500.941s][debug][gc,phases      ] GC(245)     Dead                           Min: 0, Avg:  0.0, Max: 0, Diff: 0, Sum: 0, Workers: 4
[500.942s][debug][gc,phases      ] GC(245)     Total                          Min: 0, Avg: 139.8, Max: 320, Diff: 320, Sum: 559, Workers: 4
[500.942s][debug][gc,phases      ] GC(245)   JVMTI Tag Weak OopStorage      Min:  0.0, Avg:  0.0, Max:  0.0, Diff:  0.0, Sum:  0.0, Workers: 4
[500.942s][debug][gc,phases      ] GC(245)     Dead                           Min: 0, Avg:  0.0, Max: 0, Diff: 0, Sum: 0, Workers: 4
[500.942s][debug][gc,phases      ] GC(245)     Total                          Min: 0, Avg:  0.0, Max: 0, Diff: 0, Sum: 0, Workers: 4
[500.942s][debug][gc,phases      ] GC(245)   StringTable Weak               Min:  0.1, Avg:  0.1, Max:  0.1, Diff:  0.0, Sum:  0.4, Workers: 4
[500.942s][debug][gc,phases      ] GC(245)     Dead                           Min: 0, Avg:  0.0, Max: 0, Diff: 0, Sum: 0, Workers: 4
[500.942s][debug][gc,phases      ] GC(245)     Total                          Min: 11776, Avg: 12206.8, Max: 12608, Diff: 832, Sum: 48827, Workers: 4
[500.942s][debug][gc,phases      ] GC(245)   ResolvedMethodTable Weak       Min:  0.0, Avg:  0.0, Max:  0.0, Diff:  0.0, Sum:  0.1, Workers: 4
[500.942s][debug][gc,phases      ] GC(245)     Dead                           Min: 0, Avg:  0.0, Max: 0, Diff: 0, Sum: 0, Workers: 4
[500.942s][debug][gc,phases      ] GC(245)     Total                          Min: 2112, Avg: 2232.0, Max: 2304, Diff: 192, Sum: 8928, Workers: 4
[500.942s][debug][gc,phases      ] GC(245)   JNI Weak                       Min:  0.0, Avg:  0.0, Max:  0.0, Diff:  0.0, Sum:  0.0, Workers: 4
[500.942s][debug][gc,phases      ] GC(245)     Dead                           Min: 0, Avg:  0.0, Max: 0, Diff: 0, Sum: 0, Workers: 4
[500.942s][debug][gc,phases      ] GC(245)     Total                          Min: 0, Avg:  0.0, Max: 0, Diff: 0, Sum: 0, Workers: 4
[500.942s][debug][gc,phases      ] GC(245)   StringDedup Table Weak         Min:  0.0, Avg:  0.0, Max:  0.0, Diff:  0.0, Sum:  0.0, Workers: 4
[500.942s][debug][gc,phases      ] GC(245)     Dead                           Min: 0, Avg:  0.0, Max: 0, Diff: 0, Sum: 0, Workers: 4
[500.942s][debug][gc,phases      ] GC(245)     Total                          Min: 0, Avg:  0.0, Max: 0, Diff: 0, Sum: 0, Workers: 4
[500.942s][debug][gc,phases      ] GC(245)   StringDedup Requests0 Weak     Min:  0.0, Avg:  0.0, Max:  0.0, Diff:  0.0, Sum:  0.0, Workers: 4
[500.942s][debug][gc,phases      ] GC(245)     Dead                           Min: 0, Avg:  0.0, Max: 0, Diff: 0, Sum: 0, Workers: 4
[500.942s][debug][gc,phases      ] GC(245)     Total                          Min: 0, Avg:  0.0, Max: 0, Diff: 0, Sum: 0, Workers: 4
[500.942s][debug][gc,phases      ] GC(245)   StringDedup Requests1 Weak     Min:  0.0, Avg:  0.0, Max:  0.0, Diff:  0.0, Sum:  0.0, Workers: 4
[500.942s][debug][gc,phases      ] GC(245)     Dead                           Min: 0, Avg:  0.0, Max: 0, Diff: 0, Sum: 0, Workers: 4
[500.942s][debug][gc,phases      ] GC(245)     Total                          Min: 0, Avg:  0.0, Max: 0, Diff: 0, Sum: 0, Workers: 4
[500.942s][debug][gc,phases      ] GC(245)   Weak JFR Old Object Samples    Min:  0.0, Avg:  0.0, Max:  0.0, Diff:  0.0, Sum:  0.0, Workers: 4
[500.942s][debug][gc,phases      ] GC(245)     Dead                           Min: 0, Avg:  0.0, Max: 0, Diff: 0, Sum: 0, Workers: 4
[500.942s][debug][gc,phases      ] GC(245)     Total                          Min: 0, Avg:  0.0, Max: 0, Diff: 0, Sum: 0, Workers: 4
[500.942s][debug][gc,phases      ] GC(245) Weak Processing 0.335ms
[500.942s][debug][gc,age         ] GC(245) Desired survivor size 153616384 bytes, new threshold 15 (max threshold 15)
[500.942s][info ][gc,heap        ] GC(245) PSYoungGen: 1764528K(1925120K)->5104K(1947136K) Eden: 1760256K(1760256K)->0K(1789440K) From: 4272K(164864K)->5104K(157696K)
[500.942s][info ][gc,heap        ] GC(245) ParOldGen: 712658K(813056K)->712706K(813056K)
[500.942s][info ][gc,metaspace   ] GC(245) Metaspace: 86658K(87616K)->86658K(87616K) NonClass: 74693K(75200K)->74693K(75200K) Class: 11964K(12416K)->11964K(12416K)
[500.942s][info ][gc             ] GC(245) Pause Young (GCLocker Initiated GC) 2419M->700M(2695M) 4.445ms
[500.942s][info ][gc,cpu         ] GC(245) User=0.02s Sys=0.00s Real=0.00s
[500.942s][info ][safepoint      ] Safepoint "ParallelGCSystemGC", Time since last: 109807 ns, Reaching safepoint: 18001 ns, At safepoint: 4514759 ns, Total: 4532760 ns
[501.942s][info ][safepoint      ] Safepoint "Cleanup", Time since last: 1000086522 ns, Reaching safepoint: 142308 ns, At safepoint: 12001 ns, Total: 154309 ns
[503.942s][info ][safepoint      ] Safepoint "Cleanup", Time since last: 2000172343 ns, Reaching safepoint: 124107 ns, At safepoint: 12201 ns, Total: 136308 ns
[504.942s][info ][safepoint      ] Safepoint "Cleanup", Time since last: 1000066820 ns, Reaching safepoint: 122207 ns, At safepoint: 11700 ns, Total: 133907 ns
[505.996s][info ][gc,start       ] GC(246) Pause Young (Allocation Failure)
[506.000s][debug][gc,phases      ] GC(246) Scavenge 3.953ms
[506.000s][debug][gc,ref         ] GC(246) Skipped phase 1 of Reference Processing: no references
[506.000s][debug][gc,ref         ] GC(246) Skipped phase 2 of Reference Processing: no references
[506.000s][debug][gc,ref         ] GC(246) Skipped phase 3 of Reference Processing: no references
[506.000s][debug][gc,ref         ] GC(246) ReferenceProcessor::execute queues: 1, RefProcThreadModel::Single, marks_oops_alive: false
[506.000s][debug][gc,phases      ] GC(246) Reference Processing 0.117ms
[506.000s][debug][gc,phases      ] GC(246)   VM Weak                        Min:  0.0, Avg:  0.0, Max:  0.0, Diff:  0.0, Sum:  0.0, Workers: 4
[506.000s][debug][gc,phases      ] GC(246)     Dead                           Min: 0, Avg:  0.0, Max: 0, Diff: 0, Sum: 0, Workers: 4
[506.000s][debug][gc,phases      ] GC(246)     Total                          Min: 0, Avg: 186.2, Max: 745, Diff: 745, Sum: 745, Workers: 4
[506.000s][debug][gc,phases      ] GC(246)   ObjectSynchronizer Weak        Min:  0.0, Avg:  0.0, Max:  0.0, Diff:  0.0, Sum:  0.0, Workers: 4
[506.000s][debug][gc,phases      ] GC(246)     Dead                           Min: 0, Avg:  0.0, Max: 0, Diff: 0, Sum: 0, Workers: 4
[506.000s][debug][gc,phases      ] GC(246)     Total                          Min: 0, Avg: 139.8, Max: 495, Diff: 495, Sum: 559, Workers: 4
[506.000s][debug][gc,phases      ] GC(246)   JVMTI Tag Weak OopStorage      Min:  0.0, Avg:  0.0, Max:  0.0, Diff:  0.0, Sum:  0.0, Workers: 4
[506.000s][debug][gc,phases      ] GC(246)     Dead                           Min: 0, Avg:  0.0, Max: 0, Diff: 0, Sum: 0, Workers: 4
[506.000s][debug][gc,phases      ] GC(246)     Total                          Min: 0, Avg:  0.0, Max: 0, Diff: 0, Sum: 0, Workers: 4
[506.000s][debug][gc,phases      ] GC(246)   StringTable Weak               Min:  0.1, Avg:  0.1, Max:  0.1, Diff:  0.0, Sum:  0.4, Workers: 4
[506.000s][debug][gc,phases      ] GC(246)     Dead                           Min: 0, Avg:  0.0, Max: 0, Diff: 0, Sum: 0, Workers: 4
[506.000s][debug][gc,phases      ] GC(246)     Total                          Min: 11264, Avg: 12206.8, Max: 13056, Diff: 1792, Sum: 48827, Workers: 4
[506.000s][debug][gc,phases      ] GC(246)   ResolvedMethodTable Weak       Min:  0.0, Avg:  0.0, Max:  0.0, Diff:  0.0, Sum:  0.1, Workers: 4
[506.000s][debug][gc,phases      ] GC(246)     Dead                           Min: 0, Avg:  0.0, Max: 0, Diff: 0, Sum: 0, Workers: 4
[506.000s][debug][gc,phases      ] GC(246)     Total                          Min: 2144, Avg: 2232.0, Max: 2368, Diff: 224, Sum: 8928, Workers: 4
[506.000s][debug][gc,phases      ] GC(246)   JNI Weak                       Min:  0.0, Avg:  0.0, Max:  0.0, Diff:  0.0, Sum:  0.0, Workers: 4
[506.000s][debug][gc,phases      ] GC(246)     Dead                           Min: 0, Avg:  0.0, Max: 0, Diff: 0, Sum: 0, Workers: 4
[506.000s][debug][gc,phases      ] GC(246)     Total                          Min: 0, Avg:  0.0, Max: 0, Diff: 0, Sum: 0, Workers: 4
[506.000s][debug][gc,phases      ] GC(246)   StringDedup Table Weak         Min:  0.0, Avg:  0.0, Max:  0.0, Diff:  0.0, Sum:  0.0, Workers: 4
[506.000s][debug][gc,phases      ] GC(246)     Dead                           Min: 0, Avg:  0.0, Max: 0, Diff: 0, Sum: 0, Workers: 4
[506.000s][debug][gc,phases      ] GC(246)     Total                          Min: 0, Avg:  0.0, Max: 0, Diff: 0, Sum: 0, Workers: 4
[506.000s][debug][gc,phases      ] GC(246)   StringDedup Requests0 Weak     Min:  0.0, Avg:  0.0, Max:  0.0, Diff:  0.0, Sum:  0.0, Workers: 4
[506.000s][debug][gc,phases      ] GC(246)     Dead                           Min: 0, Avg:  0.0, Max: 0, Diff: 0, Sum: 0, Workers: 4
[506.000s][debug][gc,phases      ] GC(246)     Total                          Min: 0, Avg:  0.0, Max: 0, Diff: 0, Sum: 0, Workers: 4
[506.000s][debug][gc,phases      ] GC(246)   StringDedup Requests1 Weak     Min:  0.0, Avg:  0.0, Max:  0.0, Diff:  0.0, Sum:  0.0, Workers: 4
[506.000s][debug][gc,phases      ] GC(246)     Dead                           Min: 0, Avg:  0.0, Max: 0, Diff: 0, Sum: 0, Workers: 4
[506.000s][debug][gc,phases      ] GC(246)     Total                          Min: 0, Avg:  0.0, Max: 0, Diff: 0, Sum: 0, Workers: 4
[506.000s][debug][gc,phases      ] GC(246)   Weak JFR Old Object Samples    Min:  0.0, Avg:  0.0, Max:  0.0, Diff:  0.0, Sum:  0.0, Workers: 4
[506.000s][debug][gc,phases      ] GC(246)     Dead                           Min: 0, Avg:  0.0, Max: 0, Diff: 0, Sum: 0, Workers: 4
[506.000s][debug][gc,phases      ] GC(246)     Total                          Min: 0, Avg:  0.0, Max: 0, Diff: 0, Sum: 0, Workers: 4
[506.000s][debug][gc,phases      ] GC(246) Weak Processing 0.322ms
[506.000s][debug][gc,age         ] GC(246) Desired survivor size 145752064 bytes, new threshold 15 (max threshold 15)
[506.000s][info ][gc,heap        ] GC(246) PSYoungGen: 1794544K(1947136K)->5456K(1939456K) Eden: 1789440K(1789440K)->0K(1789440K) From: 5104K(157696K)->5456K(150016K)
[506.000s][info ][gc,heap        ] GC(246) ParOldGen: 712707K(813056K)->712839K(813056K)
[506.000s][info ][gc,metaspace   ] GC(246) Metaspace: 86658K(87616K)->86658K(87616K) NonClass: 74694K(75200K)->74694K(75200K) Class: 11964K(12416K)->11964K(12416K)
[506.000s][info ][gc             ] GC(246) Pause Young (Allocation Failure) 2448M->701M(2688M) 4.524ms
[506.000s][info ][gc,cpu         ] GC(246) User=0.01s Sys=0.00s Real=0.00s
[506.000s][info ][safepoint      ] Safepoint "ParallelGCFailedAllocation", Time since last: 1053158073 ns, Reaching safepoint: 119107 ns, At safepoint: 4608765 ns, Total: 4727872 ns
[508.001s][info ][safepoint      ] Safepoint "Cleanup", Time since last: 2000114538 ns, Reaching safepoint: 120807 ns, At safepoint: 14101 ns, Total: 134908 ns
[509.001s][info ][safepoint      ] Safepoint "Cleanup", Time since last: 1000102921 ns, Reaching safepoint: 122707 ns, At safepoint: 11300 ns, Total: 134007 ns
[510.001s][info ][safepoint      ] Safepoint "Cleanup", Time since last: 1000106321 ns, Reaching safepoint: 121907 ns, At safepoint: 14601 ns, Total: 136508 ns
[511.184s][info ][gc,start       ] GC(247) Pause Young (Allocation Failure)
[511.187s][debug][gc,phases      ] GC(247) Scavenge 3.254ms
[511.187s][debug][gc,ref         ] GC(247) Skipped phase 1 of Reference Processing: no references
[511.187s][debug][gc,ref         ] GC(247) Skipped phase 2 of Reference Processing: no references
[511.187s][debug][gc,ref         ] GC(247) Skipped phase 3 of Reference Processing: no references
[511.187s][debug][gc,ref         ] GC(247) ReferenceProcessor::execute queues: 1, RefProcThreadModel::Single, marks_oops_alive: false
[511.187s][debug][gc,phases      ] GC(247) Reference Processing 0.099ms
[511.187s][debug][gc,phases      ] GC(247)   VM Weak                        Min:  0.0, Avg:  0.0, Max:  0.0, Diff:  0.0, Sum:  0.0, Workers: 4
[511.187s][debug][gc,phases      ] GC(247)     Dead                           Min: 0, Avg:  0.0, Max: 0, Diff: 0, Sum: 0, Workers: 4
[511.187s][debug][gc,phases      ] GC(247)     Total                          Min: 0, Avg: 186.2, Max: 425, Diff: 425, Sum: 745, Workers: 4
[511.187s][debug][gc,phases      ] GC(247)   ObjectSynchronizer Weak        Min:  0.0, Avg:  0.0, Max:  0.0, Diff:  0.0, Sum:  0.0, Workers: 4
[511.187s][debug][gc,phases      ] GC(247)     Dead                           Min: 0, Avg:  0.0, Max: 0, Diff: 0, Sum: 0, Workers: 4
[511.187s][debug][gc,phases      ] GC(247)     Total                          Min: 0, Avg: 139.8, Max: 239, Diff: 239, Sum: 559, Workers: 4
[511.187s][debug][gc,phases      ] GC(247)   JVMTI Tag Weak OopStorage      Min:  0.0, Avg:  0.0, Max:  0.0, Diff:  0.0, Sum:  0.0, Workers: 4
[511.187s][debug][gc,phases      ] GC(247)     Dead                           Min: 0, Avg:  0.0, Max: 0, Diff: 0, Sum: 0, Workers: 4
[511.187s][debug][gc,phases      ] GC(247)     Total                          Min: 0, Avg:  0.0, Max: 0, Diff: 0, Sum: 0, Workers: 4
[511.187s][debug][gc,phases      ] GC(247)   StringTable Weak               Min:  0.1, Avg:  0.1, Max:  0.1, Diff:  0.0, Sum:  0.4, Workers: 4
[511.187s][debug][gc,phases      ] GC(247)     Dead                           Min: 0, Avg:  0.0, Max: 0, Diff: 0, Sum: 0, Workers: 4
[511.187s][debug][gc,phases      ] GC(247)     Total                          Min: 11515, Avg: 12206.8, Max: 13312, Diff: 1797, Sum: 48827, Workers: 4
[511.187s][debug][gc,phases      ] GC(247)   ResolvedMethodTable Weak       Min:  0.0, Avg:  0.0, Max:  0.0, Diff:  0.0, Sum:  0.1, Workers: 4
[511.187s][debug][gc,phases      ] GC(247)     Dead                           Min: 0, Avg:  0.0, Max: 0, Diff: 0, Sum: 0, Workers: 4
[511.187s][debug][gc,phases      ] GC(247)     Total                          Min: 2112, Avg: 2232.0, Max: 2432, Diff: 320, Sum: 8928, Workers: 4
[511.187s][debug][gc,phases      ] GC(247)   JNI Weak                       Min:  0.0, Avg:  0.0, Max:  0.0, Diff:  0.0, Sum:  0.0, Workers: 4
[511.187s][debug][gc,phases      ] GC(247)     Dead                           Min: 0, Avg:  0.0, Max: 0, Diff: 0, Sum: 0, Workers: 4
[511.187s][debug][gc,phases      ] GC(247)     Total                          Min: 0, Avg:  0.0, Max: 0, Diff: 0, Sum: 0, Workers: 4
[511.187s][debug][gc,phases      ] GC(247)   StringDedup Table Weak         Min:  0.0, Avg:  0.0, Max:  0.0, Diff:  0.0, Sum:  0.0, Workers: 4
[511.187s][debug][gc,phases      ] GC(247)     Dead                           Min: 0, Avg:  0.0, Max: 0, Diff: 0, Sum: 0, Workers: 4
[511.187s][debug][gc,phases      ] GC(247)     Total                          Min: 0, Avg:  0.0, Max: 0, Diff: 0, Sum: 0, Workers: 4
[511.187s][debug][gc,phases      ] GC(247)   StringDedup Requests0 Weak     Min:  0.0, Avg:  0.0, Max:  0.0, Diff:  0.0, Sum:  0.0, Workers: 4
[511.187s][debug][gc,phases      ] GC(247)     Dead                           Min: 0, Avg:  0.0, Max: 0, Diff: 0, Sum: 0, Workers: 4
[511.187s][debug][gc,phases      ] GC(247)     Total                          Min: 0, Avg:  0.0, Max: 0, Diff: 0, Sum: 0, Workers: 4
[511.187s][debug][gc,phases      ] GC(247)   StringDedup Requests1 Weak     Min:  0.0, Avg:  0.0, Max:  0.0, Diff:  0.0, Sum:  0.0, Workers: 4
[511.187s][debug][gc,phases      ] GC(247)     Dead                           Min: 0, Avg:  0.0, Max: 0, Diff: 0, Sum: 0, Workers: 4
[511.187s][debug][gc,phases      ] GC(247)     Total                          Min: 0, Avg:  0.0, Max: 0, Diff: 0, Sum: 0, Workers: 4
[511.187s][debug][gc,phases      ] GC(247)   Weak JFR Old Object Samples    Min:  0.0, Avg:  0.0, Max:  0.0, Diff:  0.0, Sum:  0.0, Workers: 4
[511.187s][debug][gc,phases      ] GC(247)     Dead                           Min: 0, Avg:  0.0, Max: 0, Diff: 0, Sum: 0, Workers: 4
[511.187s][debug][gc,phases      ] GC(247)     Total                          Min: 0, Avg:  0.0, Max: 0, Diff: 0, Sum: 0, Workers: 4
[511.187s][debug][gc,phases      ] GC(247) Weak Processing 0.341ms
[511.187s][debug][gc,age         ] GC(247) Desired survivor size 138412032 bytes, new threshold 15 (max threshold 15)
[511.187s][info ][gc,heap        ] GC(247) PSYoungGen: 1794896K(1939456K)->4192K(1961984K) Eden: 1789440K(1789440K)->0K(1819648K) From: 5456K(150016K)->4192K(142336K)
[511.187s][info ][gc,heap        ] GC(247) ParOldGen: 712839K(813056K)->712927K(813056K)
[511.187s][info ][gc,metaspace   ] GC(247) Metaspace: 86661K(87616K)->86661K(87616K) NonClass: 74696K(75200K)->74696K(75200K) Class: 11964K(12416K)->11964K(12416K)
[511.187s][info ][gc             ] GC(247) Pause Young (Allocation Failure) 2448M->700M(2710M) 3.828ms
[511.187s][info ][gc,cpu         ] GC(247) User=0.01s Sys=0.00s Real=0.00s
[511.187s][info ][safepoint      ] Safepoint "ParallelGCFailedAllocation", Time since last: 1182316900 ns, Reaching safepoint: 124308 ns, At safepoint: 3921125 ns, Total: 4045433 ns
[513.188s][info ][safepoint      ] Safepoint "Cleanup", Time since last: 2000152937 ns, Reaching safepoint: 125807 ns, At safepoint: 9501 ns, Total: 135308 ns
[515.188s][info ][safepoint      ] Safepoint "Cleanup", Time since last: 2000164437 ns, Reaching safepoint: 118907 ns, At safepoint: 11100 ns, Total: 130007 ns
[516.292s][info ][gc,start       ] GC(248) Pause Young (Allocation Failure)
[516.296s][debug][gc,phases      ] GC(248) Scavenge 4.260ms
[516.296s][debug][gc,ref         ] GC(248) Skipped phase 1 of Reference Processing: no references
[516.296s][debug][gc,ref         ] GC(248) Skipped phase 2 of Reference Processing: no references
[516.296s][debug][gc,ref         ] GC(248) Skipped phase 3 of Reference Processing: no references
[516.297s][debug][gc,ref         ] GC(248) ReferenceProcessor::execute queues: 1, RefProcThreadModel::Single, marks_oops_alive: false
[516.297s][debug][gc,phases      ] GC(248) Reference Processing 0.102ms
[516.297s][debug][gc,phases      ] GC(248)   VM Weak                        Min:  0.0, Avg:  0.0, Max:  0.0, Diff:  0.0, Sum:  0.0, Workers: 4
[516.297s][debug][gc,phases      ] GC(248)     Dead                           Min: 0, Avg:  0.0, Max: 0, Diff: 0, Sum: 0, Workers: 4
[516.297s][debug][gc,phases      ] GC(248)     Total                          Min: 0, Avg: 186.2, Max: 681, Diff: 681, Sum: 745, Workers: 4
[516.297s][debug][gc,phases      ] GC(248)   ObjectSynchronizer Weak        Min:  0.0, Avg:  0.0, Max:  0.0, Diff:  0.0, Sum:  0.0, Workers: 4
[516.297s][debug][gc,phases      ] GC(248)     Dead                           Min: 0, Avg:  0.0, Max: 0, Diff: 0, Sum: 0, Workers: 4
[516.297s][debug][gc,phases      ] GC(248)     Total                          Min: 0, Avg: 139.8, Max: 256, Diff: 256, Sum: 559, Workers: 4
[516.297s][debug][gc,phases      ] GC(248)   JVMTI Tag Weak OopStorage      Min:  0.0, Avg:  0.0, Max:  0.0, Diff:  0.0, Sum:  0.0, Workers: 4
[516.297s][debug][gc,phases      ] GC(248)     Dead                           Min: 0, Avg:  0.0, Max: 0, Diff: 0, Sum: 0, Workers: 4
[516.297s][debug][gc,phases      ] GC(248)     Total                          Min: 0, Avg:  0.0, Max: 0, Diff: 0, Sum: 0, Workers: 4
[516.297s][debug][gc,phases      ] GC(248)   StringTable Weak               Min:  0.1, Avg:  0.1, Max:  0.1, Diff:  0.0, Sum:  0.4, Workers: 4
[516.297s][debug][gc,phases      ] GC(248)     Dead                           Min: 0, Avg:  0.0, Max: 0, Diff: 0, Sum: 0, Workers: 4
[516.297s][debug][gc,phases      ] GC(248)     Total                          Min: 11131, Avg: 12206.8, Max: 12864, Diff: 1733, Sum: 48827, Workers: 4
[516.297s][debug][gc,phases      ] GC(248)   ResolvedMethodTable Weak       Min:  0.0, Avg:  0.0, Max:  0.0, Diff:  0.0, Sum:  0.1, Workers: 4
[516.297s][debug][gc,phases      ] GC(248)     Dead                           Min: 0, Avg:  0.0, Max: 0, Diff: 0, Sum: 0, Workers: 4
[516.297s][debug][gc,phases      ] GC(248)     Total                          Min: 2112, Avg: 2232.0, Max: 2368, Diff: 256, Sum: 8928, Workers: 4
[516.297s][debug][gc,phases      ] GC(248)   JNI Weak                       Min:  0.0, Avg:  0.0, Max:  0.0, Diff:  0.0, Sum:  0.0, Workers: 4
[516.297s][debug][gc,phases      ] GC(248)     Dead                           Min: 0, Avg:  0.0, Max: 0, Diff: 0, Sum: 0, Workers: 4
[516.297s][debug][gc,phases      ] GC(248)     Total                          Min: 0, Avg:  0.0, Max: 0, Diff: 0, Sum: 0, Workers: 4
[516.297s][debug][gc,phases      ] GC(248)   StringDedup Table Weak         Min:  0.0, Avg:  0.0, Max:  0.0, Diff:  0.0, Sum:  0.0, Workers: 4
[516.297s][debug][gc,phases      ] GC(248)     Dead                           Min: 0, Avg:  0.0, Max: 0, Diff: 0, Sum: 0, Workers: 4
[516.297s][debug][gc,phases      ] GC(248)     Total                          Min: 0, Avg:  0.0, Max: 0, Diff: 0, Sum: 0, Workers: 4
[516.297s][debug][gc,phases      ] GC(248)   StringDedup Requests0 Weak     Min:  0.0, Avg:  0.0, Max:  0.0, Diff:  0.0, Sum:  0.0, Workers: 4
[516.297s][debug][gc,phases      ] GC(248)     Dead                           Min: 0, Avg:  0.0, Max: 0, Diff: 0, Sum: 0, Workers: 4
[516.297s][debug][gc,phases      ] GC(248)     Total                          Min: 0, Avg:  0.0, Max: 0, Diff: 0, Sum: 0, Workers: 4
[516.297s][debug][gc,phases      ] GC(248)   StringDedup Requests1 Weak     Min:  0.0, Avg:  0.0, Max:  0.0, Diff:  0.0, Sum:  0.0, Workers: 4
[516.297s][debug][gc,phases      ] GC(248)     Dead                           Min: 0, Avg:  0.0, Max: 0, Diff: 0, Sum: 0, Workers: 4
[516.297s][debug][gc,phases      ] GC(248)     Total                          Min: 0, Avg:  0.0, Max: 0, Diff: 0, Sum: 0, Workers: 4
[516.297s][debug][gc,phases      ] GC(248)   Weak JFR Old Object Samples    Min:  0.0, Avg:  0.0, Max:  0.0, Diff:  0.0, Sum:  0.0, Workers: 4
[516.297s][debug][gc,phases      ] GC(248)     Dead                           Min: 0, Avg:  0.0, Max: 0, Diff: 0, Sum: 0, Workers: 4
[516.297s][debug][gc,phases      ] GC(248)     Total                          Min: 0, Avg:  0.0, Max: 0, Diff: 0, Sum: 0, Workers: 4
[516.297s][debug][gc,phases      ] GC(248) Weak Processing 0.298ms
[516.297s][debug][gc,age         ] GC(248) Desired survivor size 130547712 bytes, new threshold 15 (max threshold 15)
[516.297s][info ][gc,heap        ] GC(248) PSYoungGen: 1823840K(1961984K)->5600K(1954816K) Eden: 1819648K(1819648K)->0K(1819648K) From: 4192K(142336K)->5600K(135168K)
[516.297s][info ][gc,heap        ] GC(248) ParOldGen: 712927K(813056K)->713031K(813056K)
[516.297s][info ][gc,metaspace   ] GC(248) Metaspace: 86661K(87616K)->86661K(87616K) NonClass: 74696K(75200K)->74696K(75200K) Class: 11964K(12416K)->11964K(12416K)
[516.297s][info ][gc             ] GC(248) Pause Young (Allocation Failure) 2477M->701M(2703M) 4.795ms
[516.297s][info ][gc,cpu         ] GC(248) User=0.02s Sys=0.00s Real=0.01s
[516.297s][info ][safepoint      ] Safepoint "ParallelGCFailedAllocation", Time since last: 1103995195 ns, Reaching safepoint: 102305 ns, At safepoint: 4871981 ns, Total: 4974286 ns
[521.584s][info ][gc,start       ] GC(249) Pause Young (Allocation Failure)
[521.588s][debug][gc,phases      ] GC(249) Scavenge 3.795ms
[521.588s][debug][gc,ref         ] GC(249) Skipped phase 1 of Reference Processing: no references
[521.588s][debug][gc,ref         ] GC(249) Skipped phase 2 of Reference Processing: no references
[521.588s][debug][gc,ref         ] GC(249) Skipped phase 3 of Reference Processing: no references
[521.588s][debug][gc,ref         ] GC(249) ReferenceProcessor::execute queues: 1, RefProcThreadModel::Single, marks_oops_alive: false
[521.588s][debug][gc,phases      ] GC(249) Reference Processing 0.113ms
[521.588s][debug][gc,phases      ] GC(249)   VM Weak                        Min:  0.0, Avg:  0.0, Max:  0.0, Diff:  0.0, Sum:  0.0, Workers: 4
[521.588s][debug][gc,phases      ] GC(249)     Dead                           Min: 0, Avg:  0.0, Max: 0, Diff: 0, Sum: 0, Workers: 4
[521.588s][debug][gc,phases      ] GC(249)     Total                          Min: 0, Avg: 186.2, Max: 489, Diff: 489, Sum: 745, Workers: 4
[521.588s][debug][gc,phases      ] GC(249)   ObjectSynchronizer Weak        Min:  0.0, Avg:  0.0, Max:  0.0, Diff:  0.0, Sum:  0.0, Workers: 4
[521.588s][debug][gc,phases      ] GC(249)     Dead                           Min: 0, Avg:  0.0, Max: 0, Diff: 0, Sum: 0, Workers: 4
[521.588s][debug][gc,phases      ] GC(249)     Total                          Min: 0, Avg: 139.8, Max: 303, Diff: 303, Sum: 559, Workers: 4
[521.588s][debug][gc,phases      ] GC(249)   JVMTI Tag Weak OopStorage      Min:  0.0, Avg:  0.0, Max:  0.0, Diff:  0.0, Sum:  0.0, Workers: 4
[521.588s][debug][gc,phases      ] GC(249)     Dead                           Min: 0, Avg:  0.0, Max: 0, Diff: 0, Sum: 0, Workers: 4
[521.588s][debug][gc,phases      ] GC(249)     Total                          Min: 0, Avg:  0.0, Max: 0, Diff: 0, Sum: 0, Workers: 4
[521.588s][debug][gc,phases      ] GC(249)   StringTable Weak               Min:  0.1, Avg:  0.1, Max:  0.1, Diff:  0.0, Sum:  0.4, Workers: 4
[521.588s][debug][gc,phases      ] GC(249)     Dead                           Min: 0, Avg:  0.0, Max: 0, Diff: 0, Sum: 0, Workers: 4
[521.588s][debug][gc,phases      ] GC(249)     Total                          Min: 11456, Avg: 12206.8, Max: 13115, Diff: 1659, Sum: 48827, Workers: 4
[521.588s][debug][gc,phases      ] GC(249)   ResolvedMethodTable Weak       Min:  0.0, Avg:  0.0, Max:  0.0, Diff:  0.0, Sum:  0.1, Workers: 4
[521.588s][debug][gc,phases      ] GC(249)     Dead                           Min: 0, Avg:  0.0, Max: 0, Diff: 0, Sum: 0, Workers: 4
[521.588s][debug][gc,phases      ] GC(249)     Total                          Min: 1984, Avg: 2232.0, Max: 2368, Diff: 384, Sum: 8928, Workers: 4
[521.588s][debug][gc,phases      ] GC(249)   JNI Weak                       Min:  0.0, Avg:  0.0, Max:  0.0, Diff:  0.0, Sum:  0.0, Workers: 4
[521.588s][debug][gc,phases      ] GC(249)     Dead                           Min: 0, Avg:  0.0, Max: 0, Diff: 0, Sum: 0, Workers: 4
[521.588s][debug][gc,phases      ] GC(249)     Total                          Min: 0, Avg:  0.0, Max: 0, Diff: 0, Sum: 0, Workers: 4
[521.589s][debug][gc,phases      ] GC(249)   StringDedup Table Weak         Min:  0.0, Avg:  0.0, Max:  0.0, Diff:  0.0, Sum:  0.0, Workers: 4
[521.589s][debug][gc,phases      ] GC(249)     Dead                           Min: 0, Avg:  0.0, Max: 0, Diff: 0, Sum: 0, Workers: 4
[521.589s][debug][gc,phases      ] GC(249)     Total                          Min: 0, Avg:  0.0, Max: 0, Diff: 0, Sum: 0, Workers: 4
[521.589s][debug][gc,phases      ] GC(249)   StringDedup Requests0 Weak     Min:  0.0, Avg:  0.0, Max:  0.0, Diff:  0.0, Sum:  0.0, Workers: 4
[521.589s][debug][gc,phases      ] GC(249)     Dead                           Min: 0, Avg:  0.0, Max: 0, Diff: 0, Sum: 0, Workers: 4
[521.589s][debug][gc,phases      ] GC(249)     Total                          Min: 0, Avg:  0.0, Max: 0, Diff: 0, Sum: 0, Workers: 4
[521.589s][debug][gc,phases      ] GC(249)   StringDedup Requests1 Weak     Min:  0.0, Avg:  0.0, Max:  0.0, Diff:  0.0, Sum:  0.0, Workers: 4
[521.589s][debug][gc,phases      ] GC(249)     Dead                           Min: 0, Avg:  0.0, Max: 0, Diff: 0, Sum: 0, Workers: 4
[521.589s][debug][gc,phases      ] GC(249)     Total                          Min: 0, Avg:  0.0, Max: 0, Diff: 0, Sum: 0, Workers: 4
[521.589s][debug][gc,phases      ] GC(249)   Weak JFR Old Object Samples    Min:  0.0, Avg:  0.0, Max:  0.0, Diff:  0.0, Sum:  0.0, Workers: 4
[521.589s][debug][gc,phases      ] GC(249)     Dead                           Min: 0, Avg:  0.0, Max: 0, Diff: 0, Sum: 0, Workers: 4
[521.589s][debug][gc,phases      ] GC(249)     Total                          Min: 0, Avg:  0.0, Max: 0, Diff: 0, Sum: 0, Workers: 4
[521.589s][debug][gc,phases      ] GC(249) Weak Processing 0.336ms
[521.589s][debug][gc,age         ] GC(249) Desired survivor size 123731968 bytes, new threshold 15 (max threshold 15)
[521.589s][info ][gc,heap        ] GC(249) PSYoungGen: 1825248K(1954816K)->4208K(1976320K) Eden: 1819648K(1819648K)->0K(1848832K) From: 5600K(135168K)->4208K(127488K)
[521.589s][info ][gc,heap        ] GC(249) ParOldGen: 713031K(813056K)->713079K(813056K)
[521.589s][info ][gc,metaspace   ] GC(249) Metaspace: 86661K(87616K)->86661K(87616K) NonClass: 74696K(75200K)->74696K(75200K) Class: 11964K(12416K)->11964K(12416K)
[521.589s][info ][gc             ] GC(249) Pause Young (Allocation Failure) 2478M->700M(2724M) 4.374ms
[521.589s][info ][gc,cpu         ] GC(249) User=0.02s Sys=0.00s Real=0.00s
[521.589s][info ][safepoint      ] Safepoint "ParallelGCFailedAllocation", Time since last: 5287082373 ns, Reaching safepoint: 122907 ns, At safepoint: 4463357 ns, Total: 4586264 ns
[524.589s][info ][safepoint      ] Safepoint "Cleanup", Time since last: 3000207946 ns, Reaching safepoint: 66104 ns, At safepoint: 8601 ns, Total: 74705 ns
[525.589s][info ][safepoint      ] Safepoint "Cleanup", Time since last: 1000100016 ns, Reaching safepoint: 105606 ns, At safepoint: 11401 ns, Total: 117007 ns
[526.986s][info ][safepoint      ] Safepoint "ParallelGCFailedAllocation", Time since last: 1396960340 ns, Reaching safepoint: 50403 ns, At safepoint: 12701 ns, Total: 63104 ns
[526.986s][info ][gc,start       ] GC(250) Pause Young (GCLocker Initiated GC)
[526.990s][debug][gc,phases      ] GC(250) Scavenge 3.634ms
[526.990s][debug][gc,ref         ] GC(250) Skipped phase 1 of Reference Processing: no references
[526.990s][debug][gc,ref         ] GC(250) Skipped phase 2 of Reference Processing: no references
[526.990s][debug][gc,ref         ] GC(250) Skipped phase 3 of Reference Processing: no references
[526.990s][debug][gc,ref         ] GC(250) ReferenceProcessor::execute queues: 1, RefProcThreadModel::Single, marks_oops_alive: false
[526.990s][debug][gc,phases      ] GC(250) Reference Processing 0.117ms
[526.990s][debug][gc,phases      ] GC(250)   VM Weak                        Min:  0.0, Avg:  0.0, Max:  0.0, Diff:  0.0, Sum:  0.0, Workers: 4
[526.990s][debug][gc,phases      ] GC(250)     Dead                           Min: 0, Avg:  0.0, Max: 0, Diff: 0, Sum: 0, Workers: 4
[526.990s][debug][gc,phases      ] GC(250)     Total                          Min: 0, Avg: 186.2, Max: 448, Diff: 448, Sum: 745, Workers: 4
[526.990s][debug][gc,phases      ] GC(250)   ObjectSynchronizer Weak        Min:  0.0, Avg:  0.0, Max:  0.0, Diff:  0.0, Sum:  0.0, Workers: 4
[526.990s][debug][gc,phases      ] GC(250)     Dead                           Min: 0, Avg:  0.0, Max: 0, Diff: 0, Sum: 0, Workers: 4
[526.990s][debug][gc,phases      ] GC(250)     Total                          Min: 0, Avg: 139.8, Max: 256, Diff: 256, Sum: 559, Workers: 4
[526.990s][debug][gc,phases      ] GC(250)   JVMTI Tag Weak OopStorage      Min:  0.0, Avg:  0.0, Max:  0.0, Diff:  0.0, Sum:  0.0, Workers: 4
[526.990s][debug][gc,phases      ] GC(250)     Dead                           Min: 0, Avg:  0.0, Max: 0, Diff: 0, Sum: 0, Workers: 4
[526.990s][debug][gc,phases      ] GC(250)     Total                          Min: 0, Avg:  0.0, Max: 0, Diff: 0, Sum: 0, Workers: 4
[526.990s][debug][gc,phases      ] GC(250)   StringTable Weak               Min:  0.1, Avg:  0.1, Max:  0.1, Diff:  0.0, Sum:  0.4, Workers: 4
[526.990s][debug][gc,phases      ] GC(250)     Dead                           Min: 0, Avg:  0.0, Max: 0, Diff: 0, Sum: 0, Workers: 4
[526.990s][debug][gc,phases      ] GC(250)     Total                          Min: 11200, Avg: 12206.8, Max: 13184, Diff: 1984, Sum: 48827, Workers: 4
[526.990s][debug][gc,phases      ] GC(250)   ResolvedMethodTable Weak       Min:  0.0, Avg:  0.0, Max:  0.0, Diff:  0.0, Sum:  0.1, Workers: 4
[526.990s][debug][gc,phases      ] GC(250)     Dead                           Min: 0, Avg:  0.0, Max: 0, Diff: 0, Sum: 0, Workers: 4
[526.990s][debug][gc,phases      ] GC(250)     Total                          Min: 1824, Avg: 2232.0, Max: 2560, Diff: 736, Sum: 8928, Workers: 4
[526.990s][debug][gc,phases      ] GC(250)   JNI Weak                       Min:  0.0, Avg:  0.0, Max:  0.0, Diff:  0.0, Sum:  0.0, Workers: 4
[526.990s][debug][gc,phases      ] GC(250)     Dead                           Min: 0, Avg:  0.0, Max: 0, Diff: 0, Sum: 0, Workers: 4
[526.990s][debug][gc,phases      ] GC(250)     Total                          Min: 0, Avg:  0.0, Max: 0, Diff: 0, Sum: 0, Workers: 4
[526.990s][debug][gc,phases      ] GC(250)   StringDedup Table Weak         Min:  0.0, Avg:  0.0, Max:  0.0, Diff:  0.0, Sum:  0.0, Workers: 4
[526.990s][debug][gc,phases      ] GC(250)     Dead                           Min: 0, Avg:  0.0, Max: 0, Diff: 0, Sum: 0, Workers: 4
[526.990s][debug][gc,phases      ] GC(250)     Total                          Min: 0, Avg:  0.0, Max: 0, Diff: 0, Sum: 0, Workers: 4
[526.990s][debug][gc,phases      ] GC(250)   StringDedup Requests0 Weak     Min:  0.0, Avg:  0.0, Max:  0.0, Diff:  0.0, Sum:  0.0, Workers: 4
[526.990s][debug][gc,phases      ] GC(250)     Dead                           Min: 0, Avg:  0.0, Max: 0, Diff: 0, Sum: 0, Workers: 4
[526.990s][debug][gc,phases      ] GC(250)     Total                          Min: 0, Avg:  0.0, Max: 0, Diff: 0, Sum: 0, Workers: 4
[526.990s][debug][gc,phases      ] GC(250)   StringDedup Requests1 Weak     Min:  0.0, Avg:  0.0, Max:  0.0, Diff:  0.0, Sum:  0.0, Workers: 4
[526.990s][debug][gc,phases      ] GC(250)     Dead                           Min: 0, Avg:  0.0, Max: 0, Diff: 0, Sum: 0, Workers: 4
[526.990s][debug][gc,phases      ] GC(250)     Total                          Min: 0, Avg:  0.0, Max: 0, Diff: 0, Sum: 0, Workers: 4
[526.990s][debug][gc,phases      ] GC(250)   Weak JFR Old Object Samples    Min:  0.0, Avg:  0.0, Max:  0.0, Diff:  0.0, Sum:  0.0, Workers: 4
[526.990s][debug][gc,phases      ] GC(250)     Dead                           Min: 0, Avg:  0.0, Max: 0, Diff: 0, Sum: 0, Workers: 4
[526.990s][debug][gc,phases      ] GC(250)     Total                          Min: 0, Avg:  0.0, Max: 0, Diff: 0, Sum: 0, Workers: 4
[526.990s][debug][gc,phases      ] GC(250) Weak Processing 0.365ms
[526.991s][debug][gc,age         ] GC(250) Desired survivor size 116391936 bytes, new threshold 15 (max threshold 15)
[526.991s][info ][gc,heap        ] GC(250) PSYoungGen: 1853040K(1976320K)->5088K(1969664K) Eden: 1848832K(1848832K)->0K(1848832K) From: 4208K(127488K)->5088K(120832K)
[526.991s][info ][gc,heap        ] GC(250) ParOldGen: 713080K(813056K)->713192K(813056K)
[526.991s][info ][gc,metaspace   ] GC(250) Metaspace: 86662K(87616K)->86662K(87616K) NonClass: 74698K(75200K)->74698K(75200K) Class: 11964K(12416K)->11964K(12416K)
[526.991s][info ][gc             ] GC(250) Pause Young (GCLocker Initiated GC) 2505M->701M(2717M) 4.234ms
[526.991s][info ][gc,cpu         ] GC(250) User=0.01s Sys=0.00s Real=0.00s
[526.991s][info ][safepoint      ] Safepoint "ParallelGCSystemGC", Time since last: 81705 ns, Reaching safepoint: 15700 ns, At safepoint: 4320049 ns, Total: 4335749 ns
[527.991s][info ][safepoint      ] Safepoint "Cleanup", Time since last: 1000092416 ns, Reaching safepoint: 134207 ns, At safepoint: 6701 ns, Total: 140908 ns
[528.991s][info ][safepoint      ] Safepoint "Cleanup", Time since last: 1000098416 ns, Reaching safepoint: 149608 ns, At safepoint: 11101 ns, Total: 160709 ns
[529.991s][info ][safepoint      ] Safepoint "Cleanup", Time since last: 1000098116 ns, Reaching safepoint: 126707 ns, At safepoint: 11700 ns, Total: 138407 ns
[530.991s][info ][safepoint      ] Safepoint "Cleanup", Time since last: 1000095416 ns, Reaching safepoint: 50003 ns, At safepoint: 14800 ns, Total: 64803 ns
[531.992s][info ][safepoint      ] Safepoint "Cleanup", Time since last: 1000102116 ns, Reaching safepoint: 130907 ns, At safepoint: 12101 ns, Total: 143008 ns
[532.363s][info ][gc,start       ] GC(251) Pause Young (Allocation Failure)
[532.366s][debug][gc,phases      ] GC(251) Scavenge 3.284ms
[532.366s][debug][gc,ref         ] GC(251) Skipped phase 1 of Reference Processing: no references
[532.367s][debug][gc,ref         ] GC(251) ReferenceProcessor::execute queues: 1, RefProcThreadModel::Single, marks_oops_alive: false
[532.367s][debug][gc,ref         ] GC(251) Skipped phase 3 of Reference Processing: no references
[532.367s][debug][gc,ref         ] GC(251) ReferenceProcessor::execute queues: 1, RefProcThreadModel::Single, marks_oops_alive: false
[532.367s][debug][gc,phases      ] GC(251) Reference Processing 0.121ms
[532.367s][debug][gc,phases      ] GC(251)   VM Weak                        Min:  0.0, Avg:  0.0, Max:  0.0, Diff:  0.0, Sum:  0.0, Workers: 4
[532.367s][debug][gc,phases      ] GC(251)     Dead                           Min: 0, Avg:  0.0, Max: 0, Diff: 0, Sum: 0, Workers: 4
[532.367s][debug][gc,phases      ] GC(251)     Total                          Min: 0, Avg: 186.2, Max: 448, Diff: 448, Sum: 745, Workers: 4
[532.367s][debug][gc,phases      ] GC(251)   ObjectSynchronizer Weak        Min:  0.0, Avg:  0.0, Max:  0.0, Diff:  0.0, Sum:  0.0, Workers: 4
[532.367s][debug][gc,phases      ] GC(251)     Dead                           Min: 0, Avg:  0.0, Max: 0, Diff: 0, Sum: 0, Workers: 4
[532.367s][debug][gc,phases      ] GC(251)     Total                          Min: 0, Avg: 139.8, Max: 367, Diff: 367, Sum: 559, Workers: 4
[532.367s][debug][gc,phases      ] GC(251)   JVMTI Tag Weak OopStorage      Min:  0.0, Avg:  0.0, Max:  0.0, Diff:  0.0, Sum:  0.0, Workers: 4
[532.367s][debug][gc,phases      ] GC(251)     Dead                           Min: 0, Avg:  0.0, Max: 0, Diff: 0, Sum: 0, Workers: 4
[532.367s][debug][gc,phases      ] GC(251)     Total                          Min: 0, Avg:  0.0, Max: 0, Diff: 0, Sum: 0, Workers: 4
[532.367s][debug][gc,phases      ] GC(251)   StringTable Weak               Min:  0.1, Avg:  0.1, Max:  0.1, Diff:  0.0, Sum:  0.4, Workers: 4
[532.367s][debug][gc,phases      ] GC(251)     Dead                           Min: 0, Avg:  0.2, Max: 1, Diff: 1, Sum: 1, Workers: 4
[532.367s][debug][gc,phases      ] GC(251)     Total                          Min: 11328, Avg: 12210.2, Max: 12992, Diff: 1664, Sum: 48841, Workers: 4
[532.367s][debug][gc,phases      ] GC(251)   ResolvedMethodTable Weak       Min:  0.0, Avg:  0.0, Max:  0.0, Diff:  0.0, Sum:  0.1, Workers: 4
[532.367s][debug][gc,phases      ] GC(251)     Dead                           Min: 0, Avg:  0.0, Max: 0, Diff: 0, Sum: 0, Workers: 4
[532.367s][debug][gc,phases      ] GC(251)     Total                          Min: 2048, Avg: 2238.0, Max: 2368, Diff: 320, Sum: 8952, Workers: 4
[532.367s][debug][gc,phases      ] GC(251)   JNI Weak                       Min:  0.0, Avg:  0.0, Max:  0.0, Diff:  0.0, Sum:  0.0, Workers: 4
[532.367s][debug][gc,phases      ] GC(251)     Dead                           Min: 0, Avg:  0.0, Max: 0, Diff: 0, Sum: 0, Workers: 4
[532.367s][debug][gc,phases      ] GC(251)     Total                          Min: 0, Avg:  0.0, Max: 0, Diff: 0, Sum: 0, Workers: 4
[532.367s][debug][gc,phases      ] GC(251)   StringDedup Table Weak         Min:  0.0, Avg:  0.0, Max:  0.0, Diff:  0.0, Sum:  0.0, Workers: 4
[532.367s][debug][gc,phases      ] GC(251)     Dead                           Min: 0, Avg:  0.0, Max: 0, Diff: 0, Sum: 0, Workers: 4
[532.367s][debug][gc,phases      ] GC(251)     Total                          Min: 0, Avg:  0.0, Max: 0, Diff: 0, Sum: 0, Workers: 4
[532.367s][debug][gc,phases      ] GC(251)   StringDedup Requests0 Weak     Min:  0.0, Avg:  0.0, Max:  0.0, Diff:  0.0, Sum:  0.0, Workers: 4
[532.367s][debug][gc,phases      ] GC(251)     Dead                           Min: 0, Avg:  0.0, Max: 0, Diff: 0, Sum: 0, Workers: 4
[532.367s][debug][gc,phases      ] GC(251)     Total                          Min: 0, Avg:  0.0, Max: 0, Diff: 0, Sum: 0, Workers: 4
[532.367s][debug][gc,phases      ] GC(251)   StringDedup Requests1 Weak     Min:  0.0, Avg:  0.0, Max:  0.0, Diff:  0.0, Sum:  0.0, Workers: 4
[532.367s][debug][gc,phases      ] GC(251)     Dead                           Min: 0, Avg:  0.0, Max: 0, Diff: 0, Sum: 0, Workers: 4
[532.367s][debug][gc,phases      ] GC(251)     Total                          Min: 0, Avg:  0.0, Max: 0, Diff: 0, Sum: 0, Workers: 4
[532.367s][debug][gc,phases      ] GC(251)   Weak JFR Old Object Samples    Min:  0.0, Avg:  0.0, Max:  0.0, Diff:  0.0, Sum:  0.0, Workers: 4
[532.367s][debug][gc,phases      ] GC(251)     Dead                           Min: 0, Avg:  0.0, Max: 0, Diff: 0, Sum: 0, Workers: 4
[532.367s][debug][gc,phases      ] GC(251)     Total                          Min: 0, Avg:  0.0, Max: 0, Diff: 0, Sum: 0, Workers: 4
[532.367s][debug][gc,phases      ] GC(251) Weak Processing 0.330ms
[532.367s][debug][gc,age         ] GC(251) Desired survivor size 109576192 bytes, new threshold 15 (max threshold 15)
[532.367s][info ][gc,heap        ] GC(251) PSYoungGen: 1853920K(1969664K)->4128K(1990144K) Eden: 1848832K(1848832K)->0K(1876480K) From: 5088K(120832K)->4128K(113664K)
[532.367s][info ][gc,heap        ] GC(251) ParOldGen: 713193K(813056K)->713277K(813056K)
[532.367s][info ][gc,metaspace   ] GC(251) Metaspace: 86732K(87680K)->86732K(87680K) NonClass: 74759K(75264K)->74759K(75264K) Class: 11972K(12416K)->11972K(12416K)
[532.367s][info ][gc             ] GC(251) Pause Young (Allocation Failure) 2506M->700M(2737M) 3.855ms
[532.367s][info ][gc,cpu         ] GC(251) User=0.01s Sys=0.01s Real=0.00s
[532.367s][info ][safepoint      ] Safepoint "ParallelGCFailedAllocation", Time since last: 371263351 ns, Reaching safepoint: 29302 ns, At safepoint: 3936026 ns, Total: 3965328 ns
[533.367s][info ][safepoint      ] Safepoint "Cleanup", Time since last: 1000082514 ns, Reaching safepoint: 49603 ns, At safepoint: 8800 ns, Total: 58403 ns
[534.367s][info ][safepoint      ] Safepoint "Cleanup", Time since last: 1000106916 ns, Reaching safepoint: 61103 ns, At safepoint: 11701 ns, Total: 72804 ns
[536.367s][info ][safepoint      ] Safepoint "Cleanup", Time since last: 2000167027 ns, Reaching safepoint: 44902 ns, At safepoint: 3500 ns, Total: 48402 ns
[537.368s][info ][safepoint      ] Safepoint "Cleanup", Time since last: 1000108015 ns, Reaching safepoint: 49903 ns, At safepoint: 7200 ns, Total: 57103 ns
[537.838s][info ][gc,start       ] GC(252) Pause Young (Allocation Failure)
[537.843s][debug][gc,phases      ] GC(252) Scavenge 4.571ms
[537.843s][debug][gc,ref         ] GC(252) Skipped phase 1 of Reference Processing: no references
[537.843s][debug][gc,ref         ] GC(252) ReferenceProcessor::execute queues: 1, RefProcThreadModel::Single, marks_oops_alive: false
[537.843s][debug][gc,ref         ] GC(252) Skipped phase 3 of Reference Processing: no references
[537.843s][debug][gc,ref         ] GC(252) ReferenceProcessor::execute queues: 1, RefProcThreadModel::Single, marks_oops_alive: false
[537.843s][debug][gc,phases      ] GC(252) Reference Processing 0.138ms
[537.843s][debug][gc,phases      ] GC(252)   VM Weak                        Min:  0.0, Avg:  0.0, Max:  0.0, Diff:  0.0, Sum:  0.0, Workers: 4
[537.843s][debug][gc,phases      ] GC(252)     Dead                           Min: 0, Avg:  0.0, Max: 0, Diff: 0, Sum: 0, Workers: 4
[537.843s][debug][gc,phases      ] GC(252)     Total                          Min: 0, Avg: 186.2, Max: 384, Diff: 384, Sum: 745, Workers: 4
[537.843s][debug][gc,phases      ] GC(252)   ObjectSynchronizer Weak        Min:  0.0, Avg:  0.0, Max:  0.0, Diff:  0.0, Sum:  0.0, Workers: 4
[537.843s][debug][gc,phases      ] GC(252)     Dead                           Min: 0, Avg:  0.0, Max: 0, Diff: 0, Sum: 0, Workers: 4
[537.843s][debug][gc,phases      ] GC(252)     Total                          Min: 0, Avg: 139.8, Max: 303, Diff: 303, Sum: 559, Workers: 4
[537.843s][debug][gc,phases      ] GC(252)   JVMTI Tag Weak OopStorage      Min:  0.0, Avg:  0.0, Max:  0.0, Diff:  0.0, Sum:  0.0, Workers: 4
[537.843s][debug][gc,phases      ] GC(252)     Dead                           Min: 0, Avg:  0.0, Max: 0, Diff: 0, Sum: 0, Workers: 4
[537.843s][debug][gc,phases      ] GC(252)     Total                          Min: 0, Avg:  0.0, Max: 0, Diff: 0, Sum: 0, Workers: 4
[537.843s][debug][gc,phases      ] GC(252)   StringTable Weak               Min:  0.1, Avg:  0.1, Max:  0.1, Diff:  0.0, Sum:  0.5, Workers: 4
[537.843s][debug][gc,phases      ] GC(252)     Dead                           Min: 0, Avg:  0.0, Max: 0, Diff: 0, Sum: 0, Workers: 4
[537.843s][debug][gc,phases      ] GC(252)     Total                          Min: 11264, Avg: 12210.2, Max: 12800, Diff: 1536, Sum: 48841, Workers: 4
[537.843s][debug][gc,phases      ] GC(252)   ResolvedMethodTable Weak       Min:  0.0, Avg:  0.0, Max:  0.0, Diff:  0.0, Sum:  0.1, Workers: 4
[537.843s][debug][gc,phases      ] GC(252)     Dead                           Min: 0, Avg:  0.0, Max: 0, Diff: 0, Sum: 0, Workers: 4
[537.843s][debug][gc,phases      ] GC(252)     Total                          Min: 2105, Avg: 2238.2, Max: 2432, Diff: 327, Sum: 8953, Workers: 4
[537.843s][debug][gc,phases      ] GC(252)   JNI Weak                       Min:  0.0, Avg:  0.0, Max:  0.0, Diff:  0.0, Sum:  0.0, Workers: 4
[537.843s][debug][gc,phases      ] GC(252)     Dead                           Min: 0, Avg:  0.0, Max: 0, Diff: 0, Sum: 0, Workers: 4
[537.843s][debug][gc,phases      ] GC(252)     Total                          Min: 0, Avg:  0.0, Max: 0, Diff: 0, Sum: 0, Workers: 4
[537.843s][debug][gc,phases      ] GC(252)   StringDedup Table Weak         Min:  0.0, Avg:  0.0, Max:  0.0, Diff:  0.0, Sum:  0.0, Workers: 4
[537.843s][debug][gc,phases      ] GC(252)     Dead                           Min: 0, Avg:  0.0, Max: 0, Diff: 0, Sum: 0, Workers: 4
[537.843s][debug][gc,phases      ] GC(252)     Total                          Min: 0, Avg:  0.0, Max: 0, Diff: 0, Sum: 0, Workers: 4
[537.843s][debug][gc,phases      ] GC(252)   StringDedup Requests0 Weak     Min:  0.0, Avg:  0.0, Max:  0.0, Diff:  0.0, Sum:  0.0, Workers: 4
[537.843s][debug][gc,phases      ] GC(252)     Dead                           Min: 0, Avg:  0.0, Max: 0, Diff: 0, Sum: 0, Workers: 4
[537.843s][debug][gc,phases      ] GC(252)     Total                          Min: 0, Avg:  0.0, Max: 0, Diff: 0, Sum: 0, Workers: 4
[537.843s][debug][gc,phases      ] GC(252)   StringDedup Requests1 Weak     Min:  0.0, Avg:  0.0, Max:  0.0, Diff:  0.0, Sum:  0.0, Workers: 4
[537.843s][debug][gc,phases      ] GC(252)     Dead                           Min: 0, Avg:  0.0, Max: 0, Diff: 0, Sum: 0, Workers: 4
[537.843s][debug][gc,phases      ] GC(252)     Total                          Min: 0, Avg:  0.0, Max: 0, Diff: 0, Sum: 0, Workers: 4
[537.843s][debug][gc,phases      ] GC(252)   Weak JFR Old Object Samples    Min:  0.0, Avg:  0.0, Max:  0.0, Diff:  0.0, Sum:  0.0, Workers: 4
[537.843s][debug][gc,phases      ] GC(252)     Dead                           Min: 0, Avg:  0.0, Max: 0, Diff: 0, Sum: 0, Workers: 4
[537.843s][debug][gc,phases      ] GC(252)     Total                          Min: 0, Avg:  0.0, Max: 0, Diff: 0, Sum: 0, Workers: 4
[537.843s][debug][gc,phases      ] GC(252) Weak Processing 0.325ms
[537.843s][debug][gc,age         ] GC(252) Desired survivor size 102760448 bytes, new threshold 15 (max threshold 15)
[537.843s][info ][gc,heap        ] GC(252) PSYoungGen: 1880608K(1990144K)->6016K(1983488K) Eden: 1876480K(1876480K)->0K(1876480K) From: 4128K(113664K)->6016K(107008K)
[537.843s][info ][gc,heap        ] GC(252) ParOldGen: 713277K(813056K)->713349K(813056K)
[537.843s][info ][gc,metaspace   ] GC(252) Metaspace: 86739K(87680K)->86739K(87680K) NonClass: 74766K(75264K)->74766K(75264K) Class: 11973K(12416K)->11973K(12416K)
[537.843s][info ][gc             ] GC(252) Pause Young (Allocation Failure) 2533M->702M(2731M) 5.155ms
[537.843s][info ][gc,cpu         ] GC(252) User=0.01s Sys=0.01s Real=0.01s
[537.843s][info ][safepoint      ] Safepoint "ParallelGCFailedAllocation", Time since last: 470260144 ns, Reaching safepoint: 110106 ns, At safepoint: 5234701 ns, Total: 5344807 ns
[538.843s][info ][safepoint      ] Safepoint "Cleanup", Time since last: 1000080113 ns, Reaching safepoint: 119207 ns, At safepoint: 12200 ns, Total: 131407 ns
[540.844s][info ][safepoint      ] Safepoint "Cleanup", Time since last: 2000161625 ns, Reaching safepoint: 123107 ns, At safepoint: 13000 ns, Total: 136107 ns
[541.844s][info ][safepoint      ] Safepoint "Cleanup", Time since last: 1000101014 ns, Reaching safepoint: 117106 ns, At safepoint: 10701 ns, Total: 127807 ns
[543.305s][info ][gc,start       ] GC(253) Pause Young (Allocation Failure)
[543.308s][debug][gc,phases      ] GC(253) Scavenge 3.551ms
[543.308s][debug][gc,ref         ] GC(253) Skipped phase 1 of Reference Processing: no references
[543.308s][debug][gc,ref         ] GC(253) ReferenceProcessor::execute queues: 1, RefProcThreadModel::Single, marks_oops_alive: false
[543.308s][debug][gc,ref         ] GC(253) Skipped phase 3 of Reference Processing: no references
[543.308s][debug][gc,ref         ] GC(253) ReferenceProcessor::execute queues: 1, RefProcThreadModel::Single, marks_oops_alive: false
[543.308s][debug][gc,phases      ] GC(253) Reference Processing 0.125ms
[543.309s][debug][gc,phases      ] GC(253)   VM Weak                        Min:  0.0, Avg:  0.0, Max:  0.0, Diff:  0.0, Sum:  0.0, Workers: 4
[543.309s][debug][gc,phases      ] GC(253)     Dead                           Min: 0, Avg:  0.0, Max: 0, Diff: 0, Sum: 0, Workers: 4
[543.309s][debug][gc,phases      ] GC(253)     Total                          Min: 0, Avg: 186.2, Max: 489, Diff: 489, Sum: 745, Workers: 4
[543.309s][debug][gc,phases      ] GC(253)   ObjectSynchronizer Weak        Min:  0.0, Avg:  0.0, Max:  0.0, Diff:  0.0, Sum:  0.0, Workers: 4
[543.309s][debug][gc,phases      ] GC(253)     Dead                           Min: 0, Avg:  0.0, Max: 0, Diff: 0, Sum: 0, Workers: 4
[543.309s][debug][gc,phases      ] GC(253)     Total                          Min: 0, Avg: 139.8, Max: 192, Diff: 192, Sum: 559, Workers: 4
[543.309s][debug][gc,phases      ] GC(253)   JVMTI Tag Weak OopStorage      Min:  0.0, Avg:  0.0, Max:  0.0, Diff:  0.0, Sum:  0.0, Workers: 4
[543.309s][debug][gc,phases      ] GC(253)     Dead                           Min: 0, Avg:  0.0, Max: 0, Diff: 0, Sum: 0, Workers: 4
[543.309s][debug][gc,phases      ] GC(253)     Total                          Min: 0, Avg:  0.0, Max: 0, Diff: 0, Sum: 0, Workers: 4
[543.309s][debug][gc,phases      ] GC(253)   StringTable Weak               Min:  0.1, Avg:  0.1, Max:  0.1, Diff:  0.0, Sum:  0.4, Workers: 4
[543.309s][debug][gc,phases      ] GC(253)     Dead                           Min: 0, Avg:  0.0, Max: 0, Diff: 0, Sum: 0, Workers: 4
[543.309s][debug][gc,phases      ] GC(253)     Total                          Min: 11264, Avg: 12210.5, Max: 13898, Diff: 2634, Sum: 48842, Workers: 4
[543.309s][debug][gc,phases      ] GC(253)   ResolvedMethodTable Weak       Min:  0.0, Avg:  0.0, Max:  0.0, Diff:  0.0, Sum:  0.1, Workers: 4
[543.309s][debug][gc,phases      ] GC(253)     Dead                           Min: 0, Avg:  0.0, Max: 0, Diff: 0, Sum: 0, Workers: 4
[543.309s][debug][gc,phases      ] GC(253)     Total                          Min: 1984, Avg: 2238.2, Max: 2489, Diff: 505, Sum: 8953, Workers: 4
[543.309s][debug][gc,phases      ] GC(253)   JNI Weak                       Min:  0.0, Avg:  0.0, Max:  0.0, Diff:  0.0, Sum:  0.0, Workers: 4
[543.309s][debug][gc,phases      ] GC(253)     Dead                           Min: 0, Avg:  0.0, Max: 0, Diff: 0, Sum: 0, Workers: 4
[543.309s][debug][gc,phases      ] GC(253)     Total                          Min: 0, Avg:  0.0, Max: 0, Diff: 0, Sum: 0, Workers: 4
[543.309s][debug][gc,phases      ] GC(253)   StringDedup Table Weak         Min:  0.0, Avg:  0.0, Max:  0.0, Diff:  0.0, Sum:  0.0, Workers: 4
[543.309s][debug][gc,phases      ] GC(253)     Dead                           Min: 0, Avg:  0.0, Max: 0, Diff: 0, Sum: 0, Workers: 4
[543.309s][debug][gc,phases      ] GC(253)     Total                          Min: 0, Avg:  0.0, Max: 0, Diff: 0, Sum: 0, Workers: 4
[543.309s][debug][gc,phases      ] GC(253)   StringDedup Requests0 Weak     Min:  0.0, Avg:  0.0, Max:  0.0, Diff:  0.0, Sum:  0.0, Workers: 4
[543.309s][debug][gc,phases      ] GC(253)     Dead                           Min: 0, Avg:  0.0, Max: 0, Diff: 0, Sum: 0, Workers: 4
[543.309s][debug][gc,phases      ] GC(253)     Total                          Min: 0, Avg:  0.0, Max: 0, Diff: 0, Sum: 0, Workers: 4
[543.309s][debug][gc,phases      ] GC(253)   StringDedup Requests1 Weak     Min:  0.0, Avg:  0.0, Max:  0.0, Diff:  0.0, Sum:  0.0, Workers: 4
[543.309s][debug][gc,phases      ] GC(253)     Dead                           Min: 0, Avg:  0.0, Max: 0, Diff: 0, Sum: 0, Workers: 4
[543.309s][debug][gc,phases      ] GC(253)     Total                          Min: 0, Avg:  0.0, Max: 0, Diff: 0, Sum: 0, Workers: 4
[543.309s][debug][gc,phases      ] GC(253)   Weak JFR Old Object Samples    Min:  0.0, Avg:  0.0, Max:  0.0, Diff:  0.0, Sum:  0.0, Workers: 4
[543.309s][debug][gc,phases      ] GC(253)     Dead                           Min: 0, Avg:  0.0, Max: 0, Diff: 0, Sum: 0, Workers: 4
[543.309s][debug][gc,phases      ] GC(253)     Total                          Min: 0, Avg:  0.0, Max: 0, Diff: 0, Sum: 0, Workers: 4
[543.309s][debug][gc,phases      ] GC(253) Weak Processing 0.335ms
[543.309s][debug][gc,age         ] GC(253) Desired survivor size 96468992 bytes, new threshold 15 (max threshold 15)
[543.309s][info ][gc,heap        ] GC(253) PSYoungGen: 1882496K(1983488K)->4256K(2002944K) Eden: 1876480K(1876480K)->0K(1902592K) From: 6016K(107008K)->4256K(100352K)
[543.309s][info ][gc,heap        ] GC(253) ParOldGen: 713349K(813056K)->713429K(813056K)
[543.309s][info ][gc,metaspace   ] GC(253) Metaspace: 86747K(87680K)->86747K(87680K) NonClass: 74774K(75264K)->74774K(75264K) Class: 11973K(12416K)->11973K(12416K)
[543.309s][info ][gc             ] GC(253) Pause Young (Allocation Failure) 2535M->700M(2750M) 4.142ms
[543.309s][info ][gc,cpu         ] GC(253) User=0.02s Sys=0.00s Real=0.00s
[543.309s][info ][safepoint      ] Safepoint "ParallelGCFailedAllocation", Time since last: 1460473187 ns, Reaching safepoint: 63104 ns, At safepoint: 4227643 ns, Total: 4290747 ns
[544.309s][info ][safepoint      ] Safepoint "Cleanup", Time since last: 1000075011 ns, Reaching safepoint: 118207 ns, At safepoint: 7200 ns, Total: 125407 ns
[545.309s][info ][safepoint      ] Safepoint "Cleanup", Time since last: 1000098612 ns, Reaching safepoint: 114307 ns, At safepoint: 8100 ns, Total: 122407 ns
[548.310s][info ][safepoint      ] Safepoint "Cleanup", Time since last: 3000228031 ns, Reaching safepoint: 114607 ns, At safepoint: 7200 ns, Total: 121807 ns
[548.784s][info ][gc,start       ] GC(254) Pause Young (Allocation Failure)
[548.788s][debug][gc,phases      ] GC(254) Scavenge 3.547ms
[548.788s][debug][gc,ref         ] GC(254) Skipped phase 1 of Reference Processing: no references
[548.788s][debug][gc,ref         ] GC(254) ReferenceProcessor::execute queues: 1, RefProcThreadModel::Single, marks_oops_alive: false
[548.788s][debug][gc,ref         ] GC(254) Skipped phase 3 of Reference Processing: no references
[548.788s][debug][gc,ref         ] GC(254) ReferenceProcessor::execute queues: 1, RefProcThreadModel::Single, marks_oops_alive: false
[548.788s][debug][gc,phases      ] GC(254) Reference Processing 0.118ms
[548.788s][debug][gc,phases      ] GC(254)   VM Weak                        Min:  0.0, Avg:  0.0, Max:  0.0, Diff:  0.0, Sum:  0.0, Workers: 4
[548.788s][debug][gc,phases      ] GC(254)     Dead                           Min: 0, Avg:  0.0, Max: 0, Diff: 0, Sum: 0, Workers: 4
[548.788s][debug][gc,phases      ] GC(254)     Total                          Min: 0, Avg: 186.2, Max: 745, Diff: 745, Sum: 745, Workers: 4
[548.788s][debug][gc,phases      ] GC(254)   ObjectSynchronizer Weak        Min:  0.0, Avg:  0.0, Max:  0.0, Diff:  0.0, Sum:  0.0, Workers: 4
[548.788s][debug][gc,phases      ] GC(254)     Dead                           Min: 0, Avg:  0.0, Max: 0, Diff: 0, Sum: 0, Workers: 4
[548.788s][debug][gc,phases      ] GC(254)     Total                          Min: 0, Avg: 139.8, Max: 320, Diff: 320, Sum: 559, Workers: 4
[548.788s][debug][gc,phases      ] GC(254)   JVMTI Tag Weak OopStorage      Min:  0.0, Avg:  0.0, Max:  0.0, Diff:  0.0, Sum:  0.0, Workers: 4
[548.788s][debug][gc,phases      ] GC(254)     Dead                           Min: 0, Avg:  0.0, Max: 0, Diff: 0, Sum: 0, Workers: 4
[548.788s][debug][gc,phases      ] GC(254)     Total                          Min: 0, Avg:  0.0, Max: 0, Diff: 0, Sum: 0, Workers: 4
[548.788s][debug][gc,phases      ] GC(254)   StringTable Weak               Min:  0.1, Avg:  0.1, Max:  0.1, Diff:  0.0, Sum:  0.4, Workers: 4
[548.788s][debug][gc,phases      ] GC(254)     Dead                           Min: 0, Avg:  0.0, Max: 0, Diff: 0, Sum: 0, Workers: 4
[548.788s][debug][gc,phases      ] GC(254)     Total                          Min: 11584, Avg: 12211.0, Max: 13952, Diff: 2368, Sum: 48844, Workers: 4
[548.788s][debug][gc,phases      ] GC(254)   ResolvedMethodTable Weak       Min:  0.0, Avg:  0.0, Max:  0.0, Diff:  0.0, Sum:  0.1, Workers: 4
[548.788s][debug][gc,phases      ] GC(254)     Dead                           Min: 0, Avg:  0.0, Max: 0, Diff: 0, Sum: 0, Workers: 4
[548.788s][debug][gc,phases      ] GC(254)     Total                          Min: 2112, Avg: 2239.5, Max: 2494, Diff: 382, Sum: 8958, Workers: 4
[548.788s][debug][gc,phases      ] GC(254)   JNI Weak                       Min:  0.0, Avg:  0.0, Max:  0.0, Diff:  0.0, Sum:  0.0, Workers: 4
[548.788s][debug][gc,phases      ] GC(254)     Dead                           Min: 0, Avg:  0.0, Max: 0, Diff: 0, Sum: 0, Workers: 4
[548.788s][debug][gc,phases      ] GC(254)     Total                          Min: 0, Avg:  0.0, Max: 0, Diff: 0, Sum: 0, Workers: 4
[548.788s][debug][gc,phases      ] GC(254)   StringDedup Table Weak         Min:  0.0, Avg:  0.0, Max:  0.0, Diff:  0.0, Sum:  0.0, Workers: 4
[548.788s][debug][gc,phases      ] GC(254)     Dead                           Min: 0, Avg:  0.0, Max: 0, Diff: 0, Sum: 0, Workers: 4
[548.788s][debug][gc,phases      ] GC(254)     Total                          Min: 0, Avg:  0.0, Max: 0, Diff: 0, Sum: 0, Workers: 4
[548.788s][debug][gc,phases      ] GC(254)   StringDedup Requests0 Weak     Min:  0.0, Avg:  0.0, Max:  0.0, Diff:  0.0, Sum:  0.0, Workers: 4
[548.788s][debug][gc,phases      ] GC(254)     Dead                           Min: 0, Avg:  0.0, Max: 0, Diff: 0, Sum: 0, Workers: 4
[548.788s][debug][gc,phases      ] GC(254)     Total                          Min: 0, Avg:  0.0, Max: 0, Diff: 0, Sum: 0, Workers: 4
[548.788s][debug][gc,phases      ] GC(254)   StringDedup Requests1 Weak     Min:  0.0, Avg:  0.0, Max:  0.0, Diff:  0.0, Sum:  0.0, Workers: 4
[548.788s][debug][gc,phases      ] GC(254)     Dead                           Min: 0, Avg:  0.0, Max: 0, Diff: 0, Sum: 0, Workers: 4
[548.788s][debug][gc,phases      ] GC(254)     Total                          Min: 0, Avg:  0.0, Max: 0, Diff: 0, Sum: 0, Workers: 4
[548.788s][debug][gc,phases      ] GC(254)   Weak JFR Old Object Samples    Min:  0.0, Avg:  0.0, Max:  0.0, Diff:  0.0, Sum:  0.0, Workers: 4
[548.788s][debug][gc,phases      ] GC(254)     Dead                           Min: 0, Avg:  0.0, Max: 0, Diff: 0, Sum: 0, Workers: 4
[548.788s][debug][gc,phases      ] GC(254)     Total                          Min: 0, Avg:  0.0, Max: 0, Diff: 0, Sum: 0, Workers: 4
[548.788s][debug][gc,phases      ] GC(254) Weak Processing 0.310ms
[548.788s][debug][gc,age         ] GC(254) Desired survivor size 90701824 bytes, new threshold 15 (max threshold 15)
[548.789s][info ][gc,heap        ] GC(254) PSYoungGen: 1906848K(2002944K)->4336K(1996800K) Eden: 1902592K(1902592K)->0K(1902592K) From: 4256K(100352K)->4336K(94208K)
[548.789s][info ][gc,heap        ] GC(254) ParOldGen: 713429K(813056K)->713541K(813056K)
[548.789s][info ][gc,metaspace   ] GC(254) Metaspace: 86760K(87680K)->86760K(87680K) NonClass: 74785K(75264K)->74785K(75264K) Class: 11974K(12416K)->11974K(12416K)
[548.789s][info ][gc             ] GC(254) Pause Young (Allocation Failure) 2558M->701M(2744M) 4.123ms
[548.789s][info ][gc,cpu         ] GC(254) User=0.02s Sys=0.00s Real=0.00s
[548.789s][info ][safepoint      ] Safepoint "ParallelGCFailedAllocation", Time since last: 474709399 ns, Reaching safepoint: 117706 ns, At safepoint: 4203542 ns, Total: 4321248 ns
[549.789s][info ][safepoint      ] Safepoint "Cleanup", Time since last: 1000054109 ns, Reaching safepoint: 116306 ns, At safepoint: 13501 ns, Total: 129807 ns
[550.789s][info ][safepoint      ] Safepoint "Cleanup", Time since last: 1000100611 ns, Reaching safepoint: 121407 ns, At safepoint: 11001 ns, Total: 132408 ns
[554.241s][info ][gc,start       ] GC(255) Pause Young (Allocation Failure)
[554.246s][debug][gc,phases      ] GC(255) Scavenge 4.457ms
[554.246s][debug][gc,ref         ] GC(255) Skipped phase 1 of Reference Processing: no references
[554.246s][debug][gc,ref         ] GC(255) ReferenceProcessor::execute queues: 1, RefProcThreadModel::Single, marks_oops_alive: false
[554.246s][debug][gc,ref         ] GC(255) Skipped phase 3 of Reference Processing: no references
[554.246s][debug][gc,ref         ] GC(255) ReferenceProcessor::execute queues: 1, RefProcThreadModel::Single, marks_oops_alive: false
[554.246s][debug][gc,phases      ] GC(255) Reference Processing 0.118ms
[554.246s][debug][gc,phases      ] GC(255)   VM Weak                        Min:  0.0, Avg:  0.0, Max:  0.0, Diff:  0.0, Sum:  0.0, Workers: 4
[554.246s][debug][gc,phases      ] GC(255)     Dead                           Min: 0, Avg:  0.0, Max: 0, Diff: 0, Sum: 0, Workers: 4
[554.246s][debug][gc,phases      ] GC(255)     Total                          Min: 0, Avg: 186.2, Max: 745, Diff: 745, Sum: 745, Workers: 4
[554.246s][debug][gc,phases      ] GC(255)   ObjectSynchronizer Weak        Min:  0.0, Avg:  0.0, Max:  0.0, Diff:  0.0, Sum:  0.0, Workers: 4
[554.246s][debug][gc,phases      ] GC(255)     Dead                           Min: 0, Avg:  0.0, Max: 0, Diff: 0, Sum: 0, Workers: 4
[554.246s][debug][gc,phases      ] GC(255)     Total                          Min: 0, Avg: 139.8, Max: 512, Diff: 512, Sum: 559, Workers: 4
[554.246s][debug][gc,phases      ] GC(255)   JVMTI Tag Weak OopStorage      Min:  0.0, Avg:  0.0, Max:  0.0, Diff:  0.0, Sum:  0.0, Workers: 4
[554.246s][debug][gc,phases      ] GC(255)     Dead                           Min: 0, Avg:  0.0, Max: 0, Diff: 0, Sum: 0, Workers: 4
[554.246s][debug][gc,phases      ] GC(255)     Total                          Min: 0, Avg:  0.0, Max: 0, Diff: 0, Sum: 0, Workers: 4
[554.246s][debug][gc,phases      ] GC(255)   StringTable Weak               Min:  0.1, Avg:  0.1, Max:  0.1, Diff:  0.0, Sum:  0.4, Workers: 4
[554.246s][debug][gc,phases      ] GC(255)     Dead                           Min: 0, Avg:  0.0, Max: 0, Diff: 0, Sum: 0, Workers: 4
[554.246s][debug][gc,phases      ] GC(255)     Total                          Min: 11648, Avg: 12211.0, Max: 12544, Diff: 896, Sum: 48844, Workers: 4
[554.246s][debug][gc,phases      ] GC(255)   ResolvedMethodTable Weak       Min:  0.0, Avg:  0.0, Max:  0.0, Diff:  0.0, Sum:  0.1, Workers: 4
[554.246s][debug][gc,phases      ] GC(255)     Dead                           Min: 0, Avg:  0.0, Max: 0, Diff: 0, Sum: 0, Workers: 4
[554.246s][debug][gc,phases      ] GC(255)     Total                          Min: 1920, Avg: 2239.5, Max: 2558, Diff: 638, Sum: 8958, Workers: 4
[554.246s][debug][gc,phases      ] GC(255)   JNI Weak                       Min:  0.0, Avg:  0.0, Max:  0.0, Diff:  0.0, Sum:  0.0, Workers: 4
[554.246s][debug][gc,phases      ] GC(255)     Dead                           Min: 0, Avg:  0.0, Max: 0, Diff: 0, Sum: 0, Workers: 4
[554.246s][debug][gc,phases      ] GC(255)     Total                          Min: 0, Avg:  0.0, Max: 0, Diff: 0, Sum: 0, Workers: 4
[554.246s][debug][gc,phases      ] GC(255)   StringDedup Table Weak         Min:  0.0, Avg:  0.0, Max:  0.0, Diff:  0.0, Sum:  0.0, Workers: 4
[554.246s][debug][gc,phases      ] GC(255)     Dead                           Min: 0, Avg:  0.0, Max: 0, Diff: 0, Sum: 0, Workers: 4
[554.246s][debug][gc,phases      ] GC(255)     Total                          Min: 0, Avg:  0.0, Max: 0, Diff: 0, Sum: 0, Workers: 4
[554.246s][debug][gc,phases      ] GC(255)   StringDedup Requests0 Weak     Min:  0.0, Avg:  0.0, Max:  0.0, Diff:  0.0, Sum:  0.0, Workers: 4
[554.246s][debug][gc,phases      ] GC(255)     Dead                           Min: 0, Avg:  0.0, Max: 0, Diff: 0, Sum: 0, Workers: 4
[554.246s][debug][gc,phases      ] GC(255)     Total                          Min: 0, Avg:  0.0, Max: 0, Diff: 0, Sum: 0, Workers: 4
[554.246s][debug][gc,phases      ] GC(255)   StringDedup Requests1 Weak     Min:  0.0, Avg:  0.0, Max:  0.0, Diff:  0.0, Sum:  0.0, Workers: 4
[554.246s][debug][gc,phases      ] GC(255)     Dead                           Min: 0, Avg:  0.0, Max: 0, Diff: 0, Sum: 0, Workers: 4
[554.246s][debug][gc,phases      ] GC(255)     Total                          Min: 0, Avg:  0.0, Max: 0, Diff: 0, Sum: 0, Workers: 4
[554.246s][debug][gc,phases      ] GC(255)   Weak JFR Old Object Samples    Min:  0.0, Avg:  0.0, Max:  0.0, Diff:  0.0, Sum:  0.0, Workers: 4
[554.246s][debug][gc,phases      ] GC(255)     Dead                           Min: 0, Avg:  0.0, Max: 0, Diff: 0, Sum: 0, Workers: 4
[554.246s][debug][gc,phases      ] GC(255)     Total                          Min: 0, Avg:  0.0, Max: 0, Diff: 0, Sum: 0, Workers: 4
[554.246s][debug][gc,phases      ] GC(255) Weak Processing 0.354ms
[554.246s][debug][gc,age         ] GC(255) Desired survivor size 84934656 bytes, new threshold 15 (max threshold 15)
[554.246s][info ][gc,heap        ] GC(255) PSYoungGen: 1906928K(1996800K)->6032K(2014208K) Eden: 1902592K(1902592K)->0K(1925632K) From: 4336K(94208K)->6032K(88576K)
[554.246s][info ][gc,heap        ] GC(255) ParOldGen: 713541K(813056K)->713645K(813056K)
[554.246s][info ][gc,metaspace   ] GC(255) Metaspace: 86764K(87680K)->86764K(87680K) NonClass: 74789K(75264K)->74789K(75264K) Class: 11974K(12416K)->11974K(12416K)
[554.246s][info ][gc             ] GC(255) Pause Young (Allocation Failure) 2559M->702M(2761M) 5.054ms
[554.247s][info ][gc,cpu         ] GC(255) User=0.01s Sys=0.00s Real=0.01s
[554.247s][info ][safepoint      ] Safepoint "ParallelGCFailedAllocation", Time since last: 3452291222 ns, Reaching safepoint: 128608 ns, At safepoint: 5142896 ns, Total: 5271504 ns
[559.786s][info ][safepoint      ] Safepoint "ParallelGCFailedAllocation", Time since last: 5539414236 ns, Reaching safepoint: 54803 ns, At safepoint: 10801 ns, Total: 65604 ns
[559.786s][info ][gc,start       ] GC(256) Pause Young (GCLocker Initiated GC)
[559.790s][debug][gc,phases      ] GC(256) Scavenge 4.023ms
[559.790s][debug][gc,ref         ] GC(256) Skipped phase 1 of Reference Processing: no references
[559.790s][debug][gc,ref         ] GC(256) ReferenceProcessor::execute queues: 1, RefProcThreadModel::Single, marks_oops_alive: false
[559.790s][debug][gc,ref         ] GC(256) Skipped phase 3 of Reference Processing: no references
[559.790s][debug][gc,ref         ] GC(256) ReferenceProcessor::execute queues: 1, RefProcThreadModel::Single, marks_oops_alive: false
[559.790s][debug][gc,phases      ] GC(256) Reference Processing 0.166ms
[559.791s][debug][gc,phases      ] GC(256)   VM Weak                        Min:  0.0, Avg:  0.0, Max:  0.0, Diff:  0.0, Sum:  0.0, Workers: 4
[559.791s][debug][gc,phases      ] GC(256)     Dead                           Min: 0, Avg:  0.0, Max: 0, Diff: 0, Sum: 0, Workers: 4
[559.791s][debug][gc,phases      ] GC(256)     Total                          Min: 0, Avg: 186.2, Max: 448, Diff: 448, Sum: 745, Workers: 4
[559.791s][debug][gc,phases      ] GC(256)   ObjectSynchronizer Weak        Min:  0.0, Avg:  0.0, Max:  0.0, Diff:  0.0, Sum:  0.0, Workers: 4
[559.791s][debug][gc,phases      ] GC(256)     Dead                           Min: 0, Avg:  0.0, Max: 0, Diff: 0, Sum: 0, Workers: 4
[559.791s][debug][gc,phases      ] GC(256)     Total                          Min: 0, Avg: 139.8, Max: 303, Diff: 303, Sum: 559, Workers: 4
[559.791s][debug][gc,phases      ] GC(256)   JVMTI Tag Weak OopStorage      Min:  0.0, Avg:  0.0, Max:  0.0, Diff:  0.0, Sum:  0.0, Workers: 4
[559.791s][debug][gc,phases      ] GC(256)     Dead                           Min: 0, Avg:  0.0, Max: 0, Diff: 0, Sum: 0, Workers: 4
[559.791s][debug][gc,phases      ] GC(256)     Total                          Min: 0, Avg:  0.0, Max: 0, Diff: 0, Sum: 0, Workers: 4
[559.791s][debug][gc,phases      ] GC(256)   StringTable Weak               Min:  0.1, Avg:  0.1, Max:  0.1, Diff:  0.0, Sum:  0.4, Workers: 4
[559.791s][debug][gc,phases      ] GC(256)     Dead                           Min: 0, Avg:  0.0, Max: 0, Diff: 0, Sum: 0, Workers: 4
[559.791s][debug][gc,phases      ] GC(256)     Total                          Min: 12032, Avg: 12211.0, Max: 12416, Diff: 384, Sum: 48844, Workers: 4
[559.791s][debug][gc,phases      ] GC(256)   ResolvedMethodTable Weak       Min:  0.0, Avg:  0.0, Max:  0.0, Diff:  0.0, Sum:  0.1, Workers: 4
[559.791s][debug][gc,phases      ] GC(256)     Dead                           Min: 0, Avg:  0.0, Max: 0, Diff: 0, Sum: 0, Workers: 4
[559.791s][debug][gc,phases      ] GC(256)     Total                          Min: 2046, Avg: 2239.5, Max: 2304, Diff: 258, Sum: 8958, Workers: 4
[559.791s][debug][gc,phases      ] GC(256)   JNI Weak                       Min:  0.0, Avg:  0.0, Max:  0.0, Diff:  0.0, Sum:  0.0, Workers: 4
[559.791s][debug][gc,phases      ] GC(256)     Dead                           Min: 0, Avg:  0.0, Max: 0, Diff: 0, Sum: 0, Workers: 4
[559.791s][debug][gc,phases      ] GC(256)     Total                          Min: 0, Avg:  0.0, Max: 0, Diff: 0, Sum: 0, Workers: 4
[559.791s][debug][gc,phases      ] GC(256)   StringDedup Table Weak         Min:  0.0, Avg:  0.0, Max:  0.0, Diff:  0.0, Sum:  0.0, Workers: 4
[559.791s][debug][gc,phases      ] GC(256)     Dead                           Min: 0, Avg:  0.0, Max: 0, Diff: 0, Sum: 0, Workers: 4
[559.791s][debug][gc,phases      ] GC(256)     Total                          Min: 0, Avg:  0.0, Max: 0, Diff: 0, Sum: 0, Workers: 4
[559.791s][debug][gc,phases      ] GC(256)   StringDedup Requests0 Weak     Min:  0.0, Avg:  0.0, Max:  0.0, Diff:  0.0, Sum:  0.0, Workers: 4
[559.791s][debug][gc,phases      ] GC(256)     Dead                           Min: 0, Avg:  0.0, Max: 0, Diff: 0, Sum: 0, Workers: 4
[559.791s][debug][gc,phases      ] GC(256)     Total                          Min: 0, Avg:  0.0, Max: 0, Diff: 0, Sum: 0, Workers: 4
[559.791s][debug][gc,phases      ] GC(256)   StringDedup Requests1 Weak     Min:  0.0, Avg:  0.0, Max:  0.0, Diff:  0.0, Sum:  0.0, Workers: 4
[559.791s][debug][gc,phases      ] GC(256)     Dead                           Min: 0, Avg:  0.0, Max: 0, Diff: 0, Sum: 0, Workers: 4
[559.791s][debug][gc,phases      ] GC(256)     Total                          Min: 0, Avg:  0.0, Max: 0, Diff: 0, Sum: 0, Workers: 4
[559.791s][debug][gc,phases      ] GC(256)   Weak JFR Old Object Samples    Min:  0.0, Avg:  0.0, Max:  0.0, Diff:  0.0, Sum:  0.0, Workers: 4
[559.791s][debug][gc,phases      ] GC(256)     Dead                           Min: 0, Avg:  0.0, Max: 0, Diff: 0, Sum: 0, Workers: 4
[559.791s][debug][gc,phases      ] GC(256)     Total                          Min: 0, Avg:  0.0, Max: 0, Diff: 0, Sum: 0, Workers: 4
[559.791s][debug][gc,phases      ] GC(256) Weak Processing 0.323ms
[559.791s][debug][gc,age         ] GC(256) Desired survivor size 79167488 bytes, new threshold 15 (max threshold 15)
[559.791s][info ][gc,heap        ] GC(256) PSYoungGen: 1931664K(2014208K)->4864K(2008576K) Eden: 1925632K(1925632K)->0K(1925632K) From: 6032K(88576K)->4864K(82944K)
[559.791s][info ][gc,heap        ] GC(256) ParOldGen: 713652K(813056K)->713828K(813056K)
[559.791s][info ][gc,metaspace   ] GC(256) Metaspace: 86768K(87680K)->86768K(87680K) NonClass: 74793K(75264K)->74793K(75264K) Class: 11974K(12416K)->11974K(12416K)
[559.791s][info ][gc             ] GC(256) Pause Young (GCLocker Initiated GC) 2583M->701M(2755M) 4.618ms
[559.791s][info ][gc,cpu         ] GC(256) User=0.01s Sys=0.00s Real=0.00s
[559.791s][info ][safepoint      ] Safepoint "ParallelGCSystemGC", Time since last: 108806 ns, Reaching safepoint: 27102 ns, At safepoint: 4688069 ns, Total: 4715171 ns
[560.791s][info ][safepoint      ] Safepoint "Cleanup", Time since last: 1000084608 ns, Reaching safepoint: 112906 ns, At safepoint: 8401 ns, Total: 121307 ns
[562.791s][info ][safepoint      ] Safepoint "Cleanup", Time since last: 2000120712 ns, Reaching safepoint: 118707 ns, At safepoint: 11500 ns, Total: 130207 ns
[563.128s][info ][gc,start       ] GC(257) Pause Young (Allocation Failure)
[563.150s][debug][gc,phases      ] GC(257) Scavenge 21.953ms
[563.150s][debug][gc,ref         ] GC(257) Skipped phase 1 of Reference Processing: no references
[563.150s][debug][gc,ref         ] GC(257) ReferenceProcessor::execute queues: 1, RefProcThreadModel::Single, marks_oops_alive: false
[563.150s][debug][gc,ref         ] GC(257) Skipped phase 3 of Reference Processing: no references
[563.150s][debug][gc,ref         ] GC(257) ReferenceProcessor::execute queues: 1, RefProcThreadModel::Single, marks_oops_alive: false
[563.150s][debug][gc,phases      ] GC(257) Reference Processing 0.129ms
[563.150s][debug][gc,phases      ] GC(257)   VM Weak                        Min:  0.0, Avg:  0.0, Max:  0.0, Diff:  0.0, Sum:  0.0, Workers: 4
[563.150s][debug][gc,phases      ] GC(257)     Dead                           Min: 0, Avg:  0.0, Max: 0, Diff: 0, Sum: 0, Workers: 4
[563.150s][debug][gc,phases      ] GC(257)     Total                          Min: 0, Avg: 186.2, Max: 553, Diff: 553, Sum: 745, Workers: 4
[563.150s][debug][gc,phases      ] GC(257)   ObjectSynchronizer Weak        Min:  0.0, Avg:  0.0, Max:  0.0, Diff:  0.0, Sum:  0.0, Workers: 4
[563.150s][debug][gc,phases      ] GC(257)     Dead                           Min: 0, Avg:  0.0, Max: 0, Diff: 0, Sum: 0, Workers: 4
[563.150s][debug][gc,phases      ] GC(257)     Total                          Min: 0, Avg: 139.8, Max: 303, Diff: 303, Sum: 559, Workers: 4
[563.150s][debug][gc,phases      ] GC(257)   JVMTI Tag Weak OopStorage      Min:  0.0, Avg:  0.0, Max:  0.0, Diff:  0.0, Sum:  0.0, Workers: 4
[563.150s][debug][gc,phases      ] GC(257)     Dead                           Min: 0, Avg:  0.0, Max: 0, Diff: 0, Sum: 0, Workers: 4
[563.150s][debug][gc,phases      ] GC(257)     Total                          Min: 0, Avg:  0.0, Max: 0, Diff: 0, Sum: 0, Workers: 4
[563.150s][debug][gc,phases      ] GC(257)   StringTable Weak               Min:  0.1, Avg:  0.1, Max:  0.1, Diff:  0.0, Sum:  0.4, Workers: 4
[563.150s][debug][gc,phases      ] GC(257)     Dead                           Min: 0, Avg:  0.0, Max: 0, Diff: 0, Sum: 0, Workers: 4
[563.150s][debug][gc,phases      ] GC(257)     Total                          Min: 11660, Avg: 12211.0, Max: 12608, Diff: 948, Sum: 48844, Workers: 4
[563.150s][debug][gc,phases      ] GC(257)   ResolvedMethodTable Weak       Min:  0.0, Avg:  0.0, Max:  0.0, Diff:  0.0, Sum:  0.1, Workers: 4
[563.150s][debug][gc,phases      ] GC(257)     Dead                           Min: 0, Avg:  0.0, Max: 0, Diff: 0, Sum: 0, Workers: 4
[563.150s][debug][gc,phases      ] GC(257)     Total                          Min: 2048, Avg: 2239.5, Max: 2366, Diff: 318, Sum: 8958, Workers: 4
[563.150s][debug][gc,phases      ] GC(257)   JNI Weak                       Min:  0.0, Avg:  0.0, Max:  0.0, Diff:  0.0, Sum:  0.0, Workers: 4
[563.150s][debug][gc,phases      ] GC(257)     Dead                           Min: 0, Avg:  0.0, Max: 0, Diff: 0, Sum: 0, Workers: 4
[563.150s][debug][gc,phases      ] GC(257)     Total                          Min: 0, Avg:  0.0, Max: 0, Diff: 0, Sum: 0, Workers: 4
[563.150s][debug][gc,phases      ] GC(257)   StringDedup Table Weak         Min:  0.0, Avg:  0.0, Max:  0.0, Diff:  0.0, Sum:  0.0, Workers: 4
[563.150s][debug][gc,phases      ] GC(257)     Dead                           Min: 0, Avg:  0.0, Max: 0, Diff: 0, Sum: 0, Workers: 4
[563.150s][debug][gc,phases      ] GC(257)     Total                          Min: 0, Avg:  0.0, Max: 0, Diff: 0, Sum: 0, Workers: 4
[563.150s][debug][gc,phases      ] GC(257)   StringDedup Requests0 Weak     Min:  0.0, Avg:  0.0, Max:  0.0, Diff:  0.0, Sum:  0.0, Workers: 4
[563.150s][debug][gc,phases      ] GC(257)     Dead                           Min: 0, Avg:  0.0, Max: 0, Diff: 0, Sum: 0, Workers: 4
[563.150s][debug][gc,phases      ] GC(257)     Total                          Min: 0, Avg:  0.0, Max: 0, Diff: 0, Sum: 0, Workers: 4
[563.150s][debug][gc,phases      ] GC(257)   StringDedup Requests1 Weak     Min:  0.0, Avg:  0.0, Max:  0.0, Diff:  0.0, Sum:  0.0, Workers: 4
[563.150s][debug][gc,phases      ] GC(257)     Dead                           Min: 0, Avg:  0.0, Max: 0, Diff: 0, Sum: 0, Workers: 4
[563.150s][debug][gc,phases      ] GC(257)     Total                          Min: 0, Avg:  0.0, Max: 0, Diff: 0, Sum: 0, Workers: 4
[563.150s][debug][gc,phases      ] GC(257)   Weak JFR Old Object Samples    Min:  0.0, Avg:  0.0, Max:  0.0, Diff:  0.0, Sum:  0.0, Workers: 4
[563.150s][debug][gc,phases      ] GC(257)     Dead                           Min: 0, Avg:  0.0, Max: 0, Diff: 0, Sum: 0, Workers: 4
[563.150s][debug][gc,phases      ] GC(257)     Total                          Min: 0, Avg:  0.0, Max: 0, Diff: 0, Sum: 0, Workers: 4
[563.150s][debug][gc,phases      ] GC(257) Weak Processing 0.337ms
[563.150s][debug][gc,age         ] GC(257) Desired survivor size 93847552 bytes, new threshold 15 (max threshold 15)
[563.150s][info ][gc,heap        ] GC(257) PSYoungGen: 1930496K(2008576K)->68208K(1991168K) Eden: 1925631K(1925632K)->0K(1913856K) From: 4864K(82944K)->68208K(77312K)
[563.150s][info ][gc,heap        ] GC(257) ParOldGen: 713857K(813056K)->713913K(813056K)
[563.150s][info ][gc,metaspace   ] GC(257) Metaspace: 86777K(87680K)->86777K(87680K) NonClass: 74803K(75264K)->74803K(75264K) Class: 11974K(12416K)->11974K(12416K)
[563.150s][info ][gc             ] GC(257) Pause Young (Allocation Failure) 2582M->763M(2738M) 22.570ms
[563.150s][info ][gc,cpu         ] GC(257) User=0.09s Sys=0.00s Real=0.02s
[563.150s][info ][safepoint      ] Safepoint "ParallelGCFailedAllocation", Time since last: 336107327 ns, Reaching safepoint: 103706 ns, At safepoint: 22663604 ns, Total: 22767310 ns
[565.150s][info ][safepoint      ] Safepoint "Cleanup", Time since last: 2000098709 ns, Reaching safepoint: 135708 ns, At safepoint: 9001 ns, Total: 144709 ns
[565.841s][info ][gc,start       ] GC(258) Pause Young (Allocation Failure)
[565.859s][debug][gc,phases      ] GC(258) Scavenge 17.777ms
[565.859s][debug][gc,ref         ] GC(258) Skipped phase 1 of Reference Processing: no references
[565.859s][debug][gc,ref         ] GC(258) ReferenceProcessor::execute queues: 1, RefProcThreadModel::Single, marks_oops_alive: false
[565.859s][debug][gc,ref         ] GC(258) Skipped phase 3 of Reference Processing: no references
[565.859s][debug][gc,ref         ] GC(258) ReferenceProcessor::execute queues: 1, RefProcThreadModel::Single, marks_oops_alive: false
[565.859s][debug][gc,phases      ] GC(258) Reference Processing 0.121ms
[565.859s][debug][gc,phases      ] GC(258)   VM Weak                        Min:  0.0, Avg:  0.0, Max:  0.0, Diff:  0.0, Sum:  0.0, Workers: 4
[565.859s][debug][gc,phases      ] GC(258)     Dead                           Min: 0, Avg:  0.0, Max: 0, Diff: 0, Sum: 0, Workers: 4
[565.859s][debug][gc,phases      ] GC(258)     Total                          Min: 0, Avg: 186.2, Max: 384, Diff: 384, Sum: 745, Workers: 4
[565.859s][debug][gc,phases      ] GC(258)   ObjectSynchronizer Weak        Min:  0.0, Avg:  0.0, Max:  0.0, Diff:  0.0, Sum:  0.0, Workers: 4
[565.859s][debug][gc,phases      ] GC(258)     Dead                           Min: 0, Avg:  0.0, Max: 0, Diff: 0, Sum: 0, Workers: 4
[565.859s][debug][gc,phases      ] GC(258)     Total                          Min: 0, Avg: 139.8, Max: 320, Diff: 320, Sum: 559, Workers: 4
[565.859s][debug][gc,phases      ] GC(258)   JVMTI Tag Weak OopStorage      Min:  0.0, Avg:  0.0, Max:  0.0, Diff:  0.0, Sum:  0.0, Workers: 4
[565.859s][debug][gc,phases      ] GC(258)     Dead                           Min: 0, Avg:  0.0, Max: 0, Diff: 0, Sum: 0, Workers: 4
[565.859s][debug][gc,phases      ] GC(258)     Total                          Min: 0, Avg:  0.0, Max: 0, Diff: 0, Sum: 0, Workers: 4
[565.859s][debug][gc,phases      ] GC(258)   StringTable Weak               Min:  0.1, Avg:  0.1, Max:  0.1, Diff:  0.0, Sum:  0.4, Workers: 4
[565.859s][debug][gc,phases      ] GC(258)     Dead                           Min: 0, Avg:  0.0, Max: 0, Diff: 0, Sum: 0, Workers: 4
[565.859s][debug][gc,phases      ] GC(258)     Total                          Min: 11343, Avg: 12211.8, Max: 12800, Diff: 1457, Sum: 48847, Workers: 4
[565.859s][debug][gc,phases      ] GC(258)   ResolvedMethodTable Weak       Min:  0.0, Avg:  0.0, Max:  0.0, Diff:  0.0, Sum:  0.1, Workers: 4
[565.859s][debug][gc,phases      ] GC(258)     Dead                           Min: 0, Avg:  0.0, Max: 0, Diff: 0, Sum: 0, Workers: 4
[565.859s][debug][gc,phases      ] GC(258)     Total                          Min: 1856, Avg: 2239.5, Max: 2624, Diff: 768, Sum: 8958, Workers: 4
[565.859s][debug][gc,phases      ] GC(258)   JNI Weak                       Min:  0.0, Avg:  0.0, Max:  0.0, Diff:  0.0, Sum:  0.0, Workers: 4
[565.859s][debug][gc,phases      ] GC(258)     Dead                           Min: 0, Avg:  0.0, Max: 0, Diff: 0, Sum: 0, Workers: 4
[565.859s][debug][gc,phases      ] GC(258)     Total                          Min: 0, Avg:  0.2, Max: 1, Diff: 1, Sum: 1, Workers: 4
[565.859s][debug][gc,phases      ] GC(258)   StringDedup Table Weak         Min:  0.0, Avg:  0.0, Max:  0.0, Diff:  0.0, Sum:  0.0, Workers: 4
[565.859s][debug][gc,phases      ] GC(258)     Dead                           Min: 0, Avg:  0.0, Max: 0, Diff: 0, Sum: 0, Workers: 4
[565.859s][debug][gc,phases      ] GC(258)     Total                          Min: 0, Avg:  0.0, Max: 0, Diff: 0, Sum: 0, Workers: 4
[565.859s][debug][gc,phases      ] GC(258)   StringDedup Requests0 Weak     Min:  0.0, Avg:  0.0, Max:  0.0, Diff:  0.0, Sum:  0.0, Workers: 4
[565.859s][debug][gc,phases      ] GC(258)     Dead                           Min: 0, Avg:  0.0, Max: 0, Diff: 0, Sum: 0, Workers: 4
[565.859s][debug][gc,phases      ] GC(258)     Total                          Min: 0, Avg:  0.0, Max: 0, Diff: 0, Sum: 0, Workers: 4
[565.859s][debug][gc,phases      ] GC(258)   StringDedup Requests1 Weak     Min:  0.0, Avg:  0.0, Max:  0.0, Diff:  0.0, Sum:  0.0, Workers: 4
[565.859s][debug][gc,phases      ] GC(258)     Dead                           Min: 0, Avg:  0.0, Max: 0, Diff: 0, Sum: 0, Workers: 4
[565.859s][debug][gc,phases      ] GC(258)     Total                          Min: 0, Avg:  0.0, Max: 0, Diff: 0, Sum: 0, Workers: 4
[565.859s][debug][gc,phases      ] GC(258)   Weak JFR Old Object Samples    Min:  0.0, Avg:  0.0, Max:  0.0, Diff:  0.0, Sum:  0.0, Workers: 4
[565.859s][debug][gc,phases      ] GC(258)     Dead                           Min: 0, Avg:  0.0, Max: 0, Diff: 0, Sum: 0, Workers: 4
[565.859s][debug][gc,phases      ] GC(258)     Total                          Min: 0, Avg:  0.0, Max: 0, Diff: 0, Sum: 0, Workers: 4
[565.860s][debug][gc,phases      ] GC(258) Weak Processing 0.327ms
[565.860s][debug][gc,age         ] GC(258) Desired survivor size 104333312 bytes, new threshold 15 (max threshold 15)
[565.860s][info ][gc,heap        ] GC(258) PSYoungGen: 1982064K(1991168K)->66272K(1980416K) Eden: 1913856K(1913856K)->0K(1913856K) From: 68208K(77312K)->66272K(66560K)
[565.860s][info ][gc,heap        ] GC(258) ParOldGen: 713913K(813056K)->714021K(813056K)
[565.860s][info ][gc,metaspace   ] GC(258) Metaspace: 86801K(87744K)->86801K(87744K) NonClass: 74825K(75328K)->74825K(75328K) Class: 11975K(12416K)->11975K(12416K)
[565.860s][info ][gc             ] GC(258) Pause Young (Allocation Failure) 2632M->762M(2728M) 18.375ms
[565.860s][info ][gc,cpu         ] GC(258) User=0.07s Sys=0.01s Real=0.02s
[565.860s][info ][safepoint      ] Safepoint "ParallelGCFailedAllocation", Time since last: 690587910 ns, Reaching safepoint: 136308 ns, At safepoint: 18468462 ns, Total: 18604770 ns
[566.860s][info ][safepoint      ] Safepoint "Cleanup", Time since last: 1000087606 ns, Reaching safepoint: 186211 ns, At safepoint: 9000 ns, Total: 195211 ns
[567.946s][info ][safepoint      ] Safepoint "Cleanup", Time since last: 1085437614 ns, Reaching safepoint: 196912 ns, At safepoint: 18201 ns, Total: 215113 ns
[568.225s][info ][gc,start       ] GC(259) Pause Young (Allocation Failure)
[568.314s][debug][gc,phases      ] GC(259) Scavenge 88.700ms
[568.314s][debug][gc,ref         ] GC(259) Skipped phase 1 of Reference Processing: no references
[568.314s][debug][gc,ref         ] GC(259) ReferenceProcessor::execute queues: 1, RefProcThreadModel::Single, marks_oops_alive: false
[568.314s][debug][gc,ref         ] GC(259) Skipped phase 3 of Reference Processing: no references
[568.314s][debug][gc,ref         ] GC(259) ReferenceProcessor::execute queues: 1, RefProcThreadModel::Single, marks_oops_alive: false
[568.314s][debug][gc,phases      ] GC(259) Reference Processing 0.110ms
[568.314s][debug][gc,phases      ] GC(259)   VM Weak                        Min:  0.0, Avg:  0.0, Max:  0.0, Diff:  0.0, Sum:  0.0, Workers: 4
[568.314s][debug][gc,phases      ] GC(259)     Dead                           Min: 0, Avg:  0.0, Max: 0, Diff: 0, Sum: 0, Workers: 4
[568.314s][debug][gc,phases      ] GC(259)     Total                          Min: 0, Avg: 186.2, Max: 745, Diff: 745, Sum: 745, Workers: 4
[568.314s][debug][gc,phases      ] GC(259)   ObjectSynchronizer Weak        Min:  0.0, Avg:  0.0, Max:  0.0, Diff:  0.0, Sum:  0.0, Workers: 4
[568.314s][debug][gc,phases      ] GC(259)     Dead                           Min: 0, Avg:  0.0, Max: 0, Diff: 0, Sum: 0, Workers: 4
[568.314s][debug][gc,phases      ] GC(259)     Total                          Min: 0, Avg: 139.8, Max: 495, Diff: 495, Sum: 559, Workers: 4
[568.314s][debug][gc,phases      ] GC(259)   JVMTI Tag Weak OopStorage      Min:  0.0, Avg:  0.0, Max:  0.0, Diff:  0.0, Sum:  0.0, Workers: 4
[568.314s][debug][gc,phases      ] GC(259)     Dead                           Min: 0, Avg:  0.0, Max: 0, Diff: 0, Sum: 0, Workers: 4
[568.314s][debug][gc,phases      ] GC(259)     Total                          Min: 0, Avg:  0.0, Max: 0, Diff: 0, Sum: 0, Workers: 4
[568.314s][debug][gc,phases      ] GC(259)   StringTable Weak               Min:  0.1, Avg:  0.1, Max:  0.1, Diff:  0.0, Sum:  0.4, Workers: 4
[568.314s][debug][gc,phases      ] GC(259)     Dead                           Min: 0, Avg:  0.0, Max: 0, Diff: 0, Sum: 0, Workers: 4
[568.314s][debug][gc,phases      ] GC(259)     Total                          Min: 11727, Avg: 12211.8, Max: 12864, Diff: 1137, Sum: 48847, Workers: 4
[568.314s][debug][gc,phases      ] GC(259)   ResolvedMethodTable Weak       Min:  0.0, Avg:  0.0, Max:  0.0, Diff:  0.0, Sum:  0.1, Workers: 4
[568.314s][debug][gc,phases      ] GC(259)     Dead                           Min: 0, Avg:  0.0, Max: 0, Diff: 0, Sum: 0, Workers: 4
[568.314s][debug][gc,phases      ] GC(259)     Total                          Min: 2111, Avg: 2239.8, Max: 2304, Diff: 193, Sum: 8959, Workers: 4
[568.314s][debug][gc,phases      ] GC(259)   JNI Weak                       Min:  0.0, Avg:  0.0, Max:  0.0, Diff:  0.0, Sum:  0.0, Workers: 4
[568.314s][debug][gc,phases      ] GC(259)     Dead                           Min: 0, Avg:  0.0, Max: 0, Diff: 0, Sum: 0, Workers: 4
[568.314s][debug][gc,phases      ] GC(259)     Total                          Min: 0, Avg:  0.0, Max: 0, Diff: 0, Sum: 0, Workers: 4
[568.314s][debug][gc,phases      ] GC(259)   StringDedup Table Weak         Min:  0.0, Avg:  0.0, Max:  0.0, Diff:  0.0, Sum:  0.0, Workers: 4
[568.314s][debug][gc,phases      ] GC(259)     Dead                           Min: 0, Avg:  0.0, Max: 0, Diff: 0, Sum: 0, Workers: 4
[568.314s][debug][gc,phases      ] GC(259)     Total                          Min: 0, Avg:  0.0, Max: 0, Diff: 0, Sum: 0, Workers: 4
[568.314s][debug][gc,phases      ] GC(259)   StringDedup Requests0 Weak     Min:  0.0, Avg:  0.0, Max:  0.0, Diff:  0.0, Sum:  0.0, Workers: 4
[568.314s][debug][gc,phases      ] GC(259)     Dead                           Min: 0, Avg:  0.0, Max: 0, Diff: 0, Sum: 0, Workers: 4
[568.314s][debug][gc,phases      ] GC(259)     Total                          Min: 0, Avg:  0.0, Max: 0, Diff: 0, Sum: 0, Workers: 4
[568.314s][debug][gc,phases      ] GC(259)   StringDedup Requests1 Weak     Min:  0.0, Avg:  0.0, Max:  0.0, Diff:  0.0, Sum:  0.0, Workers: 4
[568.314s][debug][gc,phases      ] GC(259)     Dead                           Min: 0, Avg:  0.0, Max: 0, Diff: 0, Sum: 0, Workers: 4
[568.314s][debug][gc,phases      ] GC(259)     Total                          Min: 0, Avg:  0.0, Max: 0, Diff: 0, Sum: 0, Workers: 4
[568.314s][debug][gc,phases      ] GC(259)   Weak JFR Old Object Samples    Min:  0.0, Avg:  0.0, Max:  0.0, Diff:  0.0, Sum:  0.0, Workers: 4
[568.314s][debug][gc,phases      ] GC(259)     Dead                           Min: 0, Avg:  0.0, Max: 0, Diff: 0, Sum: 0, Workers: 4
[568.314s][debug][gc,phases      ] GC(259)     Total                          Min: 0, Avg:  0.0, Max: 0, Diff: 0, Sum: 0, Workers: 4
[568.314s][debug][gc,phases      ] GC(259) Weak Processing 0.313ms
[568.314s][debug][gc,age         ] GC(259) Desired survivor size 164626432 bytes, new threshold 14 (max threshold 15)
[568.314s][info ][gc,heap        ] GC(259) PSYoungGen: 1980128K(1980416K)->101867K(1877504K) Eden: 1913856K(1913856K)->0K(1775616K) From: 66272K(66560K)->101867K(101888K)
[568.314s][info ][gc,heap        ] GC(259) ParOldGen: 714021K(813056K)->816403K(816640K)
[568.314s][info ][gc,metaspace   ] GC(259) Metaspace: 86814K(87744K)->86814K(87744K) NonClass: 74838K(75328K)->74838K(75328K) Class: 11976K(12416K)->11976K(12416K)
[568.314s][info ][gc             ] GC(259) Pause Young (Allocation Failure) 2631M->896M(2631M) 89.274ms
[568.314s][info ][gc,cpu         ] GC(259) User=0.29s Sys=0.07s Real=0.09s
[568.314s][debug][gc,phases      ] GC(260) Pre Compact 0.010ms
[568.314s][info ][gc,start       ] GC(260) Pause Full (Ergonomics)
[568.314s][info ][gc,phases,start] GC(260) Marking Phase
[568.486s][debug][gc,phases      ] GC(260) Par Mark 171.889ms
[568.486s][debug][gc,ref         ] GC(260) Skipped phase 1 of Reference Processing: no references
[568.487s][debug][gc,ref         ] GC(260) ReferenceProcessor::execute queues: 4, RefProcThreadModel::Multi, marks_oops_alive: false
[568.487s][debug][gc,ref         ] GC(260) ReferenceProcessor::execute queues: 4, RefProcThreadModel::Multi, marks_oops_alive: true
[568.487s][debug][gc,ref         ] GC(260) ReferenceProcessor::execute queues: 1, RefProcThreadModel::Single, marks_oops_alive: false
[568.487s][debug][gc,phases      ] GC(260) Reference Processing 0.602ms
[568.487s][debug][gc,phases      ] GC(260)   VM Weak                        Min:  0.0, Avg:  0.0, Max:  0.0, Diff:  0.0, Sum:  0.0, Workers: 4
[568.487s][debug][gc,phases      ] GC(260)     Dead                           Min: 0, Avg:  0.0, Max: 0, Diff: 0, Sum: 0, Workers: 4
[568.487s][debug][gc,phases      ] GC(260)     Total                          Min: 0, Avg: 186.2, Max: 448, Diff: 448, Sum: 745, Workers: 4
[568.487s][debug][gc,phases      ] GC(260)   ObjectSynchronizer Weak        Min:  0.0, Avg:  0.0, Max:  0.0, Diff:  0.0, Sum:  0.0, Workers: 4
[568.487s][debug][gc,phases      ] GC(260)     Dead                           Min: 0, Avg:  0.0, Max: 0, Diff: 0, Sum: 0, Workers: 4
[568.487s][debug][gc,phases      ] GC(260)     Total                          Min: 0, Avg: 139.8, Max: 239, Diff: 239, Sum: 559, Workers: 4
[568.487s][debug][gc,phases      ] GC(260)   JVMTI Tag Weak OopStorage      Min:  0.0, Avg:  0.0, Max:  0.0, Diff:  0.0, Sum:  0.0, Workers: 4
[568.487s][debug][gc,phases      ] GC(260)     Dead                           Min: 0, Avg:  0.0, Max: 0, Diff: 0, Sum: 0, Workers: 4
[568.487s][debug][gc,phases      ] GC(260)     Total                          Min: 0, Avg:  0.0, Max: 0, Diff: 0, Sum: 0, Workers: 4
[568.487s][debug][gc,phases      ] GC(260)   StringTable Weak               Min:  0.2, Avg:  0.2, Max:  0.2, Diff:  0.0, Sum:  0.6, Workers: 4
[568.487s][debug][gc,phases      ] GC(260)     Dead                           Min: 0, Avg:  0.0, Max: 0, Diff: 0, Sum: 0, Workers: 4
[568.487s][debug][gc,phases      ] GC(260)     Total                          Min: 11648, Avg: 12211.8, Max: 12608, Diff: 960, Sum: 48847, Workers: 4
[568.487s][debug][gc,phases      ] GC(260)   ResolvedMethodTable Weak       Min:  0.0, Avg:  0.0, Max:  0.0, Diff:  0.0, Sum:  0.1, Workers: 4
[568.487s][debug][gc,phases      ] GC(260)     Dead                           Min: 0, Avg:  0.0, Max: 0, Diff: 0, Sum: 0, Workers: 4
[568.487s][debug][gc,phases      ] GC(260)     Total                          Min: 2112, Avg: 2239.8, Max: 2496, Diff: 384, Sum: 8959, Workers: 4
[568.487s][debug][gc,phases      ] GC(260)   JNI Weak                       Min:  0.0, Avg:  0.0, Max:  0.0, Diff:  0.0, Sum:  0.0, Workers: 4
[568.487s][debug][gc,phases      ] GC(260)     Dead                           Min: 0, Avg:  0.0, Max: 0, Diff: 0, Sum: 0, Workers: 4
[568.487s][debug][gc,phases      ] GC(260)     Total                          Min: 0, Avg:  0.0, Max: 0, Diff: 0, Sum: 0, Workers: 4
[568.487s][debug][gc,phases      ] GC(260)   StringDedup Table Weak         Min:  0.0, Avg:  0.0, Max:  0.0, Diff:  0.0, Sum:  0.0, Workers: 4
[568.487s][debug][gc,phases      ] GC(260)     Dead                           Min: 0, Avg:  0.0, Max: 0, Diff: 0, Sum: 0, Workers: 4
[568.487s][debug][gc,phases      ] GC(260)     Total                          Min: 0, Avg:  0.0, Max: 0, Diff: 0, Sum: 0, Workers: 4
[568.487s][debug][gc,phases      ] GC(260)   StringDedup Requests0 Weak     Min:  0.0, Avg:  0.0, Max:  0.0, Diff:  0.0, Sum:  0.0, Workers: 4
[568.487s][debug][gc,phases      ] GC(260)     Dead                           Min: 0, Avg:  0.0, Max: 0, Diff: 0, Sum: 0, Workers: 4
[568.487s][debug][gc,phases      ] GC(260)     Total                          Min: 0, Avg:  0.0, Max: 0, Diff: 0, Sum: 0, Workers: 4
[568.487s][debug][gc,phases      ] GC(260)   StringDedup Requests1 Weak     Min:  0.0, Avg:  0.0, Max:  0.0, Diff:  0.0, Sum:  0.0, Workers: 4
[568.487s][debug][gc,phases      ] GC(260)     Dead                           Min: 0, Avg:  0.0, Max: 0, Diff: 0, Sum: 0, Workers: 4
[568.487s][debug][gc,phases      ] GC(260)     Total                          Min: 0, Avg:  0.0, Max: 0, Diff: 0, Sum: 0, Workers: 4
[568.487s][debug][gc,phases      ] GC(260)   Weak JFR Old Object Samples    Min:  0.0, Avg:  0.0, Max:  0.0, Diff:  0.0, Sum:  0.0, Workers: 4
[568.487s][debug][gc,phases      ] GC(260)     Dead                           Min: 0, Avg:  0.0, Max: 0, Diff: 0, Sum: 0, Workers: 4
[568.487s][debug][gc,phases      ] GC(260)     Total                          Min: 0, Avg:  0.0, Max: 0, Diff: 0, Sum: 0, Workers: 4
[568.487s][debug][gc,phases      ] GC(260) Weak Processing 0.394ms
[568.488s][debug][gc,phases      ] GC(260) ClassLoaderData 0.098ms
[568.488s][debug][gc,phases      ] GC(260) Trigger cleanups 0.000ms
[568.511s][debug][gc,phases      ] GC(260) Class Unloading 23.575ms
[568.511s][info ][gc,phases      ] GC(260) Marking Phase 196.664ms
[568.511s][info ][gc,phases,start] GC(260) Summary Phase
[568.511s][info ][gc,phases      ] GC(260) Summary Phase 0.039ms
[568.511s][info ][gc,phases,start] GC(260) Adjust Roots
[568.527s][info ][gc,phases      ] GC(260) Adjust Roots 15.987ms
[568.527s][info ][gc,phases,start] GC(260) Compaction Phase
[568.712s][info ][gc,phases      ] GC(260) Compaction Phase 184.450ms
[568.712s][info ][gc,phases,start] GC(260) Post Compact
[568.714s][info ][gc,phases      ] GC(260) Post Compact 2.420ms
[568.714s][info ][gc,heap        ] GC(260) PSYoungGen: 101867K(1877504K)->0K(1936384K) Eden: 0K(1775616K)->0K(1775616K) From: 101867K(101888K)->0K(160768K)
[568.714s][info ][gc,heap        ] GC(260) ParOldGen: 816403K(816640K)->716323K(966656K)
[568.714s][info ][gc,metaspace   ] GC(260) Metaspace: 86814K(87744K)->86814K(87744K) NonClass: 74838K(75328K)->74838K(75328K) Class: 11976K(12416K)->11976K(12416K)
[568.714s][info ][gc             ] GC(260) Pause Full (Ergonomics) 896M->699M(2835M) 399.972ms
[568.714s][info ][gc,cpu         ] GC(260) User=1.37s Sys=0.01s Real=0.40s
[568.714s][info ][safepoint      ] Safepoint "ParallelGCFailedAllocation", Time since last: 279321861 ns, Reaching safepoint: 130108 ns, At safepoint: 489413941 ns, Total: 489544049 ns
[569.715s][info ][safepoint      ] Safepoint "Cleanup", Time since last: 1000084006 ns, Reaching safepoint: 141908 ns, At safepoint: 9001 ns, Total: 150909 ns
[570.715s][info ][safepoint      ] Safepoint "Cleanup", Time since last: 1000104307 ns, Reaching safepoint: 178110 ns, At safepoint: 8700 ns, Total: 186810 ns
[571.176s][info ][gc,start       ] GC(261) Pause Young (Allocation Failure)
[571.221s][debug][gc,phases      ] GC(261) Scavenge 44.955ms
[571.221s][debug][gc,ref         ] GC(261) Skipped phase 1 of Reference Processing: no references
[571.221s][debug][gc,ref         ] GC(261) Skipped phase 2 of Reference Processing: no references
[571.221s][debug][gc,ref         ] GC(261) Skipped phase 3 of Reference Processing: no references
[571.221s][debug][gc,ref         ] GC(261) ReferenceProcessor::execute queues: 1, RefProcThreadModel::Single, marks_oops_alive: false
[571.221s][debug][gc,phases      ] GC(261) Reference Processing 0.111ms
[571.222s][debug][gc,phases      ] GC(261)   VM Weak                        Min:  0.0, Avg:  0.0, Max:  0.0, Diff:  0.0, Sum:  0.0, Workers: 4
[571.222s][debug][gc,phases      ] GC(261)     Dead                           Min: 0, Avg:  0.0, Max: 0, Diff: 0, Sum: 0, Workers: 4
[571.222s][debug][gc,phases      ] GC(261)     Total                          Min: 0, Avg: 186.2, Max: 553, Diff: 553, Sum: 745, Workers: 4
[571.222s][debug][gc,phases      ] GC(261)   ObjectSynchronizer Weak        Min:  0.0, Avg:  0.0, Max:  0.0, Diff:  0.0, Sum:  0.0, Workers: 4
[571.222s][debug][gc,phases      ] GC(261)     Dead                           Min: 0, Avg:  0.0, Max: 0, Diff: 0, Sum: 0, Workers: 4
[571.222s][debug][gc,phases      ] GC(261)     Total                          Min: 0, Avg: 139.8, Max: 303, Diff: 303, Sum: 559, Workers: 4
[571.222s][debug][gc,phases      ] GC(261)   JVMTI Tag Weak OopStorage      Min:  0.0, Avg:  0.0, Max:  0.0, Diff:  0.0, Sum:  0.0, Workers: 4
[571.222s][debug][gc,phases      ] GC(261)     Dead                           Min: 0, Avg:  0.0, Max: 0, Diff: 0, Sum: 0, Workers: 4
[571.222s][debug][gc,phases      ] GC(261)     Total                          Min: 0, Avg:  0.0, Max: 0, Diff: 0, Sum: 0, Workers: 4
[571.222s][debug][gc,phases      ] GC(261)   StringTable Weak               Min:  0.1, Avg:  0.1, Max:  0.1, Diff:  0.0, Sum:  0.5, Workers: 4
[571.222s][debug][gc,phases      ] GC(261)     Dead                           Min: 0, Avg:  0.0, Max: 0, Diff: 0, Sum: 0, Workers: 4
[571.222s][debug][gc,phases      ] GC(261)     Total                          Min: 11264, Avg: 12212.0, Max: 13200, Diff: 1936, Sum: 48848, Workers: 4
[571.222s][debug][gc,phases      ] GC(261)   ResolvedMethodTable Weak       Min:  0.0, Avg:  0.0, Max:  0.0, Diff:  0.0, Sum:  0.1, Workers: 4
[571.222s][debug][gc,phases      ] GC(261)     Dead                           Min: 0, Avg:  0.0, Max: 0, Diff: 0, Sum: 0, Workers: 4
[571.222s][debug][gc,phases      ] GC(261)     Total                          Min: 2048, Avg: 2239.8, Max: 2559, Diff: 511, Sum: 8959, Workers: 4
[571.222s][debug][gc,phases      ] GC(261)   JNI Weak                       Min:  0.0, Avg:  0.0, Max:  0.0, Diff:  0.0, Sum:  0.0, Workers: 4
[571.222s][debug][gc,phases      ] GC(261)     Dead                           Min: 0, Avg:  0.0, Max: 0, Diff: 0, Sum: 0, Workers: 4
[571.222s][debug][gc,phases      ] GC(261)     Total                          Min: 0, Avg:  0.0, Max: 0, Diff: 0, Sum: 0, Workers: 4
[571.222s][debug][gc,phases      ] GC(261)   StringDedup Table Weak         Min:  0.0, Avg:  0.0, Max:  0.0, Diff:  0.0, Sum:  0.0, Workers: 4
[571.222s][debug][gc,phases      ] GC(261)     Dead                           Min: 0, Avg:  0.0, Max: 0, Diff: 0, Sum: 0, Workers: 4
[571.222s][debug][gc,phases      ] GC(261)     Total                          Min: 0, Avg:  0.0, Max: 0, Diff: 0, Sum: 0, Workers: 4
[571.222s][debug][gc,phases      ] GC(261)   StringDedup Requests0 Weak     Min:  0.0, Avg:  0.0, Max:  0.0, Diff:  0.0, Sum:  0.0, Workers: 4
[571.222s][debug][gc,phases      ] GC(261)     Dead                           Min: 0, Avg:  0.0, Max: 0, Diff: 0, Sum: 0, Workers: 4
[571.222s][debug][gc,phases      ] GC(261)     Total                          Min: 0, Avg:  0.0, Max: 0, Diff: 0, Sum: 0, Workers: 4
[571.222s][debug][gc,phases      ] GC(261)   StringDedup Requests1 Weak     Min:  0.0, Avg:  0.0, Max:  0.0, Diff:  0.0, Sum:  0.0, Workers: 4
[571.222s][debug][gc,phases      ] GC(261)     Dead                           Min: 0, Avg:  0.0, Max: 0, Diff: 0, Sum: 0, Workers: 4
[571.222s][debug][gc,phases      ] GC(261)     Total                          Min: 0, Avg:  0.0, Max: 0, Diff: 0, Sum: 0, Workers: 4
[571.222s][debug][gc,phases      ] GC(261)   Weak JFR Old Object Samples    Min:  0.0, Avg:  0.0, Max:  0.0, Diff:  0.0, Sum:  0.0, Workers: 4
[571.222s][debug][gc,phases      ] GC(261)     Dead                           Min: 0, Avg:  0.0, Max: 0, Diff: 0, Sum: 0, Workers: 4
[571.222s][debug][gc,phases      ] GC(261)     Total                          Min: 0, Avg:  0.0, Max: 0, Diff: 0, Sum: 0, Workers: 4
[571.222s][debug][gc,phases      ] GC(261) Weak Processing 0.340ms
[571.222s][debug][gc,age         ] GC(261) Desired survivor size 197656576 bytes, new threshold 13 (max threshold 15)
[571.222s][info ][gc,heap        ] GC(261) PSYoungGen: 1775616K(1936384K)->160752K(1871872K) Eden: 1775616K(1775616K)->0K(1711104K) From: 0K(160768K)->160752K(160768K)
[571.222s][info ][gc,heap        ] GC(261) ParOldGen: 716323K(966656K)->716387K(966656K)
[571.222s][info ][gc,metaspace   ] GC(261) Metaspace: 86826K(87744K)->86826K(87744K) NonClass: 74850K(75328K)->74850K(75328K) Class: 11976K(12416K)->11976K(12416K)
[571.222s][info ][gc             ] GC(261) Pause Young (Allocation Failure) 2433M->856M(2772M) 45.545ms
[571.222s][info ][gc,cpu         ] GC(261) User=0.18s Sys=0.00s Real=0.04s
[571.222s][info ][safepoint      ] Safepoint "ParallelGCFailedAllocation", Time since last: 461067112 ns, Reaching safepoint: 132408 ns, At safepoint: 45640124 ns, Total: 45772532 ns
[572.222s][info ][safepoint      ] Safepoint "Cleanup", Time since last: 1000086505 ns, Reaching safepoint: 46603 ns, At safepoint: 4700 ns, Total: 51303 ns
[573.222s][info ][safepoint      ] Safepoint "Cleanup", Time since last: 1000106607 ns, Reaching safepoint: 55903 ns, At safepoint: 6500 ns, Total: 62403 ns
[574.222s][info ][safepoint      ] Safepoint "Cleanup", Time since last: 1000100006 ns, Reaching safepoint: 50603 ns, At safepoint: 2800 ns, Total: 53403 ns
[575.222s][info ][safepoint      ] Safepoint "Cleanup", Time since last: 1000107006 ns, Reaching safepoint: 52303 ns, At safepoint: 3200 ns, Total: 55503 ns
[577.223s][info ][safepoint      ] Safepoint "Cleanup", Time since last: 2000163708 ns, Reaching safepoint: 58804 ns, At safepoint: 5600 ns, Total: 64404 ns
[578.223s][info ][safepoint      ] Safepoint "Cleanup", Time since last: 1000090304 ns, Reaching safepoint: 57103 ns, At safepoint: 3701 ns, Total: 60804 ns
[579.223s][info ][safepoint      ] Safepoint "Cleanup", Time since last: 1000132406 ns, Reaching safepoint: 51703 ns, At safepoint: 8701 ns, Total: 60404 ns
[579.340s][info ][safepoint      ] Safepoint "ParallelGCFailedAllocation", Time since last: 117230440 ns, Reaching safepoint: 34202 ns, At safepoint: 11501 ns, Total: 45703 ns
[579.340s][info ][gc,start       ] GC(262) Pause Young (GCLocker Initiated GC)
[579.381s][debug][gc,phases      ] GC(262) Scavenge 40.142ms
[579.381s][debug][gc,ref         ] GC(262) Skipped phase 1 of Reference Processing: no references
[579.381s][debug][gc,ref         ] GC(262) ReferenceProcessor::execute queues: 1, RefProcThreadModel::Single, marks_oops_alive: false
[579.381s][debug][gc,ref         ] GC(262) Skipped phase 3 of Reference Processing: no references
[579.381s][debug][gc,ref         ] GC(262) ReferenceProcessor::execute queues: 1, RefProcThreadModel::Single, marks_oops_alive: false
[579.381s][debug][gc,phases      ] GC(262) Reference Processing 0.123ms
[579.381s][debug][gc,phases      ] GC(262)   VM Weak                        Min:  0.0, Avg:  0.0, Max:  0.0, Diff:  0.0, Sum:  0.0, Workers: 4
[579.381s][debug][gc,phases      ] GC(262)     Dead                           Min: 0, Avg:  0.0, Max: 0, Diff: 0, Sum: 0, Workers: 4
[579.381s][debug][gc,phases      ] GC(262)     Total                          Min: 0, Avg: 186.2, Max: 384, Diff: 384, Sum: 745, Workers: 4
[579.381s][debug][gc,phases      ] GC(262)   ObjectSynchronizer Weak        Min:  0.0, Avg:  0.0, Max:  0.0, Diff:  0.0, Sum:  0.0, Workers: 4
[579.381s][debug][gc,phases      ] GC(262)     Dead                           Min: 0, Avg:  0.0, Max: 0, Diff: 0, Sum: 0, Workers: 4
[579.381s][debug][gc,phases      ] GC(262)     Total                          Min: 0, Avg: 139.8, Max: 192, Diff: 192, Sum: 559, Workers: 4
[579.381s][debug][gc,phases      ] GC(262)   JVMTI Tag Weak OopStorage      Min:  0.0, Avg:  0.0, Max:  0.0, Diff:  0.0, Sum:  0.0, Workers: 4
[579.381s][debug][gc,phases      ] GC(262)     Dead                           Min: 0, Avg:  0.0, Max: 0, Diff: 0, Sum: 0, Workers: 4
[579.381s][debug][gc,phases      ] GC(262)     Total                          Min: 0, Avg:  0.0, Max: 0, Diff: 0, Sum: 0, Workers: 4
[579.381s][debug][gc,phases      ] GC(262)   StringTable Weak               Min:  0.1, Avg:  0.1, Max:  0.1, Diff:  0.0, Sum:  0.5, Workers: 4
[579.381s][debug][gc,phases      ] GC(262)     Dead                           Min: 0, Avg:  0.0, Max: 0, Diff: 0, Sum: 0, Workers: 4
[579.381s][debug][gc,phases      ] GC(262)     Total                          Min: 11648, Avg: 12212.2, Max: 13248, Diff: 1600, Sum: 48849, Workers: 4
[579.381s][debug][gc,phases      ] GC(262)   ResolvedMethodTable Weak       Min:  0.0, Avg:  0.0, Max:  0.0, Diff:  0.0, Sum:  0.1, Workers: 4
[579.381s][debug][gc,phases      ] GC(262)     Dead                           Min: 0, Avg:  0.0, Max: 0, Diff: 0, Sum: 0, Workers: 4
[579.381s][debug][gc,phases      ] GC(262)     Total                          Min: 2176, Avg: 2239.8, Max: 2303, Diff: 127, Sum: 8959, Workers: 4
[579.381s][debug][gc,phases      ] GC(262)   JNI Weak                       Min:  0.0, Avg:  0.0, Max:  0.0, Diff:  0.0, Sum:  0.0, Workers: 4
[579.381s][debug][gc,phases      ] GC(262)     Dead                           Min: 0, Avg:  0.0, Max: 0, Diff: 0, Sum: 0, Workers: 4
[579.381s][debug][gc,phases      ] GC(262)     Total                          Min: 0, Avg:  0.0, Max: 0, Diff: 0, Sum: 0, Workers: 4
[579.381s][debug][gc,phases      ] GC(262)   StringDedup Table Weak         Min:  0.0, Avg:  0.0, Max:  0.0, Diff:  0.0, Sum:  0.0, Workers: 4
[579.381s][debug][gc,phases      ] GC(262)     Dead                           Min: 0, Avg:  0.0, Max: 0, Diff: 0, Sum: 0, Workers: 4
[579.381s][debug][gc,phases      ] GC(262)     Total                          Min: 0, Avg:  0.0, Max: 0, Diff: 0, Sum: 0, Workers: 4
[579.381s][debug][gc,phases      ] GC(262)   StringDedup Requests0 Weak     Min:  0.0, Avg:  0.0, Max:  0.0, Diff:  0.0, Sum:  0.0, Workers: 4
[579.381s][debug][gc,phases      ] GC(262)     Dead                           Min: 0, Avg:  0.0, Max: 0, Diff: 0, Sum: 0, Workers: 4
[579.381s][debug][gc,phases      ] GC(262)     Total                          Min: 0, Avg:  0.0, Max: 0, Diff: 0, Sum: 0, Workers: 4
[579.381s][debug][gc,phases      ] GC(262)   StringDedup Requests1 Weak     Min:  0.0, Avg:  0.0, Max:  0.0, Diff:  0.0, Sum:  0.0, Workers: 4
[579.381s][debug][gc,phases      ] GC(262)     Dead                           Min: 0, Avg:  0.0, Max: 0, Diff: 0, Sum: 0, Workers: 4
[579.381s][debug][gc,phases      ] GC(262)     Total                          Min: 0, Avg:  0.0, Max: 0, Diff: 0, Sum: 0, Workers: 4
[579.381s][debug][gc,phases      ] GC(262)   Weak JFR Old Object Samples    Min:  0.0, Avg:  0.0, Max:  0.0, Diff:  0.0, Sum:  0.0, Workers: 4
[579.381s][debug][gc,phases      ] GC(262)     Dead                           Min: 0, Avg:  0.0, Max: 0, Diff: 0, Sum: 0, Workers: 4
[579.381s][debug][gc,phases      ] GC(262)     Total                          Min: 0, Avg:  0.0, Max: 0, Diff: 0, Sum: 0, Workers: 4
[579.381s][debug][gc,phases      ] GC(262) Weak Processing 0.364ms
[579.381s][debug][gc,age         ] GC(262) Desired survivor size 224919552 bytes, new threshold 14 (max threshold 15)
[579.381s][info ][gc,heap        ] GC(262) PSYoungGen: 1871856K(1871872K)->163032K(1874432K) Eden: 1711104K(1711104K)->0K(1711104K) From: 160752K(160768K)->163032K(163328K)
[579.381s][info ][gc,heap        ] GC(262) ParOldGen: 716403K(966656K)->716403K(966656K)
[579.381s][info ][gc,metaspace   ] GC(262) Metaspace: 86837K(87744K)->86837K(87744K) NonClass: 74861K(75328K)->74861K(75328K) Class: 11976K(12416K)->11976K(12416K)
[579.381s][info ][gc             ] GC(262) Pause Young (GCLocker Initiated GC) 2527M->858M(2774M) 40.752ms
[579.381s][info ][gc,cpu         ] GC(262) User=0.16s Sys=0.00s Real=0.04s
[579.381s][info ][safepoint      ] Safepoint "ParallelGCSystemGC", Time since last: 59403 ns, Reaching safepoint: 14801 ns, At safepoint: 40839948 ns, Total: 40854749 ns
[580.381s][info ][safepoint      ] Safepoint "Cleanup", Time since last: 1000096605 ns, Reaching safepoint: 145608 ns, At safepoint: 11201 ns, Total: 156809 ns
[581.382s][info ][safepoint      ] Safepoint "Cleanup", Time since last: 1000114305 ns, Reaching safepoint: 94505 ns, At safepoint: 11401 ns, Total: 105906 ns
[583.382s][info ][safepoint      ] Safepoint "Cleanup", Time since last: 2000187607 ns, Reaching safepoint: 160409 ns, At safepoint: 9300 ns, Total: 169709 ns
[584.382s][info ][safepoint      ] Safepoint "Cleanup", Time since last: 1000121105 ns, Reaching safepoint: 127207 ns, At safepoint: 8201 ns, Total: 135408 ns
[585.383s][info ][safepoint      ] Safepoint "Cleanup", Time since last: 1000138305 ns, Reaching safepoint: 155309 ns, At safepoint: 13001 ns, Total: 168310 ns
[586.383s][info ][safepoint      ] Safepoint "Cleanup", Time since last: 1000120604 ns, Reaching safepoint: 147109 ns, At safepoint: 12001 ns, Total: 159110 ns
[587.383s][info ][safepoint      ] Safepoint "Cleanup", Time since last: 1000114003 ns, Reaching safepoint: 129708 ns, At safepoint: 11700 ns, Total: 141408 ns
[588.383s][info ][safepoint      ] Safepoint "Cleanup", Time since last: 1000110804 ns, Reaching safepoint: 129207 ns, At safepoint: 9701 ns, Total: 138908 ns
[589.384s][info ][safepoint      ] Safepoint "Cleanup", Time since last: 1000115503 ns, Reaching safepoint: 134608 ns, At safepoint: 6600 ns, Total: 141208 ns
[589.737s][info ][safepoint      ] Safepoint "ParallelGCFailedAllocation", Time since last: 353813643 ns, Reaching safepoint: 63604 ns, At safepoint: 12501 ns, Total: 76105 ns
[589.738s][info ][gc,start       ] GC(263) Pause Young (GCLocker Initiated GC)
[589.780s][debug][gc,phases      ] GC(263) Scavenge 42.077ms
[589.780s][debug][gc,ref         ] GC(263) Skipped phase 1 of Reference Processing: no references
[589.780s][debug][gc,ref         ] GC(263) ReferenceProcessor::execute queues: 1, RefProcThreadModel::Single, marks_oops_alive: false
[589.780s][debug][gc,ref         ] GC(263) Skipped phase 3 of Reference Processing: no references
[589.780s][debug][gc,ref         ] GC(263) ReferenceProcessor::execute queues: 1, RefProcThreadModel::Single, marks_oops_alive: false
[589.780s][debug][gc,phases      ] GC(263) Reference Processing 0.157ms
[589.780s][debug][gc,phases      ] GC(263)   VM Weak                        Min:  0.0, Avg:  0.0, Max:  0.0, Diff:  0.0, Sum:  0.0, Workers: 4
[589.780s][debug][gc,phases      ] GC(263)     Dead                           Min: 0, Avg:  0.0, Max: 0, Diff: 0, Sum: 0, Workers: 4
[589.780s][debug][gc,phases      ] GC(263)     Total                          Min: 0, Avg: 186.2, Max: 745, Diff: 745, Sum: 745, Workers: 4
[589.780s][debug][gc,phases      ] GC(263)   ObjectSynchronizer Weak        Min:  0.0, Avg:  0.0, Max:  0.0, Diff:  0.0, Sum:  0.0, Workers: 4
[589.780s][debug][gc,phases      ] GC(263)     Dead                           Min: 0, Avg:  0.0, Max: 0, Diff: 0, Sum: 0, Workers: 4
[589.780s][debug][gc,phases      ] GC(263)     Total                          Min: 0, Avg: 139.8, Max: 303, Diff: 303, Sum: 559, Workers: 4
[589.780s][debug][gc,phases      ] GC(263)   JVMTI Tag Weak OopStorage      Min:  0.0, Avg:  0.0, Max:  0.0, Diff:  0.0, Sum:  0.0, Workers: 4
[589.780s][debug][gc,phases      ] GC(263)     Dead                           Min: 0, Avg:  0.0, Max: 0, Diff: 0, Sum: 0, Workers: 4
[589.780s][debug][gc,phases      ] GC(263)     Total                          Min: 0, Avg:  0.0, Max: 0, Diff: 0, Sum: 0, Workers: 4
[589.780s][debug][gc,phases      ] GC(263)   StringTable Weak               Min:  0.1, Avg:  0.1, Max:  0.1, Diff:  0.0, Sum:  0.5, Workers: 4
[589.780s][debug][gc,phases      ] GC(263)     Dead                           Min: 0, Avg:  0.0, Max: 0, Diff: 0, Sum: 0, Workers: 4
[589.780s][debug][gc,phases      ] GC(263)     Total                          Min: 10624, Avg: 12212.5, Max: 12882, Diff: 2258, Sum: 48850, Workers: 4
[589.780s][debug][gc,phases      ] GC(263)   ResolvedMethodTable Weak       Min:  0.0, Avg:  0.0, Max:  0.0, Diff:  0.0, Sum:  0.1, Workers: 4
[589.780s][debug][gc,phases      ] GC(263)     Dead                           Min: 0, Avg:  0.0, Max: 0, Diff: 0, Sum: 0, Workers: 4
[589.780s][debug][gc,phases      ] GC(263)     Total                          Min: 2048, Avg: 2240.0, Max: 2368, Diff: 320, Sum: 8960, Workers: 4
[589.780s][debug][gc,phases      ] GC(263)   JNI Weak                       Min:  0.0, Avg:  0.0, Max:  0.0, Diff:  0.0, Sum:  0.0, Workers: 4
[589.780s][debug][gc,phases      ] GC(263)     Dead                           Min: 0, Avg:  0.0, Max: 0, Diff: 0, Sum: 0, Workers: 4
[589.780s][debug][gc,phases      ] GC(263)     Total                          Min: 0, Avg:  0.0, Max: 0, Diff: 0, Sum: 0, Workers: 4
[589.780s][debug][gc,phases      ] GC(263)   StringDedup Table Weak         Min:  0.0, Avg:  0.0, Max:  0.0, Diff:  0.0, Sum:  0.0, Workers: 4
[589.780s][debug][gc,phases      ] GC(263)     Dead                           Min: 0, Avg:  0.0, Max: 0, Diff: 0, Sum: 0, Workers: 4
[589.780s][debug][gc,phases      ] GC(263)     Total                          Min: 0, Avg:  0.0, Max: 0, Diff: 0, Sum: 0, Workers: 4
[589.780s][debug][gc,phases      ] GC(263)   StringDedup Requests0 Weak     Min:  0.0, Avg:  0.0, Max:  0.0, Diff:  0.0, Sum:  0.0, Workers: 4
[589.780s][debug][gc,phases      ] GC(263)     Dead                           Min: 0, Avg:  0.0, Max: 0, Diff: 0, Sum: 0, Workers: 4
[589.780s][debug][gc,phases      ] GC(263)     Total                          Min: 0, Avg:  0.0, Max: 0, Diff: 0, Sum: 0, Workers: 4
[589.780s][debug][gc,phases      ] GC(263)   StringDedup Requests1 Weak     Min:  0.0, Avg:  0.0, Max:  0.0, Diff:  0.0, Sum:  0.0, Workers: 4
[589.780s][debug][gc,phases      ] GC(263)     Dead                           Min: 0, Avg:  0.0, Max: 0, Diff: 0, Sum: 0, Workers: 4
[589.780s][debug][gc,phases      ] GC(263)     Total                          Min: 0, Avg:  0.0, Max: 0, Diff: 0, Sum: 0, Workers: 4
[589.780s][debug][gc,phases      ] GC(263)   Weak JFR Old Object Samples    Min:  0.0, Avg:  0.0, Max:  0.0, Diff:  0.0, Sum:  0.0, Workers: 4
[589.780s][debug][gc,phases      ] GC(263)     Dead                           Min: 0, Avg:  0.0, Max: 0, Diff: 0, Sum: 0, Workers: 4
[589.780s][debug][gc,phases      ] GC(263)     Total                          Min: 0, Avg:  0.0, Max: 0, Diff: 0, Sum: 0, Workers: 4
[589.780s][debug][gc,phases      ] GC(263) Weak Processing 0.366ms
[589.780s][debug][gc,age         ] GC(263) Desired survivor size 245891072 bytes, new threshold 15 (max threshold 15)
[589.780s][info ][gc,heap        ] GC(263) PSYoungGen: 1874136K(1874432K)->161905K(1836544K) Eden: 1711104K(1711104K)->0K(1616896K) From: 163032K(163328K)->161905K(219648K)
[589.780s][info ][gc,heap        ] GC(263) ParOldGen: 716426K(966656K)->716426K(966656K)
[589.780s][info ][gc,metaspace   ] GC(263) Metaspace: 86851K(87744K)->86851K(87744K) NonClass: 74874K(75328K)->74874K(75328K) Class: 11977K(12416K)->11977K(12416K)
[589.780s][info ][gc             ] GC(263) Pause Young (GCLocker Initiated GC) 2529M->857M(2737M) 42.722ms
[589.780s][info ][gc,cpu         ] GC(263) User=0.16s Sys=0.00s Real=0.04s
[589.780s][info ][safepoint      ] Safepoint "ParallelGCSystemGC", Time since last: 131107 ns, Reaching safepoint: 22801 ns, At safepoint: 42827063 ns, Total: 42849864 ns
[590.781s][info ][safepoint      ] Safepoint "Cleanup", Time since last: 1000088001 ns, Reaching safepoint: 60504 ns, At safepoint: 4800 ns, Total: 65304 ns
[591.781s][info ][safepoint      ] Safepoint "Cleanup", Time since last: 1000110103 ns, Reaching safepoint: 139308 ns, At safepoint: 11900 ns, Total: 151208 ns
[592.781s][info ][safepoint      ] Safepoint "Cleanup", Time since last: 1000113903 ns, Reaching safepoint: 145008 ns, At safepoint: 11201 ns, Total: 156209 ns
[594.781s][info ][safepoint      ] Safepoint "Cleanup", Time since last: 2000190402 ns, Reaching safepoint: 126507 ns, At safepoint: 6301 ns, Total: 132808 ns
[595.782s][info ][safepoint      ] Safepoint "Cleanup", Time since last: 1000113102 ns, Reaching safepoint: 129907 ns, At safepoint: 14601 ns, Total: 144508 ns
[596.782s][info ][safepoint      ] Safepoint "Cleanup", Time since last: 1000115802 ns, Reaching safepoint: 128107 ns, At safepoint: 14801 ns, Total: 142908 ns
[597.782s][info ][safepoint      ] Safepoint "Cleanup", Time since last: 1000114002 ns, Reaching safepoint: 139808 ns, At safepoint: 14600 ns, Total: 154408 ns
[598.737s][info ][gc,start       ] GC(264) Pause Young (Allocation Failure)
[598.776s][debug][gc,phases      ] GC(264) Scavenge 39.125ms
[598.776s][debug][gc,ref         ] GC(264) Skipped phase 1 of Reference Processing: no references
[598.776s][debug][gc,ref         ] GC(264) ReferenceProcessor::execute queues: 1, RefProcThreadModel::Single, marks_oops_alive: false
[598.776s][debug][gc,ref         ] GC(264) Skipped phase 3 of Reference Processing: no references
[598.776s][debug][gc,ref         ] GC(264) ReferenceProcessor::execute queues: 1, RefProcThreadModel::Single, marks_oops_alive: false
[598.776s][debug][gc,phases      ] GC(264) Reference Processing 0.125ms
[598.777s][debug][gc,phases      ] GC(264)   VM Weak                        Min:  0.0, Avg:  0.0, Max:  0.0, Diff:  0.0, Sum:  0.0, Workers: 4
[598.777s][debug][gc,phases      ] GC(264)     Dead                           Min: 0, Avg:  0.0, Max: 0, Diff: 0, Sum: 0, Workers: 4
[598.777s][debug][gc,phases      ] GC(264)     Total                          Min: 0, Avg: 186.2, Max: 553, Diff: 553, Sum: 745, Workers: 4
[598.777s][debug][gc,phases      ] GC(264)   ObjectSynchronizer Weak        Min:  0.0, Avg:  0.0, Max:  0.0, Diff:  0.0, Sum:  0.0, Workers: 4
[598.777s][debug][gc,phases      ] GC(264)     Dead                           Min: 0, Avg:  0.0, Max: 0, Diff: 0, Sum: 0, Workers: 4
[598.777s][debug][gc,phases      ] GC(264)     Total                          Min: 0, Avg: 139.8, Max: 239, Diff: 239, Sum: 559, Workers: 4
[598.777s][debug][gc,phases      ] GC(264)   JVMTI Tag Weak OopStorage      Min:  0.0, Avg:  0.0, Max:  0.0, Diff:  0.0, Sum:  0.0, Workers: 4
[598.777s][debug][gc,phases      ] GC(264)     Dead                           Min: 0, Avg:  0.0, Max: 0, Diff: 0, Sum: 0, Workers: 4
[598.777s][debug][gc,phases      ] GC(264)     Total                          Min: 0, Avg:  0.0, Max: 0, Diff: 0, Sum: 0, Workers: 4
[598.777s][debug][gc,phases      ] GC(264)   StringTable Weak               Min:  0.1, Avg:  0.1, Max:  0.1, Diff:  0.0, Sum:  0.4, Workers: 4
[598.777s][debug][gc,phases      ] GC(264)     Dead                           Min: 0, Avg:  0.0, Max: 0, Diff: 0, Sum: 0, Workers: 4
[598.777s][debug][gc,phases      ] GC(264)     Total                          Min: 11392, Avg: 12212.5, Max: 12736, Diff: 1344, Sum: 48850, Workers: 4
[598.777s][debug][gc,phases      ] GC(264)   ResolvedMethodTable Weak       Min:  0.0, Avg:  0.0, Max:  0.0, Diff:  0.0, Sum:  0.1, Workers: 4
[598.777s][debug][gc,phases      ] GC(264)     Dead                           Min: 0, Avg:  0.0, Max: 0, Diff: 0, Sum: 0, Workers: 4
[598.777s][debug][gc,phases      ] GC(264)     Total                          Min: 2112, Avg: 2240.0, Max: 2496, Diff: 384, Sum: 8960, Workers: 4
[598.777s][debug][gc,phases      ] GC(264)   JNI Weak                       Min:  0.0, Avg:  0.0, Max:  0.0, Diff:  0.0, Sum:  0.0, Workers: 4
[598.777s][debug][gc,phases      ] GC(264)     Dead                           Min: 0, Avg:  0.0, Max: 0, Diff: 0, Sum: 0, Workers: 4
[598.777s][debug][gc,phases      ] GC(264)     Total                          Min: 0, Avg:  0.0, Max: 0, Diff: 0, Sum: 0, Workers: 4
[598.777s][debug][gc,phases      ] GC(264)   StringDedup Table Weak         Min:  0.0, Avg:  0.0, Max:  0.0, Diff:  0.0, Sum:  0.0, Workers: 4
[598.777s][debug][gc,phases      ] GC(264)     Dead                           Min: 0, Avg:  0.0, Max: 0, Diff: 0, Sum: 0, Workers: 4
[598.777s][debug][gc,phases      ] GC(264)     Total                          Min: 0, Avg:  0.0, Max: 0, Diff: 0, Sum: 0, Workers: 4
[598.777s][debug][gc,phases      ] GC(264)   StringDedup Requests0 Weak     Min:  0.0, Avg:  0.0, Max:  0.0, Diff:  0.0, Sum:  0.0, Workers: 4
[598.777s][debug][gc,phases      ] GC(264)     Dead                           Min: 0, Avg:  0.0, Max: 0, Diff: 0, Sum: 0, Workers: 4
[598.777s][debug][gc,phases      ] GC(264)     Total                          Min: 0, Avg:  0.0, Max: 0, Diff: 0, Sum: 0, Workers: 4
[598.777s][debug][gc,phases      ] GC(264)   StringDedup Requests1 Weak     Min:  0.0, Avg:  0.0, Max:  0.0, Diff:  0.0, Sum:  0.0, Workers: 4
[598.777s][debug][gc,phases      ] GC(264)     Dead                           Min: 0, Avg:  0.0, Max: 0, Diff: 0, Sum: 0, Workers: 4
[598.777s][debug][gc,phases      ] GC(264)     Total                          Min: 0, Avg:  0.0, Max: 0, Diff: 0, Sum: 0, Workers: 4
[598.777s][debug][gc,phases      ] GC(264)   Weak JFR Old Object Samples    Min:  0.0, Avg:  0.0, Max:  0.0, Diff:  0.0, Sum:  0.0, Workers: 4
[598.777s][debug][gc,phases      ] GC(264)     Dead                           Min: 0, Avg:  0.0, Max: 0, Diff: 0, Sum: 0, Workers: 4
[598.777s][debug][gc,phases      ] GC(264)     Total                          Min: 0, Avg:  0.0, Max: 0, Diff: 0, Sum: 0, Workers: 4
[598.777s][debug][gc,phases      ] GC(264) Weak Processing 0.347ms
[598.777s][debug][gc,age         ] GC(264) Desired survivor size 262668288 bytes, new threshold 15 (max threshold 15)
[598.777s][info ][gc,heap        ] GC(264) PSYoungGen: 1778801K(1836544K)->162105K(1779200K) Eden: 1616896K(1616896K)->0K(1616896K) From: 161905K(219648K)->162105K(162304K)
[598.777s][info ][gc,heap        ] GC(264) ParOldGen: 716443K(966656K)->716443K(966656K)
[598.777s][info ][gc,metaspace   ] GC(264) Metaspace: 86871K(87808K)->86871K(87808K) NonClass: 74894K(75392K)->74894K(75392K) Class: 11977K(12416K)->11977K(12416K)
[598.777s][info ][gc             ] GC(264) Pause Young (Allocation Failure) 2436M->857M(2681M) 39.742ms
[598.777s][info ][gc,cpu         ] GC(264) User=0.16s Sys=0.00s Real=0.04s
[598.777s][info ][safepoint      ] Safepoint "ParallelGCFailedAllocation", Time since last: 954607585 ns, Reaching safepoint: 129008 ns, At safepoint: 39839190 ns, Total: 39968198 ns
[599.777s][info ][safepoint      ] Safepoint "Cleanup", Time since last: 1000083400 ns, Reaching safepoint: 54203 ns, At safepoint: 3600 ns, Total: 57803 ns
[600.777s][info ][safepoint      ] Safepoint "Cleanup", Time since last: 1000111001 ns, Reaching safepoint: 60403 ns, At safepoint: 8101 ns, Total: 68504 ns
[602.777s][info ][safepoint      ] Safepoint "Cleanup", Time since last: 2000175998 ns, Reaching safepoint: 48803 ns, At safepoint: 3700 ns, Total: 52503 ns
[603.778s][info ][safepoint      ] Safepoint "Cleanup", Time since last: 1000097799 ns, Reaching safepoint: 54303 ns, At safepoint: 4000 ns, Total: 58303 ns
[604.778s][info ][safepoint      ] Safepoint "Cleanup", Time since last: 1000108400 ns, Reaching safepoint: 44703 ns, At safepoint: 4500 ns, Total: 49203 ns
[605.778s][info ][safepoint      ] Safepoint "Cleanup", Time since last: 1000105299 ns, Reaching safepoint: 125108 ns, At safepoint: 15000 ns, Total: 140108 ns
[606.039s][info ][gc,start       ] GC(265) Pause Young (Allocation Failure)
[606.099s][debug][gc,phases      ] GC(265) Scavenge 60.358ms
[606.099s][debug][gc,ref         ] GC(265) Skipped phase 1 of Reference Processing: no references
[606.099s][debug][gc,ref         ] GC(265) ReferenceProcessor::execute queues: 1, RefProcThreadModel::Single, marks_oops_alive: false
[606.099s][debug][gc,ref         ] GC(265) Skipped phase 3 of Reference Processing: no references
[606.099s][debug][gc,ref         ] GC(265) Skipped phase 4 of Reference Processing: no references
[606.099s][debug][gc,phases      ] GC(265) Reference Processing 0.126ms
[606.099s][debug][gc,phases      ] GC(265)   VM Weak                        Min:  0.0, Avg:  0.0, Max:  0.0, Diff:  0.0, Sum:  0.0, Workers: 4
[606.099s][debug][gc,phases      ] GC(265)     Dead                           Min: 0, Avg:  0.0, Max: 0, Diff: 0, Sum: 0, Workers: 4
[606.099s][debug][gc,phases      ] GC(265)     Total                          Min: 0, Avg: 186.2, Max: 745, Diff: 745, Sum: 745, Workers: 4
[606.099s][debug][gc,phases      ] GC(265)   ObjectSynchronizer Weak        Min:  0.0, Avg:  0.0, Max:  0.0, Diff:  0.0, Sum:  0.0, Workers: 4
[606.099s][debug][gc,phases      ] GC(265)     Dead                           Min: 0, Avg:  0.0, Max: 0, Diff: 0, Sum: 0, Workers: 4
[606.099s][debug][gc,phases      ] GC(265)     Total                          Min: 0, Avg: 139.8, Max: 239, Diff: 239, Sum: 559, Workers: 4
[606.099s][debug][gc,phases      ] GC(265)   JVMTI Tag Weak OopStorage      Min:  0.0, Avg:  0.0, Max:  0.0, Diff:  0.0, Sum:  0.0, Workers: 4
[606.099s][debug][gc,phases      ] GC(265)     Dead                           Min: 0, Avg:  0.0, Max: 0, Diff: 0, Sum: 0, Workers: 4
[606.099s][debug][gc,phases      ] GC(265)     Total                          Min: 0, Avg:  0.0, Max: 0, Diff: 0, Sum: 0, Workers: 4
[606.099s][debug][gc,phases      ] GC(265)   StringTable Weak               Min:  0.1, Avg:  0.1, Max:  0.1, Diff:  0.0, Sum:  0.5, Workers: 4
[606.099s][debug][gc,phases      ] GC(265)     Dead                           Min: 0, Avg:  0.0, Max: 0, Diff: 0, Sum: 0, Workers: 4
[606.099s][debug][gc,phases      ] GC(265)     Total                          Min: 11072, Avg: 12212.5, Max: 13120, Diff: 2048, Sum: 48850, Workers: 4
[606.099s][debug][gc,phases      ] GC(265)   ResolvedMethodTable Weak       Min:  0.0, Avg:  0.0, Max:  0.0, Diff:  0.0, Sum:  0.1, Workers: 4
[606.099s][debug][gc,phases      ] GC(265)     Dead                           Min: 0, Avg:  0.0, Max: 0, Diff: 0, Sum: 0, Workers: 4
[606.099s][debug][gc,phases      ] GC(265)     Total                          Min: 1408, Avg: 2240.0, Max: 2752, Diff: 1344, Sum: 8960, Workers: 4
[606.099s][debug][gc,phases      ] GC(265)   JNI Weak                       Min:  0.0, Avg:  0.0, Max:  0.0, Diff:  0.0, Sum:  0.0, Workers: 4
[606.099s][debug][gc,phases      ] GC(265)     Dead                           Min: 0, Avg:  0.0, Max: 0, Diff: 0, Sum: 0, Workers: 4
[606.100s][debug][gc,phases      ] GC(265)     Total                          Min: 0, Avg:  0.0, Max: 0, Diff: 0, Sum: 0, Workers: 4
[606.100s][debug][gc,phases      ] GC(265)   StringDedup Table Weak         Min:  0.0, Avg:  0.0, Max:  0.0, Diff:  0.0, Sum:  0.0, Workers: 4
[606.100s][debug][gc,phases      ] GC(265)     Dead                           Min: 0, Avg:  0.0, Max: 0, Diff: 0, Sum: 0, Workers: 4
[606.100s][debug][gc,phases      ] GC(265)     Total                          Min: 0, Avg:  0.0, Max: 0, Diff: 0, Sum: 0, Workers: 4
[606.100s][debug][gc,phases      ] GC(265)   StringDedup Requests0 Weak     Min:  0.0, Avg:  0.0, Max:  0.0, Diff:  0.0, Sum:  0.0, Workers: 4
[606.100s][debug][gc,phases      ] GC(265)     Dead                           Min: 0, Avg:  0.0, Max: 0, Diff: 0, Sum: 0, Workers: 4
[606.100s][debug][gc,phases      ] GC(265)     Total                          Min: 0, Avg:  0.0, Max: 0, Diff: 0, Sum: 0, Workers: 4
[606.100s][debug][gc,phases      ] GC(265)   StringDedup Requests1 Weak     Min:  0.0, Avg:  0.0, Max:  0.0, Diff:  0.0, Sum:  0.0, Workers: 4
[606.100s][debug][gc,phases      ] GC(265)     Dead                           Min: 0, Avg:  0.0, Max: 0, Diff: 0, Sum: 0, Workers: 4
[606.100s][debug][gc,phases      ] GC(265)     Total                          Min: 0, Avg:  0.0, Max: 0, Diff: 0, Sum: 0, Workers: 4
[606.100s][debug][gc,phases      ] GC(265)   Weak JFR Old Object Samples    Min:  0.0, Avg:  0.0, Max:  0.0, Diff:  0.0, Sum:  0.0, Workers: 4
[606.100s][debug][gc,phases      ] GC(265)     Dead                           Min: 0, Avg:  0.0, Max: 0, Diff: 0, Sum: 0, Workers: 4
[606.100s][debug][gc,phases      ] GC(265)     Total                          Min: 0, Avg:  0.0, Max: 0, Diff: 0, Sum: 0, Workers: 4
[606.100s][debug][gc,phases      ] GC(265) Weak Processing 0.362ms
[606.100s][debug][gc,age         ] GC(265) Desired survivor size 295174144 bytes, new threshold 15 (max threshold 15)
[606.100s][info ][gc,heap        ] GC(265) PSYoungGen: 1779001K(1779200K)->215600K(1777152K) Eden: 1616896K(1616896K)->0K(1520640K) From: 162105K(162304K)->215600K(256512K)
[606.100s][info ][gc,heap        ] GC(265) ParOldGen: 716443K(966656K)->716443K(966656K)
[606.100s][info ][gc,metaspace   ] GC(265) Metaspace: 86882K(87808K)->86882K(87808K) NonClass: 74905K(75392K)->74905K(75392K) Class: 11977K(12416K)->11977K(12416K)
[606.100s][info ][gc             ] GC(265) Pause Young (Allocation Failure) 2436M->910M(2679M) 61.016ms
[606.100s][info ][gc,cpu         ] GC(265) User=0.24s Sys=0.00s Real=0.06s
[606.100s][info ][safepoint      ] Safepoint "ParallelGCFailedAllocation", Time since last: 260512078 ns, Reaching safepoint: 120007 ns, At safepoint: 61118414 ns, Total: 61238421 ns
[607.100s][info ][safepoint      ] Safepoint "Cleanup", Time since last: 1000091098 ns, Reaching safepoint: 112607 ns, At safepoint: 5500 ns, Total: 118107 ns
[607.630s][info ][gc,start       ] GC(266) Pause Young (Allocation Failure)
[607.689s][debug][gc,phases      ] GC(266) Scavenge 58.453ms
[607.689s][debug][gc,ref         ] GC(266) Skipped phase 1 of Reference Processing: no references
[607.689s][debug][gc,ref         ] GC(266) ReferenceProcessor::execute queues: 1, RefProcThreadModel::Single, marks_oops_alive: false
[607.689s][debug][gc,ref         ] GC(266) Skipped phase 3 of Reference Processing: no references
[607.689s][debug][gc,ref         ] GC(266) ReferenceProcessor::execute queues: 1, RefProcThreadModel::Single, marks_oops_alive: false
[607.689s][debug][gc,phases      ] GC(266) Reference Processing 0.119ms
[607.689s][debug][gc,phases      ] GC(266)   VM Weak                        Min:  0.0, Avg:  0.0, Max:  0.0, Diff:  0.0, Sum:  0.0, Workers: 4
[607.689s][debug][gc,phases      ] GC(266)     Dead                           Min: 0, Avg:  0.0, Max: 0, Diff: 0, Sum: 0, Workers: 4
[607.689s][debug][gc,phases      ] GC(266)     Total                          Min: 0, Avg: 186.2, Max: 576, Diff: 576, Sum: 745, Workers: 4
[607.689s][debug][gc,phases      ] GC(266)   ObjectSynchronizer Weak        Min:  0.0, Avg:  0.0, Max:  0.0, Diff:  0.0, Sum:  0.0, Workers: 4
[607.689s][debug][gc,phases      ] GC(266)     Dead                           Min: 0, Avg:  0.0, Max: 0, Diff: 0, Sum: 0, Workers: 4
[607.689s][debug][gc,phases      ] GC(266)     Total                          Min: 0, Avg: 139.8, Max: 303, Diff: 303, Sum: 559, Workers: 4
[607.689s][debug][gc,phases      ] GC(266)   JVMTI Tag Weak OopStorage      Min:  0.0, Avg:  0.0, Max:  0.0, Diff:  0.0, Sum:  0.0, Workers: 4
[607.689s][debug][gc,phases      ] GC(266)     Dead                           Min: 0, Avg:  0.0, Max: 0, Diff: 0, Sum: 0, Workers: 4
[607.689s][debug][gc,phases      ] GC(266)     Total                          Min: 0, Avg:  0.0, Max: 0, Diff: 0, Sum: 0, Workers: 4
[607.689s][debug][gc,phases      ] GC(266)   StringTable Weak               Min:  0.1, Avg:  0.1, Max:  0.1, Diff:  0.0, Sum:  0.5, Workers: 4
[607.689s][debug][gc,phases      ] GC(266)     Dead                           Min: 0, Avg:  0.0, Max: 0, Diff: 0, Sum: 0, Workers: 4
[607.689s][debug][gc,phases      ] GC(266)     Total                          Min: 10880, Avg: 12212.5, Max: 13650, Diff: 2770, Sum: 48850, Workers: 4
[607.689s][debug][gc,phases      ] GC(266)   ResolvedMethodTable Weak       Min:  0.0, Avg:  0.0, Max:  0.0, Diff:  0.0, Sum:  0.1, Workers: 4
[607.689s][debug][gc,phases      ] GC(266)     Dead                           Min: 0, Avg:  0.0, Max: 0, Diff: 0, Sum: 0, Workers: 4
[607.689s][debug][gc,phases      ] GC(266)     Total                          Min: 2112, Avg: 2240.0, Max: 2432, Diff: 320, Sum: 8960, Workers: 4
[607.689s][debug][gc,phases      ] GC(266)   JNI Weak                       Min:  0.0, Avg:  0.0, Max:  0.0, Diff:  0.0, Sum:  0.0, Workers: 4
[607.689s][debug][gc,phases      ] GC(266)     Dead                           Min: 0, Avg:  0.0, Max: 0, Diff: 0, Sum: 0, Workers: 4
[607.689s][debug][gc,phases      ] GC(266)     Total                          Min: 0, Avg:  0.0, Max: 0, Diff: 0, Sum: 0, Workers: 4
[607.689s][debug][gc,phases      ] GC(266)   StringDedup Table Weak         Min:  0.0, Avg:  0.0, Max:  0.0, Diff:  0.0, Sum:  0.0, Workers: 4
[607.689s][debug][gc,phases      ] GC(266)     Dead                           Min: 0, Avg:  0.0, Max: 0, Diff: 0, Sum: 0, Workers: 4
[607.689s][debug][gc,phases      ] GC(266)     Total                          Min: 0, Avg:  0.0, Max: 0, Diff: 0, Sum: 0, Workers: 4
[607.689s][debug][gc,phases      ] GC(266)   StringDedup Requests0 Weak     Min:  0.0, Avg:  0.0, Max:  0.0, Diff:  0.0, Sum:  0.0, Workers: 4
[607.689s][debug][gc,phases      ] GC(266)     Dead                           Min: 0, Avg:  0.0, Max: 0, Diff: 0, Sum: 0, Workers: 4
[607.689s][debug][gc,phases      ] GC(266)     Total                          Min: 0, Avg:  0.0, Max: 0, Diff: 0, Sum: 0, Workers: 4
[607.689s][debug][gc,phases      ] GC(266)   StringDedup Requests1 Weak     Min:  0.0, Avg:  0.0, Max:  0.0, Diff:  0.0, Sum:  0.0, Workers: 4
[607.689s][debug][gc,phases      ] GC(266)     Dead                           Min: 0, Avg:  0.0, Max: 0, Diff: 0, Sum: 0, Workers: 4
[607.689s][debug][gc,phases      ] GC(266)     Total                          Min: 0, Avg:  0.0, Max: 0, Diff: 0, Sum: 0, Workers: 4
[607.689s][debug][gc,phases      ] GC(266)   Weak JFR Old Object Samples    Min:  0.0, Avg:  0.0, Max:  0.0, Diff:  0.0, Sum:  0.0, Workers: 4
[607.689s][debug][gc,phases      ] GC(266)     Dead                           Min: 0, Avg:  0.0, Max: 0, Diff: 0, Sum: 0, Workers: 4
[607.689s][debug][gc,phases      ] GC(266)     Total                          Min: 0, Avg:  0.0, Max: 0, Diff: 0, Sum: 0, Workers: 4
[607.689s][debug][gc,phases      ] GC(266) Weak Processing 0.351ms
[607.689s][debug][gc,age         ] GC(266) Desired survivor size 326631424 bytes, new threshold 15 (max threshold 15)
[607.689s][info ][gc,heap        ] GC(266) PSYoungGen: 1736240K(1777152K)->232101K(1753088K) Eden: 1520640K(1520640K)->0K(1520640K) From: 215600K(256512K)->232101K(232448K)
[607.689s][info ][gc,heap        ] GC(266) ParOldGen: 716443K(966656K)->716443K(966656K)
[607.689s][info ][gc,metaspace   ] GC(266) Metaspace: 86883K(87808K)->86883K(87808K) NonClass: 74906K(75392K)->74906K(75392K) Class: 11977K(12416K)->11977K(12416K)
[607.689s][info ][gc             ] GC(266) Pause Young (Allocation Failure) 2395M->926M(2656M) 59.059ms
[607.690s][info ][gc,cpu         ] GC(266) User=0.24s Sys=0.00s Real=0.06s
[607.690s][info ][safepoint      ] Safepoint "ParallelGCFailedAllocation", Time since last: 530353692 ns, Reaching safepoint: 137707 ns, At safepoint: 59158902 ns, Total: 59296609 ns
[608.690s][info ][safepoint      ] Safepoint "Cleanup", Time since last: 1000082497 ns, Reaching safepoint: 117007 ns, At safepoint: 11601 ns, Total: 128608 ns
[610.230s][info ][safepoint      ] Safepoint "Cleanup", Time since last: 1540476565 ns, Reaching safepoint: 121207 ns, At safepoint: 13701 ns, Total: 134908 ns
[610.684s][info ][safepoint      ] Safepoint "ParallelGCFailedAllocation", Time since last: 453410568 ns, Reaching safepoint: 45102 ns, At safepoint: 12101 ns, Total: 57203 ns
[610.684s][info ][gc,start       ] GC(267) Pause Young (GCLocker Initiated GC)
[610.727s][debug][gc,phases      ] GC(267) Scavenge 42.637ms
[610.727s][debug][gc,ref         ] GC(267) Skipped phase 1 of Reference Processing: no references
[610.727s][debug][gc,ref         ] GC(267) ReferenceProcessor::execute queues: 1, RefProcThreadModel::Single, marks_oops_alive: false
[610.727s][debug][gc,ref         ] GC(267) Skipped phase 3 of Reference Processing: no references
[610.727s][debug][gc,ref         ] GC(267) ReferenceProcessor::execute queues: 1, RefProcThreadModel::Single, marks_oops_alive: false
[610.727s][debug][gc,phases      ] GC(267) Reference Processing 0.124ms
[610.727s][debug][gc,phases      ] GC(267)   VM Weak                        Min:  0.0, Avg:  0.0, Max:  0.0, Diff:  0.0, Sum:  0.0, Workers: 4
[610.727s][debug][gc,phases      ] GC(267)     Dead                           Min: 0, Avg:  0.0, Max: 0, Diff: 0, Sum: 0, Workers: 4
[610.727s][debug][gc,phases      ] GC(267)     Total                          Min: 0, Avg: 186.2, Max: 425, Diff: 425, Sum: 745, Workers: 4
[610.727s][debug][gc,phases      ] GC(267)   ObjectSynchronizer Weak        Min:  0.0, Avg:  0.0, Max:  0.0, Diff:  0.0, Sum:  0.0, Workers: 4
[610.727s][debug][gc,phases      ] GC(267)     Dead                           Min: 0, Avg:  0.0, Max: 0, Diff: 0, Sum: 0, Workers: 4
[610.727s][debug][gc,phases      ] GC(267)     Total                          Min: 0, Avg: 139.8, Max: 256, Diff: 256, Sum: 559, Workers: 4
[610.727s][debug][gc,phases      ] GC(267)   JVMTI Tag Weak OopStorage      Min:  0.0, Avg:  0.0, Max:  0.0, Diff:  0.0, Sum:  0.0, Workers: 4
[610.727s][debug][gc,phases      ] GC(267)     Dead                           Min: 0, Avg:  0.0, Max: 0, Diff: 0, Sum: 0, Workers: 4
[610.727s][debug][gc,phases      ] GC(267)     Total                          Min: 0, Avg:  0.0, Max: 0, Diff: 0, Sum: 0, Workers: 4
[610.727s][debug][gc,phases      ] GC(267)   StringTable Weak               Min:  0.1, Avg:  0.1, Max:  0.1, Diff:  0.0, Sum:  0.5, Workers: 4
[610.727s][debug][gc,phases      ] GC(267)     Dead                           Min: 0, Avg:  0.5, Max: 2, Diff: 2, Sum: 2, Workers: 4
[610.727s][debug][gc,phases      ] GC(267)     Total                          Min: 11328, Avg: 12214.0, Max: 12863, Diff: 1535, Sum: 48856, Workers: 4
[610.727s][debug][gc,phases      ] GC(267)   ResolvedMethodTable Weak       Min:  0.0, Avg:  0.0, Max:  0.0, Diff:  0.0, Sum:  0.1, Workers: 4
[610.727s][debug][gc,phases      ] GC(267)     Dead                           Min: 0, Avg:  0.0, Max: 0, Diff: 0, Sum: 0, Workers: 4
[610.727s][debug][gc,phases      ] GC(267)     Total                          Min: 2048, Avg: 2240.5, Max: 2370, Diff: 322, Sum: 8962, Workers: 4
[610.727s][debug][gc,phases      ] GC(267)   JNI Weak                       Min:  0.0, Avg:  0.0, Max:  0.0, Diff:  0.0, Sum:  0.0, Workers: 4
[610.727s][debug][gc,phases      ] GC(267)     Dead                           Min: 0, Avg:  0.0, Max: 0, Diff: 0, Sum: 0, Workers: 4
[610.727s][debug][gc,phases      ] GC(267)     Total                          Min: 0, Avg:  0.0, Max: 0, Diff: 0, Sum: 0, Workers: 4
[610.727s][debug][gc,phases      ] GC(267)   StringDedup Table Weak         Min:  0.0, Avg:  0.0, Max:  0.0, Diff:  0.0, Sum:  0.0, Workers: 4
[610.727s][debug][gc,phases      ] GC(267)     Dead                           Min: 0, Avg:  0.0, Max: 0, Diff: 0, Sum: 0, Workers: 4
[610.727s][debug][gc,phases      ] GC(267)     Total                          Min: 0, Avg:  0.0, Max: 0, Diff: 0, Sum: 0, Workers: 4
[610.727s][debug][gc,phases      ] GC(267)   StringDedup Requests0 Weak     Min:  0.0, Avg:  0.0, Max:  0.0, Diff:  0.0, Sum:  0.0, Workers: 4
[610.727s][debug][gc,phases      ] GC(267)     Dead                           Min: 0, Avg:  0.0, Max: 0, Diff: 0, Sum: 0, Workers: 4
[610.727s][debug][gc,phases      ] GC(267)     Total                          Min: 0, Avg:  0.0, Max: 0, Diff: 0, Sum: 0, Workers: 4
[610.727s][debug][gc,phases      ] GC(267)   StringDedup Requests1 Weak     Min:  0.0, Avg:  0.0, Max:  0.0, Diff:  0.0, Sum:  0.0, Workers: 4
[610.727s][debug][gc,phases      ] GC(267)     Dead                           Min: 0, Avg:  0.0, Max: 0, Diff: 0, Sum: 0, Workers: 4
[610.727s][debug][gc,phases      ] GC(267)     Total                          Min: 0, Avg:  0.0, Max: 0, Diff: 0, Sum: 0, Workers: 4
[610.727s][debug][gc,phases      ] GC(267)   Weak JFR Old Object Samples    Min:  0.0, Avg:  0.0, Max:  0.0, Diff:  0.0, Sum:  0.0, Workers: 4
[610.727s][debug][gc,phases      ] GC(267)     Dead                           Min: 0, Avg:  0.0, Max: 0, Diff: 0, Sum: 0, Workers: 4
[610.727s][debug][gc,phases      ] GC(267)     Total                          Min: 0, Avg:  0.0, Max: 0, Diff: 0, Sum: 0, Workers: 4
[610.727s][debug][gc,phases      ] GC(267) Weak Processing 0.357ms
[610.727s][debug][gc,age         ] GC(267) Desired survivor size 326631424 bytes, new threshold 15 (max threshold 15)
[610.727s][info ][gc,heap        ] GC(267) PSYoungGen: 1752741K(1753088K)->165697K(1778176K) Eden: 1520640K(1520640K)->0K(1459200K) From: 232101K(232448K)->165697K(318976K)
[610.727s][info ][gc,heap        ] GC(267) ParOldGen: 716444K(966656K)->716452K(966656K)
[610.727s][info ][gc,metaspace   ] GC(267) Metaspace: 86911K(87808K)->86911K(87808K) NonClass: 74932K(75392K)->74932K(75392K) Class: 11978K(12416K)->11978K(12416K)
[610.727s][info ][gc             ] GC(267) Pause Young (GCLocker Initiated GC) 2411M->861M(2680M) 43.246ms
[610.727s][info ][gc,cpu         ] GC(267) User=0.17s Sys=0.00s Real=0.04s
[610.727s][info ][safepoint      ] Safepoint "ParallelGCSystemGC", Time since last: 94005 ns, Reaching safepoint: 25002 ns, At safepoint: 43333891 ns, Total: 43358893 ns
[611.727s][info ][safepoint      ] Safepoint "Cleanup", Time since last: 1000093098 ns, Reaching safepoint: 61303 ns, At safepoint: 10901 ns, Total: 72204 ns
[612.728s][info ][safepoint      ] Safepoint "Cleanup", Time since last: 1000106798 ns, Reaching safepoint: 37802 ns, At safepoint: 3100 ns, Total: 40902 ns
[613.728s][info ][safepoint      ] Safepoint "Cleanup", Time since last: 1000109598 ns, Reaching safepoint: 147409 ns, At safepoint: 11000 ns, Total: 158409 ns
[614.343s][info ][safepoint      ] Safepoint "ParallelGCFailedAllocation", Time since last: 615191669 ns, Reaching safepoint: 126007 ns, At safepoint: 14101 ns, Total: 140108 ns
[614.343s][info ][gc,start       ] GC(268) Pause Young (GCLocker Initiated GC)
[614.401s][debug][gc,phases      ] GC(268) Scavenge 57.800ms
[614.401s][debug][gc,ref         ] GC(268) Skipped phase 1 of Reference Processing: no references
[614.401s][debug][gc,ref         ] GC(268) ReferenceProcessor::execute queues: 1, RefProcThreadModel::Single, marks_oops_alive: false
[614.401s][debug][gc,ref         ] GC(268) ReferenceProcessor::execute queues: 4, RefProcThreadModel::Multi, marks_oops_alive: true
[614.402s][debug][gc,ref         ] GC(268) ReferenceProcessor::execute queues: 1, RefProcThreadModel::Single, marks_oops_alive: false
[614.402s][debug][gc,phases      ] GC(268) Reference Processing 0.196ms
[614.402s][debug][gc,phases      ] GC(268)   VM Weak                        Min:  0.0, Avg:  0.0, Max:  0.0, Diff:  0.0, Sum:  0.0, Workers: 4
[614.402s][debug][gc,phases      ] GC(268)     Dead                           Min: 0, Avg:  0.0, Max: 0, Diff: 0, Sum: 0, Workers: 4
[614.402s][debug][gc,phases      ] GC(268)     Total                          Min: 0, Avg: 186.5, Max: 640, Diff: 640, Sum: 746, Workers: 4
[614.402s][debug][gc,phases      ] GC(268)   ObjectSynchronizer Weak        Min:  0.0, Avg:  0.0, Max:  0.0, Diff:  0.0, Sum:  0.0, Workers: 4
[614.402s][debug][gc,phases      ] GC(268)     Dead                           Min: 0, Avg:  0.0, Max: 0, Diff: 0, Sum: 0, Workers: 4
[614.402s][debug][gc,phases      ] GC(268)     Total                          Min: 0, Avg: 139.8, Max: 239, Diff: 239, Sum: 559, Workers: 4
[614.402s][debug][gc,phases      ] GC(268)   JVMTI Tag Weak OopStorage      Min:  0.0, Avg:  0.0, Max:  0.0, Diff:  0.0, Sum:  0.0, Workers: 4
[614.402s][debug][gc,phases      ] GC(268)     Dead                           Min: 0, Avg:  0.0, Max: 0, Diff: 0, Sum: 0, Workers: 4
[614.402s][debug][gc,phases      ] GC(268)     Total                          Min: 0, Avg:  0.0, Max: 0, Diff: 0, Sum: 0, Workers: 4
[614.402s][debug][gc,phases      ] GC(268)   StringTable Weak               Min:  0.1, Avg:  0.1, Max:  0.1, Diff:  0.0, Sum:  0.5, Workers: 4
[614.402s][debug][gc,phases      ] GC(268)     Dead                           Min: 0, Avg:  0.0, Max: 0, Diff: 0, Sum: 0, Workers: 4
[614.402s][debug][gc,phases      ] GC(268)     Total                          Min: 11613, Avg: 12215.2, Max: 13312, Diff: 1699, Sum: 48861, Workers: 4
[614.402s][debug][gc,phases      ] GC(268)   ResolvedMethodTable Weak       Min:  0.0, Avg:  0.0, Max:  0.0, Diff:  0.0, Sum:  0.1, Workers: 4
[614.402s][debug][gc,phases      ] GC(268)     Dead                           Min: 0, Avg:  0.0, Max: 0, Diff: 0, Sum: 0, Workers: 4
[614.402s][debug][gc,phases      ] GC(268)     Total                          Min: 2050, Avg: 2240.5, Max: 2496, Diff: 446, Sum: 8962, Workers: 4
[614.402s][debug][gc,phases      ] GC(268)   JNI Weak                       Min:  0.0, Avg:  0.0, Max:  0.0, Diff:  0.0, Sum:  0.0, Workers: 4
[614.402s][debug][gc,phases      ] GC(268)     Dead                           Min: 0, Avg:  0.0, Max: 0, Diff: 0, Sum: 0, Workers: 4
[614.402s][debug][gc,phases      ] GC(268)     Total                          Min: 0, Avg:  0.0, Max: 0, Diff: 0, Sum: 0, Workers: 4
[614.402s][debug][gc,phases      ] GC(268)   StringDedup Table Weak         Min:  0.0, Avg:  0.0, Max:  0.0, Diff:  0.0, Sum:  0.0, Workers: 4
[614.402s][debug][gc,phases      ] GC(268)     Dead                           Min: 0, Avg:  0.0, Max: 0, Diff: 0, Sum: 0, Workers: 4
[614.402s][debug][gc,phases      ] GC(268)     Total                          Min: 0, Avg:  0.0, Max: 0, Diff: 0, Sum: 0, Workers: 4
[614.402s][debug][gc,phases      ] GC(268)   StringDedup Requests0 Weak     Min:  0.0, Avg:  0.0, Max:  0.0, Diff:  0.0, Sum:  0.0, Workers: 4
[614.402s][debug][gc,phases      ] GC(268)     Dead                           Min: 0, Avg:  0.0, Max: 0, Diff: 0, Sum: 0, Workers: 4
[614.402s][debug][gc,phases      ] GC(268)     Total                          Min: 0, Avg:  0.0, Max: 0, Diff: 0, Sum: 0, Workers: 4
[614.402s][debug][gc,phases      ] GC(268)   StringDedup Requests1 Weak     Min:  0.0, Avg:  0.0, Max:  0.0, Diff:  0.0, Sum:  0.0, Workers: 4
[614.402s][debug][gc,phases      ] GC(268)     Dead                           Min: 0, Avg:  0.0, Max: 0, Diff: 0, Sum: 0, Workers: 4
[614.402s][debug][gc,phases      ] GC(268)     Total                          Min: 0, Avg:  0.0, Max: 0, Diff: 0, Sum: 0, Workers: 4
[614.402s][debug][gc,phases      ] GC(268)   Weak JFR Old Object Samples    Min:  0.0, Avg:  0.0, Max:  0.0, Diff:  0.0, Sum:  0.0, Workers: 4
[614.402s][debug][gc,phases      ] GC(268)     Dead                           Min: 0, Avg:  0.0, Max: 0, Diff: 0, Sum: 0, Workers: 4
[614.402s][debug][gc,phases      ] GC(268)     Total                          Min: 0, Avg:  0.0, Max: 0, Diff: 0, Sum: 0, Workers: 4
[614.402s][debug][gc,phases      ] GC(268) Weak Processing 0.346ms
[614.402s][debug][gc,age         ] GC(268) Desired survivor size 346554368 bytes, new threshold 15 (max threshold 15)
[614.402s][info ][gc,heap        ] GC(268) PSYoungGen: 1624897K(1778176K)->223160K(1682432K) Eden: 1459200K(1459200K)->0K(1459200K) From: 165697K(318976K)->223160K(223232K)
[614.402s][info ][gc,heap        ] GC(268) ParOldGen: 716475K(966656K)->716475K(966656K)
[614.402s][info ][gc,metaspace   ] GC(268) Metaspace: 86932K(87872K)->86932K(87872K) NonClass: 74953K(75456K)->74953K(75456K) Class: 11979K(12416K)->11979K(12416K)
[614.402s][info ][gc             ] GC(268) Pause Young (GCLocker Initiated GC) 2286M->917M(2587M) 58.462ms
[614.402s][info ][gc,cpu         ] GC(268) User=0.24s Sys=0.00s Real=0.05s
[614.402s][info ][safepoint      ] Safepoint "ParallelGCSystemGC", Time since last: 130507 ns, Reaching safepoint: 84405 ns, At safepoint: 58546066 ns, Total: 58630471 ns
[615.402s][info ][safepoint      ] Safepoint "Cleanup", Time since last: 1000093197 ns, Reaching safepoint: 112706 ns, At safepoint: 8001 ns, Total: 120707 ns
[615.721s][info ][gc,start       ] GC(269) Pause Young (Allocation Failure)
[615.787s][debug][gc,phases      ] GC(269) Scavenge 66.245ms
[615.787s][debug][gc,ref         ] GC(269) Skipped phase 1 of Reference Processing: no references
[615.787s][debug][gc,ref         ] GC(269) ReferenceProcessor::execute queues: 1, RefProcThreadModel::Single, marks_oops_alive: false
[615.787s][debug][gc,ref         ] GC(269) Skipped phase 3 of Reference Processing: no references
[615.787s][debug][gc,ref         ] GC(269) ReferenceProcessor::execute queues: 1, RefProcThreadModel::Single, marks_oops_alive: false
[615.787s][debug][gc,phases      ] GC(269) Reference Processing 0.126ms
[615.788s][debug][gc,phases      ] GC(269)   VM Weak                        Min:  0.0, Avg:  0.0, Max:  0.0, Diff:  0.0, Sum:  0.0, Workers: 4
[615.788s][debug][gc,phases      ] GC(269)     Dead                           Min: 0, Avg:  0.0, Max: 0, Diff: 0, Sum: 0, Workers: 4
[615.788s][debug][gc,phases      ] GC(269)     Total                          Min: 0, Avg: 186.5, Max: 448, Diff: 448, Sum: 746, Workers: 4
[615.788s][debug][gc,phases      ] GC(269)   ObjectSynchronizer Weak        Min:  0.0, Avg:  0.0, Max:  0.0, Diff:  0.0, Sum:  0.0, Workers: 4
[615.788s][debug][gc,phases      ] GC(269)     Dead                           Min: 0, Avg:  0.0, Max: 0, Diff: 0, Sum: 0, Workers: 4
[615.788s][debug][gc,phases      ] GC(269)     Total                          Min: 0, Avg: 139.8, Max: 239, Diff: 239, Sum: 559, Workers: 4
[615.788s][debug][gc,phases      ] GC(269)   JVMTI Tag Weak OopStorage      Min:  0.0, Avg:  0.0, Max:  0.0, Diff:  0.0, Sum:  0.0, Workers: 4
[615.788s][debug][gc,phases      ] GC(269)     Dead                           Min: 0, Avg:  0.0, Max: 0, Diff: 0, Sum: 0, Workers: 4
[615.788s][debug][gc,phases      ] GC(269)     Total                          Min: 0, Avg:  0.0, Max: 0, Diff: 0, Sum: 0, Workers: 4
[615.788s][debug][gc,phases      ] GC(269)   StringTable Weak               Min:  0.1, Avg:  0.1, Max:  0.1, Diff:  0.0, Sum:  0.5, Workers: 4
[615.788s][debug][gc,phases      ] GC(269)     Dead                           Min: 0, Avg:  0.0, Max: 0, Diff: 0, Sum: 0, Workers: 4
[615.788s][debug][gc,phases      ] GC(269)     Total                          Min: 11136, Avg: 12215.5, Max: 13086, Diff: 1950, Sum: 48862, Workers: 4
[615.788s][debug][gc,phases      ] GC(269)   ResolvedMethodTable Weak       Min:  0.0, Avg:  0.0, Max:  0.0, Diff:  0.0, Sum:  0.1, Workers: 4
[615.788s][debug][gc,phases      ] GC(269)     Dead                           Min: 0, Avg:  0.0, Max: 0, Diff: 0, Sum: 0, Workers: 4
[615.788s][debug][gc,phases      ] GC(269)     Total                          Min: 2048, Avg: 2240.5, Max: 2434, Diff: 386, Sum: 8962, Workers: 4
[615.788s][debug][gc,phases      ] GC(269)   JNI Weak                       Min:  0.0, Avg:  0.0, Max:  0.0, Diff:  0.0, Sum:  0.0, Workers: 4
[615.788s][debug][gc,phases      ] GC(269)     Dead                           Min: 0, Avg:  0.0, Max: 0, Diff: 0, Sum: 0, Workers: 4
[615.788s][debug][gc,phases      ] GC(269)     Total                          Min: 0, Avg:  0.0, Max: 0, Diff: 0, Sum: 0, Workers: 4
[615.788s][debug][gc,phases      ] GC(269)   StringDedup Table Weak         Min:  0.0, Avg:  0.0, Max:  0.0, Diff:  0.0, Sum:  0.0, Workers: 4
[615.788s][debug][gc,phases      ] GC(269)     Dead                           Min: 0, Avg:  0.0, Max: 0, Diff: 0, Sum: 0, Workers: 4
[615.788s][debug][gc,phases      ] GC(269)     Total                          Min: 0, Avg:  0.0, Max: 0, Diff: 0, Sum: 0, Workers: 4
[615.788s][debug][gc,phases      ] GC(269)   StringDedup Requests0 Weak     Min:  0.0, Avg:  0.0, Max:  0.0, Diff:  0.0, Sum:  0.0, Workers: 4
[615.788s][debug][gc,phases      ] GC(269)     Dead                           Min: 0, Avg:  0.0, Max: 0, Diff: 0, Sum: 0, Workers: 4
[615.788s][debug][gc,phases      ] GC(269)     Total                          Min: 0, Avg:  0.0, Max: 0, Diff: 0, Sum: 0, Workers: 4
[615.788s][debug][gc,phases      ] GC(269)   StringDedup Requests1 Weak     Min:  0.0, Avg:  0.0, Max:  0.0, Diff:  0.0, Sum:  0.0, Workers: 4
[615.788s][debug][gc,phases      ] GC(269)     Dead                           Min: 0, Avg:  0.0, Max: 0, Diff: 0, Sum: 0, Workers: 4
[615.788s][debug][gc,phases      ] GC(269)     Total                          Min: 0, Avg:  0.0, Max: 0, Diff: 0, Sum: 0, Workers: 4
[615.788s][debug][gc,phases      ] GC(269)   Weak JFR Old Object Samples    Min:  0.0, Avg:  0.0, Max:  0.0, Diff:  0.0, Sum:  0.0, Workers: 4
[615.788s][debug][gc,phases      ] GC(269)     Dead                           Min: 0, Avg:  0.0, Max: 0, Diff: 0, Sum: 0, Workers: 4
[615.788s][debug][gc,phases      ] GC(269)     Total                          Min: 0, Avg:  0.0, Max: 0, Diff: 0, Sum: 0, Workers: 4
[615.788s][debug][gc,phases      ] GC(269) Weak Processing 0.353ms
[615.788s][debug][gc,age         ] GC(269) Desired survivor size 381681664 bytes, new threshold 15 (max threshold 15)
[615.788s][info ][gc,heap        ] GC(269) PSYoungGen: 1682360K(1682432K)->276346K(1690112K) Eden: 1459200K(1459200K)->0K(1351680K) From: 223160K(223232K)->276346K(338432K)
[615.788s][info ][gc,heap        ] GC(269) ParOldGen: 716476K(966656K)->716476K(966656K)
[615.788s][info ][gc,metaspace   ] GC(269) Metaspace: 86934K(87872K)->86934K(87872K) NonClass: 74955K(75456K)->74955K(75456K) Class: 11979K(12416K)->11979K(12416K)
[615.788s][info ][gc             ] GC(269) Pause Young (Allocation Failure) 2342M->969M(2594M) 66.866ms
[615.788s][info ][gc,cpu         ] GC(269) User=0.26s Sys=0.00s Real=0.07s
[615.788s][info ][safepoint      ] Safepoint "ParallelGCFailedAllocation", Time since last: 318667820 ns, Reaching safepoint: 98206 ns, At safepoint: 66964250 ns, Total: 67062456 ns
[616.788s][info ][safepoint      ] Safepoint "Cleanup", Time since last: 1000085396 ns, Reaching safepoint: 113006 ns, At safepoint: 9301 ns, Total: 122307 ns
[617.480s][info ][gc,start       ] GC(270) Pause Young (Allocation Failure)
[617.549s][debug][gc,phases      ] GC(270) Scavenge 68.997ms
[617.549s][debug][gc,ref         ] GC(270) Skipped phase 1 of Reference Processing: no references
[617.549s][debug][gc,ref         ] GC(270) ReferenceProcessor::execute queues: 1, RefProcThreadModel::Single, marks_oops_alive: false
[617.549s][debug][gc,ref         ] GC(270) Skipped phase 3 of Reference Processing: no references
[617.549s][debug][gc,ref         ] GC(270) ReferenceProcessor::execute queues: 1, RefProcThreadModel::Single, marks_oops_alive: false
[617.549s][debug][gc,phases      ] GC(270) Reference Processing 0.129ms
[617.549s][debug][gc,phases      ] GC(270)   VM Weak                        Min:  0.0, Avg:  0.0, Max:  0.0, Diff:  0.0, Sum:  0.0, Workers: 4
[617.549s][debug][gc,phases      ] GC(270)     Dead                           Min: 0, Avg:  0.0, Max: 0, Diff: 0, Sum: 0, Workers: 4
[617.549s][debug][gc,phases      ] GC(270)     Total                          Min: 0, Avg: 186.5, Max: 554, Diff: 554, Sum: 746, Workers: 4
[617.549s][debug][gc,phases      ] GC(270)   ObjectSynchronizer Weak        Min:  0.0, Avg:  0.0, Max:  0.0, Diff:  0.0, Sum:  0.0, Workers: 4
[617.549s][debug][gc,phases      ] GC(270)     Dead                           Min: 0, Avg:  0.0, Max: 0, Diff: 0, Sum: 0, Workers: 4
[617.549s][debug][gc,phases      ] GC(270)     Total                          Min: 0, Avg: 139.8, Max: 320, Diff: 320, Sum: 559, Workers: 4
[617.549s][debug][gc,phases      ] GC(270)   JVMTI Tag Weak OopStorage      Min:  0.0, Avg:  0.0, Max:  0.0, Diff:  0.0, Sum:  0.0, Workers: 4
[617.549s][debug][gc,phases      ] GC(270)     Dead                           Min: 0, Avg:  0.0, Max: 0, Diff: 0, Sum: 0, Workers: 4
[617.549s][debug][gc,phases      ] GC(270)     Total                          Min: 0, Avg:  0.0, Max: 0, Diff: 0, Sum: 0, Workers: 4
[617.549s][debug][gc,phases      ] GC(270)   StringTable Weak               Min:  0.1, Avg:  0.1, Max:  0.1, Diff:  0.0, Sum:  0.5, Workers: 4
[617.549s][debug][gc,phases      ] GC(270)     Dead                           Min: 0, Avg:  0.0, Max: 0, Diff: 0, Sum: 0, Workers: 4
[617.549s][debug][gc,phases      ] GC(270)     Total                          Min: 10207, Avg: 12215.8, Max: 13312, Diff: 3105, Sum: 48863, Workers: 4
[617.549s][debug][gc,phases      ] GC(270)   ResolvedMethodTable Weak       Min:  0.0, Avg:  0.0, Max:  0.0, Diff:  0.0, Sum:  0.1, Workers: 4
[617.549s][debug][gc,phases      ] GC(270)     Dead                           Min: 0, Avg:  0.0, Max: 0, Diff: 0, Sum: 0, Workers: 4
[617.549s][debug][gc,phases      ] GC(270)     Total                          Min: 1984, Avg: 2240.5, Max: 2368, Diff: 384, Sum: 8962, Workers: 4
[617.549s][debug][gc,phases      ] GC(270)   JNI Weak                       Min:  0.0, Avg:  0.0, Max:  0.0, Diff:  0.0, Sum:  0.0, Workers: 4
[617.549s][debug][gc,phases      ] GC(270)     Dead                           Min: 0, Avg:  0.0, Max: 0, Diff: 0, Sum: 0, Workers: 4
[617.549s][debug][gc,phases      ] GC(270)     Total                          Min: 0, Avg:  0.0, Max: 0, Diff: 0, Sum: 0, Workers: 4
[617.549s][debug][gc,phases      ] GC(270)   StringDedup Table Weak         Min:  0.0, Avg:  0.0, Max:  0.0, Diff:  0.0, Sum:  0.0, Workers: 4
[617.549s][debug][gc,phases      ] GC(270)     Dead                           Min: 0, Avg:  0.0, Max: 0, Diff: 0, Sum: 0, Workers: 4
[617.549s][debug][gc,phases      ] GC(270)     Total                          Min: 0, Avg:  0.0, Max: 0, Diff: 0, Sum: 0, Workers: 4
[617.549s][debug][gc,phases      ] GC(270)   StringDedup Requests0 Weak     Min:  0.0, Avg:  0.0, Max:  0.0, Diff:  0.0, Sum:  0.0, Workers: 4
[617.549s][debug][gc,phases      ] GC(270)     Dead                           Min: 0, Avg:  0.0, Max: 0, Diff: 0, Sum: 0, Workers: 4
[617.549s][debug][gc,phases      ] GC(270)     Total                          Min: 0, Avg:  0.0, Max: 0, Diff: 0, Sum: 0, Workers: 4
[617.549s][debug][gc,phases      ] GC(270)   StringDedup Requests1 Weak     Min:  0.0, Avg:  0.0, Max:  0.0, Diff:  0.0, Sum:  0.0, Workers: 4
[617.549s][debug][gc,phases      ] GC(270)     Dead                           Min: 0, Avg:  0.0, Max: 0, Diff: 0, Sum: 0, Workers: 4
[617.549s][debug][gc,phases      ] GC(270)     Total                          Min: 0, Avg:  0.0, Max: 0, Diff: 0, Sum: 0, Workers: 4
[617.549s][debug][gc,phases      ] GC(270)   Weak JFR Old Object Samples    Min:  0.0, Avg:  0.0, Max:  0.0, Diff:  0.0, Sum:  0.0, Workers: 4
[617.549s][debug][gc,phases      ] GC(270)     Dead                           Min: 0, Avg:  0.0, Max: 0, Diff: 0, Sum: 0, Workers: 4
[617.549s][debug][gc,phases      ] GC(270)     Total                          Min: 0, Avg:  0.0, Max: 0, Diff: 0, Sum: 0, Workers: 4
[617.549s][debug][gc,phases      ] GC(270) Weak Processing 0.346ms
[617.549s][debug][gc,age         ] GC(270) Desired survivor size 419430400 bytes, new threshold 15 (max threshold 15)
[617.549s][info ][gc,heap        ] GC(270) PSYoungGen: 1628026K(1690112K)->303188K(1655296K) Eden: 1351680K(1351680K)->0K(1351680K) From: 276346K(338432K)->303188K(303616K)
[617.549s][info ][gc,heap        ] GC(270) ParOldGen: 716476K(966656K)->716484K(966656K)
[617.549s][info ][gc,metaspace   ] GC(270) Metaspace: 86935K(87872K)->86935K(87872K) NonClass: 74956K(75456K)->74956K(75456K) Class: 11979K(12416K)->11979K(12416K)
[617.549s][info ][gc             ] GC(270) Pause Young (Allocation Failure) 2289M->995M(2560M) 69.631ms
[617.549s][info ][gc,cpu         ] GC(270) User=0.28s Sys=0.00s Real=0.07s
[617.549s][info ][safepoint      ] Safepoint "ParallelGCFailedAllocation", Time since last: 691330045 ns, Reaching safepoint: 123407 ns, At safepoint: 69749010 ns, Total: 69872417 ns
[618.550s][info ][safepoint      ] Safepoint "Cleanup", Time since last: 1000093996 ns, Reaching safepoint: 117607 ns, At safepoint: 15301 ns, Total: 132908 ns
[619.437s][info ][gc,start       ] GC(271) Pause Young (Allocation Failure)
[619.505s][debug][gc,phases      ] GC(271) Scavenge 67.697ms
[619.505s][debug][gc,ref         ] GC(271) Skipped phase 1 of Reference Processing: no references
[619.505s][debug][gc,ref         ] GC(271) ReferenceProcessor::execute queues: 1, RefProcThreadModel::Single, marks_oops_alive: false
[619.505s][debug][gc,ref         ] GC(271) ReferenceProcessor::execute queues: 4, RefProcThreadModel::Multi, marks_oops_alive: true
[619.505s][debug][gc,ref         ] GC(271) ReferenceProcessor::execute queues: 1, RefProcThreadModel::Single, marks_oops_alive: false
[619.505s][debug][gc,phases      ] GC(271) Reference Processing 0.270ms
[619.506s][debug][gc,phases      ] GC(271)   VM Weak                        Min:  0.0, Avg:  0.0, Max:  0.0, Diff:  0.0, Sum:  0.0, Workers: 4
[619.506s][debug][gc,phases      ] GC(271)     Dead                           Min: 0, Avg:  0.0, Max: 0, Diff: 0, Sum: 0, Workers: 4
[619.506s][debug][gc,phases      ] GC(271)     Total                          Min: 0, Avg: 186.5, Max: 490, Diff: 490, Sum: 746, Workers: 4
[619.506s][debug][gc,phases      ] GC(271)   ObjectSynchronizer Weak        Min:  0.0, Avg:  0.0, Max:  0.0, Diff:  0.0, Sum:  0.0, Workers: 4
[619.506s][debug][gc,phases      ] GC(271)     Dead                           Min: 0, Avg:  0.0, Max: 0, Diff: 0, Sum: 0, Workers: 4
[619.506s][debug][gc,phases      ] GC(271)     Total                          Min: 0, Avg: 139.8, Max: 320, Diff: 320, Sum: 559, Workers: 4
[619.506s][debug][gc,phases      ] GC(271)   JVMTI Tag Weak OopStorage      Min:  0.0, Avg:  0.0, Max:  0.0, Diff:  0.0, Sum:  0.0, Workers: 4
[619.506s][debug][gc,phases      ] GC(271)     Dead                           Min: 0, Avg:  0.0, Max: 0, Diff: 0, Sum: 0, Workers: 4
[619.506s][debug][gc,phases      ] GC(271)     Total                          Min: 0, Avg:  0.0, Max: 0, Diff: 0, Sum: 0, Workers: 4
[619.506s][debug][gc,phases      ] GC(271)   StringTable Weak               Min:  0.1, Avg:  0.1, Max:  0.1, Diff:  0.0, Sum:  0.5, Workers: 4
[619.506s][debug][gc,phases      ] GC(271)     Dead                           Min: 0, Avg:  0.0, Max: 0, Diff: 0, Sum: 0, Workers: 4
[619.506s][debug][gc,phases      ] GC(271)     Total                          Min: 11712, Avg: 12215.8, Max: 12608, Diff: 896, Sum: 48863, Workers: 4
[619.506s][debug][gc,phases      ] GC(271)   ResolvedMethodTable Weak       Min:  0.0, Avg:  0.0, Max:  0.0, Diff:  0.0, Sum:  0.1, Workers: 4
[619.506s][debug][gc,phases      ] GC(271)     Dead                           Min: 0, Avg:  0.0, Max: 0, Diff: 0, Sum: 0, Workers: 4
[619.506s][debug][gc,phases      ] GC(271)     Total                          Min: 1922, Avg: 2240.5, Max: 2496, Diff: 574, Sum: 8962, Workers: 4
[619.506s][debug][gc,phases      ] GC(271)   JNI Weak                       Min:  0.0, Avg:  0.0, Max:  0.0, Diff:  0.0, Sum:  0.0, Workers: 4
[619.506s][debug][gc,phases      ] GC(271)     Dead                           Min: 0, Avg:  0.0, Max: 0, Diff: 0, Sum: 0, Workers: 4
[619.506s][debug][gc,phases      ] GC(271)     Total                          Min: 0, Avg:  0.0, Max: 0, Diff: 0, Sum: 0, Workers: 4
[619.506s][debug][gc,phases      ] GC(271)   StringDedup Table Weak         Min:  0.0, Avg:  0.0, Max:  0.0, Diff:  0.0, Sum:  0.0, Workers: 4
[619.506s][debug][gc,phases      ] GC(271)     Dead                           Min: 0, Avg:  0.0, Max: 0, Diff: 0, Sum: 0, Workers: 4
[619.506s][debug][gc,phases      ] GC(271)     Total                          Min: 0, Avg:  0.0, Max: 0, Diff: 0, Sum: 0, Workers: 4
[619.506s][debug][gc,phases      ] GC(271)   StringDedup Requests0 Weak     Min:  0.0, Avg:  0.0, Max:  0.0, Diff:  0.0, Sum:  0.0, Workers: 4
[619.506s][debug][gc,phases      ] GC(271)     Dead                           Min: 0, Avg:  0.0, Max: 0, Diff: 0, Sum: 0, Workers: 4
[619.506s][debug][gc,phases      ] GC(271)     Total                          Min: 0, Avg:  0.0, Max: 0, Diff: 0, Sum: 0, Workers: 4
[619.506s][debug][gc,phases      ] GC(271)   StringDedup Requests1 Weak     Min:  0.0, Avg:  0.0, Max:  0.0, Diff:  0.0, Sum:  0.0, Workers: 4
[619.506s][debug][gc,phases      ] GC(271)     Dead                           Min: 0, Avg:  0.0, Max: 0, Diff: 0, Sum: 0, Workers: 4
[619.506s][debug][gc,phases      ] GC(271)     Total                          Min: 0, Avg:  0.0, Max: 0, Diff: 0, Sum: 0, Workers: 4
[619.506s][debug][gc,phases      ] GC(271)   Weak JFR Old Object Samples    Min:  0.0, Avg:  0.0, Max:  0.0, Diff:  0.0, Sum:  0.0, Workers: 4
[619.506s][debug][gc,phases      ] GC(271)     Dead                           Min: 0, Avg:  0.0, Max: 0, Diff: 0, Sum: 0, Workers: 4
[619.506s][debug][gc,phases      ] GC(271)     Total                          Min: 0, Avg:  0.0, Max: 0, Diff: 0, Sum: 0, Workers: 4
[619.506s][debug][gc,phases      ] GC(271) Weak Processing 0.349ms
[619.506s][debug][gc,age         ] GC(271) Desired survivor size 452460544 bytes, new threshold 15 (max threshold 15)
[619.506s][info ][gc,heap        ] GC(271) PSYoungGen: 1654868K(1655296K)->312771K(1623040K) Eden: 1351680K(1351680K)->0K(1213440K) From: 303188K(303616K)->312771K(409600K)
[619.506s][info ][gc,heap        ] GC(271) ParOldGen: 716484K(966656K)->716484K(966656K)
[619.506s][info ][gc,metaspace   ] GC(271) Metaspace: 86937K(87872K)->86937K(87872K) NonClass: 74958K(75456K)->74958K(75456K) Class: 11979K(12416K)->11979K(12416K)
[619.506s][info ][gc             ] GC(271) Pause Young (Allocation Failure) 2315M->1005M(2529M) 68.456ms
[619.506s][info ][gc,cpu         ] GC(271) User=0.27s Sys=0.00s Real=0.07s
[619.506s][info ][safepoint      ] Safepoint "ParallelGCFailedAllocation", Time since last: 887622630 ns, Reaching safepoint: 102006 ns, At safepoint: 68546740 ns, Total: 68648746 ns
[622.989s][info ][gc,start       ] GC(272) Pause Young (Allocation Failure)
[623.068s][debug][gc,phases      ] GC(272) Scavenge 79.027ms
[623.068s][debug][gc,ref         ] GC(272) Skipped phase 1 of Reference Processing: no references
[623.068s][debug][gc,ref         ] GC(272) ReferenceProcessor::execute queues: 1, RefProcThreadModel::Single, marks_oops_alive: false
[623.068s][debug][gc,ref         ] GC(272) Skipped phase 3 of Reference Processing: no references
[623.068s][debug][gc,ref         ] GC(272) ReferenceProcessor::execute queues: 1, RefProcThreadModel::Single, marks_oops_alive: false
[623.068s][debug][gc,phases      ] GC(272) Reference Processing 0.146ms
[623.068s][debug][gc,phases      ] GC(272)   VM Weak                        Min:  0.0, Avg:  0.0, Max:  0.0, Diff:  0.0, Sum:  0.0, Workers: 4
[623.068s][debug][gc,phases      ] GC(272)     Dead                           Min: 0, Avg:  0.0, Max: 0, Diff: 0, Sum: 0, Workers: 4
[623.068s][debug][gc,phases      ] GC(272)     Total                          Min: 0, Avg: 186.5, Max: 746, Diff: 746, Sum: 746, Workers: 4
[623.068s][debug][gc,phases      ] GC(272)   ObjectSynchronizer Weak        Min:  0.0, Avg:  0.0, Max:  0.0, Diff:  0.0, Sum:  0.0, Workers: 4
[623.068s][debug][gc,phases      ] GC(272)     Dead                           Min: 0, Avg:  0.0, Max: 0, Diff: 0, Sum: 0, Workers: 4
[623.068s][debug][gc,phases      ] GC(272)     Total                          Min: 0, Avg: 139.8, Max: 256, Diff: 256, Sum: 559, Workers: 4
[623.068s][debug][gc,phases      ] GC(272)   JVMTI Tag Weak OopStorage      Min:  0.0, Avg:  0.0, Max:  0.0, Diff:  0.0, Sum:  0.0, Workers: 4
[623.068s][debug][gc,phases      ] GC(272)     Dead                           Min: 0, Avg:  0.0, Max: 0, Diff: 0, Sum: 0, Workers: 4
[623.068s][debug][gc,phases      ] GC(272)     Total                          Min: 0, Avg:  0.0, Max: 0, Diff: 0, Sum: 0, Workers: 4
[623.068s][debug][gc,phases      ] GC(272)   StringTable Weak               Min:  0.1, Avg:  0.1, Max:  0.1, Diff:  0.0, Sum:  0.5, Workers: 4
[623.068s][debug][gc,phases      ] GC(272)     Dead                           Min: 0, Avg:  0.0, Max: 0, Diff: 0, Sum: 0, Workers: 4
[623.068s][debug][gc,phases      ] GC(272)     Total                          Min: 10944, Avg: 12215.8, Max: 13184, Diff: 2240, Sum: 48863, Workers: 4
[623.068s][debug][gc,phases      ] GC(272)   ResolvedMethodTable Weak       Min:  0.0, Avg:  0.0, Max:  0.0, Diff:  0.0, Sum:  0.1, Workers: 4
[623.068s][debug][gc,phases      ] GC(272)     Dead                           Min: 0, Avg:  0.0, Max: 0, Diff: 0, Sum: 0, Workers: 4
[623.068s][debug][gc,phases      ] GC(272)     Total                          Min: 1856, Avg: 2240.5, Max: 2370, Diff: 514, Sum: 8962, Workers: 4
[623.068s][debug][gc,phases      ] GC(272)   JNI Weak                       Min:  0.0, Avg:  0.0, Max:  0.0, Diff:  0.0, Sum:  0.0, Workers: 4
[623.068s][debug][gc,phases      ] GC(272)     Dead                           Min: 0, Avg:  0.0, Max: 0, Diff: 0, Sum: 0, Workers: 4
[623.068s][debug][gc,phases      ] GC(272)     Total                          Min: 0, Avg:  0.0, Max: 0, Diff: 0, Sum: 0, Workers: 4
[623.068s][debug][gc,phases      ] GC(272)   StringDedup Table Weak         Min:  0.0, Avg:  0.0, Max:  0.0, Diff:  0.0, Sum:  0.0, Workers: 4
[623.068s][debug][gc,phases      ] GC(272)     Dead                           Min: 0, Avg:  0.0, Max: 0, Diff: 0, Sum: 0, Workers: 4
[623.068s][debug][gc,phases      ] GC(272)     Total                          Min: 0, Avg:  0.0, Max: 0, Diff: 0, Sum: 0, Workers: 4
[623.068s][debug][gc,phases      ] GC(272)   StringDedup Requests0 Weak     Min:  0.0, Avg:  0.0, Max:  0.0, Diff:  0.0, Sum:  0.0, Workers: 4
[623.068s][debug][gc,phases      ] GC(272)     Dead                           Min: 0, Avg:  0.0, Max: 0, Diff: 0, Sum: 0, Workers: 4
[623.068s][debug][gc,phases      ] GC(272)     Total                          Min: 0, Avg:  0.0, Max: 0, Diff: 0, Sum: 0, Workers: 4
[623.068s][debug][gc,phases      ] GC(272)   StringDedup Requests1 Weak     Min:  0.0, Avg:  0.0, Max:  0.0, Diff:  0.0, Sum:  0.0, Workers: 4
[623.068s][debug][gc,phases      ] GC(272)     Dead                           Min: 0, Avg:  0.0, Max: 0, Diff: 0, Sum: 0, Workers: 4
[623.068s][debug][gc,phases      ] GC(272)     Total                          Min: 0, Avg:  0.0, Max: 0, Diff: 0, Sum: 0, Workers: 4
[623.068s][debug][gc,phases      ] GC(272)   Weak JFR Old Object Samples    Min:  0.0, Avg:  0.0, Max:  0.0, Diff:  0.0, Sum:  0.0, Workers: 4
[623.068s][debug][gc,phases      ] GC(272)     Dead                           Min: 0, Avg:  0.0, Max: 0, Diff: 0, Sum: 0, Workers: 4
[623.068s][debug][gc,phases      ] GC(272)     Total                          Min: 0, Avg:  0.0, Max: 0, Diff: 0, Sum: 0, Workers: 4
[623.068s][debug][gc,phases      ] GC(272) Weak Processing 0.396ms
[623.068s][debug][gc,age         ] GC(272) Desired survivor size 478674944 bytes, new threshold 15 (max threshold 15)
[623.068s][info ][gc,heap        ] GC(272) PSYoungGen: 1526211K(1623040K)->314034K(1527808K) Eden: 1213440K(1213440K)->0K(1213440K) From: 312771K(409600K)->314034K(314368K)
[623.068s][info ][gc,heap        ] GC(272) ParOldGen: 716484K(966656K)->716484K(966656K)
[623.068s][info ][gc,metaspace   ] GC(272) Metaspace: 86938K(87872K)->86938K(87872K) NonClass: 74959K(75456K)->74959K(75456K) Class: 11979K(12416K)->11979K(12416K)
[623.068s][info ][gc             ] GC(272) Pause Young (Allocation Failure) 2190M->1006M(2436M) 79.719ms
[623.068s][info ][gc,cpu         ] GC(272) User=0.32s Sys=0.00s Real=0.08s
[623.068s][info ][safepoint      ] Safepoint "ParallelGCFailedAllocation", Time since last: 3482588415 ns, Reaching safepoint: 126007 ns, At safepoint: 79818589 ns, Total: 79944596 ns
[624.068s][info ][safepoint      ] Safepoint "Cleanup", Time since last: 1000085394 ns, Reaching safepoint: 42603 ns, At safepoint: 5300 ns, Total: 47903 ns
[625.069s][info ][safepoint      ] Safepoint "Cleanup", Time since last: 1000111996 ns, Reaching safepoint: 54003 ns, At safepoint: 10201 ns, Total: 64204 ns
[626.069s][info ][safepoint      ] Safepoint "Cleanup", Time since last: 1000115796 ns, Reaching safepoint: 82004 ns, At safepoint: 9201 ns, Total: 91205 ns
[626.511s][info ][gc,start       ] GC(273) Pause Young (Allocation Failure)
[626.584s][debug][gc,phases      ] GC(273) Scavenge 73.130ms
[626.584s][debug][gc,ref         ] GC(273) Skipped phase 1 of Reference Processing: no references
[626.585s][debug][gc,ref         ] GC(273) ReferenceProcessor::execute queues: 1, RefProcThreadModel::Single, marks_oops_alive: false
[626.585s][debug][gc,ref         ] GC(273) Skipped phase 3 of Reference Processing: no references
[626.585s][debug][gc,ref         ] GC(273) ReferenceProcessor::execute queues: 1, RefProcThreadModel::Single, marks_oops_alive: false
[626.585s][debug][gc,phases      ] GC(273) Reference Processing 0.123ms
[626.585s][debug][gc,phases      ] GC(273)   VM Weak                        Min:  0.0, Avg:  0.0, Max:  0.0, Diff:  0.0, Sum:  0.0, Workers: 4
[626.585s][debug][gc,phases      ] GC(273)     Dead                           Min: 0, Avg:  0.0, Max: 0, Diff: 0, Sum: 0, Workers: 4
[626.585s][debug][gc,phases      ] GC(273)     Total                          Min: 0, Avg: 186.5, Max: 490, Diff: 490, Sum: 746, Workers: 4
[626.585s][debug][gc,phases      ] GC(273)   ObjectSynchronizer Weak        Min:  0.0, Avg:  0.0, Max:  0.0, Diff:  0.0, Sum:  0.0, Workers: 4
[626.585s][debug][gc,phases      ] GC(273)     Dead                           Min: 0, Avg:  0.0, Max: 0, Diff: 0, Sum: 0, Workers: 4
[626.585s][debug][gc,phases      ] GC(273)     Total                          Min: 0, Avg: 139.8, Max: 303, Diff: 303, Sum: 559, Workers: 4
[626.585s][debug][gc,phases      ] GC(273)   JVMTI Tag Weak OopStorage      Min:  0.0, Avg:  0.0, Max:  0.0, Diff:  0.0, Sum:  0.0, Workers: 4
[626.585s][debug][gc,phases      ] GC(273)     Dead                           Min: 0, Avg:  0.0, Max: 0, Diff: 0, Sum: 0, Workers: 4
[626.585s][debug][gc,phases      ] GC(273)     Total                          Min: 0, Avg:  0.0, Max: 0, Diff: 0, Sum: 0, Workers: 4
[626.585s][debug][gc,phases      ] GC(273)   StringTable Weak               Min:  0.1, Avg:  0.1, Max:  0.1, Diff:  0.0, Sum:  0.5, Workers: 4
[626.585s][debug][gc,phases      ] GC(273)     Dead                           Min: 0, Avg:  0.0, Max: 0, Diff: 0, Sum: 0, Workers: 4
[626.585s][debug][gc,phases      ] GC(273)     Total                          Min: 10688, Avg: 12215.8, Max: 13696, Diff: 3008, Sum: 48863, Workers: 4
[626.585s][debug][gc,phases      ] GC(273)   ResolvedMethodTable Weak       Min:  0.0, Avg:  0.0, Max:  0.0, Diff:  0.0, Sum:  0.1, Workers: 4
[626.585s][debug][gc,phases      ] GC(273)     Dead                           Min: 0, Avg:  0.0, Max: 0, Diff: 0, Sum: 0, Workers: 4
[626.585s][debug][gc,phases      ] GC(273)     Total                          Min: 2112, Avg: 2240.5, Max: 2498, Diff: 386, Sum: 8962, Workers: 4
[626.585s][debug][gc,phases      ] GC(273)   JNI Weak                       Min:  0.0, Avg:  0.0, Max:  0.0, Diff:  0.0, Sum:  0.0, Workers: 4
[626.585s][debug][gc,phases      ] GC(273)     Dead                           Min: 0, Avg:  0.0, Max: 0, Diff: 0, Sum: 0, Workers: 4
[626.585s][debug][gc,phases      ] GC(273)     Total                          Min: 0, Avg:  0.0, Max: 0, Diff: 0, Sum: 0, Workers: 4
[626.585s][debug][gc,phases      ] GC(273)   StringDedup Table Weak         Min:  0.0, Avg:  0.0, Max:  0.0, Diff:  0.0, Sum:  0.0, Workers: 4
[626.585s][debug][gc,phases      ] GC(273)     Dead                           Min: 0, Avg:  0.0, Max: 0, Diff: 0, Sum: 0, Workers: 4
[626.585s][debug][gc,phases      ] GC(273)     Total                          Min: 0, Avg:  0.0, Max: 0, Diff: 0, Sum: 0, Workers: 4
[626.585s][debug][gc,phases      ] GC(273)   StringDedup Requests0 Weak     Min:  0.0, Avg:  0.0, Max:  0.0, Diff:  0.0, Sum:  0.0, Workers: 4
[626.585s][debug][gc,phases      ] GC(273)     Dead                           Min: 0, Avg:  0.0, Max: 0, Diff: 0, Sum: 0, Workers: 4
[626.585s][debug][gc,phases      ] GC(273)     Total                          Min: 0, Avg:  0.0, Max: 0, Diff: 0, Sum: 0, Workers: 4
[626.585s][debug][gc,phases      ] GC(273)   StringDedup Requests1 Weak     Min:  0.0, Avg:  0.0, Max:  0.0, Diff:  0.0, Sum:  0.0, Workers: 4
[626.585s][debug][gc,phases      ] GC(273)     Dead                           Min: 0, Avg:  0.0, Max: 0, Diff: 0, Sum: 0, Workers: 4
[626.585s][debug][gc,phases      ] GC(273)     Total                          Min: 0, Avg:  0.0, Max: 0, Diff: 0, Sum: 0, Workers: 4
[626.585s][debug][gc,phases      ] GC(273)   Weak JFR Old Object Samples    Min:  0.0, Avg:  0.0, Max:  0.0, Diff:  0.0, Sum:  0.0, Workers: 4
[626.585s][debug][gc,phases      ] GC(273)     Dead                           Min: 0, Avg:  0.0, Max: 0, Diff: 0, Sum: 0, Workers: 4
[626.585s][debug][gc,phases      ] GC(273)     Total                          Min: 0, Avg:  0.0, Max: 0, Diff: 0, Sum: 0, Workers: 4
[626.585s][debug][gc,phases      ] GC(273) Weak Processing 0.344ms
[626.585s][debug][gc,age         ] GC(273) Desired survivor size 497549312 bytes, new threshold 15 (max threshold 15)
[626.585s][info ][gc,heap        ] GC(273) PSYoungGen: 1527474K(1527808K)->312643K(1592832K) Eden: 1213440K(1213440K)->0K(1125376K) From: 314034K(314368K)->312643K(467456K)
[626.585s][info ][gc,heap        ] GC(273) ParOldGen: 716484K(966656K)->716484K(966656K)
[626.585s][info ][gc,metaspace   ] GC(273) Metaspace: 86942K(87872K)->86942K(87872K) NonClass: 74963K(75456K)->74963K(75456K) Class: 11979K(12416K)->11979K(12416K)
[626.585s][info ][gc             ] GC(273) Pause Young (Allocation Failure) 2191M->1005M(2499M) 73.734ms
[626.585s][info ][gc,cpu         ] GC(273) User=0.30s Sys=0.00s Real=0.08s
[626.585s][info ][safepoint      ] Safepoint "ParallelGCFailedAllocation", Time since last: 442335029 ns, Reaching safepoint: 29102 ns, At safepoint: 73818544 ns, Total: 73847646 ns
[627.585s][info ][safepoint      ] Safepoint "Cleanup", Time since last: 1000088294 ns, Reaching safepoint: 139808 ns, At safepoint: 11500 ns, Total: 151308 ns
[629.792s][info ][gc,start       ] GC(274) Pause Young (Allocation Failure)
[629.862s][debug][gc,phases      ] GC(274) Scavenge 70.761ms
[629.863s][debug][gc,ref         ] GC(274) Skipped phase 1 of Reference Processing: no references
[629.863s][debug][gc,ref         ] GC(274) ReferenceProcessor::execute queues: 1, RefProcThreadModel::Single, marks_oops_alive: false
[629.863s][debug][gc,ref         ] GC(274) Skipped phase 3 of Reference Processing: no references
[629.863s][debug][gc,ref         ] GC(274) ReferenceProcessor::execute queues: 1, RefProcThreadModel::Single, marks_oops_alive: false
[629.863s][debug][gc,phases      ] GC(274) Reference Processing 0.131ms
[629.863s][debug][gc,phases      ] GC(274)   VM Weak                        Min:  0.0, Avg:  0.0, Max:  0.0, Diff:  0.0, Sum:  0.0, Workers: 4
[629.863s][debug][gc,phases      ] GC(274)     Dead                           Min: 0, Avg:  0.0, Max: 0, Diff: 0, Sum: 0, Workers: 4
[629.863s][debug][gc,phases      ] GC(274)     Total                          Min: 0, Avg: 186.5, Max: 746, Diff: 746, Sum: 746, Workers: 4
[629.863s][debug][gc,phases      ] GC(274)   ObjectSynchronizer Weak        Min:  0.0, Avg:  0.0, Max:  0.0, Diff:  0.0, Sum:  0.0, Workers: 4
[629.863s][debug][gc,phases      ] GC(274)     Dead                           Min: 0, Avg:  0.0, Max: 0, Diff: 0, Sum: 0, Workers: 4
[629.863s][debug][gc,phases      ] GC(274)     Total                          Min: 0, Avg: 139.8, Max: 559, Diff: 559, Sum: 559, Workers: 4
[629.863s][debug][gc,phases      ] GC(274)   JVMTI Tag Weak OopStorage      Min:  0.0, Avg:  0.0, Max:  0.0, Diff:  0.0, Sum:  0.0, Workers: 4
[629.863s][debug][gc,phases      ] GC(274)     Dead                           Min: 0, Avg:  0.0, Max: 0, Diff: 0, Sum: 0, Workers: 4
[629.863s][debug][gc,phases      ] GC(274)     Total                          Min: 0, Avg:  0.0, Max: 0, Diff: 0, Sum: 0, Workers: 4
[629.863s][debug][gc,phases      ] GC(274)   StringTable Weak               Min:  0.1, Avg:  0.1, Max:  0.1, Diff:  0.0, Sum:  0.5, Workers: 4
[629.863s][debug][gc,phases      ] GC(274)     Dead                           Min: 0, Avg:  0.0, Max: 0, Diff: 0, Sum: 0, Workers: 4
[629.863s][debug][gc,phases      ] GC(274)     Total                          Min: 12096, Avg: 12216.0, Max: 12448, Diff: 352, Sum: 48864, Workers: 4
[629.863s][debug][gc,phases      ] GC(274)   ResolvedMethodTable Weak       Min:  0.0, Avg:  0.0, Max:  0.0, Diff:  0.0, Sum:  0.1, Workers: 4
[629.863s][debug][gc,phases      ] GC(274)     Dead                           Min: 0, Avg:  0.0, Max: 0, Diff: 0, Sum: 0, Workers: 4
[629.863s][debug][gc,phases      ] GC(274)     Total                          Min: 1984, Avg: 2240.5, Max: 2496, Diff: 512, Sum: 8962, Workers: 4
[629.863s][debug][gc,phases      ] GC(274)   JNI Weak                       Min:  0.0, Avg:  0.0, Max:  0.0, Diff:  0.0, Sum:  0.0, Workers: 4
[629.863s][debug][gc,phases      ] GC(274)     Dead                           Min: 0, Avg:  0.0, Max: 0, Diff: 0, Sum: 0, Workers: 4
[629.863s][debug][gc,phases      ] GC(274)     Total                          Min: 0, Avg:  0.0, Max: 0, Diff: 0, Sum: 0, Workers: 4
[629.863s][debug][gc,phases      ] GC(274)   StringDedup Table Weak         Min:  0.0, Avg:  0.0, Max:  0.0, Diff:  0.0, Sum:  0.0, Workers: 4
[629.863s][debug][gc,phases      ] GC(274)     Dead                           Min: 0, Avg:  0.0, Max: 0, Diff: 0, Sum: 0, Workers: 4
[629.863s][debug][gc,phases      ] GC(274)     Total                          Min: 0, Avg:  0.0, Max: 0, Diff: 0, Sum: 0, Workers: 4
[629.863s][debug][gc,phases      ] GC(274)   StringDedup Requests0 Weak     Min:  0.0, Avg:  0.0, Max:  0.0, Diff:  0.0, Sum:  0.0, Workers: 4
[629.863s][debug][gc,phases      ] GC(274)     Dead                           Min: 0, Avg:  0.0, Max: 0, Diff: 0, Sum: 0, Workers: 4
[629.863s][debug][gc,phases      ] GC(274)     Total                          Min: 0, Avg:  0.0, Max: 0, Diff: 0, Sum: 0, Workers: 4
[629.863s][debug][gc,phases      ] GC(274)   StringDedup Requests1 Weak     Min:  0.0, Avg:  0.0, Max:  0.0, Diff:  0.0, Sum:  0.0, Workers: 4
[629.863s][debug][gc,phases      ] GC(274)     Dead                           Min: 0, Avg:  0.0, Max: 0, Diff: 0, Sum: 0, Workers: 4
[629.863s][debug][gc,phases      ] GC(274)     Total                          Min: 0, Avg:  0.0, Max: 0, Diff: 0, Sum: 0, Workers: 4
[629.863s][debug][gc,phases      ] GC(274)   Weak JFR Old Object Samples    Min:  0.0, Avg:  0.0, Max:  0.0, Diff:  0.0, Sum:  0.0, Workers: 4
[629.863s][debug][gc,phases      ] GC(274)     Dead                           Min: 0, Avg:  0.0, Max: 0, Diff: 0, Sum: 0, Workers: 4
[629.863s][debug][gc,phases      ] GC(274)     Total                          Min: 0, Avg:  0.0, Max: 0, Diff: 0, Sum: 0, Workers: 4
[629.863s][debug][gc,phases      ] GC(274) Weak Processing 0.349ms
[629.863s][debug][gc,age         ] GC(274) Desired survivor size 511705088 bytes, new threshold 15 (max threshold 15)
[629.863s][info ][gc,heap        ] GC(274) PSYoungGen: 1438019K(1592832K)->314258K(1439744K) Eden: 1125376K(1125376K)->0K(1125376K) From: 312643K(467456K)->314258K(314368K)
[629.863s][info ][gc,heap        ] GC(274) ParOldGen: 716484K(966656K)->716484K(966656K)
[629.863s][info ][gc,metaspace   ] GC(274) Metaspace: 86942K(87872K)->86942K(87872K) NonClass: 74963K(75456K)->74963K(75456K) Class: 11979K(12416K)->11979K(12416K)
[629.863s][info ][gc             ] GC(274) Pause Young (Allocation Failure) 2104M->1006M(2350M) 71.377ms
[629.863s][info ][gc,cpu         ] GC(274) User=0.28s Sys=0.00s Real=0.08s
[629.863s][info ][safepoint      ] Safepoint "ParallelGCFailedAllocation", Time since last: 2206228033 ns, Reaching safepoint: 112807 ns, At safepoint: 71474209 ns, Total: 71587016 ns
[630.863s][info ][safepoint      ] Safepoint "Cleanup", Time since last: 1000088793 ns, Reaching safepoint: 51503 ns, At safepoint: 6101 ns, Total: 57604 ns
[633.038s][info ][gc,start       ] GC(275) Pause Young (Allocation Failure)
[633.107s][debug][gc,phases      ] GC(275) Scavenge 68.275ms
[633.107s][debug][gc,ref         ] GC(275) Skipped phase 1 of Reference Processing: no references
[633.107s][debug][gc,ref         ] GC(275) ReferenceProcessor::execute queues: 1, RefProcThreadModel::Single, marks_oops_alive: false
[633.107s][debug][gc,ref         ] GC(275) Skipped phase 3 of Reference Processing: no references
[633.107s][debug][gc,ref         ] GC(275) ReferenceProcessor::execute queues: 1, RefProcThreadModel::Single, marks_oops_alive: false
[633.107s][debug][gc,phases      ] GC(275) Reference Processing 0.156ms
[633.107s][debug][gc,phases      ] GC(275)   VM Weak                        Min:  0.0, Avg:  0.0, Max:  0.0, Diff:  0.0, Sum:  0.0, Workers: 4
[633.107s][debug][gc,phases      ] GC(275)     Dead                           Min: 0, Avg:  0.0, Max: 0, Diff: 0, Sum: 0, Workers: 4
[633.107s][debug][gc,phases      ] GC(275)     Total                          Min: 0, Avg: 186.5, Max: 576, Diff: 576, Sum: 746, Workers: 4
[633.107s][debug][gc,phases      ] GC(275)   ObjectSynchronizer Weak        Min:  0.0, Avg:  0.0, Max:  0.0, Diff:  0.0, Sum:  0.0, Workers: 4
[633.107s][debug][gc,phases      ] GC(275)     Dead                           Min: 0, Avg:  0.0, Max: 0, Diff: 0, Sum: 0, Workers: 4
[633.107s][debug][gc,phases      ] GC(275)     Total                          Min: 0, Avg: 139.8, Max: 303, Diff: 303, Sum: 559, Workers: 4
[633.107s][debug][gc,phases      ] GC(275)   JVMTI Tag Weak OopStorage      Min:  0.0, Avg:  0.0, Max:  0.0, Diff:  0.0, Sum:  0.0, Workers: 4
[633.107s][debug][gc,phases      ] GC(275)     Dead                           Min: 0, Avg:  0.0, Max: 0, Diff: 0, Sum: 0, Workers: 4
[633.107s][debug][gc,phases      ] GC(275)     Total                          Min: 0, Avg:  0.0, Max: 0, Diff: 0, Sum: 0, Workers: 4
[633.107s][debug][gc,phases      ] GC(275)   StringTable Weak               Min:  0.1, Avg:  0.1, Max:  0.1, Diff:  0.0, Sum:  0.5, Workers: 4
[633.107s][debug][gc,phases      ] GC(275)     Dead                           Min: 0, Avg:  0.0, Max: 0, Diff: 0, Sum: 0, Workers: 4
[633.107s][debug][gc,phases      ] GC(275)     Total                          Min: 10304, Avg: 12219.5, Max: 13568, Diff: 3264, Sum: 48878, Workers: 4
[633.107s][debug][gc,phases      ] GC(275)   ResolvedMethodTable Weak       Min:  0.0, Avg:  0.0, Max:  0.0, Diff:  0.0, Sum:  0.1, Workers: 4
[633.107s][debug][gc,phases      ] GC(275)     Dead                           Min: 0, Avg:  0.0, Max: 0, Diff: 0, Sum: 0, Workers: 4
[633.107s][debug][gc,phases      ] GC(275)     Total                          Min: 1984, Avg: 2245.5, Max: 2624, Diff: 640, Sum: 8982, Workers: 4
[633.107s][debug][gc,phases      ] GC(275)   JNI Weak                       Min:  0.0, Avg:  0.0, Max:  0.0, Diff:  0.0, Sum:  0.0, Workers: 4
[633.107s][debug][gc,phases      ] GC(275)     Dead                           Min: 0, Avg:  0.0, Max: 0, Diff: 0, Sum: 0, Workers: 4
[633.107s][debug][gc,phases      ] GC(275)     Total                          Min: 0, Avg:  0.0, Max: 0, Diff: 0, Sum: 0, Workers: 4
[633.107s][debug][gc,phases      ] GC(275)   StringDedup Table Weak         Min:  0.0, Avg:  0.0, Max:  0.0, Diff:  0.0, Sum:  0.0, Workers: 4
[633.107s][debug][gc,phases      ] GC(275)     Dead                           Min: 0, Avg:  0.0, Max: 0, Diff: 0, Sum: 0, Workers: 4
[633.107s][debug][gc,phases      ] GC(275)     Total                          Min: 0, Avg:  0.0, Max: 0, Diff: 0, Sum: 0, Workers: 4
[633.107s][debug][gc,phases      ] GC(275)   StringDedup Requests0 Weak     Min:  0.0, Avg:  0.0, Max:  0.0, Diff:  0.0, Sum:  0.0, Workers: 4
[633.107s][debug][gc,phases      ] GC(275)     Dead                           Min: 0, Avg:  0.0, Max: 0, Diff: 0, Sum: 0, Workers: 4
[633.107s][debug][gc,phases      ] GC(275)     Total                          Min: 0, Avg:  0.0, Max: 0, Diff: 0, Sum: 0, Workers: 4
[633.107s][debug][gc,phases      ] GC(275)   StringDedup Requests1 Weak     Min:  0.0, Avg:  0.0, Max:  0.0, Diff:  0.0, Sum:  0.0, Workers: 4
[633.107s][debug][gc,phases      ] GC(275)     Dead                           Min: 0, Avg:  0.0, Max: 0, Diff: 0, Sum: 0, Workers: 4
[633.107s][debug][gc,phases      ] GC(275)     Total                          Min: 0, Avg:  0.0, Max: 0, Diff: 0, Sum: 0, Workers: 4
[633.107s][debug][gc,phases      ] GC(275)   Weak JFR Old Object Samples    Min:  0.0, Avg:  0.0, Max:  0.0, Diff:  0.0, Sum:  0.0, Workers: 4
[633.107s][debug][gc,phases      ] GC(275)     Dead                           Min: 0, Avg:  0.0, Max: 0, Diff: 0, Sum: 0, Workers: 4
[633.107s][debug][gc,phases      ] GC(275)     Total                          Min: 0, Avg:  0.0, Max: 0, Diff: 0, Sum: 0, Workers: 4
[633.107s][debug][gc,phases      ] GC(275) Weak Processing 0.353ms
[633.107s][debug][gc,age         ] GC(275) Desired survivor size 521666560 bytes, new threshold 15 (max threshold 15)
[633.107s][info ][gc,heap        ] GC(275) PSYoungGen: 1439634K(1439744K)->314850K(1577984K) Eden: 1125376K(1125376K)->0K(1078272K) From: 314258K(314368K)->314850K(499712K)
[633.107s][info ][gc,heap        ] GC(275) ParOldGen: 716484K(966656K)->716492K(966656K)
[633.107s][info ][gc,metaspace   ] GC(275) Metaspace: 86967K(87872K)->86967K(87872K) NonClass: 74982K(75456K)->74982K(75456K) Class: 11985K(12416K)->11985K(12416K)
[633.107s][info ][gc             ] GC(275) Pause Young (Allocation Failure) 2105M->1007M(2485M) 68.931ms
[633.107s][info ][gc,cpu         ] GC(275) User=0.27s Sys=0.00s Real=0.07s
[633.107s][info ][safepoint      ] Safepoint "ParallelGCFailedAllocation", Time since last: 2175023137 ns, Reaching safepoint: 126608 ns, At safepoint: 69028468 ns, Total: 69155076 ns
[634.108s][info ][safepoint      ] Safepoint "Cleanup", Time since last: 1000099493 ns, Reaching safepoint: 117407 ns, At safepoint: 6100 ns, Total: 123507 ns
[636.108s][info ][safepoint      ] Safepoint "Cleanup", Time since last: 2000164685 ns, Reaching safepoint: 118306 ns, At safepoint: 5901 ns, Total: 124207 ns
[636.139s][info ][gc,start       ] GC(276) Pause Young (Allocation Failure)
[636.236s][debug][gc,phases      ] GC(276) Scavenge 96.831ms
[636.236s][debug][gc,ref         ] GC(276) Skipped phase 1 of Reference Processing: no references
[636.236s][debug][gc,ref         ] GC(276) ReferenceProcessor::execute queues: 1, RefProcThreadModel::Single, marks_oops_alive: false
[636.236s][debug][gc,ref         ] GC(276) Skipped phase 3 of Reference Processing: no references
[636.236s][debug][gc,ref         ] GC(276) ReferenceProcessor::execute queues: 1, RefProcThreadModel::Single, marks_oops_alive: false
[636.236s][debug][gc,phases      ] GC(276) Reference Processing 0.129ms
[636.236s][debug][gc,phases      ] GC(276)   VM Weak                        Min:  0.0, Avg:  0.0, Max:  0.0, Diff:  0.0, Sum:  0.0, Workers: 4
[636.236s][debug][gc,phases      ] GC(276)     Dead                           Min: 0, Avg:  0.0, Max: 0, Diff: 0, Sum: 0, Workers: 4
[636.236s][debug][gc,phases      ] GC(276)     Total                          Min: 0, Avg: 186.5, Max: 746, Diff: 746, Sum: 746, Workers: 4
[636.236s][debug][gc,phases      ] GC(276)   ObjectSynchronizer Weak        Min:  0.0, Avg:  0.0, Max:  0.0, Diff:  0.0, Sum:  0.0, Workers: 4
[636.236s][debug][gc,phases      ] GC(276)     Dead                           Min: 0, Avg:  0.0, Max: 0, Diff: 0, Sum: 0, Workers: 4
[636.236s][debug][gc,phases      ] GC(276)     Total                          Min: 0, Avg: 139.8, Max: 559, Diff: 559, Sum: 559, Workers: 4
[636.236s][debug][gc,phases      ] GC(276)   JVMTI Tag Weak OopStorage      Min:  0.0, Avg:  0.0, Max:  0.0, Diff:  0.0, Sum:  0.0, Workers: 4
[636.236s][debug][gc,phases      ] GC(276)     Dead                           Min: 0, Avg:  0.0, Max: 0, Diff: 0, Sum: 0, Workers: 4
[636.236s][debug][gc,phases      ] GC(276)     Total                          Min: 0, Avg:  0.0, Max: 0, Diff: 0, Sum: 0, Workers: 4
[636.236s][debug][gc,phases      ] GC(276)   StringTable Weak               Min:  0.1, Avg:  0.1, Max:  0.1, Diff:  0.0, Sum:  0.5, Workers: 4
[636.236s][debug][gc,phases      ] GC(276)     Dead                           Min: 0, Avg:  0.0, Max: 0, Diff: 0, Sum: 0, Workers: 4
[636.236s][debug][gc,phases      ] GC(276)     Total                          Min: 10624, Avg: 12219.5, Max: 14336, Diff: 3712, Sum: 48878, Workers: 4
[636.236s][debug][gc,phases      ] GC(276)   ResolvedMethodTable Weak       Min:  0.0, Avg:  0.0, Max:  0.0, Diff:  0.0, Sum:  0.1, Workers: 4
[636.236s][debug][gc,phases      ] GC(276)     Dead                           Min: 0, Avg:  0.0, Max: 0, Diff: 0, Sum: 0, Workers: 4
[636.236s][debug][gc,phases      ] GC(276)     Total                          Min: 2112, Avg: 2245.5, Max: 2368, Diff: 256, Sum: 8982, Workers: 4
[636.236s][debug][gc,phases      ] GC(276)   JNI Weak                       Min:  0.0, Avg:  0.0, Max:  0.0, Diff:  0.0, Sum:  0.0, Workers: 4
[636.236s][debug][gc,phases      ] GC(276)     Dead                           Min: 0, Avg:  0.0, Max: 0, Diff: 0, Sum: 0, Workers: 4
[636.236s][debug][gc,phases      ] GC(276)     Total                          Min: 0, Avg:  0.0, Max: 0, Diff: 0, Sum: 0, Workers: 4
[636.236s][debug][gc,phases      ] GC(276)   StringDedup Table Weak         Min:  0.0, Avg:  0.0, Max:  0.0, Diff:  0.0, Sum:  0.0, Workers: 4
[636.236s][debug][gc,phases      ] GC(276)     Dead                           Min: 0, Avg:  0.0, Max: 0, Diff: 0, Sum: 0, Workers: 4
[636.236s][debug][gc,phases      ] GC(276)     Total                          Min: 0, Avg:  0.0, Max: 0, Diff: 0, Sum: 0, Workers: 4
[636.236s][debug][gc,phases      ] GC(276)   StringDedup Requests0 Weak     Min:  0.0, Avg:  0.0, Max:  0.0, Diff:  0.0, Sum:  0.0, Workers: 4
[636.236s][debug][gc,phases      ] GC(276)     Dead                           Min: 0, Avg:  0.0, Max: 0, Diff: 0, Sum: 0, Workers: 4
[636.236s][debug][gc,phases      ] GC(276)     Total                          Min: 0, Avg:  0.0, Max: 0, Diff: 0, Sum: 0, Workers: 4
[636.236s][debug][gc,phases      ] GC(276)   StringDedup Requests1 Weak     Min:  0.0, Avg:  0.0, Max:  0.0, Diff:  0.0, Sum:  0.0, Workers: 4
[636.236s][debug][gc,phases      ] GC(276)     Dead                           Min: 0, Avg:  0.0, Max: 0, Diff: 0, Sum: 0, Workers: 4
[636.236s][debug][gc,phases      ] GC(276)     Total                          Min: 0, Avg:  0.0, Max: 0, Diff: 0, Sum: 0, Workers: 4
[636.236s][debug][gc,phases      ] GC(276)   Weak JFR Old Object Samples    Min:  0.0, Avg:  0.0, Max:  0.0, Diff:  0.0, Sum:  0.0, Workers: 4
[636.236s][debug][gc,phases      ] GC(276)     Dead                           Min: 0, Avg:  0.0, Max: 0, Diff: 0, Sum: 0, Workers: 4
[636.236s][debug][gc,phases      ] GC(276)     Total                          Min: 0, Avg:  0.0, Max: 0, Diff: 0, Sum: 0, Workers: 4
[636.236s][debug][gc,phases      ] GC(276) Weak Processing 0.371ms
[636.236s][debug][gc,age         ] GC(276) Desired survivor size 501743616 bytes, new threshold 15 (max threshold 15)
[636.236s][info ][gc,heap        ] GC(276) PSYoungGen: 1393122K(1577984K)->164555K(1587712K) Eden: 1078272K(1078272K)->0K(1078272K) From: 314850K(499712K)->164555K(509440K)
[636.236s][info ][gc,heap        ] GC(276) ParOldGen: 716492K(966656K)->869038K(966656K)
[636.236s][info ][gc,metaspace   ] GC(276) Metaspace: 86980K(87872K)->86980K(87872K) NonClass: 74994K(75456K)->74994K(75456K) Class: 11985K(12416K)->11985K(12416K)
[636.237s][info ][gc             ] GC(276) Pause Young (Allocation Failure) 2060M->1009M(2494M) 97.461ms
[636.237s][info ][gc,cpu         ] GC(276) User=0.35s Sys=0.04s Real=0.10s
[636.237s][info ][safepoint      ] Safepoint "ParallelGCFailedAllocation", Time since last: 30963780 ns, Reaching safepoint: 93505 ns, At safepoint: 97553708 ns, Total: 97647213 ns
[637.237s][info ][safepoint      ] Safepoint "Cleanup", Time since last: 1000098193 ns, Reaching safepoint: 119907 ns, At safepoint: 10601 ns, Total: 130508 ns
[638.237s][info ][safepoint      ] Safepoint "Cleanup", Time since last: 1000111993 ns, Reaching safepoint: 130007 ns, At safepoint: 7701 ns, Total: 137708 ns
[639.049s][info ][gc,start       ] GC(277) Pause Young (Allocation Failure)
[639.083s][debug][gc,phases      ] GC(277) Scavenge 33.711ms
[639.083s][debug][gc,ref         ] GC(277) Skipped phase 1 of Reference Processing: no references
[639.083s][debug][gc,ref         ] GC(277) ReferenceProcessor::execute queues: 1, RefProcThreadModel::Single, marks_oops_alive: false
[639.083s][debug][gc,ref         ] GC(277) Skipped phase 3 of Reference Processing: no references
[639.083s][debug][gc,ref         ] GC(277) ReferenceProcessor::execute queues: 1, RefProcThreadModel::Single, marks_oops_alive: false
[639.083s][debug][gc,phases      ] GC(277) Reference Processing 0.146ms
[639.083s][debug][gc,phases      ] GC(277)   VM Weak                        Min:  0.0, Avg:  0.0, Max:  0.0, Diff:  0.0, Sum:  0.0, Workers: 4
[639.083s][debug][gc,phases      ] GC(277)     Dead                           Min: 0, Avg:  0.0, Max: 0, Diff: 0, Sum: 0, Workers: 4
[639.083s][debug][gc,phases      ] GC(277)     Total                          Min: 0, Avg: 186.5, Max: 746, Diff: 746, Sum: 746, Workers: 4
[639.083s][debug][gc,phases      ] GC(277)   ObjectSynchronizer Weak        Min:  0.0, Avg:  0.0, Max:  0.0, Diff:  0.0, Sum:  0.0, Workers: 4
[639.083s][debug][gc,phases      ] GC(277)     Dead                           Min: 0, Avg:  0.0, Max: 0, Diff: 0, Sum: 0, Workers: 4
[639.083s][debug][gc,phases      ] GC(277)     Total                          Min: 0, Avg: 139.8, Max: 495, Diff: 495, Sum: 559, Workers: 4
[639.083s][debug][gc,phases      ] GC(277)   JVMTI Tag Weak OopStorage      Min:  0.0, Avg:  0.0, Max:  0.0, Diff:  0.0, Sum:  0.0, Workers: 4
[639.083s][debug][gc,phases      ] GC(277)     Dead                           Min: 0, Avg:  0.0, Max: 0, Diff: 0, Sum: 0, Workers: 4
[639.083s][debug][gc,phases      ] GC(277)     Total                          Min: 0, Avg:  0.0, Max: 0, Diff: 0, Sum: 0, Workers: 4
[639.083s][debug][gc,phases      ] GC(277)   StringTable Weak               Min:  0.1, Avg:  0.1, Max:  0.1, Diff:  0.0, Sum:  0.5, Workers: 4
[639.083s][debug][gc,phases      ] GC(277)     Dead                           Min: 0, Avg:  0.0, Max: 0, Diff: 0, Sum: 0, Workers: 4
[639.083s][debug][gc,phases      ] GC(277)     Total                          Min: 10862, Avg: 12219.5, Max: 13056, Diff: 2194, Sum: 48878, Workers: 4
[639.083s][debug][gc,phases      ] GC(277)   ResolvedMethodTable Weak       Min:  0.0, Avg:  0.0, Max:  0.0, Diff:  0.0, Sum:  0.1, Workers: 4
[639.083s][debug][gc,phases      ] GC(277)     Dead                           Min: 0, Avg:  0.0, Max: 0, Diff: 0, Sum: 0, Workers: 4
[639.083s][debug][gc,phases      ] GC(277)     Total                          Min: 2112, Avg: 2245.5, Max: 2432, Diff: 320, Sum: 8982, Workers: 4
[639.083s][debug][gc,phases      ] GC(277)   JNI Weak                       Min:  0.0, Avg:  0.0, Max:  0.0, Diff:  0.0, Sum:  0.0, Workers: 4
[639.083s][debug][gc,phases      ] GC(277)     Dead                           Min: 0, Avg:  0.0, Max: 0, Diff: 0, Sum: 0, Workers: 4
[639.083s][debug][gc,phases      ] GC(277)     Total                          Min: 0, Avg:  0.0, Max: 0, Diff: 0, Sum: 0, Workers: 4
[639.083s][debug][gc,phases      ] GC(277)   StringDedup Table Weak         Min:  0.0, Avg:  0.0, Max:  0.0, Diff:  0.0, Sum:  0.0, Workers: 4
[639.083s][debug][gc,phases      ] GC(277)     Dead                           Min: 0, Avg:  0.0, Max: 0, Diff: 0, Sum: 0, Workers: 4
[639.083s][debug][gc,phases      ] GC(277)     Total                          Min: 0, Avg:  0.0, Max: 0, Diff: 0, Sum: 0, Workers: 4
[639.083s][debug][gc,phases      ] GC(277)   StringDedup Requests0 Weak     Min:  0.0, Avg:  0.0, Max:  0.0, Diff:  0.0, Sum:  0.0, Workers: 4
[639.083s][debug][gc,phases      ] GC(277)     Dead                           Min: 0, Avg:  0.0, Max: 0, Diff: 0, Sum: 0, Workers: 4
[639.083s][debug][gc,phases      ] GC(277)     Total                          Min: 0, Avg:  0.0, Max: 0, Diff: 0, Sum: 0, Workers: 4
[639.083s][debug][gc,phases      ] GC(277)   StringDedup Requests1 Weak     Min:  0.0, Avg:  0.0, Max:  0.0, Diff:  0.0, Sum:  0.0, Workers: 4
[639.083s][debug][gc,phases      ] GC(277)     Dead                           Min: 0, Avg:  0.0, Max: 0, Diff: 0, Sum: 0, Workers: 4
[639.083s][debug][gc,phases      ] GC(277)     Total                          Min: 0, Avg:  0.0, Max: 0, Diff: 0, Sum: 0, Workers: 4
[639.083s][debug][gc,phases      ] GC(277)   Weak JFR Old Object Samples    Min:  0.0, Avg:  0.0, Max:  0.0, Diff:  0.0, Sum:  0.0, Workers: 4
[639.083s][debug][gc,phases      ] GC(277)     Dead                           Min: 0, Avg:  0.0, Max: 0, Diff: 0, Sum: 0, Workers: 4
[639.083s][debug][gc,phases      ] GC(277)     Total                          Min: 0, Avg:  0.0, Max: 0, Diff: 0, Sum: 0, Workers: 4
[639.083s][debug][gc,phases      ] GC(277) Weak Processing 0.334ms
[639.083s][debug][gc,age         ] GC(277) Desired survivor size 482869248 bytes, new threshold 15 (max threshold 15)
[639.083s][info ][gc,heap        ] GC(277) PSYoungGen: 1242827K(1587712K)->163282K(1625600K) Eden: 1078272K(1078272K)->0K(1135616K) From: 164555K(509440K)->163282K(489984K)
[639.083s][info ][gc,heap        ] GC(277) ParOldGen: 869038K(966656K)->869787K(966656K)
[639.083s][info ][gc,metaspace   ] GC(277) Metaspace: 86980K(87872K)->86980K(87872K) NonClass: 74994K(75456K)->74994K(75456K) Class: 11985K(12416K)->11985K(12416K)
[639.083s][info ][gc             ] GC(277) Pause Young (Allocation Failure) 2062M->1008M(2531M) 34.330ms
[639.083s][info ][gc,cpu         ] GC(277) User=0.14s Sys=0.00s Real=0.04s
[639.083s][info ][safepoint      ] Safepoint "ParallelGCFailedAllocation", Time since last: 811697762 ns, Reaching safepoint: 125407 ns, At safepoint: 34439080 ns, Total: 34564487 ns
[642.359s][info ][gc,start       ] GC(278) Pause Young (Allocation Failure)
[642.389s][debug][gc,phases      ] GC(278) Scavenge 30.205ms
[642.389s][debug][gc,ref         ] GC(278) Skipped phase 1 of Reference Processing: no references
[642.389s][debug][gc,ref         ] GC(278) ReferenceProcessor::execute queues: 1, RefProcThreadModel::Single, marks_oops_alive: false
[642.389s][debug][gc,ref         ] GC(278) Skipped phase 3 of Reference Processing: no references
[642.389s][debug][gc,ref         ] GC(278) ReferenceProcessor::execute queues: 1, RefProcThreadModel::Single, marks_oops_alive: false
[642.389s][debug][gc,phases      ] GC(278) Reference Processing 0.131ms
[642.390s][debug][gc,phases      ] GC(278)   VM Weak                        Min:  0.0, Avg:  0.0, Max:  0.0, Diff:  0.0, Sum:  0.0, Workers: 4
[642.390s][debug][gc,phases      ] GC(278)     Dead                           Min: 0, Avg:  0.0, Max: 0, Diff: 0, Sum: 0, Workers: 4
[642.390s][debug][gc,phases      ] GC(278)     Total                          Min: 0, Avg: 186.5, Max: 704, Diff: 704, Sum: 746, Workers: 4
[642.390s][debug][gc,phases      ] GC(278)   ObjectSynchronizer Weak        Min:  0.0, Avg:  0.0, Max:  0.0, Diff:  0.0, Sum:  0.0, Workers: 4
[642.390s][debug][gc,phases      ] GC(278)     Dead                           Min: 0, Avg:  0.0, Max: 0, Diff: 0, Sum: 0, Workers: 4
[642.390s][debug][gc,phases      ] GC(278)     Total                          Min: 0, Avg: 139.8, Max: 239, Diff: 239, Sum: 559, Workers: 4
[642.390s][debug][gc,phases      ] GC(278)   JVMTI Tag Weak OopStorage      Min:  0.0, Avg:  0.0, Max:  0.0, Diff:  0.0, Sum:  0.0, Workers: 4
[642.390s][debug][gc,phases      ] GC(278)     Dead                           Min: 0, Avg:  0.0, Max: 0, Diff: 0, Sum: 0, Workers: 4
[642.390s][debug][gc,phases      ] GC(278)     Total                          Min: 0, Avg:  0.0, Max: 0, Diff: 0, Sum: 0, Workers: 4
[642.390s][debug][gc,phases      ] GC(278)   StringTable Weak               Min:  0.1, Avg:  0.1, Max:  0.1, Diff:  0.0, Sum:  0.5, Workers: 4
[642.390s][debug][gc,phases      ] GC(278)     Dead                           Min: 0, Avg:  0.0, Max: 0, Diff: 0, Sum: 0, Workers: 4
[642.390s][debug][gc,phases      ] GC(278)     Total                          Min: 11264, Avg: 12219.5, Max: 12974, Diff: 1710, Sum: 48878, Workers: 4
[642.390s][debug][gc,phases      ] GC(278)   ResolvedMethodTable Weak       Min:  0.0, Avg:  0.0, Max:  0.0, Diff:  0.0, Sum:  0.1, Workers: 4
[642.390s][debug][gc,phases      ] GC(278)     Dead                           Min: 0, Avg:  0.0, Max: 0, Diff: 0, Sum: 0, Workers: 4
[642.390s][debug][gc,phases      ] GC(278)     Total                          Min: 2112, Avg: 2245.5, Max: 2390, Diff: 278, Sum: 8982, Workers: 4
[642.390s][debug][gc,phases      ] GC(278)   JNI Weak                       Min:  0.0, Avg:  0.0, Max:  0.0, Diff:  0.0, Sum:  0.0, Workers: 4
[642.390s][debug][gc,phases      ] GC(278)     Dead                           Min: 0, Avg:  0.0, Max: 0, Diff: 0, Sum: 0, Workers: 4
[642.390s][debug][gc,phases      ] GC(278)     Total                          Min: 0, Avg:  0.0, Max: 0, Diff: 0, Sum: 0, Workers: 4
[642.390s][debug][gc,phases      ] GC(278)   StringDedup Table Weak         Min:  0.0, Avg:  0.0, Max:  0.0, Diff:  0.0, Sum:  0.0, Workers: 4
[642.390s][debug][gc,phases      ] GC(278)     Dead                           Min: 0, Avg:  0.0, Max: 0, Diff: 0, Sum: 0, Workers: 4
[642.390s][debug][gc,phases      ] GC(278)     Total                          Min: 0, Avg:  0.0, Max: 0, Diff: 0, Sum: 0, Workers: 4
[642.390s][debug][gc,phases      ] GC(278)   StringDedup Requests0 Weak     Min:  0.0, Avg:  0.0, Max:  0.0, Diff:  0.0, Sum:  0.0, Workers: 4
[642.390s][debug][gc,phases      ] GC(278)     Dead                           Min: 0, Avg:  0.0, Max: 0, Diff: 0, Sum: 0, Workers: 4
[642.390s][debug][gc,phases      ] GC(278)     Total                          Min: 0, Avg:  0.0, Max: 0, Diff: 0, Sum: 0, Workers: 4
[642.390s][debug][gc,phases      ] GC(278)   StringDedup Requests1 Weak     Min:  0.0, Avg:  0.0, Max:  0.0, Diff:  0.0, Sum:  0.0, Workers: 4
[642.390s][debug][gc,phases      ] GC(278)     Dead                           Min: 0, Avg:  0.0, Max: 0, Diff: 0, Sum: 0, Workers: 4
[642.390s][debug][gc,phases      ] GC(278)     Total                          Min: 0, Avg:  0.0, Max: 0, Diff: 0, Sum: 0, Workers: 4
[642.390s][debug][gc,phases      ] GC(278)   Weak JFR Old Object Samples    Min:  0.0, Avg:  0.0, Max:  0.0, Diff:  0.0, Sum:  0.0, Workers: 4
[642.390s][debug][gc,phases      ] GC(278)     Dead                           Min: 0, Avg:  0.0, Max: 0, Diff: 0, Sum: 0, Workers: 4
[642.390s][debug][gc,phases      ] GC(278)     Total                          Min: 0, Avg:  0.0, Max: 0, Diff: 0, Sum: 0, Workers: 4
[642.390s][debug][gc,phases      ] GC(278) Weak Processing 0.358ms
[642.390s][debug][gc,age         ] GC(278) Desired survivor size 464519168 bytes, new threshold 15 (max threshold 15)
[642.390s][info ][gc,heap        ] GC(278) PSYoungGen: 1298898K(1625600K)->162002K(1607168K) Eden: 1135616K(1135616K)->0K(1135616K) From: 163282K(489984K)->162002K(471552K)
[642.390s][info ][gc,heap        ] GC(278) ParOldGen: 869787K(966656K)->869923K(966656K)
[642.390s][info ][gc,metaspace   ] GC(278) Metaspace: 86980K(87872K)->86980K(87872K) NonClass: 74994K(75456K)->74994K(75456K) Class: 11985K(12416K)->11985K(12416K)
[642.390s][info ][gc             ] GC(278) Pause Young (Allocation Failure) 2117M->1007M(2513M) 30.841ms
[642.390s][info ][gc,cpu         ] GC(278) User=0.12s Sys=0.00s Real=0.03s
[642.390s][info ][safepoint      ] Safepoint "ParallelGCFailedAllocation", Time since last: 3275683407 ns, Reaching safepoint: 50503 ns, At safepoint: 30938678 ns, Total: 30989181 ns
[645.686s][info ][gc,start       ] GC(279) Pause Young (Allocation Failure)
[645.721s][debug][gc,phases      ] GC(279) Scavenge 35.467ms
[645.721s][debug][gc,ref         ] GC(279) Skipped phase 1 of Reference Processing: no references
[645.721s][debug][gc,ref         ] GC(279) ReferenceProcessor::execute queues: 1, RefProcThreadModel::Single, marks_oops_alive: false
[645.721s][debug][gc,ref         ] GC(279) Skipped phase 3 of Reference Processing: no references
[645.721s][debug][gc,ref         ] GC(279) ReferenceProcessor::execute queues: 1, RefProcThreadModel::Single, marks_oops_alive: false
[645.721s][debug][gc,phases      ] GC(279) Reference Processing 0.140ms
[645.722s][debug][gc,phases      ] GC(279)   VM Weak                        Min:  0.0, Avg:  0.0, Max:  0.0, Diff:  0.0, Sum:  0.0, Workers: 4
[645.722s][debug][gc,phases      ] GC(279)     Dead                           Min: 0, Avg:  0.0, Max: 0, Diff: 0, Sum: 0, Workers: 4
[645.722s][debug][gc,phases      ] GC(279)     Total                          Min: 0, Avg: 186.5, Max: 746, Diff: 746, Sum: 746, Workers: 4
[645.722s][debug][gc,phases      ] GC(279)   ObjectSynchronizer Weak        Min:  0.0, Avg:  0.0, Max:  0.0, Diff:  0.0, Sum:  0.0, Workers: 4
[645.722s][debug][gc,phases      ] GC(279)     Dead                           Min: 0, Avg:  0.0, Max: 0, Diff: 0, Sum: 0, Workers: 4
[645.722s][debug][gc,phases      ] GC(279)     Total                          Min: 0, Avg: 139.8, Max: 303, Diff: 303, Sum: 559, Workers: 4
[645.722s][debug][gc,phases      ] GC(279)   JVMTI Tag Weak OopStorage      Min:  0.0, Avg:  0.0, Max:  0.0, Diff:  0.0, Sum:  0.0, Workers: 4
[645.722s][debug][gc,phases      ] GC(279)     Dead                           Min: 0, Avg:  0.0, Max: 0, Diff: 0, Sum: 0, Workers: 4
[645.722s][debug][gc,phases      ] GC(279)     Total                          Min: 0, Avg:  0.0, Max: 0, Diff: 0, Sum: 0, Workers: 4
[645.722s][debug][gc,phases      ] GC(279)   StringTable Weak               Min:  0.1, Avg:  0.1, Max:  0.1, Diff:  0.0, Sum:  0.5, Workers: 4
[645.722s][debug][gc,phases      ] GC(279)     Dead                           Min: 0, Avg:  0.0, Max: 0, Diff: 0, Sum: 0, Workers: 4
[645.722s][debug][gc,phases      ] GC(279)     Total                          Min: 11758, Avg: 12219.5, Max: 12928, Diff: 1170, Sum: 48878, Workers: 4
[645.722s][debug][gc,phases      ] GC(279)   ResolvedMethodTable Weak       Min:  0.0, Avg:  0.0, Max:  0.0, Diff:  0.0, Sum:  0.1, Workers: 4
[645.722s][debug][gc,phases      ] GC(279)     Dead                           Min: 0, Avg:  0.0, Max: 0, Diff: 0, Sum: 0, Workers: 4
[645.722s][debug][gc,phases      ] GC(279)     Total                          Min: 2048, Avg: 2245.5, Max: 2432, Diff: 384, Sum: 8982, Workers: 4
[645.722s][debug][gc,phases      ] GC(279)   JNI Weak                       Min:  0.0, Avg:  0.0, Max:  0.0, Diff:  0.0, Sum:  0.0, Workers: 4
[645.722s][debug][gc,phases      ] GC(279)     Dead                           Min: 0, Avg:  0.0, Max: 0, Diff: 0, Sum: 0, Workers: 4
[645.722s][debug][gc,phases      ] GC(279)     Total                          Min: 0, Avg:  0.0, Max: 0, Diff: 0, Sum: 0, Workers: 4
[645.722s][debug][gc,phases      ] GC(279)   StringDedup Table Weak         Min:  0.0, Avg:  0.0, Max:  0.0, Diff:  0.0, Sum:  0.0, Workers: 4
[645.722s][debug][gc,phases      ] GC(279)     Dead                           Min: 0, Avg:  0.0, Max: 0, Diff: 0, Sum: 0, Workers: 4
[645.722s][debug][gc,phases      ] GC(279)     Total                          Min: 0, Avg:  0.0, Max: 0, Diff: 0, Sum: 0, Workers: 4
[645.722s][debug][gc,phases      ] GC(279)   StringDedup Requests0 Weak     Min:  0.0, Avg:  0.0, Max:  0.0, Diff:  0.0, Sum:  0.0, Workers: 4
[645.722s][debug][gc,phases      ] GC(279)     Dead                           Min: 0, Avg:  0.0, Max: 0, Diff: 0, Sum: 0, Workers: 4
[645.722s][debug][gc,phases      ] GC(279)     Total                          Min: 0, Avg:  0.0, Max: 0, Diff: 0, Sum: 0, Workers: 4
[645.722s][debug][gc,phases      ] GC(279)   StringDedup Requests1 Weak     Min:  0.0, Avg:  0.0, Max:  0.0, Diff:  0.0, Sum:  0.0, Workers: 4
[645.722s][debug][gc,phases      ] GC(279)     Dead                           Min: 0, Avg:  0.0, Max: 0, Diff: 0, Sum: 0, Workers: 4
[645.722s][debug][gc,phases      ] GC(279)     Total                          Min: 0, Avg:  0.0, Max: 0, Diff: 0, Sum: 0, Workers: 4
[645.722s][debug][gc,phases      ] GC(279)   Weak JFR Old Object Samples    Min:  0.0, Avg:  0.0, Max:  0.0, Diff:  0.0, Sum:  0.0, Workers: 4
[645.722s][debug][gc,phases      ] GC(279)     Dead                           Min: 0, Avg:  0.0, Max: 0, Diff: 0, Sum: 0, Workers: 4
[645.722s][debug][gc,phases      ] GC(279)     Total                          Min: 0, Avg:  0.0, Max: 0, Diff: 0, Sum: 0, Workers: 4
[645.722s][debug][gc,phases      ] GC(279) Weak Processing 0.356ms
[645.722s][debug][gc,age         ] GC(279) Desired survivor size 446693376 bytes, new threshold 15 (max threshold 15)
[645.722s][info ][gc,heap        ] GC(279) PSYoungGen: 1297618K(1607168K)->162122K(1660928K) Eden: 1135616K(1135616K)->0K(1207296K) From: 162002K(471552K)->162122K(453632K)
[645.722s][info ][gc,heap        ] GC(279) ParOldGen: 869923K(966656K)->870171K(966656K)
[645.722s][info ][gc,metaspace   ] GC(279) Metaspace: 86980K(87872K)->86980K(87872K) NonClass: 74995K(75456K)->74995K(75456K) Class: 11985K(12416K)->11985K(12416K)
[645.722s][info ][gc             ] GC(279) Pause Young (Allocation Failure) 2116M->1008M(2566M) 36.150ms
[645.722s][info ][gc,cpu         ] GC(279) User=0.15s Sys=0.00s Real=0.03s
[645.722s][info ][safepoint      ] Safepoint "ParallelGCFailedAllocation", Time since last: 3295514745 ns, Reaching safepoint: 129608 ns, At safepoint: 36254484 ns, Total: 36384092 ns
[647.722s][info ][safepoint      ] Safepoint "Cleanup", Time since last: 2000150479 ns, Reaching safepoint: 57103 ns, At safepoint: 6400 ns, Total: 63503 ns
[648.722s][info ][safepoint      ] Safepoint "Cleanup", Time since last: 1000099791 ns, Reaching safepoint: 55603 ns, At safepoint: 9101 ns, Total: 64704 ns
[649.141s][info ][gc,start       ] GC(280) Pause Young (Allocation Failure)
[649.173s][debug][gc,phases      ] GC(280) Scavenge 32.638ms
[649.173s][debug][gc,ref         ] GC(280) Skipped phase 1 of Reference Processing: no references
[649.173s][debug][gc,ref         ] GC(280) ReferenceProcessor::execute queues: 1, RefProcThreadModel::Single, marks_oops_alive: false
[649.173s][debug][gc,ref         ] GC(280) Skipped phase 3 of Reference Processing: no references
[649.173s][debug][gc,ref         ] GC(280) ReferenceProcessor::execute queues: 1, RefProcThreadModel::Single, marks_oops_alive: false
[649.173s][debug][gc,phases      ] GC(280) Reference Processing 0.147ms
[649.174s][debug][gc,phases      ] GC(280)   VM Weak                        Min:  0.0, Avg:  0.0, Max:  0.0, Diff:  0.0, Sum:  0.0, Workers: 4
[649.174s][debug][gc,phases      ] GC(280)     Dead                           Min: 0, Avg:  0.0, Max: 0, Diff: 0, Sum: 0, Workers: 4
[649.174s][debug][gc,phases      ] GC(280)     Total                          Min: 0, Avg: 186.5, Max: 490, Diff: 490, Sum: 746, Workers: 4
[649.174s][debug][gc,phases      ] GC(280)   ObjectSynchronizer Weak        Min:  0.0, Avg:  0.0, Max:  0.0, Diff:  0.0, Sum:  0.0, Workers: 4
[649.174s][debug][gc,phases      ] GC(280)     Dead                           Min: 0, Avg:  0.0, Max: 0, Diff: 0, Sum: 0, Workers: 4
[649.174s][debug][gc,phases      ] GC(280)     Total                          Min: 0, Avg: 139.8, Max: 320, Diff: 320, Sum: 559, Workers: 4
[649.174s][debug][gc,phases      ] GC(280)   JVMTI Tag Weak OopStorage      Min:  0.0, Avg:  0.0, Max:  0.0, Diff:  0.0, Sum:  0.0, Workers: 4
[649.174s][debug][gc,phases      ] GC(280)     Dead                           Min: 0, Avg:  0.0, Max: 0, Diff: 0, Sum: 0, Workers: 4
[649.174s][debug][gc,phases      ] GC(280)     Total                          Min: 0, Avg:  0.0, Max: 0, Diff: 0, Sum: 0, Workers: 4
[649.174s][debug][gc,phases      ] GC(280)   StringTable Weak               Min:  0.1, Avg:  0.1, Max:  0.1, Diff:  0.0, Sum:  0.5, Workers: 4
[649.174s][debug][gc,phases      ] GC(280)     Dead                           Min: 0, Avg:  0.0, Max: 0, Diff: 0, Sum: 0, Workers: 4
[649.174s][debug][gc,phases      ] GC(280)     Total                          Min: 11200, Avg: 12219.5, Max: 13166, Diff: 1966, Sum: 48878, Workers: 4
[649.174s][debug][gc,phases      ] GC(280)   ResolvedMethodTable Weak       Min:  0.0, Avg:  0.0, Max:  0.0, Diff:  0.0, Sum:  0.1, Workers: 4
[649.174s][debug][gc,phases      ] GC(280)     Dead                           Min: 0, Avg:  0.0, Max: 0, Diff: 0, Sum: 0, Workers: 4
[649.174s][debug][gc,phases      ] GC(280)     Total                          Min: 1984, Avg: 2245.5, Max: 2390, Diff: 406, Sum: 8982, Workers: 4
[649.174s][debug][gc,phases      ] GC(280)   JNI Weak                       Min:  0.0, Avg:  0.0, Max:  0.0, Diff:  0.0, Sum:  0.0, Workers: 4
[649.174s][debug][gc,phases      ] GC(280)     Dead                           Min: 0, Avg:  0.0, Max: 0, Diff: 0, Sum: 0, Workers: 4
[649.174s][debug][gc,phases      ] GC(280)     Total                          Min: 0, Avg:  0.0, Max: 0, Diff: 0, Sum: 0, Workers: 4
[649.174s][debug][gc,phases      ] GC(280)   StringDedup Table Weak         Min:  0.0, Avg:  0.0, Max:  0.0, Diff:  0.0, Sum:  0.0, Workers: 4
[649.174s][debug][gc,phases      ] GC(280)     Dead                           Min: 0, Avg:  0.0, Max: 0, Diff: 0, Sum: 0, Workers: 4
[649.174s][debug][gc,phases      ] GC(280)     Total                          Min: 0, Avg:  0.0, Max: 0, Diff: 0, Sum: 0, Workers: 4
[649.174s][debug][gc,phases      ] GC(280)   StringDedup Requests0 Weak     Min:  0.0, Avg:  0.0, Max:  0.0, Diff:  0.0, Sum:  0.0, Workers: 4
[649.174s][debug][gc,phases      ] GC(280)     Dead                           Min: 0, Avg:  0.0, Max: 0, Diff: 0, Sum: 0, Workers: 4
[649.174s][debug][gc,phases      ] GC(280)     Total                          Min: 0, Avg:  0.0, Max: 0, Diff: 0, Sum: 0, Workers: 4
[649.174s][debug][gc,phases      ] GC(280)   StringDedup Requests1 Weak     Min:  0.0, Avg:  0.0, Max:  0.0, Diff:  0.0, Sum:  0.0, Workers: 4
[649.174s][debug][gc,phases      ] GC(280)     Dead                           Min: 0, Avg:  0.0, Max: 0, Diff: 0, Sum: 0, Workers: 4
[649.174s][debug][gc,phases      ] GC(280)     Total                          Min: 0, Avg:  0.0, Max: 0, Diff: 0, Sum: 0, Workers: 4
[649.174s][debug][gc,phases      ] GC(280)   Weak JFR Old Object Samples    Min:  0.0, Avg:  0.0, Max:  0.0, Diff:  0.0, Sum:  0.0, Workers: 4
[649.174s][debug][gc,phases      ] GC(280)     Dead                           Min: 0, Avg:  0.0, Max: 0, Diff: 0, Sum: 0, Workers: 4
[649.174s][debug][gc,phases      ] GC(280)     Total                          Min: 0, Avg:  0.0, Max: 0, Diff: 0, Sum: 0, Workers: 4
[649.174s][debug][gc,phases      ] GC(280) Weak Processing 0.350ms
[649.174s][debug][gc,age         ] GC(280) Desired survivor size 429916160 bytes, new threshold 15 (max threshold 15)
[649.174s][info ][gc,heap        ] GC(280) PSYoungGen: 1369418K(1660928K)->160970K(1643520K) Eden: 1207296K(1207296K)->0K(1207296K) From: 162122K(453632K)->160970K(436224K)
[649.174s][info ][gc,heap        ] GC(280) ParOldGen: 870171K(966656K)->872003K(966656K)
[649.174s][info ][gc,metaspace   ] GC(280) Metaspace: 86989K(87872K)->86989K(87872K) NonClass: 75004K(75456K)->75004K(75456K) Class: 11985K(12416K)->11985K(12416K)
[649.174s][info ][gc             ] GC(280) Pause Young (Allocation Failure) 2187M->1008M(2549M) 33.268ms
[649.174s][info ][gc,cpu         ] GC(280) User=0.13s Sys=0.00s Real=0.03s
[649.174s][info ][safepoint      ] Safepoint "ParallelGCFailedAllocation", Time since last: 418157937 ns, Reaching safepoint: 95206 ns, At safepoint: 33354817 ns, Total: 33450023 ns
[651.174s][info ][safepoint      ] Safepoint "Cleanup", Time since last: 2000149178 ns, Reaching safepoint: 50903 ns, At safepoint: 8700 ns, Total: 59603 ns
[652.174s][info ][safepoint      ] Safepoint "Cleanup", Time since last: 1000108591 ns, Reaching safepoint: 46003 ns, At safepoint: 8600 ns, Total: 54603 ns
[652.441s][info ][gc,start       ] GC(281) Pause Young (Allocation Failure)
[652.475s][debug][gc,phases      ] GC(281) Scavenge 34.224ms
[652.475s][debug][gc,ref         ] GC(281) Skipped phase 1 of Reference Processing: no references
[652.475s][debug][gc,ref         ] GC(281) ReferenceProcessor::execute queues: 1, RefProcThreadModel::Single, marks_oops_alive: false
[652.475s][debug][gc,ref         ] GC(281) Skipped phase 3 of Reference Processing: no references
[652.475s][debug][gc,ref         ] GC(281) ReferenceProcessor::execute queues: 1, RefProcThreadModel::Single, marks_oops_alive: false
[652.475s][debug][gc,phases      ] GC(281) Reference Processing 0.127ms
[652.475s][debug][gc,phases      ] GC(281)   VM Weak                        Min:  0.0, Avg:  0.0, Max:  0.0, Diff:  0.0, Sum:  0.0, Workers: 4
[652.475s][debug][gc,phases      ] GC(281)     Dead                           Min: 0, Avg:  0.0, Max: 0, Diff: 0, Sum: 0, Workers: 4
[652.475s][debug][gc,phases      ] GC(281)     Total                          Min: 0, Avg: 186.5, Max: 512, Diff: 512, Sum: 746, Workers: 4
[652.475s][debug][gc,phases      ] GC(281)   ObjectSynchronizer Weak        Min:  0.0, Avg:  0.0, Max:  0.0, Diff:  0.0, Sum:  0.0, Workers: 4
[652.475s][debug][gc,phases      ] GC(281)     Dead                           Min: 0, Avg:  0.0, Max: 0, Diff: 0, Sum: 0, Workers: 4
[652.475s][debug][gc,phases      ] GC(281)     Total                          Min: 0, Avg: 139.8, Max: 192, Diff: 192, Sum: 559, Workers: 4
[652.475s][debug][gc,phases      ] GC(281)   JVMTI Tag Weak OopStorage      Min:  0.0, Avg:  0.0, Max:  0.0, Diff:  0.0, Sum:  0.0, Workers: 4
[652.475s][debug][gc,phases      ] GC(281)     Dead                           Min: 0, Avg:  0.0, Max: 0, Diff: 0, Sum: 0, Workers: 4
[652.475s][debug][gc,phases      ] GC(281)     Total                          Min: 0, Avg:  0.0, Max: 0, Diff: 0, Sum: 0, Workers: 4
[652.475s][debug][gc,phases      ] GC(281)   StringTable Weak               Min:  0.1, Avg:  0.1, Max:  0.1, Diff:  0.0, Sum:  0.6, Workers: 4
[652.475s][debug][gc,phases      ] GC(281)     Dead                           Min: 0, Avg:  0.0, Max: 0, Diff: 0, Sum: 0, Workers: 4
[652.475s][debug][gc,phases      ] GC(281)     Total                          Min: 11008, Avg: 12219.5, Max: 13440, Diff: 2432, Sum: 48878, Workers: 4
[652.475s][debug][gc,phases      ] GC(281)   ResolvedMethodTable Weak       Min:  0.0, Avg:  0.0, Max:  0.0, Diff:  0.0, Sum:  0.1, Workers: 4
[652.475s][debug][gc,phases      ] GC(281)     Dead                           Min: 0, Avg:  0.0, Max: 0, Diff: 0, Sum: 0, Workers: 4
[652.475s][debug][gc,phases      ] GC(281)     Total                          Min: 2070, Avg: 2245.5, Max: 2368, Diff: 298, Sum: 8982, Workers: 4
[652.475s][debug][gc,phases      ] GC(281)   JNI Weak                       Min:  0.0, Avg:  0.0, Max:  0.0, Diff:  0.0, Sum:  0.0, Workers: 4
[652.475s][debug][gc,phases      ] GC(281)     Dead                           Min: 0, Avg:  0.0, Max: 0, Diff: 0, Sum: 0, Workers: 4
[652.475s][debug][gc,phases      ] GC(281)     Total                          Min: 0, Avg:  0.0, Max: 0, Diff: 0, Sum: 0, Workers: 4
[652.475s][debug][gc,phases      ] GC(281)   StringDedup Table Weak         Min:  0.0, Avg:  0.0, Max:  0.0, Diff:  0.0, Sum:  0.0, Workers: 4
[652.475s][debug][gc,phases      ] GC(281)     Dead                           Min: 0, Avg:  0.0, Max: 0, Diff: 0, Sum: 0, Workers: 4
[652.475s][debug][gc,phases      ] GC(281)     Total                          Min: 0, Avg:  0.0, Max: 0, Diff: 0, Sum: 0, Workers: 4
[652.475s][debug][gc,phases      ] GC(281)   StringDedup Requests0 Weak     Min:  0.0, Avg:  0.0, Max:  0.0, Diff:  0.0, Sum:  0.0, Workers: 4
[652.475s][debug][gc,phases      ] GC(281)     Dead                           Min: 0, Avg:  0.0, Max: 0, Diff: 0, Sum: 0, Workers: 4
[652.475s][debug][gc,phases      ] GC(281)     Total                          Min: 0, Avg:  0.0, Max: 0, Diff: 0, Sum: 0, Workers: 4
[652.475s][debug][gc,phases      ] GC(281)   StringDedup Requests1 Weak     Min:  0.0, Avg:  0.0, Max:  0.0, Diff:  0.0, Sum:  0.0, Workers: 4
[652.475s][debug][gc,phases      ] GC(281)     Dead                           Min: 0, Avg:  0.0, Max: 0, Diff: 0, Sum: 0, Workers: 4
[652.475s][debug][gc,phases      ] GC(281)     Total                          Min: 0, Avg:  0.0, Max: 0, Diff: 0, Sum: 0, Workers: 4
[652.475s][debug][gc,phases      ] GC(281)   Weak JFR Old Object Samples    Min:  0.0, Avg:  0.0, Max:  0.0, Diff:  0.0, Sum:  0.0, Workers: 4
[652.475s][debug][gc,phases      ] GC(281)     Dead                           Min: 0, Avg:  0.0, Max: 0, Diff: 0, Sum: 0, Workers: 4
[652.475s][debug][gc,phases      ] GC(281)     Total                          Min: 0, Avg:  0.0, Max: 0, Diff: 0, Sum: 0, Workers: 4
[652.475s][debug][gc,phases      ] GC(281) Weak Processing 0.373ms
[652.475s][debug][gc,age         ] GC(281) Desired survivor size 413663232 bytes, new threshold 15 (max threshold 15)
[652.475s][info ][gc,heap        ] GC(281) PSYoungGen: 1368266K(1643520K)->160562K(1693184K) Eden: 1207296K(1207296K)->0K(1273344K) From: 160970K(436224K)->160562K(419840K)
[652.475s][info ][gc,heap        ] GC(281) ParOldGen: 872003K(966656K)->872827K(966656K)
[652.475s][info ][gc,metaspace   ] GC(281) Metaspace: 86991K(87872K)->86991K(87872K) NonClass: 75006K(75456K)->75006K(75456K) Class: 11985K(12416K)->11985K(12416K)
[652.475s][info ][gc             ] GC(281) Pause Young (Allocation Failure) 2187M->1009M(2597M) 34.865ms
[652.475s][info ][gc,cpu         ] GC(281) User=0.14s Sys=0.00s Real=0.04s
[652.476s][info ][safepoint      ] Safepoint "ParallelGCFailedAllocation", Time since last: 266227704 ns, Reaching safepoint: 99306 ns, At safepoint: 34957409 ns, Total: 35056715 ns
[653.476s][info ][safepoint      ] Safepoint "Cleanup", Time since last: 1000083889 ns, Reaching safepoint: 49903 ns, At safepoint: 4900 ns, Total: 54803 ns
[654.476s][info ][safepoint      ] Safepoint "Cleanup", Time since last: 1000112390 ns, Reaching safepoint: 50003 ns, At safepoint: 8201 ns, Total: 58204 ns
[655.476s][info ][safepoint      ] Safepoint "Cleanup", Time since last: 1000101989 ns, Reaching safepoint: 53403 ns, At safepoint: 6901 ns, Total: 60304 ns
[656.137s][info ][gc,start       ] GC(282) Pause Young (Allocation Failure)
[656.167s][debug][gc,phases      ] GC(282) Scavenge 30.287ms
[656.167s][debug][gc,ref         ] GC(282) Skipped phase 1 of Reference Processing: no references
[656.167s][debug][gc,ref         ] GC(282) ReferenceProcessor::execute queues: 1, RefProcThreadModel::Single, marks_oops_alive: false
[656.167s][debug][gc,ref         ] GC(282) Skipped phase 3 of Reference Processing: no references
[656.167s][debug][gc,ref         ] GC(282) ReferenceProcessor::execute queues: 1, RefProcThreadModel::Single, marks_oops_alive: false
[656.167s][debug][gc,phases      ] GC(282) Reference Processing 0.131ms
[656.167s][debug][gc,phases      ] GC(282)   VM Weak                        Min:  0.0, Avg:  0.0, Max:  0.0, Diff:  0.0, Sum:  0.0, Workers: 4
[656.167s][debug][gc,phases      ] GC(282)     Dead                           Min: 0, Avg:  0.0, Max: 0, Diff: 0, Sum: 0, Workers: 4
[656.167s][debug][gc,phases      ] GC(282)     Total                          Min: 0, Avg: 186.8, Max: 683, Diff: 683, Sum: 747, Workers: 4
[656.167s][debug][gc,phases      ] GC(282)   ObjectSynchronizer Weak        Min:  0.0, Avg:  0.0, Max:  0.0, Diff:  0.0, Sum:  0.0, Workers: 4
[656.167s][debug][gc,phases      ] GC(282)     Dead                           Min: 0, Avg:  0.0, Max: 0, Diff: 0, Sum: 0, Workers: 4
[656.167s][debug][gc,phases      ] GC(282)     Total                          Min: 0, Avg: 139.8, Max: 367, Diff: 367, Sum: 559, Workers: 4
[656.167s][debug][gc,phases      ] GC(282)   JVMTI Tag Weak OopStorage      Min:  0.0, Avg:  0.0, Max:  0.0, Diff:  0.0, Sum:  0.0, Workers: 4
[656.167s][debug][gc,phases      ] GC(282)     Dead                           Min: 0, Avg:  0.0, Max: 0, Diff: 0, Sum: 0, Workers: 4
[656.167s][debug][gc,phases      ] GC(282)     Total                          Min: 0, Avg:  0.0, Max: 0, Diff: 0, Sum: 0, Workers: 4
[656.167s][debug][gc,phases      ] GC(282)   StringTable Weak               Min:  0.1, Avg:  0.1, Max:  0.1, Diff:  0.0, Sum:  0.5, Workers: 4
[656.167s][debug][gc,phases      ] GC(282)     Dead                           Min: 0, Avg:  0.2, Max: 1, Diff: 1, Sum: 1, Workers: 4
[656.167s][debug][gc,phases      ] GC(282)     Total                          Min: 10880, Avg: 12223.8, Max: 13055, Diff: 2175, Sum: 48895, Workers: 4
[656.167s][debug][gc,phases      ] GC(282)   ResolvedMethodTable Weak       Min:  0.0, Avg:  0.0, Max:  0.0, Diff:  0.0, Sum:  0.1, Workers: 4
[656.167s][debug][gc,phases      ] GC(282)     Dead                           Min: 0, Avg:  1.2, Max: 5, Diff: 5, Sum: 5, Workers: 4
[656.167s][debug][gc,phases      ] GC(282)     Total                          Min: 1960, Avg: 2249.8, Max: 2496, Diff: 536, Sum: 8999, Workers: 4
[656.167s][debug][gc,phases      ] GC(282)   JNI Weak                       Min:  0.0, Avg:  0.0, Max:  0.0, Diff:  0.0, Sum:  0.0, Workers: 4
[656.167s][debug][gc,phases      ] GC(282)     Dead                           Min: 0, Avg:  0.0, Max: 0, Diff: 0, Sum: 0, Workers: 4
[656.167s][debug][gc,phases      ] GC(282)     Total                          Min: 0, Avg:  0.0, Max: 0, Diff: 0, Sum: 0, Workers: 4
[656.167s][debug][gc,phases      ] GC(282)   StringDedup Table Weak         Min:  0.0, Avg:  0.0, Max:  0.0, Diff:  0.0, Sum:  0.0, Workers: 4
[656.167s][debug][gc,phases      ] GC(282)     Dead                           Min: 0, Avg:  0.0, Max: 0, Diff: 0, Sum: 0, Workers: 4
[656.167s][debug][gc,phases      ] GC(282)     Total                          Min: 0, Avg:  0.0, Max: 0, Diff: 0, Sum: 0, Workers: 4
[656.167s][debug][gc,phases      ] GC(282)   StringDedup Requests0 Weak     Min:  0.0, Avg:  0.0, Max:  0.0, Diff:  0.0, Sum:  0.0, Workers: 4
[656.167s][debug][gc,phases      ] GC(282)     Dead                           Min: 0, Avg:  0.0, Max: 0, Diff: 0, Sum: 0, Workers: 4
[656.167s][debug][gc,phases      ] GC(282)     Total                          Min: 0, Avg:  0.0, Max: 0, Diff: 0, Sum: 0, Workers: 4
[656.167s][debug][gc,phases      ] GC(282)   StringDedup Requests1 Weak     Min:  0.0, Avg:  0.0, Max:  0.0, Diff:  0.0, Sum:  0.0, Workers: 4
[656.167s][debug][gc,phases      ] GC(282)     Dead                           Min: 0, Avg:  0.0, Max: 0, Diff: 0, Sum: 0, Workers: 4
[656.167s][debug][gc,phases      ] GC(282)     Total                          Min: 0, Avg:  0.0, Max: 0, Diff: 0, Sum: 0, Workers: 4
[656.167s][debug][gc,phases      ] GC(282)   Weak JFR Old Object Samples    Min:  0.0, Avg:  0.0, Max:  0.0, Diff:  0.0, Sum:  0.0, Workers: 4
[656.167s][debug][gc,phases      ] GC(282)     Dead                           Min: 0, Avg:  0.0, Max: 0, Diff: 0, Sum: 0, Workers: 4
[656.167s][debug][gc,phases      ] GC(282)     Total                          Min: 0, Avg:  0.0, Max: 0, Diff: 0, Sum: 0, Workers: 4
[656.167s][debug][gc,phases      ] GC(282) Weak Processing 0.369ms
[656.167s][debug][gc,age         ] GC(282) Desired survivor size 398458880 bytes, new threshold 15 (max threshold 15)
[656.167s][info ][gc,heap        ] GC(282) PSYoungGen: 1433906K(1693184K)->157283K(1677312K) Eden: 1273344K(1273344K)->0K(1273344K) From: 160562K(419840K)->157283K(403968K)
[656.167s][info ][gc,heap        ] GC(282) ParOldGen: 872827K(966656K)->876195K(966656K)
[656.167s][info ][gc,metaspace   ] GC(282) Metaspace: 87135K(88000K)->87135K(88000K) NonClass: 75138K(75584K)->75138K(75584K) Class: 11996K(12416K)->11996K(12416K)
[656.167s][info ][gc             ] GC(282) Pause Young (Allocation Failure) 2252M->1009M(2582M) 30.952ms
[656.167s][info ][gc,cpu         ] GC(282) User=0.12s Sys=0.00s Real=0.03s
[656.168s][info ][safepoint      ] Safepoint "ParallelGCFailedAllocation", Time since last: 660375160 ns, Reaching safepoint: 119807 ns, At safepoint: 31047885 ns, Total: 31167692 ns
[657.168s][info ][safepoint      ] Safepoint "Cleanup", Time since last: 1000082888 ns, Reaching safepoint: 47203 ns, At safepoint: 4200 ns, Total: 51403 ns
[658.168s][info ][safepoint      ] Safepoint "Cleanup", Time since last: 1000098889 ns, Reaching safepoint: 49503 ns, At safepoint: 3300 ns, Total: 52803 ns
[659.168s][info ][safepoint      ] Safepoint "Cleanup", Time since last: 1000095388 ns, Reaching safepoint: 57404 ns, At safepoint: 8000 ns, Total: 65404 ns
[659.804s][info ][safepoint      ] Safepoint "ParallelGCFailedAllocation", Time since last: 635667740 ns, Reaching safepoint: 79205 ns, At safepoint: 18901 ns, Total: 98106 ns
[659.804s][info ][gc,start       ] GC(283) Pause Young (GCLocker Initiated GC)
[659.845s][debug][gc,phases      ] GC(283) Scavenge 41.363ms
[659.845s][debug][gc,ref         ] GC(283) Skipped phase 1 of Reference Processing: no references
[659.845s][debug][gc,ref         ] GC(283) ReferenceProcessor::execute queues: 1, RefProcThreadModel::Single, marks_oops_alive: false
[659.845s][debug][gc,ref         ] GC(283) Skipped phase 3 of Reference Processing: no references
[659.845s][debug][gc,ref         ] GC(283) ReferenceProcessor::execute queues: 1, RefProcThreadModel::Single, marks_oops_alive: false
[659.845s][debug][gc,phases      ] GC(283) Reference Processing 0.128ms
[659.846s][debug][gc,phases      ] GC(283)   VM Weak                        Min:  0.0, Avg:  0.0, Max:  0.0, Diff:  0.0, Sum:  0.0, Workers: 4
[659.846s][debug][gc,phases      ] GC(283)     Dead                           Min: 0, Avg:  0.0, Max: 0, Diff: 0, Sum: 0, Workers: 4
[659.846s][debug][gc,phases      ] GC(283)     Total                          Min: 0, Avg: 186.8, Max: 512, Diff: 512, Sum: 747, Workers: 4
[659.846s][debug][gc,phases      ] GC(283)   ObjectSynchronizer Weak        Min:  0.0, Avg:  0.0, Max:  0.0, Diff:  0.0, Sum:  0.0, Workers: 4
[659.846s][debug][gc,phases      ] GC(283)     Dead                           Min: 0, Avg:  0.0, Max: 0, Diff: 0, Sum: 0, Workers: 4
[659.846s][debug][gc,phases      ] GC(283)     Total                          Min: 0, Avg: 139.8, Max: 367, Diff: 367, Sum: 559, Workers: 4
[659.846s][debug][gc,phases      ] GC(283)   JVMTI Tag Weak OopStorage      Min:  0.0, Avg:  0.0, Max:  0.0, Diff:  0.0, Sum:  0.0, Workers: 4
[659.846s][debug][gc,phases      ] GC(283)     Dead                           Min: 0, Avg:  0.0, Max: 0, Diff: 0, Sum: 0, Workers: 4
[659.846s][debug][gc,phases      ] GC(283)     Total                          Min: 0, Avg:  0.0, Max: 0, Diff: 0, Sum: 0, Workers: 4
[659.846s][debug][gc,phases      ] GC(283)   StringTable Weak               Min:  0.1, Avg:  0.1, Max:  0.1, Diff:  0.0, Sum:  0.5, Workers: 4
[659.846s][debug][gc,phases      ] GC(283)     Dead                           Min: 0, Avg:  0.0, Max: 0, Diff: 0, Sum: 0, Workers: 4
[659.846s][debug][gc,phases      ] GC(283)     Total                          Min: 11200, Avg: 12224.0, Max: 13376, Diff: 2176, Sum: 48896, Workers: 4
[659.846s][debug][gc,phases      ] GC(283)   ResolvedMethodTable Weak       Min:  0.0, Avg:  0.0, Max:  0.0, Diff:  0.0, Sum:  0.1, Workers: 4
[659.846s][debug][gc,phases      ] GC(283)     Dead                           Min: 0, Avg:  0.0, Max: 0, Diff: 0, Sum: 0, Workers: 4
[659.846s][debug][gc,phases      ] GC(283)     Total                          Min: 2048, Avg: 2250.2, Max: 2432, Diff: 384, Sum: 9001, Workers: 4
[659.846s][debug][gc,phases      ] GC(283)   JNI Weak                       Min:  0.0, Avg:  0.0, Max:  0.0, Diff:  0.0, Sum:  0.0, Workers: 4
[659.846s][debug][gc,phases      ] GC(283)     Dead                           Min: 0, Avg:  0.0, Max: 0, Diff: 0, Sum: 0, Workers: 4
[659.846s][debug][gc,phases      ] GC(283)     Total                          Min: 0, Avg:  0.0, Max: 0, Diff: 0, Sum: 0, Workers: 4
[659.846s][debug][gc,phases      ] GC(283)   StringDedup Table Weak         Min:  0.0, Avg:  0.0, Max:  0.0, Diff:  0.0, Sum:  0.0, Workers: 4
[659.846s][debug][gc,phases      ] GC(283)     Dead                           Min: 0, Avg:  0.0, Max: 0, Diff: 0, Sum: 0, Workers: 4
[659.846s][debug][gc,phases      ] GC(283)     Total                          Min: 0, Avg:  0.0, Max: 0, Diff: 0, Sum: 0, Workers: 4
[659.846s][debug][gc,phases      ] GC(283)   StringDedup Requests0 Weak     Min:  0.0, Avg:  0.0, Max:  0.0, Diff:  0.0, Sum:  0.0, Workers: 4
[659.846s][debug][gc,phases      ] GC(283)     Dead                           Min: 0, Avg:  0.0, Max: 0, Diff: 0, Sum: 0, Workers: 4
[659.846s][debug][gc,phases      ] GC(283)     Total                          Min: 0, Avg:  0.0, Max: 0, Diff: 0, Sum: 0, Workers: 4
[659.846s][debug][gc,phases      ] GC(283)   StringDedup Requests1 Weak     Min:  0.0, Avg:  0.0, Max:  0.0, Diff:  0.0, Sum:  0.0, Workers: 4
[659.846s][debug][gc,phases      ] GC(283)     Dead                           Min: 0, Avg:  0.0, Max: 0, Diff: 0, Sum: 0, Workers: 4
[659.846s][debug][gc,phases      ] GC(283)     Total                          Min: 0, Avg:  0.0, Max: 0, Diff: 0, Sum: 0, Workers: 4
[659.846s][debug][gc,phases      ] GC(283)   Weak JFR Old Object Samples    Min:  0.0, Avg:  0.0, Max:  0.0, Diff:  0.0, Sum:  0.0, Workers: 4
[659.846s][debug][gc,phases      ] GC(283)     Dead                           Min: 0, Avg:  0.0, Max: 0, Diff: 0, Sum: 0, Workers: 4
[659.846s][debug][gc,phases      ] GC(283)     Total                          Min: 0, Avg:  0.0, Max: 0, Diff: 0, Sum: 0, Workers: 4
[659.846s][debug][gc,phases      ] GC(283) Weak Processing 0.356ms
[659.846s][debug][gc,age         ] GC(283) Desired survivor size 394788864 bytes, new threshold 15 (max threshold 15)
[659.846s][info ][gc,heap        ] GC(283) PSYoungGen: 1430627K(1677312K)->94167K(1711616K) Eden: 1273344K(1273344K)->0K(1322496K) From: 157283K(403968K)->94167K(389120K)
[659.846s][info ][gc,heap        ] GC(283) ParOldGen: 876195K(966656K)->941566K(966656K)
[659.846s][info ][gc,metaspace   ] GC(283) Metaspace: 87139K(88000K)->87139K(88000K) NonClass: 75141K(75584K)->75141K(75584K) Class: 11998K(12416K)->11998K(12416K)
[659.846s][info ][gc             ] GC(283) Pause Young (GCLocker Initiated GC) 2252M->1011M(2615M) 41.977ms
[659.846s][info ][gc,cpu         ] GC(283) User=0.15s Sys=0.01s Real=0.04s
[659.846s][debug][gc,phases      ] GC(284) Pre Compact 0.010ms
[659.846s][info ][gc,start       ] GC(284) Pause Full (Ergonomics)
[659.846s][info ][gc,phases,start] GC(284) Marking Phase
[660.009s][debug][gc,phases      ] GC(284) Par Mark 162.962ms
[660.009s][debug][gc,ref         ] GC(284) Skipped phase 1 of Reference Processing: no references
[660.009s][debug][gc,ref         ] GC(284) ReferenceProcessor::execute queues: 4, RefProcThreadModel::Multi, marks_oops_alive: false
[660.010s][debug][gc,ref         ] GC(284) Skipped phase 3 of Reference Processing: no references
[660.010s][debug][gc,ref         ] GC(284) ReferenceProcessor::execute queues: 1, RefProcThreadModel::Single, marks_oops_alive: false
[660.010s][debug][gc,phases      ] GC(284) Reference Processing 0.542ms
[660.010s][debug][gc,phases      ] GC(284)   VM Weak                        Min:  0.0, Avg:  0.0, Max:  0.0, Diff:  0.0, Sum:  0.0, Workers: 4
[660.010s][debug][gc,phases      ] GC(284)     Dead                           Min: 0, Avg:  0.0, Max: 0, Diff: 0, Sum: 0, Workers: 4
[660.010s][debug][gc,phases      ] GC(284)     Total                          Min: 0, Avg: 186.8, Max: 491, Diff: 491, Sum: 747, Workers: 4
[660.010s][debug][gc,phases      ] GC(284)   ObjectSynchronizer Weak        Min:  0.0, Avg:  0.0, Max:  0.0, Diff:  0.0, Sum:  0.0, Workers: 4
[660.010s][debug][gc,phases      ] GC(284)     Dead                           Min: 0, Avg:  0.0, Max: 0, Diff: 0, Sum: 0, Workers: 4
[660.010s][debug][gc,phases      ] GC(284)     Total                          Min: 0, Avg: 139.8, Max: 239, Diff: 239, Sum: 559, Workers: 4
[660.010s][debug][gc,phases      ] GC(284)   JVMTI Tag Weak OopStorage      Min:  0.0, Avg:  0.0, Max:  0.0, Diff:  0.0, Sum:  0.0, Workers: 4
[660.010s][debug][gc,phases      ] GC(284)     Dead                           Min: 0, Avg:  0.0, Max: 0, Diff: 0, Sum: 0, Workers: 4
[660.010s][debug][gc,phases      ] GC(284)     Total                          Min: 0, Avg:  0.0, Max: 0, Diff: 0, Sum: 0, Workers: 4
[660.010s][debug][gc,phases      ] GC(284)   StringTable Weak               Min:  0.2, Avg:  0.2, Max:  0.2, Diff:  0.0, Sum:  0.6, Workers: 4
[660.010s][debug][gc,phases      ] GC(284)     Dead                           Min: 0, Avg:  0.0, Max: 0, Diff: 0, Sum: 0, Workers: 4
[660.010s][debug][gc,phases      ] GC(284)     Total                          Min: 11584, Avg: 12224.0, Max: 13312, Diff: 1728, Sum: 48896, Workers: 4
[660.010s][debug][gc,phases      ] GC(284)   ResolvedMethodTable Weak       Min:  0.0, Avg:  0.0, Max:  0.0, Diff:  0.0, Sum:  0.1, Workers: 4
[660.010s][debug][gc,phases      ] GC(284)     Dead                           Min: 0, Avg:  0.0, Max: 0, Diff: 0, Sum: 0, Workers: 4
[660.010s][debug][gc,phases      ] GC(284)     Total                          Min: 2025, Avg: 2250.2, Max: 2432, Diff: 407, Sum: 9001, Workers: 4
[660.010s][debug][gc,phases      ] GC(284)   JNI Weak                       Min:  0.0, Avg:  0.0, Max:  0.0, Diff:  0.0, Sum:  0.0, Workers: 4
[660.010s][debug][gc,phases      ] GC(284)     Dead                           Min: 0, Avg:  0.0, Max: 0, Diff: 0, Sum: 0, Workers: 4
[660.010s][debug][gc,phases      ] GC(284)     Total                          Min: 0, Avg:  0.0, Max: 0, Diff: 0, Sum: 0, Workers: 4
[660.010s][debug][gc,phases      ] GC(284)   StringDedup Table Weak         Min:  0.0, Avg:  0.0, Max:  0.0, Diff:  0.0, Sum:  0.0, Workers: 4
[660.010s][debug][gc,phases      ] GC(284)     Dead                           Min: 0, Avg:  0.0, Max: 0, Diff: 0, Sum: 0, Workers: 4
[660.010s][debug][gc,phases      ] GC(284)     Total                          Min: 0, Avg:  0.0, Max: 0, Diff: 0, Sum: 0, Workers: 4
[660.010s][debug][gc,phases      ] GC(284)   StringDedup Requests0 Weak     Min:  0.0, Avg:  0.0, Max:  0.0, Diff:  0.0, Sum:  0.0, Workers: 4
[660.010s][debug][gc,phases      ] GC(284)     Dead                           Min: 0, Avg:  0.0, Max: 0, Diff: 0, Sum: 0, Workers: 4
[660.010s][debug][gc,phases      ] GC(284)     Total                          Min: 0, Avg:  0.0, Max: 0, Diff: 0, Sum: 0, Workers: 4
[660.010s][debug][gc,phases      ] GC(284)   StringDedup Requests1 Weak     Min:  0.0, Avg:  0.0, Max:  0.0, Diff:  0.0, Sum:  0.0, Workers: 4
[660.010s][debug][gc,phases      ] GC(284)     Dead                           Min: 0, Avg:  0.0, Max: 0, Diff: 0, Sum: 0, Workers: 4
[660.010s][debug][gc,phases      ] GC(284)     Total                          Min: 0, Avg:  0.0, Max: 0, Diff: 0, Sum: 0, Workers: 4
[660.010s][debug][gc,phases      ] GC(284)   Weak JFR Old Object Samples    Min:  0.0, Avg:  0.0, Max:  0.0, Diff:  0.0, Sum:  0.0, Workers: 4
[660.010s][debug][gc,phases      ] GC(284)     Dead                           Min: 0, Avg:  0.0, Max: 0, Diff: 0, Sum: 0, Workers: 4
[660.010s][debug][gc,phases      ] GC(284)     Total                          Min: 0, Avg:  0.0, Max: 0, Diff: 0, Sum: 0, Workers: 4
[660.010s][debug][gc,phases      ] GC(284) Weak Processing 0.378ms
[660.010s][debug][gc,phases      ] GC(284) ClassLoaderData 0.102ms
[660.010s][debug][gc,phases      ] GC(284) Trigger cleanups 0.000ms
[660.036s][debug][gc,phases      ] GC(284) Class Unloading 25.516ms
[660.036s][info ][gc,phases      ] GC(284) Marking Phase 189.601ms
[660.036s][info ][gc,phases,start] GC(284) Summary Phase
[660.036s][info ][gc,phases      ] GC(284) Summary Phase 0.023ms
[660.036s][info ][gc,phases,start] GC(284) Adjust Roots
[660.053s][info ][gc,phases      ] GC(284) Adjust Roots 17.230ms
[660.053s][info ][gc,phases,start] GC(284) Compaction Phase
[660.176s][info ][gc,phases      ] GC(284) Compaction Phase 123.292ms
[660.176s][info ][gc,phases,start] GC(284) Post Compact
[660.179s][info ][gc,phases      ] GC(284) Post Compact 2.913ms
[660.179s][info ][gc,heap        ] GC(284) PSYoungGen: 94167K(1711616K)->0K(1708032K) Eden: 0K(1322496K)->0K(1322496K) From: 94167K(389120K)->0K(385536K)
[660.179s][info ][gc,heap        ] GC(284) ParOldGen: 941566K(966656K)->662514K(973824K)
[660.179s][info ][gc,metaspace   ] GC(284) Metaspace: 87139K(88000K)->87139K(88000K) NonClass: 75141K(75584K)->75141K(75584K) Class: 11998K(12416K)->11998K(12416K)
[660.179s][info ][gc             ] GC(284) Pause Full (Ergonomics) 1011M->646M(2619M) 333.316ms
[660.179s][info ][gc,cpu         ] GC(284) User=1.20s Sys=0.00s Real=0.33s
[660.179s][info ][safepoint      ] Safepoint "ParallelGCSystemGC", Time since last: 63903 ns, Reaching safepoint: 85305 ns, At safepoint: 375456283 ns, Total: 375541588 ns
[661.180s][info ][safepoint      ] Safepoint "Cleanup", Time since last: 1000096888 ns, Reaching safepoint: 56903 ns, At safepoint: 5200 ns, Total: 62103 ns
[663.935s][info ][gc,start       ] GC(285) Pause Young (Allocation Failure)
[663.937s][debug][gc,phases      ] GC(285) Scavenge 2.511ms
[663.937s][debug][gc,ref         ] GC(285) Skipped phase 1 of Reference Processing: no references
[663.937s][debug][gc,ref         ] GC(285) Skipped phase 2 of Reference Processing: no references
[663.937s][debug][gc,ref         ] GC(285) Skipped phase 3 of Reference Processing: no references
[663.937s][debug][gc,ref         ] GC(285) Skipped phase 4 of Reference Processing: no references
[663.937s][debug][gc,phases      ] GC(285) Reference Processing 0.026ms
[663.937s][debug][gc,phases      ] GC(285)   VM Weak                        Min:  0.0, Avg:  0.0, Max:  0.0, Diff:  0.0, Sum:  0.0, Workers: 4
[663.937s][debug][gc,phases      ] GC(285)     Dead                           Min: 0, Avg:  0.0, Max: 0, Diff: 0, Sum: 0, Workers: 4
[663.937s][debug][gc,phases      ] GC(285)     Total                          Min: 0, Avg: 186.8, Max: 299, Diff: 299, Sum: 747, Workers: 4
[663.937s][debug][gc,phases      ] GC(285)   ObjectSynchronizer Weak        Min:  0.0, Avg:  0.0, Max:  0.0, Diff:  0.0, Sum:  0.0, Workers: 4
[663.937s][debug][gc,phases      ] GC(285)     Dead                           Min: 0, Avg:  0.0, Max: 0, Diff: 0, Sum: 0, Workers: 4
[663.937s][debug][gc,phases      ] GC(285)     Total                          Min: 0, Avg: 139.8, Max: 192, Diff: 192, Sum: 559, Workers: 4
[663.937s][debug][gc,phases      ] GC(285)   JVMTI Tag Weak OopStorage      Min:  0.0, Avg:  0.0, Max:  0.0, Diff:  0.0, Sum:  0.0, Workers: 4
[663.937s][debug][gc,phases      ] GC(285)     Dead                           Min: 0, Avg:  0.0, Max: 0, Diff: 0, Sum: 0, Workers: 4
[663.937s][debug][gc,phases      ] GC(285)     Total                          Min: 0, Avg:  0.0, Max: 0, Diff: 0, Sum: 0, Workers: 4
[663.937s][debug][gc,phases      ] GC(285)   StringTable Weak               Min:  0.1, Avg:  0.1, Max:  0.1, Diff:  0.0, Sum:  0.4, Workers: 4
[663.937s][debug][gc,phases      ] GC(285)     Dead                           Min: 0, Avg:  0.0, Max: 0, Diff: 0, Sum: 0, Workers: 4
[663.937s][debug][gc,phases      ] GC(285)     Total                          Min: 11904, Avg: 12224.0, Max: 12864, Diff: 960, Sum: 48896, Workers: 4
[663.937s][debug][gc,phases      ] GC(285)   ResolvedMethodTable Weak       Min:  0.0, Avg:  0.0, Max:  0.0, Diff:  0.0, Sum:  0.1, Workers: 4
[663.937s][debug][gc,phases      ] GC(285)     Dead                           Min: 0, Avg:  0.0, Max: 0, Diff: 0, Sum: 0, Workers: 4
[663.937s][debug][gc,phases      ] GC(285)     Total                          Min: 1280, Avg: 2250.2, Max: 2752, Diff: 1472, Sum: 9001, Workers: 4
[663.937s][debug][gc,phases      ] GC(285)   JNI Weak                       Min:  0.0, Avg:  0.0, Max:  0.0, Diff:  0.0, Sum:  0.0, Workers: 4
[663.937s][debug][gc,phases      ] GC(285)     Dead                           Min: 0, Avg:  0.0, Max: 0, Diff: 0, Sum: 0, Workers: 4
[663.937s][debug][gc,phases      ] GC(285)     Total                          Min: 0, Avg:  0.0, Max: 0, Diff: 0, Sum: 0, Workers: 4
[663.937s][debug][gc,phases      ] GC(285)   StringDedup Table Weak         Min:  0.0, Avg:  0.0, Max:  0.0, Diff:  0.0, Sum:  0.0, Workers: 4
[663.937s][debug][gc,phases      ] GC(285)     Dead                           Min: 0, Avg:  0.0, Max: 0, Diff: 0, Sum: 0, Workers: 4
[663.937s][debug][gc,phases      ] GC(285)     Total                          Min: 0, Avg:  0.0, Max: 0, Diff: 0, Sum: 0, Workers: 4
[663.937s][debug][gc,phases      ] GC(285)   StringDedup Requests0 Weak     Min:  0.0, Avg:  0.0, Max:  0.0, Diff:  0.0, Sum:  0.0, Workers: 4
[663.937s][debug][gc,phases      ] GC(285)     Dead                           Min: 0, Avg:  0.0, Max: 0, Diff: 0, Sum: 0, Workers: 4
[663.937s][debug][gc,phases      ] GC(285)     Total                          Min: 0, Avg:  0.0, Max: 0, Diff: 0, Sum: 0, Workers: 4
[663.937s][debug][gc,phases      ] GC(285)   StringDedup Requests1 Weak     Min:  0.0, Avg:  0.0, Max:  0.0, Diff:  0.0, Sum:  0.0, Workers: 4
[663.937s][debug][gc,phases      ] GC(285)     Dead                           Min: 0, Avg:  0.0, Max: 0, Diff: 0, Sum: 0, Workers: 4
[663.937s][debug][gc,phases      ] GC(285)     Total                          Min: 0, Avg:  0.0, Max: 0, Diff: 0, Sum: 0, Workers: 4
[663.937s][debug][gc,phases      ] GC(285)   Weak JFR Old Object Samples    Min:  0.0, Avg:  0.0, Max:  0.0, Diff:  0.0, Sum:  0.0, Workers: 4
[663.938s][debug][gc,phases      ] GC(285)     Dead                           Min: 0, Avg:  0.0, Max: 0, Diff: 0, Sum: 0, Workers: 4
[663.938s][debug][gc,phases      ] GC(285)     Total                          Min: 0, Avg:  0.0, Max: 0, Diff: 0, Sum: 0, Workers: 4
[663.938s][debug][gc,phases      ] GC(285) Weak Processing 0.346ms
[663.938s][debug][gc,age         ] GC(285) Desired survivor size 404750336 bytes, new threshold 15 (max threshold 15)
[663.938s][info ][gc,heap        ] GC(285) PSYoungGen: 1322496K(1708032K)->1056K(1692160K) Eden: 1322496K(1322496K)->0K(1306624K) From: 0K(385536K)->1056K(385536K)
[663.938s][info ][gc,heap        ] GC(285) ParOldGen: 662516K(973824K)->662516K(973824K)
[663.938s][info ][gc,metaspace   ] GC(285) Metaspace: 87139K(88000K)->87139K(88000K) NonClass: 75141K(75584K)->75141K(75584K) Class: 11998K(12416K)->11998K(12416K)
[663.938s][info ][gc             ] GC(285) Pause Young (Allocation Failure) 1938M->648M(2603M) 3.009ms
[663.938s][info ][gc,cpu         ] GC(285) User=0.01s Sys=0.00s Real=0.00s
[663.938s][info ][safepoint      ] Safepoint "ParallelGCFailedAllocation", Time since last: 2754856956 ns, Reaching safepoint: 133707 ns, At safepoint: 3107979 ns, Total: 3241686 ns
[664.938s][info ][safepoint      ] Safepoint "Cleanup", Time since last: 1000090487 ns, Reaching safepoint: 124007 ns, At safepoint: 8701 ns, Total: 132708 ns
[667.740s][info ][gc,start       ] GC(286) Pause Young (Allocation Failure)
[667.743s][debug][gc,phases      ] GC(286) Scavenge 3.417ms
[667.743s][debug][gc,ref         ] GC(286) Skipped phase 1 of Reference Processing: no references
[667.743s][debug][gc,ref         ] GC(286) Skipped phase 2 of Reference Processing: no references
[667.743s][debug][gc,ref         ] GC(286) Skipped phase 3 of Reference Processing: no references
[667.744s][debug][gc,ref         ] GC(286) ReferenceProcessor::execute queues: 1, RefProcThreadModel::Single, marks_oops_alive: false
[667.744s][debug][gc,phases      ] GC(286) Reference Processing 0.113ms
[667.744s][debug][gc,phases      ] GC(286)   VM Weak                        Min:  0.0, Avg:  0.0, Max:  0.0, Diff:  0.0, Sum:  0.0, Workers: 4
[667.744s][debug][gc,phases      ] GC(286)     Dead                           Min: 0, Avg:  0.0, Max: 0, Diff: 0, Sum: 0, Workers: 4
[667.744s][debug][gc,phases      ] GC(286)     Total                          Min: 0, Avg: 186.8, Max: 747, Diff: 747, Sum: 747, Workers: 4
[667.744s][debug][gc,phases      ] GC(286)   ObjectSynchronizer Weak        Min:  0.0, Avg:  0.0, Max:  0.0, Diff:  0.0, Sum:  0.0, Workers: 4
[667.744s][debug][gc,phases      ] GC(286)     Dead                           Min: 0, Avg:  0.0, Max: 0, Diff: 0, Sum: 0, Workers: 4
[667.744s][debug][gc,phases      ] GC(286)     Total                          Min: 0, Avg: 139.8, Max: 559, Diff: 559, Sum: 559, Workers: 4
[667.744s][debug][gc,phases      ] GC(286)   JVMTI Tag Weak OopStorage      Min:  0.0, Avg:  0.0, Max:  0.0, Diff:  0.0, Sum:  0.0, Workers: 4
[667.744s][debug][gc,phases      ] GC(286)     Dead                           Min: 0, Avg:  0.0, Max: 0, Diff: 0, Sum: 0, Workers: 4
[667.744s][debug][gc,phases      ] GC(286)     Total                          Min: 0, Avg:  0.0, Max: 0, Diff: 0, Sum: 0, Workers: 4
[667.744s][debug][gc,phases      ] GC(286)   StringTable Weak               Min:  0.1, Avg:  0.1, Max:  0.1, Diff:  0.0, Sum:  0.4, Workers: 4
[667.744s][debug][gc,phases      ] GC(286)     Dead                           Min: 0, Avg:  0.0, Max: 0, Diff: 0, Sum: 0, Workers: 4
[667.744s][debug][gc,phases      ] GC(286)     Total                          Min: 10176, Avg: 12224.0, Max: 14464, Diff: 4288, Sum: 48896, Workers: 4
[667.744s][debug][gc,phases      ] GC(286)   ResolvedMethodTable Weak       Min:  0.0, Avg:  0.0, Max:  0.0, Diff:  0.0, Sum:  0.1, Workers: 4
[667.744s][debug][gc,phases      ] GC(286)     Dead                           Min: 0, Avg:  0.0, Max: 0, Diff: 0, Sum: 0, Workers: 4
[667.744s][debug][gc,phases      ] GC(286)     Total                          Min: 2048, Avg: 2250.2, Max: 2473, Diff: 425, Sum: 9001, Workers: 4
[667.744s][debug][gc,phases      ] GC(286)   JNI Weak                       Min:  0.0, Avg:  0.0, Max:  0.0, Diff:  0.0, Sum:  0.0, Workers: 4
[667.744s][debug][gc,phases      ] GC(286)     Dead                           Min: 0, Avg:  0.0, Max: 0, Diff: 0, Sum: 0, Workers: 4
[667.744s][debug][gc,phases      ] GC(286)     Total                          Min: 0, Avg:  0.0, Max: 0, Diff: 0, Sum: 0, Workers: 4
[667.744s][debug][gc,phases      ] GC(286)   StringDedup Table Weak         Min:  0.0, Avg:  0.0, Max:  0.0, Diff:  0.0, Sum:  0.0, Workers: 4
[667.744s][debug][gc,phases      ] GC(286)     Dead                           Min: 0, Avg:  0.0, Max: 0, Diff: 0, Sum: 0, Workers: 4
[667.744s][debug][gc,phases      ] GC(286)     Total                          Min: 0, Avg:  0.0, Max: 0, Diff: 0, Sum: 0, Workers: 4
[667.744s][debug][gc,phases      ] GC(286)   StringDedup Requests0 Weak     Min:  0.0, Avg:  0.0, Max:  0.0, Diff:  0.0, Sum:  0.0, Workers: 4
[667.744s][debug][gc,phases      ] GC(286)     Dead                           Min: 0, Avg:  0.0, Max: 0, Diff: 0, Sum: 0, Workers: 4
[667.744s][debug][gc,phases      ] GC(286)     Total                          Min: 0, Avg:  0.0, Max: 0, Diff: 0, Sum: 0, Workers: 4
[667.744s][debug][gc,phases      ] GC(286)   StringDedup Requests1 Weak     Min:  0.0, Avg:  0.0, Max:  0.0, Diff:  0.0, Sum:  0.0, Workers: 4
[667.744s][debug][gc,phases      ] GC(286)     Dead                           Min: 0, Avg:  0.0, Max: 0, Diff: 0, Sum: 0, Workers: 4
[667.744s][debug][gc,phases      ] GC(286)     Total                          Min: 0, Avg:  0.0, Max: 0, Diff: 0, Sum: 0, Workers: 4
[667.744s][debug][gc,phases      ] GC(286)   Weak JFR Old Object Samples    Min:  0.0, Avg:  0.0, Max:  0.0, Diff:  0.0, Sum:  0.0, Workers: 4
[667.744s][debug][gc,phases      ] GC(286)     Dead                           Min: 0, Avg:  0.0, Max: 0, Diff: 0, Sum: 0, Workers: 4
[667.744s][debug][gc,phases      ] GC(286)     Total                          Min: 0, Avg:  0.0, Max: 0, Diff: 0, Sum: 0, Workers: 4
[667.744s][debug][gc,phases      ] GC(286) Weak Processing 0.341ms
[667.744s][debug][gc,age         ] GC(286) Desired survivor size 408944640 bytes, new threshold 15 (max threshold 15)
[667.744s][info ][gc,heap        ] GC(286) PSYoungGen: 1307680K(1692160K)->2880K(1309696K) Eden: 1306624K(1306624K)->0K(1306624K) From: 1056K(385536K)->2880K(3072K)
[667.744s][info ][gc,heap        ] GC(286) ParOldGen: 662516K(973824K)->662516K(973824K)
[667.744s][info ][gc,metaspace   ] GC(286) Metaspace: 87150K(88064K)->87150K(88064K) NonClass: 75152K(75648K)->75152K(75648K) Class: 11998K(12416K)->11998K(12416K)
[667.744s][info ][gc             ] GC(286) Pause Young (Allocation Failure) 1924M->649M(2230M) 4.002ms
[667.744s][info ][gc,cpu         ] GC(286) User=0.01s Sys=0.00s Real=0.01s
[667.744s][info ][safepoint      ] Safepoint "ParallelGCFailedAllocation", Time since last: 2801948060 ns, Reaching safepoint: 114607 ns, At safepoint: 4095935 ns, Total: 4210542 ns
[670.744s][info ][safepoint      ] Safepoint "Cleanup", Time since last: 3000225556 ns, Reaching safepoint: 117707 ns, At safepoint: 11101 ns, Total: 128808 ns
[671.598s][info ][gc,start       ] GC(287) Pause Young (Allocation Failure)
[671.600s][debug][gc,phases      ] GC(287) Scavenge 2.708ms
[671.600s][debug][gc,ref         ] GC(287) Skipped phase 1 of Reference Processing: no references
[671.600s][debug][gc,ref         ] GC(287) Skipped phase 2 of Reference Processing: no references
[671.600s][debug][gc,ref         ] GC(287) Skipped phase 3 of Reference Processing: no references
[671.600s][debug][gc,ref         ] GC(287) ReferenceProcessor::execute queues: 1, RefProcThreadModel::Single, marks_oops_alive: false
[671.600s][debug][gc,phases      ] GC(287) Reference Processing 0.113ms
[671.601s][debug][gc,phases      ] GC(287)   VM Weak                        Min:  0.0, Avg:  0.0, Max:  0.0, Diff:  0.0, Sum:  0.0, Workers: 4
[671.601s][debug][gc,phases      ] GC(287)     Dead                           Min: 0, Avg:  0.0, Max: 0, Diff: 0, Sum: 0, Workers: 4
[671.601s][debug][gc,phases      ] GC(287)     Total                          Min: 0, Avg: 186.8, Max: 427, Diff: 427, Sum: 747, Workers: 4
[671.601s][debug][gc,phases      ] GC(287)   ObjectSynchronizer Weak        Min:  0.0, Avg:  0.0, Max:  0.0, Diff:  0.0, Sum:  0.0, Workers: 4
[671.601s][debug][gc,phases      ] GC(287)     Dead                           Min: 0, Avg:  0.0, Max: 0, Diff: 0, Sum: 0, Workers: 4
[671.601s][debug][gc,phases      ] GC(287)     Total                          Min: 0, Avg: 139.8, Max: 303, Diff: 303, Sum: 559, Workers: 4
[671.601s][debug][gc,phases      ] GC(287)   JVMTI Tag Weak OopStorage      Min:  0.0, Avg:  0.0, Max:  0.0, Diff:  0.0, Sum:  0.0, Workers: 4
[671.601s][debug][gc,phases      ] GC(287)     Dead                           Min: 0, Avg:  0.0, Max: 0, Diff: 0, Sum: 0, Workers: 4
[671.601s][debug][gc,phases      ] GC(287)     Total                          Min: 0, Avg:  0.0, Max: 0, Diff: 0, Sum: 0, Workers: 4
[671.601s][debug][gc,phases      ] GC(287)   StringTable Weak               Min:  0.1, Avg:  0.1, Max:  0.1, Diff:  0.0, Sum:  0.4, Workers: 4
[671.601s][debug][gc,phases      ] GC(287)     Dead                           Min: 0, Avg:  0.0, Max: 0, Diff: 0, Sum: 0, Workers: 4
[671.601s][debug][gc,phases      ] GC(287)     Total                          Min: 11776, Avg: 12228.5, Max: 12672, Diff: 896, Sum: 48914, Workers: 4
[671.601s][debug][gc,phases      ] GC(287)   ResolvedMethodTable Weak       Min:  0.0, Avg:  0.0, Max:  0.0, Diff:  0.0, Sum:  0.1, Workers: 4
[671.601s][debug][gc,phases      ] GC(287)     Dead                           Min: 0, Avg:  0.0, Max: 0, Diff: 0, Sum: 0, Workers: 4
[671.601s][debug][gc,phases      ] GC(287)     Total                          Min: 2153, Avg: 2250.2, Max: 2368, Diff: 215, Sum: 9001, Workers: 4
[671.601s][debug][gc,phases      ] GC(287)   JNI Weak                       Min:  0.0, Avg:  0.0, Max:  0.0, Diff:  0.0, Sum:  0.0, Workers: 4
[671.601s][debug][gc,phases      ] GC(287)     Dead                           Min: 0, Avg:  0.0, Max: 0, Diff: 0, Sum: 0, Workers: 4
[671.601s][debug][gc,phases      ] GC(287)     Total                          Min: 0, Avg:  0.0, Max: 0, Diff: 0, Sum: 0, Workers: 4
[671.601s][debug][gc,phases      ] GC(287)   StringDedup Table Weak         Min:  0.0, Avg:  0.0, Max:  0.0, Diff:  0.0, Sum:  0.0, Workers: 4
[671.601s][debug][gc,phases      ] GC(287)     Dead                           Min: 0, Avg:  0.0, Max: 0, Diff: 0, Sum: 0, Workers: 4
[671.601s][debug][gc,phases      ] GC(287)     Total                          Min: 0, Avg:  0.0, Max: 0, Diff: 0, Sum: 0, Workers: 4
[671.601s][debug][gc,phases      ] GC(287)   StringDedup Requests0 Weak     Min:  0.0, Avg:  0.0, Max:  0.0, Diff:  0.0, Sum:  0.0, Workers: 4
[671.601s][debug][gc,phases      ] GC(287)     Dead                           Min: 0, Avg:  0.0, Max: 0, Diff: 0, Sum: 0, Workers: 4
[671.601s][debug][gc,phases      ] GC(287)     Total                          Min: 0, Avg:  0.0, Max: 0, Diff: 0, Sum: 0, Workers: 4
[671.601s][debug][gc,phases      ] GC(287)   StringDedup Requests1 Weak     Min:  0.0, Avg:  0.0, Max:  0.0, Diff:  0.0, Sum:  0.0, Workers: 4
[671.601s][debug][gc,phases      ] GC(287)     Dead                           Min: 0, Avg:  0.0, Max: 0, Diff: 0, Sum: 0, Workers: 4
[671.601s][debug][gc,phases      ] GC(287)     Total                          Min: 0, Avg:  0.0, Max: 0, Diff: 0, Sum: 0, Workers: 4
[671.601s][debug][gc,phases      ] GC(287)   Weak JFR Old Object Samples    Min:  0.0, Avg:  0.0, Max:  0.0, Diff:  0.0, Sum:  0.0, Workers: 4
[671.601s][debug][gc,phases      ] GC(287)     Dead                           Min: 0, Avg:  0.0, Max: 0, Diff: 0, Sum: 0, Workers: 4
[671.601s][debug][gc,phases      ] GC(287)     Total                          Min: 0, Avg:  0.0, Max: 0, Diff: 0, Sum: 0, Workers: 4
[671.601s][debug][gc,phases      ] GC(287) Weak Processing 0.333ms
[671.601s][debug][gc,age         ] GC(287) Desired survivor size 407896064 bytes, new threshold 15 (max threshold 15)
[671.601s][info ][gc,heap        ] GC(287) PSYoungGen: 1309504K(1309696K)->2624K(1698816K) Eden: 1306624K(1306624K)->0K(1299456K) From: 2880K(3072K)->2624K(399360K)
[671.601s][info ][gc,heap        ] GC(287) ParOldGen: 662516K(973824K)->662516K(973824K)
[671.601s][info ][gc,metaspace   ] GC(287) Metaspace: 87150K(88064K)->87150K(88064K) NonClass: 75152K(75648K)->75152K(75648K) Class: 11998K(12416K)->11998K(12416K)
[671.601s][info ][gc             ] GC(287) Pause Young (Allocation Failure) 1925M->649M(2610M) 3.278ms
[671.601s][info ][gc,cpu         ] GC(287) User=0.01s Sys=0.00s Real=0.00s
[671.601s][info ][safepoint      ] Safepoint "ParallelGCFailedAllocation", Time since last: 853066335 ns, Reaching safepoint: 108806 ns, At safepoint: 3360793 ns, Total: 3469599 ns
[674.601s][info ][safepoint      ] Safepoint "Cleanup", Time since last: 3000232154 ns, Reaching safepoint: 126508 ns, At safepoint: 6800 ns, Total: 133308 ns
[675.340s][info ][gc,start       ] GC(288) Pause Young (Allocation Failure)
[675.344s][debug][gc,phases      ] GC(288) Scavenge 3.697ms
[675.344s][debug][gc,ref         ] GC(288) Skipped phase 1 of Reference Processing: no references
[675.344s][debug][gc,ref         ] GC(288) Skipped phase 2 of Reference Processing: no references
[675.344s][debug][gc,ref         ] GC(288) Skipped phase 3 of Reference Processing: no references
[675.344s][debug][gc,ref         ] GC(288) ReferenceProcessor::execute queues: 1, RefProcThreadModel::Single, marks_oops_alive: false
[675.344s][debug][gc,phases      ] GC(288) Reference Processing 0.114ms
[675.344s][debug][gc,phases      ] GC(288)   VM Weak                        Min:  0.0, Avg:  0.0, Max:  0.0, Diff:  0.0, Sum:  0.0, Workers: 4
[675.344s][debug][gc,phases      ] GC(288)     Dead                           Min: 0, Avg:  0.0, Max: 0, Diff: 0, Sum: 0, Workers: 4
[675.344s][debug][gc,phases      ] GC(288)     Total                          Min: 0, Avg: 186.8, Max: 704, Diff: 704, Sum: 747, Workers: 4
[675.344s][debug][gc,phases      ] GC(288)   ObjectSynchronizer Weak        Min:  0.0, Avg:  0.0, Max:  0.0, Diff:  0.0, Sum:  0.0, Workers: 4
[675.344s][debug][gc,phases      ] GC(288)     Dead                           Min: 0, Avg:  0.0, Max: 0, Diff: 0, Sum: 0, Workers: 4
[675.344s][debug][gc,phases      ] GC(288)     Total                          Min: 0, Avg: 139.8, Max: 303, Diff: 303, Sum: 559, Workers: 4
[675.344s][debug][gc,phases      ] GC(288)   JVMTI Tag Weak OopStorage      Min:  0.0, Avg:  0.0, Max:  0.0, Diff:  0.0, Sum:  0.0, Workers: 4
[675.344s][debug][gc,phases      ] GC(288)     Dead                           Min: 0, Avg:  0.0, Max: 0, Diff: 0, Sum: 0, Workers: 4
[675.344s][debug][gc,phases      ] GC(288)     Total                          Min: 0, Avg:  0.0, Max: 0, Diff: 0, Sum: 0, Workers: 4
[675.344s][debug][gc,phases      ] GC(288)   StringTable Weak               Min:  0.1, Avg:  0.1, Max:  0.1, Diff:  0.0, Sum:  0.4, Workers: 4
[675.344s][debug][gc,phases      ] GC(288)     Dead                           Min: 0, Avg:  0.0, Max: 0, Diff: 0, Sum: 0, Workers: 4
[675.344s][debug][gc,phases      ] GC(288)     Total                          Min: 11712, Avg: 12228.5, Max: 13056, Diff: 1344, Sum: 48914, Workers: 4
[675.344s][debug][gc,phases      ] GC(288)   ResolvedMethodTable Weak       Min:  0.0, Avg:  0.0, Max:  0.0, Diff:  0.0, Sum:  0.1, Workers: 4
[675.344s][debug][gc,phases      ] GC(288)     Dead                           Min: 0, Avg:  0.0, Max: 0, Diff: 0, Sum: 0, Workers: 4
[675.344s][debug][gc,phases      ] GC(288)     Total                          Min: 2112, Avg: 2250.5, Max: 2304, Diff: 192, Sum: 9002, Workers: 4
[675.344s][debug][gc,phases      ] GC(288)   JNI Weak                       Min:  0.0, Avg:  0.0, Max:  0.0, Diff:  0.0, Sum:  0.0, Workers: 4
[675.344s][debug][gc,phases      ] GC(288)     Dead                           Min: 0, Avg:  0.0, Max: 0, Diff: 0, Sum: 0, Workers: 4
[675.344s][debug][gc,phases      ] GC(288)     Total                          Min: 0, Avg:  0.0, Max: 0, Diff: 0, Sum: 0, Workers: 4
[675.344s][debug][gc,phases      ] GC(288)   StringDedup Table Weak         Min:  0.0, Avg:  0.0, Max:  0.0, Diff:  0.0, Sum:  0.0, Workers: 4
[675.344s][debug][gc,phases      ] GC(288)     Dead                           Min: 0, Avg:  0.0, Max: 0, Diff: 0, Sum: 0, Workers: 4
[675.344s][debug][gc,phases      ] GC(288)     Total                          Min: 0, Avg:  0.0, Max: 0, Diff: 0, Sum: 0, Workers: 4
[675.344s][debug][gc,phases      ] GC(288)   StringDedup Requests0 Weak     Min:  0.0, Avg:  0.0, Max:  0.0, Diff:  0.0, Sum:  0.0, Workers: 4
[675.344s][debug][gc,phases      ] GC(288)     Dead                           Min: 0, Avg:  0.0, Max: 0, Diff: 0, Sum: 0, Workers: 4
[675.344s][debug][gc,phases      ] GC(288)     Total                          Min: 0, Avg:  0.0, Max: 0, Diff: 0, Sum: 0, Workers: 4
[675.344s][debug][gc,phases      ] GC(288)   StringDedup Requests1 Weak     Min:  0.0, Avg:  0.0, Max:  0.0, Diff:  0.0, Sum:  0.0, Workers: 4
[675.344s][debug][gc,phases      ] GC(288)     Dead                           Min: 0, Avg:  0.0, Max: 0, Diff: 0, Sum: 0, Workers: 4
[675.344s][debug][gc,phases      ] GC(288)     Total                          Min: 0, Avg:  0.0, Max: 0, Diff: 0, Sum: 0, Workers: 4
[675.344s][debug][gc,phases      ] GC(288)   Weak JFR Old Object Samples    Min:  0.0, Avg:  0.0, Max:  0.0, Diff:  0.0, Sum:  0.0, Workers: 4
[675.344s][debug][gc,phases      ] GC(288)     Dead                           Min: 0, Avg:  0.0, Max: 0, Diff: 0, Sum: 0, Workers: 4
[675.344s][debug][gc,phases      ] GC(288)     Total                          Min: 0, Avg:  0.0, Max: 0, Diff: 0, Sum: 0, Workers: 4
[675.344s][debug][gc,phases      ] GC(288) Weak Processing 0.319ms
[675.344s][debug][gc,age         ] GC(288) Desired survivor size 403177472 bytes, new threshold 15 (max threshold 15)
[675.344s][info ][gc,heap        ] GC(288) PSYoungGen: 1302080K(1698816K)->3680K(1697792K) Eden: 1299456K(1299456K)->0K(1299456K) From: 2624K(399360K)->3680K(398336K)
[675.344s][info ][gc,heap        ] GC(288) ParOldGen: 662516K(973824K)->662516K(973824K)
[675.344s][info ][gc,metaspace   ] GC(288) Metaspace: 87152K(88128K)->87152K(88128K) NonClass: 75154K(75712K)->75154K(75712K) Class: 11998K(12416K)->11998K(12416K)
[675.344s][info ][gc             ] GC(288) Pause Young (Allocation Failure) 1918M->650M(2609M) 4.254ms
[675.344s][info ][gc,cpu         ] GC(288) User=0.01s Sys=0.00s Real=0.01s
[675.344s][info ][safepoint      ] Safepoint "ParallelGCFailedAllocation", Time since last: 738392943 ns, Reaching safepoint: 108506 ns, At safepoint: 4332849 ns, Total: 4441355 ns
[676.344s][info ][safepoint      ] Safepoint "Cleanup", Time since last: 1000102586 ns, Reaching safepoint: 126207 ns, At safepoint: 10101 ns, Total: 136308 ns
[677.345s][info ][safepoint      ] Safepoint "Cleanup", Time since last: 1000103285 ns, Reaching safepoint: 121307 ns, At safepoint: 13601 ns, Total: 134908 ns
[678.345s][info ][safepoint      ] Safepoint "Cleanup", Time since last: 1000101786 ns, Reaching safepoint: 136907 ns, At safepoint: 11101 ns, Total: 148008 ns
[679.188s][info ][gc,start       ] GC(289) Pause Young (Allocation Failure)
[679.192s][debug][gc,phases      ] GC(289) Scavenge 3.581ms
[679.192s][debug][gc,ref         ] GC(289) Skipped phase 1 of Reference Processing: no references
[679.192s][debug][gc,ref         ] GC(289) Skipped phase 2 of Reference Processing: no references
[679.192s][debug][gc,ref         ] GC(289) Skipped phase 3 of Reference Processing: no references
[679.192s][debug][gc,ref         ] GC(289) ReferenceProcessor::execute queues: 1, RefProcThreadModel::Single, marks_oops_alive: false
[679.192s][debug][gc,phases      ] GC(289) Reference Processing 0.089ms
[679.192s][debug][gc,phases      ] GC(289)   VM Weak                        Min:  0.0, Avg:  0.0, Max:  0.0, Diff:  0.0, Sum:  0.0, Workers: 4
[679.192s][debug][gc,phases      ] GC(289)     Dead                           Min: 0, Avg:  0.0, Max: 0, Diff: 0, Sum: 0, Workers: 4
[679.192s][debug][gc,phases      ] GC(289)     Total                          Min: 0, Avg: 186.8, Max: 491, Diff: 491, Sum: 747, Workers: 4
[679.192s][debug][gc,phases      ] GC(289)   ObjectSynchronizer Weak        Min:  0.0, Avg:  0.0, Max:  0.0, Diff:  0.0, Sum:  0.0, Workers: 4
[679.192s][debug][gc,phases      ] GC(289)     Dead                           Min: 0, Avg:  0.0, Max: 0, Diff: 0, Sum: 0, Workers: 4
[679.192s][debug][gc,phases      ] GC(289)     Total                          Min: 0, Avg: 139.8, Max: 239, Diff: 239, Sum: 559, Workers: 4
[679.192s][debug][gc,phases      ] GC(289)   JVMTI Tag Weak OopStorage      Min:  0.0, Avg:  0.0, Max:  0.0, Diff:  0.0, Sum:  0.0, Workers: 4
[679.192s][debug][gc,phases      ] GC(289)     Dead                           Min: 0, Avg:  0.0, Max: 0, Diff: 0, Sum: 0, Workers: 4
[679.192s][debug][gc,phases      ] GC(289)     Total                          Min: 0, Avg:  0.0, Max: 0, Diff: 0, Sum: 0, Workers: 4
[679.192s][debug][gc,phases      ] GC(289)   StringTable Weak               Min:  0.1, Avg:  0.1, Max:  0.1, Diff:  0.0, Sum:  0.5, Workers: 4
[679.192s][debug][gc,phases      ] GC(289)     Dead                           Min: 0, Avg:  0.0, Max: 0, Diff: 0, Sum: 0, Workers: 4
[679.192s][debug][gc,phases      ] GC(289)     Total                          Min: 11648, Avg: 12228.5, Max: 12864, Diff: 1216, Sum: 48914, Workers: 4
[679.192s][debug][gc,phases      ] GC(289)   ResolvedMethodTable Weak       Min:  0.0, Avg:  0.0, Max:  0.0, Diff:  0.0, Sum:  0.1, Workers: 4
[679.192s][debug][gc,phases      ] GC(289)     Dead                           Min: 0, Avg:  0.0, Max: 0, Diff: 0, Sum: 0, Workers: 4
[679.192s][debug][gc,phases      ] GC(289)     Total                          Min: 2090, Avg: 2250.5, Max: 2432, Diff: 342, Sum: 9002, Workers: 4
[679.192s][debug][gc,phases      ] GC(289)   JNI Weak                       Min:  0.0, Avg:  0.0, Max:  0.0, Diff:  0.0, Sum:  0.0, Workers: 4
[679.193s][debug][gc,phases      ] GC(289)     Dead                           Min: 0, Avg:  0.0, Max: 0, Diff: 0, Sum: 0, Workers: 4
[679.193s][debug][gc,phases      ] GC(289)     Total                          Min: 0, Avg:  0.0, Max: 0, Diff: 0, Sum: 0, Workers: 4
[679.193s][debug][gc,phases      ] GC(289)   StringDedup Table Weak         Min:  0.0, Avg:  0.0, Max:  0.0, Diff:  0.0, Sum:  0.0, Workers: 4
[679.193s][debug][gc,phases      ] GC(289)     Dead                           Min: 0, Avg:  0.0, Max: 0, Diff: 0, Sum: 0, Workers: 4
[679.193s][debug][gc,phases      ] GC(289)     Total                          Min: 0, Avg:  0.0, Max: 0, Diff: 0, Sum: 0, Workers: 4
[679.193s][debug][gc,phases      ] GC(289)   StringDedup Requests0 Weak     Min:  0.0, Avg:  0.0, Max:  0.0, Diff:  0.0, Sum:  0.0, Workers: 4
[679.193s][debug][gc,phases      ] GC(289)     Dead                           Min: 0, Avg:  0.0, Max: 0, Diff: 0, Sum: 0, Workers: 4
[679.193s][debug][gc,phases      ] GC(289)     Total                          Min: 0, Avg:  0.0, Max: 0, Diff: 0, Sum: 0, Workers: 4
[679.193s][debug][gc,phases      ] GC(289)   StringDedup Requests1 Weak     Min:  0.0, Avg:  0.0, Max:  0.0, Diff:  0.0, Sum:  0.0, Workers: 4
[679.193s][debug][gc,phases      ] GC(289)     Dead                           Min: 0, Avg:  0.0, Max: 0, Diff: 0, Sum: 0, Workers: 4
[679.193s][debug][gc,phases      ] GC(289)     Total                          Min: 0, Avg:  0.0, Max: 0, Diff: 0, Sum: 0, Workers: 4
[679.193s][debug][gc,phases      ] GC(289)   Weak JFR Old Object Samples    Min:  0.0, Avg:  0.0, Max:  0.0, Diff:  0.0, Sum:  0.0, Workers: 4
[679.193s][debug][gc,phases      ] GC(289)     Dead                           Min: 0, Avg:  0.0, Max: 0, Diff: 0, Sum: 0, Workers: 4
[679.193s][debug][gc,phases      ] GC(289)     Total                          Min: 0, Avg:  0.0, Max: 0, Diff: 0, Sum: 0, Workers: 4
[679.193s][debug][gc,phases      ] GC(289) Weak Processing 0.337ms
[679.193s][debug][gc,age         ] GC(289) Desired survivor size 395313152 bytes, new threshold 15 (max threshold 15)
[679.193s][info ][gc,heap        ] GC(289) PSYoungGen: 1303136K(1697792K)->3648K(1711104K) Eden: 1299456K(1299456K)->0K(1317376K) From: 3680K(398336K)->3648K(393728K)
[679.193s][info ][gc,heap        ] GC(289) ParOldGen: 662516K(973824K)->662516K(973824K)
[679.193s][info ][gc,metaspace   ] GC(289) Metaspace: 87159K(88128K)->87159K(88128K) NonClass: 75160K(75712K)->75160K(75712K) Class: 11998K(12416K)->11998K(12416K)
[679.193s][info ][gc             ] GC(289) Pause Young (Allocation Failure) 1919M->650M(2622M) 4.132ms
[679.193s][info ][gc,cpu         ] GC(289) User=0.02s Sys=0.00s Real=0.00s
[679.193s][info ][safepoint      ] Safepoint "ParallelGCFailedAllocation", Time since last: 843503484 ns, Reaching safepoint: 128207 ns, At safepoint: 4222343 ns, Total: 4350550 ns
[680.193s][info ][safepoint      ] Safepoint "Cleanup", Time since last: 1000095885 ns, Reaching safepoint: 124007 ns, At safepoint: 14701 ns, Total: 138708 ns
[681.193s][info ][safepoint      ] Safepoint "Cleanup", Time since last: 1000113485 ns, Reaching safepoint: 114407 ns, At safepoint: 7900 ns, Total: 122307 ns
[682.193s][info ][safepoint      ] Safepoint "Cleanup", Time since last: 1000095785 ns, Reaching safepoint: 114006 ns, At safepoint: 5801 ns, Total: 119807 ns
[683.035s][info ][gc,start       ] GC(290) Pause Young (Allocation Failure)
[683.038s][debug][gc,phases      ] GC(290) Scavenge 2.869ms
[683.038s][debug][gc,ref         ] GC(290) Skipped phase 1 of Reference Processing: no references
[683.038s][debug][gc,ref         ] GC(290) Skipped phase 2 of Reference Processing: no references
[683.038s][debug][gc,ref         ] GC(290) Skipped phase 3 of Reference Processing: no references
[683.038s][debug][gc,ref         ] GC(290) Skipped phase 4 of Reference Processing: no references
[683.038s][debug][gc,phases      ] GC(290) Reference Processing 0.023ms
[683.038s][debug][gc,phases      ] GC(290)   VM Weak                        Min:  0.0, Avg:  0.0, Max:  0.0, Diff:  0.0, Sum:  0.0, Workers: 4
[683.038s][debug][gc,phases      ] GC(290)     Dead                           Min: 0, Avg:  0.0, Max: 0, Diff: 0, Sum: 0, Workers: 4
[683.038s][debug][gc,phases      ] GC(290)     Total                          Min: 0, Avg: 186.8, Max: 747, Diff: 747, Sum: 747, Workers: 4
[683.038s][debug][gc,phases      ] GC(290)   ObjectSynchronizer Weak        Min:  0.0, Avg:  0.0, Max:  0.0, Diff:  0.0, Sum:  0.0, Workers: 4
[683.038s][debug][gc,phases      ] GC(290)     Dead                           Min: 0, Avg:  0.0, Max: 0, Diff: 0, Sum: 0, Workers: 4
[683.038s][debug][gc,phases      ] GC(290)     Total                          Min: 0, Avg: 139.8, Max: 192, Diff: 192, Sum: 559, Workers: 4
[683.038s][debug][gc,phases      ] GC(290)   JVMTI Tag Weak OopStorage      Min:  0.0, Avg:  0.0, Max:  0.0, Diff:  0.0, Sum:  0.0, Workers: 4
[683.038s][debug][gc,phases      ] GC(290)     Dead                           Min: 0, Avg:  0.0, Max: 0, Diff: 0, Sum: 0, Workers: 4
[683.038s][debug][gc,phases      ] GC(290)     Total                          Min: 0, Avg:  0.0, Max: 0, Diff: 0, Sum: 0, Workers: 4
[683.038s][debug][gc,phases      ] GC(290)   StringTable Weak               Min:  0.1, Avg:  0.1, Max:  0.1, Diff:  0.0, Sum:  0.5, Workers: 4
[683.038s][debug][gc,phases      ] GC(290)     Dead                           Min: 0, Avg:  0.0, Max: 0, Diff: 0, Sum: 0, Workers: 4
[683.038s][debug][gc,phases      ] GC(290)     Total                          Min: 11136, Avg: 12228.5, Max: 13330, Diff: 2194, Sum: 48914, Workers: 4
[683.038s][debug][gc,phases      ] GC(290)   ResolvedMethodTable Weak       Min:  0.0, Avg:  0.0, Max:  0.0, Diff:  0.0, Sum:  0.1, Workers: 4
[683.038s][debug][gc,phases      ] GC(290)     Dead                           Min: 0, Avg:  0.0, Max: 0, Diff: 0, Sum: 0, Workers: 4
[683.038s][debug][gc,phases      ] GC(290)     Total                          Min: 2112, Avg: 2250.5, Max: 2346, Diff: 234, Sum: 9002, Workers: 4
[683.038s][debug][gc,phases      ] GC(290)   JNI Weak                       Min:  0.0, Avg:  0.0, Max:  0.0, Diff:  0.0, Sum:  0.0, Workers: 4
[683.038s][debug][gc,phases      ] GC(290)     Dead                           Min: 0, Avg:  0.0, Max: 0, Diff: 0, Sum: 0, Workers: 4
[683.038s][debug][gc,phases      ] GC(290)     Total                          Min: 0, Avg:  0.0, Max: 0, Diff: 0, Sum: 0, Workers: 4
[683.038s][debug][gc,phases      ] GC(290)   StringDedup Table Weak         Min:  0.0, Avg:  0.0, Max:  0.0, Diff:  0.0, Sum:  0.0, Workers: 4
[683.038s][debug][gc,phases      ] GC(290)     Dead                           Min: 0, Avg:  0.0, Max: 0, Diff: 0, Sum: 0, Workers: 4
[683.038s][debug][gc,phases      ] GC(290)     Total                          Min: 0, Avg:  0.0, Max: 0, Diff: 0, Sum: 0, Workers: 4
[683.038s][debug][gc,phases      ] GC(290)   StringDedup Requests0 Weak     Min:  0.0, Avg:  0.0, Max:  0.0, Diff:  0.0, Sum:  0.0, Workers: 4
[683.038s][debug][gc,phases      ] GC(290)     Dead                           Min: 0, Avg:  0.0, Max: 0, Diff: 0, Sum: 0, Workers: 4
[683.038s][debug][gc,phases      ] GC(290)     Total                          Min: 0, Avg:  0.0, Max: 0, Diff: 0, Sum: 0, Workers: 4
[683.038s][debug][gc,phases      ] GC(290)   StringDedup Requests1 Weak     Min:  0.0, Avg:  0.0, Max:  0.0, Diff:  0.0, Sum:  0.0, Workers: 4
[683.038s][debug][gc,phases      ] GC(290)     Dead                           Min: 0, Avg:  0.0, Max: 0, Diff: 0, Sum: 0, Workers: 4
[683.038s][debug][gc,phases      ] GC(290)     Total                          Min: 0, Avg:  0.0, Max: 0, Diff: 0, Sum: 0, Workers: 4
[683.038s][debug][gc,phases      ] GC(290)   Weak JFR Old Object Samples    Min:  0.0, Avg:  0.0, Max:  0.0, Diff:  0.0, Sum:  0.0, Workers: 4
[683.038s][debug][gc,phases      ] GC(290)     Dead                           Min: 0, Avg:  0.0, Max: 0, Diff: 0, Sum: 0, Workers: 4
[683.038s][debug][gc,phases      ] GC(290)     Total                          Min: 0, Avg:  0.0, Max: 0, Diff: 0, Sum: 0, Workers: 4
[683.038s][debug][gc,phases      ] GC(290) Weak Processing 0.376ms
[683.038s][debug][gc,age         ] GC(290) Desired survivor size 384827392 bytes, new threshold 15 (max threshold 15)
[683.038s][info ][gc,heap        ] GC(290) PSYoungGen: 1321024K(1711104K)->2240K(1703424K) Eden: 1317376K(1317376K)->0K(1317376K) From: 3648K(393728K)->2240K(386048K)
[683.038s][info ][gc,heap        ] GC(290) ParOldGen: 662516K(973824K)->662516K(973824K)
[683.038s][info ][gc,metaspace   ] GC(290) Metaspace: 87159K(88128K)->87159K(88128K) NonClass: 75160K(75712K)->75160K(75712K) Class: 11998K(12416K)->11998K(12416K)
[683.039s][info ][gc             ] GC(290) Pause Young (Allocation Failure) 1937M->649M(2614M) 3.377ms
[683.039s][info ][gc,cpu         ] GC(290) User=0.01s Sys=0.00s Real=0.00s
[683.039s][info ][safepoint      ] Safepoint "ParallelGCFailedAllocation", Time since last: 841610974 ns, Reaching safepoint: 123507 ns, At safepoint: 3471000 ns, Total: 3594507 ns
[686.884s][info ][gc,start       ] GC(291) Pause Young (Allocation Failure)
[686.887s][debug][gc,phases      ] GC(291) Scavenge 2.772ms
[686.887s][debug][gc,ref         ] GC(291) Skipped phase 1 of Reference Processing: no references
[686.887s][debug][gc,ref         ] GC(291) Skipped phase 2 of Reference Processing: no references
[686.887s][debug][gc,ref         ] GC(291) Skipped phase 3 of Reference Processing: no references
[686.887s][debug][gc,ref         ] GC(291) Skipped phase 4 of Reference Processing: no references
[686.887s][debug][gc,phases      ] GC(291) Reference Processing 0.025ms
[686.887s][debug][gc,phases      ] GC(291)   VM Weak                        Min:  0.0, Avg:  0.0, Max:  0.0, Diff:  0.0, Sum:  0.0, Workers: 4
[686.887s][debug][gc,phases      ] GC(291)     Dead                           Min: 0, Avg:  0.0, Max: 0, Diff: 0, Sum: 0, Workers: 4
[686.887s][debug][gc,phases      ] GC(291)     Total                          Min: 0, Avg: 186.8, Max: 747, Diff: 747, Sum: 747, Workers: 4
[686.887s][debug][gc,phases      ] GC(291)   ObjectSynchronizer Weak        Min:  0.0, Avg:  0.0, Max:  0.0, Diff:  0.0, Sum:  0.0, Workers: 4
[686.887s][debug][gc,phases      ] GC(291)     Dead                           Min: 0, Avg:  0.0, Max: 0, Diff: 0, Sum: 0, Workers: 4
[686.887s][debug][gc,phases      ] GC(291)     Total                          Min: 0, Avg: 139.8, Max: 239, Diff: 239, Sum: 559, Workers: 4
[686.887s][debug][gc,phases      ] GC(291)   JVMTI Tag Weak OopStorage      Min:  0.0, Avg:  0.0, Max:  0.0, Diff:  0.0, Sum:  0.0, Workers: 4
[686.887s][debug][gc,phases      ] GC(291)     Dead                           Min: 0, Avg:  0.0, Max: 0, Diff: 0, Sum: 0, Workers: 4
[686.887s][debug][gc,phases      ] GC(291)     Total                          Min: 0, Avg:  0.0, Max: 0, Diff: 0, Sum: 0, Workers: 4
[686.887s][debug][gc,phases      ] GC(291)   StringTable Weak               Min:  0.1, Avg:  0.1, Max:  0.1, Diff:  0.0, Sum:  0.4, Workers: 4
[686.887s][debug][gc,phases      ] GC(291)     Dead                           Min: 0, Avg:  0.0, Max: 0, Diff: 0, Sum: 0, Workers: 4
[686.887s][debug][gc,phases      ] GC(291)     Total                          Min: 11520, Avg: 12228.5, Max: 13184, Diff: 1664, Sum: 48914, Workers: 4
[686.887s][debug][gc,phases      ] GC(291)   ResolvedMethodTable Weak       Min:  0.0, Avg:  0.0, Max:  0.0, Diff:  0.0, Sum:  0.1, Workers: 4
[686.887s][debug][gc,phases      ] GC(291)     Dead                           Min: 0, Avg:  0.0, Max: 0, Diff: 0, Sum: 0, Workers: 4
[686.887s][debug][gc,phases      ] GC(291)     Total                          Min: 2048, Avg: 2250.5, Max: 2432, Diff: 384, Sum: 9002, Workers: 4
[686.887s][debug][gc,phases      ] GC(291)   JNI Weak                       Min:  0.0, Avg:  0.0, Max:  0.0, Diff:  0.0, Sum:  0.0, Workers: 4
[686.887s][debug][gc,phases      ] GC(291)     Dead                           Min: 0, Avg:  0.0, Max: 0, Diff: 0, Sum: 0, Workers: 4
[686.887s][debug][gc,phases      ] GC(291)     Total                          Min: 0, Avg:  0.0, Max: 0, Diff: 0, Sum: 0, Workers: 4
[686.887s][debug][gc,phases      ] GC(291)   StringDedup Table Weak         Min:  0.0, Avg:  0.0, Max:  0.0, Diff:  0.0, Sum:  0.0, Workers: 4
[686.887s][debug][gc,phases      ] GC(291)     Dead                           Min: 0, Avg:  0.0, Max: 0, Diff: 0, Sum: 0, Workers: 4
[686.887s][debug][gc,phases      ] GC(291)     Total                          Min: 0, Avg:  0.0, Max: 0, Diff: 0, Sum: 0, Workers: 4
[686.887s][debug][gc,phases      ] GC(291)   StringDedup Requests0 Weak     Min:  0.0, Avg:  0.0, Max:  0.0, Diff:  0.0, Sum:  0.0, Workers: 4
[686.887s][debug][gc,phases      ] GC(291)     Dead                           Min: 0, Avg:  0.0, Max: 0, Diff: 0, Sum: 0, Workers: 4
[686.887s][debug][gc,phases      ] GC(291)     Total                          Min: 0, Avg:  0.0, Max: 0, Diff: 0, Sum: 0, Workers: 4
[686.887s][debug][gc,phases      ] GC(291)   StringDedup Requests1 Weak     Min:  0.0, Avg:  0.0, Max:  0.0, Diff:  0.0, Sum:  0.0, Workers: 4
[686.887s][debug][gc,phases      ] GC(291)     Dead                           Min: 0, Avg:  0.0, Max: 0, Diff: 0, Sum: 0, Workers: 4
[686.887s][debug][gc,phases      ] GC(291)     Total                          Min: 0, Avg:  0.0, Max: 0, Diff: 0, Sum: 0, Workers: 4
[686.887s][debug][gc,phases      ] GC(291)   Weak JFR Old Object Samples    Min:  0.0, Avg:  0.0, Max:  0.0, Diff:  0.0, Sum:  0.0, Workers: 4
[686.887s][debug][gc,phases      ] GC(291)     Dead                           Min: 0, Avg:  0.0, Max: 0, Diff: 0, Sum: 0, Workers: 4
[686.887s][debug][gc,phases      ] GC(291)     Total                          Min: 0, Avg:  0.0, Max: 0, Diff: 0, Sum: 0, Workers: 4
[686.887s][debug][gc,phases      ] GC(291) Weak Processing 0.350ms
[686.887s][debug][gc,age         ] GC(291) Desired survivor size 373293056 bytes, new threshold 15 (max threshold 15)
[686.887s][info ][gc,heap        ] GC(291) PSYoungGen: 1319616K(1703424K)->2304K(1732608K) Eden: 1317376K(1317376K)->0K(1356800K) From: 2240K(386048K)->2304K(375808K)
[686.887s][info ][gc,heap        ] GC(291) ParOldGen: 662516K(973824K)->662516K(973824K)
[686.887s][info ][gc,metaspace   ] GC(291) Metaspace: 87161K(88128K)->87161K(88128K) NonClass: 75162K(75712K)->75162K(75712K) Class: 11998K(12416K)->11998K(12416K)
[686.887s][info ][gc             ] GC(291) Pause Young (Allocation Failure) 1935M->649M(2643M) 3.283ms
[686.887s][info ][gc,cpu         ] GC(291) User=0.01s Sys=0.00s Real=0.00s
[686.887s][info ][safepoint      ] Safepoint "ParallelGCFailedAllocation", Time since last: 3845229417 ns, Reaching safepoint: 123607 ns, At safepoint: 3375594 ns, Total: 3499201 ns
[690.839s][info ][gc,start       ] GC(292) Pause Young (Allocation Failure)
[690.843s][debug][gc,phases      ] GC(292) Scavenge 3.901ms
[690.843s][debug][gc,ref         ] GC(292) Skipped phase 1 of Reference Processing: no references
[690.843s][debug][gc,ref         ] GC(292) Skipped phase 2 of Reference Processing: no references
[690.843s][debug][gc,ref         ] GC(292) Skipped phase 3 of Reference Processing: no references
[690.843s][debug][gc,ref         ] GC(292) ReferenceProcessor::execute queues: 1, RefProcThreadModel::Single, marks_oops_alive: false
[690.843s][debug][gc,phases      ] GC(292) Reference Processing 0.140ms
[690.843s][debug][gc,phases      ] GC(292)   VM Weak                        Min:  0.0, Avg:  0.0, Max:  0.0, Diff:  0.0, Sum:  0.0, Workers: 4
[690.843s][debug][gc,phases      ] GC(292)     Dead                           Min: 0, Avg:  0.0, Max: 0, Diff: 0, Sum: 0, Workers: 4
[690.843s][debug][gc,phases      ] GC(292)     Total                          Min: 0, Avg: 186.8, Max: 512, Diff: 512, Sum: 747, Workers: 4
[690.843s][debug][gc,phases      ] GC(292)   ObjectSynchronizer Weak        Min:  0.0, Avg:  0.0, Max:  0.0, Diff:  0.0, Sum:  0.0, Workers: 4
[690.843s][debug][gc,phases      ] GC(292)     Dead                           Min: 0, Avg:  0.0, Max: 0, Diff: 0, Sum: 0, Workers: 4
[690.843s][debug][gc,phases      ] GC(292)     Total                          Min: 0, Avg: 139.8, Max: 303, Diff: 303, Sum: 559, Workers: 4
[690.843s][debug][gc,phases      ] GC(292)   JVMTI Tag Weak OopStorage      Min:  0.0, Avg:  0.0, Max:  0.0, Diff:  0.0, Sum:  0.0, Workers: 4
[690.843s][debug][gc,phases      ] GC(292)     Dead                           Min: 0, Avg:  0.0, Max: 0, Diff: 0, Sum: 0, Workers: 4
[690.843s][debug][gc,phases      ] GC(292)     Total                          Min: 0, Avg:  0.0, Max: 0, Diff: 0, Sum: 0, Workers: 4
[690.843s][debug][gc,phases      ] GC(292)   StringTable Weak               Min:  0.1, Avg:  0.1, Max:  0.1, Diff:  0.0, Sum:  0.4, Workers: 4
[690.843s][debug][gc,phases      ] GC(292)     Dead                           Min: 0, Avg:  0.0, Max: 0, Diff: 0, Sum: 0, Workers: 4
[690.843s][debug][gc,phases      ] GC(292)     Total                          Min: 11602, Avg: 12228.5, Max: 12992, Diff: 1390, Sum: 48914, Workers: 4
[690.843s][debug][gc,phases      ] GC(292)   ResolvedMethodTable Weak       Min:  0.0, Avg:  0.0, Max:  0.0, Diff:  0.0, Sum:  0.1, Workers: 4
[690.843s][debug][gc,phases      ] GC(292)     Dead                           Min: 0, Avg:  0.0, Max: 0, Diff: 0, Sum: 0, Workers: 4
[690.843s][debug][gc,phases      ] GC(292)     Total                          Min: 1984, Avg: 2250.5, Max: 2432, Diff: 448, Sum: 9002, Workers: 4
[690.843s][debug][gc,phases      ] GC(292)   JNI Weak                       Min:  0.0, Avg:  0.0, Max:  0.0, Diff:  0.0, Sum:  0.0, Workers: 4
[690.843s][debug][gc,phases      ] GC(292)     Dead                           Min: 0, Avg:  0.0, Max: 0, Diff: 0, Sum: 0, Workers: 4
[690.843s][debug][gc,phases      ] GC(292)     Total                          Min: 0, Avg:  0.0, Max: 0, Diff: 0, Sum: 0, Workers: 4
[690.843s][debug][gc,phases      ] GC(292)   StringDedup Table Weak         Min:  0.0, Avg:  0.0, Max:  0.0, Diff:  0.0, Sum:  0.0, Workers: 4
[690.843s][debug][gc,phases      ] GC(292)     Dead                           Min: 0, Avg:  0.0, Max: 0, Diff: 0, Sum: 0, Workers: 4
[690.843s][debug][gc,phases      ] GC(292)     Total                          Min: 0, Avg:  0.0, Max: 0, Diff: 0, Sum: 0, Workers: 4
[690.843s][debug][gc,phases      ] GC(292)   StringDedup Requests0 Weak     Min:  0.0, Avg:  0.0, Max:  0.0, Diff:  0.0, Sum:  0.0, Workers: 4
[690.843s][debug][gc,phases      ] GC(292)     Dead                           Min: 0, Avg:  0.0, Max: 0, Diff: 0, Sum: 0, Workers: 4
[690.843s][debug][gc,phases      ] GC(292)     Total                          Min: 0, Avg:  0.0, Max: 0, Diff: 0, Sum: 0, Workers: 4
[690.843s][debug][gc,phases      ] GC(292)   StringDedup Requests1 Weak     Min:  0.0, Avg:  0.0, Max:  0.0, Diff:  0.0, Sum:  0.0, Workers: 4
[690.843s][debug][gc,phases      ] GC(292)     Dead                           Min: 0, Avg:  0.0, Max: 0, Diff: 0, Sum: 0, Workers: 4
[690.843s][debug][gc,phases      ] GC(292)     Total                          Min: 0, Avg:  0.0, Max: 0, Diff: 0, Sum: 0, Workers: 4
[690.843s][debug][gc,phases      ] GC(292)   Weak JFR Old Object Samples    Min:  0.0, Avg:  0.0, Max:  0.0, Diff:  0.0, Sum:  0.0, Workers: 4
[690.843s][debug][gc,phases      ] GC(292)     Dead                           Min: 0, Avg:  0.0, Max: 0, Diff: 0, Sum: 0, Workers: 4
[690.843s][debug][gc,phases      ] GC(292)     Total                          Min: 0, Avg:  0.0, Max: 0, Diff: 0, Sum: 0, Workers: 4
[690.843s][debug][gc,phases      ] GC(292) Weak Processing 0.329ms
[690.844s][debug][gc,age         ] GC(292) Desired survivor size 359137280 bytes, new threshold 15 (max threshold 15)
[690.844s][info ][gc,heap        ] GC(292) PSYoungGen: 1359104K(1732608K)->3744K(1721344K) Eden: 1356800K(1356800K)->0K(1356800K) From: 2304K(375808K)->3744K(364544K)
[690.844s][info ][gc,heap        ] GC(292) ParOldGen: 662516K(973824K)->662516K(973824K)
[690.844s][info ][gc,metaspace   ] GC(292) Metaspace: 87161K(88128K)->87161K(88128K) NonClass: 75163K(75712K)->75163K(75712K) Class: 11998K(12416K)->11998K(12416K)
[690.844s][info ][gc             ] GC(292) Pause Young (Allocation Failure) 1974M->650M(2632M) 4.499ms
[690.844s][info ][gc,cpu         ] GC(292) User=0.02s Sys=0.00s Real=0.01s
[690.844s][info ][safepoint      ] Safepoint "ParallelGCFailedAllocation", Time since last: 3951581828 ns, Reaching safepoint: 135807 ns, At safepoint: 4597965 ns, Total: 4733772 ns
[694.884s][info ][gc,start       ] GC(293) Pause Young (Allocation Failure)
[694.887s][debug][gc,phases      ] GC(293) Scavenge 3.240ms
[694.887s][debug][gc,ref         ] GC(293) Skipped phase 1 of Reference Processing: no references
[694.887s][debug][gc,ref         ] GC(293) Skipped phase 2 of Reference Processing: no references
[694.887s][debug][gc,ref         ] GC(293) Skipped phase 3 of Reference Processing: no references
[694.887s][debug][gc,ref         ] GC(293) Skipped phase 4 of Reference Processing: no references
[694.887s][debug][gc,phases      ] GC(293) Reference Processing 0.025ms
[694.887s][debug][gc,phases      ] GC(293)   VM Weak                        Min:  0.0, Avg:  0.0, Max:  0.0, Diff:  0.0, Sum:  0.0, Workers: 4
[694.887s][debug][gc,phases      ] GC(293)     Dead                           Min: 0, Avg:  0.0, Max: 0, Diff: 0, Sum: 0, Workers: 4
[694.887s][debug][gc,phases      ] GC(293)     Total                          Min: 0, Avg: 186.8, Max: 448, Diff: 448, Sum: 747, Workers: 4
[694.887s][debug][gc,phases      ] GC(293)   ObjectSynchronizer Weak        Min:  0.0, Avg:  0.0, Max:  0.0, Diff:  0.0, Sum:  0.0, Workers: 4
[694.887s][debug][gc,phases      ] GC(293)     Dead                           Min: 0, Avg:  0.0, Max: 0, Diff: 0, Sum: 0, Workers: 4
[694.887s][debug][gc,phases      ] GC(293)     Total                          Min: 0, Avg: 139.8, Max: 239, Diff: 239, Sum: 559, Workers: 4
[694.887s][debug][gc,phases      ] GC(293)   JVMTI Tag Weak OopStorage      Min:  0.0, Avg:  0.0, Max:  0.0, Diff:  0.0, Sum:  0.0, Workers: 4
[694.887s][debug][gc,phases      ] GC(293)     Dead                           Min: 0, Avg:  0.0, Max: 0, Diff: 0, Sum: 0, Workers: 4
[694.887s][debug][gc,phases      ] GC(293)     Total                          Min: 0, Avg:  0.0, Max: 0, Diff: 0, Sum: 0, Workers: 4
[694.887s][debug][gc,phases      ] GC(293)   StringTable Weak               Min:  0.1, Avg:  0.1, Max:  0.1, Diff:  0.0, Sum:  0.4, Workers: 4
[694.887s][debug][gc,phases      ] GC(293)     Dead                           Min: 0, Avg:  0.0, Max: 0, Diff: 0, Sum: 0, Workers: 4
[694.887s][debug][gc,phases      ] GC(293)     Total                          Min: 11328, Avg: 12228.5, Max: 13010, Diff: 1682, Sum: 48914, Workers: 4
[694.887s][debug][gc,phases      ] GC(293)   ResolvedMethodTable Weak       Min:  0.0, Avg:  0.0, Max:  0.0, Diff:  0.0, Sum:  0.1, Workers: 4
[694.887s][debug][gc,phases      ] GC(293)     Dead                           Min: 0, Avg:  0.0, Max: 0, Diff: 0, Sum: 0, Workers: 4
[694.887s][debug][gc,phases      ] GC(293)     Total                          Min: 2048, Avg: 2250.5, Max: 2474, Diff: 426, Sum: 9002, Workers: 4
[694.887s][debug][gc,phases      ] GC(293)   JNI Weak                       Min:  0.0, Avg:  0.0, Max:  0.0, Diff:  0.0, Sum:  0.0, Workers: 4
[694.887s][debug][gc,phases      ] GC(293)     Dead                           Min: 0, Avg:  0.0, Max: 0, Diff: 0, Sum: 0, Workers: 4
[694.887s][debug][gc,phases      ] GC(293)     Total                          Min: 0, Avg:  0.0, Max: 0, Diff: 0, Sum: 0, Workers: 4
[694.887s][debug][gc,phases      ] GC(293)   StringDedup Table Weak         Min:  0.0, Avg:  0.0, Max:  0.0, Diff:  0.0, Sum:  0.0, Workers: 4
[694.887s][debug][gc,phases      ] GC(293)     Dead                           Min: 0, Avg:  0.0, Max: 0, Diff: 0, Sum: 0, Workers: 4
[694.887s][debug][gc,phases      ] GC(293)     Total                          Min: 0, Avg:  0.0, Max: 0, Diff: 0, Sum: 0, Workers: 4
[694.887s][debug][gc,phases      ] GC(293)   StringDedup Requests0 Weak     Min:  0.0, Avg:  0.0, Max:  0.0, Diff:  0.0, Sum:  0.0, Workers: 4
[694.887s][debug][gc,phases      ] GC(293)     Dead                           Min: 0, Avg:  0.0, Max: 0, Diff: 0, Sum: 0, Workers: 4
[694.887s][debug][gc,phases      ] GC(293)     Total                          Min: 0, Avg:  0.0, Max: 0, Diff: 0, Sum: 0, Workers: 4
[694.887s][debug][gc,phases      ] GC(293)   StringDedup Requests1 Weak     Min:  0.0, Avg:  0.0, Max:  0.0, Diff:  0.0, Sum:  0.0, Workers: 4
[694.887s][debug][gc,phases      ] GC(293)     Dead                           Min: 0, Avg:  0.0, Max: 0, Diff: 0, Sum: 0, Workers: 4
[694.887s][debug][gc,phases      ] GC(293)     Total                          Min: 0, Avg:  0.0, Max: 0, Diff: 0, Sum: 0, Workers: 4
[694.887s][debug][gc,phases      ] GC(293)   Weak JFR Old Object Samples    Min:  0.0, Avg:  0.0, Max:  0.0, Diff:  0.0, Sum:  0.0, Workers: 4
[694.887s][debug][gc,phases      ] GC(293)     Dead                           Min: 0, Avg:  0.0, Max: 0, Diff: 0, Sum: 0, Workers: 4
[694.887s][debug][gc,phases      ] GC(293)     Total                          Min: 0, Avg:  0.0, Max: 0, Diff: 0, Sum: 0, Workers: 4
[694.887s][debug][gc,phases      ] GC(293) Weak Processing 0.328ms
[694.887s][debug][gc,age         ] GC(293) Desired survivor size 344981504 bytes, new threshold 15 (max threshold 15)
[694.887s][info ][gc,heap        ] GC(293) PSYoungGen: 1360544K(1721344K)->2624K(1760256K) Eden: 1356800K(1356800K)->0K(1409536K) From: 3744K(364544K)->2624K(350720K)
[694.887s][info ][gc,heap        ] GC(293) ParOldGen: 662516K(973824K)->662516K(973824K)
[694.887s][info ][gc,metaspace   ] GC(293) Metaspace: 87161K(88128K)->87161K(88128K) NonClass: 75163K(75712K)->75163K(75712K) Class: 11998K(12416K)->11998K(12416K)
[694.887s][info ][gc             ] GC(293) Pause Young (Allocation Failure) 1975M->649M(2670M) 3.722ms
[694.887s][info ][gc,cpu         ] GC(293) User=0.01s Sys=0.00s Real=0.00s
[694.887s][info ][safepoint      ] Safepoint "ParallelGCFailedAllocation", Time since last: 4039983805 ns, Reaching safepoint: 101206 ns, At safepoint: 3810419 ns, Total: 3911625 ns
[697.888s][info ][safepoint      ] Safepoint "Cleanup", Time since last: 3000231142 ns, Reaching safepoint: 136608 ns, At safepoint: 15901 ns, Total: 152509 ns
[698.888s][info ][safepoint      ] Safepoint "Cleanup", Time since last: 1000115783 ns, Reaching safepoint: 124407 ns, At safepoint: 19101 ns, Total: 143508 ns
[699.002s][info ][gc,start       ] GC(294) Pause Young (Allocation Failure)
[699.005s][debug][gc,phases      ] GC(294) Scavenge 2.701ms
[699.005s][debug][gc,ref         ] GC(294) Skipped phase 1 of Reference Processing: no references
[699.005s][debug][gc,ref         ] GC(294) Skipped phase 2 of Reference Processing: no references
[699.005s][debug][gc,ref         ] GC(294) Skipped phase 3 of Reference Processing: no references
[699.005s][debug][gc,ref         ] GC(294) Skipped phase 4 of Reference Processing: no references
[699.005s][debug][gc,phases      ] GC(294) Reference Processing 0.025ms
[699.005s][debug][gc,phases      ] GC(294)   VM Weak                        Min:  0.0, Avg:  0.0, Max:  0.0, Diff:  0.0, Sum:  0.0, Workers: 4
[699.006s][debug][gc,phases      ] GC(294)     Dead                           Min: 0, Avg:  0.0, Max: 0, Diff: 0, Sum: 0, Workers: 4
[699.006s][debug][gc,phases      ] GC(294)     Total                          Min: 0, Avg: 186.8, Max: 747, Diff: 747, Sum: 747, Workers: 4
[699.006s][debug][gc,phases      ] GC(294)   ObjectSynchronizer Weak        Min:  0.0, Avg:  0.0, Max:  0.0, Diff:  0.0, Sum:  0.0, Workers: 4
[699.006s][debug][gc,phases      ] GC(294)     Dead                           Min: 0, Avg:  0.0, Max: 0, Diff: 0, Sum: 0, Workers: 4
[699.006s][debug][gc,phases      ] GC(294)     Total                          Min: 0, Avg: 139.8, Max: 431, Diff: 431, Sum: 559, Workers: 4
[699.006s][debug][gc,phases      ] GC(294)   JVMTI Tag Weak OopStorage      Min:  0.0, Avg:  0.0, Max:  0.0, Diff:  0.0, Sum:  0.0, Workers: 4
[699.006s][debug][gc,phases      ] GC(294)     Dead                           Min: 0, Avg:  0.0, Max: 0, Diff: 0, Sum: 0, Workers: 4
[699.006s][debug][gc,phases      ] GC(294)     Total                          Min: 0, Avg:  0.0, Max: 0, Diff: 0, Sum: 0, Workers: 4
[699.006s][debug][gc,phases      ] GC(294)   StringTable Weak               Min:  0.1, Avg:  0.1, Max:  0.1, Diff:  0.0, Sum:  0.4, Workers: 4
[699.006s][debug][gc,phases      ] GC(294)     Dead                           Min: 0, Avg:  0.0, Max: 0, Diff: 0, Sum: 0, Workers: 4
[699.006s][debug][gc,phases      ] GC(294)     Total                          Min: 11666, Avg: 12228.5, Max: 13312, Diff: 1646, Sum: 48914, Workers: 4
[699.006s][debug][gc,phases      ] GC(294)   ResolvedMethodTable Weak       Min:  0.0, Avg:  0.0, Max:  0.0, Diff:  0.0, Sum:  0.1, Workers: 4
[699.006s][debug][gc,phases      ] GC(294)     Dead                           Min: 0, Avg:  0.0, Max: 0, Diff: 0, Sum: 0, Workers: 4
[699.006s][debug][gc,phases      ] GC(294)     Total                          Min: 2112, Avg: 2250.5, Max: 2346, Diff: 234, Sum: 9002, Workers: 4
[699.006s][debug][gc,phases      ] GC(294)   JNI Weak                       Min:  0.0, Avg:  0.0, Max:  0.0, Diff:  0.0, Sum:  0.0, Workers: 4
[699.006s][debug][gc,phases      ] GC(294)     Dead                           Min: 0, Avg:  0.0, Max: 0, Diff: 0, Sum: 0, Workers: 4
[699.006s][debug][gc,phases      ] GC(294)     Total                          Min: 0, Avg:  0.0, Max: 0, Diff: 0, Sum: 0, Workers: 4
[699.006s][debug][gc,phases      ] GC(294)   StringDedup Table Weak         Min:  0.0, Avg:  0.0, Max:  0.0, Diff:  0.0, Sum:  0.0, Workers: 4
[699.006s][debug][gc,phases      ] GC(294)     Dead                           Min: 0, Avg:  0.0, Max: 0, Diff: 0, Sum: 0, Workers: 4
[699.006s][debug][gc,phases      ] GC(294)     Total                          Min: 0, Avg:  0.0, Max: 0, Diff: 0, Sum: 0, Workers: 4
[699.006s][debug][gc,phases      ] GC(294)   StringDedup Requests0 Weak     Min:  0.0, Avg:  0.0, Max:  0.0, Diff:  0.0, Sum:  0.0, Workers: 4
[699.006s][debug][gc,phases      ] GC(294)     Dead                           Min: 0, Avg:  0.0, Max: 0, Diff: 0, Sum: 0, Workers: 4
[699.006s][debug][gc,phases      ] GC(294)     Total                          Min: 0, Avg:  0.0, Max: 0, Diff: 0, Sum: 0, Workers: 4
[699.006s][debug][gc,phases      ] GC(294)   StringDedup Requests1 Weak     Min:  0.0, Avg:  0.0, Max:  0.0, Diff:  0.0, Sum:  0.0, Workers: 4
[699.006s][debug][gc,phases      ] GC(294)     Dead                           Min: 0, Avg:  0.0, Max: 0, Diff: 0, Sum: 0, Workers: 4
[699.006s][debug][gc,phases      ] GC(294)     Total                          Min: 0, Avg:  0.0, Max: 0, Diff: 0, Sum: 0, Workers: 4
[699.006s][debug][gc,phases      ] GC(294)   Weak JFR Old Object Samples    Min:  0.0, Avg:  0.0, Max:  0.0, Diff:  0.0, Sum:  0.0, Workers: 4
[699.006s][debug][gc,phases      ] GC(294)     Dead                           Min: 0, Avg:  0.0, Max: 0, Diff: 0, Sum: 0, Workers: 4
[699.006s][debug][gc,phases      ] GC(294)     Total                          Min: 0, Avg:  0.0, Max: 0, Diff: 0, Sum: 0, Workers: 4
[699.006s][debug][gc,phases      ] GC(294) Weak Processing 0.352ms
[699.006s][debug][gc,age         ] GC(294) Desired survivor size 329777152 bytes, new threshold 15 (max threshold 15)
[699.006s][info ][gc,heap        ] GC(294) PSYoungGen: 1412160K(1760256K)->2816K(1746432K) Eden: 1409536K(1409536K)->0K(1409536K) From: 2624K(350720K)->2816K(336896K)
[699.006s][info ][gc,heap        ] GC(294) ParOldGen: 662516K(973824K)->662516K(973824K)
[699.006s][info ][gc,metaspace   ] GC(294) Metaspace: 87162K(88128K)->87162K(88128K) NonClass: 75163K(75712K)->75163K(75712K) Class: 11998K(12416K)->11998K(12416K)
[699.006s][info ][gc             ] GC(294) Pause Young (Allocation Failure) 2026M->649M(2656M) 3.200ms
[699.006s][info ][gc,cpu         ] GC(294) User=0.01s Sys=0.00s Real=0.00s
[699.006s][info ][safepoint      ] Safepoint "ParallelGCFailedAllocation", Time since last: 114279068 ns, Reaching safepoint: 34102 ns, At safepoint: 3277389 ns, Total: 3311491 ns
[700.006s][info ][safepoint      ] Safepoint "Cleanup", Time since last: 1000086280 ns, Reaching safepoint: 113307 ns, At safepoint: 4900 ns, Total: 118207 ns
[701.006s][info ][safepoint      ] Safepoint "Cleanup", Time since last: 1000092981 ns, Reaching safepoint: 128307 ns, At safepoint: 8401 ns, Total: 136708 ns
[702.006s][info ][safepoint      ] Safepoint "Cleanup", Time since last: 1000095681 ns, Reaching safepoint: 122707 ns, At safepoint: 7300 ns, Total: 130007 ns
[702.991s][info ][gc,start       ] GC(295) Pause Young (Allocation Failure)
[702.995s][debug][gc,phases      ] GC(295) Scavenge 3.691ms
[702.995s][debug][gc,ref         ] GC(295) Skipped phase 1 of Reference Processing: no references
[702.995s][debug][gc,ref         ] GC(295) ReferenceProcessor::execute queues: 1, RefProcThreadModel::Single, marks_oops_alive: false
[702.995s][debug][gc,ref         ] GC(295) Skipped phase 3 of Reference Processing: no references
[702.995s][debug][gc,ref         ] GC(295) ReferenceProcessor::execute queues: 1, RefProcThreadModel::Single, marks_oops_alive: false
[702.995s][debug][gc,phases      ] GC(295) Reference Processing 0.122ms
[702.995s][debug][gc,phases      ] GC(295)   VM Weak                        Min:  0.0, Avg:  0.0, Max:  0.0, Diff:  0.0, Sum:  0.0, Workers: 4
[702.995s][debug][gc,phases      ] GC(295)     Dead                           Min: 0, Avg:  0.0, Max: 0, Diff: 0, Sum: 0, Workers: 4
[702.995s][debug][gc,phases      ] GC(295)     Total                          Min: 0, Avg: 186.8, Max: 747, Diff: 747, Sum: 747, Workers: 4
[702.995s][debug][gc,phases      ] GC(295)   ObjectSynchronizer Weak        Min:  0.0, Avg:  0.0, Max:  0.0, Diff:  0.0, Sum:  0.0, Workers: 4
[702.995s][debug][gc,phases      ] GC(295)     Dead                           Min: 0, Avg:  0.0, Max: 0, Diff: 0, Sum: 0, Workers: 4
[702.995s][debug][gc,phases      ] GC(295)     Total                          Min: 0, Avg: 139.8, Max: 303, Diff: 303, Sum: 559, Workers: 4
[702.995s][debug][gc,phases      ] GC(295)   JVMTI Tag Weak OopStorage      Min:  0.0, Avg:  0.0, Max:  0.0, Diff:  0.0, Sum:  0.0, Workers: 4
[702.995s][debug][gc,phases      ] GC(295)     Dead                           Min: 0, Avg:  0.0, Max: 0, Diff: 0, Sum: 0, Workers: 4
[702.995s][debug][gc,phases      ] GC(295)     Total                          Min: 0, Avg:  0.0, Max: 0, Diff: 0, Sum: 0, Workers: 4
[702.995s][debug][gc,phases      ] GC(295)   StringTable Weak               Min:  0.1, Avg:  0.1, Max:  0.1, Diff:  0.0, Sum:  0.4, Workers: 4
[702.995s][debug][gc,phases      ] GC(295)     Dead                           Min: 0, Avg:  0.0, Max: 0, Diff: 0, Sum: 0, Workers: 4
[702.995s][debug][gc,phases      ] GC(295)     Total                          Min: 10496, Avg: 12231.2, Max: 12893, Diff: 2397, Sum: 48925, Workers: 4
[702.995s][debug][gc,phases      ] GC(295)   ResolvedMethodTable Weak       Min:  0.0, Avg:  0.0, Max:  0.0, Diff:  0.0, Sum:  0.1, Workers: 4
[702.995s][debug][gc,phases      ] GC(295)     Dead                           Min: 0, Avg:  1.5, Max: 6, Diff: 6, Sum: 6, Workers: 4
[702.995s][debug][gc,phases      ] GC(295)     Total                          Min: 2176, Avg: 2254.8, Max: 2363, Diff: 187, Sum: 9019, Workers: 4
[702.995s][debug][gc,phases      ] GC(295)   JNI Weak                       Min:  0.0, Avg:  0.0, Max:  0.0, Diff:  0.0, Sum:  0.0, Workers: 4
[702.995s][debug][gc,phases      ] GC(295)     Dead                           Min: 0, Avg:  0.0, Max: 0, Diff: 0, Sum: 0, Workers: 4
[702.995s][debug][gc,phases      ] GC(295)     Total                          Min: 0, Avg:  0.0, Max: 0, Diff: 0, Sum: 0, Workers: 4
[702.995s][debug][gc,phases      ] GC(295)   StringDedup Table Weak         Min:  0.0, Avg:  0.0, Max:  0.0, Diff:  0.0, Sum:  0.0, Workers: 4
[702.995s][debug][gc,phases      ] GC(295)     Dead                           Min: 0, Avg:  0.0, Max: 0, Diff: 0, Sum: 0, Workers: 4
[702.995s][debug][gc,phases      ] GC(295)     Total                          Min: 0, Avg:  0.0, Max: 0, Diff: 0, Sum: 0, Workers: 4
[702.995s][debug][gc,phases      ] GC(295)   StringDedup Requests0 Weak     Min:  0.0, Avg:  0.0, Max:  0.0, Diff:  0.0, Sum:  0.0, Workers: 4
[702.995s][debug][gc,phases      ] GC(295)     Dead                           Min: 0, Avg:  0.0, Max: 0, Diff: 0, Sum: 0, Workers: 4
[702.995s][debug][gc,phases      ] GC(295)     Total                          Min: 0, Avg:  0.0, Max: 0, Diff: 0, Sum: 0, Workers: 4
[702.995s][debug][gc,phases      ] GC(295)   StringDedup Requests1 Weak     Min:  0.0, Avg:  0.0, Max:  0.0, Diff:  0.0, Sum:  0.0, Workers: 4
[702.995s][debug][gc,phases      ] GC(295)     Dead                           Min: 0, Avg:  0.0, Max: 0, Diff: 0, Sum: 0, Workers: 4
[702.995s][debug][gc,phases      ] GC(295)     Total                          Min: 0, Avg:  0.0, Max: 0, Diff: 0, Sum: 0, Workers: 4
[702.995s][debug][gc,phases      ] GC(295)   Weak JFR Old Object Samples    Min:  0.0, Avg:  0.0, Max:  0.0, Diff:  0.0, Sum:  0.0, Workers: 4
[702.995s][debug][gc,phases      ] GC(295)     Dead                           Min: 0, Avg:  0.0, Max: 0, Diff: 0, Sum: 0, Workers: 4
[702.995s][debug][gc,phases      ] GC(295)     Total                          Min: 0, Avg:  0.0, Max: 0, Diff: 0, Sum: 0, Workers: 4
[702.995s][debug][gc,phases      ] GC(295) Weak Processing 0.318ms
[702.995s][debug][gc,age         ] GC(295) Desired survivor size 314048512 bytes, new threshold 15 (max threshold 15)
[702.996s][info ][gc,heap        ] GC(295) PSYoungGen: 1412352K(1746432K)->4688K(1790464K) Eden: 1409536K(1409536K)->0K(1468416K) From: 2816K(336896K)->4688K(322048K)
[702.996s][info ][gc,heap        ] GC(295) ParOldGen: 662516K(973824K)->662516K(973824K)
[702.996s][info ][gc,metaspace   ] GC(295) Metaspace: 87179K(88128K)->87179K(88128K) NonClass: 75175K(75712K)->75175K(75712K) Class: 12003K(12416K)->12003K(12416K)
[702.996s][info ][gc             ] GC(295) Pause Young (Allocation Failure) 2026M->651M(2699M) 4.265ms
[702.996s][info ][gc,cpu         ] GC(295) User=0.01s Sys=0.00s Real=0.01s
[702.996s][info ][safepoint      ] Safepoint "ParallelGCFailedAllocation", Time since last: 984711797 ns, Reaching safepoint: 120007 ns, At safepoint: 4357650 ns, Total: 4477657 ns
[703.996s][info ][safepoint      ] Safepoint "Cleanup", Time since last: 1000094881 ns, Reaching safepoint: 122107 ns, At safepoint: 11500 ns, Total: 133607 ns
[704.996s][info ][safepoint      ] Safepoint "Cleanup", Time since last: 1000100781 ns, Reaching safepoint: 126807 ns, At safepoint: 11601 ns, Total: 138408 ns
[705.996s][info ][safepoint      ] Safepoint "Cleanup", Time since last: 1000095280 ns, Reaching safepoint: 126608 ns, At safepoint: 9300 ns, Total: 135908 ns
[706.996s][info ][safepoint      ] Safepoint "Cleanup", Time since last: 1000095080 ns, Reaching safepoint: 123107 ns, At safepoint: 8901 ns, Total: 132008 ns
[707.237s][info ][safepoint      ] Safepoint "ParallelGCFailedAllocation", Time since last: 240584927 ns, Reaching safepoint: 105906 ns, At safepoint: 14901 ns, Total: 120807 ns
[707.237s][info ][gc,start       ] GC(296) Pause Young (GCLocker Initiated GC)
[707.241s][debug][gc,phases      ] GC(296) Scavenge 3.260ms
[707.241s][debug][gc,ref         ] GC(296) Skipped phase 1 of Reference Processing: no references
[707.241s][debug][gc,ref         ] GC(296) ReferenceProcessor::execute queues: 1, RefProcThreadModel::Single, marks_oops_alive: false
[707.241s][debug][gc,ref         ] GC(296) Skipped phase 3 of Reference Processing: no references
[707.241s][debug][gc,ref         ] GC(296) ReferenceProcessor::execute queues: 1, RefProcThreadModel::Single, marks_oops_alive: false
[707.241s][debug][gc,phases      ] GC(296) Reference Processing 0.136ms
[707.241s][debug][gc,phases      ] GC(296)   VM Weak                        Min:  0.0, Avg:  0.0, Max:  0.0, Diff:  0.0, Sum:  0.0, Workers: 4
[707.241s][debug][gc,phases      ] GC(296)     Dead                           Min: 0, Avg:  0.0, Max: 0, Diff: 0, Sum: 0, Workers: 4
[707.241s][debug][gc,phases      ] GC(296)     Total                          Min: 0, Avg: 186.8, Max: 640, Diff: 640, Sum: 747, Workers: 4
[707.241s][debug][gc,phases      ] GC(296)   ObjectSynchronizer Weak        Min:  0.0, Avg:  0.0, Max:  0.0, Diff:  0.0, Sum:  0.0, Workers: 4
[707.241s][debug][gc,phases      ] GC(296)     Dead                           Min: 0, Avg:  0.0, Max: 0, Diff: 0, Sum: 0, Workers: 4
[707.241s][debug][gc,phases      ] GC(296)     Total                          Min: 0, Avg: 139.8, Max: 303, Diff: 303, Sum: 559, Workers: 4
[707.241s][debug][gc,phases      ] GC(296)   JVMTI Tag Weak OopStorage      Min:  0.0, Avg:  0.0, Max:  0.0, Diff:  0.0, Sum:  0.0, Workers: 4
[707.241s][debug][gc,phases      ] GC(296)     Dead                           Min: 0, Avg:  0.0, Max: 0, Diff: 0, Sum: 0, Workers: 4
[707.241s][debug][gc,phases      ] GC(296)     Total                          Min: 0, Avg:  0.0, Max: 0, Diff: 0, Sum: 0, Workers: 4
[707.241s][debug][gc,phases      ] GC(296)   StringTable Weak               Min:  0.1, Avg:  0.1, Max:  0.1, Diff:  0.0, Sum:  0.4, Workers: 4
[707.241s][debug][gc,phases      ] GC(296)     Dead                           Min: 0, Avg:  0.0, Max: 0, Diff: 0, Sum: 0, Workers: 4
[707.241s][debug][gc,phases      ] GC(296)     Total                          Min: 11904, Avg: 12231.5, Max: 13022, Diff: 1118, Sum: 48926, Workers: 4
[707.241s][debug][gc,phases      ] GC(296)   ResolvedMethodTable Weak       Min:  0.0, Avg:  0.0, Max:  0.0, Diff:  0.0, Sum:  0.1, Workers: 4
[707.241s][debug][gc,phases      ] GC(296)     Dead                           Min: 0, Avg:  0.0, Max: 0, Diff: 0, Sum: 0, Workers: 4
[707.241s][debug][gc,phases      ] GC(296)     Total                          Min: 2048, Avg: 2254.8, Max: 2363, Diff: 315, Sum: 9019, Workers: 4
[707.241s][debug][gc,phases      ] GC(296)   JNI Weak                       Min:  0.0, Avg:  0.0, Max:  0.0, Diff:  0.0, Sum:  0.0, Workers: 4
[707.241s][debug][gc,phases      ] GC(296)     Dead                           Min: 0, Avg:  0.0, Max: 0, Diff: 0, Sum: 0, Workers: 4
[707.241s][debug][gc,phases      ] GC(296)     Total                          Min: 0, Avg:  0.0, Max: 0, Diff: 0, Sum: 0, Workers: 4
[707.241s][debug][gc,phases      ] GC(296)   StringDedup Table Weak         Min:  0.0, Avg:  0.0, Max:  0.0, Diff:  0.0, Sum:  0.0, Workers: 4
[707.241s][debug][gc,phases      ] GC(296)     Dead                           Min: 0, Avg:  0.0, Max: 0, Diff: 0, Sum: 0, Workers: 4
[707.241s][debug][gc,phases      ] GC(296)     Total                          Min: 0, Avg:  0.0, Max: 0, Diff: 0, Sum: 0, Workers: 4
[707.241s][debug][gc,phases      ] GC(296)   StringDedup Requests0 Weak     Min:  0.0, Avg:  0.0, Max:  0.0, Diff:  0.0, Sum:  0.0, Workers: 4
[707.241s][debug][gc,phases      ] GC(296)     Dead                           Min: 0, Avg:  0.0, Max: 0, Diff: 0, Sum: 0, Workers: 4
[707.241s][debug][gc,phases      ] GC(296)     Total                          Min: 0, Avg:  0.0, Max: 0, Diff: 0, Sum: 0, Workers: 4
[707.241s][debug][gc,phases      ] GC(296)   StringDedup Requests1 Weak     Min:  0.0, Avg:  0.0, Max:  0.0, Diff:  0.0, Sum:  0.0, Workers: 4
[707.241s][debug][gc,phases      ] GC(296)     Dead                           Min: 0, Avg:  0.0, Max: 0, Diff: 0, Sum: 0, Workers: 4
[707.241s][debug][gc,phases      ] GC(296)     Total                          Min: 0, Avg:  0.0, Max: 0, Diff: 0, Sum: 0, Workers: 4
[707.241s][debug][gc,phases      ] GC(296)   Weak JFR Old Object Samples    Min:  0.0, Avg:  0.0, Max:  0.0, Diff:  0.0, Sum:  0.0, Workers: 4
[707.241s][debug][gc,phases      ] GC(296)     Dead                           Min: 0, Avg:  0.0, Max: 0, Diff: 0, Sum: 0, Workers: 4
[707.241s][debug][gc,phases      ] GC(296)     Total                          Min: 0, Avg:  0.0, Max: 0, Diff: 0, Sum: 0, Workers: 4
[707.241s][debug][gc,phases      ] GC(296) Weak Processing 0.310ms
[707.241s][debug][gc,age         ] GC(296) Desired survivor size 297795584 bytes, new threshold 15 (max threshold 15)
[707.241s][info ][gc,heap        ] GC(296) PSYoungGen: 1473104K(1790464K)->4368K(1775104K) Eden: 1468416K(1468416K)->0K(1468416K) From: 4688K(322048K)->4368K(306688K)
[707.241s][info ][gc,heap        ] GC(296) ParOldGen: 662516K(973824K)->662516K(973824K)
[707.241s][info ][gc,metaspace   ] GC(296) Metaspace: 87184K(88128K)->87184K(88128K) NonClass: 75179K(75712K)->75179K(75712K) Class: 12004K(12416K)->12004K(12416K)
[707.241s][info ][gc             ] GC(296) Pause Young (GCLocker Initiated GC) 2085M->651M(2684M) 3.809ms
[707.241s][info ][gc,cpu         ] GC(296) User=0.02s Sys=0.00s Real=0.00s
[707.241s][info ][safepoint      ] Safepoint "ParallelGCSystemGC", Time since last: 72804 ns, Reaching safepoint: 86905 ns, At safepoint: 3888824 ns, Total: 3975729 ns
[709.242s][info ][safepoint      ] Safepoint "Cleanup", Time since last: 2000160858 ns, Reaching safepoint: 123907 ns, At safepoint: 10700 ns, Total: 134607 ns
[711.488s][info ][gc,start       ] GC(297) Pause Young (Allocation Failure)
[711.491s][debug][gc,phases      ] GC(297) Scavenge 3.318ms
[711.491s][debug][gc,ref         ] GC(297) Skipped phase 1 of Reference Processing: no references
[711.491s][debug][gc,ref         ] GC(297) ReferenceProcessor::execute queues: 1, RefProcThreadModel::Single, marks_oops_alive: false
[711.491s][debug][gc,ref         ] GC(297) Skipped phase 3 of Reference Processing: no references
[711.491s][debug][gc,ref         ] GC(297) Skipped phase 4 of Reference Processing: no references
[711.491s][debug][gc,phases      ] GC(297) Reference Processing 0.114ms
[711.492s][debug][gc,phases      ] GC(297)   VM Weak                        Min:  0.0, Avg:  0.0, Max:  0.0, Diff:  0.0, Sum:  0.0, Workers: 4
[711.492s][debug][gc,phases      ] GC(297)     Dead                           Min: 0, Avg:  0.0, Max: 0, Diff: 0, Sum: 0, Workers: 4
[711.492s][debug][gc,phases      ] GC(297)     Total                          Min: 0, Avg: 186.8, Max: 640, Diff: 640, Sum: 747, Workers: 4
[711.492s][debug][gc,phases      ] GC(297)   ObjectSynchronizer Weak        Min:  0.0, Avg:  0.0, Max:  0.0, Diff:  0.0, Sum:  0.0, Workers: 4
[711.492s][debug][gc,phases      ] GC(297)     Dead                           Min: 0, Avg:  0.0, Max: 0, Diff: 0, Sum: 0, Workers: 4
[711.492s][debug][gc,phases      ] GC(297)     Total                          Min: 0, Avg: 139.8, Max: 239, Diff: 239, Sum: 559, Workers: 4
[711.492s][debug][gc,phases      ] GC(297)   JVMTI Tag Weak OopStorage      Min:  0.0, Avg:  0.0, Max:  0.0, Diff:  0.0, Sum:  0.0, Workers: 4
[711.492s][debug][gc,phases      ] GC(297)     Dead                           Min: 0, Avg:  0.0, Max: 0, Diff: 0, Sum: 0, Workers: 4
[711.492s][debug][gc,phases      ] GC(297)     Total                          Min: 0, Avg:  0.0, Max: 0, Diff: 0, Sum: 0, Workers: 4
[711.492s][debug][gc,phases      ] GC(297)   StringTable Weak               Min:  0.1, Avg:  0.1, Max:  0.1, Diff:  0.0, Sum:  0.4, Workers: 4
[711.492s][debug][gc,phases      ] GC(297)     Dead                           Min: 0, Avg:  0.0, Max: 0, Diff: 0, Sum: 0, Workers: 4
[711.492s][debug][gc,phases      ] GC(297)     Total                          Min: 11648, Avg: 12232.0, Max: 12896, Diff: 1248, Sum: 48928, Workers: 4
[711.492s][debug][gc,phases      ] GC(297)   ResolvedMethodTable Weak       Min:  0.0, Avg:  0.0, Max:  0.0, Diff:  0.0, Sum:  0.1, Workers: 4
[711.492s][debug][gc,phases      ] GC(297)     Dead                           Min: 0, Avg:  0.0, Max: 0, Diff: 0, Sum: 0, Workers: 4
[711.492s][debug][gc,phases      ] GC(297)     Total                          Min: 1728, Avg: 2254.8, Max: 2491, Diff: 763, Sum: 9019, Workers: 4
[711.492s][debug][gc,phases      ] GC(297)   JNI Weak                       Min:  0.0, Avg:  0.0, Max:  0.0, Diff:  0.0, Sum:  0.0, Workers: 4
[711.492s][debug][gc,phases      ] GC(297)     Dead                           Min: 0, Avg:  0.0, Max: 0, Diff: 0, Sum: 0, Workers: 4
[711.492s][debug][gc,phases      ] GC(297)     Total                          Min: 0, Avg:  0.0, Max: 0, Diff: 0, Sum: 0, Workers: 4
[711.492s][debug][gc,phases      ] GC(297)   StringDedup Table Weak         Min:  0.0, Avg:  0.0, Max:  0.0, Diff:  0.0, Sum:  0.0, Workers: 4
[711.492s][debug][gc,phases      ] GC(297)     Dead                           Min: 0, Avg:  0.0, Max: 0, Diff: 0, Sum: 0, Workers: 4
[711.492s][debug][gc,phases      ] GC(297)     Total                          Min: 0, Avg:  0.0, Max: 0, Diff: 0, Sum: 0, Workers: 4
[711.492s][debug][gc,phases      ] GC(297)   StringDedup Requests0 Weak     Min:  0.0, Avg:  0.0, Max:  0.0, Diff:  0.0, Sum:  0.0, Workers: 4
[711.492s][debug][gc,phases      ] GC(297)     Dead                           Min: 0, Avg:  0.0, Max: 0, Diff: 0, Sum: 0, Workers: 4
[711.492s][debug][gc,phases      ] GC(297)     Total                          Min: 0, Avg:  0.0, Max: 0, Diff: 0, Sum: 0, Workers: 4
[711.492s][debug][gc,phases      ] GC(297)   StringDedup Requests1 Weak     Min:  0.0, Avg:  0.0, Max:  0.0, Diff:  0.0, Sum:  0.0, Workers: 4
[711.492s][debug][gc,phases      ] GC(297)     Dead                           Min: 0, Avg:  0.0, Max: 0, Diff: 0, Sum: 0, Workers: 4
[711.492s][debug][gc,phases      ] GC(297)     Total                          Min: 0, Avg:  0.0, Max: 0, Diff: 0, Sum: 0, Workers: 4
[711.492s][debug][gc,phases      ] GC(297)   Weak JFR Old Object Samples    Min:  0.0, Avg:  0.0, Max:  0.0, Diff:  0.0, Sum:  0.0, Workers: 4
[711.492s][debug][gc,phases      ] GC(297)     Dead                           Min: 0, Avg:  0.0, Max: 0, Diff: 0, Sum: 0, Workers: 4
[711.492s][debug][gc,phases      ] GC(297)     Total                          Min: 0, Avg:  0.0, Max: 0, Diff: 0, Sum: 0, Workers: 4
[711.492s][debug][gc,phases      ] GC(297) Weak Processing 0.338ms
[711.492s][debug][gc,age         ] GC(297) Desired survivor size 282066944 bytes, new threshold 15 (max threshold 15)
[711.492s][info ][gc,heap        ] GC(297) PSYoungGen: 1472784K(1775104K)->4960K(1821696K) Eden: 1468416K(1468416K)->0K(1530880K) From: 4368K(306688K)->4960K(290816K)
[711.492s][info ][gc,heap        ] GC(297) ParOldGen: 662534K(973824K)->662534K(973824K)
[711.492s][info ][gc,metaspace   ] GC(297) Metaspace: 87186K(88128K)->87186K(88128K) NonClass: 75180K(75712K)->75180K(75712K) Class: 12006K(12416K)->12006K(12416K)
[711.492s][info ][gc             ] GC(297) Pause Young (Allocation Failure) 2085M->651M(2730M) 3.886ms
[711.492s][info ][gc,cpu         ] GC(297) User=0.02s Sys=0.00s Real=0.00s
[711.492s][info ][safepoint      ] Safepoint "ParallelGCFailedAllocation", Time since last: 2246220800 ns, Reaching safepoint: 36902 ns, At safepoint: 3984429 ns, Total: 4021331 ns
[715.897s][info ][gc,start       ] GC(298) Pause Young (Allocation Failure)
[715.901s][debug][gc,phases      ] GC(298) Scavenge 3.462ms
[715.901s][debug][gc,ref         ] GC(298) Skipped phase 1 of Reference Processing: no references
[715.901s][debug][gc,ref         ] GC(298) ReferenceProcessor::execute queues: 1, RefProcThreadModel::Single, marks_oops_alive: false
[715.901s][debug][gc,ref         ] GC(298) Skipped phase 3 of Reference Processing: no references
[715.901s][debug][gc,ref         ] GC(298) ReferenceProcessor::execute queues: 1, RefProcThreadModel::Single, marks_oops_alive: false
[715.901s][debug][gc,phases      ] GC(298) Reference Processing 0.119ms
[715.901s][debug][gc,phases      ] GC(298)   VM Weak                        Min:  0.0, Avg:  0.0, Max:  0.0, Diff:  0.0, Sum:  0.0, Workers: 4
[715.901s][debug][gc,phases      ] GC(298)     Dead                           Min: 0, Avg:  0.0, Max: 0, Diff: 0, Sum: 0, Workers: 4
[715.901s][debug][gc,phases      ] GC(298)     Total                          Min: 0, Avg: 186.8, Max: 747, Diff: 747, Sum: 747, Workers: 4
[715.901s][debug][gc,phases      ] GC(298)   ObjectSynchronizer Weak        Min:  0.0, Avg:  0.0, Max:  0.0, Diff:  0.0, Sum:  0.0, Workers: 4
[715.901s][debug][gc,phases      ] GC(298)     Dead                           Min: 0, Avg:  0.0, Max: 0, Diff: 0, Sum: 0, Workers: 4
[715.901s][debug][gc,phases      ] GC(298)     Total                          Min: 0, Avg: 139.8, Max: 303, Diff: 303, Sum: 559, Workers: 4
[715.901s][debug][gc,phases      ] GC(298)   JVMTI Tag Weak OopStorage      Min:  0.0, Avg:  0.0, Max:  0.0, Diff:  0.0, Sum:  0.0, Workers: 4
[715.901s][debug][gc,phases      ] GC(298)     Dead                           Min: 0, Avg:  0.0, Max: 0, Diff: 0, Sum: 0, Workers: 4
[715.901s][debug][gc,phases      ] GC(298)     Total                          Min: 0, Avg:  0.0, Max: 0, Diff: 0, Sum: 0, Workers: 4
[715.901s][debug][gc,phases      ] GC(298)   StringTable Weak               Min:  0.1, Avg:  0.1, Max:  0.1, Diff:  0.0, Sum:  0.4, Workers: 4
[715.901s][debug][gc,phases      ] GC(298)     Dead                           Min: 0, Avg:  0.0, Max: 0, Diff: 0, Sum: 0, Workers: 4
[715.901s][debug][gc,phases      ] GC(298)     Total                          Min: 11392, Avg: 12232.5, Max: 12928, Diff: 1536, Sum: 48930, Workers: 4
[715.901s][debug][gc,phases      ] GC(298)   ResolvedMethodTable Weak       Min:  0.0, Avg:  0.0, Max:  0.0, Diff:  0.0, Sum:  0.1, Workers: 4
[715.901s][debug][gc,phases      ] GC(298)     Dead                           Min: 0, Avg:  0.0, Max: 0, Diff: 0, Sum: 0, Workers: 4
[715.901s][debug][gc,phases      ] GC(298)     Total                          Min: 2112, Avg: 2254.8, Max: 2363, Diff: 251, Sum: 9019, Workers: 4
[715.901s][debug][gc,phases      ] GC(298)   JNI Weak                       Min:  0.0, Avg:  0.0, Max:  0.0, Diff:  0.0, Sum:  0.0, Workers: 4
[715.901s][debug][gc,phases      ] GC(298)     Dead                           Min: 0, Avg:  0.0, Max: 0, Diff: 0, Sum: 0, Workers: 4
[715.901s][debug][gc,phases      ] GC(298)     Total                          Min: 0, Avg:  0.0, Max: 0, Diff: 0, Sum: 0, Workers: 4
[715.901s][debug][gc,phases      ] GC(298)   StringDedup Table Weak         Min:  0.0, Avg:  0.0, Max:  0.0, Diff:  0.0, Sum:  0.0, Workers: 4
[715.901s][debug][gc,phases      ] GC(298)     Dead                           Min: 0, Avg:  0.0, Max: 0, Diff: 0, Sum: 0, Workers: 4
[715.901s][debug][gc,phases      ] GC(298)     Total                          Min: 0, Avg:  0.0, Max: 0, Diff: 0, Sum: 0, Workers: 4
[715.901s][debug][gc,phases      ] GC(298)   StringDedup Requests0 Weak     Min:  0.0, Avg:  0.0, Max:  0.0, Diff:  0.0, Sum:  0.0, Workers: 4
[715.901s][debug][gc,phases      ] GC(298)     Dead                           Min: 0, Avg:  0.0, Max: 0, Diff: 0, Sum: 0, Workers: 4
[715.901s][debug][gc,phases      ] GC(298)     Total                          Min: 0, Avg:  0.0, Max: 0, Diff: 0, Sum: 0, Workers: 4
[715.901s][debug][gc,phases      ] GC(298)   StringDedup Requests1 Weak     Min:  0.0, Avg:  0.0, Max:  0.0, Diff:  0.0, Sum:  0.0, Workers: 4
[715.901s][debug][gc,phases      ] GC(298)     Dead                           Min: 0, Avg:  0.0, Max: 0, Diff: 0, Sum: 0, Workers: 4
[715.901s][debug][gc,phases      ] GC(298)     Total                          Min: 0, Avg:  0.0, Max: 0, Diff: 0, Sum: 0, Workers: 4
[715.901s][debug][gc,phases      ] GC(298)   Weak JFR Old Object Samples    Min:  0.0, Avg:  0.0, Max:  0.0, Diff:  0.0, Sum:  0.0, Workers: 4
[715.901s][debug][gc,phases      ] GC(298)     Dead                           Min: 0, Avg:  0.0, Max: 0, Diff: 0, Sum: 0, Workers: 4
[715.901s][debug][gc,phases      ] GC(298)     Total                          Min: 0, Avg:  0.0, Max: 0, Diff: 0, Sum: 0, Workers: 4
[715.901s][debug][gc,phases      ] GC(298) Weak Processing 0.343ms
[715.901s][debug][gc,age         ] GC(298) Desired survivor size 266338304 bytes, new threshold 15 (max threshold 15)
[715.901s][info ][gc,heap        ] GC(298) PSYoungGen: 1535840K(1821696K)->5280K(1806336K) Eden: 1530880K(1530880K)->0K(1530880K) From: 4960K(290816K)->5280K(275456K)
[715.901s][info ][gc,heap        ] GC(298) ParOldGen: 662534K(973824K)->662534K(973824K)
[715.901s][info ][gc,metaspace   ] GC(298) Metaspace: 87187K(88128K)->87187K(88128K) NonClass: 75180K(75712K)->75180K(75712K) Class: 12006K(12416K)->12006K(12416K)
[715.901s][info ][gc             ] GC(298) Pause Young (Allocation Failure) 2146M->652M(2715M) 4.051ms
[715.901s][info ][gc,cpu         ] GC(298) User=0.01s Sys=0.00s Real=0.00s
[715.901s][info ][safepoint      ] Safepoint "ParallelGCFailedAllocation", Time since last: 4405222283 ns, Reaching safepoint: 121907 ns, At safepoint: 4146038 ns, Total: 4267945 ns
[718.902s][info ][safepoint      ] Safepoint "Cleanup", Time since last: 3000238732 ns, Reaching safepoint: 126507 ns, At safepoint: 7201 ns, Total: 133708 ns
[719.902s][info ][safepoint      ] Safepoint "Cleanup", Time since last: 1000102178 ns, Reaching safepoint: 132408 ns, At safepoint: 11900 ns, Total: 144308 ns
[720.384s][info ][gc,start       ] GC(299) Pause Young (Allocation Failure)
[720.387s][debug][gc,phases      ] GC(299) Scavenge 3.341ms
[720.387s][debug][gc,ref         ] GC(299) Skipped phase 1 of Reference Processing: no references
[720.387s][debug][gc,ref         ] GC(299) ReferenceProcessor::execute queues: 1, RefProcThreadModel::Single, marks_oops_alive: false
[720.387s][debug][gc,ref         ] GC(299) Skipped phase 3 of Reference Processing: no references
[720.387s][debug][gc,ref         ] GC(299) Skipped phase 4 of Reference Processing: no references
[720.387s][debug][gc,phases      ] GC(299) Reference Processing 0.124ms
[720.387s][debug][gc,phases      ] GC(299)   VM Weak                        Min:  0.0, Avg:  0.0, Max:  0.0, Diff:  0.0, Sum:  0.0, Workers: 4
[720.387s][debug][gc,phases      ] GC(299)     Dead                           Min: 0, Avg:  0.0, Max: 0, Diff: 0, Sum: 0, Workers: 4
[720.387s][debug][gc,phases      ] GC(299)     Total                          Min: 0, Avg: 186.8, Max: 448, Diff: 448, Sum: 747, Workers: 4
[720.387s][debug][gc,phases      ] GC(299)   ObjectSynchronizer Weak        Min:  0.0, Avg:  0.0, Max:  0.0, Diff:  0.0, Sum:  0.0, Workers: 4
[720.387s][debug][gc,phases      ] GC(299)     Dead                           Min: 0, Avg:  0.0, Max: 0, Diff: 0, Sum: 0, Workers: 4
[720.387s][debug][gc,phases      ] GC(299)     Total                          Min: 0, Avg: 139.8, Max: 239, Diff: 239, Sum: 559, Workers: 4
[720.387s][debug][gc,phases      ] GC(299)   JVMTI Tag Weak OopStorage      Min:  0.0, Avg:  0.0, Max:  0.0, Diff:  0.0, Sum:  0.0, Workers: 4
[720.387s][debug][gc,phases      ] GC(299)     Dead                           Min: 0, Avg:  0.0, Max: 0, Diff: 0, Sum: 0, Workers: 4
[720.387s][debug][gc,phases      ] GC(299)     Total                          Min: 0, Avg:  0.0, Max: 0, Diff: 0, Sum: 0, Workers: 4
[720.387s][debug][gc,phases      ] GC(299)   StringTable Weak               Min:  0.1, Avg:  0.1, Max:  0.1, Diff:  0.0, Sum:  0.4, Workers: 4
[720.387s][debug][gc,phases      ] GC(299)     Dead                           Min: 0, Avg:  0.0, Max: 0, Diff: 0, Sum: 0, Workers: 4
[720.387s][debug][gc,phases      ] GC(299)     Total                          Min: 11170, Avg: 12232.5, Max: 13056, Diff: 1886, Sum: 48930, Workers: 4
[720.387s][debug][gc,phases      ] GC(299)   ResolvedMethodTable Weak       Min:  0.0, Avg:  0.0, Max:  0.0, Diff:  0.0, Sum:  0.1, Workers: 4
[720.387s][debug][gc,phases      ] GC(299)     Dead                           Min: 0, Avg:  0.0, Max: 0, Diff: 0, Sum: 0, Workers: 4
[720.387s][debug][gc,phases      ] GC(299)     Total                          Min: 2112, Avg: 2254.8, Max: 2368, Diff: 256, Sum: 9019, Workers: 4
[720.388s][debug][gc,phases      ] GC(299)   JNI Weak                       Min:  0.0, Avg:  0.0, Max:  0.0, Diff:  0.0, Sum:  0.0, Workers: 4
[720.388s][debug][gc,phases      ] GC(299)     Dead                           Min: 0, Avg:  0.0, Max: 0, Diff: 0, Sum: 0, Workers: 4
[720.388s][debug][gc,phases      ] GC(299)     Total                          Min: 0, Avg:  0.0, Max: 0, Diff: 0, Sum: 0, Workers: 4
[720.388s][debug][gc,phases      ] GC(299)   StringDedup Table Weak         Min:  0.0, Avg:  0.0, Max:  0.0, Diff:  0.0, Sum:  0.0, Workers: 4
[720.388s][debug][gc,phases      ] GC(299)     Dead                           Min: 0, Avg:  0.0, Max: 0, Diff: 0, Sum: 0, Workers: 4
[720.388s][debug][gc,phases      ] GC(299)     Total                          Min: 0, Avg:  0.0, Max: 0, Diff: 0, Sum: 0, Workers: 4
[720.388s][debug][gc,phases      ] GC(299)   StringDedup Requests0 Weak     Min:  0.0, Avg:  0.0, Max:  0.0, Diff:  0.0, Sum:  0.0, Workers: 4
[720.388s][debug][gc,phases      ] GC(299)     Dead                           Min: 0, Avg:  0.0, Max: 0, Diff: 0, Sum: 0, Workers: 4
[720.388s][debug][gc,phases      ] GC(299)     Total                          Min: 0, Avg:  0.0, Max: 0, Diff: 0, Sum: 0, Workers: 4
[720.388s][debug][gc,phases      ] GC(299)   StringDedup Requests1 Weak     Min:  0.0, Avg:  0.0, Max:  0.0, Diff:  0.0, Sum:  0.0, Workers: 4
[720.388s][debug][gc,phases      ] GC(299)     Dead                           Min: 0, Avg:  0.0, Max: 0, Diff: 0, Sum: 0, Workers: 4
[720.388s][debug][gc,phases      ] GC(299)     Total                          Min: 0, Avg:  0.0, Max: 0, Diff: 0, Sum: 0, Workers: 4
[720.388s][debug][gc,phases      ] GC(299)   Weak JFR Old Object Samples    Min:  0.0, Avg:  0.0, Max:  0.0, Diff:  0.0, Sum:  0.0, Workers: 4
[720.388s][debug][gc,phases      ] GC(299)     Dead                           Min: 0, Avg:  0.0, Max: 0, Diff: 0, Sum: 0, Workers: 4
[720.388s][debug][gc,phases      ] GC(299)     Total                          Min: 0, Avg:  0.0, Max: 0, Diff: 0, Sum: 0, Workers: 4
[720.388s][debug][gc,phases      ] GC(299) Weak Processing 0.340ms
[720.388s][debug][gc,age         ] GC(299) Desired survivor size 251133952 bytes, new threshold 15 (max threshold 15)
[720.388s][info ][gc,heap        ] GC(299) PSYoungGen: 1536160K(1806336K)->4112K(1851904K) Eden: 1530880K(1530880K)->0K(1591808K) From: 5280K(275456K)->4112K(260096K)
[720.388s][info ][gc,heap        ] GC(299) ParOldGen: 662534K(973824K)->662534K(973824K)
[720.388s][info ][gc,metaspace   ] GC(299) Metaspace: 87187K(88128K)->87187K(88128K) NonClass: 75180K(75712K)->75180K(75712K) Class: 12006K(12416K)->12006K(12416K)
[720.388s][info ][gc             ] GC(299) Pause Young (Allocation Failure) 2147M->651M(2759M) 3.947ms
[720.388s][info ][gc,cpu         ] GC(299) User=0.01s Sys=0.00s Real=0.00s
[720.388s][info ][safepoint      ] Safepoint "ParallelGCFailedAllocation", Time since last: 481627781 ns, Reaching safepoint: 119306 ns, At safepoint: 4042033 ns, Total: 4161339 ns
[723.388s][info ][safepoint      ] Safepoint "Cleanup", Time since last: 3000297133 ns, Reaching safepoint: 129707 ns, At safepoint: 11101 ns, Total: 140808 ns
[725.039s][info ][gc,start       ] GC(300) Pause Young (Allocation Failure)
[725.043s][debug][gc,phases      ] GC(300) Scavenge 3.492ms
[725.043s][debug][gc,ref         ] GC(300) Skipped phase 1 of Reference Processing: no references
[725.043s][debug][gc,ref         ] GC(300) ReferenceProcessor::execute queues: 1, RefProcThreadModel::Single, marks_oops_alive: false
[725.043s][debug][gc,ref         ] GC(300) Skipped phase 3 of Reference Processing: no references
[725.043s][debug][gc,ref         ] GC(300) Skipped phase 4 of Reference Processing: no references
[725.043s][debug][gc,phases      ] GC(300) Reference Processing 0.115ms
[725.043s][debug][gc,phases      ] GC(300)   VM Weak                        Min:  0.0, Avg:  0.0, Max:  0.0, Diff:  0.0, Sum:  0.0, Workers: 4
[725.043s][debug][gc,phases      ] GC(300)     Dead                           Min: 0, Avg:  0.0, Max: 0, Diff: 0, Sum: 0, Workers: 4
[725.043s][debug][gc,phases      ] GC(300)     Total                          Min: 0, Avg: 186.8, Max: 683, Diff: 683, Sum: 747, Workers: 4
[725.043s][debug][gc,phases      ] GC(300)   ObjectSynchronizer Weak        Min:  0.0, Avg:  0.0, Max:  0.0, Diff:  0.0, Sum:  0.0, Workers: 4
[725.043s][debug][gc,phases      ] GC(300)     Dead                           Min: 0, Avg:  0.0, Max: 0, Diff: 0, Sum: 0, Workers: 4
[725.043s][debug][gc,phases      ] GC(300)     Total                          Min: 0, Avg: 139.8, Max: 256, Diff: 256, Sum: 559, Workers: 4
[725.043s][debug][gc,phases      ] GC(300)   JVMTI Tag Weak OopStorage      Min:  0.0, Avg:  0.0, Max:  0.0, Diff:  0.0, Sum:  0.0, Workers: 4
[725.043s][debug][gc,phases      ] GC(300)     Dead                           Min: 0, Avg:  0.0, Max: 0, Diff: 0, Sum: 0, Workers: 4
[725.043s][debug][gc,phases      ] GC(300)     Total                          Min: 0, Avg:  0.0, Max: 0, Diff: 0, Sum: 0, Workers: 4
[725.043s][debug][gc,phases      ] GC(300)   StringTable Weak               Min:  0.1, Avg:  0.1, Max:  0.1, Diff:  0.0, Sum:  0.4, Workers: 4
[725.043s][debug][gc,phases      ] GC(300)     Dead                           Min: 0, Avg:  0.0, Max: 0, Diff: 0, Sum: 0, Workers: 4
[725.043s][debug][gc,phases      ] GC(300)     Total                          Min: 11584, Avg: 12232.5, Max: 12706, Diff: 1122, Sum: 48930, Workers: 4
[725.043s][debug][gc,phases      ] GC(300)   ResolvedMethodTable Weak       Min:  0.0, Avg:  0.0, Max:  0.0, Diff:  0.0, Sum:  0.1, Workers: 4
[725.043s][debug][gc,phases      ] GC(300)     Dead                           Min: 0, Avg:  0.0, Max: 0, Diff: 0, Sum: 0, Workers: 4
[725.043s][debug][gc,phases      ] GC(300)     Total                          Min: 2171, Avg: 2254.8, Max: 2368, Diff: 197, Sum: 9019, Workers: 4
[725.043s][debug][gc,phases      ] GC(300)   JNI Weak                       Min:  0.0, Avg:  0.0, Max:  0.0, Diff:  0.0, Sum:  0.0, Workers: 4
[725.043s][debug][gc,phases      ] GC(300)     Dead                           Min: 0, Avg:  0.0, Max: 0, Diff: 0, Sum: 0, Workers: 4
[725.043s][debug][gc,phases      ] GC(300)     Total                          Min: 0, Avg:  0.0, Max: 0, Diff: 0, Sum: 0, Workers: 4
[725.043s][debug][gc,phases      ] GC(300)   StringDedup Table Weak         Min:  0.0, Avg:  0.0, Max:  0.0, Diff:  0.0, Sum:  0.0, Workers: 4
[725.043s][debug][gc,phases      ] GC(300)     Dead                           Min: 0, Avg:  0.0, Max: 0, Diff: 0, Sum: 0, Workers: 4
[725.043s][debug][gc,phases      ] GC(300)     Total                          Min: 0, Avg:  0.0, Max: 0, Diff: 0, Sum: 0, Workers: 4
[725.043s][debug][gc,phases      ] GC(300)   StringDedup Requests0 Weak     Min:  0.0, Avg:  0.0, Max:  0.0, Diff:  0.0, Sum:  0.0, Workers: 4
[725.043s][debug][gc,phases      ] GC(300)     Dead                           Min: 0, Avg:  0.0, Max: 0, Diff: 0, Sum: 0, Workers: 4
[725.043s][debug][gc,phases      ] GC(300)     Total                          Min: 0, Avg:  0.0, Max: 0, Diff: 0, Sum: 0, Workers: 4
[725.043s][debug][gc,phases      ] GC(300)   StringDedup Requests1 Weak     Min:  0.0, Avg:  0.0, Max:  0.0, Diff:  0.0, Sum:  0.0, Workers: 4
[725.043s][debug][gc,phases      ] GC(300)     Dead                           Min: 0, Avg:  0.0, Max: 0, Diff: 0, Sum: 0, Workers: 4
[725.043s][debug][gc,phases      ] GC(300)     Total                          Min: 0, Avg:  0.0, Max: 0, Diff: 0, Sum: 0, Workers: 4
[725.043s][debug][gc,phases      ] GC(300)   Weak JFR Old Object Samples    Min:  0.0, Avg:  0.0, Max:  0.0, Diff:  0.0, Sum:  0.0, Workers: 4
[725.043s][debug][gc,phases      ] GC(300)     Dead                           Min: 0, Avg:  0.0, Max: 0, Diff: 0, Sum: 0, Workers: 4
[725.043s][debug][gc,phases      ] GC(300)     Total                          Min: 0, Avg:  0.0, Max: 0, Diff: 0, Sum: 0, Workers: 4
[725.043s][debug][gc,phases      ] GC(300) Weak Processing 0.333ms
[725.043s][debug][gc,age         ] GC(300) Desired survivor size 236453888 bytes, new threshold 15 (max threshold 15)
[725.043s][info ][gc,heap        ] GC(300) PSYoungGen: 1595920K(1851904K)->5168K(1837056K) Eden: 1591808K(1591808K)->0K(1591808K) From: 4112K(260096K)->5168K(245248K)
[725.043s][info ][gc,heap        ] GC(300) ParOldGen: 662534K(973824K)->662706K(973824K)
[725.043s][info ][gc,metaspace   ] GC(300) Metaspace: 87187K(88128K)->87187K(88128K) NonClass: 75180K(75712K)->75180K(75712K) Class: 12006K(12416K)->12006K(12416K)
[725.043s][info ][gc             ] GC(300) Pause Young (Allocation Failure) 2205M->652M(2745M) 4.064ms
[725.043s][info ][gc,cpu         ] GC(300) User=0.02s Sys=0.00s Real=0.01s
[725.043s][info ][safepoint      ] Safepoint "ParallelGCFailedAllocation", Time since last: 1651024887 ns, Reaching safepoint: 47403 ns, At safepoint: 4157039 ns, Total: 4204442 ns
[727.044s][info ][safepoint      ] Safepoint "Cleanup", Time since last: 2000163452 ns, Reaching safepoint: 127007 ns, At safepoint: 9101 ns, Total: 136108 ns
[729.757s][info ][gc,start       ] GC(301) Pause Young (Allocation Failure)
[729.760s][debug][gc,phases      ] GC(301) Scavenge 3.138ms
[729.760s][debug][gc,ref         ] GC(301) Skipped phase 1 of Reference Processing: no references
[729.760s][debug][gc,ref         ] GC(301) ReferenceProcessor::execute queues: 1, RefProcThreadModel::Single, marks_oops_alive: false
[729.760s][debug][gc,ref         ] GC(301) Skipped phase 3 of Reference Processing: no references
[729.760s][debug][gc,ref         ] GC(301) Skipped phase 4 of Reference Processing: no references
[729.760s][debug][gc,phases      ] GC(301) Reference Processing 0.117ms
[729.760s][debug][gc,phases      ] GC(301)   VM Weak                        Min:  0.0, Avg:  0.0, Max:  0.0, Diff:  0.0, Sum:  0.0, Workers: 4
[729.760s][debug][gc,phases      ] GC(301)     Dead                           Min: 0, Avg:  0.0, Max: 0, Diff: 0, Sum: 0, Workers: 4
[729.760s][debug][gc,phases      ] GC(301)     Total                          Min: 0, Avg: 186.8, Max: 747, Diff: 747, Sum: 747, Workers: 4
[729.760s][debug][gc,phases      ] GC(301)   ObjectSynchronizer Weak        Min:  0.0, Avg:  0.0, Max:  0.0, Diff:  0.0, Sum:  0.0, Workers: 4
[729.760s][debug][gc,phases      ] GC(301)     Dead                           Min: 0, Avg:  0.0, Max: 0, Diff: 0, Sum: 0, Workers: 4
[729.760s][debug][gc,phases      ] GC(301)     Total                          Min: 0, Avg: 139.8, Max: 367, Diff: 367, Sum: 559, Workers: 4
[729.760s][debug][gc,phases      ] GC(301)   JVMTI Tag Weak OopStorage      Min:  0.0, Avg:  0.0, Max:  0.0, Diff:  0.0, Sum:  0.0, Workers: 4
[729.760s][debug][gc,phases      ] GC(301)     Dead                           Min: 0, Avg:  0.0, Max: 0, Diff: 0, Sum: 0, Workers: 4
[729.760s][debug][gc,phases      ] GC(301)     Total                          Min: 0, Avg:  0.0, Max: 0, Diff: 0, Sum: 0, Workers: 4
[729.760s][debug][gc,phases      ] GC(301)   StringTable Weak               Min:  0.1, Avg:  0.1, Max:  0.1, Diff:  0.0, Sum:  0.4, Workers: 4
[729.760s][debug][gc,phases      ] GC(301)     Dead                           Min: 0, Avg:  0.0, Max: 0, Diff: 0, Sum: 0, Workers: 4
[729.760s][debug][gc,phases      ] GC(301)     Total                          Min: 11136, Avg: 12232.5, Max: 13282, Diff: 2146, Sum: 48930, Workers: 4
[729.760s][debug][gc,phases      ] GC(301)   ResolvedMethodTable Weak       Min:  0.0, Avg:  0.0, Max:  0.0, Diff:  0.0, Sum:  0.1, Workers: 4
[729.760s][debug][gc,phases      ] GC(301)     Dead                           Min: 0, Avg:  0.0, Max: 0, Diff: 0, Sum: 0, Workers: 4
[729.760s][debug][gc,phases      ] GC(301)     Total                          Min: 1920, Avg: 2254.8, Max: 2560, Diff: 640, Sum: 9019, Workers: 4
[729.760s][debug][gc,phases      ] GC(301)   JNI Weak                       Min:  0.0, Avg:  0.0, Max:  0.0, Diff:  0.0, Sum:  0.0, Workers: 4
[729.760s][debug][gc,phases      ] GC(301)     Dead                           Min: 0, Avg:  0.0, Max: 0, Diff: 0, Sum: 0, Workers: 4
[729.760s][debug][gc,phases      ] GC(301)     Total                          Min: 0, Avg:  0.0, Max: 0, Diff: 0, Sum: 0, Workers: 4
[729.760s][debug][gc,phases      ] GC(301)   StringDedup Table Weak         Min:  0.0, Avg:  0.0, Max:  0.0, Diff:  0.0, Sum:  0.0, Workers: 4
[729.760s][debug][gc,phases      ] GC(301)     Dead                           Min: 0, Avg:  0.0, Max: 0, Diff: 0, Sum: 0, Workers: 4
[729.760s][debug][gc,phases      ] GC(301)     Total                          Min: 0, Avg:  0.0, Max: 0, Diff: 0, Sum: 0, Workers: 4
[729.760s][debug][gc,phases      ] GC(301)   StringDedup Requests0 Weak     Min:  0.0, Avg:  0.0, Max:  0.0, Diff:  0.0, Sum:  0.0, Workers: 4
[729.760s][debug][gc,phases      ] GC(301)     Dead                           Min: 0, Avg:  0.0, Max: 0, Diff: 0, Sum: 0, Workers: 4
[729.760s][debug][gc,phases      ] GC(301)     Total                          Min: 0, Avg:  0.0, Max: 0, Diff: 0, Sum: 0, Workers: 4
[729.760s][debug][gc,phases      ] GC(301)   StringDedup Requests1 Weak     Min:  0.0, Avg:  0.0, Max:  0.0, Diff:  0.0, Sum:  0.0, Workers: 4
[729.760s][debug][gc,phases      ] GC(301)     Dead                           Min: 0, Avg:  0.0, Max: 0, Diff: 0, Sum: 0, Workers: 4
[729.760s][debug][gc,phases      ] GC(301)     Total                          Min: 0, Avg:  0.0, Max: 0, Diff: 0, Sum: 0, Workers: 4
[729.760s][debug][gc,phases      ] GC(301)   Weak JFR Old Object Samples    Min:  0.0, Avg:  0.0, Max:  0.0, Diff:  0.0, Sum:  0.0, Workers: 4
[729.760s][debug][gc,phases      ] GC(301)     Dead                           Min: 0, Avg:  0.0, Max: 0, Diff: 0, Sum: 0, Workers: 4
[729.761s][debug][gc,phases      ] GC(301)     Total                          Min: 0, Avg:  0.0, Max: 0, Diff: 0, Sum: 0, Workers: 4
[729.761s][debug][gc,phases      ] GC(301) Weak Processing 0.332ms
[729.761s][debug][gc,age         ] GC(301) Desired survivor size 222298112 bytes, new threshold 15 (max threshold 15)
[729.761s][info ][gc,heap        ] GC(301) PSYoungGen: 1596976K(1837056K)->3856K(1880064K) Eden: 1591808K(1591808K)->0K(1649152K) From: 5168K(245248K)->3856K(230912K)
[729.761s][info ][gc,heap        ] GC(301) ParOldGen: 662706K(973824K)->662806K(973824K)
[729.761s][info ][gc,metaspace   ] GC(301) Metaspace: 87187K(88128K)->87187K(88128K) NonClass: 75181K(75712K)->75181K(75712K) Class: 12006K(12416K)->12006K(12416K)
[729.761s][info ][gc             ] GC(301) Pause Young (Allocation Failure) 2206M->651M(2787M) 3.725ms
[729.761s][info ][gc,cpu         ] GC(301) User=0.01s Sys=0.00s Real=0.00s
[729.761s][info ][safepoint      ] Safepoint "ParallelGCFailedAllocation", Time since last: 2713019520 ns, Reaching safepoint: 117306 ns, At safepoint: 3816620 ns, Total: 3933926 ns
[734.597s][info ][gc,start       ] GC(302) Pause Young (Allocation Failure)
[734.600s][debug][gc,phases      ] GC(302) Scavenge 3.432ms
[734.600s][debug][gc,ref         ] GC(302) Skipped phase 1 of Reference Processing: no references
[734.600s][debug][gc,ref         ] GC(302) ReferenceProcessor::execute queues: 1, RefProcThreadModel::Single, marks_oops_alive: false
[734.600s][debug][gc,ref         ] GC(302) Skipped phase 3 of Reference Processing: no references
[734.600s][debug][gc,ref         ] GC(302) ReferenceProcessor::execute queues: 1, RefProcThreadModel::Single, marks_oops_alive: false
[734.600s][debug][gc,phases      ] GC(302) Reference Processing 0.114ms
[734.600s][debug][gc,phases      ] GC(302)   VM Weak                        Min:  0.0, Avg:  0.0, Max:  0.0, Diff:  0.0, Sum:  0.0, Workers: 4
[734.600s][debug][gc,phases      ] GC(302)     Dead                           Min: 0, Avg:  0.0, Max: 0, Diff: 0, Sum: 0, Workers: 4
[734.600s][debug][gc,phases      ] GC(302)     Total                          Min: 0, Avg: 186.8, Max: 448, Diff: 448, Sum: 747, Workers: 4
[734.600s][debug][gc,phases      ] GC(302)   ObjectSynchronizer Weak        Min:  0.0, Avg:  0.0, Max:  0.0, Diff:  0.0, Sum:  0.0, Workers: 4
[734.600s][debug][gc,phases      ] GC(302)     Dead                           Min: 0, Avg:  0.0, Max: 0, Diff: 0, Sum: 0, Workers: 4
[734.600s][debug][gc,phases      ] GC(302)     Total                          Min: 0, Avg: 139.8, Max: 239, Diff: 239, Sum: 559, Workers: 4
[734.600s][debug][gc,phases      ] GC(302)   JVMTI Tag Weak OopStorage      Min:  0.0, Avg:  0.0, Max:  0.0, Diff:  0.0, Sum:  0.0, Workers: 4
[734.600s][debug][gc,phases      ] GC(302)     Dead                           Min: 0, Avg:  0.0, Max: 0, Diff: 0, Sum: 0, Workers: 4
[734.600s][debug][gc,phases      ] GC(302)     Total                          Min: 0, Avg:  0.0, Max: 0, Diff: 0, Sum: 0, Workers: 4
[734.600s][debug][gc,phases      ] GC(302)   StringTable Weak               Min:  0.1, Avg:  0.1, Max:  0.1, Diff:  0.0, Sum:  0.4, Workers: 4
[734.600s][debug][gc,phases      ] GC(302)     Dead                           Min: 0, Avg:  0.0, Max: 0, Diff: 0, Sum: 0, Workers: 4
[734.600s][debug][gc,phases      ] GC(302)     Total                          Min: 11682, Avg: 12232.5, Max: 13248, Diff: 1566, Sum: 48930, Workers: 4
[734.600s][debug][gc,phases      ] GC(302)   ResolvedMethodTable Weak       Min:  0.0, Avg:  0.0, Max:  0.0, Diff:  0.0, Sum:  0.1, Workers: 4
[734.600s][debug][gc,phases      ] GC(302)     Dead                           Min: 0, Avg:  0.0, Max: 0, Diff: 0, Sum: 0, Workers: 4
[734.600s][debug][gc,phases      ] GC(302)     Total                          Min: 2112, Avg: 2254.8, Max: 2432, Diff: 320, Sum: 9019, Workers: 4
[734.600s][debug][gc,phases      ] GC(302)   JNI Weak                       Min:  0.0, Avg:  0.0, Max:  0.0, Diff:  0.0, Sum:  0.0, Workers: 4
[734.600s][debug][gc,phases      ] GC(302)     Dead                           Min: 0, Avg:  0.0, Max: 0, Diff: 0, Sum: 0, Workers: 4
[734.600s][debug][gc,phases      ] GC(302)     Total                          Min: 0, Avg:  0.0, Max: 0, Diff: 0, Sum: 0, Workers: 4
[734.600s][debug][gc,phases      ] GC(302)   StringDedup Table Weak         Min:  0.0, Avg:  0.0, Max:  0.0, Diff:  0.0, Sum:  0.0, Workers: 4
[734.600s][debug][gc,phases      ] GC(302)     Dead                           Min: 0, Avg:  0.0, Max: 0, Diff: 0, Sum: 0, Workers: 4
[734.600s][debug][gc,phases      ] GC(302)     Total                          Min: 0, Avg:  0.0, Max: 0, Diff: 0, Sum: 0, Workers: 4
[734.600s][debug][gc,phases      ] GC(302)   StringDedup Requests0 Weak     Min:  0.0, Avg:  0.0, Max:  0.0, Diff:  0.0, Sum:  0.0, Workers: 4
[734.600s][debug][gc,phases      ] GC(302)     Dead                           Min: 0, Avg:  0.0, Max: 0, Diff: 0, Sum: 0, Workers: 4
[734.600s][debug][gc,phases      ] GC(302)     Total                          Min: 0, Avg:  0.0, Max: 0, Diff: 0, Sum: 0, Workers: 4
[734.600s][debug][gc,phases      ] GC(302)   StringDedup Requests1 Weak     Min:  0.0, Avg:  0.0, Max:  0.0, Diff:  0.0, Sum:  0.0, Workers: 4
[734.601s][debug][gc,phases      ] GC(302)     Dead                           Min: 0, Avg:  0.0, Max: 0, Diff: 0, Sum: 0, Workers: 4
[734.601s][debug][gc,phases      ] GC(302)     Total                          Min: 0, Avg:  0.0, Max: 0, Diff: 0, Sum: 0, Workers: 4
[734.601s][debug][gc,phases      ] GC(302)   Weak JFR Old Object Samples    Min:  0.0, Avg:  0.0, Max:  0.0, Diff:  0.0, Sum:  0.0, Workers: 4
[734.601s][debug][gc,phases      ] GC(302)     Dead                           Min: 0, Avg:  0.0, Max: 0, Diff: 0, Sum: 0, Workers: 4
[734.601s][debug][gc,phases      ] GC(302)     Total                          Min: 0, Avg:  0.0, Max: 0, Diff: 0, Sum: 0, Workers: 4
[734.601s][debug][gc,phases      ] GC(302) Weak Processing 0.338ms
[734.601s][debug][gc,age         ] GC(302) Desired survivor size 208142336 bytes, new threshold 15 (max threshold 15)
[734.601s][info ][gc,heap        ] GC(302) PSYoungGen: 1653008K(1880064K)->5328K(1866240K) Eden: 1649152K(1649152K)->0K(1649152K) From: 3856K(230912K)->5328K(217088K)
[734.601s][info ][gc,heap        ] GC(302) ParOldGen: 662806K(973824K)->662886K(973824K)
[734.601s][info ][gc,metaspace   ] GC(302) Metaspace: 87188K(88128K)->87188K(88128K) NonClass: 75181K(75712K)->75181K(75712K) Class: 12006K(12416K)->12006K(12416K)
[734.601s][info ][gc             ] GC(302) Pause Young (Allocation Failure) 2261M->652M(2773M) 4.013ms
[734.601s][info ][gc,cpu         ] GC(302) User=0.01s Sys=0.00s Real=0.00s
[734.601s][info ][safepoint      ] Safepoint "ParallelGCFailedAllocation", Time since last: 4835802115 ns, Reaching safepoint: 107906 ns, At safepoint: 4104836 ns, Total: 4212742 ns
[739.439s][info ][gc,start       ] GC(303) Pause Young (Allocation Failure)
[739.443s][debug][gc,phases      ] GC(303) Scavenge 3.963ms
[739.443s][debug][gc,ref         ] GC(303) Skipped phase 1 of Reference Processing: no references
[739.443s][debug][gc,ref         ] GC(303) ReferenceProcessor::execute queues: 1, RefProcThreadModel::Single, marks_oops_alive: false
[739.443s][debug][gc,ref         ] GC(303) Skipped phase 3 of Reference Processing: no references
[739.443s][debug][gc,ref         ] GC(303) ReferenceProcessor::execute queues: 1, RefProcThreadModel::Single, marks_oops_alive: false
[739.443s][debug][gc,phases      ] GC(303) Reference Processing 0.137ms
[739.443s][debug][gc,phases      ] GC(303)   VM Weak                        Min:  0.0, Avg:  0.0, Max:  0.0, Diff:  0.0, Sum:  0.0, Workers: 4
[739.443s][debug][gc,phases      ] GC(303)     Dead                           Min: 0, Avg:  0.0, Max: 0, Diff: 0, Sum: 0, Workers: 4
[739.443s][debug][gc,phases      ] GC(303)     Total                          Min: 0, Avg: 186.8, Max: 747, Diff: 747, Sum: 747, Workers: 4
[739.443s][debug][gc,phases      ] GC(303)   ObjectSynchronizer Weak        Min:  0.0, Avg:  0.0, Max:  0.0, Diff:  0.0, Sum:  0.0, Workers: 4
[739.443s][debug][gc,phases      ] GC(303)     Dead                           Min: 0, Avg:  0.0, Max: 0, Diff: 0, Sum: 0, Workers: 4
[739.443s][debug][gc,phases      ] GC(303)     Total                          Min: 0, Avg: 139.8, Max: 303, Diff: 303, Sum: 559, Workers: 4
[739.443s][debug][gc,phases      ] GC(303)   JVMTI Tag Weak OopStorage      Min:  0.0, Avg:  0.0, Max:  0.0, Diff:  0.0, Sum:  0.0, Workers: 4
[739.443s][debug][gc,phases      ] GC(303)     Dead                           Min: 0, Avg:  0.0, Max: 0, Diff: 0, Sum: 0, Workers: 4
[739.443s][debug][gc,phases      ] GC(303)     Total                          Min: 0, Avg:  0.0, Max: 0, Diff: 0, Sum: 0, Workers: 4
[739.443s][debug][gc,phases      ] GC(303)   StringTable Weak               Min:  0.1, Avg:  0.1, Max:  0.1, Diff:  0.0, Sum:  0.4, Workers: 4
[739.443s][debug][gc,phases      ] GC(303)     Dead                           Min: 0, Avg:  0.0, Max: 0, Diff: 0, Sum: 0, Workers: 4
[739.443s][debug][gc,phases      ] GC(303)     Total                          Min: 11776, Avg: 12232.5, Max: 12514, Diff: 738, Sum: 48930, Workers: 4
[739.443s][debug][gc,phases      ] GC(303)   ResolvedMethodTable Weak       Min:  0.0, Avg:  0.0, Max:  0.0, Diff:  0.0, Sum:  0.1, Workers: 4
[739.443s][debug][gc,phases      ] GC(303)     Dead                           Min: 0, Avg:  0.0, Max: 0, Diff: 0, Sum: 0, Workers: 4
[739.443s][debug][gc,phases      ] GC(303)     Total                          Min: 2048, Avg: 2254.8, Max: 2432, Diff: 384, Sum: 9019, Workers: 4
[739.443s][debug][gc,phases      ] GC(303)   JNI Weak                       Min:  0.0, Avg:  0.0, Max:  0.0, Diff:  0.0, Sum:  0.0, Workers: 4
[739.443s][debug][gc,phases      ] GC(303)     Dead                           Min: 0, Avg:  0.0, Max: 0, Diff: 0, Sum: 0, Workers: 4
[739.443s][debug][gc,phases      ] GC(303)     Total                          Min: 0, Avg:  0.0, Max: 0, Diff: 0, Sum: 0, Workers: 4
[739.443s][debug][gc,phases      ] GC(303)   StringDedup Table Weak         Min:  0.0, Avg:  0.0, Max:  0.0, Diff:  0.0, Sum:  0.0, Workers: 4
[739.443s][debug][gc,phases      ] GC(303)     Dead                           Min: 0, Avg:  0.0, Max: 0, Diff: 0, Sum: 0, Workers: 4
[739.443s][debug][gc,phases      ] GC(303)     Total                          Min: 0, Avg:  0.0, Max: 0, Diff: 0, Sum: 0, Workers: 4
[739.443s][debug][gc,phases      ] GC(303)   StringDedup Requests0 Weak     Min:  0.0, Avg:  0.0, Max:  0.0, Diff:  0.0, Sum:  0.0, Workers: 4
[739.443s][debug][gc,phases      ] GC(303)     Dead                           Min: 0, Avg:  0.0, Max: 0, Diff: 0, Sum: 0, Workers: 4
[739.443s][debug][gc,phases      ] GC(303)     Total                          Min: 0, Avg:  0.0, Max: 0, Diff: 0, Sum: 0, Workers: 4
[739.443s][debug][gc,phases      ] GC(303)   StringDedup Requests1 Weak     Min:  0.0, Avg:  0.0, Max:  0.0, Diff:  0.0, Sum:  0.0, Workers: 4
[739.443s][debug][gc,phases      ] GC(303)     Dead                           Min: 0, Avg:  0.0, Max: 0, Diff: 0, Sum: 0, Workers: 4
[739.443s][debug][gc,phases      ] GC(303)     Total                          Min: 0, Avg:  0.0, Max: 0, Diff: 0, Sum: 0, Workers: 4
[739.443s][debug][gc,phases      ] GC(303)   Weak JFR Old Object Samples    Min:  0.0, Avg:  0.0, Max:  0.0, Diff:  0.0, Sum:  0.0, Workers: 4
[739.443s][debug][gc,phases      ] GC(303)     Dead                           Min: 0, Avg:  0.0, Max: 0, Diff: 0, Sum: 0, Workers: 4
[739.443s][debug][gc,phases      ] GC(303)     Total                          Min: 0, Avg:  0.0, Max: 0, Diff: 0, Sum: 0, Workers: 4
[739.443s][debug][gc,phases      ] GC(303) Weak Processing 0.320ms
[739.443s][debug][gc,age         ] GC(303) Desired survivor size 195035136 bytes, new threshold 15 (max threshold 15)
[739.443s][info ][gc,heap        ] GC(303) PSYoungGen: 1654480K(1866240K)->5136K(1906688K) Eden: 1649152K(1649152K)->0K(1703424K) From: 5328K(217088K)->5136K(203264K)
[739.443s][info ][gc,heap        ] GC(303) ParOldGen: 662886K(973824K)->663022K(973824K)
[739.443s][info ][gc,metaspace   ] GC(303) Metaspace: 87188K(88128K)->87188K(88128K) NonClass: 75182K(75712K)->75182K(75712K) Class: 12006K(12416K)->12006K(12416K)
[739.443s][info ][gc             ] GC(303) Pause Young (Allocation Failure) 2263M->652M(2813M) 4.555ms
[739.443s][info ][gc,cpu         ] GC(303) User=0.01s Sys=0.00s Real=0.01s
[739.443s][info ][safepoint      ] Safepoint "ParallelGCFailedAllocation", Time since last: 4838052941 ns, Reaching safepoint: 126108 ns, At safepoint: 4646467 ns, Total: 4772575 ns
[741.444s][info ][safepoint      ] Safepoint "Cleanup", Time since last: 2000151947 ns, Reaching safepoint: 127507 ns, At safepoint: 14901 ns, Total: 142408 ns
[742.444s][info ][safepoint      ] Safepoint "Cleanup", Time since last: 1000188379 ns, Reaching safepoint: 125908 ns, At safepoint: 11500 ns, Total: 137408 ns
[744.385s][info ][gc,start       ] GC(304) Pause Young (Allocation Failure)
[744.388s][debug][gc,phases      ] GC(304) Scavenge 3.532ms
[744.388s][debug][gc,ref         ] GC(304) Skipped phase 1 of Reference Processing: no references
[744.388s][debug][gc,ref         ] GC(304) ReferenceProcessor::execute queues: 1, RefProcThreadModel::Single, marks_oops_alive: false
[744.388s][debug][gc,ref         ] GC(304) Skipped phase 3 of Reference Processing: no references
[744.388s][debug][gc,ref         ] GC(304) Skipped phase 4 of Reference Processing: no references
[744.388s][debug][gc,phases      ] GC(304) Reference Processing 0.119ms
[744.389s][debug][gc,phases      ] GC(304)   VM Weak                        Min:  0.0, Avg:  0.0, Max:  0.0, Diff:  0.0, Sum:  0.0, Workers: 4
[744.389s][debug][gc,phases      ] GC(304)     Dead                           Min: 0, Avg:  0.0, Max: 0, Diff: 0, Sum: 0, Workers: 4
[744.389s][debug][gc,phases      ] GC(304)     Total                          Min: 0, Avg: 186.8, Max: 555, Diff: 555, Sum: 747, Workers: 4
[744.389s][debug][gc,phases      ] GC(304)   ObjectSynchronizer Weak        Min:  0.0, Avg:  0.0, Max:  0.0, Diff:  0.0, Sum:  0.0, Workers: 4
[744.389s][debug][gc,phases      ] GC(304)     Dead                           Min: 0, Avg:  0.0, Max: 0, Diff: 0, Sum: 0, Workers: 4
[744.389s][debug][gc,phases      ] GC(304)     Total                          Min: 0, Avg: 139.8, Max: 303, Diff: 303, Sum: 559, Workers: 4
[744.389s][debug][gc,phases      ] GC(304)   JVMTI Tag Weak OopStorage      Min:  0.0, Avg:  0.0, Max:  0.0, Diff:  0.0, Sum:  0.0, Workers: 4
[744.389s][debug][gc,phases      ] GC(304)     Dead                           Min: 0, Avg:  0.0, Max: 0, Diff: 0, Sum: 0, Workers: 4
[744.389s][debug][gc,phases      ] GC(304)     Total                          Min: 0, Avg:  0.0, Max: 0, Diff: 0, Sum: 0, Workers: 4
[744.389s][debug][gc,phases      ] GC(304)   StringTable Weak               Min:  0.1, Avg:  0.1, Max:  0.1, Diff:  0.0, Sum:  0.4, Workers: 4
[744.389s][debug][gc,phases      ] GC(304)     Dead                           Min: 0, Avg:  0.0, Max: 0, Diff: 0, Sum: 0, Workers: 4
[744.389s][debug][gc,phases      ] GC(304)     Total                          Min: 11136, Avg: 12232.5, Max: 13730, Diff: 2594, Sum: 48930, Workers: 4
[744.389s][debug][gc,phases      ] GC(304)   ResolvedMethodTable Weak       Min:  0.0, Avg:  0.0, Max:  0.0, Diff:  0.0, Sum:  0.1, Workers: 4
[744.389s][debug][gc,phases      ] GC(304)     Dead                           Min: 0, Avg:  0.0, Max: 0, Diff: 0, Sum: 0, Workers: 4
[744.389s][debug][gc,phases      ] GC(304)     Total                          Min: 2112, Avg: 2254.8, Max: 2432, Diff: 320, Sum: 9019, Workers: 4
[744.389s][debug][gc,phases      ] GC(304)   JNI Weak                       Min:  0.0, Avg:  0.0, Max:  0.0, Diff:  0.0, Sum:  0.0, Workers: 4
[744.389s][debug][gc,phases      ] GC(304)     Dead                           Min: 0, Avg:  0.0, Max: 0, Diff: 0, Sum: 0, Workers: 4
[744.389s][debug][gc,phases      ] GC(304)     Total                          Min: 0, Avg:  0.0, Max: 0, Diff: 0, Sum: 0, Workers: 4
[744.389s][debug][gc,phases      ] GC(304)   StringDedup Table Weak         Min:  0.0, Avg:  0.0, Max:  0.0, Diff:  0.0, Sum:  0.0, Workers: 4
[744.389s][debug][gc,phases      ] GC(304)     Dead                           Min: 0, Avg:  0.0, Max: 0, Diff: 0, Sum: 0, Workers: 4
[744.389s][debug][gc,phases      ] GC(304)     Total                          Min: 0, Avg:  0.0, Max: 0, Diff: 0, Sum: 0, Workers: 4
[744.389s][debug][gc,phases      ] GC(304)   StringDedup Requests0 Weak     Min:  0.0, Avg:  0.0, Max:  0.0, Diff:  0.0, Sum:  0.0, Workers: 4
[744.389s][debug][gc,phases      ] GC(304)     Dead                           Min: 0, Avg:  0.0, Max: 0, Diff: 0, Sum: 0, Workers: 4
[744.389s][debug][gc,phases      ] GC(304)     Total                          Min: 0, Avg:  0.0, Max: 0, Diff: 0, Sum: 0, Workers: 4
[744.389s][debug][gc,phases      ] GC(304)   StringDedup Requests1 Weak     Min:  0.0, Avg:  0.0, Max:  0.0, Diff:  0.0, Sum:  0.0, Workers: 4
[744.389s][debug][gc,phases      ] GC(304)     Dead                           Min: 0, Avg:  0.0, Max: 0, Diff: 0, Sum: 0, Workers: 4
[744.389s][debug][gc,phases      ] GC(304)     Total                          Min: 0, Avg:  0.0, Max: 0, Diff: 0, Sum: 0, Workers: 4
[744.389s][debug][gc,phases      ] GC(304)   Weak JFR Old Object Samples    Min:  0.0, Avg:  0.0, Max:  0.0, Diff:  0.0, Sum:  0.0, Workers: 4
[744.389s][debug][gc,phases      ] GC(304)     Dead                           Min: 0, Avg:  0.0, Max: 0, Diff: 0, Sum: 0, Workers: 4
[744.389s][debug][gc,phases      ] GC(304)     Total                          Min: 0, Avg:  0.0, Max: 0, Diff: 0, Sum: 0, Workers: 4
[744.389s][debug][gc,phases      ] GC(304) Weak Processing 0.342ms
[744.389s][debug][gc,age         ] GC(304) Desired survivor size 182452224 bytes, new threshold 15 (max threshold 15)
[744.389s][info ][gc,heap        ] GC(304) PSYoungGen: 1708560K(1906688K)->3904K(1893888K) Eden: 1703423K(1703424K)->0K(1703424K) From: 5136K(203264K)->3904K(190464K)
[744.389s][info ][gc,heap        ] GC(304) ParOldGen: 663022K(973824K)->663118K(973824K)
[744.389s][info ][gc,metaspace   ] GC(304) Metaspace: 87191K(88128K)->87191K(88128K) NonClass: 75185K(75712K)->75185K(75712K) Class: 12006K(12416K)->12006K(12416K)
[744.389s][info ][gc             ] GC(304) Pause Young (Allocation Failure) 2315M->651M(2800M) 4.126ms
[744.389s][info ][gc,cpu         ] GC(304) User=0.02s Sys=0.00s Real=0.00s
[744.389s][info ][safepoint      ] Safepoint "ParallelGCFailedAllocation", Time since last: 1940395212 ns, Reaching safepoint: 141108 ns, At safepoint: 4215343 ns, Total: 4356451 ns
[749.343s][info ][gc,start       ] GC(305) Pause Young (Allocation Failure)
[749.347s][debug][gc,phases      ] GC(305) Scavenge 4.088ms
[749.347s][debug][gc,ref         ] GC(305) Skipped phase 1 of Reference Processing: no references
[749.347s][debug][gc,ref         ] GC(305) ReferenceProcessor::execute queues: 1, RefProcThreadModel::Single, marks_oops_alive: false
[749.347s][debug][gc,ref         ] GC(305) Skipped phase 3 of Reference Processing: no references
[749.347s][debug][gc,ref         ] GC(305) ReferenceProcessor::execute queues: 1, RefProcThreadModel::Single, marks_oops_alive: false
[749.347s][debug][gc,phases      ] GC(305) Reference Processing 0.127ms
[749.348s][debug][gc,phases      ] GC(305)   VM Weak                        Min:  0.0, Avg:  0.0, Max:  0.0, Diff:  0.0, Sum:  0.0, Workers: 4
[749.348s][debug][gc,phases      ] GC(305)     Dead                           Min: 0, Avg:  0.0, Max: 0, Diff: 0, Sum: 0, Workers: 4
[749.348s][debug][gc,phases      ] GC(305)     Total                          Min: 0, Avg: 186.8, Max: 555, Diff: 555, Sum: 747, Workers: 4
[749.348s][debug][gc,phases      ] GC(305)   ObjectSynchronizer Weak        Min:  0.0, Avg:  0.0, Max:  0.0, Diff:  0.0, Sum:  0.0, Workers: 4
[749.348s][debug][gc,phases      ] GC(305)     Dead                           Min: 0, Avg:  0.0, Max: 0, Diff: 0, Sum: 0, Workers: 4
[749.348s][debug][gc,phases      ] GC(305)     Total                          Min: 0, Avg: 139.8, Max: 239, Diff: 239, Sum: 559, Workers: 4
[749.348s][debug][gc,phases      ] GC(305)   JVMTI Tag Weak OopStorage      Min:  0.0, Avg:  0.0, Max:  0.0, Diff:  0.0, Sum:  0.0, Workers: 4
[749.348s][debug][gc,phases      ] GC(305)     Dead                           Min: 0, Avg:  0.0, Max: 0, Diff: 0, Sum: 0, Workers: 4
[749.348s][debug][gc,phases      ] GC(305)     Total                          Min: 0, Avg:  0.0, Max: 0, Diff: 0, Sum: 0, Workers: 4
[749.348s][debug][gc,phases      ] GC(305)   StringTable Weak               Min:  0.1, Avg:  0.1, Max:  0.1, Diff:  0.0, Sum:  0.4, Workers: 4
[749.348s][debug][gc,phases      ] GC(305)     Dead                           Min: 0, Avg:  0.0, Max: 0, Diff: 0, Sum: 0, Workers: 4
[749.348s][debug][gc,phases      ] GC(305)     Total                          Min: 11520, Avg: 12232.5, Max: 14080, Diff: 2560, Sum: 48930, Workers: 4
[749.348s][debug][gc,phases      ] GC(305)   ResolvedMethodTable Weak       Min:  0.0, Avg:  0.0, Max:  0.0, Diff:  0.0, Sum:  0.1, Workers: 4
[749.348s][debug][gc,phases      ] GC(305)     Dead                           Min: 0, Avg:  0.0, Max: 0, Diff: 0, Sum: 0, Workers: 4
[749.348s][debug][gc,phases      ] GC(305)     Total                          Min: 1984, Avg: 2254.8, Max: 2496, Diff: 512, Sum: 9019, Workers: 4
[749.348s][debug][gc,phases      ] GC(305)   JNI Weak                       Min:  0.0, Avg:  0.0, Max:  0.0, Diff:  0.0, Sum:  0.0, Workers: 4
[749.348s][debug][gc,phases      ] GC(305)     Dead                           Min: 0, Avg:  0.0, Max: 0, Diff: 0, Sum: 0, Workers: 4
[749.348s][debug][gc,phases      ] GC(305)     Total                          Min: 0, Avg:  0.0, Max: 0, Diff: 0, Sum: 0, Workers: 4
[749.348s][debug][gc,phases      ] GC(305)   StringDedup Table Weak         Min:  0.0, Avg:  0.0, Max:  0.0, Diff:  0.0, Sum:  0.0, Workers: 4
[749.348s][debug][gc,phases      ] GC(305)     Dead                           Min: 0, Avg:  0.0, Max: 0, Diff: 0, Sum: 0, Workers: 4
[749.348s][debug][gc,phases      ] GC(305)     Total                          Min: 0, Avg:  0.0, Max: 0, Diff: 0, Sum: 0, Workers: 4
[749.348s][debug][gc,phases      ] GC(305)   StringDedup Requests0 Weak     Min:  0.0, Avg:  0.0, Max:  0.0, Diff:  0.0, Sum:  0.0, Workers: 4
[749.348s][debug][gc,phases      ] GC(305)     Dead                           Min: 0, Avg:  0.0, Max: 0, Diff: 0, Sum: 0, Workers: 4
[749.348s][debug][gc,phases      ] GC(305)     Total                          Min: 0, Avg:  0.0, Max: 0, Diff: 0, Sum: 0, Workers: 4
[749.348s][debug][gc,phases      ] GC(305)   StringDedup Requests1 Weak     Min:  0.0, Avg:  0.0, Max:  0.0, Diff:  0.0, Sum:  0.0, Workers: 4
[749.348s][debug][gc,phases      ] GC(305)     Dead                           Min: 0, Avg:  0.0, Max: 0, Diff: 0, Sum: 0, Workers: 4
[749.348s][debug][gc,phases      ] GC(305)     Total                          Min: 0, Avg:  0.0, Max: 0, Diff: 0, Sum: 0, Workers: 4
[749.348s][debug][gc,phases      ] GC(305)   Weak JFR Old Object Samples    Min:  0.0, Avg:  0.0, Max:  0.0, Diff:  0.0, Sum:  0.0, Workers: 4
[749.348s][debug][gc,phases      ] GC(305)     Dead                           Min: 0, Avg:  0.0, Max: 0, Diff: 0, Sum: 0, Workers: 4
[749.348s][debug][gc,phases      ] GC(305)     Total                          Min: 0, Avg:  0.0, Max: 0, Diff: 0, Sum: 0, Workers: 4
[749.348s][debug][gc,phases      ] GC(305) Weak Processing 0.315ms
[749.348s][debug][gc,age         ] GC(305) Desired survivor size 170393600 bytes, new threshold 15 (max threshold 15)
[749.348s][info ][gc,heap        ] GC(305) PSYoungGen: 1707328K(1893888K)->5648K(1930752K) Eden: 1703424K(1703424K)->0K(1752576K) From: 3904K(190464K)->5648K(178176K)
[749.348s][info ][gc,heap        ] GC(305) ParOldGen: 663118K(973824K)->663194K(973824K)
[749.348s][info ][gc,metaspace   ] GC(305) Metaspace: 87192K(88128K)->87192K(88128K) NonClass: 75186K(75712K)->75186K(75712K) Class: 12006K(12416K)->12006K(12416K)
[749.348s][info ][gc             ] GC(305) Pause Young (Allocation Failure) 2314M->653M(2836M) 4.665ms
[749.348s][info ][gc,cpu         ] GC(305) User=0.01s Sys=0.00s Real=0.00s
[749.348s][info ][safepoint      ] Safepoint "ParallelGCFailedAllocation", Time since last: 4954215809 ns, Reaching safepoint: 115206 ns, At safepoint: 4748873 ns, Total: 4864079 ns
[753.348s][info ][safepoint      ] Safepoint "Cleanup", Time since last: 4000282986 ns, Reaching safepoint: 130708 ns, At safepoint: 11500 ns, Total: 142208 ns
[754.349s][info ][safepoint      ] Safepoint "Cleanup", Time since last: 1000098673 ns, Reaching safepoint: 117607 ns, At safepoint: 6500 ns, Total: 124107 ns
[754.435s][info ][gc,start       ] GC(306) Pause Young (Allocation Failure)
[754.439s][debug][gc,phases      ] GC(306) Scavenge 3.354ms
[754.439s][debug][gc,ref         ] GC(306) Skipped phase 1 of Reference Processing: no references
[754.439s][debug][gc,ref         ] GC(306) ReferenceProcessor::execute queues: 1, RefProcThreadModel::Single, marks_oops_alive: false
[754.439s][debug][gc,ref         ] GC(306) Skipped phase 3 of Reference Processing: no references
[754.439s][debug][gc,ref         ] GC(306) ReferenceProcessor::execute queues: 1, RefProcThreadModel::Single, marks_oops_alive: false
[754.439s][debug][gc,phases      ] GC(306) Reference Processing 0.115ms
[754.439s][debug][gc,phases      ] GC(306)   VM Weak                        Min:  0.0, Avg:  0.0, Max:  0.0, Diff:  0.0, Sum:  0.0, Workers: 4
[754.439s][debug][gc,phases      ] GC(306)     Dead                           Min: 0, Avg:  0.0, Max: 0, Diff: 0, Sum: 0, Workers: 4
[754.439s][debug][gc,phases      ] GC(306)     Total                          Min: 0, Avg: 186.8, Max: 747, Diff: 747, Sum: 747, Workers: 4
[754.439s][debug][gc,phases      ] GC(306)   ObjectSynchronizer Weak        Min:  0.0, Avg:  0.0, Max:  0.0, Diff:  0.0, Sum:  0.0, Workers: 4
[754.439s][debug][gc,phases      ] GC(306)     Dead                           Min: 0, Avg:  0.0, Max: 0, Diff: 0, Sum: 0, Workers: 4
[754.439s][debug][gc,phases      ] GC(306)     Total                          Min: 0, Avg: 139.8, Max: 384, Diff: 384, Sum: 559, Workers: 4
[754.439s][debug][gc,phases      ] GC(306)   JVMTI Tag Weak OopStorage      Min:  0.0, Avg:  0.0, Max:  0.0, Diff:  0.0, Sum:  0.0, Workers: 4
[754.439s][debug][gc,phases      ] GC(306)     Dead                           Min: 0, Avg:  0.0, Max: 0, Diff: 0, Sum: 0, Workers: 4
[754.439s][debug][gc,phases      ] GC(306)     Total                          Min: 0, Avg:  0.0, Max: 0, Diff: 0, Sum: 0, Workers: 4
[754.439s][debug][gc,phases      ] GC(306)   StringTable Weak               Min:  0.1, Avg:  0.1, Max:  0.1, Diff:  0.0, Sum:  0.4, Workers: 4
[754.439s][debug][gc,phases      ] GC(306)     Dead                           Min: 0, Avg:  0.0, Max: 0, Diff: 0, Sum: 0, Workers: 4
[754.439s][debug][gc,phases      ] GC(306)     Total                          Min: 11008, Avg: 12233.0, Max: 13632, Diff: 2624, Sum: 48932, Workers: 4
[754.439s][debug][gc,phases      ] GC(306)   ResolvedMethodTable Weak       Min:  0.0, Avg:  0.0, Max:  0.0, Diff:  0.0, Sum:  0.1, Workers: 4
[754.439s][debug][gc,phases      ] GC(306)     Dead                           Min: 0, Avg:  0.0, Max: 0, Diff: 0, Sum: 0, Workers: 4
[754.439s][debug][gc,phases      ] GC(306)     Total                          Min: 1915, Avg: 2254.8, Max: 2496, Diff: 581, Sum: 9019, Workers: 4
[754.439s][debug][gc,phases      ] GC(306)   JNI Weak                       Min:  0.0, Avg:  0.0, Max:  0.0, Diff:  0.0, Sum:  0.0, Workers: 4
[754.439s][debug][gc,phases      ] GC(306)     Dead                           Min: 0, Avg:  0.0, Max: 0, Diff: 0, Sum: 0, Workers: 4
[754.439s][debug][gc,phases      ] GC(306)     Total                          Min: 0, Avg:  0.0, Max: 0, Diff: 0, Sum: 0, Workers: 4
[754.439s][debug][gc,phases      ] GC(306)   StringDedup Table Weak         Min:  0.0, Avg:  0.0, Max:  0.0, Diff:  0.0, Sum:  0.0, Workers: 4
[754.439s][debug][gc,phases      ] GC(306)     Dead                           Min: 0, Avg:  0.0, Max: 0, Diff: 0, Sum: 0, Workers: 4
[754.439s][debug][gc,phases      ] GC(306)     Total                          Min: 0, Avg:  0.0, Max: 0, Diff: 0, Sum: 0, Workers: 4
[754.439s][debug][gc,phases      ] GC(306)   StringDedup Requests0 Weak     Min:  0.0, Avg:  0.0, Max:  0.0, Diff:  0.0, Sum:  0.0, Workers: 4
[754.439s][debug][gc,phases      ] GC(306)     Dead                           Min: 0, Avg:  0.0, Max: 0, Diff: 0, Sum: 0, Workers: 4
[754.439s][debug][gc,phases      ] GC(306)     Total                          Min: 0, Avg:  0.0, Max: 0, Diff: 0, Sum: 0, Workers: 4
[754.439s][debug][gc,phases      ] GC(306)   StringDedup Requests1 Weak     Min:  0.0, Avg:  0.0, Max:  0.0, Diff:  0.0, Sum:  0.0, Workers: 4
[754.439s][debug][gc,phases      ] GC(306)     Dead                           Min: 0, Avg:  0.0, Max: 0, Diff: 0, Sum: 0, Workers: 4
[754.439s][debug][gc,phases      ] GC(306)     Total                          Min: 0, Avg:  0.0, Max: 0, Diff: 0, Sum: 0, Workers: 4
[754.439s][debug][gc,phases      ] GC(306)   Weak JFR Old Object Samples    Min:  0.0, Avg:  0.0, Max:  0.0, Diff:  0.0, Sum:  0.0, Workers: 4
[754.439s][debug][gc,phases      ] GC(306)     Dead                           Min: 0, Avg:  0.0, Max: 0, Diff: 0, Sum: 0, Workers: 4
[754.439s][debug][gc,phases      ] GC(306)     Total                          Min: 0, Avg:  0.0, Max: 0, Diff: 0, Sum: 0, Workers: 4
[754.439s][debug][gc,phases      ] GC(306) Weak Processing 0.326ms
[754.439s][debug][gc,age         ] GC(306) Desired survivor size 159383552 bytes, new threshold 15 (max threshold 15)
[754.439s][info ][gc,heap        ] GC(306) PSYoungGen: 1758224K(1930752K)->3968K(1918976K) Eden: 1752576K(1752576K)->0K(1752576K) From: 5648K(178176K)->3968K(166400K)
[754.439s][info ][gc,heap        ] GC(306) ParOldGen: 663194K(973824K)->663274K(973824K)
[754.439s][info ][gc,metaspace   ] GC(306) Metaspace: 87200K(88128K)->87200K(88128K) NonClass: 75193K(75712K)->75193K(75712K) Class: 12006K(12416K)->12006K(12416K)
[754.439s][info ][gc             ] GC(306) Pause Young (Allocation Failure) 2364M->651M(2825M) 3.924ms
[754.439s][info ][gc,cpu         ] GC(306) User=0.01s Sys=0.01s Real=0.00s
[754.439s][info ][safepoint      ] Safepoint "ParallelGCFailedAllocation", Time since last: 86533973 ns, Reaching safepoint: 100906 ns, At safepoint: 4017731 ns, Total: 4118637 ns
[757.440s][info ][safepoint      ] Safepoint "Cleanup", Time since last: 3000218412 ns, Reaching safepoint: 124808 ns, At safepoint: 22601 ns, Total: 147409 ns
[759.538s][info ][safepoint      ] Safepoint "ParallelGCFailedAllocation", Time since last: 2098210076 ns, Reaching safepoint: 124807 ns, At safepoint: 15901 ns, Total: 140708 ns
[759.538s][info ][gc,start       ] GC(307) Pause Young (GCLocker Initiated GC)
[759.542s][debug][gc,phases      ] GC(307) Scavenge 3.867ms
[759.542s][debug][gc,ref         ] GC(307) Skipped phase 1 of Reference Processing: no references
[759.542s][debug][gc,ref         ] GC(307) ReferenceProcessor::execute queues: 1, RefProcThreadModel::Single, marks_oops_alive: false
[759.542s][debug][gc,ref         ] GC(307) Skipped phase 3 of Reference Processing: no references
[759.542s][debug][gc,ref         ] GC(307) ReferenceProcessor::execute queues: 1, RefProcThreadModel::Single, marks_oops_alive: false
[759.542s][debug][gc,phases      ] GC(307) Reference Processing 0.117ms
[759.542s][debug][gc,phases      ] GC(307)   VM Weak                        Min:  0.0, Avg:  0.0, Max:  0.0, Diff:  0.0, Sum:  0.0, Workers: 4
[759.542s][debug][gc,phases      ] GC(307)     Dead                           Min: 0, Avg:  0.0, Max: 0, Diff: 0, Sum: 0, Workers: 4
[759.542s][debug][gc,phases      ] GC(307)     Total                          Min: 0, Avg: 186.8, Max: 491, Diff: 491, Sum: 747, Workers: 4
[759.542s][debug][gc,phases      ] GC(307)   ObjectSynchronizer Weak        Min:  0.0, Avg:  0.0, Max:  0.0, Diff:  0.0, Sum:  0.0, Workers: 4
[759.542s][debug][gc,phases      ] GC(307)     Dead                           Min: 0, Avg:  0.0, Max: 0, Diff: 0, Sum: 0, Workers: 4
[759.542s][debug][gc,phases      ] GC(307)     Total                          Min: 0, Avg: 139.8, Max: 367, Diff: 367, Sum: 559, Workers: 4
[759.542s][debug][gc,phases      ] GC(307)   JVMTI Tag Weak OopStorage      Min:  0.0, Avg:  0.0, Max:  0.0, Diff:  0.0, Sum:  0.0, Workers: 4
[759.542s][debug][gc,phases      ] GC(307)     Dead                           Min: 0, Avg:  0.0, Max: 0, Diff: 0, Sum: 0, Workers: 4
[759.542s][debug][gc,phases      ] GC(307)     Total                          Min: 0, Avg:  0.0, Max: 0, Diff: 0, Sum: 0, Workers: 4
[759.542s][debug][gc,phases      ] GC(307)   StringTable Weak               Min:  0.1, Avg:  0.1, Max:  0.1, Diff:  0.0, Sum:  0.5, Workers: 4
[759.542s][debug][gc,phases      ] GC(307)     Dead                           Min: 0, Avg:  0.0, Max: 0, Diff: 0, Sum: 0, Workers: 4
[759.542s][debug][gc,phases      ] GC(307)     Total                          Min: 11328, Avg: 12233.0, Max: 13220, Diff: 1892, Sum: 48932, Workers: 4
[759.542s][debug][gc,phases      ] GC(307)   ResolvedMethodTable Weak       Min:  0.0, Avg:  0.0, Max:  0.0, Diff:  0.0, Sum:  0.1, Workers: 4
[759.542s][debug][gc,phases      ] GC(307)     Dead                           Min: 0, Avg:  0.0, Max: 0, Diff: 0, Sum: 0, Workers: 4
[759.542s][debug][gc,phases      ] GC(307)     Total                          Min: 2048, Avg: 2254.8, Max: 2427, Diff: 379, Sum: 9019, Workers: 4
[759.542s][debug][gc,phases      ] GC(307)   JNI Weak                       Min:  0.0, Avg:  0.0, Max:  0.0, Diff:  0.0, Sum:  0.0, Workers: 4
[759.542s][debug][gc,phases      ] GC(307)     Dead                           Min: 0, Avg:  0.0, Max: 0, Diff: 0, Sum: 0, Workers: 4
[759.542s][debug][gc,phases      ] GC(307)     Total                          Min: 0, Avg:  0.0, Max: 0, Diff: 0, Sum: 0, Workers: 4
[759.542s][debug][gc,phases      ] GC(307)   StringDedup Table Weak         Min:  0.0, Avg:  0.0, Max:  0.0, Diff:  0.0, Sum:  0.0, Workers: 4
[759.542s][debug][gc,phases      ] GC(307)     Dead                           Min: 0, Avg:  0.0, Max: 0, Diff: 0, Sum: 0, Workers: 4
[759.542s][debug][gc,phases      ] GC(307)     Total                          Min: 0, Avg:  0.0, Max: 0, Diff: 0, Sum: 0, Workers: 4
[759.542s][debug][gc,phases      ] GC(307)   StringDedup Requests0 Weak     Min:  0.0, Avg:  0.0, Max:  0.0, Diff:  0.0, Sum:  0.0, Workers: 4
[759.542s][debug][gc,phases      ] GC(307)     Dead                           Min: 0, Avg:  0.0, Max: 0, Diff: 0, Sum: 0, Workers: 4
[759.542s][debug][gc,phases      ] GC(307)     Total                          Min: 0, Avg:  0.0, Max: 0, Diff: 0, Sum: 0, Workers: 4
[759.542s][debug][gc,phases      ] GC(307)   StringDedup Requests1 Weak     Min:  0.0, Avg:  0.0, Max:  0.0, Diff:  0.0, Sum:  0.0, Workers: 4
[759.542s][debug][gc,phases      ] GC(307)     Dead                           Min: 0, Avg:  0.0, Max: 0, Diff: 0, Sum: 0, Workers: 4
[759.542s][debug][gc,phases      ] GC(307)     Total                          Min: 0, Avg:  0.0, Max: 0, Diff: 0, Sum: 0, Workers: 4
[759.542s][debug][gc,phases      ] GC(307)   Weak JFR Old Object Samples    Min:  0.0, Avg:  0.0, Max:  0.0, Diff:  0.0, Sum:  0.0, Workers: 4
[759.542s][debug][gc,phases      ] GC(307)     Dead                           Min: 0, Avg:  0.0, Max: 0, Diff: 0, Sum: 0, Workers: 4
[759.543s][debug][gc,phases      ] GC(307)     Total                          Min: 0, Avg:  0.0, Max: 0, Diff: 0, Sum: 0, Workers: 4
[759.543s][debug][gc,phases      ] GC(307) Weak Processing 0.383ms
[759.543s][debug][gc,age         ] GC(307) Desired survivor size 148373504 bytes, new threshold 15 (max threshold 15)
[759.543s][info ][gc,heap        ] GC(307) PSYoungGen: 1756544K(1918976K)->4928K(1952256K) Eden: 1752576K(1752576K)->0K(1796608K) From: 3968K(166400K)->4928K(155648K)
[759.543s][info ][gc,heap        ] GC(307) ParOldGen: 663290K(973824K)->663410K(973824K)
[759.543s][info ][gc,metaspace   ] GC(307) Metaspace: 87203K(88128K)->87203K(88128K) NonClass: 75196K(75712K)->75196K(75712K) Class: 12006K(12416K)->12006K(12416K)
[759.543s][info ][gc             ] GC(307) Pause Young (GCLocker Initiated GC) 2363M->652M(2857M) 4.478ms
[759.543s][info ][gc,cpu         ] GC(307) User=0.02s Sys=0.00s Real=0.01s
[759.543s][info ][safepoint      ] Safepoint "ParallelGCSystemGC", Time since last: 60604 ns, Reaching safepoint: 86305 ns, At safepoint: 4558662 ns, Total: 4644967 ns
[760.543s][info ][safepoint      ] Safepoint "Cleanup", Time since last: 1000090571 ns, Reaching safepoint: 121307 ns, At safepoint: 10101 ns, Total: 131408 ns
[761.543s][info ][safepoint      ] Safepoint "Cleanup", Time since last: 1000097171 ns, Reaching safepoint: 128907 ns, At safepoint: 12801 ns, Total: 141708 ns
[762.543s][info ][safepoint      ] Safepoint "Cleanup", Time since last: 1000102472 ns, Reaching safepoint: 126107 ns, At safepoint: 8301 ns, Total: 134408 ns
[764.789s][info ][gc,start       ] GC(308) Pause Young (Allocation Failure)
[764.793s][debug][gc,phases      ] GC(308) Scavenge 3.892ms
[764.793s][debug][gc,ref         ] GC(308) Skipped phase 1 of Reference Processing: no references
[764.793s][debug][gc,ref         ] GC(308) ReferenceProcessor::execute queues: 1, RefProcThreadModel::Single, marks_oops_alive: false
[764.793s][debug][gc,ref         ] GC(308) Skipped phase 3 of Reference Processing: no references
[764.793s][debug][gc,ref         ] GC(308) Skipped phase 4 of Reference Processing: no references
[764.793s][debug][gc,phases      ] GC(308) Reference Processing 0.124ms
[764.794s][debug][gc,phases      ] GC(308)   VM Weak                        Min:  0.0, Avg:  0.0, Max:  0.0, Diff:  0.0, Sum:  0.0, Workers: 4
[764.794s][debug][gc,phases      ] GC(308)     Dead                           Min: 0, Avg:  0.0, Max: 0, Diff: 0, Sum: 0, Workers: 4
[764.794s][debug][gc,phases      ] GC(308)     Total                          Min: 0, Avg: 186.8, Max: 384, Diff: 384, Sum: 747, Workers: 4
[764.794s][debug][gc,phases      ] GC(308)   ObjectSynchronizer Weak        Min:  0.0, Avg:  0.0, Max:  0.0, Diff:  0.0, Sum:  0.0, Workers: 4
[764.794s][debug][gc,phases      ] GC(308)     Dead                           Min: 0, Avg:  0.0, Max: 0, Diff: 0, Sum: 0, Workers: 4
[764.794s][debug][gc,phases      ] GC(308)     Total                          Min: 0, Avg: 139.8, Max: 303, Diff: 303, Sum: 559, Workers: 4
[764.794s][debug][gc,phases      ] GC(308)   JVMTI Tag Weak OopStorage      Min:  0.0, Avg:  0.0, Max:  0.0, Diff:  0.0, Sum:  0.0, Workers: 4
[764.794s][debug][gc,phases      ] GC(308)     Dead                           Min: 0, Avg:  0.0, Max: 0, Diff: 0, Sum: 0, Workers: 4
[764.794s][debug][gc,phases      ] GC(308)     Total                          Min: 0, Avg:  0.0, Max: 0, Diff: 0, Sum: 0, Workers: 4
[764.794s][debug][gc,phases      ] GC(308)   StringTable Weak               Min:  0.1, Avg:  0.1, Max:  0.1, Diff:  0.0, Sum:  0.5, Workers: 4
[764.794s][debug][gc,phases      ] GC(308)     Dead                           Min: 0, Avg:  0.0, Max: 0, Diff: 0, Sum: 0, Workers: 4
[764.794s][debug][gc,phases      ] GC(308)     Total                          Min: 11943, Avg: 12233.8, Max: 12736, Diff: 793, Sum: 48935, Workers: 4
[764.794s][debug][gc,phases      ] GC(308)   ResolvedMethodTable Weak       Min:  0.0, Avg:  0.0, Max:  0.0, Diff:  0.0, Sum:  0.1, Workers: 4
[764.794s][debug][gc,phases      ] GC(308)     Dead                           Min: 0, Avg:  0.0, Max: 0, Diff: 0, Sum: 0, Workers: 4
[764.794s][debug][gc,phases      ] GC(308)     Total                          Min: 1984, Avg: 2254.8, Max: 2432, Diff: 448, Sum: 9019, Workers: 4
[764.794s][debug][gc,phases      ] GC(308)   JNI Weak                       Min:  0.0, Avg:  0.0, Max:  0.0, Diff:  0.0, Sum:  0.0, Workers: 4
[764.794s][debug][gc,phases      ] GC(308)     Dead                           Min: 0, Avg:  0.0, Max: 0, Diff: 0, Sum: 0, Workers: 4
[764.794s][debug][gc,phases      ] GC(308)     Total                          Min: 0, Avg:  0.0, Max: 0, Diff: 0, Sum: 0, Workers: 4
[764.794s][debug][gc,phases      ] GC(308)   StringDedup Table Weak         Min:  0.0, Avg:  0.0, Max:  0.0, Diff:  0.0, Sum:  0.0, Workers: 4
[764.794s][debug][gc,phases      ] GC(308)     Dead                           Min: 0, Avg:  0.0, Max: 0, Diff: 0, Sum: 0, Workers: 4
[764.794s][debug][gc,phases      ] GC(308)     Total                          Min: 0, Avg:  0.0, Max: 0, Diff: 0, Sum: 0, Workers: 4
[764.794s][debug][gc,phases      ] GC(308)   StringDedup Requests0 Weak     Min:  0.0, Avg:  0.0, Max:  0.0, Diff:  0.0, Sum:  0.0, Workers: 4
[764.794s][debug][gc,phases      ] GC(308)     Dead                           Min: 0, Avg:  0.0, Max: 0, Diff: 0, Sum: 0, Workers: 4
[764.794s][debug][gc,phases      ] GC(308)     Total                          Min: 0, Avg:  0.0, Max: 0, Diff: 0, Sum: 0, Workers: 4
[764.794s][debug][gc,phases      ] GC(308)   StringDedup Requests1 Weak     Min:  0.0, Avg:  0.0, Max:  0.0, Diff:  0.0, Sum:  0.0, Workers: 4
[764.794s][debug][gc,phases      ] GC(308)     Dead                           Min: 0, Avg:  0.0, Max: 0, Diff: 0, Sum: 0, Workers: 4
[764.794s][debug][gc,phases      ] GC(308)     Total                          Min: 0, Avg:  0.0, Max: 0, Diff: 0, Sum: 0, Workers: 4
[764.794s][debug][gc,phases      ] GC(308)   Weak JFR Old Object Samples    Min:  0.0, Avg:  0.0, Max:  0.0, Diff:  0.0, Sum:  0.0, Workers: 4
[764.794s][debug][gc,phases      ] GC(308)     Dead                           Min: 0, Avg:  0.0, Max: 0, Diff: 0, Sum: 0, Workers: 4
[764.794s][debug][gc,phases      ] GC(308)     Total                          Min: 0, Avg:  0.0, Max: 0, Diff: 0, Sum: 0, Workers: 4
[764.794s][debug][gc,phases      ] GC(308) Weak Processing 0.346ms
[764.794s][debug][gc,age         ] GC(308) Desired survivor size 138412032 bytes, new threshold 15 (max threshold 15)
[764.794s][info ][gc,heap        ] GC(308) PSYoungGen: 1801536K(1952256K)->5232K(1941504K) Eden: 1796608K(1796608K)->0K(1796608K) From: 4928K(155648K)->5232K(144896K)
[764.794s][info ][gc,heap        ] GC(308) ParOldGen: 663412K(973824K)->663508K(973824K)
[764.794s][info ][gc,metaspace   ] GC(308) Metaspace: 87205K(88128K)->87205K(88128K) NonClass: 75199K(75712K)->75199K(75712K) Class: 12006K(12416K)->12006K(12416K)
[764.794s][info ][gc             ] GC(308) Pause Young (Allocation Failure) 2407M->653M(2847M) 4.486ms
[764.794s][info ][gc,cpu         ] GC(308) User=0.02s Sys=0.00s Real=0.00s
[764.794s][info ][safepoint      ] Safepoint "ParallelGCFailedAllocation", Time since last: 2245810956 ns, Reaching safepoint: 120507 ns, At safepoint: 4576963 ns, Total: 4697470 ns
[766.794s][info ][safepoint      ] Safepoint "Cleanup", Time since last: 2000129238 ns, Reaching safepoint: 125707 ns, At safepoint: 16001 ns, Total: 141708 ns
[767.794s][info ][safepoint      ] Safepoint "Cleanup", Time since last: 1000153874 ns, Reaching safepoint: 106206 ns, At safepoint: 14401 ns, Total: 120607 ns
[769.838s][info ][gc,start       ] GC(309) Pause Young (Allocation Failure)
[769.842s][debug][gc,phases      ] GC(309) Scavenge 4.393ms
[769.842s][debug][gc,ref         ] GC(309) Skipped phase 1 of Reference Processing: no references
[769.842s][debug][gc,ref         ] GC(309) ReferenceProcessor::execute queues: 1, RefProcThreadModel::Single, marks_oops_alive: false
[769.842s][debug][gc,ref         ] GC(309) Skipped phase 3 of Reference Processing: no references
[769.842s][debug][gc,ref         ] GC(309) Skipped phase 4 of Reference Processing: no references
[769.842s][debug][gc,phases      ] GC(309) Reference Processing 0.133ms
[769.842s][debug][gc,phases      ] GC(309)   VM Weak                        Min:  0.0, Avg:  0.0, Max:  0.0, Diff:  0.0, Sum:  0.0, Workers: 4
[769.842s][debug][gc,phases      ] GC(309)     Dead                           Min: 0, Avg:  0.0, Max: 0, Diff: 0, Sum: 0, Workers: 4
[769.842s][debug][gc,phases      ] GC(309)     Total                          Min: 0, Avg: 186.8, Max: 491, Diff: 491, Sum: 747, Workers: 4
[769.842s][debug][gc,phases      ] GC(309)   ObjectSynchronizer Weak        Min:  0.0, Avg:  0.0, Max:  0.0, Diff:  0.0, Sum:  0.0, Workers: 4
[769.842s][debug][gc,phases      ] GC(309)     Dead                           Min: 0, Avg:  0.0, Max: 0, Diff: 0, Sum: 0, Workers: 4
[769.842s][debug][gc,phases      ] GC(309)     Total                          Min: 0, Avg: 139.8, Max: 239, Diff: 239, Sum: 559, Workers: 4
[769.842s][debug][gc,phases      ] GC(309)   JVMTI Tag Weak OopStorage      Min:  0.0, Avg:  0.0, Max:  0.0, Diff:  0.0, Sum:  0.0, Workers: 4
[769.843s][debug][gc,phases      ] GC(309)     Dead                           Min: 0, Avg:  0.0, Max: 0, Diff: 0, Sum: 0, Workers: 4
[769.843s][debug][gc,phases      ] GC(309)     Total                          Min: 0, Avg:  0.0, Max: 0, Diff: 0, Sum: 0, Workers: 4
[769.843s][debug][gc,phases      ] GC(309)   StringTable Weak               Min:  0.1, Avg:  0.1, Max:  0.1, Diff:  0.0, Sum:  0.5, Workers: 4
[769.843s][debug][gc,phases      ] GC(309)     Dead                           Min: 0, Avg:  0.0, Max: 0, Diff: 0, Sum: 0, Workers: 4
[769.843s][debug][gc,phases      ] GC(309)     Total                          Min: 11136, Avg: 12233.8, Max: 13351, Diff: 2215, Sum: 48935, Workers: 4
[769.843s][debug][gc,phases      ] GC(309)   ResolvedMethodTable Weak       Min:  0.0, Avg:  0.0, Max:  0.0, Diff:  0.0, Sum:  0.1, Workers: 4
[769.843s][debug][gc,phases      ] GC(309)     Dead                           Min: 0, Avg:  0.0, Max: 0, Diff: 0, Sum: 0, Workers: 4
[769.843s][debug][gc,phases      ] GC(309)     Total                          Min: 2107, Avg: 2254.8, Max: 2560, Diff: 453, Sum: 9019, Workers: 4
[769.843s][debug][gc,phases      ] GC(309)   JNI Weak                       Min:  0.0, Avg:  0.0, Max:  0.0, Diff:  0.0, Sum:  0.0, Workers: 4
[769.843s][debug][gc,phases      ] GC(309)     Dead                           Min: 0, Avg:  0.0, Max: 0, Diff: 0, Sum: 0, Workers: 4
[769.843s][debug][gc,phases      ] GC(309)     Total                          Min: 0, Avg:  0.0, Max: 0, Diff: 0, Sum: 0, Workers: 4
[769.843s][debug][gc,phases      ] GC(309)   StringDedup Table Weak         Min:  0.0, Avg:  0.0, Max:  0.0, Diff:  0.0, Sum:  0.0, Workers: 4
[769.843s][debug][gc,phases      ] GC(309)     Dead                           Min: 0, Avg:  0.0, Max: 0, Diff: 0, Sum: 0, Workers: 4
[769.843s][debug][gc,phases      ] GC(309)     Total                          Min: 0, Avg:  0.0, Max: 0, Diff: 0, Sum: 0, Workers: 4
[769.843s][debug][gc,phases      ] GC(309)   StringDedup Requests0 Weak     Min:  0.0, Avg:  0.0, Max:  0.0, Diff:  0.0, Sum:  0.0, Workers: 4
[769.843s][debug][gc,phases      ] GC(309)     Dead                           Min: 0, Avg:  0.0, Max: 0, Diff: 0, Sum: 0, Workers: 4
[769.843s][debug][gc,phases      ] GC(309)     Total                          Min: 0, Avg:  0.0, Max: 0, Diff: 0, Sum: 0, Workers: 4
[769.843s][debug][gc,phases      ] GC(309)   StringDedup Requests1 Weak     Min:  0.0, Avg:  0.0, Max:  0.0, Diff:  0.0, Sum:  0.0, Workers: 4
[769.843s][debug][gc,phases      ] GC(309)     Dead                           Min: 0, Avg:  0.0, Max: 0, Diff: 0, Sum: 0, Workers: 4
[769.843s][debug][gc,phases      ] GC(309)     Total                          Min: 0, Avg:  0.0, Max: 0, Diff: 0, Sum: 0, Workers: 4
[769.843s][debug][gc,phases      ] GC(309)   Weak JFR Old Object Samples    Min:  0.0, Avg:  0.0, Max:  0.0, Diff:  0.0, Sum:  0.0, Workers: 4
[769.843s][debug][gc,phases      ] GC(309)     Dead                           Min: 0, Avg:  0.0, Max: 0, Diff: 0, Sum: 0, Workers: 4
[769.843s][debug][gc,phases      ] GC(309)     Total                          Min: 0, Avg:  0.0, Max: 0, Diff: 0, Sum: 0, Workers: 4
[769.843s][debug][gc,phases      ] GC(309) Weak Processing 0.348ms
[769.843s][debug][gc,age         ] GC(309) Desired survivor size 128450560 bytes, new threshold 15 (max threshold 15)
[769.843s][info ][gc,heap        ] GC(309) PSYoungGen: 1801840K(1941504K)->5808K(1971712K) Eden: 1796608K(1796608K)->0K(1836544K) From: 5232K(144896K)->5808K(135168K)
[769.843s][info ][gc,heap        ] GC(309) ParOldGen: 663508K(973824K)->663608K(973824K)
[769.843s][info ][gc,metaspace   ] GC(309) Metaspace: 87205K(88128K)->87205K(88128K) NonClass: 75199K(75712K)->75199K(75712K) Class: 12006K(12416K)->12006K(12416K)
[769.843s][info ][gc             ] GC(309) Pause Young (Allocation Failure) 2407M->653M(2876M) 4.996ms
[769.843s][info ][gc,cpu         ] GC(309) User=0.01s Sys=0.00s Real=0.01s
[769.843s][info ][safepoint      ] Safepoint "ParallelGCFailedAllocation", Time since last: 2043125208 ns, Reaching safepoint: 109006 ns, At safepoint: 5082192 ns, Total: 5191198 ns
[773.843s][info ][safepoint      ] Safepoint "Cleanup", Time since last: 4000303275 ns, Reaching safepoint: 128807 ns, At safepoint: 10101 ns, Total: 138908 ns
[775.037s][info ][gc,start       ] GC(310) Pause Young (Allocation Failure)
[775.041s][debug][gc,phases      ] GC(310) Scavenge 3.666ms
[775.041s][debug][gc,ref         ] GC(310) Skipped phase 1 of Reference Processing: no references
[775.041s][debug][gc,ref         ] GC(310) Skipped phase 2 of Reference Processing: no references
[775.041s][debug][gc,ref         ] GC(310) Skipped phase 3 of Reference Processing: no references
[775.041s][debug][gc,ref         ] GC(310) ReferenceProcessor::execute queues: 1, RefProcThreadModel::Single, marks_oops_alive: false
[775.041s][debug][gc,phases      ] GC(310) Reference Processing 0.116ms
[775.041s][debug][gc,phases      ] GC(310)   VM Weak                        Min:  0.0, Avg:  0.0, Max:  0.0, Diff:  0.0, Sum:  0.0, Workers: 4
[775.041s][debug][gc,phases      ] GC(310)     Dead                           Min: 0, Avg:  0.0, Max: 0, Diff: 0, Sum: 0, Workers: 4
[775.041s][debug][gc,phases      ] GC(310)     Total                          Min: 0, Avg: 186.8, Max: 448, Diff: 448, Sum: 747, Workers: 4
[775.041s][debug][gc,phases      ] GC(310)   ObjectSynchronizer Weak        Min:  0.0, Avg:  0.0, Max:  0.0, Diff:  0.0, Sum:  0.0, Workers: 4
[775.041s][debug][gc,phases      ] GC(310)     Dead                           Min: 0, Avg:  0.0, Max: 0, Diff: 0, Sum: 0, Workers: 4
[775.041s][debug][gc,phases      ] GC(310)     Total                          Min: 0, Avg: 139.8, Max: 303, Diff: 303, Sum: 559, Workers: 4
[775.041s][debug][gc,phases      ] GC(310)   JVMTI Tag Weak OopStorage      Min:  0.0, Avg:  0.0, Max:  0.0, Diff:  0.0, Sum:  0.0, Workers: 4
[775.041s][debug][gc,phases      ] GC(310)     Dead                           Min: 0, Avg:  0.0, Max: 0, Diff: 0, Sum: 0, Workers: 4
[775.041s][debug][gc,phases      ] GC(310)     Total                          Min: 0, Avg:  0.0, Max: 0, Diff: 0, Sum: 0, Workers: 4
[775.041s][debug][gc,phases      ] GC(310)   StringTable Weak               Min:  0.1, Avg:  0.1, Max:  0.1, Diff:  0.0, Sum:  0.5, Workers: 4
[775.041s][debug][gc,phases      ] GC(310)     Dead                           Min: 0, Avg:  0.0, Max: 0, Diff: 0, Sum: 0, Workers: 4
[775.041s][debug][gc,phases      ] GC(310)     Total                          Min: 10471, Avg: 12233.8, Max: 13568, Diff: 3097, Sum: 48935, Workers: 4
[775.041s][debug][gc,phases      ] GC(310)   ResolvedMethodTable Weak       Min:  0.0, Avg:  0.0, Max:  0.0, Diff:  0.0, Sum:  0.1, Workers: 4
[775.041s][debug][gc,phases      ] GC(310)     Dead                           Min: 0, Avg:  0.0, Max: 0, Diff: 0, Sum: 0, Workers: 4
[775.041s][debug][gc,phases      ] GC(310)     Total                          Min: 2048, Avg: 2254.8, Max: 2432, Diff: 384, Sum: 9019, Workers: 4
[775.041s][debug][gc,phases      ] GC(310)   JNI Weak                       Min:  0.0, Avg:  0.0, Max:  0.0, Diff:  0.0, Sum:  0.0, Workers: 4
[775.041s][debug][gc,phases      ] GC(310)     Dead                           Min: 0, Avg:  0.0, Max: 0, Diff: 0, Sum: 0, Workers: 4
[775.042s][debug][gc,phases      ] GC(310)     Total                          Min: 0, Avg:  0.0, Max: 0, Diff: 0, Sum: 0, Workers: 4
[775.042s][debug][gc,phases      ] GC(310)   StringDedup Table Weak         Min:  0.0, Avg:  0.0, Max:  0.0, Diff:  0.0, Sum:  0.0, Workers: 4
[775.042s][debug][gc,phases      ] GC(310)     Dead                           Min: 0, Avg:  0.0, Max: 0, Diff: 0, Sum: 0, Workers: 4
[775.042s][debug][gc,phases      ] GC(310)     Total                          Min: 0, Avg:  0.0, Max: 0, Diff: 0, Sum: 0, Workers: 4
[775.042s][debug][gc,phases      ] GC(310)   StringDedup Requests0 Weak     Min:  0.0, Avg:  0.0, Max:  0.0, Diff:  0.0, Sum:  0.0, Workers: 4
[775.042s][debug][gc,phases      ] GC(310)     Dead                           Min: 0, Avg:  0.0, Max: 0, Diff: 0, Sum: 0, Workers: 4
[775.042s][debug][gc,phases      ] GC(310)     Total                          Min: 0, Avg:  0.0, Max: 0, Diff: 0, Sum: 0, Workers: 4
[775.042s][debug][gc,phases      ] GC(310)   StringDedup Requests1 Weak     Min:  0.0, Avg:  0.0, Max:  0.0, Diff:  0.0, Sum:  0.0, Workers: 4
[775.042s][debug][gc,phases      ] GC(310)     Dead                           Min: 0, Avg:  0.0, Max: 0, Diff: 0, Sum: 0, Workers: 4
[775.042s][debug][gc,phases      ] GC(310)     Total                          Min: 0, Avg:  0.0, Max: 0, Diff: 0, Sum: 0, Workers: 4
[775.042s][debug][gc,phases      ] GC(310)   Weak JFR Old Object Samples    Min:  0.0, Avg:  0.0, Max:  0.0, Diff:  0.0, Sum:  0.0, Workers: 4
[775.042s][debug][gc,phases      ] GC(310)     Dead                           Min: 0, Avg:  0.0, Max: 0, Diff: 0, Sum: 0, Workers: 4
[775.042s][debug][gc,phases      ] GC(310)     Total                          Min: 0, Avg:  0.0, Max: 0, Diff: 0, Sum: 0, Workers: 4
[775.042s][debug][gc,phases      ] GC(310) Weak Processing 0.341ms
[775.042s][debug][gc,age         ] GC(310) Desired survivor size 119537664 bytes, new threshold 15 (max threshold 15)
[775.042s][info ][gc,heap        ] GC(310) PSYoungGen: 1842352K(1971712K)->5184K(1961984K) Eden: 1836544K(1836544K)->0K(1836544K) From: 5808K(135168K)->5184K(125440K)
[775.042s][info ][gc,heap        ] GC(310) ParOldGen: 663608K(973824K)->663736K(973824K)
[775.042s][info ][gc,metaspace   ] GC(310) Metaspace: 87205K(88128K)->87205K(88128K) NonClass: 75199K(75712K)->75199K(75712K) Class: 12006K(12416K)->12006K(12416K)
[775.042s][info ][gc             ] GC(310) Pause Young (Allocation Failure) 2447M->653M(2867M) 4.254ms
[775.042s][info ][gc,cpu         ] GC(310) User=0.01s Sys=0.00s Real=0.00s
[775.042s][info ][safepoint      ] Safepoint "ParallelGCFailedAllocation", Time since last: 1194050714 ns, Reaching safepoint: 127108 ns, At safepoint: 4345450 ns, Total: 4472558 ns
[778.514s][info ][safepoint      ] Safepoint "Cleanup", Time since last: 3471989812 ns, Reaching safepoint: 52904 ns, At safepoint: 7100 ns, Total: 60004 ns
[780.434s][info ][gc,start       ] GC(311) Pause Young (Allocation Failure)
[780.438s][debug][gc,phases      ] GC(311) Scavenge 3.576ms
[780.438s][debug][gc,ref         ] GC(311) Skipped phase 1 of Reference Processing: no references
[780.438s][debug][gc,ref         ] GC(311) Skipped phase 2 of Reference Processing: no references
[780.438s][debug][gc,ref         ] GC(311) Skipped phase 3 of Reference Processing: no references
[780.438s][debug][gc,ref         ] GC(311) Skipped phase 4 of Reference Processing: no references
[780.438s][debug][gc,phases      ] GC(311) Reference Processing 0.026ms
[780.438s][debug][gc,phases      ] GC(311)   VM Weak                        Min:  0.0, Avg:  0.0, Max:  0.0, Diff:  0.0, Sum:  0.0, Workers: 4
[780.438s][debug][gc,phases      ] GC(311)     Dead                           Min: 0, Avg:  0.0, Max: 0, Diff: 0, Sum: 0, Workers: 4
[780.438s][debug][gc,phases      ] GC(311)     Total                          Min: 0, Avg: 186.8, Max: 555, Diff: 555, Sum: 747, Workers: 4
[780.438s][debug][gc,phases      ] GC(311)   ObjectSynchronizer Weak        Min:  0.0, Avg:  0.0, Max:  0.0, Diff:  0.0, Sum:  0.0, Workers: 4
[780.438s][debug][gc,phases      ] GC(311)     Dead                           Min: 0, Avg:  0.0, Max: 0, Diff: 0, Sum: 0, Workers: 4
[780.438s][debug][gc,phases      ] GC(311)     Total                          Min: 0, Avg: 139.8, Max: 303, Diff: 303, Sum: 559, Workers: 4
[780.438s][debug][gc,phases      ] GC(311)   JVMTI Tag Weak OopStorage      Min:  0.0, Avg:  0.0, Max:  0.0, Diff:  0.0, Sum:  0.0, Workers: 4
[780.438s][debug][gc,phases      ] GC(311)     Dead                           Min: 0, Avg:  0.0, Max: 0, Diff: 0, Sum: 0, Workers: 4
[780.438s][debug][gc,phases      ] GC(311)     Total                          Min: 0, Avg:  0.0, Max: 0, Diff: 0, Sum: 0, Workers: 4
[780.438s][debug][gc,phases      ] GC(311)   StringTable Weak               Min:  0.1, Avg:  0.1, Max:  0.1, Diff:  0.0, Sum:  0.4, Workers: 4
[780.438s][debug][gc,phases      ] GC(311)     Dead                           Min: 0, Avg:  0.0, Max: 0, Diff: 0, Sum: 0, Workers: 4
[780.438s][debug][gc,phases      ] GC(311)     Total                          Min: 11008, Avg: 12233.8, Max: 12800, Diff: 1792, Sum: 48935, Workers: 4
[780.438s][debug][gc,phases      ] GC(311)   ResolvedMethodTable Weak       Min:  0.0, Avg:  0.0, Max:  0.0, Diff:  0.0, Sum:  0.1, Workers: 4
[780.438s][debug][gc,phases      ] GC(311)     Dead                           Min: 0, Avg:  0.0, Max: 0, Diff: 0, Sum: 0, Workers: 4
[780.438s][debug][gc,phases      ] GC(311)     Total                          Min: 1920, Avg: 2254.8, Max: 2427, Diff: 507, Sum: 9019, Workers: 4
[780.438s][debug][gc,phases      ] GC(311)   JNI Weak                       Min:  0.0, Avg:  0.0, Max:  0.0, Diff:  0.0, Sum:  0.0, Workers: 4
[780.438s][debug][gc,phases      ] GC(311)     Dead                           Min: 0, Avg:  0.0, Max: 0, Diff: 0, Sum: 0, Workers: 4
[780.438s][debug][gc,phases      ] GC(311)     Total                          Min: 0, Avg:  0.0, Max: 0, Diff: 0, Sum: 0, Workers: 4
[780.438s][debug][gc,phases      ] GC(311)   StringDedup Table Weak         Min:  0.0, Avg:  0.0, Max:  0.0, Diff:  0.0, Sum:  0.0, Workers: 4
[780.438s][debug][gc,phases      ] GC(311)     Dead                           Min: 0, Avg:  0.0, Max: 0, Diff: 0, Sum: 0, Workers: 4
[780.438s][debug][gc,phases      ] GC(311)     Total                          Min: 0, Avg:  0.0, Max: 0, Diff: 0, Sum: 0, Workers: 4
[780.438s][debug][gc,phases      ] GC(311)   StringDedup Requests0 Weak     Min:  0.0, Avg:  0.0, Max:  0.0, Diff:  0.0, Sum:  0.0, Workers: 4
[780.438s][debug][gc,phases      ] GC(311)     Dead                           Min: 0, Avg:  0.0, Max: 0, Diff: 0, Sum: 0, Workers: 4
[780.438s][debug][gc,phases      ] GC(311)     Total                          Min: 0, Avg:  0.0, Max: 0, Diff: 0, Sum: 0, Workers: 4
[780.438s][debug][gc,phases      ] GC(311)   StringDedup Requests1 Weak     Min:  0.0, Avg:  0.0, Max:  0.0, Diff:  0.0, Sum:  0.0, Workers: 4
[780.438s][debug][gc,phases      ] GC(311)     Dead                           Min: 0, Avg:  0.0, Max: 0, Diff: 0, Sum: 0, Workers: 4
[780.438s][debug][gc,phases      ] GC(311)     Total                          Min: 0, Avg:  0.0, Max: 0, Diff: 0, Sum: 0, Workers: 4
[780.438s][debug][gc,phases      ] GC(311)   Weak JFR Old Object Samples    Min:  0.0, Avg:  0.0, Max:  0.0, Diff:  0.0, Sum:  0.0, Workers: 4
[780.438s][debug][gc,phases      ] GC(311)     Dead                           Min: 0, Avg:  0.0, Max: 0, Diff: 0, Sum: 0, Workers: 4
[780.438s][debug][gc,phases      ] GC(311)     Total                          Min: 0, Avg:  0.0, Max: 0, Diff: 0, Sum: 0, Workers: 4
[780.438s][debug][gc,phases      ] GC(311) Weak Processing 0.362ms
[780.438s][debug][gc,age         ] GC(311) Desired survivor size 111149056 bytes, new threshold 15 (max threshold 15)
[780.438s][info ][gc,heap        ] GC(311) PSYoungGen: 1841728K(1961984K)->4288K(1988608K) Eden: 1836544K(1836544K)->0K(1871872K) From: 5184K(125440K)->4288K(116736K)
[780.438s][info ][gc,heap        ] GC(311) ParOldGen: 663736K(973824K)->663848K(973824K)
[780.438s][info ][gc,metaspace   ] GC(311) Metaspace: 87207K(88128K)->87207K(88128K) NonClass: 75200K(75712K)->75200K(75712K) Class: 12006K(12416K)->12006K(12416K)
[780.439s][info ][gc             ] GC(311) Pause Young (Allocation Failure) 2446M->652M(2893M) 4.109ms
[780.439s][info ][gc,cpu         ] GC(311) User=0.01s Sys=0.00s Real=0.00s
[780.439s][info ][safepoint      ] Safepoint "ParallelGCFailedAllocation", Time since last: 1920574262 ns, Reaching safepoint: 67404 ns, At safepoint: 4210942 ns, Total: 4278346 ns
[785.898s][info ][gc,start       ] GC(312) Pause Young (Allocation Failure)
[785.903s][debug][gc,phases      ] GC(312) Scavenge 4.604ms
[785.903s][debug][gc,ref         ] GC(312) Skipped phase 1 of Reference Processing: no references
[785.903s][debug][gc,ref         ] GC(312) Skipped phase 2 of Reference Processing: no references
[785.903s][debug][gc,ref         ] GC(312) Skipped phase 3 of Reference Processing: no references
[785.903s][debug][gc,ref         ] GC(312) ReferenceProcessor::execute queues: 1, RefProcThreadModel::Single, marks_oops_alive: false
[785.903s][debug][gc,phases      ] GC(312) Reference Processing 0.119ms
[785.903s][debug][gc,phases      ] GC(312)   VM Weak                        Min:  0.0, Avg:  0.0, Max:  0.0, Diff:  0.0, Sum:  0.0, Workers: 4
[785.903s][debug][gc,phases      ] GC(312)     Dead                           Min: 0, Avg:  0.0, Max: 0, Diff: 0, Sum: 0, Workers: 4
[785.903s][debug][gc,phases      ] GC(312)     Total                          Min: 0, Avg: 186.8, Max: 704, Diff: 704, Sum: 747, Workers: 4
[785.903s][debug][gc,phases      ] GC(312)   ObjectSynchronizer Weak        Min:  0.0, Avg:  0.0, Max:  0.0, Diff:  0.0, Sum:  0.0, Workers: 4
[785.903s][debug][gc,phases      ] GC(312)     Dead                           Min: 0, Avg:  0.0, Max: 0, Diff: 0, Sum: 0, Workers: 4
[785.903s][debug][gc,phases      ] GC(312)     Total                          Min: 0, Avg: 139.8, Max: 303, Diff: 303, Sum: 559, Workers: 4
[785.903s][debug][gc,phases      ] GC(312)   JVMTI Tag Weak OopStorage      Min:  0.0, Avg:  0.0, Max:  0.0, Diff:  0.0, Sum:  0.0, Workers: 4
[785.903s][debug][gc,phases      ] GC(312)     Dead                           Min: 0, Avg:  0.0, Max: 0, Diff: 0, Sum: 0, Workers: 4
[785.903s][debug][gc,phases      ] GC(312)     Total                          Min: 0, Avg:  0.0, Max: 0, Diff: 0, Sum: 0, Workers: 4
[785.903s][debug][gc,phases      ] GC(312)   StringTable Weak               Min:  0.1, Avg:  0.1, Max:  0.1, Diff:  0.0, Sum:  0.5, Workers: 4
[785.903s][debug][gc,phases      ] GC(312)     Dead                           Min: 0, Avg:  0.0, Max: 0, Diff: 0, Sum: 0, Workers: 4
[785.903s][debug][gc,phases      ] GC(312)     Total                          Min: 11776, Avg: 12233.8, Max: 12992, Diff: 1216, Sum: 48935, Workers: 4
[785.903s][debug][gc,phases      ] GC(312)   ResolvedMethodTable Weak       Min:  0.0, Avg:  0.0, Max:  0.0, Diff:  0.0, Sum:  0.1, Workers: 4
[785.903s][debug][gc,phases      ] GC(312)     Dead                           Min: 0, Avg:  0.0, Max: 0, Diff: 0, Sum: 0, Workers: 4
[785.903s][debug][gc,phases      ] GC(312)     Total                          Min: 2112, Avg: 2254.8, Max: 2496, Diff: 384, Sum: 9019, Workers: 4
[785.903s][debug][gc,phases      ] GC(312)   JNI Weak                       Min:  0.0, Avg:  0.0, Max:  0.0, Diff:  0.0, Sum:  0.0, Workers: 4
[785.903s][debug][gc,phases      ] GC(312)     Dead                           Min: 0, Avg:  0.0, Max: 0, Diff: 0, Sum: 0, Workers: 4
[785.903s][debug][gc,phases      ] GC(312)     Total                          Min: 0, Avg:  0.0, Max: 0, Diff: 0, Sum: 0, Workers: 4
[785.903s][debug][gc,phases      ] GC(312)   StringDedup Table Weak         Min:  0.0, Avg:  0.0, Max:  0.0, Diff:  0.0, Sum:  0.0, Workers: 4
[785.903s][debug][gc,phases      ] GC(312)     Dead                           Min: 0, Avg:  0.0, Max: 0, Diff: 0, Sum: 0, Workers: 4
[785.903s][debug][gc,phases      ] GC(312)     Total                          Min: 0, Avg:  0.0, Max: 0, Diff: 0, Sum: 0, Workers: 4
[785.903s][debug][gc,phases      ] GC(312)   StringDedup Requests0 Weak     Min:  0.0, Avg:  0.0, Max:  0.0, Diff:  0.0, Sum:  0.0, Workers: 4
[785.903s][debug][gc,phases      ] GC(312)     Dead                           Min: 0, Avg:  0.0, Max: 0, Diff: 0, Sum: 0, Workers: 4
[785.903s][debug][gc,phases      ] GC(312)     Total                          Min: 0, Avg:  0.0, Max: 0, Diff: 0, Sum: 0, Workers: 4
[785.903s][debug][gc,phases      ] GC(312)   StringDedup Requests1 Weak     Min:  0.0, Avg:  0.0, Max:  0.0, Diff:  0.0, Sum:  0.0, Workers: 4
[785.903s][debug][gc,phases      ] GC(312)     Dead                           Min: 0, Avg:  0.0, Max: 0, Diff: 0, Sum: 0, Workers: 4
[785.903s][debug][gc,phases      ] GC(312)     Total                          Min: 0, Avg:  0.0, Max: 0, Diff: 0, Sum: 0, Workers: 4
[785.903s][debug][gc,phases      ] GC(312)   Weak JFR Old Object Samples    Min:  0.0, Avg:  0.0, Max:  0.0, Diff:  0.0, Sum:  0.0, Workers: 4
[785.903s][debug][gc,phases      ] GC(312)     Dead                           Min: 0, Avg:  0.0, Max: 0, Diff: 0, Sum: 0, Workers: 4
[785.903s][debug][gc,phases      ] GC(312)     Total                          Min: 0, Avg:  0.0, Max: 0, Diff: 0, Sum: 0, Workers: 4
[785.903s][debug][gc,phases      ] GC(312) Weak Processing 0.357ms
[785.903s][debug][gc,age         ] GC(312) Desired survivor size 103284736 bytes, new threshold 15 (max threshold 15)
[785.903s][info ][gc,heap        ] GC(312) PSYoungGen: 1876160K(1988608K)->5952K(1980416K) Eden: 1871872K(1871872K)->0K(1871872K) From: 4288K(116736K)->5952K(108544K)
[785.903s][info ][gc,heap        ] GC(312) ParOldGen: 663848K(973824K)->663932K(973824K)
[785.903s][info ][gc,metaspace   ] GC(312) Metaspace: 87207K(88128K)->87207K(88128K) NonClass: 75200K(75712K)->75200K(75712K) Class: 12006K(12416K)->12006K(12416K)
[785.903s][info ][gc             ] GC(312) Pause Young (Allocation Failure) 2480M->654M(2885M) 5.212ms
[785.903s][info ][gc,cpu         ] GC(312) User=0.02s Sys=0.00s Real=0.01s
[785.903s][info ][safepoint      ] Safepoint "ParallelGCFailedAllocation", Time since last: 5459496717 ns, Reaching safepoint: 126808 ns, At safepoint: 5302604 ns, Total: 5429412 ns
[786.904s][info ][safepoint      ] Safepoint "Cleanup", Time since last: 1000082067 ns, Reaching safepoint: 117307 ns, At safepoint: 5700 ns, Total: 123007 ns
[791.346s][info ][gc,start       ] GC(313) Pause Young (Allocation Failure)
[791.351s][debug][gc,phases      ] GC(313) Scavenge 4.639ms
[791.351s][debug][gc,ref         ] GC(313) Skipped phase 1 of Reference Processing: no references
[791.351s][debug][gc,ref         ] GC(313) ReferenceProcessor::execute queues: 1, RefProcThreadModel::Single, marks_oops_alive: false
[791.351s][debug][gc,ref         ] GC(313) Skipped phase 3 of Reference Processing: no references
[791.351s][debug][gc,ref         ] GC(313) ReferenceProcessor::execute queues: 1, RefProcThreadModel::Single, marks_oops_alive: false
[791.351s][debug][gc,phases      ] GC(313) Reference Processing 0.110ms
[791.351s][debug][gc,phases      ] GC(313)   VM Weak                        Min:  0.0, Avg:  0.0, Max:  0.0, Diff:  0.0, Sum:  0.0, Workers: 4
[791.351s][debug][gc,phases      ] GC(313)     Dead                           Min: 0, Avg:  0.0, Max: 0, Diff: 0, Sum: 0, Workers: 4
[791.351s][debug][gc,phases      ] GC(313)     Total                          Min: 0, Avg: 186.8, Max: 747, Diff: 747, Sum: 747, Workers: 4
[791.351s][debug][gc,phases      ] GC(313)   ObjectSynchronizer Weak        Min:  0.0, Avg:  0.0, Max:  0.0, Diff:  0.0, Sum:  0.0, Workers: 4
[791.351s][debug][gc,phases      ] GC(313)     Dead                           Min: 0, Avg:  0.0, Max: 0, Diff: 0, Sum: 0, Workers: 4
[791.351s][debug][gc,phases      ] GC(313)     Total                          Min: 0, Avg: 139.8, Max: 559, Diff: 559, Sum: 559, Workers: 4
[791.351s][debug][gc,phases      ] GC(313)   JVMTI Tag Weak OopStorage      Min:  0.0, Avg:  0.0, Max:  0.0, Diff:  0.0, Sum:  0.0, Workers: 4
[791.351s][debug][gc,phases      ] GC(313)     Dead                           Min: 0, Avg:  0.0, Max: 0, Diff: 0, Sum: 0, Workers: 4
[791.351s][debug][gc,phases      ] GC(313)     Total                          Min: 0, Avg:  0.0, Max: 0, Diff: 0, Sum: 0, Workers: 4
[791.351s][debug][gc,phases      ] GC(313)   StringTable Weak               Min:  0.1, Avg:  0.1, Max:  0.1, Diff:  0.0, Sum:  0.5, Workers: 4
[791.351s][debug][gc,phases      ] GC(313)     Dead                           Min: 0, Avg:  0.0, Max: 0, Diff: 0, Sum: 0, Workers: 4
[791.351s][debug][gc,phases      ] GC(313)     Total                          Min: 10791, Avg: 12233.8, Max: 14400, Diff: 3609, Sum: 48935, Workers: 4
[791.352s][debug][gc,phases      ] GC(313)   ResolvedMethodTable Weak       Min:  0.0, Avg:  0.0, Max:  0.0, Diff:  0.0, Sum:  0.1, Workers: 4
[791.352s][debug][gc,phases      ] GC(313)     Dead                           Min: 0, Avg:  0.0, Max: 0, Diff: 0, Sum: 0, Workers: 4
[791.352s][debug][gc,phases      ] GC(313)     Total                          Min: 1979, Avg: 2254.8, Max: 2624, Diff: 645, Sum: 9019, Workers: 4
[791.352s][debug][gc,phases      ] GC(313)   JNI Weak                       Min:  0.0, Avg:  0.0, Max:  0.0, Diff:  0.0, Sum:  0.0, Workers: 4
[791.352s][debug][gc,phases      ] GC(313)     Dead                           Min: 0, Avg:  0.0, Max: 0, Diff: 0, Sum: 0, Workers: 4
[791.352s][debug][gc,phases      ] GC(313)     Total                          Min: 0, Avg:  0.0, Max: 0, Diff: 0, Sum: 0, Workers: 4
[791.352s][debug][gc,phases      ] GC(313)   StringDedup Table Weak         Min:  0.0, Avg:  0.0, Max:  0.0, Diff:  0.0, Sum:  0.0, Workers: 4
[791.352s][debug][gc,phases      ] GC(313)     Dead                           Min: 0, Avg:  0.0, Max: 0, Diff: 0, Sum: 0, Workers: 4
[791.352s][debug][gc,phases      ] GC(313)     Total                          Min: 0, Avg:  0.0, Max: 0, Diff: 0, Sum: 0, Workers: 4
[791.352s][debug][gc,phases      ] GC(313)   StringDedup Requests0 Weak     Min:  0.0, Avg:  0.0, Max:  0.0, Diff:  0.0, Sum:  0.0, Workers: 4
[791.352s][debug][gc,phases      ] GC(313)     Dead                           Min: 0, Avg:  0.0, Max: 0, Diff: 0, Sum: 0, Workers: 4
[791.352s][debug][gc,phases      ] GC(313)     Total                          Min: 0, Avg:  0.0, Max: 0, Diff: 0, Sum: 0, Workers: 4
[791.352s][debug][gc,phases      ] GC(313)   StringDedup Requests1 Weak     Min:  0.0, Avg:  0.0, Max:  0.0, Diff:  0.0, Sum:  0.0, Workers: 4
[791.352s][debug][gc,phases      ] GC(313)     Dead                           Min: 0, Avg:  0.0, Max: 0, Diff: 0, Sum: 0, Workers: 4
[791.352s][debug][gc,phases      ] GC(313)     Total                          Min: 0, Avg:  0.0, Max: 0, Diff: 0, Sum: 0, Workers: 4
[791.352s][debug][gc,phases      ] GC(313)   Weak JFR Old Object Samples    Min:  0.0, Avg:  0.0, Max:  0.0, Diff:  0.0, Sum:  0.0, Workers: 4
[791.352s][debug][gc,phases      ] GC(313)     Dead                           Min: 0, Avg:  0.0, Max: 0, Diff: 0, Sum: 0, Workers: 4
[791.352s][debug][gc,phases      ] GC(313)     Total                          Min: 0, Avg:  0.0, Max: 0, Diff: 0, Sum: 0, Workers: 4
[791.352s][debug][gc,phases      ] GC(313) Weak Processing 0.330ms
[791.352s][debug][gc,age         ] GC(313) Desired survivor size 95944704 bytes, new threshold 15 (max threshold 15)
[791.352s][info ][gc,heap        ] GC(313) PSYoungGen: 1877824K(1980416K)->6224K(2003456K) Eden: 1871872K(1871872K)->0K(1902592K) From: 5952K(108544K)->6224K(100864K)
[791.352s][info ][gc,heap        ] GC(313) ParOldGen: 663932K(973824K)->664152K(973824K)
[791.352s][info ][gc,metaspace   ] GC(313) Metaspace: 87209K(88128K)->87209K(88128K) NonClass: 75203K(75712K)->75203K(75712K) Class: 12006K(12416K)->12006K(12416K)
[791.352s][info ][gc             ] GC(313) Pause Young (Allocation Failure) 2482M->654M(2907M) 5.209ms
[791.352s][info ][gc,cpu         ] GC(313) User=0.01s Sys=0.01s Real=0.00s
[791.352s][info ][safepoint      ] Safepoint "ParallelGCFailedAllocation", Time since last: 4442556878 ns, Reaching safepoint: 128107 ns, At safepoint: 5292204 ns, Total: 5420311 ns
[792.352s][info ][safepoint      ] Safepoint "Cleanup", Time since last: 1000079666 ns, Reaching safepoint: 111907 ns, At safepoint: 10800 ns, Total: 122707 ns
[796.125s][info ][safepoint      ] Safepoint "Cleanup", Time since last: 3772686383 ns, Reaching safepoint: 52903 ns, At safepoint: 3900 ns, Total: 56803 ns
[796.838s][info ][gc,start       ] GC(314) Pause Young (Allocation Failure)
[796.842s][debug][gc,phases      ] GC(314) Scavenge 4.064ms
[796.842s][debug][gc,ref         ] GC(314) Skipped phase 1 of Reference Processing: no references
[796.842s][debug][gc,ref         ] GC(314) ReferenceProcessor::execute queues: 1, RefProcThreadModel::Single, marks_oops_alive: false
[796.842s][debug][gc,ref         ] GC(314) Skipped phase 3 of Reference Processing: no references
[796.842s][debug][gc,ref         ] GC(314) ReferenceProcessor::execute queues: 1, RefProcThreadModel::Single, marks_oops_alive: false
[796.842s][debug][gc,phases      ] GC(314) Reference Processing 0.120ms
[796.842s][debug][gc,phases      ] GC(314)   VM Weak                        Min:  0.0, Avg:  0.0, Max:  0.0, Diff:  0.0, Sum:  0.0, Workers: 4
[796.842s][debug][gc,phases      ] GC(314)     Dead                           Min: 0, Avg:  0.0, Max: 0, Diff: 0, Sum: 0, Workers: 4
[796.842s][debug][gc,phases      ] GC(314)     Total                          Min: 0, Avg: 186.8, Max: 640, Diff: 640, Sum: 747, Workers: 4
[796.842s][debug][gc,phases      ] GC(314)   ObjectSynchronizer Weak        Min:  0.0, Avg:  0.0, Max:  0.0, Diff:  0.0, Sum:  0.0, Workers: 4
[796.842s][debug][gc,phases      ] GC(314)     Dead                           Min: 0, Avg:  0.0, Max: 0, Diff: 0, Sum: 0, Workers: 4
[796.842s][debug][gc,phases      ] GC(314)     Total                          Min: 0, Avg: 139.8, Max: 192, Diff: 192, Sum: 559, Workers: 4
[796.842s][debug][gc,phases      ] GC(314)   JVMTI Tag Weak OopStorage      Min:  0.0, Avg:  0.0, Max:  0.0, Diff:  0.0, Sum:  0.0, Workers: 4
[796.842s][debug][gc,phases      ] GC(314)     Dead                           Min: 0, Avg:  0.0, Max: 0, Diff: 0, Sum: 0, Workers: 4
[796.842s][debug][gc,phases      ] GC(314)     Total                          Min: 0, Avg:  0.0, Max: 0, Diff: 0, Sum: 0, Workers: 4
[796.842s][debug][gc,phases      ] GC(314)   StringTable Weak               Min:  0.1, Avg:  0.1, Max:  0.1, Diff:  0.0, Sum:  0.5, Workers: 4
[796.842s][debug][gc,phases      ] GC(314)     Dead                           Min: 0, Avg:  0.0, Max: 0, Diff: 0, Sum: 0, Workers: 4
[796.842s][debug][gc,phases      ] GC(314)     Total                          Min: 11072, Avg: 12234.8, Max: 12864, Diff: 1792, Sum: 48939, Workers: 4
[796.842s][debug][gc,phases      ] GC(314)   ResolvedMethodTable Weak       Min:  0.0, Avg:  0.0, Max:  0.0, Diff:  0.0, Sum:  0.1, Workers: 4
[796.842s][debug][gc,phases      ] GC(314)     Dead                           Min: 0, Avg:  0.0, Max: 0, Diff: 0, Sum: 0, Workers: 4
[796.842s][debug][gc,phases      ] GC(314)     Total                          Min: 2176, Avg: 2256.2, Max: 2305, Diff: 129, Sum: 9025, Workers: 4
[796.842s][debug][gc,phases      ] GC(314)   JNI Weak                       Min:  0.0, Avg:  0.0, Max:  0.0, Diff:  0.0, Sum:  0.0, Workers: 4
[796.842s][debug][gc,phases      ] GC(314)     Dead                           Min: 0, Avg:  0.0, Max: 0, Diff: 0, Sum: 0, Workers: 4
[796.842s][debug][gc,phases      ] GC(314)     Total                          Min: 0, Avg:  0.0, Max: 0, Diff: 0, Sum: 0, Workers: 4
[796.842s][debug][gc,phases      ] GC(314)   StringDedup Table Weak         Min:  0.0, Avg:  0.0, Max:  0.0, Diff:  0.0, Sum:  0.0, Workers: 4
[796.842s][debug][gc,phases      ] GC(314)     Dead                           Min: 0, Avg:  0.0, Max: 0, Diff: 0, Sum: 0, Workers: 4
[796.842s][debug][gc,phases      ] GC(314)     Total                          Min: 0, Avg:  0.0, Max: 0, Diff: 0, Sum: 0, Workers: 4
[796.842s][debug][gc,phases      ] GC(314)   StringDedup Requests0 Weak     Min:  0.0, Avg:  0.0, Max:  0.0, Diff:  0.0, Sum:  0.0, Workers: 4
[796.842s][debug][gc,phases      ] GC(314)     Dead                           Min: 0, Avg:  0.0, Max: 0, Diff: 0, Sum: 0, Workers: 4
[796.842s][debug][gc,phases      ] GC(314)     Total                          Min: 0, Avg:  0.0, Max: 0, Diff: 0, Sum: 0, Workers: 4
[796.842s][debug][gc,phases      ] GC(314)   StringDedup Requests1 Weak     Min:  0.0, Avg:  0.0, Max:  0.0, Diff:  0.0, Sum:  0.0, Workers: 4
[796.842s][debug][gc,phases      ] GC(314)     Dead                           Min: 0, Avg:  0.0, Max: 0, Diff: 0, Sum: 0, Workers: 4
[796.842s][debug][gc,phases      ] GC(314)     Total                          Min: 0, Avg:  0.0, Max: 0, Diff: 0, Sum: 0, Workers: 4
[796.842s][debug][gc,phases      ] GC(314)   Weak JFR Old Object Samples    Min:  0.0, Avg:  0.0, Max:  0.0, Diff:  0.0, Sum:  0.0, Workers: 4
[796.842s][debug][gc,phases      ] GC(314)     Dead                           Min: 0, Avg:  0.0, Max: 0, Diff: 0, Sum: 0, Workers: 4
[796.842s][debug][gc,phases      ] GC(314)     Total                          Min: 0, Avg:  0.0, Max: 0, Diff: 0, Sum: 0, Workers: 4
[796.842s][debug][gc,phases      ] GC(314) Weak Processing 0.342ms
[796.842s][debug][gc,age         ] GC(314) Desired survivor size 89128960 bytes, new threshold 15 (max threshold 15)
[796.842s][info ][gc,heap        ] GC(314) PSYoungGen: 1908816K(2003456K)->5808K(1996288K) Eden: 1902592K(1902592K)->0K(1902592K) From: 6224K(100864K)->5808K(93696K)
[796.842s][info ][gc,heap        ] GC(314) ParOldGen: 664152K(973824K)->664388K(973824K)
[796.842s][info ][gc,metaspace   ] GC(314) Metaspace: 87214K(88128K)->87214K(88128K) NonClass: 75206K(75712K)->75206K(75712K) Class: 12008K(12416K)->12008K(12416K)
[796.842s][info ][gc             ] GC(314) Pause Young (Allocation Failure) 2512M->654M(2900M) 4.654ms
[796.842s][info ][gc,cpu         ] GC(314) User=0.02s Sys=0.00s Real=0.00s
[796.842s][info ][safepoint      ] Safepoint "ParallelGCFailedAllocation", Time since last: 712769356 ns, Reaching safepoint: 81105 ns, At safepoint: 4747073 ns, Total: 4828178 ns
[797.842s][info ][safepoint      ] Safepoint "Cleanup", Time since last: 1000092966 ns, Reaching safepoint: 171310 ns, At safepoint: 12700 ns, Total: 184010 ns
[799.843s][info ][safepoint      ] Safepoint "Cleanup", Time since last: 2000164731 ns, Reaching safepoint: 123207 ns, At safepoint: 11300 ns, Total: 134507 ns
[800.843s][info ][safepoint      ] Safepoint "Cleanup", Time since last: 1000099366 ns, Reaching safepoint: 140108 ns, At safepoint: 30702 ns, Total: 170810 ns
[801.835s][info ][gc,start       ] GC(315) Pause Young (Allocation Failure)
[801.840s][debug][gc,phases      ] GC(315) Scavenge 4.970ms
[801.840s][debug][gc,ref         ] GC(315) Skipped phase 1 of Reference Processing: no references
[801.840s][debug][gc,ref         ] GC(315) ReferenceProcessor::execute queues: 1, RefProcThreadModel::Single, marks_oops_alive: false
[801.840s][debug][gc,ref         ] GC(315) Skipped phase 3 of Reference Processing: no references
[801.840s][debug][gc,ref         ] GC(315) ReferenceProcessor::execute queues: 1, RefProcThreadModel::Single, marks_oops_alive: false
[801.840s][debug][gc,phases      ] GC(315) Reference Processing 0.115ms
[801.840s][debug][gc,phases      ] GC(315)   VM Weak                        Min:  0.0, Avg:  0.0, Max:  0.0, Diff:  0.0, Sum:  0.0, Workers: 4
[801.840s][debug][gc,phases      ] GC(315)     Dead                           Min: 0, Avg:  0.0, Max: 0, Diff: 0, Sum: 0, Workers: 4
[801.840s][debug][gc,phases      ] GC(315)     Total                          Min: 0, Avg: 186.8, Max: 747, Diff: 747, Sum: 747, Workers: 4
[801.840s][debug][gc,phases      ] GC(315)   ObjectSynchronizer Weak        Min:  0.0, Avg:  0.0, Max:  0.0, Diff:  0.0, Sum:  0.0, Workers: 4
[801.840s][debug][gc,phases      ] GC(315)     Dead                           Min: 0, Avg:  0.0, Max: 0, Diff: 0, Sum: 0, Workers: 4
[801.840s][debug][gc,phases      ] GC(315)     Total                          Min: 0, Avg: 139.8, Max: 495, Diff: 495, Sum: 559, Workers: 4
[801.840s][debug][gc,phases      ] GC(315)   JVMTI Tag Weak OopStorage      Min:  0.0, Avg:  0.0, Max:  0.0, Diff:  0.0, Sum:  0.0, Workers: 4
[801.840s][debug][gc,phases      ] GC(315)     Dead                           Min: 0, Avg:  0.0, Max: 0, Diff: 0, Sum: 0, Workers: 4
[801.840s][debug][gc,phases      ] GC(315)     Total                          Min: 0, Avg:  0.0, Max: 0, Diff: 0, Sum: 0, Workers: 4
[801.840s][debug][gc,phases      ] GC(315)   StringTable Weak               Min:  0.1, Avg:  0.1, Max:  0.1, Diff:  0.0, Sum:  0.4, Workers: 4
[801.840s][debug][gc,phases      ] GC(315)     Dead                           Min: 0, Avg:  0.0, Max: 0, Diff: 0, Sum: 0, Workers: 4
[801.840s][debug][gc,phases      ] GC(315)     Total                          Min: 10944, Avg: 12235.0, Max: 14272, Diff: 3328, Sum: 48940, Workers: 4
[801.840s][debug][gc,phases      ] GC(315)   ResolvedMethodTable Weak       Min:  0.0, Avg:  0.0, Max:  0.0, Diff:  0.0, Sum:  0.1, Workers: 4
[801.840s][debug][gc,phases      ] GC(315)     Dead                           Min: 0, Avg:  0.0, Max: 0, Diff: 0, Sum: 0, Workers: 4
[801.840s][debug][gc,phases      ] GC(315)     Total                          Min: 1920, Avg: 2256.8, Max: 2752, Diff: 832, Sum: 9027, Workers: 4
[801.840s][debug][gc,phases      ] GC(315)   JNI Weak                       Min:  0.0, Avg:  0.0, Max:  0.0, Diff:  0.0, Sum:  0.0, Workers: 4
[801.840s][debug][gc,phases      ] GC(315)     Dead                           Min: 0, Avg:  0.0, Max: 0, Diff: 0, Sum: 0, Workers: 4
[801.840s][debug][gc,phases      ] GC(315)     Total                          Min: 0, Avg:  0.0, Max: 0, Diff: 0, Sum: 0, Workers: 4
[801.840s][debug][gc,phases      ] GC(315)   StringDedup Table Weak         Min:  0.0, Avg:  0.0, Max:  0.0, Diff:  0.0, Sum:  0.0, Workers: 4
[801.840s][debug][gc,phases      ] GC(315)     Dead                           Min: 0, Avg:  0.0, Max: 0, Diff: 0, Sum: 0, Workers: 4
[801.840s][debug][gc,phases      ] GC(315)     Total                          Min: 0, Avg:  0.0, Max: 0, Diff: 0, Sum: 0, Workers: 4
[801.840s][debug][gc,phases      ] GC(315)   StringDedup Requests0 Weak     Min:  0.0, Avg:  0.0, Max:  0.0, Diff:  0.0, Sum:  0.0, Workers: 4
[801.840s][debug][gc,phases      ] GC(315)     Dead                           Min: 0, Avg:  0.0, Max: 0, Diff: 0, Sum: 0, Workers: 4
[801.840s][debug][gc,phases      ] GC(315)     Total                          Min: 0, Avg:  0.0, Max: 0, Diff: 0, Sum: 0, Workers: 4
[801.840s][debug][gc,phases      ] GC(315)   StringDedup Requests1 Weak     Min:  0.0, Avg:  0.0, Max:  0.0, Diff:  0.0, Sum:  0.0, Workers: 4
[801.840s][debug][gc,phases      ] GC(315)     Dead                           Min: 0, Avg:  0.0, Max: 0, Diff: 0, Sum: 0, Workers: 4
[801.840s][debug][gc,phases      ] GC(315)     Total                          Min: 0, Avg:  0.0, Max: 0, Diff: 0, Sum: 0, Workers: 4
[801.840s][debug][gc,phases      ] GC(315)   Weak JFR Old Object Samples    Min:  0.0, Avg:  0.0, Max:  0.0, Diff:  0.0, Sum:  0.0, Workers: 4
[801.840s][debug][gc,phases      ] GC(315)     Dead                           Min: 0, Avg:  0.0, Max: 0, Diff: 0, Sum: 0, Workers: 4
[801.840s][debug][gc,phases      ] GC(315)     Total                          Min: 0, Avg:  0.0, Max: 0, Diff: 0, Sum: 0, Workers: 4
[801.840s][debug][gc,phases      ] GC(315) Weak Processing 0.325ms
[801.840s][debug][gc,age         ] GC(315) Desired survivor size 82313216 bytes, new threshold 15 (max threshold 15)
[801.840s][info ][gc,heap        ] GC(315) PSYoungGen: 1908400K(1996288K)->5744K(2016768K) Eden: 1902592K(1902592K)->0K(1929728K) From: 5808K(93696K)->5744K(87040K)
[801.840s][info ][gc,heap        ] GC(315) ParOldGen: 664388K(973824K)->664484K(973824K)
[801.840s][info ][gc,metaspace   ] GC(315) Metaspace: 87218K(88128K)->87218K(88128K) NonClass: 75209K(75712K)->75209K(75712K) Class: 12008K(12416K)->12008K(12416K)
[801.840s][info ][gc             ] GC(315) Pause Young (Allocation Failure) 2512M->654M(2920M) 5.548ms
[801.840s][info ][gc,cpu         ] GC(315) User=0.02s Sys=0.01s Real=0.00s
[801.840s][info ][safepoint      ] Safepoint "ParallelGCFailedAllocation", Time since last: 991315961 ns, Reaching safepoint: 132008 ns, At safepoint: 5645724 ns, Total: 5777732 ns
[804.841s][info ][safepoint      ] Safepoint "Cleanup", Time since last: 3000234193 ns, Reaching safepoint: 123807 ns, At safepoint: 14101 ns, Total: 137908 ns
[805.841s][info ][safepoint      ] Safepoint "Cleanup", Time since last: 1000110766 ns, Reaching safepoint: 128807 ns, At safepoint: 10701 ns, Total: 139508 ns
[806.841s][info ][safepoint      ] Safepoint "Cleanup", Time since last: 1000125067 ns, Reaching safepoint: 129107 ns, At safepoint: 11801 ns, Total: 140908 ns
[807.291s][info ][gc,start       ] GC(316) Pause Young (Allocation Failure)
[807.296s][debug][gc,phases      ] GC(316) Scavenge 5.104ms
[807.297s][debug][gc,ref         ] GC(316) Skipped phase 1 of Reference Processing: no references
[807.297s][debug][gc,ref         ] GC(316) ReferenceProcessor::execute queues: 1, RefProcThreadModel::Single, marks_oops_alive: false
[807.297s][debug][gc,ref         ] GC(316) Skipped phase 3 of Reference Processing: no references
[807.297s][debug][gc,ref         ] GC(316) ReferenceProcessor::execute queues: 1, RefProcThreadModel::Single, marks_oops_alive: false
[807.297s][debug][gc,phases      ] GC(316) Reference Processing 0.113ms
[807.297s][debug][gc,phases      ] GC(316)   VM Weak                        Min:  0.0, Avg:  0.0, Max:  0.0, Diff:  0.0, Sum:  0.0, Workers: 4
[807.297s][debug][gc,phases      ] GC(316)     Dead                           Min: 0, Avg:  0.0, Max: 0, Diff: 0, Sum: 0, Workers: 4
[807.297s][debug][gc,phases      ] GC(316)     Total                          Min: 0, Avg: 186.8, Max: 320, Diff: 320, Sum: 747, Workers: 4
[807.297s][debug][gc,phases      ] GC(316)   ObjectSynchronizer Weak        Min:  0.0, Avg:  0.0, Max:  0.0, Diff:  0.0, Sum:  0.0, Workers: 4
[807.297s][debug][gc,phases      ] GC(316)     Dead                           Min: 0, Avg:  0.0, Max: 0, Diff: 0, Sum: 0, Workers: 4
[807.297s][debug][gc,phases      ] GC(316)     Total                          Min: 0, Avg: 139.8, Max: 256, Diff: 256, Sum: 559, Workers: 4
[807.297s][debug][gc,phases      ] GC(316)   JVMTI Tag Weak OopStorage      Min:  0.0, Avg:  0.0, Max:  0.0, Diff:  0.0, Sum:  0.0, Workers: 4
[807.297s][debug][gc,phases      ] GC(316)     Dead                           Min: 0, Avg:  0.0, Max: 0, Diff: 0, Sum: 0, Workers: 4
[807.297s][debug][gc,phases      ] GC(316)     Total                          Min: 0, Avg:  0.0, Max: 0, Diff: 0, Sum: 0, Workers: 4
[807.297s][debug][gc,phases      ] GC(316)   StringTable Weak               Min:  0.1, Avg:  0.1, Max:  0.1, Diff:  0.0, Sum:  0.4, Workers: 4
[807.297s][debug][gc,phases      ] GC(316)     Dead                           Min: 0, Avg:  0.2, Max: 1, Diff: 1, Sum: 1, Workers: 4
[807.297s][debug][gc,phases      ] GC(316)     Total                          Min: 11648, Avg: 12235.8, Max: 13039, Diff: 1391, Sum: 48943, Workers: 4
[807.297s][debug][gc,phases      ] GC(316)   ResolvedMethodTable Weak       Min:  0.0, Avg:  0.0, Max:  0.0, Diff:  0.0, Sum:  0.1, Workers: 4
[807.297s][debug][gc,phases      ] GC(316)     Dead                           Min: 0, Avg:  0.0, Max: 0, Diff: 0, Sum: 0, Workers: 4
[807.297s][debug][gc,phases      ] GC(316)     Total                          Min: 2048, Avg: 2257.8, Max: 2368, Diff: 320, Sum: 9031, Workers: 4
[807.297s][debug][gc,phases      ] GC(316)   JNI Weak                       Min:  0.0, Avg:  0.0, Max:  0.0, Diff:  0.0, Sum:  0.0, Workers: 4
[807.297s][debug][gc,phases      ] GC(316)     Dead                           Min: 0, Avg:  0.0, Max: 0, Diff: 0, Sum: 0, Workers: 4
[807.297s][debug][gc,phases      ] GC(316)     Total                          Min: 0, Avg:  0.0, Max: 0, Diff: 0, Sum: 0, Workers: 4
[807.297s][debug][gc,phases      ] GC(316)   StringDedup Table Weak         Min:  0.0, Avg:  0.0, Max:  0.0, Diff:  0.0, Sum:  0.0, Workers: 4
[807.297s][debug][gc,phases      ] GC(316)     Dead                           Min: 0, Avg:  0.0, Max: 0, Diff: 0, Sum: 0, Workers: 4
[807.297s][debug][gc,phases      ] GC(316)     Total                          Min: 0, Avg:  0.0, Max: 0, Diff: 0, Sum: 0, Workers: 4
[807.297s][debug][gc,phases      ] GC(316)   StringDedup Requests0 Weak     Min:  0.0, Avg:  0.0, Max:  0.0, Diff:  0.0, Sum:  0.0, Workers: 4
[807.297s][debug][gc,phases      ] GC(316)     Dead                           Min: 0, Avg:  0.0, Max: 0, Diff: 0, Sum: 0, Workers: 4
[807.297s][debug][gc,phases      ] GC(316)     Total                          Min: 0, Avg:  0.0, Max: 0, Diff: 0, Sum: 0, Workers: 4
[807.297s][debug][gc,phases      ] GC(316)   StringDedup Requests1 Weak     Min:  0.0, Avg:  0.0, Max:  0.0, Diff:  0.0, Sum:  0.0, Workers: 4
[807.297s][debug][gc,phases      ] GC(316)     Dead                           Min: 0, Avg:  0.0, Max: 0, Diff: 0, Sum: 0, Workers: 4
[807.297s][debug][gc,phases      ] GC(316)     Total                          Min: 0, Avg:  0.0, Max: 0, Diff: 0, Sum: 0, Workers: 4
[807.297s][debug][gc,phases      ] GC(316)   Weak JFR Old Object Samples    Min:  0.0, Avg:  0.0, Max:  0.0, Diff:  0.0, Sum:  0.0, Workers: 4
[807.297s][debug][gc,phases      ] GC(316)     Dead                           Min: 0, Avg:  0.0, Max: 0, Diff: 0, Sum: 0, Workers: 4
[807.297s][debug][gc,phases      ] GC(316)     Total                          Min: 0, Avg:  0.0, Max: 0, Diff: 0, Sum: 0, Workers: 4
[807.297s][debug][gc,phases      ] GC(316) Weak Processing 0.327ms
[807.297s][debug][gc,age         ] GC(316) Desired survivor size 76021760 bytes, new threshold 15 (max threshold 15)
[807.297s][info ][gc,heap        ] GC(316) PSYoungGen: 1935472K(2016768K)->7552K(2010112K) Eden: 1929728K(1929728K)->0K(1929728K) From: 5744K(87040K)->7552K(80384K)
[807.297s][info ][gc,heap        ] GC(316) ParOldGen: 664484K(973824K)->664624K(973824K)
[807.297s][info ][gc,metaspace   ] GC(316) Metaspace: 87223K(88128K)->87223K(88128K) NonClass: 75212K(75712K)->75212K(75712K) Class: 12010K(12416K)->12010K(12416K)
[807.297s][info ][gc             ] GC(316) Pause Young (Allocation Failure) 2539M->656M(2914M) 5.668ms
[807.297s][info ][gc,cpu         ] GC(316) User=0.02s Sys=0.00s Real=0.01s
[807.297s][info ][safepoint      ] Safepoint "ParallelGCFailedAllocation", Time since last: 450152065 ns, Reaching safepoint: 95406 ns, At safepoint: 5755230 ns, Total: 5850636 ns
[808.297s][info ][safepoint      ] Safepoint "Cleanup", Time since last: 1000080364 ns, Reaching safepoint: 110707 ns, At safepoint: 12600 ns, Total: 123307 ns
[809.297s][info ][safepoint      ] Safepoint "Cleanup", Time since last: 1000098065 ns, Reaching safepoint: 124107 ns, At safepoint: 13101 ns, Total: 137208 ns
[810.298s][info ][safepoint      ] Safepoint "Cleanup", Time since last: 1000104565 ns, Reaching safepoint: 79904 ns, At safepoint: 10301 ns, Total: 90205 ns
[811.298s][info ][safepoint      ] Safepoint "Cleanup", Time since last: 1000104065 ns, Reaching safepoint: 121007 ns, At safepoint: 5700 ns, Total: 126707 ns
[812.298s][info ][safepoint      ] Safepoint "Cleanup", Time since last: 1000096764 ns, Reaching safepoint: 128708 ns, At safepoint: 15400 ns, Total: 144108 ns
[812.685s][info ][gc,start       ] GC(317) Pause Young (Allocation Failure)
[812.689s][debug][gc,phases      ] GC(317) Scavenge 4.305ms
[812.689s][debug][gc,ref         ] GC(317) Skipped phase 1 of Reference Processing: no references
[812.689s][debug][gc,ref         ] GC(317) ReferenceProcessor::execute queues: 1, RefProcThreadModel::Single, marks_oops_alive: false
[812.689s][debug][gc,ref         ] GC(317) Skipped phase 3 of Reference Processing: no references
[812.689s][debug][gc,ref         ] GC(317) ReferenceProcessor::execute queues: 1, RefProcThreadModel::Single, marks_oops_alive: false
[812.689s][debug][gc,phases      ] GC(317) Reference Processing 0.119ms
[812.690s][debug][gc,phases      ] GC(317)   VM Weak                        Min:  0.0, Avg:  0.0, Max:  0.0, Diff:  0.0, Sum:  0.0, Workers: 4
[812.690s][debug][gc,phases      ] GC(317)     Dead                           Min: 0, Avg:  0.0, Max: 0, Diff: 0, Sum: 0, Workers: 4
[812.690s][debug][gc,phases      ] GC(317)     Total                          Min: 0, Avg: 186.8, Max: 512, Diff: 512, Sum: 747, Workers: 4
[812.690s][debug][gc,phases      ] GC(317)   ObjectSynchronizer Weak        Min:  0.0, Avg:  0.0, Max:  0.0, Diff:  0.0, Sum:  0.0, Workers: 4
[812.690s][debug][gc,phases      ] GC(317)     Dead                           Min: 0, Avg:  0.0, Max: 0, Diff: 0, Sum: 0, Workers: 4
[812.690s][debug][gc,phases      ] GC(317)     Total                          Min: 0, Avg: 139.8, Max: 320, Diff: 320, Sum: 559, Workers: 4
[812.690s][debug][gc,phases      ] GC(317)   JVMTI Tag Weak OopStorage      Min:  0.0, Avg:  0.0, Max:  0.0, Diff:  0.0, Sum:  0.0, Workers: 4
[812.690s][debug][gc,phases      ] GC(317)     Dead                           Min: 0, Avg:  0.0, Max: 0, Diff: 0, Sum: 0, Workers: 4
[812.690s][debug][gc,phases      ] GC(317)     Total                          Min: 0, Avg:  0.0, Max: 0, Diff: 0, Sum: 0, Workers: 4
[812.690s][debug][gc,phases      ] GC(317)   StringTable Weak               Min:  0.1, Avg:  0.1, Max:  0.1, Diff:  0.0, Sum:  0.4, Workers: 4
[812.690s][debug][gc,phases      ] GC(317)     Dead                           Min: 0, Avg:  0.0, Max: 0, Diff: 0, Sum: 0, Workers: 4
[812.690s][debug][gc,phases      ] GC(317)     Total                          Min: 11264, Avg: 12237.2, Max: 13173, Diff: 1909, Sum: 48949, Workers: 4
[812.690s][debug][gc,phases      ] GC(317)   ResolvedMethodTable Weak       Min:  0.0, Avg:  0.0, Max:  0.0, Diff:  0.0, Sum:  0.1, Workers: 4
[812.690s][debug][gc,phases      ] GC(317)     Dead                           Min: 0, Avg:  0.0, Max: 0, Diff: 0, Sum: 0, Workers: 4
[812.690s][debug][gc,phases      ] GC(317)     Total                          Min: 1856, Avg: 2257.8, Max: 2752, Diff: 896, Sum: 9031, Workers: 4
[812.690s][debug][gc,phases      ] GC(317)   JNI Weak                       Min:  0.0, Avg:  0.0, Max:  0.0, Diff:  0.0, Sum:  0.0, Workers: 4
[812.690s][debug][gc,phases      ] GC(317)     Dead                           Min: 0, Avg:  0.0, Max: 0, Diff: 0, Sum: 0, Workers: 4
[812.690s][debug][gc,phases      ] GC(317)     Total                          Min: 0, Avg:  0.0, Max: 0, Diff: 0, Sum: 0, Workers: 4
[812.690s][debug][gc,phases      ] GC(317)   StringDedup Table Weak         Min:  0.0, Avg:  0.0, Max:  0.0, Diff:  0.0, Sum:  0.0, Workers: 4
[812.690s][debug][gc,phases      ] GC(317)     Dead                           Min: 0, Avg:  0.0, Max: 0, Diff: 0, Sum: 0, Workers: 4
[812.690s][debug][gc,phases      ] GC(317)     Total                          Min: 0, Avg:  0.0, Max: 0, Diff: 0, Sum: 0, Workers: 4
[812.690s][debug][gc,phases      ] GC(317)   StringDedup Requests0 Weak     Min:  0.0, Avg:  0.0, Max:  0.0, Diff:  0.0, Sum:  0.0, Workers: 4
[812.690s][debug][gc,phases      ] GC(317)     Dead                           Min: 0, Avg:  0.0, Max: 0, Diff: 0, Sum: 0, Workers: 4
[812.690s][debug][gc,phases      ] GC(317)     Total                          Min: 0, Avg:  0.0, Max: 0, Diff: 0, Sum: 0, Workers: 4
[812.690s][debug][gc,phases      ] GC(317)   StringDedup Requests1 Weak     Min:  0.0, Avg:  0.0, Max:  0.0, Diff:  0.0, Sum:  0.0, Workers: 4
[812.690s][debug][gc,phases      ] GC(317)     Dead                           Min: 0, Avg:  0.0, Max: 0, Diff: 0, Sum: 0, Workers: 4
[812.690s][debug][gc,phases      ] GC(317)     Total                          Min: 0, Avg:  0.0, Max: 0, Diff: 0, Sum: 0, Workers: 4
[812.690s][debug][gc,phases      ] GC(317)   Weak JFR Old Object Samples    Min:  0.0, Avg:  0.0, Max:  0.0, Diff:  0.0, Sum:  0.0, Workers: 4
[812.690s][debug][gc,phases      ] GC(317)     Dead                           Min: 0, Avg:  0.0, Max: 0, Diff: 0, Sum: 0, Workers: 4
[812.690s][debug][gc,phases      ] GC(317)     Total                          Min: 0, Avg:  0.0, Max: 0, Diff: 0, Sum: 0, Workers: 4
[812.690s][debug][gc,phases      ] GC(317) Weak Processing 0.332ms
[812.690s][debug][gc,age         ] GC(317) Desired survivor size 70778880 bytes, new threshold 15 (max threshold 15)
[812.690s][info ][gc,heap        ] GC(317) PSYoungGen: 1937280K(2010112K)->5792K(2028032K) Eden: 1929728K(1929728K)->0K(1953792K) From: 7552K(80384K)->5792K(74240K)
[812.690s][info ][gc,heap        ] GC(317) ParOldGen: 664624K(973824K)->664784K(973824K)
[812.690s][info ][gc,metaspace   ] GC(317) Metaspace: 87223K(88128K)->87223K(88128K) NonClass: 75212K(75712K)->75212K(75712K) Class: 12010K(12416K)->12010K(12416K)
[812.690s][info ][gc             ] GC(317) Pause Young (Allocation Failure) 2540M->654M(2931M) 4.889ms
[812.690s][info ][gc,cpu         ] GC(317) User=0.02s Sys=0.00s Real=0.00s
[812.690s][info ][safepoint      ] Safepoint "ParallelGCFailedAllocation", Time since last: 386643416 ns, Reaching safepoint: 107807 ns, At safepoint: 4984186 ns, Total: 5091993 ns
[813.690s][info ][safepoint      ] Safepoint "Cleanup", Time since last: 1000088164 ns, Reaching safepoint: 122507 ns, At safepoint: 9500 ns, Total: 132007 ns
[818.236s][info ][gc,start       ] GC(318) Pause Young (Allocation Failure)
[818.239s][debug][gc,phases      ] GC(318) Scavenge 3.761ms
[818.239s][debug][gc,ref         ] GC(318) Skipped phase 1 of Reference Processing: no references
[818.240s][debug][gc,ref         ] GC(318) ReferenceProcessor::execute queues: 1, RefProcThreadModel::Single, marks_oops_alive: false
[818.240s][debug][gc,ref         ] GC(318) Skipped phase 3 of Reference Processing: no references
[818.240s][debug][gc,ref         ] GC(318) ReferenceProcessor::execute queues: 1, RefProcThreadModel::Single, marks_oops_alive: false
[818.240s][debug][gc,phases      ] GC(318) Reference Processing 0.116ms
[818.240s][debug][gc,phases      ] GC(318)   VM Weak                        Min:  0.0, Avg:  0.0, Max:  0.0, Diff:  0.0, Sum:  0.0, Workers: 4
[818.240s][debug][gc,phases      ] GC(318)     Dead                           Min: 0, Avg:  0.0, Max: 0, Diff: 0, Sum: 0, Workers: 4
[818.240s][debug][gc,phases      ] GC(318)     Total                          Min: 0, Avg: 186.8, Max: 747, Diff: 747, Sum: 747, Workers: 4
[818.240s][debug][gc,phases      ] GC(318)   ObjectSynchronizer Weak        Min:  0.0, Avg:  0.0, Max:  0.0, Diff:  0.0, Sum:  0.0, Workers: 4
[818.240s][debug][gc,phases      ] GC(318)     Dead                           Min: 0, Avg:  0.0, Max: 0, Diff: 0, Sum: 0, Workers: 4
[818.240s][debug][gc,phases      ] GC(318)     Total                          Min: 0, Avg: 139.8, Max: 559, Diff: 559, Sum: 559, Workers: 4
[818.240s][debug][gc,phases      ] GC(318)   JVMTI Tag Weak OopStorage      Min:  0.0, Avg:  0.0, Max:  0.0, Diff:  0.0, Sum:  0.0, Workers: 4
[818.240s][debug][gc,phases      ] GC(318)     Dead                           Min: 0, Avg:  0.0, Max: 0, Diff: 0, Sum: 0, Workers: 4
[818.240s][debug][gc,phases      ] GC(318)     Total                          Min: 0, Avg:  0.0, Max: 0, Diff: 0, Sum: 0, Workers: 4
[818.240s][debug][gc,phases      ] GC(318)   StringTable Weak               Min:  0.1, Avg:  0.1, Max:  0.1, Diff:  0.0, Sum:  0.4, Workers: 4
[818.240s][debug][gc,phases      ] GC(318)     Dead                           Min: 0, Avg:  0.0, Max: 0, Diff: 0, Sum: 0, Workers: 4
[818.240s][debug][gc,phases      ] GC(318)     Total                          Min: 11765, Avg: 12237.2, Max: 12864, Diff: 1099, Sum: 48949, Workers: 4
[818.240s][debug][gc,phases      ] GC(318)   ResolvedMethodTable Weak       Min:  0.0, Avg:  0.0, Max:  0.0, Diff:  0.0, Sum:  0.1, Workers: 4
[818.240s][debug][gc,phases      ] GC(318)     Dead                           Min: 0, Avg:  0.0, Max: 0, Diff: 0, Sum: 0, Workers: 4
[818.240s][debug][gc,phases      ] GC(318)     Total                          Min: 1928, Avg: 2257.8, Max: 2495, Diff: 567, Sum: 9031, Workers: 4
[818.240s][debug][gc,phases      ] GC(318)   JNI Weak                       Min:  0.0, Avg:  0.0, Max:  0.0, Diff:  0.0, Sum:  0.0, Workers: 4
[818.240s][debug][gc,phases      ] GC(318)     Dead                           Min: 0, Avg:  0.0, Max: 0, Diff: 0, Sum: 0, Workers: 4
[818.240s][debug][gc,phases      ] GC(318)     Total                          Min: 0, Avg:  0.0, Max: 0, Diff: 0, Sum: 0, Workers: 4
[818.240s][debug][gc,phases      ] GC(318)   StringDedup Table Weak         Min:  0.0, Avg:  0.0, Max:  0.0, Diff:  0.0, Sum:  0.0, Workers: 4
[818.240s][debug][gc,phases      ] GC(318)     Dead                           Min: 0, Avg:  0.0, Max: 0, Diff: 0, Sum: 0, Workers: 4
[818.240s][debug][gc,phases      ] GC(318)     Total                          Min: 0, Avg:  0.0, Max: 0, Diff: 0, Sum: 0, Workers: 4
[818.240s][debug][gc,phases      ] GC(318)   StringDedup Requests0 Weak     Min:  0.0, Avg:  0.0, Max:  0.0, Diff:  0.0, Sum:  0.0, Workers: 4
[818.240s][debug][gc,phases      ] GC(318)     Dead                           Min: 0, Avg:  0.0, Max: 0, Diff: 0, Sum: 0, Workers: 4
[818.240s][debug][gc,phases      ] GC(318)     Total                          Min: 0, Avg:  0.0, Max: 0, Diff: 0, Sum: 0, Workers: 4
[818.240s][debug][gc,phases      ] GC(318)   StringDedup Requests1 Weak     Min:  0.0, Avg:  0.0, Max:  0.0, Diff:  0.0, Sum:  0.0, Workers: 4
[818.240s][debug][gc,phases      ] GC(318)     Dead                           Min: 0, Avg:  0.0, Max: 0, Diff: 0, Sum: 0, Workers: 4
[818.240s][debug][gc,phases      ] GC(318)     Total                          Min: 0, Avg:  0.0, Max: 0, Diff: 0, Sum: 0, Workers: 4
[818.240s][debug][gc,phases      ] GC(318)   Weak JFR Old Object Samples    Min:  0.0, Avg:  0.0, Max:  0.0, Diff:  0.0, Sum:  0.0, Workers: 4
[818.240s][debug][gc,phases      ] GC(318)     Dead                           Min: 0, Avg:  0.0, Max: 0, Diff: 0, Sum: 0, Workers: 4
[818.240s][debug][gc,phases      ] GC(318)     Total                          Min: 0, Avg:  0.0, Max: 0, Diff: 0, Sum: 0, Workers: 4
[818.240s][debug][gc,phases      ] GC(318) Weak Processing 0.326ms
[818.240s][debug][gc,age         ] GC(318) Desired survivor size 65536000 bytes, new threshold 15 (max threshold 15)
[818.240s][info ][gc,heap        ] GC(318) PSYoungGen: 1959584K(2028032K)->5824K(2022912K) Eden: 1953792K(1953792K)->0K(1953792K) From: 5792K(74240K)->5824K(69120K)
[818.240s][info ][gc,heap        ] GC(318) ParOldGen: 664784K(973824K)->664932K(973824K)
[818.240s][info ][gc,metaspace   ] GC(318) Metaspace: 87224K(88128K)->87224K(88128K) NonClass: 75213K(75712K)->75213K(75712K) Class: 12010K(12416K)->12010K(12416K)
[818.240s][info ][gc             ] GC(318) Pause Young (Allocation Failure) 2562M->655M(2926M) 4.338ms
[818.240s][info ][gc,cpu         ] GC(318) User=0.02s Sys=0.00s Real=0.00s
[818.240s][info ][safepoint      ] Safepoint "ParallelGCFailedAllocation", Time since last: 4545364968 ns, Reaching safepoint: 131408 ns, At safepoint: 4427254 ns, Total: 4558662 ns
[819.240s][info ][safepoint      ] Safepoint "Cleanup", Time since last: 1000083763 ns, Reaching safepoint: 123107 ns, At safepoint: 9100 ns, Total: 132207 ns
[822.241s][info ][safepoint      ] Safepoint "Cleanup", Time since last: 3000244187 ns, Reaching safepoint: 129107 ns, At safepoint: 13501 ns, Total: 142608 ns
[823.590s][info ][gc,start       ] GC(319) Pause Young (Allocation Failure)
[823.594s][debug][gc,phases      ] GC(319) Scavenge 4.681ms
[823.594s][debug][gc,ref         ] GC(319) Skipped phase 1 of Reference Processing: no references
[823.595s][debug][gc,ref         ] GC(319) ReferenceProcessor::execute queues: 1, RefProcThreadModel::Single, marks_oops_alive: false
[823.595s][debug][gc,ref         ] GC(319) Skipped phase 3 of Reference Processing: no references
[823.595s][debug][gc,ref         ] GC(319) ReferenceProcessor::execute queues: 1, RefProcThreadModel::Single, marks_oops_alive: false
[823.595s][debug][gc,phases      ] GC(319) Reference Processing 0.123ms
[823.595s][debug][gc,phases      ] GC(319)   VM Weak                        Min:  0.0, Avg:  0.0, Max:  0.0, Diff:  0.0, Sum:  0.0, Workers: 4
[823.595s][debug][gc,phases      ] GC(319)     Dead                           Min: 0, Avg:  0.0, Max: 0, Diff: 0, Sum: 0, Workers: 4
[823.595s][debug][gc,phases      ] GC(319)     Total                          Min: 0, Avg: 186.8, Max: 747, Diff: 747, Sum: 747, Workers: 4
[823.595s][debug][gc,phases      ] GC(319)   ObjectSynchronizer Weak        Min:  0.0, Avg:  0.0, Max:  0.0, Diff:  0.0, Sum:  0.0, Workers: 4
[823.595s][debug][gc,phases      ] GC(319)     Dead                           Min: 0, Avg:  0.0, Max: 0, Diff: 0, Sum: 0, Workers: 4
[823.595s][debug][gc,phases      ] GC(319)     Total                          Min: 0, Avg: 139.8, Max: 256, Diff: 256, Sum: 559, Workers: 4
[823.595s][debug][gc,phases      ] GC(319)   JVMTI Tag Weak OopStorage      Min:  0.0, Avg:  0.0, Max:  0.0, Diff:  0.0, Sum:  0.0, Workers: 4
[823.595s][debug][gc,phases      ] GC(319)     Dead                           Min: 0, Avg:  0.0, Max: 0, Diff: 0, Sum: 0, Workers: 4
[823.595s][debug][gc,phases      ] GC(319)     Total                          Min: 0, Avg:  0.0, Max: 0, Diff: 0, Sum: 0, Workers: 4
[823.595s][debug][gc,phases      ] GC(319)   StringTable Weak               Min:  0.1, Avg:  0.1, Max:  0.1, Diff:  0.0, Sum:  0.4, Workers: 4
[823.595s][debug][gc,phases      ] GC(319)     Dead                           Min: 0, Avg:  0.0, Max: 0, Diff: 0, Sum: 0, Workers: 4
[823.595s][debug][gc,phases      ] GC(319)     Total                          Min: 11008, Avg: 12237.2, Max: 14208, Diff: 3200, Sum: 48949, Workers: 4
[823.595s][debug][gc,phases      ] GC(319)   ResolvedMethodTable Weak       Min:  0.0, Avg:  0.0, Max:  0.0, Diff:  0.0, Sum:  0.1, Workers: 4
[823.595s][debug][gc,phases      ] GC(319)     Dead                           Min: 0, Avg:  0.0, Max: 0, Diff: 0, Sum: 0, Workers: 4
[823.595s][debug][gc,phases      ] GC(319)     Total                          Min: 1928, Avg: 2257.8, Max: 2623, Diff: 695, Sum: 9031, Workers: 4
[823.595s][debug][gc,phases      ] GC(319)   JNI Weak                       Min:  0.0, Avg:  0.0, Max:  0.0, Diff:  0.0, Sum:  0.0, Workers: 4
[823.595s][debug][gc,phases      ] GC(319)     Dead                           Min: 0, Avg:  0.0, Max: 0, Diff: 0, Sum: 0, Workers: 4
[823.595s][debug][gc,phases      ] GC(319)     Total                          Min: 0, Avg:  0.0, Max: 0, Diff: 0, Sum: 0, Workers: 4
[823.595s][debug][gc,phases      ] GC(319)   StringDedup Table Weak         Min:  0.0, Avg:  0.0, Max:  0.0, Diff:  0.0, Sum:  0.0, Workers: 4
[823.595s][debug][gc,phases      ] GC(319)     Dead                           Min: 0, Avg:  0.0, Max: 0, Diff: 0, Sum: 0, Workers: 4
[823.595s][debug][gc,phases      ] GC(319)     Total                          Min: 0, Avg:  0.0, Max: 0, Diff: 0, Sum: 0, Workers: 4
[823.595s][debug][gc,phases      ] GC(319)   StringDedup Requests0 Weak     Min:  0.0, Avg:  0.0, Max:  0.0, Diff:  0.0, Sum:  0.0, Workers: 4
[823.595s][debug][gc,phases      ] GC(319)     Dead                           Min: 0, Avg:  0.0, Max: 0, Diff: 0, Sum: 0, Workers: 4
[823.595s][debug][gc,phases      ] GC(319)     Total                          Min: 0, Avg:  0.0, Max: 0, Diff: 0, Sum: 0, Workers: 4
[823.595s][debug][gc,phases      ] GC(319)   StringDedup Requests1 Weak     Min:  0.0, Avg:  0.0, Max:  0.0, Diff:  0.0, Sum:  0.0, Workers: 4
[823.595s][debug][gc,phases      ] GC(319)     Dead                           Min: 0, Avg:  0.0, Max: 0, Diff: 0, Sum: 0, Workers: 4
[823.595s][debug][gc,phases      ] GC(319)     Total                          Min: 0, Avg:  0.0, Max: 0, Diff: 0, Sum: 0, Workers: 4
[823.595s][debug][gc,phases      ] GC(319)   Weak JFR Old Object Samples    Min:  0.0, Avg:  0.0, Max:  0.0, Diff:  0.0, Sum:  0.0, Workers: 4
[823.595s][debug][gc,phases      ] GC(319)     Dead                           Min: 0, Avg:  0.0, Max: 0, Diff: 0, Sum: 0, Workers: 4
[823.595s][debug][gc,phases      ] GC(319)     Total                          Min: 0, Avg:  0.0, Max: 0, Diff: 0, Sum: 0, Workers: 4
[823.595s][debug][gc,phases      ] GC(319) Weak Processing 0.321ms
[823.595s][debug][gc,age         ] GC(319) Desired survivor size 60817408 bytes, new threshold 15 (max threshold 15)
[823.595s][info ][gc,heap        ] GC(319) PSYoungGen: 1959616K(2022912K)->7328K(2037760K) Eden: 1953792K(1953792K)->0K(1973760K) From: 5824K(69120K)->7328K(64000K)
[823.595s][info ][gc,heap        ] GC(319) ParOldGen: 664932K(973824K)->665136K(973824K)
[823.595s][info ][gc,metaspace   ] GC(319) Metaspace: 87228K(88192K)->87228K(88192K) NonClass: 75218K(75776K)->75218K(75776K) Class: 12010K(12416K)->12010K(12416K)
[823.595s][info ][gc             ] GC(319) Pause Young (Allocation Failure) 2563M->656M(2941M) 5.247ms
[823.595s][info ][gc,cpu         ] GC(319) User=0.01s Sys=0.00s Real=0.01s
[823.595s][info ][safepoint      ] Safepoint "ParallelGCFailedAllocation", Time since last: 1348892003 ns, Reaching safepoint: 125907 ns, At safepoint: 5334207 ns, Total: 5460114 ns
[824.595s][info ][safepoint      ] Safepoint "Cleanup", Time since last: 1000087162 ns, Reaching safepoint: 114007 ns, At safepoint: 12500 ns, Total: 126507 ns
[828.596s][info ][safepoint      ] Safepoint "Cleanup", Time since last: 4000292544 ns, Reaching safepoint: 118707 ns, At safepoint: 8400 ns, Total: 127107 ns
[829.235s][info ][gc,start       ] GC(320) Pause Young (Allocation Failure)
[829.239s][debug][gc,phases      ] GC(320) Scavenge 3.991ms
[829.239s][debug][gc,ref         ] GC(320) Skipped phase 1 of Reference Processing: no references
[829.239s][debug][gc,ref         ] GC(320) ReferenceProcessor::execute queues: 1, RefProcThreadModel::Single, marks_oops_alive: false
[829.239s][debug][gc,ref         ] GC(320) Skipped phase 3 of Reference Processing: no references
[829.239s][debug][gc,ref         ] GC(320) ReferenceProcessor::execute queues: 1, RefProcThreadModel::Single, marks_oops_alive: false
[829.239s][debug][gc,phases      ] GC(320) Reference Processing 0.117ms
