[0.003s][info][gc] Using Parallel
[0.004s][info][gc,init] Version: 17.0.1+12-LTS (release)
[0.004s][info][gc,init] CPUs: 8 total, 8 available
[0.004s][info][gc,init] Memory: 32112M
[0.004s][info][gc,init] Large Page Support: Disabled
[0.004s][info][gc,init] NUMA Support: Disabled
[0.004s][info][gc,init] Compressed Oops: Enabled (Zero based)
[0.004s][info][gc,init] Alignments: Space 512K, Generation 512K, Heap 2M
[0.004s][info][gc,init] Heap Min Capacity: 2054M
[0.004s][info][gc,init] Heap Initial Capacity: 2054M
[0.004s][info][gc,init] Heap Max Capacity: 3G
[0.004s][info][gc,init] Pre-touch: Disabled
[0.004s][info][gc,init] Parallel Workers: 4
[0.004s][info][gc,metaspace] CDS archive(s) not mapped
[0.004s][info][gc,metaspace] Compressed class space mapped at: 0x0000000800000000-0x0000000840000000, reserved size: 1073741824
[0.004s][info][gc,metaspace] Narrow klass base: 0x0000000800000000, Narrow klass shift: 0, Narrow klass range: 0x40000000
[0.753s][info][safepoint   ] Safepoint "ICBufferFull", Time since last: 731548425 ns, Reaching safepoint: 184606 ns, At safepoint: 5600 ns, Total: 190206 ns
[1.011s][info][safepoint   ] Safepoint "ICBufferFull", Time since last: 258179923 ns, Reaching safepoint: 119304 ns, At safepoint: 2300 ns, Total: 121604 ns
[1.131s][info][gc,start    ] GC(0) Pause Young (Metadata GC Threshold)
[1.139s][debug][gc,phases   ] GC(0) Scavenge 7.768ms
[1.139s][debug][gc,ref      ] GC(0) Skipped phase 1 of Reference Processing: no references
[1.140s][debug][gc,ref      ] GC(0) ReferenceProcessor::execute queues: 1, RefProcThreadModel::Single, marks_oops_alive: false
[1.140s][debug][gc,ref      ] GC(0) Skipped phase 3 of Reference Processing: no references
[1.140s][debug][gc,ref      ] GC(0) ReferenceProcessor::execute queues: 1, RefProcThreadModel::Single, marks_oops_alive: false
[1.140s][debug][gc,phases   ] GC(0) Reference Processing 0.219ms
[1.140s][debug][gc,phases   ] GC(0)   VM Weak                        Min:  0.0, Avg:  0.0, Max:  0.0, Diff:  0.0, Sum:  0.0, Workers: 4
[1.140s][debug][gc,phases   ] GC(0)     Dead                           Min: 0, Avg:  0.0, Max: 0, Diff: 0, Sum: 0, Workers: 4
[1.140s][debug][gc,phases   ] GC(0)     Total                          Min: 0, Avg: 25.0, Max: 64, Diff: 64, Sum: 100, Workers: 4
[1.140s][debug][gc,phases   ] GC(0)   ObjectSynchronizer Weak        Min:  0.0, Avg:  0.0, Max:  0.0, Diff:  0.0, Sum:  0.0, Workers: 4
[1.140s][debug][gc,phases   ] GC(0)     Dead                           Min: 0, Avg:  0.2, Max: 1, Diff: 1, Sum: 1, Workers: 4
[1.140s][debug][gc,phases   ] GC(0)     Total                          Min: 0, Avg:  1.0, Max: 4, Diff: 4, Sum: 4, Workers: 4
[1.140s][debug][gc,phases   ] GC(0)   JVMTI Tag Weak OopStorage      Min:  0.0, Avg:  0.0, Max:  0.0, Diff:  0.0, Sum:  0.0, Workers: 4
[1.140s][debug][gc,phases   ] GC(0)     Dead                           Min: 0, Avg:  0.0, Max: 0, Diff: 0, Sum: 0, Workers: 4
[1.140s][debug][gc,phases   ] GC(0)     Total                          Min: 0, Avg:  0.0, Max: 0, Diff: 0, Sum: 0, Workers: 4
[1.140s][debug][gc,phases   ] GC(0)   StringTable Weak               Min:  0.1, Avg:  0.1, Max:  0.1, Diff:  0.0, Sum:  0.3, Workers: 4
[1.140s][debug][gc,phases   ] GC(0)     Dead                           Min: 3, Avg:  8.0, Max: 12, Diff: 9, Sum: 32, Workers: 4
[1.140s][debug][gc,phases   ] GC(0)     Total                          Min: 1920, Avg: 2852.2, Max: 3793, Diff: 1873, Sum: 11409, Workers: 4
[1.140s][debug][gc,phases   ] GC(0)   ResolvedMethodTable Weak       Min:  0.0, Avg:  0.0, Max:  0.0, Diff:  0.0, Sum:  0.0, Workers: 4
[1.140s][debug][gc,phases   ] GC(0)     Dead                           Min: 0, Avg: 10.0, Max: 33, Diff: 33, Sum: 40, Workers: 4
[1.140s][debug][gc,phases   ] GC(0)     Total                          Min: 0, Avg: 151.0, Max: 256, Diff: 256, Sum: 604, Workers: 4
[1.140s][debug][gc,phases   ] GC(0)   JNI Weak                       Min:  0.0, Avg:  0.0, Max:  0.0, Diff:  0.0, Sum:  0.0, Workers: 4
[1.140s][debug][gc,phases   ] GC(0)     Dead                           Min: 0, Avg:  0.0, Max: 0, Diff: 0, Sum: 0, Workers: 4
[1.140s][debug][gc,phases   ] GC(0)     Total                          Min: 0, Avg:  0.0, Max: 0, Diff: 0, Sum: 0, Workers: 4
[1.140s][debug][gc,phases   ] GC(0)   StringDedup Table Weak         Min:  0.0, Avg:  0.0, Max:  0.0, Diff:  0.0, Sum:  0.0, Workers: 4
[1.140s][debug][gc,phases   ] GC(0)     Dead                           Min: 0, Avg:  0.0, Max: 0, Diff: 0, Sum: 0, Workers: 4
[1.140s][debug][gc,phases   ] GC(0)     Total                          Min: 0, Avg:  0.0, Max: 0, Diff: 0, Sum: 0, Workers: 4
[1.140s][debug][gc,phases   ] GC(0)   StringDedup Requests0 Weak     Min:  0.0, Avg:  0.0, Max:  0.0, Diff:  0.0, Sum:  0.0, Workers: 4
[1.140s][debug][gc,phases   ] GC(0)     Dead                           Min: 0, Avg:  0.0, Max: 0, Diff: 0, Sum: 0, Workers: 4
[1.140s][debug][gc,phases   ] GC(0)     Total                          Min: 0, Avg:  0.0, Max: 0, Diff: 0, Sum: 0, Workers: 4
[1.140s][debug][gc,phases   ] GC(0)   StringDedup Requests1 Weak     Min:  0.0, Avg:  0.0, Max:  0.0, Diff:  0.0, Sum:  0.0, Workers: 4
[1.140s][debug][gc,phases   ] GC(0)     Dead                           Min: 0, Avg:  0.0, Max: 0, Diff: 0, Sum: 0, Workers: 4
[1.140s][debug][gc,phases   ] GC(0)     Total                          Min: 0, Avg:  0.0, Max: 0, Diff: 0, Sum: 0, Workers: 4
[1.140s][debug][gc,phases   ] GC(0)   Weak JFR Old Object Samples    Min:  0.0, Avg:  0.0, Max:  0.0, Diff:  0.0, Sum:  0.0, Workers: 4
[1.140s][debug][gc,phases   ] GC(0)     Dead                           Min: 0, Avg:  0.0, Max: 0, Diff: 0, Sum: 0, Workers: 4
[1.140s][debug][gc,phases   ] GC(0)     Total                          Min: 0, Avg:  0.0, Max: 0, Diff: 0, Sum: 0, Workers: 4
[1.140s][debug][gc,phases   ] GC(0) Weak Processing 0.284ms
[1.140s][debug][gc,age      ] GC(0) Desired survivor size 536870912 bytes, new threshold 7 (max threshold 15)
[1.140s][info ][gc,heap     ] GC(0) PSYoungGen: 251761K(1572864K)->17011K(1572864K) Eden: 251761K(1048576K)->0K(1048576K) From: 0K(524288K)->17011K(524288K)
[1.140s][info ][gc,heap     ] GC(0) ParOldGen: 0K(6144K)->88K(6144K)
[1.140s][info ][gc,metaspace] GC(0) Metaspace: 21329K(21504K)->21329K(21504K) NonClass: 18877K(18944K)->18877K(18944K) Class: 2451K(2560K)->2451K(2560K)
[1.140s][info ][gc          ] GC(0) Pause Young (Metadata GC Threshold) 245M->16M(1542M) 8.632ms
[1.140s][info ][gc,cpu      ] GC(0) User=0.04s Sys=0.00s Real=0.00s
[1.140s][debug][gc,phases   ] GC(1) Pre Compact 0.011ms
[1.140s][info ][gc,start    ] GC(1) Pause Full (Metadata GC Threshold)
[1.140s][info ][gc,phases,start] GC(1) Marking Phase
[1.145s][debug][gc,phases      ] GC(1) Par Mark 4.965ms
[1.145s][debug][gc,ref         ] GC(1) Skipped phase 1 of Reference Processing: no references
[1.145s][debug][gc,ref         ] GC(1) ReferenceProcessor::execute queues: 1, RefProcThreadModel::Single, marks_oops_alive: false
[1.145s][debug][gc,ref         ] GC(1) Skipped phase 3 of Reference Processing: no references
[1.145s][debug][gc,ref         ] GC(1) ReferenceProcessor::execute queues: 1, RefProcThreadModel::Single, marks_oops_alive: false
[1.145s][debug][gc,phases      ] GC(1) Reference Processing 0.059ms
[1.145s][debug][gc,phases      ] GC(1)   VM Weak                        Min:  0.0, Avg:  0.0, Max:  0.0, Diff:  0.0, Sum:  0.0, Workers: 4
[1.145s][debug][gc,phases      ] GC(1)     Dead                           Min: 0, Avg:  0.0, Max: 0, Diff: 0, Sum: 0, Workers: 4
[1.145s][debug][gc,phases      ] GC(1)     Total                          Min: 0, Avg: 25.0, Max: 100, Diff: 100, Sum: 100, Workers: 4
[1.145s][debug][gc,phases      ] GC(1)   ObjectSynchronizer Weak        Min:  0.0, Avg:  0.0, Max:  0.0, Diff:  0.0, Sum:  0.0, Workers: 4
[1.145s][debug][gc,phases      ] GC(1)     Dead                           Min: 0, Avg:  0.0, Max: 0, Diff: 0, Sum: 0, Workers: 4
[1.145s][debug][gc,phases      ] GC(1)     Total                          Min: 0, Avg:  1.0, Max: 4, Diff: 4, Sum: 4, Workers: 4
[1.145s][debug][gc,phases      ] GC(1)   JVMTI Tag Weak OopStorage      Min:  0.0, Avg:  0.0, Max:  0.0, Diff:  0.0, Sum:  0.0, Workers: 4
[1.145s][debug][gc,phases      ] GC(1)     Dead                           Min: 0, Avg:  0.0, Max: 0, Diff: 0, Sum: 0, Workers: 4
[1.145s][debug][gc,phases      ] GC(1)     Total                          Min: 0, Avg:  0.0, Max: 0, Diff: 0, Sum: 0, Workers: 4
[1.145s][debug][gc,phases      ] GC(1)   StringTable Weak               Min:  0.0, Avg:  0.0, Max:  0.0, Diff:  0.0, Sum:  0.1, Workers: 4
[1.145s][debug][gc,phases      ] GC(1)     Dead                           Min: 0, Avg:  0.0, Max: 0, Diff: 0, Sum: 0, Workers: 4
[1.145s][debug][gc,phases      ] GC(1)     Total                          Min: 2688, Avg: 2852.2, Max: 3008, Diff: 320, Sum: 11409, Workers: 4
[1.145s][debug][gc,phases      ] GC(1)   ResolvedMethodTable Weak       Min:  0.0, Avg:  0.0, Max:  0.0, Diff:  0.0, Sum:  0.0, Workers: 4
[1.145s][debug][gc,phases      ] GC(1)     Dead                           Min: 0, Avg:  0.0, Max: 0, Diff: 0, Sum: 0, Workers: 4
[1.145s][debug][gc,phases      ] GC(1)     Total                          Min: 128, Avg: 151.0, Max: 192, Diff: 64, Sum: 604, Workers: 4
[1.145s][debug][gc,phases      ] GC(1)   JNI Weak                       Min:  0.0, Avg:  0.0, Max:  0.0, Diff:  0.0, Sum:  0.0, Workers: 4
[1.145s][debug][gc,phases      ] GC(1)     Dead                           Min: 0, Avg:  0.0, Max: 0, Diff: 0, Sum: 0, Workers: 4
[1.145s][debug][gc,phases      ] GC(1)     Total                          Min: 0, Avg:  0.0, Max: 0, Diff: 0, Sum: 0, Workers: 4
[1.145s][debug][gc,phases      ] GC(1)   StringDedup Table Weak         Min:  0.0, Avg:  0.0, Max:  0.0, Diff:  0.0, Sum:  0.0, Workers: 4
[1.145s][debug][gc,phases      ] GC(1)     Dead                           Min: 0, Avg:  0.0, Max: 0, Diff: 0, Sum: 0, Workers: 4
[1.145s][debug][gc,phases      ] GC(1)     Total                          Min: 0, Avg:  0.0, Max: 0, Diff: 0, Sum: 0, Workers: 4
[1.145s][debug][gc,phases      ] GC(1)   StringDedup Requests0 Weak     Min:  0.0, Avg:  0.0, Max:  0.0, Diff:  0.0, Sum:  0.0, Workers: 4
[1.145s][debug][gc,phases      ] GC(1)     Dead                           Min: 0, Avg:  0.0, Max: 0, Diff: 0, Sum: 0, Workers: 4
[1.145s][debug][gc,phases      ] GC(1)     Total                          Min: 0, Avg:  0.0, Max: 0, Diff: 0, Sum: 0, Workers: 4
[1.145s][debug][gc,phases      ] GC(1)   StringDedup Requests1 Weak     Min:  0.0, Avg:  0.0, Max:  0.0, Diff:  0.0, Sum:  0.0, Workers: 4
[1.145s][debug][gc,phases      ] GC(1)     Dead                           Min: 0, Avg:  0.0, Max: 0, Diff: 0, Sum: 0, Workers: 4
[1.145s][debug][gc,phases      ] GC(1)     Total                          Min: 0, Avg:  0.0, Max: 0, Diff: 0, Sum: 0, Workers: 4
[1.145s][debug][gc,phases      ] GC(1)   Weak JFR Old Object Samples    Min:  0.0, Avg:  0.0, Max:  0.0, Diff:  0.0, Sum:  0.0, Workers: 4
[1.145s][debug][gc,phases      ] GC(1)     Dead                           Min: 0, Avg:  0.0, Max: 0, Diff: 0, Sum: 0, Workers: 4
[1.145s][debug][gc,phases      ] GC(1)     Total                          Min: 0, Avg:  0.0, Max: 0, Diff: 0, Sum: 0, Workers: 4
[1.145s][debug][gc,phases      ] GC(1) Weak Processing 0.236ms
[1.145s][debug][gc,phases      ] GC(1) ClassLoaderData 0.011ms
[1.145s][debug][gc,phases      ] GC(1) Trigger cleanups 0.000ms
[1.148s][debug][gc,phases      ] GC(1) Class Unloading 2.350ms
[1.148s][info ][gc,phases      ] GC(1) Marking Phase 7.691ms
[1.148s][info ][gc,phases,start] GC(1) Summary Phase
[1.148s][info ][gc,phases      ] GC(1) Summary Phase 0.007ms
[1.148s][info ][gc,phases,start] GC(1) Adjust Roots
[1.150s][info ][gc,phases      ] GC(1) Adjust Roots 2.643ms
[1.150s][info ][gc,phases,start] GC(1) Compaction Phase
[1.162s][info ][gc,phases      ] GC(1) Compaction Phase 11.133ms
[1.162s][info ][gc,phases,start] GC(1) Post Compact
[1.162s][info ][gc,phases      ] GC(1) Post Compact 0.486ms
[1.162s][info ][gc,heap        ] GC(1) PSYoungGen: 17011K(1572864K)->11066K(1572864K) Eden: 0K(1048576K)->0K(1048576K) From: 17011K(524288K)->11066K(524288K)
[1.162s][info ][gc,heap        ] GC(1) ParOldGen: 88K(6144K)->5832K(6144K)
[1.162s][info ][gc,metaspace   ] GC(1) Metaspace: 21329K(21504K)->21329K(21504K) NonClass: 18877K(18944K)->18877K(18944K) Class: 2451K(2560K)->2451K(2560K)
[1.162s][info ][gc             ] GC(1) Pause Full (Metadata GC Threshold) 16M->16M(1542M) 22.109ms
[1.162s][info ][gc,cpu         ] GC(1) User=0.06s Sys=0.00s Real=0.02s
[1.162s][info ][safepoint      ] Safepoint "CollectForMetadataAllocation", Time since last: 120350085 ns, Reaching safepoint: 150704 ns, At safepoint: 30849370 ns, Total: 31000074 ns
[1.163s][info ][safepoint      ] Safepoint "CollectForMetadataAllocation", Time since last: 120204 ns, Reaching safepoint: 223207 ns, At safepoint: 8200 ns, Total: 231407 ns
[1.522s][info ][safepoint      ] Safepoint "ICBufferFull", Time since last: 359551708 ns, Reaching safepoint: 115403 ns, At safepoint: 9700 ns, Total: 125103 ns
[1.539s][info ][safepoint      ] Safepoint "ICBufferFull", Time since last: 16357815 ns, Reaching safepoint: 45901 ns, At safepoint: 5200 ns, Total: 51101 ns
[1.560s][info ][safepoint      ] Safepoint "ICBufferFull", Time since last: 20909858 ns, Reaching safepoint: 62802 ns, At safepoint: 14600 ns, Total: 77402 ns
[1.626s][info ][safepoint      ] Safepoint "ICBufferFull", Time since last: 66740099 ns, Reaching safepoint: 121504 ns, At safepoint: 5800 ns, Total: 127304 ns
[1.723s][info ][safepoint      ] Safepoint "ICBufferFull", Time since last: 96395832 ns, Reaching safepoint: 145804 ns, At safepoint: 1700 ns, Total: 147504 ns
[1.828s][info ][safepoint      ] Safepoint "ICBufferFull", Time since last: 105048504 ns, Reaching safepoint: 150005 ns, At safepoint: 5600 ns, Total: 155605 ns
[2.213s][info ][safepoint      ] Safepoint "ICBufferFull", Time since last: 384675389 ns, Reaching safepoint: 365511 ns, At safepoint: 11400 ns, Total: 376911 ns
[2.364s][info ][gc,start       ] GC(2) Pause Young (Metadata GC Threshold)
[2.392s][debug][gc,phases      ] GC(2) Scavenge 27.450ms
[2.392s][debug][gc,ref         ] GC(2) Skipped phase 1 of Reference Processing: no references
[2.392s][debug][gc,ref         ] GC(2) ReferenceProcessor::execute queues: 2, RefProcThreadModel::Multi, marks_oops_alive: false
[2.392s][debug][gc,ref         ] GC(2) Skipped phase 3 of Reference Processing: no references
[2.392s][debug][gc,ref         ] GC(2) ReferenceProcessor::execute queues: 1, RefProcThreadModel::Single, marks_oops_alive: false
[2.392s][debug][gc,phases      ] GC(2) Reference Processing 0.305ms
[2.392s][debug][gc,phases      ] GC(2)   VM Weak                        Min:  0.0, Avg:  0.0, Max:  0.0, Diff:  0.0, Sum:  0.0, Workers: 4
[2.392s][debug][gc,phases      ] GC(2)     Dead                           Min: 0, Avg:  0.0, Max: 0, Diff: 0, Sum: 0, Workers: 4
[2.392s][debug][gc,phases      ] GC(2)     Total                          Min: 0, Avg: 60.0, Max: 192, Diff: 192, Sum: 240, Workers: 4
[2.392s][debug][gc,phases      ] GC(2)   ObjectSynchronizer Weak        Min:  0.0, Avg:  0.0, Max:  0.0, Diff:  0.0, Sum:  0.0, Workers: 4
[2.392s][debug][gc,phases      ] GC(2)     Dead                           Min: 0, Avg:  0.8, Max: 3, Diff: 3, Sum: 3, Workers: 4
[2.392s][debug][gc,phases      ] GC(2)     Total                          Min: 0, Avg:  3.0, Max: 12, Diff: 12, Sum: 12, Workers: 4
[2.392s][debug][gc,phases      ] GC(2)   JVMTI Tag Weak OopStorage      Min:  0.0, Avg:  0.0, Max:  0.0, Diff:  0.0, Sum:  0.0, Workers: 4
[2.392s][debug][gc,phases      ] GC(2)     Dead                           Min: 0, Avg:  0.0, Max: 0, Diff: 0, Sum: 0, Workers: 4
[2.393s][debug][gc,phases      ] GC(2)     Total                          Min: 0, Avg:  0.0, Max: 0, Diff: 0, Sum: 0, Workers: 4
[2.393s][debug][gc,phases      ] GC(2)   StringTable Weak               Min:  0.1, Avg:  0.1, Max:  0.1, Diff:  0.0, Sum:  0.6, Workers: 4
[2.393s][debug][gc,phases      ] GC(2)     Dead                           Min: 1, Avg:  6.0, Max: 15, Diff: 14, Sum: 24, Workers: 4
[2.393s][debug][gc,phases      ] GC(2)     Total                          Min: 3904, Avg: 4972.8, Max: 5888, Diff: 1984, Sum: 19891, Workers: 4
[2.393s][debug][gc,phases      ] GC(2)   ResolvedMethodTable Weak       Min:  0.0, Avg:  0.0, Max:  0.0, Diff:  0.0, Sum:  0.1, Workers: 4
[2.393s][debug][gc,phases      ] GC(2)     Dead                           Min: 9, Avg: 17.5, Max: 36, Diff: 27, Sum: 70, Workers: 4
[2.393s][debug][gc,phases      ] GC(2)     Total                          Min: 256, Avg: 460.2, Max: 703, Diff: 447, Sum: 1841, Workers: 4
[2.393s][debug][gc,phases      ] GC(2)   JNI Weak                       Min:  0.0, Avg:  0.0, Max:  0.0, Diff:  0.0, Sum:  0.0, Workers: 4
[2.393s][debug][gc,phases      ] GC(2)     Dead                           Min: 0, Avg:  0.0, Max: 0, Diff: 0, Sum: 0, Workers: 4
[2.393s][debug][gc,phases      ] GC(2)     Total                          Min: 0, Avg:  0.0, Max: 0, Diff: 0, Sum: 0, Workers: 4
[2.393s][debug][gc,phases      ] GC(2)   StringDedup Table Weak         Min:  0.0, Avg:  0.0, Max:  0.0, Diff:  0.0, Sum:  0.0, Workers: 4
[2.393s][debug][gc,phases      ] GC(2)     Dead                           Min: 0, Avg:  0.0, Max: 0, Diff: 0, Sum: 0, Workers: 4
[2.393s][debug][gc,phases      ] GC(2)     Total                          Min: 0, Avg:  0.0, Max: 0, Diff: 0, Sum: 0, Workers: 4
[2.393s][debug][gc,phases      ] GC(2)   StringDedup Requests0 Weak     Min:  0.0, Avg:  0.0, Max:  0.0, Diff:  0.0, Sum:  0.0, Workers: 4
[2.393s][debug][gc,phases      ] GC(2)     Dead                           Min: 0, Avg:  0.0, Max: 0, Diff: 0, Sum: 0, Workers: 4
[2.393s][debug][gc,phases      ] GC(2)     Total                          Min: 0, Avg:  0.0, Max: 0, Diff: 0, Sum: 0, Workers: 4
[2.393s][debug][gc,phases      ] GC(2)   StringDedup Requests1 Weak     Min:  0.0, Avg:  0.0, Max:  0.0, Diff:  0.0, Sum:  0.0, Workers: 4
[2.393s][debug][gc,phases      ] GC(2)     Dead                           Min: 0, Avg:  0.0, Max: 0, Diff: 0, Sum: 0, Workers: 4
[2.393s][debug][gc,phases      ] GC(2)     Total                          Min: 0, Avg:  0.0, Max: 0, Diff: 0, Sum: 0, Workers: 4
[2.393s][debug][gc,phases      ] GC(2)   Weak JFR Old Object Samples    Min:  0.0, Avg:  0.0, Max:  0.0, Diff:  0.0, Sum:  0.0, Workers: 4
[2.393s][debug][gc,phases      ] GC(2)     Dead                           Min: 0, Avg:  0.0, Max: 0, Diff: 0, Sum: 0, Workers: 4
[2.393s][debug][gc,phases      ] GC(2)     Total                          Min: 0, Avg:  0.0, Max: 0, Diff: 0, Sum: 0, Workers: 4
[2.393s][debug][gc,phases      ] GC(2) Weak Processing 0.362ms
[2.393s][debug][gc,age         ] GC(2) Desired survivor size 536870912 bytes, new threshold 7 (max threshold 15)
[2.393s][info ][gc,heap        ] GC(2) PSYoungGen: 472533K(1572864K)->56189K(1572864K) Eden: 461467K(1048576K)->0K(1048576K) From: 11066K(524288K)->56189K(524288K)
[2.393s][info ][gc,heap        ] GC(2) ParOldGen: 5832K(6144K)->5840K(6144K)
[2.393s][info ][gc,metaspace   ] GC(2) Metaspace: 35486K(35840K)->35486K(35840K) NonClass: 31023K(31168K)->31023K(31168K) Class: 4463K(4672K)->4463K(4672K)
[2.393s][info ][gc             ] GC(2) Pause Young (Metadata GC Threshold) 467M->60M(1542M) 28.243ms
[2.393s][info ][gc,cpu         ] GC(2) User=0.11s Sys=0.00s Real=0.03s
[2.393s][debug][gc,phases      ] GC(3) Pre Compact 0.008ms
[2.393s][info ][gc,start       ] GC(3) Pause Full (Metadata GC Threshold)
[2.393s][info ][gc,phases,start] GC(3) Marking Phase
[2.411s][debug][gc,phases      ] GC(3) Par Mark 18.365ms
[2.411s][debug][gc,ref         ] GC(3) Skipped phase 1 of Reference Processing: no references
[2.411s][debug][gc,ref         ] GC(3) ReferenceProcessor::execute queues: 2, RefProcThreadModel::Multi, marks_oops_alive: false
[2.411s][debug][gc,ref         ] GC(3) Skipped phase 3 of Reference Processing: no references
[2.411s][debug][gc,ref         ] GC(3) ReferenceProcessor::execute queues: 1, RefProcThreadModel::Single, marks_oops_alive: false
[2.411s][debug][gc,phases      ] GC(3) Reference Processing 0.115ms
[2.411s][debug][gc,phases      ] GC(3)   VM Weak                        Min:  0.0, Avg:  0.0, Max:  0.0, Diff:  0.0, Sum:  0.0, Workers: 4
[2.411s][debug][gc,phases      ] GC(3)     Dead                           Min: 0, Avg:  0.0, Max: 0, Diff: 0, Sum: 0, Workers: 4
[2.411s][debug][gc,phases      ] GC(3)     Total                          Min: 0, Avg: 60.0, Max: 240, Diff: 240, Sum: 240, Workers: 4
[2.411s][debug][gc,phases      ] GC(3)   ObjectSynchronizer Weak        Min:  0.0, Avg:  0.0, Max:  0.0, Diff:  0.0, Sum:  0.0, Workers: 4
[2.411s][debug][gc,phases      ] GC(3)     Dead                           Min: 0, Avg:  0.0, Max: 0, Diff: 0, Sum: 0, Workers: 4
[2.411s][debug][gc,phases      ] GC(3)     Total                          Min: 0, Avg:  3.0, Max: 12, Diff: 12, Sum: 12, Workers: 4
[2.411s][debug][gc,phases      ] GC(3)   JVMTI Tag Weak OopStorage      Min:  0.0, Avg:  0.0, Max:  0.0, Diff:  0.0, Sum:  0.0, Workers: 4
[2.411s][debug][gc,phases      ] GC(3)     Dead                           Min: 0, Avg:  0.0, Max: 0, Diff: 0, Sum: 0, Workers: 4
[2.411s][debug][gc,phases      ] GC(3)     Total                          Min: 0, Avg:  0.0, Max: 0, Diff: 0, Sum: 0, Workers: 4
[2.411s][debug][gc,phases      ] GC(3)   StringTable Weak               Min:  0.1, Avg:  0.1, Max:  0.1, Diff:  0.0, Sum:  0.2, Workers: 4
[2.411s][debug][gc,phases      ] GC(3)     Dead                           Min: 0, Avg:  0.0, Max: 0, Diff: 0, Sum: 0, Workers: 4
[2.411s][debug][gc,phases      ] GC(3)     Total                          Min: 4096, Avg: 4972.8, Max: 6336, Diff: 2240, Sum: 19891, Workers: 4
[2.411s][debug][gc,phases      ] GC(3)   ResolvedMethodTable Weak       Min:  0.0, Avg:  0.0, Max:  0.0, Diff:  0.0, Sum:  0.0, Workers: 4
[2.411s][debug][gc,phases      ] GC(3)     Dead                           Min: 0, Avg:  0.0, Max: 0, Diff: 0, Sum: 0, Workers: 4
[2.411s][debug][gc,phases      ] GC(3)     Total                          Min: 384, Avg: 460.2, Max: 511, Diff: 127, Sum: 1841, Workers: 4
[2.411s][debug][gc,phases      ] GC(3)   JNI Weak                       Min:  0.0, Avg:  0.0, Max:  0.0, Diff:  0.0, Sum:  0.0, Workers: 4
[2.411s][debug][gc,phases      ] GC(3)     Dead                           Min: 0, Avg:  0.0, Max: 0, Diff: 0, Sum: 0, Workers: 4
[2.411s][debug][gc,phases      ] GC(3)     Total                          Min: 0, Avg:  0.0, Max: 0, Diff: 0, Sum: 0, Workers: 4
[2.411s][debug][gc,phases      ] GC(3)   StringDedup Table Weak         Min:  0.0, Avg:  0.0, Max:  0.0, Diff:  0.0, Sum:  0.0, Workers: 4
[2.411s][debug][gc,phases      ] GC(3)     Dead                           Min: 0, Avg:  0.0, Max: 0, Diff: 0, Sum: 0, Workers: 4
[2.411s][debug][gc,phases      ] GC(3)     Total                          Min: 0, Avg:  0.0, Max: 0, Diff: 0, Sum: 0, Workers: 4
[2.411s][debug][gc,phases      ] GC(3)   StringDedup Requests0 Weak     Min:  0.0, Avg:  0.0, Max:  0.0, Diff:  0.0, Sum:  0.0, Workers: 4
[2.411s][debug][gc,phases      ] GC(3)     Dead                           Min: 0, Avg:  0.0, Max: 0, Diff: 0, Sum: 0, Workers: 4
[2.411s][debug][gc,phases      ] GC(3)     Total                          Min: 0, Avg:  0.0, Max: 0, Diff: 0, Sum: 0, Workers: 4
[2.411s][debug][gc,phases      ] GC(3)   StringDedup Requests1 Weak     Min:  0.0, Avg:  0.0, Max:  0.0, Diff:  0.0, Sum:  0.0, Workers: 4
[2.412s][debug][gc,phases      ] GC(3)     Dead                           Min: 0, Avg:  0.0, Max: 0, Diff: 0, Sum: 0, Workers: 4
[2.412s][debug][gc,phases      ] GC(3)     Total                          Min: 0, Avg:  0.0, Max: 0, Diff: 0, Sum: 0, Workers: 4
[2.412s][debug][gc,phases      ] GC(3)   Weak JFR Old Object Samples    Min:  0.0, Avg:  0.0, Max:  0.0, Diff:  0.0, Sum:  0.0, Workers: 4
[2.412s][debug][gc,phases      ] GC(3)     Dead                           Min: 0, Avg:  0.0, Max: 0, Diff: 0, Sum: 0, Workers: 4
[2.412s][debug][gc,phases      ] GC(3)     Total                          Min: 0, Avg:  0.0, Max: 0, Diff: 0, Sum: 0, Workers: 4
[2.412s][debug][gc,phases      ] GC(3) Weak Processing 0.259ms
[2.412s][debug][gc,phases      ] GC(3) ClassLoaderData 0.029ms
[2.412s][debug][gc,phases      ] GC(3) Trigger cleanups 0.000ms
[2.415s][debug][gc,phases      ] GC(3) Class Unloading 3.520ms
[2.415s][info ][gc,phases      ] GC(3) Marking Phase 22.360ms
[2.415s][info ][gc,phases,start] GC(3) Summary Phase
[2.415s][info ][gc,phases      ] GC(3) Summary Phase 0.011ms
[2.415s][info ][gc,phases,start] GC(3) Adjust Roots
[2.419s][info ][gc,phases      ] GC(3) Adjust Roots 3.921ms
[2.419s][info ][gc,phases,start] GC(3) Compaction Phase
[2.654s][info ][gc,phases      ] GC(3) Compaction Phase 234.780ms
[2.654s][info ][gc,phases,start] GC(3) Post Compact
[2.654s][info ][gc,phases      ] GC(3) Post Compact 0.602ms
[2.654s][info ][gc,heap        ] GC(3) PSYoungGen: 56189K(1572864K)->56030K(1572864K) Eden: 0K(1048576K)->0K(1048576K) From: 56189K(524288K)->56030K(524288K)
[2.654s][info ][gc,heap        ] GC(3) ParOldGen: 5840K(6144K)->5784K(6144K)
[2.654s][info ][gc,metaspace   ] GC(3) Metaspace: 35486K(35840K)->35486K(35840K) NonClass: 31023K(31168K)->31023K(31168K) Class: 4463K(4672K)->4463K(4672K)
[2.654s][info ][gc             ] GC(3) Pause Full (Metadata GC Threshold) 60M->60M(1542M) 261.783ms
[2.654s][info ][gc,cpu         ] GC(3) User=0.56s Sys=0.01s Real=0.26s
[2.655s][info ][safepoint      ] Safepoint "CollectForMetadataAllocation", Time since last: 151012045 ns, Reaching safepoint: 93803 ns, At safepoint: 290133717 ns, Total: 290227520 ns
[2.914s][info ][safepoint      ] Safepoint "ICBufferFull", Time since last: 258977836 ns, Reaching safepoint: 141605 ns, At safepoint: 7300 ns, Total: 148905 ns
[3.084s][info ][safepoint      ] Safepoint "ICBufferFull", Time since last: 170384649 ns, Reaching safepoint: 220907 ns, At safepoint: 5700 ns, Total: 226607 ns
[3.165s][info ][safepoint      ] Safepoint "ICBufferFull", Time since last: 80313122 ns, Reaching safepoint: 204006 ns, At safepoint: 37201 ns, Total: 241207 ns
[3.169s][info ][safepoint      ] Safepoint "ICBufferFull", Time since last: 4298235 ns, Reaching safepoint: 135505 ns, At safepoint: 29001 ns, Total: 164506 ns
[3.287s][info ][safepoint      ] Safepoint "ICBufferFull", Time since last: 116981572 ns, Reaching safepoint: 241508 ns, At safepoint: 29801 ns, Total: 271309 ns
[3.449s][info ][safepoint      ] Safepoint "ICBufferFull", Time since last: 161732377 ns, Reaching safepoint: 237608 ns, At safepoint: 18000 ns, Total: 255608 ns
[3.449s][info ][safepoint      ] Safepoint "ICBufferFull", Time since last: 83103 ns, Reaching safepoint: 92503 ns, At safepoint: 25201 ns, Total: 117704 ns
[3.450s][info ][safepoint      ] Safepoint "ICBufferFull", Time since last: 1382843 ns, Reaching safepoint: 110403 ns, At safepoint: 23001 ns, Total: 133404 ns
[3.455s][info ][safepoint      ] Safepoint "ICBufferFull", Time since last: 4188432 ns, Reaching safepoint: 117903 ns, At safepoint: 36101 ns, Total: 154004 ns
[3.455s][info ][safepoint      ] Safepoint "ICBufferFull", Time since last: 60302 ns, Reaching safepoint: 99704 ns, At safepoint: 22100 ns, Total: 121804 ns
[3.577s][info ][safepoint      ] Safepoint "ICBufferFull", Time since last: 122006331 ns, Reaching safepoint: 194806 ns, At safepoint: 20000 ns, Total: 214806 ns
[3.577s][info ][safepoint      ] Safepoint "ICBufferFull", Time since last: 69802 ns, Reaching safepoint: 97004 ns, At safepoint: 19100 ns, Total: 116104 ns
[3.577s][info ][safepoint      ] Safepoint "ICBufferFull", Time since last: 48802 ns, Reaching safepoint: 105503 ns, At safepoint: 22601 ns, Total: 128104 ns
[3.584s][info ][safepoint      ] Safepoint "ICBufferFull", Time since last: 6490003 ns, Reaching safepoint: 118804 ns, At safepoint: 25401 ns, Total: 144205 ns
[3.718s][info ][safepoint      ] Safepoint "ICBufferFull", Time since last: 134256515 ns, Reaching safepoint: 241307 ns, At safepoint: 23701 ns, Total: 265008 ns
[3.760s][info ][safepoint      ] Safepoint "ICBufferFull", Time since last: 41765411 ns, Reaching safepoint: 150005 ns, At safepoint: 28401 ns, Total: 178406 ns
[3.763s][info ][safepoint      ] Safepoint "ICBufferFull", Time since last: 2092466 ns, Reaching safepoint: 107503 ns, At safepoint: 20501 ns, Total: 128004 ns
[3.765s][info ][safepoint      ] Safepoint "ICBufferFull", Time since last: 2017863 ns, Reaching safepoint: 122904 ns, At safepoint: 25101 ns, Total: 148005 ns
[3.767s][info ][safepoint      ] Safepoint "ICBufferFull", Time since last: 2061164 ns, Reaching safepoint: 108104 ns, At safepoint: 22101 ns, Total: 130205 ns
[3.769s][info ][safepoint      ] Safepoint "ICBufferFull", Time since last: 2219569 ns, Reaching safepoint: 199106 ns, At safepoint: 25001 ns, Total: 224107 ns
[3.777s][info ][safepoint      ] Safepoint "ICBufferFull", Time since last: 6915517 ns, Reaching safepoint: 268809 ns, At safepoint: 26301 ns, Total: 295110 ns
[3.780s][info ][safepoint      ] Safepoint "ICBufferFull", Time since last: 3478109 ns, Reaching safepoint: 109003 ns, At safepoint: 31201 ns, Total: 140204 ns
[3.782s][info ][safepoint      ] Safepoint "ICBufferFull", Time since last: 1760256 ns, Reaching safepoint: 93302 ns, At safepoint: 20301 ns, Total: 113603 ns
[3.785s][info ][safepoint      ] Safepoint "ICBufferFull", Time since last: 2660884 ns, Reaching safepoint: 93103 ns, At safepoint: 22600 ns, Total: 115703 ns
[3.788s][info ][safepoint      ] Safepoint "ICBufferFull", Time since last: 2545580 ns, Reaching safepoint: 111404 ns, At safepoint: 24000 ns, Total: 135404 ns
[3.793s][info ][safepoint      ] Safepoint "ICBufferFull", Time since last: 5323368 ns, Reaching safepoint: 104803 ns, At safepoint: 24101 ns, Total: 128904 ns
[3.795s][info ][safepoint      ] Safepoint "ICBufferFull", Time since last: 1748154 ns, Reaching safepoint: 100704 ns, At safepoint: 28501 ns, Total: 129205 ns
[3.818s][info ][safepoint      ] Safepoint "ICBufferFull", Time since last: 23409934 ns, Reaching safepoint: 111104 ns, At safepoint: 18201 ns, Total: 129305 ns
[3.819s][info ][safepoint      ] Safepoint "ICBufferFull", Time since last: 74302 ns, Reaching safepoint: 87703 ns, At safepoint: 16400 ns, Total: 104103 ns
[3.821s][info ][safepoint      ] Safepoint "ICBufferFull", Time since last: 2089766 ns, Reaching safepoint: 120704 ns, At safepoint: 37901 ns, Total: 158605 ns
[3.824s][info ][safepoint      ] Safepoint "ICBufferFull", Time since last: 2968293 ns, Reaching safepoint: 96803 ns, At safepoint: 20701 ns, Total: 117504 ns
[3.828s][info ][safepoint      ] Safepoint "ICBufferFull", Time since last: 3994425 ns, Reaching safepoint: 100103 ns, At safepoint: 18601 ns, Total: 118704 ns
[3.830s][info ][safepoint      ] Safepoint "ICBufferFull", Time since last: 1581649 ns, Reaching safepoint: 91603 ns, At safepoint: 20601 ns, Total: 112204 ns
[3.831s][info ][safepoint      ] Safepoint "ICBufferFull", Time since last: 1437545 ns, Reaching safepoint: 91103 ns, At safepoint: 23101 ns, Total: 114204 ns
[3.834s][info ][safepoint      ] Safepoint "ICBufferFull", Time since last: 2522379 ns, Reaching safepoint: 101003 ns, At safepoint: 20301 ns, Total: 121304 ns
[3.836s][info ][safepoint      ] Safepoint "ICBufferFull", Time since last: 1864358 ns, Reaching safepoint: 110304 ns, At safepoint: 24100 ns, Total: 134404 ns
[3.838s][info ][safepoint      ] Safepoint "ICBufferFull", Time since last: 1428645 ns, Reaching safepoint: 90703 ns, At safepoint: 20401 ns, Total: 111104 ns
[3.839s][info ][safepoint      ] Safepoint "ICBufferFull", Time since last: 1812457 ns, Reaching safepoint: 112503 ns, At safepoint: 26401 ns, Total: 138904 ns
[3.841s][info ][safepoint      ] Safepoint "ICBufferFull", Time since last: 1831057 ns, Reaching safepoint: 106104 ns, At safepoint: 16000 ns, Total: 122104 ns
[3.843s][info ][safepoint      ] Safepoint "ICBufferFull", Time since last: 1781556 ns, Reaching safepoint: 97503 ns, At safepoint: 18201 ns, Total: 115704 ns
[3.845s][info ][safepoint      ] Safepoint "ICBufferFull", Time since last: 1707253 ns, Reaching safepoint: 56302 ns, At safepoint: 15801 ns, Total: 72103 ns
[3.847s][info ][safepoint      ] Safepoint "ICBufferFull", Time since last: 1297240 ns, Reaching safepoint: 93603 ns, At safepoint: 17801 ns, Total: 111404 ns
[3.854s][info ][safepoint      ] Safepoint "ICBufferFull", Time since last: 4245833 ns, Reaching safepoint: 3217501 ns, At safepoint: 35201 ns, Total: 3252702 ns
[3.856s][info ][safepoint      ] Safepoint "ICBufferFull", Time since last: 1634752 ns, Reaching safepoint: 87002 ns, At safepoint: 27401 ns, Total: 114403 ns
[3.857s][info ][safepoint      ] Safepoint "ICBufferFull", Time since last: 1174037 ns, Reaching safepoint: 99903 ns, At safepoint: 25201 ns, Total: 125104 ns
[3.858s][info ][safepoint      ] Safepoint "ICBufferFull", Time since last: 1247239 ns, Reaching safepoint: 117504 ns, At safepoint: 22501 ns, Total: 140005 ns
[3.861s][info ][safepoint      ] Safepoint "ICBufferFull", Time since last: 1950061 ns, Reaching safepoint: 112903 ns, At safepoint: 22701 ns, Total: 135604 ns
[3.863s][info ][safepoint      ] Safepoint "ICBufferFull", Time since last: 1996663 ns, Reaching safepoint: 114203 ns, At safepoint: 27501 ns, Total: 141704 ns
[3.865s][info ][safepoint      ] Safepoint "ICBufferFull", Time since last: 2410576 ns, Reaching safepoint: 314710 ns, At safepoint: 28101 ns, Total: 342811 ns
[3.868s][info ][safepoint      ] Safepoint "ICBufferFull", Time since last: 2667883 ns, Reaching safepoint: 106404 ns, At safepoint: 23801 ns, Total: 130205 ns
[3.870s][info ][safepoint      ] Safepoint "ICBufferFull", Time since last: 1789956 ns, Reaching safepoint: 101703 ns, At safepoint: 26701 ns, Total: 128404 ns
[3.872s][info ][safepoint      ] Safepoint "ICBufferFull", Time since last: 2132867 ns, Reaching safepoint: 98403 ns, At safepoint: 24801 ns, Total: 123204 ns
[3.874s][info ][safepoint      ] Safepoint "ICBufferFull", Time since last: 1542948 ns, Reaching safepoint: 94103 ns, At safepoint: 17401 ns, Total: 111504 ns
[3.876s][info ][safepoint      ] Safepoint "ICBufferFull", Time since last: 1715053 ns, Reaching safepoint: 95703 ns, At safepoint: 25501 ns, Total: 121204 ns
[3.878s][info ][safepoint      ] Safepoint "ICBufferFull", Time since last: 1935261 ns, Reaching safepoint: 97603 ns, At safepoint: 17401 ns, Total: 115004 ns
[3.880s][info ][safepoint      ] Safepoint "ICBufferFull", Time since last: 1503147 ns, Reaching safepoint: 109503 ns, At safepoint: 22701 ns, Total: 132204 ns
[3.931s][info ][safepoint      ] Safepoint "ICBufferFull", Time since last: 51663221 ns, Reaching safepoint: 178005 ns, At safepoint: 28201 ns, Total: 206206 ns
[3.941s][info ][safepoint      ] Safepoint "ICBufferFull", Time since last: 9755606 ns, Reaching safepoint: 129504 ns, At safepoint: 24701 ns, Total: 154205 ns
[3.958s][info ][safepoint      ] Safepoint "ICBufferFull", Time since last: 16926231 ns, Reaching safepoint: 106203 ns, At safepoint: 27701 ns, Total: 133904 ns
[3.967s][info ][safepoint      ] Safepoint "ICBufferFull", Time since last: 8069053 ns, Reaching safepoint: 77503 ns, At safepoint: 26901 ns, Total: 104404 ns
[3.970s][info ][safepoint      ] Safepoint "ICBufferFull", Time since last: 3781618 ns, Reaching safepoint: 88703 ns, At safepoint: 24601 ns, Total: 113304 ns
[3.990s][info ][safepoint      ] Safepoint "ICBufferFull", Time since last: 18885292 ns, Reaching safepoint: 136305 ns, At safepoint: 29801 ns, Total: 166106 ns
[4.003s][info ][safepoint      ] Safepoint "ICBufferFull", Time since last: 11246452 ns, Reaching safepoint: 2149168 ns, At safepoint: 30501 ns, Total: 2179669 ns
[4.012s][info ][safepoint      ] Safepoint "ICBufferFull", Time since last: 8846577 ns, Reaching safepoint: 117004 ns, At safepoint: 30101 ns, Total: 147105 ns
[4.021s][info ][safepoint      ] Safepoint "ICBufferFull", Time since last: 9193188 ns, Reaching safepoint: 107904 ns, At safepoint: 25200 ns, Total: 133104 ns
[4.026s][info ][safepoint      ] Safepoint "ICBufferFull", Time since last: 4159531 ns, Reaching safepoint: 125104 ns, At safepoint: 24300 ns, Total: 149404 ns
[4.033s][info ][safepoint      ] Safepoint "ICBufferFull", Time since last: 6648909 ns, Reaching safepoint: 279309 ns, At safepoint: 25001 ns, Total: 304310 ns
[4.044s][info ][safepoint      ] Safepoint "ICBufferFull", Time since last: 10918142 ns, Reaching safepoint: 152605 ns, At safepoint: 22101 ns, Total: 174706 ns
[4.050s][info ][safepoint      ] Safepoint "ICBufferFull", Time since last: 4679446 ns, Reaching safepoint: 2135767 ns, At safepoint: 30301 ns, Total: 2166068 ns
[4.057s][info ][safepoint      ] Safepoint "ICBufferFull", Time since last: 5870084 ns, Reaching safepoint: 120504 ns, At safepoint: 32301 ns, Total: 152805 ns
[4.064s][info ][safepoint      ] Safepoint "ICBufferFull", Time since last: 7188026 ns, Reaching safepoint: 136504 ns, At safepoint: 27001 ns, Total: 163505 ns
[4.085s][info ][safepoint      ] Safepoint "ICBufferFull", Time since last: 20590546 ns, Reaching safepoint: 128904 ns, At safepoint: 31001 ns, Total: 159905 ns
[4.095s][info ][safepoint      ] Safepoint "ICBufferFull", Time since last: 10555131 ns, Reaching safepoint: 214307 ns, At safepoint: 29000 ns, Total: 243307 ns
[4.103s][info ][safepoint      ] Safepoint "ICBufferFull", Time since last: 4990457 ns, Reaching safepoint: 2154268 ns, At safepoint: 27800 ns, Total: 2182068 ns
[4.123s][info ][safepoint      ] Safepoint "ICBufferFull", Time since last: 20505944 ns, Reaching safepoint: 134704 ns, At safepoint: 28601 ns, Total: 163305 ns
[4.139s][info ][safepoint      ] Safepoint "ICBufferFull", Time since last: 15140875 ns, Reaching safepoint: 274408 ns, At safepoint: 29701 ns, Total: 304109 ns
[4.144s][info ][safepoint      ] Safepoint "ICBufferFull", Time since last: 5166662 ns, Reaching safepoint: 118104 ns, At safepoint: 29401 ns, Total: 147505 ns
[4.146s][info ][gc,start       ] GC(4) Pause Young (Allocation Failure)
[4.254s][debug][gc,phases      ] GC(4) Scavenge 107.745ms
[4.254s][debug][gc,ref         ] GC(4) Skipped phase 1 of Reference Processing: no references
[4.254s][debug][gc,ref         ] GC(4) ReferenceProcessor::execute queues: 4, RefProcThreadModel::Multi, marks_oops_alive: false
[4.255s][debug][gc,ref         ] GC(4) Skipped phase 3 of Reference Processing: no references
[4.255s][debug][gc,ref         ] GC(4) ReferenceProcessor::execute queues: 3, RefProcThreadModel::Multi, marks_oops_alive: false
[4.255s][debug][gc,phases      ] GC(4) Reference Processing 0.493ms
[4.255s][debug][gc,phases      ] GC(4)   VM Weak                        Min:  0.0, Avg:  0.0, Max:  0.0, Diff:  0.0, Sum:  0.0, Workers: 4
[4.255s][debug][gc,phases      ] GC(4)     Dead                           Min: 0, Avg:  0.0, Max: 0, Diff: 0, Sum: 0, Workers: 4
[4.255s][debug][gc,phases      ] GC(4)     Total                          Min: 0, Avg: 97.8, Max: 199, Diff: 199, Sum: 391, Workers: 4
[4.255s][debug][gc,phases      ] GC(4)   ObjectSynchronizer Weak        Min:  0.0, Avg:  0.0, Max:  0.0, Diff:  0.0, Sum:  0.0, Workers: 4
[4.255s][debug][gc,phases      ] GC(4)     Dead                           Min: 57, Avg: 88.8, Max: 124, Diff: 67, Sum: 355, Workers: 4
[4.255s][debug][gc,phases      ] GC(4)     Total                          Min: 64, Avg: 100.8, Max: 147, Diff: 83, Sum: 403, Workers: 4
[4.255s][debug][gc,phases      ] GC(4)   JVMTI Tag Weak OopStorage      Min:  0.0, Avg:  0.0, Max:  0.0, Diff:  0.0, Sum:  0.0, Workers: 4
[4.255s][debug][gc,phases      ] GC(4)     Dead                           Min: 0, Avg:  0.0, Max: 0, Diff: 0, Sum: 0, Workers: 4
[4.255s][debug][gc,phases      ] GC(4)     Total                          Min: 0, Avg:  0.0, Max: 0, Diff: 0, Sum: 0, Workers: 4
[4.255s][debug][gc,phases      ] GC(4)   StringTable Weak               Min:  0.3, Avg:  0.3, Max:  0.3, Diff:  0.0, Sum:  1.1, Workers: 4
[4.255s][debug][gc,phases      ] GC(4)     Dead                           Min: 3, Avg:  6.2, Max: 13, Diff: 10, Sum: 25, Workers: 4
[4.255s][debug][gc,phases      ] GC(4)     Total                          Min: 6272, Avg: 9240.0, Max: 10624, Diff: 4352, Sum: 36960, Workers: 4
[4.255s][debug][gc,phases      ] GC(4)   ResolvedMethodTable Weak       Min:  0.0, Avg:  0.0, Max:  0.0, Diff:  0.0, Sum:  0.2, Workers: 4
[4.255s][debug][gc,phases      ] GC(4)     Dead                           Min: 13, Avg: 27.2, Max: 52, Diff: 39, Sum: 109, Workers: 4
[4.255s][debug][gc,phases      ] GC(4)     Total                          Min: 640, Avg: 1182.2, Max: 1472, Diff: 832, Sum: 4729, Workers: 4
[4.255s][debug][gc,phases      ] GC(4)   JNI Weak                       Min:  0.0, Avg:  0.0, Max:  0.0, Diff:  0.0, Sum:  0.0, Workers: 4
[4.255s][debug][gc,phases      ] GC(4)     Dead                           Min: 0, Avg:  0.0, Max: 0, Diff: 0, Sum: 0, Workers: 4
[4.255s][debug][gc,phases      ] GC(4)     Total                          Min: 0, Avg:  2.8, Max: 11, Diff: 11, Sum: 11, Workers: 4
[4.255s][debug][gc,phases      ] GC(4)   StringDedup Table Weak         Min:  0.0, Avg:  0.0, Max:  0.0, Diff:  0.0, Sum:  0.0, Workers: 4
[4.255s][debug][gc,phases      ] GC(4)     Dead                           Min: 0, Avg:  0.0, Max: 0, Diff: 0, Sum: 0, Workers: 4
[4.255s][debug][gc,phases      ] GC(4)     Total                          Min: 0, Avg:  0.0, Max: 0, Diff: 0, Sum: 0, Workers: 4
[4.255s][debug][gc,phases      ] GC(4)   StringDedup Requests0 Weak     Min:  0.0, Avg:  0.0, Max:  0.0, Diff:  0.0, Sum:  0.0, Workers: 4
[4.255s][debug][gc,phases      ] GC(4)     Dead                           Min: 0, Avg:  0.0, Max: 0, Diff: 0, Sum: 0, Workers: 4
[4.255s][debug][gc,phases      ] GC(4)     Total                          Min: 0, Avg:  0.0, Max: 0, Diff: 0, Sum: 0, Workers: 4
[4.255s][debug][gc,phases      ] GC(4)   StringDedup Requests1 Weak     Min:  0.0, Avg:  0.0, Max:  0.0, Diff:  0.0, Sum:  0.0, Workers: 4
[4.255s][debug][gc,phases      ] GC(4)     Dead                           Min: 0, Avg:  0.0, Max: 0, Diff: 0, Sum: 0, Workers: 4
[4.255s][debug][gc,phases      ] GC(4)     Total                          Min: 0, Avg:  0.0, Max: 0, Diff: 0, Sum: 0, Workers: 4
[4.255s][debug][gc,phases      ] GC(4)   Weak JFR Old Object Samples    Min:  0.0, Avg:  0.0, Max:  0.0, Diff:  0.0, Sum:  0.0, Workers: 4
[4.255s][debug][gc,phases      ] GC(4)     Dead                           Min: 0, Avg:  0.0, Max: 0, Diff: 0, Sum: 0, Workers: 4
[4.255s][debug][gc,phases      ] GC(4)     Total                          Min: 0, Avg:  0.0, Max: 0, Diff: 0, Sum: 0, Workers: 4
[4.255s][debug][gc,phases      ] GC(4) Weak Processing 0.523ms
[4.255s][debug][gc,age         ] GC(4) Desired survivor size 536870912 bytes, new threshold 7 (max threshold 15)
[4.255s][info ][gc,heap        ] GC(4) PSYoungGen: 1104606K(1572864K)->173706K(1572864K) Eden: 1048576K(1048576K)->0K(1048576K) From: 56030K(524288K)->173706K(524288K)
[4.255s][info ][gc,heap        ] GC(4) ParOldGen: 5784K(6144K)->5800K(6144K)
[4.255s][info ][gc,metaspace   ] GC(4) Metaspace: 51524K(52032K)->51524K(52032K) NonClass: 43949K(44224K)->43949K(44224K) Class: 7575K(7808K)->7575K(7808K)
[4.255s][info ][gc             ] GC(4) Pause Young (Allocation Failure) 1084M->175M(1542M) 108.874ms
[4.255s][info ][gc,cpu         ] GC(4) User=0.41s Sys=0.03s Real=0.11s
[4.255s][info ][safepoint      ] Safepoint "ParallelGCFailedAllocation", Time since last: 1714354 ns, Reaching safepoint: 712422 ns, At safepoint: 108983719 ns, Total: 109696141 ns
[4.268s][info ][safepoint      ] Safepoint "ICBufferFull", Time since last: 12867203 ns, Reaching safepoint: 135205 ns, At safepoint: 29201 ns, Total: 164406 ns
[4.274s][info ][safepoint      ] Safepoint "ICBufferFull", Time since last: 5599775 ns, Reaching safepoint: 124604 ns, At safepoint: 24301 ns, Total: 148905 ns
[4.279s][info ][safepoint      ] Safepoint "ICBufferFull", Time since last: 4179831 ns, Reaching safepoint: 99803 ns, At safepoint: 21401 ns, Total: 121204 ns
[4.280s][info ][safepoint      ] Safepoint "ICBufferFull", Time since last: 1362943 ns, Reaching safepoint: 96803 ns, At safepoint: 17400 ns, Total: 114203 ns
[4.280s][info ][safepoint      ] Safepoint "ICBufferFull", Time since last: 40101 ns, Reaching safepoint: 100204 ns, At safepoint: 21400 ns, Total: 121604 ns
[4.291s][info ][safepoint      ] Safepoint "ICBufferFull", Time since last: 10541431 ns, Reaching safepoint: 111403 ns, At safepoint: 20601 ns, Total: 132004 ns
[4.293s][info ][safepoint      ] Safepoint "ICBufferFull", Time since last: 2335473 ns, Reaching safepoint: 104504 ns, At safepoint: 25400 ns, Total: 129904 ns
[4.301s][info ][safepoint      ] Safepoint "ICBufferFull", Time since last: 7319130 ns, Reaching safepoint: 116704 ns, At safepoint: 21000 ns, Total: 137704 ns
[4.303s][info ][safepoint      ] Safepoint "ICBufferFull", Time since last: 2290972 ns, Reaching safepoint: 115204 ns, At safepoint: 20200 ns, Total: 135404 ns
[4.306s][info ][safepoint      ] Safepoint "ICBufferFull", Time since last: 2593282 ns, Reaching safepoint: 101403 ns, At safepoint: 22601 ns, Total: 124004 ns
[4.309s][info ][safepoint      ] Safepoint "ICBufferFull", Time since last: 2626582 ns, Reaching safepoint: 93803 ns, At safepoint: 24001 ns, Total: 117804 ns
[4.325s][info ][safepoint      ] Safepoint "ICBufferFull", Time since last: 15754694 ns, Reaching safepoint: 448814 ns, At safepoint: 28001 ns, Total: 476815 ns
[4.327s][info ][safepoint      ] Safepoint "ICBufferFull", Time since last: 2053464 ns, Reaching safepoint: 101803 ns, At safepoint: 29101 ns, Total: 130904 ns
[4.329s][info ][safepoint      ] Safepoint "ICBufferFull", Time since last: 1976562 ns, Reaching safepoint: 100304 ns, At safepoint: 28300 ns, Total: 128604 ns
[4.440s][info ][gc,start       ] GC(5) Pause Young (Allocation Failure)
[4.518s][debug][gc,phases      ] GC(5) Scavenge 78.189ms
[4.518s][debug][gc,ref         ] GC(5) Skipped phase 1 of Reference Processing: no references
[4.519s][debug][gc,ref         ] GC(5) ReferenceProcessor::execute queues: 4, RefProcThreadModel::Multi, marks_oops_alive: false
[4.519s][debug][gc,ref         ] GC(5) Skipped phase 3 of Reference Processing: no references
[4.519s][debug][gc,ref         ] GC(5) ReferenceProcessor::execute queues: 1, RefProcThreadModel::Single, marks_oops_alive: false
[4.519s][debug][gc,phases      ] GC(5) Reference Processing 0.331ms
[4.519s][debug][gc,phases      ] GC(5)   VM Weak                        Min:  0.0, Avg:  0.0, Max:  0.0, Diff:  0.0, Sum:  0.0, Workers: 4
[4.519s][debug][gc,phases      ] GC(5)     Dead                           Min: 0, Avg:  0.0, Max: 0, Diff: 0, Sum: 0, Workers: 4
[4.519s][debug][gc,phases      ] GC(5)     Total                          Min: 0, Avg: 98.5, Max: 202, Diff: 202, Sum: 394, Workers: 4
[4.519s][debug][gc,phases      ] GC(5)   ObjectSynchronizer Weak        Min:  0.0, Avg:  0.0, Max:  0.0, Diff:  0.0, Sum:  0.0, Workers: 4
[4.519s][debug][gc,phases      ] GC(5)     Dead                           Min: 0, Avg:  0.0, Max: 0, Diff: 0, Sum: 0, Workers: 4
[4.519s][debug][gc,phases      ] GC(5)     Total                          Min: 0, Avg: 100.8, Max: 256, Diff: 256, Sum: 403, Workers: 4
[4.519s][debug][gc,phases      ] GC(5)   JVMTI Tag Weak OopStorage      Min:  0.0, Avg:  0.0, Max:  0.0, Diff:  0.0, Sum:  0.0, Workers: 4
[4.519s][debug][gc,phases      ] GC(5)     Dead                           Min: 0, Avg:  0.0, Max: 0, Diff: 0, Sum: 0, Workers: 4
[4.519s][debug][gc,phases      ] GC(5)     Total                          Min: 0, Avg:  0.0, Max: 0, Diff: 0, Sum: 0, Workers: 4
[4.519s][debug][gc,phases      ] GC(5)   StringTable Weak               Min:  0.3, Avg:  0.3, Max:  0.3, Diff:  0.0, Sum:  1.1, Workers: 4
[4.519s][debug][gc,phases      ] GC(5)     Dead                           Min: 0, Avg:  4.0, Max: 13, Diff: 13, Sum: 16, Workers: 4
[4.519s][debug][gc,phases      ] GC(5)     Total                          Min: 7680, Avg: 9416.8, Max: 11456, Diff: 3776, Sum: 37667, Workers: 4
[4.519s][debug][gc,phases      ] GC(5)   ResolvedMethodTable Weak       Min:  0.0, Avg:  0.0, Max:  0.0, Diff:  0.0, Sum:  0.2, Workers: 4
[4.519s][debug][gc,phases      ] GC(5)     Dead                           Min: 1, Avg:  5.0, Max: 14, Diff: 13, Sum: 20, Workers: 4
[4.519s][debug][gc,phases      ] GC(5)     Total                          Min: 761, Avg: 1173.5, Max: 1524, Diff: 763, Sum: 4694, Workers: 4
[4.519s][debug][gc,phases      ] GC(5)   JNI Weak                       Min:  0.0, Avg:  0.0, Max:  0.0, Diff:  0.0, Sum:  0.0, Workers: 4
[4.519s][debug][gc,phases      ] GC(5)     Dead                           Min: 0, Avg:  0.0, Max: 0, Diff: 0, Sum: 0, Workers: 4
[4.519s][debug][gc,phases      ] GC(5)     Total                          Min: 0, Avg:  0.2, Max: 1, Diff: 1, Sum: 1, Workers: 4
[4.519s][debug][gc,phases      ] GC(5)   StringDedup Table Weak         Min:  0.0, Avg:  0.0, Max:  0.0, Diff:  0.0, Sum:  0.0, Workers: 4
[4.519s][debug][gc,phases      ] GC(5)     Dead                           Min: 0, Avg:  0.0, Max: 0, Diff: 0, Sum: 0, Workers: 4
[4.519s][debug][gc,phases      ] GC(5)     Total                          Min: 0, Avg:  0.0, Max: 0, Diff: 0, Sum: 0, Workers: 4
[4.519s][debug][gc,phases      ] GC(5)   StringDedup Requests0 Weak     Min:  0.0, Avg:  0.0, Max:  0.0, Diff:  0.0, Sum:  0.0, Workers: 4
[4.519s][debug][gc,phases      ] GC(5)     Dead                           Min: 0, Avg:  0.0, Max: 0, Diff: 0, Sum: 0, Workers: 4
[4.519s][debug][gc,phases      ] GC(5)     Total                          Min: 0, Avg:  0.0, Max: 0, Diff: 0, Sum: 0, Workers: 4
[4.519s][debug][gc,phases      ] GC(5)   StringDedup Requests1 Weak     Min:  0.0, Avg:  0.0, Max:  0.0, Diff:  0.0, Sum:  0.0, Workers: 4
[4.519s][debug][gc,phases      ] GC(5)     Dead                           Min: 0, Avg:  0.0, Max: 0, Diff: 0, Sum: 0, Workers: 4
[4.519s][debug][gc,phases      ] GC(5)     Total                          Min: 0, Avg:  0.0, Max: 0, Diff: 0, Sum: 0, Workers: 4
[4.519s][debug][gc,phases      ] GC(5)   Weak JFR Old Object Samples    Min:  0.0, Avg:  0.0, Max:  0.0, Diff:  0.0, Sum:  0.0, Workers: 4
[4.519s][debug][gc,phases      ] GC(5)     Dead                           Min: 0, Avg:  0.0, Max: 0, Diff: 0, Sum: 0, Workers: 4
[4.519s][debug][gc,phases      ] GC(5)     Total                          Min: 0, Avg:  0.0, Max: 0, Diff: 0, Sum: 0, Workers: 4
[4.519s][debug][gc,phases      ] GC(5) Weak Processing 0.543ms
[4.519s][debug][gc,age         ] GC(5) Desired survivor size 536870912 bytes, new threshold 7 (max threshold 15)
[4.519s][info ][gc,heap        ] GC(5) PSYoungGen: 1222282K(1572864K)->172552K(1572864K) Eden: 1048576K(1048576K)->0K(1048576K) From: 173706K(524288K)->172552K(524288K)
[4.519s][info ][gc,heap        ] GC(5) ParOldGen: 5800K(6144K)->5808K(6144K)
[4.519s][info ][gc,metaspace   ] GC(5) Metaspace: 52405K(52992K)->52405K(52992K) NonClass: 44706K(44992K)->44706K(44992K) Class: 7699K(8000K)->7699K(8000K)
[4.519s][info ][gc             ] GC(5) Pause Young (Allocation Failure) 1199M->174M(1542M) 79.201ms
[4.519s][info ][gc,cpu         ] GC(5) User=0.29s Sys=0.03s Real=0.08s
[4.519s][info ][safepoint      ] Safepoint "ParallelGCFailedAllocation", Time since last: 110868678 ns, Reaching safepoint: 153705 ns, At safepoint: 79309288 ns, Total: 79462993 ns
[4.710s][info ][gc,start       ] GC(6) Pause Young (Allocation Failure)
[4.772s][debug][gc,phases      ] GC(6) Scavenge 62.231ms
[4.772s][debug][gc,ref         ] GC(6) Skipped phase 1 of Reference Processing: no references
[4.772s][debug][gc,ref         ] GC(6) ReferenceProcessor::execute queues: 4, RefProcThreadModel::Multi, marks_oops_alive: false
[4.772s][debug][gc,ref         ] GC(6) Skipped phase 3 of Reference Processing: no references
[4.772s][debug][gc,ref         ] GC(6) ReferenceProcessor::execute queues: 1, RefProcThreadModel::Single, marks_oops_alive: false
[4.772s][debug][gc,phases      ] GC(6) Reference Processing 0.307ms
[4.773s][debug][gc,phases      ] GC(6)   VM Weak                        Min:  0.0, Avg:  0.0, Max:  0.0, Diff:  0.0, Sum:  0.0, Workers: 4
[4.773s][debug][gc,phases      ] GC(6)     Dead                           Min: 0, Avg:  0.0, Max: 0, Diff: 0, Sum: 0, Workers: 4
[4.773s][debug][gc,phases      ] GC(6)     Total                          Min: 0, Avg: 100.8, Max: 256, Diff: 256, Sum: 403, Workers: 4
[4.773s][debug][gc,phases      ] GC(6)   ObjectSynchronizer Weak        Min:  0.0, Avg:  0.0, Max:  0.0, Diff:  0.0, Sum:  0.0, Workers: 4
[4.773s][debug][gc,phases      ] GC(6)     Dead                           Min: 0, Avg:  0.0, Max: 0, Diff: 0, Sum: 0, Workers: 4
[4.773s][debug][gc,phases      ] GC(6)     Total                          Min: 19, Avg: 100.8, Max: 192, Diff: 173, Sum: 403, Workers: 4
[4.773s][debug][gc,phases      ] GC(6)   JVMTI Tag Weak OopStorage      Min:  0.0, Avg:  0.0, Max:  0.0, Diff:  0.0, Sum:  0.0, Workers: 4
[4.773s][debug][gc,phases      ] GC(6)     Dead                           Min: 0, Avg:  0.0, Max: 0, Diff: 0, Sum: 0, Workers: 4
[4.773s][debug][gc,phases      ] GC(6)     Total                          Min: 0, Avg:  0.0, Max: 0, Diff: 0, Sum: 0, Workers: 4
[4.773s][debug][gc,phases      ] GC(6)   StringTable Weak               Min:  0.3, Avg:  0.3, Max:  0.3, Diff:  0.0, Sum:  1.1, Workers: 4
[4.773s][debug][gc,phases      ] GC(6)     Dead                           Min: 0, Avg:  1.0, Max: 2, Diff: 2, Sum: 4, Workers: 4
[4.773s][debug][gc,phases      ] GC(6)     Total                          Min: 8384, Avg: 9575.2, Max: 10944, Diff: 2560, Sum: 38301, Workers: 4
[4.773s][debug][gc,phases      ] GC(6)   ResolvedMethodTable Weak       Min:  0.0, Avg:  0.0, Max:  0.0, Diff:  0.0, Sum:  0.2, Workers: 4
[4.773s][debug][gc,phases      ] GC(6)     Dead                           Min: 1, Avg:  6.8, Max: 15, Diff: 14, Sum: 27, Workers: 4
[4.773s][debug][gc,phases      ] GC(6)     Total                          Min: 1177, Avg: 1286.2, Max: 1408, Diff: 231, Sum: 5145, Workers: 4
[4.773s][debug][gc,phases      ] GC(6)   JNI Weak                       Min:  0.0, Avg:  0.0, Max:  0.0, Diff:  0.0, Sum:  0.0, Workers: 4
[4.773s][debug][gc,phases      ] GC(6)     Dead                           Min: 0, Avg:  0.0, Max: 0, Diff: 0, Sum: 0, Workers: 4
[4.773s][debug][gc,phases      ] GC(6)     Total                          Min: 0, Avg:  2.0, Max: 8, Diff: 8, Sum: 8, Workers: 4
[4.773s][debug][gc,phases      ] GC(6)   StringDedup Table Weak         Min:  0.0, Avg:  0.0, Max:  0.0, Diff:  0.0, Sum:  0.0, Workers: 4
[4.773s][debug][gc,phases      ] GC(6)     Dead                           Min: 0, Avg:  0.0, Max: 0, Diff: 0, Sum: 0, Workers: 4
[4.773s][debug][gc,phases      ] GC(6)     Total                          Min: 0, Avg:  0.0, Max: 0, Diff: 0, Sum: 0, Workers: 4
[4.773s][debug][gc,phases      ] GC(6)   StringDedup Requests0 Weak     Min:  0.0, Avg:  0.0, Max:  0.0, Diff:  0.0, Sum:  0.0, Workers: 4
[4.773s][debug][gc,phases      ] GC(6)     Dead                           Min: 0, Avg:  0.0, Max: 0, Diff: 0, Sum: 0, Workers: 4
[4.773s][debug][gc,phases      ] GC(6)     Total                          Min: 0, Avg:  0.0, Max: 0, Diff: 0, Sum: 0, Workers: 4
[4.773s][debug][gc,phases      ] GC(6)   StringDedup Requests1 Weak     Min:  0.0, Avg:  0.0, Max:  0.0, Diff:  0.0, Sum:  0.0, Workers: 4
[4.773s][debug][gc,phases      ] GC(6)     Dead                           Min: 0, Avg:  0.0, Max: 0, Diff: 0, Sum: 0, Workers: 4
[4.773s][debug][gc,phases      ] GC(6)     Total                          Min: 0, Avg:  0.0, Max: 0, Diff: 0, Sum: 0, Workers: 4
[4.773s][debug][gc,phases      ] GC(6)   Weak JFR Old Object Samples    Min:  0.0, Avg:  0.0, Max:  0.0, Diff:  0.0, Sum:  0.0, Workers: 4
[4.773s][debug][gc,phases      ] GC(6)     Dead                           Min: 0, Avg:  0.0, Max: 0, Diff: 0, Sum: 0, Workers: 4
[4.773s][debug][gc,phases      ] GC(6)     Total                          Min: 0, Avg:  0.0, Max: 0, Diff: 0, Sum: 0, Workers: 4
[4.773s][debug][gc,phases      ] GC(6) Weak Processing 0.663ms
[4.773s][debug][gc,age         ] GC(6) Desired survivor size 266862592 bytes, new threshold 6 (max threshold 15)
[4.773s][info ][gc,heap        ] GC(6) PSYoungGen: 1221128K(1572864K)->175834K(1572864K) Eden: 1048576K(1048576K)->0K(1048576K) From: 172552K(524288K)->175834K(524288K)
[4.773s][info ][gc,heap        ] GC(6) ParOldGen: 5808K(6144K)->5816K(6144K)
[4.773s][info ][gc,metaspace   ] GC(6) Metaspace: 54247K(54848K)->54247K(54848K) NonClass: 46200K(46528K)->46200K(46528K) Class: 8046K(8320K)->8046K(8320K)
[4.773s][info ][gc             ] GC(6) Pause Young (Allocation Failure) 1198M->177M(1542M) 63.334ms
[4.773s][info ][gc,cpu         ] GC(6) User=0.24s Sys=0.02s Real=0.07s
[4.773s][info ][safepoint      ] Safepoint "ParallelGCFailedAllocation", Time since last: 189874156 ns, Reaching safepoint: 191806 ns, At safepoint: 63434690 ns, Total: 63626496 ns
[5.235s][info ][safepoint      ] Safepoint "ICBufferFull", Time since last: 461886879 ns, Reaching safepoint: 254908 ns, At safepoint: 37502 ns, Total: 292410 ns
[5.276s][info ][gc,start       ] GC(7) Pause Young (Allocation Failure)
[5.368s][debug][gc,phases      ] GC(7) Scavenge 91.659ms
[5.368s][debug][gc,ref         ] GC(7) Skipped phase 1 of Reference Processing: no references
[5.368s][debug][gc,ref         ] GC(7) ReferenceProcessor::execute queues: 4, RefProcThreadModel::Multi, marks_oops_alive: false
[5.368s][debug][gc,ref         ] GC(7) Skipped phase 3 of Reference Processing: no references
[5.368s][debug][gc,ref         ] GC(7) ReferenceProcessor::execute queues: 1, RefProcThreadModel::Single, marks_oops_alive: false
[5.368s][debug][gc,phases      ] GC(7) Reference Processing 0.370ms
[5.368s][debug][gc,phases      ] GC(7)   VM Weak                        Min:  0.0, Avg:  0.0, Max:  0.0, Diff:  0.0, Sum:  0.0, Workers: 4
[5.368s][debug][gc,phases      ] GC(7)     Dead                           Min: 0, Avg:  0.0, Max: 0, Diff: 0, Sum: 0, Workers: 4
[5.368s][debug][gc,phases      ] GC(7)     Total                          Min: 0, Avg: 105.2, Max: 293, Diff: 293, Sum: 421, Workers: 4
[5.368s][debug][gc,phases      ] GC(7)   ObjectSynchronizer Weak        Min:  0.0, Avg:  0.0, Max:  0.0, Diff:  0.0, Sum:  0.0, Workers: 4
[5.368s][debug][gc,phases      ] GC(7)     Dead                           Min: 0, Avg:  1.8, Max: 7, Diff: 7, Sum: 7, Workers: 4
[5.368s][debug][gc,phases      ] GC(7)     Total                          Min: 0, Avg: 105.8, Max: 167, Diff: 167, Sum: 423, Workers: 4
[5.369s][debug][gc,phases      ] GC(7)   JVMTI Tag Weak OopStorage      Min:  0.0, Avg:  0.0, Max:  0.0, Diff:  0.0, Sum:  0.0, Workers: 4
[5.369s][debug][gc,phases      ] GC(7)     Dead                           Min: 0, Avg:  0.0, Max: 0, Diff: 0, Sum: 0, Workers: 4
[5.369s][debug][gc,phases      ] GC(7)     Total                          Min: 0, Avg:  0.0, Max: 0, Diff: 0, Sum: 0, Workers: 4
[5.369s][debug][gc,phases      ] GC(7)   StringTable Weak               Min:  0.3, Avg:  0.3, Max:  0.3, Diff:  0.0, Sum:  1.1, Workers: 4
[5.369s][debug][gc,phases      ] GC(7)     Dead                           Min: 2, Avg:  4.8, Max: 12, Diff: 10, Sum: 19, Workers: 4
[5.369s][debug][gc,phases      ] GC(7)     Total                          Min: 6720, Avg: 9781.0, Max: 11712, Diff: 4992, Sum: 39124, Workers: 4
[5.369s][debug][gc,phases      ] GC(7)   ResolvedMethodTable Weak       Min:  0.0, Avg:  0.0, Max:  0.0, Diff:  0.0, Sum:  0.2, Workers: 4
[5.369s][debug][gc,phases      ] GC(7)     Dead                           Min: 4, Avg:  6.5, Max: 10, Diff: 6, Sum: 26, Workers: 4
[5.369s][debug][gc,phases      ] GC(7)     Total                          Min: 832, Avg: 1423.8, Max: 1792, Diff: 960, Sum: 5695, Workers: 4
[5.369s][debug][gc,phases      ] GC(7)   JNI Weak                       Min:  0.0, Avg:  0.0, Max:  0.0, Diff:  0.0, Sum:  0.0, Workers: 4
[5.369s][debug][gc,phases      ] GC(7)     Dead                           Min: 0, Avg:  0.0, Max: 0, Diff: 0, Sum: 0, Workers: 4
[5.369s][debug][gc,phases      ] GC(7)     Total                          Min: 0, Avg: 13.2, Max: 53, Diff: 53, Sum: 53, Workers: 4
[5.369s][debug][gc,phases      ] GC(7)   StringDedup Table Weak         Min:  0.0, Avg:  0.0, Max:  0.0, Diff:  0.0, Sum:  0.0, Workers: 4
[5.369s][debug][gc,phases      ] GC(7)     Dead                           Min: 0, Avg:  0.0, Max: 0, Diff: 0, Sum: 0, Workers: 4
[5.369s][debug][gc,phases      ] GC(7)     Total                          Min: 0, Avg:  0.0, Max: 0, Diff: 0, Sum: 0, Workers: 4
[5.369s][debug][gc,phases      ] GC(7)   StringDedup Requests0 Weak     Min:  0.0, Avg:  0.0, Max:  0.0, Diff:  0.0, Sum:  0.0, Workers: 4
[5.369s][debug][gc,phases      ] GC(7)     Dead                           Min: 0, Avg:  0.0, Max: 0, Diff: 0, Sum: 0, Workers: 4
[5.369s][debug][gc,phases      ] GC(7)     Total                          Min: 0, Avg:  0.0, Max: 0, Diff: 0, Sum: 0, Workers: 4
[5.369s][debug][gc,phases      ] GC(7)   StringDedup Requests1 Weak     Min:  0.0, Avg:  0.0, Max:  0.0, Diff:  0.0, Sum:  0.0, Workers: 4
[5.369s][debug][gc,phases      ] GC(7)     Dead                           Min: 0, Avg:  0.0, Max: 0, Diff: 0, Sum: 0, Workers: 4
[5.369s][debug][gc,phases      ] GC(7)     Total                          Min: 0, Avg:  0.0, Max: 0, Diff: 0, Sum: 0, Workers: 4
[5.369s][debug][gc,phases      ] GC(7)   Weak JFR Old Object Samples    Min:  0.0, Avg:  0.0, Max:  0.0, Diff:  0.0, Sum:  0.0, Workers: 4
[5.369s][debug][gc,phases      ] GC(7)     Dead                           Min: 0, Avg:  0.0, Max: 0, Diff: 0, Sum: 0, Workers: 4
[5.369s][debug][gc,phases      ] GC(7)     Total                          Min: 0, Avg:  0.0, Max: 0, Diff: 0, Sum: 0, Workers: 4
[5.369s][debug][gc,phases      ] GC(7) Weak Processing 0.533ms
[5.369s][debug][gc,age         ] GC(7) Desired survivor size 281018368 bytes, new threshold 5 (max threshold 15)
[5.369s][info ][gc,heap        ] GC(7) PSYoungGen: 1224410K(1572864K)->183822K(1808896K) Eden: 1048576K(1048576K)->0K(1548288K) From: 175834K(524288K)->183822K(260608K)
[5.369s][info ][gc,heap        ] GC(7) ParOldGen: 5816K(6144K)->5824K(6144K)
[5.369s][info ][gc,metaspace   ] GC(7) Metaspace: 56745K(57280K)->56745K(57280K) NonClass: 48289K(48576K)->48289K(48576K) Class: 8456K(8704K)->8456K(8704K)
[5.369s][info ][gc             ] GC(7) Pause Young (Allocation Failure) 1201M->185M(1772M) 92.726ms
[5.369s][info ][gc,cpu         ] GC(7) User=0.27s Sys=0.09s Real=0.09s
[5.369s][info ][safepoint      ] Safepoint "ParallelGCFailedAllocation", Time since last: 40599372 ns, Reaching safepoint: 147205 ns, At safepoint: 92856010 ns, Total: 93003215 ns
[5.781s][info ][gc,start       ] GC(8) Pause Young (Allocation Failure)
[5.864s][debug][gc,phases      ] GC(8) Scavenge 82.962ms
[5.864s][debug][gc,ref         ] GC(8) Skipped phase 1 of Reference Processing: no references
[5.864s][debug][gc,ref         ] GC(8) ReferenceProcessor::execute queues: 3, RefProcThreadModel::Multi, marks_oops_alive: false
[5.864s][debug][gc,ref         ] GC(8) Skipped phase 3 of Reference Processing: no references
[5.864s][debug][gc,ref         ] GC(8) ReferenceProcessor::execute queues: 1, RefProcThreadModel::Single, marks_oops_alive: false
[5.864s][debug][gc,phases      ] GC(8) Reference Processing 0.272ms
[5.865s][debug][gc,phases      ] GC(8)   VM Weak                        Min:  0.0, Avg:  0.0, Max:  0.0, Diff:  0.0, Sum:  0.0, Workers: 4
[5.865s][debug][gc,phases      ] GC(8)     Dead                           Min: 0, Avg:  0.0, Max: 0, Diff: 0, Sum: 0, Workers: 4
[5.865s][debug][gc,phases      ] GC(8)     Total                          Min: 0, Avg: 105.2, Max: 256, Diff: 256, Sum: 421, Workers: 4
[5.865s][debug][gc,phases      ] GC(8)   ObjectSynchronizer Weak        Min:  0.0, Avg:  0.0, Max:  0.0, Diff:  0.0, Sum:  0.0, Workers: 4
[5.865s][debug][gc,phases      ] GC(8)     Dead                           Min: 0, Avg:  2.5, Max: 9, Diff: 9, Sum: 10, Workers: 4
[5.865s][debug][gc,phases      ] GC(8)     Total                          Min: 0, Avg: 112.0, Max: 256, Diff: 256, Sum: 448, Workers: 4
[5.865s][debug][gc,phases      ] GC(8)   JVMTI Tag Weak OopStorage      Min:  0.0, Avg:  0.0, Max:  0.0, Diff:  0.0, Sum:  0.0, Workers: 4
[5.865s][debug][gc,phases      ] GC(8)     Dead                           Min: 0, Avg:  0.0, Max: 0, Diff: 0, Sum: 0, Workers: 4
[5.865s][debug][gc,phases      ] GC(8)     Total                          Min: 0, Avg:  0.0, Max: 0, Diff: 0, Sum: 0, Workers: 4
[5.865s][debug][gc,phases      ] GC(8)   StringTable Weak               Min:  0.3, Avg:  0.3, Max:  0.3, Diff:  0.0, Sum:  1.2, Workers: 4
[5.865s][debug][gc,phases      ] GC(8)     Dead                           Min: 0, Avg:  3.2, Max: 13, Diff: 13, Sum: 13, Workers: 4
[5.865s][debug][gc,phases      ] GC(8)     Total                          Min: 7040, Avg: 9798.5, Max: 11162, Diff: 4122, Sum: 39194, Workers: 4
[5.865s][debug][gc,phases      ] GC(8)   ResolvedMethodTable Weak       Min:  0.0, Avg:  0.0, Max:  0.1, Diff:  0.0, Sum:  0.2, Workers: 4
[5.865s][debug][gc,phases      ] GC(8)     Dead                           Min: 0, Avg:  0.0, Max: 0, Diff: 0, Sum: 0, Workers: 4
[5.865s][debug][gc,phases      ] GC(8)     Total                          Min: 1216, Avg: 1429.8, Max: 1623, Diff: 407, Sum: 5719, Workers: 4
[5.865s][debug][gc,phases      ] GC(8)   JNI Weak                       Min:  0.0, Avg:  0.0, Max:  0.0, Diff:  0.0, Sum:  0.0, Workers: 4
[5.865s][debug][gc,phases      ] GC(8)     Dead                           Min: 0, Avg:  0.0, Max: 0, Diff: 0, Sum: 0, Workers: 4
[5.865s][debug][gc,phases      ] GC(8)     Total                          Min: 0, Avg:  2.0, Max: 5, Diff: 5, Sum: 8, Workers: 4
[5.865s][debug][gc,phases      ] GC(8)   StringDedup Table Weak         Min:  0.0, Avg:  0.0, Max:  0.0, Diff:  0.0, Sum:  0.0, Workers: 4
[5.865s][debug][gc,phases      ] GC(8)     Dead                           Min: 0, Avg:  0.0, Max: 0, Diff: 0, Sum: 0, Workers: 4
[5.865s][debug][gc,phases      ] GC(8)     Total                          Min: 0, Avg:  0.0, Max: 0, Diff: 0, Sum: 0, Workers: 4
[5.865s][debug][gc,phases      ] GC(8)   StringDedup Requests0 Weak     Min:  0.0, Avg:  0.0, Max:  0.0, Diff:  0.0, Sum:  0.0, Workers: 4
[5.865s][debug][gc,phases      ] GC(8)     Dead                           Min: 0, Avg:  0.0, Max: 0, Diff: 0, Sum: 0, Workers: 4
[5.865s][debug][gc,phases      ] GC(8)     Total                          Min: 0, Avg:  0.0, Max: 0, Diff: 0, Sum: 0, Workers: 4
[5.865s][debug][gc,phases      ] GC(8)   StringDedup Requests1 Weak     Min:  0.0, Avg:  0.0, Max:  0.0, Diff:  0.0, Sum:  0.0, Workers: 4
[5.865s][debug][gc,phases      ] GC(8)     Dead                           Min: 0, Avg:  0.0, Max: 0, Diff: 0, Sum: 0, Workers: 4
[5.865s][debug][gc,phases      ] GC(8)     Total                          Min: 0, Avg:  0.0, Max: 0, Diff: 0, Sum: 0, Workers: 4
[5.865s][debug][gc,phases      ] GC(8)   Weak JFR Old Object Samples    Min:  0.0, Avg:  0.0, Max:  0.0, Diff:  0.0, Sum:  0.0, Workers: 4
[5.865s][debug][gc,phases      ] GC(8)     Dead                           Min: 0, Avg:  0.0, Max: 0, Diff: 0, Sum: 0, Workers: 4
[5.865s][debug][gc,phases      ] GC(8)     Total                          Min: 0, Avg:  0.0, Max: 0, Diff: 0, Sum: 0, Workers: 4
[5.865s][debug][gc,phases      ] GC(8) Weak Processing 0.568ms
[5.865s][debug][gc,age         ] GC(8) Desired survivor size 270008320 bytes, new threshold 4 (max threshold 15)
[5.865s][info ][gc,heap        ] GC(8) PSYoungGen: 1732110K(1808896K)->148617K(1822720K) Eden: 1548288K(1548288K)->0K(1548288K) From: 183822K(260608K)->148617K(274432K)
[5.865s][info ][gc,heap        ] GC(8) ParOldGen: 5824K(6144K)->61379K(61440K)
[5.865s][info ][gc,metaspace   ] GC(8) Metaspace: 57004K(57536K)->57004K(57536K) NonClass: 48536K(48832K)->48536K(48832K) Class: 8468K(8704K)->8468K(8704K)
[5.865s][info ][gc             ] GC(8) Pause Young (Allocation Failure) 1697M->205M(1840M) 83.948ms
[5.865s][info ][gc,cpu         ] GC(8) User=0.31s Sys=0.02s Real=0.09s
[5.865s][debug][gc,phases      ] GC(9) Pre Compact 0.010ms
[5.865s][info ][gc,start       ] GC(9) Pause Full (Ergonomics)
[5.865s][info ][gc,phases,start] GC(9) Marking Phase
[5.939s][debug][gc,phases      ] GC(9) Par Mark 73.833ms
[5.939s][debug][gc,ref         ] GC(9) Skipped phase 1 of Reference Processing: no references
[5.939s][debug][gc,ref         ] GC(9) ReferenceProcessor::execute queues: 4, RefProcThreadModel::Multi, marks_oops_alive: false
[5.939s][debug][gc,ref         ] GC(9) Skipped phase 3 of Reference Processing: no references
[5.939s][debug][gc,ref         ] GC(9) ReferenceProcessor::execute queues: 1, RefProcThreadModel::Single, marks_oops_alive: false
[5.939s][debug][gc,phases      ] GC(9) Reference Processing 0.297ms
[5.939s][debug][gc,phases      ] GC(9)   VM Weak                        Min:  0.0, Avg:  0.0, Max:  0.0, Diff:  0.0, Sum:  0.0, Workers: 4
[5.939s][debug][gc,phases      ] GC(9)     Dead                           Min: 0, Avg:  1.5, Max: 6, Diff: 6, Sum: 6, Workers: 4
[5.939s][debug][gc,phases      ] GC(9)     Total                          Min: 0, Avg: 105.2, Max: 357, Diff: 357, Sum: 421, Workers: 4
[5.939s][debug][gc,phases      ] GC(9)   ObjectSynchronizer Weak        Min:  0.0, Avg:  0.0, Max:  0.0, Diff:  0.0, Sum:  0.0, Workers: 4
[5.939s][debug][gc,phases      ] GC(9)     Dead                           Min: 0, Avg:  0.0, Max: 0, Diff: 0, Sum: 0, Workers: 4
[5.939s][debug][gc,phases      ] GC(9)     Total                          Min: 0, Avg: 112.0, Max: 256, Diff: 256, Sum: 448, Workers: 4
[5.939s][debug][gc,phases      ] GC(9)   JVMTI Tag Weak OopStorage      Min:  0.0, Avg:  0.0, Max:  0.0, Diff:  0.0, Sum:  0.0, Workers: 4
[5.939s][debug][gc,phases      ] GC(9)     Dead                           Min: 0, Avg:  0.0, Max: 0, Diff: 0, Sum: 0, Workers: 4
[5.939s][debug][gc,phases      ] GC(9)     Total                          Min: 0, Avg:  0.0, Max: 0, Diff: 0, Sum: 0, Workers: 4
[5.939s][debug][gc,phases      ] GC(9)   StringTable Weak               Min:  0.1, Avg:  0.1, Max:  0.1, Diff:  0.0, Sum:  0.5, Workers: 4
[5.939s][debug][gc,phases      ] GC(9)     Dead                           Min: 0, Avg:  0.0, Max: 0, Diff: 0, Sum: 0, Workers: 4
[5.939s][debug][gc,phases      ] GC(9)     Total                          Min: 8384, Avg: 9798.5, Max: 10624, Diff: 2240, Sum: 39194, Workers: 4
[5.939s][debug][gc,phases      ] GC(9)   ResolvedMethodTable Weak       Min:  0.0, Avg:  0.0, Max:  0.0, Diff:  0.0, Sum:  0.1, Workers: 4
[5.939s][debug][gc,phases      ] GC(9)     Dead                           Min: 0, Avg:  1.5, Max: 5, Diff: 5, Sum: 6, Workers: 4
[5.939s][debug][gc,phases      ] GC(9)     Total                          Min: 1088, Avg: 1429.8, Max: 1664, Diff: 576, Sum: 5719, Workers: 4
[5.939s][debug][gc,phases      ] GC(9)   JNI Weak                       Min:  0.0, Avg:  0.0, Max:  0.0, Diff:  0.0, Sum:  0.0, Workers: 4
[5.939s][debug][gc,phases      ] GC(9)     Dead                           Min: 0, Avg:  0.0, Max: 0, Diff: 0, Sum: 0, Workers: 4
[5.939s][debug][gc,phases      ] GC(9)     Total                          Min: 0, Avg:  2.0, Max: 5, Diff: 5, Sum: 8, Workers: 4
[5.939s][debug][gc,phases      ] GC(9)   StringDedup Table Weak         Min:  0.0, Avg:  0.0, Max:  0.0, Diff:  0.0, Sum:  0.0, Workers: 4
[5.939s][debug][gc,phases      ] GC(9)     Dead                           Min: 0, Avg:  0.0, Max: 0, Diff: 0, Sum: 0, Workers: 4
[5.939s][debug][gc,phases      ] GC(9)     Total                          Min: 0, Avg:  0.0, Max: 0, Diff: 0, Sum: 0, Workers: 4
[5.939s][debug][gc,phases      ] GC(9)   StringDedup Requests0 Weak     Min:  0.0, Avg:  0.0, Max:  0.0, Diff:  0.0, Sum:  0.0, Workers: 4
[5.939s][debug][gc,phases      ] GC(9)     Dead                           Min: 0, Avg:  0.0, Max: 0, Diff: 0, Sum: 0, Workers: 4
[5.939s][debug][gc,phases      ] GC(9)     Total                          Min: 0, Avg:  0.0, Max: 0, Diff: 0, Sum: 0, Workers: 4
[5.939s][debug][gc,phases      ] GC(9)   StringDedup Requests1 Weak     Min:  0.0, Avg:  0.0, Max:  0.0, Diff:  0.0, Sum:  0.0, Workers: 4
[5.939s][debug][gc,phases      ] GC(9)     Dead                           Min: 0, Avg:  0.0, Max: 0, Diff: 0, Sum: 0, Workers: 4
[5.939s][debug][gc,phases      ] GC(9)     Total                          Min: 0, Avg:  0.0, Max: 0, Diff: 0, Sum: 0, Workers: 4
[5.939s][debug][gc,phases      ] GC(9)   Weak JFR Old Object Samples    Min:  0.0, Avg:  0.0, Max:  0.0, Diff:  0.0, Sum:  0.0, Workers: 4
[5.939s][debug][gc,phases      ] GC(9)     Dead                           Min: 0, Avg:  0.0, Max: 0, Diff: 0, Sum: 0, Workers: 4
[5.939s][debug][gc,phases      ] GC(9)     Total                          Min: 0, Avg:  0.0, Max: 0, Diff: 0, Sum: 0, Workers: 4
[5.939s][debug][gc,phases      ] GC(9) Weak Processing 0.326ms
[5.940s][debug][gc,phases      ] GC(9) ClassLoaderData 0.163ms
[5.940s][debug][gc,phases      ] GC(9) Trigger cleanups 0.009ms
[5.951s][debug][gc,phases      ] GC(9) Class Unloading 11.138ms
[5.951s][info ][gc,phases      ] GC(9) Marking Phase 85.758ms
[5.951s][info ][gc,phases,start] GC(9) Summary Phase
[5.951s][info ][gc,phases      ] GC(9) Summary Phase 0.010ms
[5.951s][info ][gc,phases,start] GC(9) Adjust Roots
[5.960s][info ][gc,phases      ] GC(9) Adjust Roots 9.060ms
[5.960s][info ][gc,phases,start] GC(9) Compaction Phase
[6.756s][info ][gc,phases      ] GC(9) Compaction Phase 796.765ms
[6.756s][info ][gc,phases,start] GC(9) Post Compact
[6.758s][info ][gc,phases      ] GC(9) Post Compact 1.041ms
[6.758s][info ][gc,heap        ] GC(9) PSYoungGen: 148617K(1822720K)->148330K(1822720K) Eden: 0K(1548288K)->0K(1548288K) From: 148617K(274432K)->148330K(274432K)
[6.758s][info ][gc,heap        ] GC(9) ParOldGen: 61379K(61440K)->61098K(99328K)
[6.758s][info ][gc,metaspace   ] GC(9) Metaspace: 57004K(57536K)->56993K(57536K) NonClass: 48536K(48832K)->48528K(48832K) Class: 8468K(8704K)->8465K(8704K)
[6.758s][info ][gc             ] GC(9) Pause Full (Ergonomics) 205M->204M(1877M) 892.838ms
[6.758s][info ][gc,cpu         ] GC(9) User=2.07s Sys=0.01s Real=0.89s
[6.758s][info ][safepoint      ] Safepoint "ParallelGCFailedAllocation", Time since last: 411786606 ns, Reaching safepoint: 212207 ns, At safepoint: 976978998 ns, Total: 977191205 ns
[7.078s][info ][safepoint      ] Safepoint "ICBufferFull", Time since last: 317678843 ns, Reaching safepoint: 2313573 ns, At safepoint: 53801 ns, Total: 2367374 ns
[7.181s][info ][gc,start       ] GC(10) Pause Young (Allocation Failure)
[7.293s][debug][gc,phases      ] GC(10) Scavenge 111.980ms
[7.293s][debug][gc,ref         ] GC(10) Skipped phase 1 of Reference Processing: no references
[7.293s][debug][gc,ref         ] GC(10) ReferenceProcessor::execute queues: 1, RefProcThreadModel::Single, marks_oops_alive: false
[7.293s][debug][gc,ref         ] GC(10) Skipped phase 3 of Reference Processing: no references
[7.293s][debug][gc,ref         ] GC(10) ReferenceProcessor::execute queues: 1, RefProcThreadModel::Single, marks_oops_alive: false
[7.293s][debug][gc,phases      ] GC(10) Reference Processing 0.126ms
[7.293s][debug][gc,phases      ] GC(10)   VM Weak                        Min:  0.0, Avg:  0.0, Max:  0.0, Diff:  0.0, Sum:  0.0, Workers: 4
[7.293s][debug][gc,phases      ] GC(10)     Dead                           Min: 0, Avg:  0.0, Max: 0, Diff: 0, Sum: 0, Workers: 4
[7.293s][debug][gc,phases      ] GC(10)     Total                          Min: 0, Avg: 104.0, Max: 294, Diff: 294, Sum: 416, Workers: 4
[7.293s][debug][gc,phases      ] GC(10)   ObjectSynchronizer Weak        Min:  0.0, Avg:  0.0, Max:  0.0, Diff:  0.0, Sum:  0.0, Workers: 4
[7.293s][debug][gc,phases      ] GC(10)     Dead                           Min: 0, Avg:  0.0, Max: 0, Diff: 0, Sum: 0, Workers: 4
[7.293s][debug][gc,phases      ] GC(10)     Total                          Min: 0, Avg: 112.0, Max: 192, Diff: 192, Sum: 448, Workers: 4
[7.293s][debug][gc,phases      ] GC(10)   JVMTI Tag Weak OopStorage      Min:  0.0, Avg:  0.0, Max:  0.0, Diff:  0.0, Sum:  0.0, Workers: 4
[7.293s][debug][gc,phases      ] GC(10)     Dead                           Min: 0, Avg:  0.0, Max: 0, Diff: 0, Sum: 0, Workers: 4
[7.293s][debug][gc,phases      ] GC(10)     Total                          Min: 0, Avg:  0.0, Max: 0, Diff: 0, Sum: 0, Workers: 4
[7.293s][debug][gc,phases      ] GC(10)   StringTable Weak               Min:  0.2, Avg:  0.2, Max:  0.2, Diff:  0.0, Sum:  0.8, Workers: 4
[7.293s][debug][gc,phases      ] GC(10)     Dead                           Min: 0, Avg:  3.5, Max: 12, Diff: 12, Sum: 14, Workers: 4
[7.293s][debug][gc,phases      ] GC(10)     Total                          Min: 8064, Avg: 9857.8, Max: 11584, Diff: 3520, Sum: 39431, Workers: 4
[7.293s][debug][gc,phases      ] GC(10)   ResolvedMethodTable Weak       Min:  0.0, Avg:  0.0, Max:  0.0, Diff:  0.0, Sum:  0.2, Workers: 4
[7.293s][debug][gc,phases      ] GC(10)     Dead                           Min: 0, Avg:  4.5, Max: 12, Diff: 12, Sum: 18, Workers: 4
[7.293s][debug][gc,phases      ] GC(10)     Total                          Min: 896, Avg: 1451.2, Max: 1901, Diff: 1005, Sum: 5805, Workers: 4
[7.293s][debug][gc,phases      ] GC(10)   JNI Weak                       Min:  0.0, Avg:  0.0, Max:  0.0, Diff:  0.0, Sum:  0.0, Workers: 4
[7.293s][debug][gc,phases      ] GC(10)     Dead                           Min: 0, Avg:  0.0, Max: 0, Diff: 0, Sum: 0, Workers: 4
[7.293s][debug][gc,phases      ] GC(10)     Total                          Min: 0, Avg:  2.8, Max: 11, Diff: 11, Sum: 11, Workers: 4
[7.293s][debug][gc,phases      ] GC(10)   StringDedup Table Weak         Min:  0.0, Avg:  0.0, Max:  0.0, Diff:  0.0, Sum:  0.0, Workers: 4
[7.293s][debug][gc,phases      ] GC(10)     Dead                           Min: 0, Avg:  0.0, Max: 0, Diff: 0, Sum: 0, Workers: 4
[7.293s][debug][gc,phases      ] GC(10)     Total                          Min: 0, Avg:  0.0, Max: 0, Diff: 0, Sum: 0, Workers: 4
[7.293s][debug][gc,phases      ] GC(10)   StringDedup Requests0 Weak     Min:  0.0, Avg:  0.0, Max:  0.0, Diff:  0.0, Sum:  0.0, Workers: 4
[7.293s][debug][gc,phases      ] GC(10)     Dead                           Min: 0, Avg:  0.0, Max: 0, Diff: 0, Sum: 0, Workers: 4
[7.293s][debug][gc,phases      ] GC(10)     Total                          Min: 0, Avg:  0.0, Max: 0, Diff: 0, Sum: 0, Workers: 4
[7.293s][debug][gc,phases      ] GC(10)   StringDedup Requests1 Weak     Min:  0.0, Avg:  0.0, Max:  0.0, Diff:  0.0, Sum:  0.0, Workers: 4
[7.293s][debug][gc,phases      ] GC(10)     Dead                           Min: 0, Avg:  0.0, Max: 0, Diff: 0, Sum: 0, Workers: 4
[7.293s][debug][gc,phases      ] GC(10)     Total                          Min: 0, Avg:  0.0, Max: 0, Diff: 0, Sum: 0, Workers: 4
[7.293s][debug][gc,phases      ] GC(10)   Weak JFR Old Object Samples    Min:  0.0, Avg:  0.0, Max:  0.0, Diff:  0.0, Sum:  0.0, Workers: 4
[7.293s][debug][gc,phases      ] GC(10)     Dead                           Min: 0, Avg:  0.0, Max: 0, Diff: 0, Sum: 0, Workers: 4
[7.293s][debug][gc,phases      ] GC(10)     Total                          Min: 0, Avg:  0.0, Max: 0, Diff: 0, Sum: 0, Workers: 4
[7.293s][debug][gc,phases      ] GC(10) Weak Processing 0.458ms
[7.293s][debug][gc,age         ] GC(10) Desired survivor size 272105472 bytes, new threshold 5 (max threshold 15)
[7.293s][info ][gc,heap        ] GC(10) PSYoungGen: 1696618K(1822720K)->41101K(1829376K) Eden: 1548288K(1548288K)->0K(1565696K) From: 148330K(274432K)->41101K(263680K)
[7.293s][info ][gc,heap        ] GC(10) ParOldGen: 61098K(99328K)->178053K(178176K)
[7.293s][info ][gc,metaspace   ] GC(10) Metaspace: 57603K(58240K)->57603K(58240K) NonClass: 49045K(49408K)->49045K(49408K) Class: 8557K(8832K)->8557K(8832K)
[7.293s][info ][gc             ] GC(10) Pause Young (Allocation Failure) 1716M->214M(1960M) 112.711ms
[7.293s][info ][gc,cpu         ] GC(10) User=0.44s Sys=0.01s Real=0.12s
[7.293s][debug][gc,phases      ] GC(11) Pre Compact 0.010ms
[7.293s][info ][gc,start       ] GC(11) Pause Full (Ergonomics)
[7.293s][info ][gc,phases,start] GC(11) Marking Phase
[7.377s][debug][gc,phases      ] GC(11) Par Mark 83.423ms
[7.377s][debug][gc,ref         ] GC(11) Skipped phase 1 of Reference Processing: no references
[7.377s][debug][gc,ref         ] GC(11) ReferenceProcessor::execute queues: 4, RefProcThreadModel::Multi, marks_oops_alive: false
[7.377s][debug][gc,ref         ] GC(11) Skipped phase 3 of Reference Processing: no references
[7.377s][debug][gc,ref         ] GC(11) ReferenceProcessor::execute queues: 1, RefProcThreadModel::Single, marks_oops_alive: false
[7.377s][debug][gc,phases      ] GC(11) Reference Processing 0.353ms
[7.378s][debug][gc,phases      ] GC(11)   VM Weak                        Min:  0.0, Avg:  0.0, Max:  0.0, Diff:  0.0, Sum:  0.0, Workers: 4
[7.378s][debug][gc,phases      ] GC(11)     Dead                           Min: 0, Avg:  0.0, Max: 0, Diff: 0, Sum: 0, Workers: 4
[7.378s][debug][gc,phases      ] GC(11)     Total                          Min: 0, Avg: 104.0, Max: 378, Diff: 378, Sum: 416, Workers: 4
[7.378s][debug][gc,phases      ] GC(11)   ObjectSynchronizer Weak        Min:  0.0, Avg:  0.0, Max:  0.0, Diff:  0.0, Sum:  0.0, Workers: 4
[7.378s][debug][gc,phases      ] GC(11)     Dead                           Min: 0, Avg:  0.0, Max: 0, Diff: 0, Sum: 0, Workers: 4
[7.378s][debug][gc,phases      ] GC(11)     Total                          Min: 0, Avg: 112.0, Max: 256, Diff: 256, Sum: 448, Workers: 4
[7.378s][debug][gc,phases      ] GC(11)   JVMTI Tag Weak OopStorage      Min:  0.0, Avg:  0.0, Max:  0.0, Diff:  0.0, Sum:  0.0, Workers: 4
[7.378s][debug][gc,phases      ] GC(11)     Dead                           Min: 0, Avg:  0.0, Max: 0, Diff: 0, Sum: 0, Workers: 4
[7.378s][debug][gc,phases      ] GC(11)     Total                          Min: 0, Avg:  0.0, Max: 0, Diff: 0, Sum: 0, Workers: 4
[7.378s][debug][gc,phases      ] GC(11)   StringTable Weak               Min:  0.1, Avg:  0.1, Max:  0.1, Diff:  0.0, Sum:  0.5, Workers: 4
[7.378s][debug][gc,phases      ] GC(11)     Dead                           Min: 0, Avg:  0.0, Max: 0, Diff: 0, Sum: 0, Workers: 4
[7.378s][debug][gc,phases      ] GC(11)     Total                          Min: 8832, Avg: 9857.8, Max: 11136, Diff: 2304, Sum: 39431, Workers: 4
[7.378s][debug][gc,phases      ] GC(11)   ResolvedMethodTable Weak       Min:  0.0, Avg:  0.0, Max:  0.0, Diff:  0.0, Sum:  0.1, Workers: 4
[7.378s][debug][gc,phases      ] GC(11)     Dead                           Min: 0, Avg:  0.0, Max: 0, Diff: 0, Sum: 0, Workers: 4
[7.378s][debug][gc,phases      ] GC(11)     Total                          Min: 1325, Avg: 1451.2, Max: 1600, Diff: 275, Sum: 5805, Workers: 4
[7.378s][debug][gc,phases      ] GC(11)   JNI Weak                       Min:  0.0, Avg:  0.0, Max:  0.0, Diff:  0.0, Sum:  0.0, Workers: 4
[7.378s][debug][gc,phases      ] GC(11)     Dead                           Min: 0, Avg:  0.0, Max: 0, Diff: 0, Sum: 0, Workers: 4
[7.378s][debug][gc,phases      ] GC(11)     Total                          Min: 0, Avg:  2.8, Max: 7, Diff: 7, Sum: 11, Workers: 4
[7.378s][debug][gc,phases      ] GC(11)   StringDedup Table Weak         Min:  0.0, Avg:  0.0, Max:  0.0, Diff:  0.0, Sum:  0.0, Workers: 4
[7.378s][debug][gc,phases      ] GC(11)     Dead                           Min: 0, Avg:  0.0, Max: 0, Diff: 0, Sum: 0, Workers: 4
[7.378s][debug][gc,phases      ] GC(11)     Total                          Min: 0, Avg:  0.0, Max: 0, Diff: 0, Sum: 0, Workers: 4
[7.378s][debug][gc,phases      ] GC(11)   StringDedup Requests0 Weak     Min:  0.0, Avg:  0.0, Max:  0.0, Diff:  0.0, Sum:  0.0, Workers: 4
[7.378s][debug][gc,phases      ] GC(11)     Dead                           Min: 0, Avg:  0.0, Max: 0, Diff: 0, Sum: 0, Workers: 4
[7.378s][debug][gc,phases      ] GC(11)     Total                          Min: 0, Avg:  0.0, Max: 0, Diff: 0, Sum: 0, Workers: 4
[7.378s][debug][gc,phases      ] GC(11)   StringDedup Requests1 Weak     Min:  0.0, Avg:  0.0, Max:  0.0, Diff:  0.0, Sum:  0.0, Workers: 4
[7.378s][debug][gc,phases      ] GC(11)     Dead                           Min: 0, Avg:  0.0, Max: 0, Diff: 0, Sum: 0, Workers: 4
[7.378s][debug][gc,phases      ] GC(11)     Total                          Min: 0, Avg:  0.0, Max: 0, Diff: 0, Sum: 0, Workers: 4
[7.378s][debug][gc,phases      ] GC(11)   Weak JFR Old Object Samples    Min:  0.0, Avg:  0.0, Max:  0.0, Diff:  0.0, Sum:  0.0, Workers: 4
[7.378s][debug][gc,phases      ] GC(11)     Dead                           Min: 0, Avg:  0.0, Max: 0, Diff: 0, Sum: 0, Workers: 4
[7.378s][debug][gc,phases      ] GC(11)     Total                          Min: 0, Avg:  0.0, Max: 0, Diff: 0, Sum: 0, Workers: 4
[7.378s][debug][gc,phases      ] GC(11) Weak Processing 0.345ms
[7.378s][debug][gc,phases      ] GC(11) ClassLoaderData 0.056ms
[7.378s][debug][gc,phases      ] GC(11) Trigger cleanups 0.000ms
[7.384s][debug][gc,phases      ] GC(11) Class Unloading 5.999ms
[7.384s][info ][gc,phases      ] GC(11) Marking Phase 90.255ms
[7.384s][info ][gc,phases,start] GC(11) Summary Phase
[7.384s][info ][gc,phases      ] GC(11) Summary Phase 0.008ms
[7.384s][info ][gc,phases,start] GC(11) Adjust Roots
[7.390s][info ][gc,phases      ] GC(11) Adjust Roots 6.440ms
[7.390s][info ][gc,phases,start] GC(11) Compaction Phase
[7.727s][info ][gc,phases      ] GC(11) Compaction Phase 336.929ms
[7.727s][info ][gc,phases,start] GC(11) Post Compact
[7.728s][info ][gc,phases      ] GC(11) Post Compact 0.600ms
[7.728s][info ][gc,heap        ] GC(11) PSYoungGen: 41101K(1829376K)->40453K(1829376K) Eden: 0K(1565696K)->0K(1565696K) From: 41101K(263680K)->40453K(263680K)
[7.728s][info ][gc,heap        ] GC(11) ParOldGen: 178053K(178176K)->177915K(269312K)
[7.728s][info ][gc,metaspace   ] GC(11) Metaspace: 57603K(58240K)->57603K(58240K) NonClass: 49045K(49408K)->49045K(49408K) Class: 8557K(8832K)->8557K(8832K)
[7.728s][info ][gc             ] GC(11) Pause Full (Ergonomics) 214M->213M(2049M) 434.472ms
[7.728s][info ][gc,cpu         ] GC(11) User=1.34s Sys=0.02s Real=0.43s
[7.730s][info ][safepoint      ] Safepoint "ParallelGCFailedAllocation", Time since last: 102477507 ns, Reaching safepoint: 349411 ns, At safepoint: 549524094 ns, Total: 549873505 ns
[8.019s][info ][gc,start       ] GC(12) Pause Young (Allocation Failure)
[8.054s][debug][gc,phases      ] GC(12) Scavenge 35.008ms
[8.054s][debug][gc,ref         ] GC(12) Skipped phase 1 of Reference Processing: no references
[8.054s][debug][gc,ref         ] GC(12) ReferenceProcessor::execute queues: 1, RefProcThreadModel::Single, marks_oops_alive: false
[8.054s][debug][gc,ref         ] GC(12) Skipped phase 3 of Reference Processing: no references
[8.054s][debug][gc,ref         ] GC(12) ReferenceProcessor::execute queues: 1, RefProcThreadModel::Single, marks_oops_alive: false
[8.054s][debug][gc,phases      ] GC(12) Reference Processing 0.206ms
[8.055s][debug][gc,phases      ] GC(12)   VM Weak                        Min:  0.0, Avg:  0.0, Max:  0.0, Diff:  0.0, Sum:  0.0, Workers: 4
[8.055s][debug][gc,phases      ] GC(12)     Dead                           Min: 0, Avg:  0.0, Max: 0, Diff: 0, Sum: 0, Workers: 4
[8.055s][debug][gc,phases      ] GC(12)     Total                          Min: 0, Avg: 104.8, Max: 314, Diff: 314, Sum: 419, Workers: 4
[8.055s][debug][gc,phases      ] GC(12)   ObjectSynchronizer Weak        Min:  0.0, Avg:  0.0, Max:  0.0, Diff:  0.0, Sum:  0.0, Workers: 4
[8.055s][debug][gc,phases      ] GC(12)     Dead                           Min: 0, Avg:  0.0, Max: 0, Diff: 0, Sum: 0, Workers: 4
[8.055s][debug][gc,phases      ] GC(12)     Total                          Min: 0, Avg: 112.0, Max: 192, Diff: 192, Sum: 448, Workers: 4
[8.055s][debug][gc,phases      ] GC(12)   JVMTI Tag Weak OopStorage      Min:  0.0, Avg:  0.0, Max:  0.0, Diff:  0.0, Sum:  0.0, Workers: 4
[8.055s][debug][gc,phases      ] GC(12)     Dead                           Min: 0, Avg:  0.0, Max: 0, Diff: 0, Sum: 0, Workers: 4
[8.055s][debug][gc,phases      ] GC(12)     Total                          Min: 0, Avg:  0.0, Max: 0, Diff: 0, Sum: 0, Workers: 4
[8.055s][debug][gc,phases      ] GC(12)   StringTable Weak               Min:  0.1, Avg:  0.1, Max:  0.1, Diff:  0.0, Sum:  0.4, Workers: 4
[8.055s][debug][gc,phases      ] GC(12)     Dead                           Min: 0, Avg:  3.5, Max: 13, Diff: 13, Sum: 14, Workers: 4
[8.055s][debug][gc,phases      ] GC(12)     Total                          Min: 9277, Avg: 9887.0, Max: 10751, Diff: 1474, Sum: 39548, Workers: 4
[8.055s][debug][gc,phases      ] GC(12)   ResolvedMethodTable Weak       Min:  0.0, Avg:  0.0, Max:  0.0, Diff:  0.0, Sum:  0.1, Workers: 4
[8.055s][debug][gc,phases      ] GC(12)     Dead                           Min: 0, Avg:  3.8, Max: 13, Diff: 13, Sum: 15, Workers: 4
[8.055s][debug][gc,phases      ] GC(12)     Total                          Min: 1152, Avg: 1469.8, Max: 1664, Diff: 512, Sum: 5879, Workers: 4
[8.055s][debug][gc,phases      ] GC(12)   JNI Weak                       Min:  0.0, Avg:  0.0, Max:  0.0, Diff:  0.0, Sum:  0.0, Workers: 4
[8.055s][debug][gc,phases      ] GC(12)     Dead                           Min: 0, Avg:  0.0, Max: 0, Diff: 0, Sum: 0, Workers: 4
[8.055s][debug][gc,phases      ] GC(12)     Total                          Min: 0, Avg:  4.2, Max: 13, Diff: 13, Sum: 17, Workers: 4
[8.055s][debug][gc,phases      ] GC(12)   StringDedup Table Weak         Min:  0.0, Avg:  0.0, Max:  0.0, Diff:  0.0, Sum:  0.0, Workers: 4
[8.055s][debug][gc,phases      ] GC(12)     Dead                           Min: 0, Avg:  0.0, Max: 0, Diff: 0, Sum: 0, Workers: 4
[8.055s][debug][gc,phases      ] GC(12)     Total                          Min: 0, Avg:  0.0, Max: 0, Diff: 0, Sum: 0, Workers: 4
[8.055s][debug][gc,phases      ] GC(12)   StringDedup Requests0 Weak     Min:  0.0, Avg:  0.0, Max:  0.0, Diff:  0.0, Sum:  0.0, Workers: 4
[8.055s][debug][gc,phases      ] GC(12)     Dead                           Min: 0, Avg:  0.0, Max: 0, Diff: 0, Sum: 0, Workers: 4
[8.055s][debug][gc,phases      ] GC(12)     Total                          Min: 0, Avg:  0.0, Max: 0, Diff: 0, Sum: 0, Workers: 4
[8.055s][debug][gc,phases      ] GC(12)   StringDedup Requests1 Weak     Min:  0.0, Avg:  0.0, Max:  0.0, Diff:  0.0, Sum:  0.0, Workers: 4
[8.055s][debug][gc,phases      ] GC(12)     Dead                           Min: 0, Avg:  0.0, Max: 0, Diff: 0, Sum: 0, Workers: 4
[8.055s][debug][gc,phases      ] GC(12)     Total                          Min: 0, Avg:  0.0, Max: 0, Diff: 0, Sum: 0, Workers: 4
[8.055s][debug][gc,phases      ] GC(12)   Weak JFR Old Object Samples    Min:  0.0, Avg:  0.0, Max:  0.0, Diff:  0.0, Sum:  0.0, Workers: 4
[8.055s][debug][gc,phases      ] GC(12)     Dead                           Min: 0, Avg:  0.0, Max: 0, Diff: 0, Sum: 0, Workers: 4
[8.055s][debug][gc,phases      ] GC(12)     Total                          Min: 0, Avg:  0.0, Max: 0, Diff: 0, Sum: 0, Workers: 4
[8.055s][debug][gc,phases      ] GC(12) Weak Processing 0.328ms
[8.055s][debug][gc,age         ] GC(12) Desired survivor size 271056896 bytes, new threshold 6 (max threshold 15)
[8.055s][info ][gc,heap        ] GC(12) PSYoungGen: 1606149K(1829376K)->41953K(1831424K) Eden: 1565696K(1565696K)->0K(1565696K) From: 40453K(263680K)->41953K(265728K)
[8.055s][info ][gc,heap        ] GC(12) ParOldGen: 177915K(269312K)->177923K(269312K)
[8.055s][info ][gc,metaspace   ] GC(12) Metaspace: 57855K(58432K)->57855K(58432K) NonClass: 49264K(49600K)->49264K(49600K) Class: 8590K(8832K)->8590K(8832K)
[8.055s][info ][gc             ] GC(12) Pause Young (Allocation Failure) 1742M->214M(2051M) 35.689ms
[8.055s][info ][gc,cpu         ] GC(12) User=0.14s Sys=0.01s Real=0.04s
[8.055s][info ][safepoint      ] Safepoint "ParallelGCFailedAllocation", Time since last: 288704630 ns, Reaching safepoint: 171006 ns, At safepoint: 35807319 ns, Total: 35978325 ns
[8.385s][info ][gc,start       ] GC(13) Pause Young (Allocation Failure)
[8.398s][debug][gc,phases      ] GC(13) Scavenge 12.853ms
[8.398s][debug][gc,ref         ] GC(13) Skipped phase 1 of Reference Processing: no references
[8.398s][debug][gc,ref         ] GC(13) ReferenceProcessor::execute queues: 1, RefProcThreadModel::Single, marks_oops_alive: false
[8.398s][debug][gc,ref         ] GC(13) Skipped phase 3 of Reference Processing: no references
[8.398s][debug][gc,ref         ] GC(13) ReferenceProcessor::execute queues: 1, RefProcThreadModel::Single, marks_oops_alive: false
[8.398s][debug][gc,phases      ] GC(13) Reference Processing 0.186ms
[8.398s][debug][gc,phases      ] GC(13)   VM Weak                        Min:  0.0, Avg:  0.0, Max:  0.0, Diff:  0.0, Sum:  0.0, Workers: 4
[8.398s][debug][gc,phases      ] GC(13)     Dead                           Min: 0, Avg:  0.0, Max: 0, Diff: 0, Sum: 0, Workers: 4
[8.398s][debug][gc,phases      ] GC(13)     Total                          Min: 0, Avg: 107.2, Max: 250, Diff: 250, Sum: 429, Workers: 4
[8.398s][debug][gc,phases      ] GC(13)   ObjectSynchronizer Weak        Min:  0.0, Avg:  0.0, Max:  0.0, Diff:  0.0, Sum:  0.0, Workers: 4
[8.398s][debug][gc,phases      ] GC(13)     Dead                           Min: 0, Avg:  0.0, Max: 0, Diff: 0, Sum: 0, Workers: 4
[8.398s][debug][gc,phases      ] GC(13)     Total                          Min: 0, Avg: 112.0, Max: 192, Diff: 192, Sum: 448, Workers: 4
[8.398s][debug][gc,phases      ] GC(13)   JVMTI Tag Weak OopStorage      Min:  0.0, Avg:  0.0, Max:  0.0, Diff:  0.0, Sum:  0.0, Workers: 4
[8.398s][debug][gc,phases      ] GC(13)     Dead                           Min: 0, Avg:  0.0, Max: 0, Diff: 0, Sum: 0, Workers: 4
[8.398s][debug][gc,phases      ] GC(13)     Total                          Min: 0, Avg:  0.0, Max: 0, Diff: 0, Sum: 0, Workers: 4
[8.398s][debug][gc,phases      ] GC(13)   StringTable Weak               Min:  0.1, Avg:  0.1, Max:  0.1, Diff:  0.0, Sum:  0.5, Workers: 4
[8.398s][debug][gc,phases      ] GC(13)     Dead                           Min: 0, Avg:  3.5, Max: 13, Diff: 13, Sum: 14, Workers: 4
[8.398s][debug][gc,phases      ] GC(13)     Total                          Min: 8768, Avg: 9953.5, Max: 10950, Diff: 2182, Sum: 39814, Workers: 4
[8.398s][debug][gc,phases      ] GC(13)   ResolvedMethodTable Weak       Min:  0.0, Avg:  0.0, Max:  0.0, Diff:  0.0, Sum:  0.1, Workers: 4
[8.398s][debug][gc,phases      ] GC(13)     Dead                           Min: 0, Avg:  2.2, Max: 9, Diff: 9, Sum: 9, Workers: 4
[8.398s][debug][gc,phases      ] GC(13)     Total                          Min: 1216, Avg: 1491.8, Max: 1728, Diff: 512, Sum: 5967, Workers: 4
[8.398s][debug][gc,phases      ] GC(13)   JNI Weak                       Min:  0.0, Avg:  0.0, Max:  0.0, Diff:  0.0, Sum:  0.0, Workers: 4
[8.398s][debug][gc,phases      ] GC(13)     Dead                           Min: 0, Avg:  0.0, Max: 0, Diff: 0, Sum: 0, Workers: 4
[8.398s][debug][gc,phases      ] GC(13)     Total                          Min: 0, Avg:  5.0, Max: 16, Diff: 16, Sum: 20, Workers: 4
[8.398s][debug][gc,phases      ] GC(13)   StringDedup Table Weak         Min:  0.0, Avg:  0.0, Max:  0.0, Diff:  0.0, Sum:  0.0, Workers: 4
[8.398s][debug][gc,phases      ] GC(13)     Dead                           Min: 0, Avg:  0.0, Max: 0, Diff: 0, Sum: 0, Workers: 4
[8.398s][debug][gc,phases      ] GC(13)     Total                          Min: 0, Avg:  0.0, Max: 0, Diff: 0, Sum: 0, Workers: 4
[8.398s][debug][gc,phases      ] GC(13)   StringDedup Requests0 Weak     Min:  0.0, Avg:  0.0, Max:  0.0, Diff:  0.0, Sum:  0.0, Workers: 4
[8.398s][debug][gc,phases      ] GC(13)     Dead                           Min: 0, Avg:  0.0, Max: 0, Diff: 0, Sum: 0, Workers: 4
[8.398s][debug][gc,phases      ] GC(13)     Total                          Min: 0, Avg:  0.0, Max: 0, Diff: 0, Sum: 0, Workers: 4
[8.398s][debug][gc,phases      ] GC(13)   StringDedup Requests1 Weak     Min:  0.0, Avg:  0.0, Max:  0.0, Diff:  0.0, Sum:  0.0, Workers: 4
[8.398s][debug][gc,phases      ] GC(13)     Dead                           Min: 0, Avg:  0.0, Max: 0, Diff: 0, Sum: 0, Workers: 4
[8.398s][debug][gc,phases      ] GC(13)     Total                          Min: 0, Avg:  0.0, Max: 0, Diff: 0, Sum: 0, Workers: 4
[8.398s][debug][gc,phases      ] GC(13)   Weak JFR Old Object Samples    Min:  0.0, Avg:  0.0, Max:  0.0, Diff:  0.0, Sum:  0.0, Workers: 4
[8.398s][debug][gc,phases      ] GC(13)     Dead                           Min: 0, Avg:  0.0, Max: 0, Diff: 0, Sum: 0, Workers: 4
[8.398s][debug][gc,phases      ] GC(13)     Total                          Min: 0, Avg:  0.0, Max: 0, Diff: 0, Sum: 0, Workers: 4
[8.398s][debug][gc,phases      ] GC(13) Weak Processing 0.345ms
[8.398s][debug][gc,age         ] GC(13) Desired survivor size 268959744 bytes, new threshold 7 (max threshold 15)
[8.398s][info ][gc,heap        ] GC(13) PSYoungGen: 1607649K(1831424K)->32893K(1834496K) Eden: 1565696K(1565696K)->0K(1569792K) From: 41953K(265728K)->32893K(264704K)
[8.398s][info ][gc,heap        ] GC(13) ParOldGen: 177923K(269312K)->177931K(269312K)
[8.398s][info ][gc,metaspace   ] GC(13) Metaspace: 58739K(59264K)->58739K(59264K) NonClass: 50027K(50304K)->50027K(50304K) Class: 8712K(8960K)->8712K(8960K)
[8.398s][info ][gc             ] GC(13) Pause Young (Allocation Failure) 1743M->205M(2054M) 13.524ms
[8.398s][info ][gc,cpu         ] GC(13) User=0.06s Sys=0.00s Real=0.01s
[8.398s][info ][safepoint      ] Safepoint "ParallelGCFailedAllocation", Time since last: 329627305 ns, Reaching safepoint: 259408 ns, At safepoint: 13659928 ns, Total: 13919336 ns
[8.738s][info ][safepoint      ] Safepoint "ICBufferFull", Time since last: 339564815 ns, Reaching safepoint: 255008 ns, At safepoint: 28801 ns, Total: 283809 ns
[8.753s][info ][gc,start       ] GC(14) Pause Young (Allocation Failure)
[8.767s][debug][gc,phases      ] GC(14) Scavenge 13.492ms
[8.767s][debug][gc,ref         ] GC(14) Skipped phase 1 of Reference Processing: no references
[8.767s][debug][gc,ref         ] GC(14) ReferenceProcessor::execute queues: 1, RefProcThreadModel::Single, marks_oops_alive: false
[8.767s][debug][gc,ref         ] GC(14) Skipped phase 3 of Reference Processing: no references
[8.767s][debug][gc,ref         ] GC(14) ReferenceProcessor::execute queues: 1, RefProcThreadModel::Single, marks_oops_alive: false
[8.767s][debug][gc,phases      ] GC(14) Reference Processing 0.198ms
[8.767s][debug][gc,phases      ] GC(14)   VM Weak                        Min:  0.0, Avg:  0.0, Max:  0.0, Diff:  0.0, Sum:  0.0, Workers: 4
[8.767s][debug][gc,phases      ] GC(14)     Dead                           Min: 0, Avg:  0.0, Max: 0, Diff: 0, Sum: 0, Workers: 4
[8.767s][debug][gc,phases      ] GC(14)     Total                          Min: 0, Avg: 108.2, Max: 433, Diff: 433, Sum: 433, Workers: 4
[8.767s][debug][gc,phases      ] GC(14)   ObjectSynchronizer Weak        Min:  0.0, Avg:  0.0, Max:  0.0, Diff:  0.0, Sum:  0.0, Workers: 4
[8.767s][debug][gc,phases      ] GC(14)     Dead                           Min: 0, Avg:  0.0, Max: 0, Diff: 0, Sum: 0, Workers: 4
[8.767s][debug][gc,phases      ] GC(14)     Total                          Min: 0, Avg: 112.0, Max: 256, Diff: 256, Sum: 448, Workers: 4
[8.767s][debug][gc,phases      ] GC(14)   JVMTI Tag Weak OopStorage      Min:  0.0, Avg:  0.0, Max:  0.0, Diff:  0.0, Sum:  0.0, Workers: 4
[8.767s][debug][gc,phases      ] GC(14)     Dead                           Min: 0, Avg:  0.0, Max: 0, Diff: 0, Sum: 0, Workers: 4
[8.767s][debug][gc,phases      ] GC(14)     Total                          Min: 0, Avg:  0.0, Max: 0, Diff: 0, Sum: 0, Workers: 4
[8.767s][debug][gc,phases      ] GC(14)   StringTable Weak               Min:  0.1, Avg:  0.1, Max:  0.1, Diff:  0.0, Sum:  0.4, Workers: 4
[8.768s][debug][gc,phases      ] GC(14)     Dead                           Min: 0, Avg:  3.0, Max: 12, Diff: 12, Sum: 12, Workers: 4
[8.768s][debug][gc,phases      ] GC(14)     Total                          Min: 8679, Avg: 9990.8, Max: 10932, Diff: 2253, Sum: 39963, Workers: 4
[8.768s][debug][gc,phases      ] GC(14)   ResolvedMethodTable Weak       Min:  0.0, Avg:  0.0, Max:  0.0, Diff:  0.0, Sum:  0.1, Workers: 4
[8.768s][debug][gc,phases      ] GC(14)     Dead                           Min: 0, Avg:  0.0, Max: 0, Diff: 0, Sum: 0, Workers: 4
[8.768s][debug][gc,phases      ] GC(14)     Total                          Min: 1216, Avg: 1496.8, Max: 1635, Diff: 419, Sum: 5987, Workers: 4
[8.768s][debug][gc,phases      ] GC(14)   JNI Weak                       Min:  0.0, Avg:  0.0, Max:  0.0, Diff:  0.0, Sum:  0.0, Workers: 4
[8.768s][debug][gc,phases      ] GC(14)     Dead                           Min: 0, Avg:  0.0, Max: 0, Diff: 0, Sum: 0, Workers: 4
[8.768s][debug][gc,phases      ] GC(14)     Total                          Min: 0, Avg:  8.0, Max: 28, Diff: 28, Sum: 32, Workers: 4
[8.768s][debug][gc,phases      ] GC(14)   StringDedup Table Weak         Min:  0.0, Avg:  0.0, Max:  0.0, Diff:  0.0, Sum:  0.0, Workers: 4
[8.768s][debug][gc,phases      ] GC(14)     Dead                           Min: 0, Avg:  0.0, Max: 0, Diff: 0, Sum: 0, Workers: 4
[8.768s][debug][gc,phases      ] GC(14)     Total                          Min: 0, Avg:  0.0, Max: 0, Diff: 0, Sum: 0, Workers: 4
[8.768s][debug][gc,phases      ] GC(14)   StringDedup Requests0 Weak     Min:  0.0, Avg:  0.0, Max:  0.0, Diff:  0.0, Sum:  0.0, Workers: 4
[8.768s][debug][gc,phases      ] GC(14)     Dead                           Min: 0, Avg:  0.0, Max: 0, Diff: 0, Sum: 0, Workers: 4
[8.768s][debug][gc,phases      ] GC(14)     Total                          Min: 0, Avg:  0.0, Max: 0, Diff: 0, Sum: 0, Workers: 4
[8.768s][debug][gc,phases      ] GC(14)   StringDedup Requests1 Weak     Min:  0.0, Avg:  0.0, Max:  0.0, Diff:  0.0, Sum:  0.0, Workers: 4
[8.768s][debug][gc,phases      ] GC(14)     Dead                           Min: 0, Avg:  0.0, Max: 0, Diff: 0, Sum: 0, Workers: 4
[8.768s][debug][gc,phases      ] GC(14)     Total                          Min: 0, Avg:  0.0, Max: 0, Diff: 0, Sum: 0, Workers: 4
[8.768s][debug][gc,phases      ] GC(14)   Weak JFR Old Object Samples    Min:  0.0, Avg:  0.0, Max:  0.0, Diff:  0.0, Sum:  0.0, Workers: 4
[8.768s][debug][gc,phases      ] GC(14)     Dead                           Min: 0, Avg:  0.0, Max: 0, Diff: 0, Sum: 0, Workers: 4
[8.768s][debug][gc,phases      ] GC(14)     Total                          Min: 0, Avg:  0.0, Max: 0, Diff: 0, Sum: 0, Workers: 4
[8.768s][debug][gc,phases      ] GC(14) Weak Processing 0.317ms
[8.768s][debug][gc,age         ] GC(14) Desired survivor size 265289728 bytes, new threshold 8 (max threshold 15)
[8.768s][info ][gc,heap        ] GC(14) PSYoungGen: 1602685K(1834496K)->33845K(1832448K) Eden: 1569792K(1569792K)->0K(1569792K) From: 32893K(264704K)->33845K(262656K)
[8.768s][info ][gc,heap        ] GC(14) ParOldGen: 177931K(269312K)->177939K(269312K)
[8.768s][info ][gc,metaspace   ] GC(14) Metaspace: 59117K(59712K)->59117K(59712K) NonClass: 50367K(50688K)->50367K(50688K) Class: 8749K(9024K)->8749K(9024K)
[8.768s][info ][gc             ] GC(14) Pause Young (Allocation Failure) 1738M->206M(2052M) 14.153ms
[8.768s][info ][gc,cpu         ] GC(14) User=0.06s Sys=0.00s Real=0.01s
[8.768s][info ][safepoint      ] Safepoint "ParallelGCFailedAllocation", Time since last: 15093972 ns, Reaching safepoint: 127804 ns, At safepoint: 14258746 ns, Total: 14386550 ns
[9.057s][info ][gc,start       ] GC(15) Pause Young (Allocation Failure)
[9.070s][debug][gc,phases      ] GC(15) Scavenge 12.762ms
[9.070s][debug][gc,ref         ] GC(15) Skipped phase 1 of Reference Processing: no references
[9.070s][debug][gc,ref         ] GC(15) ReferenceProcessor::execute queues: 1, RefProcThreadModel::Single, marks_oops_alive: false
[9.070s][debug][gc,ref         ] GC(15) Skipped phase 3 of Reference Processing: no references
[9.070s][debug][gc,ref         ] GC(15) Skipped phase 4 of Reference Processing: no references
[9.070s][debug][gc,phases      ] GC(15) Reference Processing 0.181ms
[9.070s][debug][gc,phases      ] GC(15)   VM Weak                        Min:  0.0, Avg:  0.0, Max:  0.0, Diff:  0.0, Sum:  0.0, Workers: 4
[9.070s][debug][gc,phases      ] GC(15)     Dead                           Min: 0, Avg:  0.0, Max: 0, Diff: 0, Sum: 0, Workers: 4
[9.070s][debug][gc,phases      ] GC(15)     Total                          Min: 0, Avg: 108.2, Max: 433, Diff: 433, Sum: 433, Workers: 4
[9.070s][debug][gc,phases      ] GC(15)   ObjectSynchronizer Weak        Min:  0.0, Avg:  0.0, Max:  0.0, Diff:  0.0, Sum:  0.0, Workers: 4
[9.070s][debug][gc,phases      ] GC(15)     Dead                           Min: 0, Avg:  0.0, Max: 0, Diff: 0, Sum: 0, Workers: 4
[9.070s][debug][gc,phases      ] GC(15)     Total                          Min: 0, Avg: 112.0, Max: 448, Diff: 448, Sum: 448, Workers: 4
[9.070s][debug][gc,phases      ] GC(15)   JVMTI Tag Weak OopStorage      Min:  0.0, Avg:  0.0, Max:  0.0, Diff:  0.0, Sum:  0.0, Workers: 4
[9.070s][debug][gc,phases      ] GC(15)     Dead                           Min: 0, Avg:  0.0, Max: 0, Diff: 0, Sum: 0, Workers: 4
[9.070s][debug][gc,phases      ] GC(15)     Total                          Min: 0, Avg:  0.0, Max: 0, Diff: 0, Sum: 0, Workers: 4
[9.070s][debug][gc,phases      ] GC(15)   StringTable Weak               Min:  0.1, Avg:  0.1, Max:  0.1, Diff:  0.0, Sum:  0.4, Workers: 4
[9.070s][debug][gc,phases      ] GC(15)     Dead                           Min: 0, Avg:  0.0, Max: 0, Diff: 0, Sum: 0, Workers: 4
[9.070s][debug][gc,phases      ] GC(15)     Total                          Min: 8884, Avg: 9991.5, Max: 10816, Diff: 1932, Sum: 39966, Workers: 4
[9.070s][debug][gc,phases      ] GC(15)   ResolvedMethodTable Weak       Min:  0.0, Avg:  0.0, Max:  0.0, Diff:  0.0, Sum:  0.1, Workers: 4
[9.070s][debug][gc,phases      ] GC(15)     Dead                           Min: 0, Avg:  0.0, Max: 0, Diff: 0, Sum: 0, Workers: 4
[9.070s][debug][gc,phases      ] GC(15)     Total                          Min: 1280, Avg: 1496.8, Max: 1600, Diff: 320, Sum: 5987, Workers: 4
[9.070s][debug][gc,phases      ] GC(15)   JNI Weak                       Min:  0.0, Avg:  0.0, Max:  0.0, Diff:  0.0, Sum:  0.0, Workers: 4
[9.070s][debug][gc,phases      ] GC(15)     Dead                           Min: 0, Avg:  0.0, Max: 0, Diff: 0, Sum: 0, Workers: 4
[9.070s][debug][gc,phases      ] GC(15)     Total                          Min: 0, Avg:  6.5, Max: 22, Diff: 22, Sum: 26, Workers: 4
[9.070s][debug][gc,phases      ] GC(15)   StringDedup Table Weak         Min:  0.0, Avg:  0.0, Max:  0.0, Diff:  0.0, Sum:  0.0, Workers: 4
[9.070s][debug][gc,phases      ] GC(15)     Dead                           Min: 0, Avg:  0.0, Max: 0, Diff: 0, Sum: 0, Workers: 4
[9.070s][debug][gc,phases      ] GC(15)     Total                          Min: 0, Avg:  0.0, Max: 0, Diff: 0, Sum: 0, Workers: 4
[9.070s][debug][gc,phases      ] GC(15)   StringDedup Requests0 Weak     Min:  0.0, Avg:  0.0, Max:  0.0, Diff:  0.0, Sum:  0.0, Workers: 4
[9.070s][debug][gc,phases      ] GC(15)     Dead                           Min: 0, Avg:  0.0, Max: 0, Diff: 0, Sum: 0, Workers: 4
[9.070s][debug][gc,phases      ] GC(15)     Total                          Min: 0, Avg:  0.0, Max: 0, Diff: 0, Sum: 0, Workers: 4
[9.070s][debug][gc,phases      ] GC(15)   StringDedup Requests1 Weak     Min:  0.0, Avg:  0.0, Max:  0.0, Diff:  0.0, Sum:  0.0, Workers: 4
[9.070s][debug][gc,phases      ] GC(15)     Dead                           Min: 0, Avg:  0.0, Max: 0, Diff: 0, Sum: 0, Workers: 4
[9.070s][debug][gc,phases      ] GC(15)     Total                          Min: 0, Avg:  0.0, Max: 0, Diff: 0, Sum: 0, Workers: 4
[9.070s][debug][gc,phases      ] GC(15)   Weak JFR Old Object Samples    Min:  0.0, Avg:  0.0, Max:  0.0, Diff:  0.0, Sum:  0.0, Workers: 4
[9.070s][debug][gc,phases      ] GC(15)     Dead                           Min: 0, Avg:  0.0, Max: 0, Diff: 0, Sum: 0, Workers: 4
[9.070s][debug][gc,phases      ] GC(15)     Total                          Min: 0, Avg:  0.0, Max: 0, Diff: 0, Sum: 0, Workers: 4
[9.070s][debug][gc,phases      ] GC(15) Weak Processing 0.324ms
[9.070s][debug][gc,age         ] GC(15) Desired survivor size 259522560 bytes, new threshold 9 (max threshold 15)
[9.070s][info ][gc,heap        ] GC(15) PSYoungGen: 1603637K(1832448K)->35413K(1843712K) Eden: 1569792K(1569792K)->0K(1584640K) From: 33845K(262656K)->35413K(259072K)
[9.070s][info ][gc,heap        ] GC(15) ParOldGen: 177939K(269312K)->177939K(269312K)
[9.070s][info ][gc,metaspace   ] GC(15) Metaspace: 59135K(59776K)->59135K(59776K) NonClass: 50384K(50752K)->50384K(50752K) Class: 8751K(9024K)->8751K(9024K)
[9.070s][info ][gc             ] GC(15) Pause Young (Allocation Failure) 1739M->208M(2063M) 13.410ms
[9.070s][info ][gc,cpu         ] GC(15) User=0.05s Sys=0.00s Real=0.01s
[9.070s][info ][safepoint      ] Safepoint "ParallelGCFailedAllocation", Time since last: 288859227 ns, Reaching safepoint: 196306 ns, At safepoint: 13520622 ns, Total: 13716928 ns
[9.387s][info ][gc,start       ] GC(16) Pause Young (Allocation Failure)
[9.401s][debug][gc,phases      ] GC(16) Scavenge 13.242ms
[9.401s][debug][gc,ref         ] GC(16) Skipped phase 1 of Reference Processing: no references
[9.401s][debug][gc,ref         ] GC(16) ReferenceProcessor::execute queues: 1, RefProcThreadModel::Single, marks_oops_alive: false
[9.401s][debug][gc,ref         ] GC(16) Skipped phase 3 of Reference Processing: no references
[9.401s][debug][gc,ref         ] GC(16) Skipped phase 4 of Reference Processing: no references
[9.401s][debug][gc,phases      ] GC(16) Reference Processing 0.174ms
[9.401s][debug][gc,phases      ] GC(16)   VM Weak                        Min:  0.0, Avg:  0.0, Max:  0.0, Diff:  0.0, Sum:  0.0, Workers: 4
[9.401s][debug][gc,phases      ] GC(16)     Dead                           Min: 0, Avg:  0.0, Max: 0, Diff: 0, Sum: 0, Workers: 4
[9.401s][debug][gc,phases      ] GC(16)     Total                          Min: 0, Avg: 108.2, Max: 433, Diff: 433, Sum: 433, Workers: 4
[9.401s][debug][gc,phases      ] GC(16)   ObjectSynchronizer Weak        Min:  0.0, Avg:  0.0, Max:  0.0, Diff:  0.0, Sum:  0.0, Workers: 4
[9.401s][debug][gc,phases      ] GC(16)     Dead                           Min: 0, Avg:  0.0, Max: 0, Diff: 0, Sum: 0, Workers: 4
[9.401s][debug][gc,phases      ] GC(16)     Total                          Min: 0, Avg: 112.0, Max: 256, Diff: 256, Sum: 448, Workers: 4
[9.401s][debug][gc,phases      ] GC(16)   JVMTI Tag Weak OopStorage      Min:  0.0, Avg:  0.0, Max:  0.0, Diff:  0.0, Sum:  0.0, Workers: 4
[9.401s][debug][gc,phases      ] GC(16)     Dead                           Min: 0, Avg:  0.0, Max: 0, Diff: 0, Sum: 0, Workers: 4
[9.401s][debug][gc,phases      ] GC(16)     Total                          Min: 0, Avg:  0.0, Max: 0, Diff: 0, Sum: 0, Workers: 4
[9.401s][debug][gc,phases      ] GC(16)   StringTable Weak               Min:  0.1, Avg:  0.1, Max:  0.1, Diff:  0.0, Sum:  0.4, Workers: 4
[9.401s][debug][gc,phases      ] GC(16)     Dead                           Min: 0, Avg:  3.0, Max: 12, Diff: 12, Sum: 12, Workers: 4
[9.401s][debug][gc,phases      ] GC(16)     Total                          Min: 8896, Avg: 9992.2, Max: 10880, Diff: 1984, Sum: 39969, Workers: 4
[9.401s][debug][gc,phases      ] GC(16)   ResolvedMethodTable Weak       Min:  0.0, Avg:  0.0, Max:  0.0, Diff:  0.0, Sum:  0.1, Workers: 4
[9.401s][debug][gc,phases      ] GC(16)     Dead                           Min: 0, Avg:  0.0, Max: 0, Diff: 0, Sum: 0, Workers: 4
[9.401s][debug][gc,phases      ] GC(16)     Total                          Min: 768, Avg: 1496.8, Max: 1891, Diff: 1123, Sum: 5987, Workers: 4
[9.401s][debug][gc,phases      ] GC(16)   JNI Weak                       Min:  0.0, Avg:  0.0, Max:  0.0, Diff:  0.0, Sum:  0.0, Workers: 4
[9.401s][debug][gc,phases      ] GC(16)     Dead                           Min: 0, Avg:  0.0, Max: 0, Diff: 0, Sum: 0, Workers: 4
[9.401s][debug][gc,phases      ] GC(16)     Total                          Min: 0, Avg:  6.2, Max: 22, Diff: 22, Sum: 25, Workers: 4
[9.401s][debug][gc,phases      ] GC(16)   StringDedup Table Weak         Min:  0.0, Avg:  0.0, Max:  0.0, Diff:  0.0, Sum:  0.0, Workers: 4
[9.401s][debug][gc,phases      ] GC(16)     Dead                           Min: 0, Avg:  0.0, Max: 0, Diff: 0, Sum: 0, Workers: 4
[9.401s][debug][gc,phases      ] GC(16)     Total                          Min: 0, Avg:  0.0, Max: 0, Diff: 0, Sum: 0, Workers: 4
[9.401s][debug][gc,phases      ] GC(16)   StringDedup Requests0 Weak     Min:  0.0, Avg:  0.0, Max:  0.0, Diff:  0.0, Sum:  0.0, Workers: 4
[9.401s][debug][gc,phases      ] GC(16)     Dead                           Min: 0, Avg:  0.0, Max: 0, Diff: 0, Sum: 0, Workers: 4
[9.401s][debug][gc,phases      ] GC(16)     Total                          Min: 0, Avg:  0.0, Max: 0, Diff: 0, Sum: 0, Workers: 4
[9.401s][debug][gc,phases      ] GC(16)   StringDedup Requests1 Weak     Min:  0.0, Avg:  0.0, Max:  0.0, Diff:  0.0, Sum:  0.0, Workers: 4
[9.401s][debug][gc,phases      ] GC(16)     Dead                           Min: 0, Avg:  0.0, Max: 0, Diff: 0, Sum: 0, Workers: 4
[9.401s][debug][gc,phases      ] GC(16)     Total                          Min: 0, Avg:  0.0, Max: 0, Diff: 0, Sum: 0, Workers: 4
[9.401s][debug][gc,phases      ] GC(16)   Weak JFR Old Object Samples    Min:  0.0, Avg:  0.0, Max:  0.0, Diff:  0.0, Sum:  0.0, Workers: 4
[9.401s][debug][gc,phases      ] GC(16)     Dead                           Min: 0, Avg:  0.0, Max: 0, Diff: 0, Sum: 0, Workers: 4
[9.401s][debug][gc,phases      ] GC(16)     Total                          Min: 0, Avg:  0.0, Max: 0, Diff: 0, Sum: 0, Workers: 4
[9.401s][debug][gc,phases      ] GC(16) Weak Processing 0.343ms
[9.401s][debug][gc,age         ] GC(16) Desired survivor size 252182528 bytes, new threshold 10 (max threshold 15)
[9.401s][info ][gc,heap        ] GC(16) PSYoungGen: 1620053K(1843712K)->37429K(1838080K) Eden: 1584640K(1584640K)->0K(1584640K) From: 35413K(259072K)->37429K(253440K)
[9.401s][info ][gc,heap        ] GC(16) ParOldGen: 177939K(269312K)->177939K(269312K)
[9.401s][info ][gc,metaspace   ] GC(16) Metaspace: 59145K(59776K)->59145K(59776K) NonClass: 50393K(50752K)->50393K(50752K) Class: 8751K(9024K)->8751K(9024K)
[9.401s][info ][gc             ] GC(16) Pause Young (Allocation Failure) 1755M->210M(2058M) 13.897ms
[9.401s][info ][gc,cpu         ] GC(16) User=0.06s Sys=0.00s Real=0.01s
[9.401s][info ][safepoint      ] Safepoint "ParallelGCFailedAllocation", Time since last: 316937900 ns, Reaching safepoint: 190806 ns, At safepoint: 14002938 ns, Total: 14193744 ns
[9.703s][info ][gc,start       ] GC(17) Pause Young (Allocation Failure)
[9.719s][debug][gc,phases      ] GC(17) Scavenge 15.797ms
[9.719s][debug][gc,ref         ] GC(17) Skipped phase 1 of Reference Processing: no references
[9.719s][debug][gc,ref         ] GC(17) ReferenceProcessor::execute queues: 1, RefProcThreadModel::Single, marks_oops_alive: false
[9.719s][debug][gc,ref         ] GC(17) Skipped phase 3 of Reference Processing: no references
[9.719s][debug][gc,ref         ] GC(17) Skipped phase 4 of Reference Processing: no references
[9.719s][debug][gc,phases      ] GC(17) Reference Processing 0.160ms
[9.719s][debug][gc,phases      ] GC(17)   VM Weak                        Min:  0.0, Avg:  0.0, Max:  0.0, Diff:  0.0, Sum:  0.0, Workers: 4
[9.719s][debug][gc,phases      ] GC(17)     Dead                           Min: 0, Avg:  0.0, Max: 0, Diff: 0, Sum: 0, Workers: 4
[9.719s][debug][gc,phases      ] GC(17)     Total                          Min: 0, Avg: 108.2, Max: 433, Diff: 433, Sum: 433, Workers: 4
[9.719s][debug][gc,phases      ] GC(17)   ObjectSynchronizer Weak        Min:  0.0, Avg:  0.0, Max:  0.0, Diff:  0.0, Sum:  0.0, Workers: 4
[9.719s][debug][gc,phases      ] GC(17)     Dead                           Min: 0, Avg:  0.0, Max: 0, Diff: 0, Sum: 0, Workers: 4
[9.719s][debug][gc,phases      ] GC(17)     Total                          Min: 0, Avg: 112.0, Max: 448, Diff: 448, Sum: 448, Workers: 4
[9.719s][debug][gc,phases      ] GC(17)   JVMTI Tag Weak OopStorage      Min:  0.0, Avg:  0.0, Max:  0.0, Diff:  0.0, Sum:  0.0, Workers: 4
[9.719s][debug][gc,phases      ] GC(17)     Dead                           Min: 0, Avg:  0.0, Max: 0, Diff: 0, Sum: 0, Workers: 4
[9.719s][debug][gc,phases      ] GC(17)     Total                          Min: 0, Avg:  0.0, Max: 0, Diff: 0, Sum: 0, Workers: 4
[9.719s][debug][gc,phases      ] GC(17)   StringTable Weak               Min:  0.1, Avg:  0.1, Max:  0.1, Diff:  0.0, Sum:  0.5, Workers: 4
[9.719s][debug][gc,phases      ] GC(17)     Dead                           Min: 0, Avg:  0.0, Max: 0, Diff: 0, Sum: 0, Workers: 4
[9.719s][debug][gc,phases      ] GC(17)     Total                          Min: 8256, Avg: 9992.2, Max: 11328, Diff: 3072, Sum: 39969, Workers: 4
[9.719s][debug][gc,phases      ] GC(17)   ResolvedMethodTable Weak       Min:  0.0, Avg:  0.0, Max:  0.0, Diff:  0.0, Sum:  0.1, Workers: 4
[9.719s][debug][gc,phases      ] GC(17)     Dead                           Min: 0, Avg:  0.0, Max: 0, Diff: 0, Sum: 0, Workers: 4
[9.719s][debug][gc,phases      ] GC(17)     Total                          Min: 960, Avg: 1496.8, Max: 1856, Diff: 896, Sum: 5987, Workers: 4
[9.719s][debug][gc,phases      ] GC(17)   JNI Weak                       Min:  0.0, Avg:  0.0, Max:  0.0, Diff:  0.0, Sum:  0.0, Workers: 4
[9.719s][debug][gc,phases      ] GC(17)     Dead                           Min: 0, Avg:  0.0, Max: 0, Diff: 0, Sum: 0, Workers: 4
[9.719s][debug][gc,phases      ] GC(17)     Total                          Min: 0, Avg:  5.8, Max: 23, Diff: 23, Sum: 23, Workers: 4
[9.719s][debug][gc,phases      ] GC(17)   StringDedup Table Weak         Min:  0.0, Avg:  0.0, Max:  0.0, Diff:  0.0, Sum:  0.0, Workers: 4
[9.719s][debug][gc,phases      ] GC(17)     Dead                           Min: 0, Avg:  0.0, Max: 0, Diff: 0, Sum: 0, Workers: 4
[9.719s][debug][gc,phases      ] GC(17)     Total                          Min: 0, Avg:  0.0, Max: 0, Diff: 0, Sum: 0, Workers: 4
[9.719s][debug][gc,phases      ] GC(17)   StringDedup Requests0 Weak     Min:  0.0, Avg:  0.0, Max:  0.0, Diff:  0.0, Sum:  0.0, Workers: 4
[9.719s][debug][gc,phases      ] GC(17)     Dead                           Min: 0, Avg:  0.0, Max: 0, Diff: 0, Sum: 0, Workers: 4
[9.719s][debug][gc,phases      ] GC(17)     Total                          Min: 0, Avg:  0.0, Max: 0, Diff: 0, Sum: 0, Workers: 4
[9.719s][debug][gc,phases      ] GC(17)   StringDedup Requests1 Weak     Min:  0.0, Avg:  0.0, Max:  0.0, Diff:  0.0, Sum:  0.0, Workers: 4
[9.719s][debug][gc,phases      ] GC(17)     Dead                           Min: 0, Avg:  0.0, Max: 0, Diff: 0, Sum: 0, Workers: 4
[9.719s][debug][gc,phases      ] GC(17)     Total                          Min: 0, Avg:  0.0, Max: 0, Diff: 0, Sum: 0, Workers: 4
[9.719s][debug][gc,phases      ] GC(17)   Weak JFR Old Object Samples    Min:  0.0, Avg:  0.0, Max:  0.0, Diff:  0.0, Sum:  0.0, Workers: 4
[9.719s][debug][gc,phases      ] GC(17)     Dead                           Min: 0, Avg:  0.0, Max: 0, Diff: 0, Sum: 0, Workers: 4
[9.719s][debug][gc,phases      ] GC(17)     Total                          Min: 0, Avg:  0.0, Max: 0, Diff: 0, Sum: 0, Workers: 4
[9.719s][debug][gc,phases      ] GC(17) Weak Processing 0.347ms
[9.719s][debug][gc,age         ] GC(17) Desired survivor size 243793920 bytes, new threshold 11 (max threshold 15)
[9.719s][info ][gc,heap        ] GC(17) PSYoungGen: 1622069K(1838080K)->39509K(1859072K) Eden: 1584640K(1584640K)->0K(1612800K) From: 37429K(253440K)->39509K(246272K)
[9.719s][info ][gc,heap        ] GC(17) ParOldGen: 177939K(269312K)->177939K(269312K)
[9.719s][info ][gc,metaspace   ] GC(17) Metaspace: 59146K(59776K)->59146K(59776K) NonClass: 50394K(50752K)->50394K(50752K) Class: 8751K(9024K)->8751K(9024K)
[9.719s][info ][gc             ] GC(17) Pause Young (Allocation Failure) 1757M->212M(2078M) 16.439ms
[9.719s][info ][gc,cpu         ] GC(17) User=0.06s Sys=0.00s Real=0.01s
[9.719s][info ][safepoint      ] Safepoint "ParallelGCFailedAllocation", Time since last: 300951401 ns, Reaching safepoint: 269908 ns, At safepoint: 16546317 ns, Total: 16816225 ns
[9.981s][info ][safepoint      ] Safepoint "ICBufferFull", Time since last: 261484366 ns, Reaching safepoint: 292709 ns, At safepoint: 31601 ns, Total: 324310 ns
[10.113s][info ][gc,start       ] GC(18) Pause Young (Allocation Failure)
[10.129s][debug][gc,phases      ] GC(18) Scavenge 15.671ms
[10.129s][debug][gc,ref         ] GC(18) Skipped phase 1 of Reference Processing: no references
[10.129s][debug][gc,ref         ] GC(18) ReferenceProcessor::execute queues: 1, RefProcThreadModel::Single, marks_oops_alive: false
[10.129s][debug][gc,ref         ] GC(18) Skipped phase 3 of Reference Processing: no references
[10.129s][debug][gc,ref         ] GC(18) ReferenceProcessor::execute queues: 1, RefProcThreadModel::Single, marks_oops_alive: false
[10.129s][debug][gc,phases      ] GC(18) Reference Processing 0.192ms
[10.129s][debug][gc,phases      ] GC(18)   VM Weak                        Min:  0.0, Avg:  0.0, Max:  0.0, Diff:  0.0, Sum:  0.0, Workers: 4
[10.129s][debug][gc,phases      ] GC(18)     Dead                           Min: 0, Avg:  0.0, Max: 0, Diff: 0, Sum: 0, Workers: 4
[10.129s][debug][gc,phases      ] GC(18)     Total                          Min: 0, Avg: 108.8, Max: 378, Diff: 378, Sum: 435, Workers: 4
[10.129s][debug][gc,phases      ] GC(18)   ObjectSynchronizer Weak        Min:  0.0, Avg:  0.0, Max:  0.0, Diff:  0.0, Sum:  0.0, Workers: 4
[10.129s][debug][gc,phases      ] GC(18)     Dead                           Min: 0, Avg:  0.0, Max: 0, Diff: 0, Sum: 0, Workers: 4
[10.129s][debug][gc,phases      ] GC(18)     Total                          Min: 0, Avg: 112.0, Max: 256, Diff: 256, Sum: 448, Workers: 4
[10.129s][debug][gc,phases      ] GC(18)   JVMTI Tag Weak OopStorage      Min:  0.0, Avg:  0.0, Max:  0.0, Diff:  0.0, Sum:  0.0, Workers: 4
[10.129s][debug][gc,phases      ] GC(18)     Dead                           Min: 0, Avg:  0.0, Max: 0, Diff: 0, Sum: 0, Workers: 4
[10.129s][debug][gc,phases      ] GC(18)     Total                          Min: 0, Avg:  0.0, Max: 0, Diff: 0, Sum: 0, Workers: 4
[10.129s][debug][gc,phases      ] GC(18)   StringTable Weak               Min:  0.1, Avg:  0.1, Max:  0.1, Diff:  0.0, Sum:  0.4, Workers: 4
[10.129s][debug][gc,phases      ] GC(18)     Dead                           Min: 0, Avg:  4.0, Max: 13, Diff: 13, Sum: 16, Workers: 4
[10.129s][debug][gc,phases      ] GC(18)     Total                          Min: 9373, Avg: 10007.2, Max: 10816, Diff: 1443, Sum: 40029, Workers: 4
[10.129s][debug][gc,phases      ] GC(18)   ResolvedMethodTable Weak       Min:  0.0, Avg:  0.0, Max:  0.0, Diff:  0.0, Sum:  0.1, Workers: 4
[10.129s][debug][gc,phases      ] GC(18)     Dead                           Min: 0, Avg:  1.2, Max: 5, Diff: 5, Sum: 5, Workers: 4
[10.129s][debug][gc,phases      ] GC(18)     Total                          Min: 1280, Avg: 1514.2, Max: 1641, Diff: 361, Sum: 6057, Workers: 4
[10.129s][debug][gc,phases      ] GC(18)   JNI Weak                       Min:  0.0, Avg:  0.0, Max:  0.0, Diff:  0.0, Sum:  0.0, Workers: 4
[10.129s][debug][gc,phases      ] GC(18)     Dead                           Min: 0, Avg:  0.0, Max: 0, Diff: 0, Sum: 0, Workers: 4
[10.129s][debug][gc,phases      ] GC(18)     Total                          Min: 0, Avg:  2.0, Max: 8, Diff: 8, Sum: 8, Workers: 4
[10.129s][debug][gc,phases      ] GC(18)   StringDedup Table Weak         Min:  0.0, Avg:  0.0, Max:  0.0, Diff:  0.0, Sum:  0.0, Workers: 4
[10.129s][debug][gc,phases      ] GC(18)     Dead                           Min: 0, Avg:  0.0, Max: 0, Diff: 0, Sum: 0, Workers: 4
[10.129s][debug][gc,phases      ] GC(18)     Total                          Min: 0, Avg:  0.0, Max: 0, Diff: 0, Sum: 0, Workers: 4
[10.129s][debug][gc,phases      ] GC(18)   StringDedup Requests0 Weak     Min:  0.0, Avg:  0.0, Max:  0.0, Diff:  0.0, Sum:  0.0, Workers: 4
[10.129s][debug][gc,phases      ] GC(18)     Dead                           Min: 0, Avg:  0.0, Max: 0, Diff: 0, Sum: 0, Workers: 4
[10.129s][debug][gc,phases      ] GC(18)     Total                          Min: 0, Avg:  0.0, Max: 0, Diff: 0, Sum: 0, Workers: 4
[10.129s][debug][gc,phases      ] GC(18)   StringDedup Requests1 Weak     Min:  0.0, Avg:  0.0, Max:  0.0, Diff:  0.0, Sum:  0.0, Workers: 4
[10.129s][debug][gc,phases      ] GC(18)     Dead                           Min: 0, Avg:  0.0, Max: 0, Diff: 0, Sum: 0, Workers: 4
[10.129s][debug][gc,phases      ] GC(18)     Total                          Min: 0, Avg:  0.0, Max: 0, Diff: 0, Sum: 0, Workers: 4
[10.129s][debug][gc,phases      ] GC(18)   Weak JFR Old Object Samples    Min:  0.0, Avg:  0.0, Max:  0.0, Diff:  0.0, Sum:  0.0, Workers: 4
[10.129s][debug][gc,phases      ] GC(18)     Dead                           Min: 0, Avg:  0.0, Max: 0, Diff: 0, Sum: 0, Workers: 4
[10.129s][debug][gc,phases      ] GC(18)     Total                          Min: 0, Avg:  0.0, Max: 0, Diff: 0, Sum: 0, Workers: 4
[10.129s][debug][gc,phases      ] GC(18) Weak Processing 0.340ms
[10.129s][debug][gc,age         ] GC(18) Desired survivor size 234356736 bytes, new threshold 12 (max threshold 15)
[10.129s][info ][gc,heap        ] GC(18) PSYoungGen: 1652309K(1859072K)->42773K(1850880K) Eden: 1612800K(1612800K)->0K(1612800K) From: 39509K(246272K)->42773K(238080K)
[10.129s][info ][gc,heap        ] GC(18) ParOldGen: 177939K(269312K)->177947K(269312K)
[10.129s][info ][gc,metaspace   ] GC(18) Metaspace: 59496K(60096K)->59496K(60096K) NonClass: 50688K(51008K)->50688K(51008K) Class: 8808K(9088K)->8808K(9088K)
[10.129s][info ][gc             ] GC(18) Pause Young (Allocation Failure) 1787M->215M(2070M) 16.345ms
[10.129s][info ][gc,cpu         ] GC(18) User=0.07s Sys=0.00s Real=0.01s
[10.129s][info ][safepoint      ] Safepoint "ParallelGCFailedAllocation", Time since last: 131676010 ns, Reaching safepoint: 231407 ns, At safepoint: 16455113 ns, Total: 16686520 ns
[10.161s][info ][safepoint      ] Safepoint "ICBufferFull", Time since last: 31950298 ns, Reaching safepoint: 125303 ns, At safepoint: 28301 ns, Total: 153604 ns
[10.163s][info ][safepoint      ] Safepoint "ICBufferFull", Time since last: 1326542 ns, Reaching safepoint: 95203 ns, At safepoint: 23200 ns, Total: 118403 ns
[10.164s][info ][safepoint      ] Safepoint "ICBufferFull", Time since last: 747324 ns, Reaching safepoint: 92303 ns, At safepoint: 23000 ns, Total: 115303 ns
[10.165s][info ][safepoint      ] Safepoint "ICBufferFull", Time since last: 743524 ns, Reaching safepoint: 92502 ns, At safepoint: 24801 ns, Total: 117303 ns
[10.172s][info ][safepoint      ] Safepoint "ICBufferFull", Time since last: 6488403 ns, Reaching safepoint: 409313 ns, At safepoint: 23600 ns, Total: 432913 ns
[10.173s][info ][safepoint      ] Safepoint "ICBufferFull", Time since last: 1025432 ns, Reaching safepoint: 97703 ns, At safepoint: 20501 ns, Total: 118204 ns
[10.174s][info ][safepoint      ] Safepoint "ICBufferFull", Time since last: 1148436 ns, Reaching safepoint: 94003 ns, At safepoint: 19900 ns, Total: 113903 ns
[10.175s][info ][safepoint      ] Safepoint "ICBufferFull", Time since last: 1043433 ns, Reaching safepoint: 91303 ns, At safepoint: 22000 ns, Total: 113303 ns
[10.191s][info ][safepoint      ] Safepoint "ICBufferFull", Time since last: 15961499 ns, Reaching safepoint: 115903 ns, At safepoint: 24701 ns, Total: 140604 ns
[10.192s][info ][safepoint      ] Safepoint "ICBufferFull", Time since last: 715522 ns, Reaching safepoint: 107004 ns, At safepoint: 21900 ns, Total: 128904 ns
[10.193s][info ][safepoint      ] Safepoint "ICBufferFull", Time since last: 715323 ns, Reaching safepoint: 100003 ns, At safepoint: 26501 ns, Total: 126504 ns
[10.194s][info ][safepoint      ] Safepoint "ICBufferFull", Time since last: 676221 ns, Reaching safepoint: 92803 ns, At safepoint: 27801 ns, Total: 120604 ns
[10.194s][info ][safepoint      ] Safepoint "ICBufferFull", Time since last: 687021 ns, Reaching safepoint: 89203 ns, At safepoint: 23700 ns, Total: 112903 ns
[10.195s][info ][safepoint      ] Safepoint "ICBufferFull", Time since last: 715123 ns, Reaching safepoint: 107703 ns, At safepoint: 26201 ns, Total: 133904 ns
[10.196s][info ][safepoint      ] Safepoint "ICBufferFull", Time since last: 687421 ns, Reaching safepoint: 92303 ns, At safepoint: 20501 ns, Total: 112804 ns
[10.199s][info ][safepoint      ] Safepoint "ICBufferFull", Time since last: 650020 ns, Reaching safepoint: 2117666 ns, At safepoint: 25301 ns, Total: 2142967 ns
[10.200s][info ][safepoint      ] Safepoint "ICBufferFull", Time since last: 695222 ns, Reaching safepoint: 108003 ns, At safepoint: 32301 ns, Total: 140304 ns
[10.201s][info ][safepoint      ] Safepoint "ICBufferFull", Time since last: 704722 ns, Reaching safepoint: 98803 ns, At safepoint: 27601 ns, Total: 126404 ns
[10.201s][info ][safepoint      ] Safepoint "ICBufferFull", Time since last: 676321 ns, Reaching safepoint: 99803 ns, At safepoint: 29801 ns, Total: 129604 ns
[10.202s][info ][safepoint      ] Safepoint "ICBufferFull", Time since last: 678421 ns, Reaching safepoint: 97504 ns, At safepoint: 28500 ns, Total: 126004 ns
[10.203s][info ][safepoint      ] Safepoint "ICBufferFull", Time since last: 689922 ns, Reaching safepoint: 112103 ns, At safepoint: 25201 ns, Total: 137304 ns
[10.204s][info ][safepoint      ] Safepoint "ICBufferFull", Time since last: 695522 ns, Reaching safepoint: 100303 ns, At safepoint: 20901 ns, Total: 121204 ns
[10.396s][info ][gc,start       ] GC(19) Pause Young (Allocation Failure)
[10.414s][debug][gc,phases      ] GC(19) Scavenge 18.145ms
[10.414s][debug][gc,ref         ] GC(19) Skipped phase 1 of Reference Processing: no references
[10.414s][debug][gc,ref         ] GC(19) ReferenceProcessor::execute queues: 1, RefProcThreadModel::Single, marks_oops_alive: false
[10.414s][debug][gc,ref         ] GC(19) Skipped phase 3 of Reference Processing: no references
[10.414s][debug][gc,ref         ] GC(19) ReferenceProcessor::execute queues: 1, RefProcThreadModel::Single, marks_oops_alive: false
[10.414s][debug][gc,phases      ] GC(19) Reference Processing 0.189ms
[10.414s][debug][gc,phases      ] GC(19)   VM Weak                        Min:  0.0, Avg:  0.0, Max:  0.0, Diff:  0.0, Sum:  0.0, Workers: 4
[10.414s][debug][gc,phases      ] GC(19)     Dead                           Min: 0, Avg:  0.0, Max: 0, Diff: 0, Sum: 0, Workers: 4
[10.414s][debug][gc,phases      ] GC(19)     Total                          Min: 0, Avg: 111.8, Max: 384, Diff: 384, Sum: 447, Workers: 4
[10.414s][debug][gc,phases      ] GC(19)   ObjectSynchronizer Weak        Min:  0.0, Avg:  0.0, Max:  0.0, Diff:  0.0, Sum:  0.0, Workers: 4
[10.414s][debug][gc,phases      ] GC(19)     Dead                           Min: 0, Avg:  0.0, Max: 0, Diff: 0, Sum: 0, Workers: 4
[10.414s][debug][gc,phases      ] GC(19)     Total                          Min: 0, Avg: 112.0, Max: 256, Diff: 256, Sum: 448, Workers: 4
[10.414s][debug][gc,phases      ] GC(19)   JVMTI Tag Weak OopStorage      Min:  0.0, Avg:  0.0, Max:  0.0, Diff:  0.0, Sum:  0.0, Workers: 4
[10.414s][debug][gc,phases      ] GC(19)     Dead                           Min: 0, Avg:  0.0, Max: 0, Diff: 0, Sum: 0, Workers: 4
[10.414s][debug][gc,phases      ] GC(19)     Total                          Min: 0, Avg:  0.0, Max: 0, Diff: 0, Sum: 0, Workers: 4
[10.414s][debug][gc,phases      ] GC(19)   StringTable Weak               Min:  0.1, Avg:  0.1, Max:  0.1, Diff:  0.0, Sum:  0.5, Workers: 4
[10.414s][debug][gc,phases      ] GC(19)     Dead                           Min: 0, Avg:  4.0, Max: 12, Diff: 12, Sum: 16, Workers: 4
[10.414s][debug][gc,phases      ] GC(19)     Total                          Min: 9486, Avg: 10016.5, Max: 11008, Diff: 1522, Sum: 40066, Workers: 4
[10.414s][debug][gc,phases      ] GC(19)   ResolvedMethodTable Weak       Min:  0.0, Avg:  0.0, Max:  0.0, Diff:  0.0, Sum:  0.1, Workers: 4
[10.414s][debug][gc,phases      ] GC(19)     Dead                           Min: 0, Avg:  0.0, Max: 0, Diff: 0, Sum: 0, Workers: 4
[10.414s][debug][gc,phases      ] GC(19)     Total                          Min: 960, Avg: 1523.5, Max: 1998, Diff: 1038, Sum: 6094, Workers: 4
[10.414s][debug][gc,phases      ] GC(19)   JNI Weak                       Min:  0.0, Avg:  0.0, Max:  0.0, Diff:  0.0, Sum:  0.0, Workers: 4
[10.414s][debug][gc,phases      ] GC(19)     Dead                           Min: 0, Avg:  0.0, Max: 0, Diff: 0, Sum: 0, Workers: 4
[10.414s][debug][gc,phases      ] GC(19)     Total                          Min: 0, Avg:  0.2, Max: 1, Diff: 1, Sum: 1, Workers: 4
[10.414s][debug][gc,phases      ] GC(19)   StringDedup Table Weak         Min:  0.0, Avg:  0.0, Max:  0.0, Diff:  0.0, Sum:  0.0, Workers: 4
[10.414s][debug][gc,phases      ] GC(19)     Dead                           Min: 0, Avg:  0.0, Max: 0, Diff: 0, Sum: 0, Workers: 4
[10.414s][debug][gc,phases      ] GC(19)     Total                          Min: 0, Avg:  0.0, Max: 0, Diff: 0, Sum: 0, Workers: 4
[10.414s][debug][gc,phases      ] GC(19)   StringDedup Requests0 Weak     Min:  0.0, Avg:  0.0, Max:  0.0, Diff:  0.0, Sum:  0.0, Workers: 4
[10.414s][debug][gc,phases      ] GC(19)     Dead                           Min: 0, Avg:  0.0, Max: 0, Diff: 0, Sum: 0, Workers: 4
[10.414s][debug][gc,phases      ] GC(19)     Total                          Min: 0, Avg:  0.0, Max: 0, Diff: 0, Sum: 0, Workers: 4
[10.414s][debug][gc,phases      ] GC(19)   StringDedup Requests1 Weak     Min:  0.0, Avg:  0.0, Max:  0.0, Diff:  0.0, Sum:  0.0, Workers: 4
[10.414s][debug][gc,phases      ] GC(19)     Dead                           Min: 0, Avg:  0.0, Max: 0, Diff: 0, Sum: 0, Workers: 4
[10.414s][debug][gc,phases      ] GC(19)     Total                          Min: 0, Avg:  0.0, Max: 0, Diff: 0, Sum: 0, Workers: 4
[10.414s][debug][gc,phases      ] GC(19)   Weak JFR Old Object Samples    Min:  0.0, Avg:  0.0, Max:  0.0, Diff:  0.0, Sum:  0.0, Workers: 4
[10.414s][debug][gc,phases      ] GC(19)     Dead                           Min: 0, Avg:  0.0, Max: 0, Diff: 0, Sum: 0, Workers: 4
[10.414s][debug][gc,phases      ] GC(19)     Total                          Min: 0, Avg:  0.0, Max: 0, Diff: 0, Sum: 0, Workers: 4
[10.414s][debug][gc,phases      ] GC(19) Weak Processing 0.353ms
[10.414s][debug][gc,age         ] GC(19) Desired survivor size 224395264 bytes, new threshold 13 (max threshold 15)
[10.414s][info ][gc,heap        ] GC(19) PSYoungGen: 1655573K(1850880K)->44986K(1878016K) Eden: 1612800K(1612800K)->0K(1649152K) From: 42773K(238080K)->44986K(228864K)
[10.414s][info ][gc,heap        ] GC(19) ParOldGen: 177947K(269312K)->177955K(269312K)
[10.414s][info ][gc,metaspace   ] GC(19) Metaspace: 59649K(60288K)->59649K(60288K) NonClass: 50824K(51200K)->50824K(51200K) Class: 8824K(9088K)->8824K(9088K)
[10.414s][info ][gc             ] GC(19) Pause Young (Allocation Failure) 1790M->217M(2097M) 18.858ms
[10.414s][info ][gc,cpu         ] GC(19) User=0.08s Sys=0.00s Real=0.02s
[10.414s][info ][safepoint      ] Safepoint "ParallelGCFailedAllocation", Time since last: 191486276 ns, Reaching safepoint: 148505 ns, At safepoint: 18975892 ns, Total: 19124397 ns
[10.739s][info ][gc,start       ] GC(20) Pause Young (Allocation Failure)
[10.756s][debug][gc,phases      ] GC(20) Scavenge 17.277ms
[10.756s][debug][gc,ref         ] GC(20) Skipped phase 1 of Reference Processing: no references
[10.756s][debug][gc,ref         ] GC(20) ReferenceProcessor::execute queues: 1, RefProcThreadModel::Single, marks_oops_alive: false
[10.756s][debug][gc,ref         ] GC(20) Skipped phase 3 of Reference Processing: no references
[10.756s][debug][gc,ref         ] GC(20) ReferenceProcessor::execute queues: 1, RefProcThreadModel::Single, marks_oops_alive: false
[10.756s][debug][gc,phases      ] GC(20) Reference Processing 0.188ms
[10.756s][debug][gc,phases      ] GC(20)   VM Weak                        Min:  0.0, Avg:  0.0, Max:  0.0, Diff:  0.0, Sum:  0.0, Workers: 4
[10.756s][debug][gc,phases      ] GC(20)     Dead                           Min: 0, Avg:  0.0, Max: 0, Diff: 0, Sum: 0, Workers: 4
[10.756s][debug][gc,phases      ] GC(20)     Total                          Min: 0, Avg: 111.8, Max: 255, Diff: 255, Sum: 447, Workers: 4
[10.756s][debug][gc,phases      ] GC(20)   ObjectSynchronizer Weak        Min:  0.0, Avg:  0.0, Max:  0.0, Diff:  0.0, Sum:  0.0, Workers: 4
[10.756s][debug][gc,phases      ] GC(20)     Dead                           Min: 0, Avg:  0.0, Max: 0, Diff: 0, Sum: 0, Workers: 4
[10.756s][debug][gc,phases      ] GC(20)     Total                          Min: 0, Avg: 112.0, Max: 192, Diff: 192, Sum: 448, Workers: 4
[10.756s][debug][gc,phases      ] GC(20)   JVMTI Tag Weak OopStorage      Min:  0.0, Avg:  0.0, Max:  0.0, Diff:  0.0, Sum:  0.0, Workers: 4
[10.756s][debug][gc,phases      ] GC(20)     Dead                           Min: 0, Avg:  0.0, Max: 0, Diff: 0, Sum: 0, Workers: 4
[10.756s][debug][gc,phases      ] GC(20)     Total                          Min: 0, Avg:  0.0, Max: 0, Diff: 0, Sum: 0, Workers: 4
[10.756s][debug][gc,phases      ] GC(20)   StringTable Weak               Min:  0.1, Avg:  0.1, Max:  0.1, Diff:  0.0, Sum:  0.4, Workers: 4
[10.756s][debug][gc,phases      ] GC(20)     Dead                           Min: 0, Avg:  0.2, Max: 1, Diff: 1, Sum: 1, Workers: 4
[10.756s][debug][gc,phases      ] GC(20)     Total                          Min: 9408, Avg: 10029.8, Max: 10296, Diff: 888, Sum: 40119, Workers: 4
[10.756s][debug][gc,phases      ] GC(20)   ResolvedMethodTable Weak       Min:  0.0, Avg:  0.0, Max:  0.0, Diff:  0.0, Sum:  0.1, Workers: 4
[10.756s][debug][gc,phases      ] GC(20)     Dead                           Min: 0, Avg:  0.2, Max: 1, Diff: 1, Sum: 1, Workers: 4
[10.756s][debug][gc,phases      ] GC(20)     Total                          Min: 1344, Avg: 1529.0, Max: 1636, Diff: 292, Sum: 6116, Workers: 4
[10.756s][debug][gc,phases      ] GC(20)   JNI Weak                       Min:  0.0, Avg:  0.0, Max:  0.0, Diff:  0.0, Sum:  0.0, Workers: 4
[10.756s][debug][gc,phases      ] GC(20)     Dead                           Min: 0, Avg:  0.0, Max: 0, Diff: 0, Sum: 0, Workers: 4
[10.756s][debug][gc,phases      ] GC(20)     Total                          Min: 0, Avg:  0.5, Max: 2, Diff: 2, Sum: 2, Workers: 4
[10.756s][debug][gc,phases      ] GC(20)   StringDedup Table Weak         Min:  0.0, Avg:  0.0, Max:  0.0, Diff:  0.0, Sum:  0.0, Workers: 4
[10.756s][debug][gc,phases      ] GC(20)     Dead                           Min: 0, Avg:  0.0, Max: 0, Diff: 0, Sum: 0, Workers: 4
[10.756s][debug][gc,phases      ] GC(20)     Total                          Min: 0, Avg:  0.0, Max: 0, Diff: 0, Sum: 0, Workers: 4
[10.756s][debug][gc,phases      ] GC(20)   StringDedup Requests0 Weak     Min:  0.0, Avg:  0.0, Max:  0.0, Diff:  0.0, Sum:  0.0, Workers: 4
[10.756s][debug][gc,phases      ] GC(20)     Dead                           Min: 0, Avg:  0.0, Max: 0, Diff: 0, Sum: 0, Workers: 4
[10.756s][debug][gc,phases      ] GC(20)     Total                          Min: 0, Avg:  0.0, Max: 0, Diff: 0, Sum: 0, Workers: 4
[10.757s][debug][gc,phases      ] GC(20)   StringDedup Requests1 Weak     Min:  0.0, Avg:  0.0, Max:  0.0, Diff:  0.0, Sum:  0.0, Workers: 4
[10.757s][debug][gc,phases      ] GC(20)     Dead                           Min: 0, Avg:  0.0, Max: 0, Diff: 0, Sum: 0, Workers: 4
[10.757s][debug][gc,phases      ] GC(20)     Total                          Min: 0, Avg:  0.0, Max: 0, Diff: 0, Sum: 0, Workers: 4
[10.757s][debug][gc,phases      ] GC(20)   Weak JFR Old Object Samples    Min:  0.0, Avg:  0.0, Max:  0.0, Diff:  0.0, Sum:  0.0, Workers: 4
[10.757s][debug][gc,phases      ] GC(20)     Dead                           Min: 0, Avg:  0.0, Max: 0, Diff: 0, Sum: 0, Workers: 4
[10.757s][debug][gc,phases      ] GC(20)     Total                          Min: 0, Avg:  0.0, Max: 0, Diff: 0, Sum: 0, Workers: 4
[10.757s][debug][gc,phases      ] GC(20) Weak Processing 0.322ms
[10.757s][debug][gc,age         ] GC(20) Desired survivor size 214433792 bytes, new threshold 14 (max threshold 15)
[10.757s][info ][gc,heap        ] GC(20) PSYoungGen: 1694138K(1878016K)->47703K(1868288K) Eden: 1649152K(1649152K)->0K(1649152K) From: 44986K(228864K)->47703K(219136K)
[10.757s][info ][gc,heap        ] GC(20) ParOldGen: 177955K(269312K)->177963K(269312K)
[10.757s][info ][gc,metaspace   ] GC(20) Metaspace: 59879K(60416K)->59879K(60416K) NonClass: 51029K(51328K)->51029K(51328K) Class: 8850K(9088K)->8850K(9088K)
[10.757s][info ][gc             ] GC(20) Pause Young (Allocation Failure) 1828M->220M(2087M) 17.919ms
[10.757s][info ][gc,cpu         ] GC(20) User=0.07s Sys=0.00s Real=0.02s
[10.757s][info ][safepoint      ] Safepoint "ParallelGCFailedAllocation", Time since last: 323670702 ns, Reaching safepoint: 484415 ns, At safepoint: 18033763 ns, Total: 18518178 ns
[11.094s][info ][gc,start       ] GC(21) Pause Young (Allocation Failure)
[11.114s][debug][gc,phases      ] GC(21) Scavenge 19.542ms
[11.114s][debug][gc,ref         ] GC(21) Skipped phase 1 of Reference Processing: no references
[11.114s][debug][gc,ref         ] GC(21) ReferenceProcessor::execute queues: 1, RefProcThreadModel::Single, marks_oops_alive: false
[11.114s][debug][gc,ref         ] GC(21) Skipped phase 3 of Reference Processing: no references
[11.114s][debug][gc,ref         ] GC(21) ReferenceProcessor::execute queues: 1, RefProcThreadModel::Single, marks_oops_alive: false
[11.114s][debug][gc,phases      ] GC(21) Reference Processing 0.261ms
[11.114s][debug][gc,phases      ] GC(21)   VM Weak                        Min:  0.0, Avg:  0.0, Max:  0.0, Diff:  0.0, Sum:  0.0, Workers: 4
[11.114s][debug][gc,phases      ] GC(21)     Dead                           Min: 0, Avg:  0.0, Max: 0, Diff: 0, Sum: 0, Workers: 4
[11.114s][debug][gc,phases      ] GC(21)     Total                          Min: 0, Avg: 113.2, Max: 325, Diff: 325, Sum: 453, Workers: 4
[11.114s][debug][gc,phases      ] GC(21)   ObjectSynchronizer Weak        Min:  0.0, Avg:  0.0, Max:  0.0, Diff:  0.0, Sum:  0.0, Workers: 4
[11.114s][debug][gc,phases      ] GC(21)     Dead                           Min: 0, Avg:  0.0, Max: 0, Diff: 0, Sum: 0, Workers: 4
[11.114s][debug][gc,phases      ] GC(21)     Total                          Min: 0, Avg: 112.2, Max: 193, Diff: 193, Sum: 449, Workers: 4
[11.114s][debug][gc,phases      ] GC(21)   JVMTI Tag Weak OopStorage      Min:  0.0, Avg:  0.0, Max:  0.0, Diff:  0.0, Sum:  0.0, Workers: 4
[11.114s][debug][gc,phases      ] GC(21)     Dead                           Min: 0, Avg:  0.0, Max: 0, Diff: 0, Sum: 0, Workers: 4
[11.114s][debug][gc,phases      ] GC(21)     Total                          Min: 0, Avg:  0.0, Max: 0, Diff: 0, Sum: 0, Workers: 4
[11.114s][debug][gc,phases      ] GC(21)   StringTable Weak               Min:  0.1, Avg:  0.1, Max:  0.1, Diff:  0.0, Sum:  0.5, Workers: 4
[11.114s][debug][gc,phases      ] GC(21)     Dead                           Min: 0, Avg:  4.5, Max: 16, Diff: 16, Sum: 18, Workers: 4
[11.114s][debug][gc,phases      ] GC(21)     Total                          Min: 9501, Avg: 10071.2, Max: 10816, Diff: 1315, Sum: 40285, Workers: 4
[11.114s][debug][gc,phases      ] GC(21)   ResolvedMethodTable Weak       Min:  0.0, Avg:  0.0, Max:  0.0, Diff:  0.0, Sum:  0.1, Workers: 4
[11.114s][debug][gc,phases      ] GC(21)     Dead                           Min: 0, Avg:  5.2, Max: 13, Diff: 13, Sum: 21, Workers: 4
[11.114s][debug][gc,phases      ] GC(21)     Total                          Min: 910, Avg: 1555.5, Max: 1920, Diff: 1010, Sum: 6222, Workers: 4
[11.114s][debug][gc,phases      ] GC(21)   JNI Weak                       Min:  0.0, Avg:  0.0, Max:  0.0, Diff:  0.0, Sum:  0.0, Workers: 4
[11.114s][debug][gc,phases      ] GC(21)     Dead                           Min: 0, Avg:  0.0, Max: 0, Diff: 0, Sum: 0, Workers: 4
[11.114s][debug][gc,phases      ] GC(21)     Total                          Min: 0, Avg:  0.0, Max: 0, Diff: 0, Sum: 0, Workers: 4
[11.114s][debug][gc,phases      ] GC(21)   StringDedup Table Weak         Min:  0.0, Avg:  0.0, Max:  0.0, Diff:  0.0, Sum:  0.0, Workers: 4
[11.114s][debug][gc,phases      ] GC(21)     Dead                           Min: 0, Avg:  0.0, Max: 0, Diff: 0, Sum: 0, Workers: 4
[11.114s][debug][gc,phases      ] GC(21)     Total                          Min: 0, Avg:  0.0, Max: 0, Diff: 0, Sum: 0, Workers: 4
[11.114s][debug][gc,phases      ] GC(21)   StringDedup Requests0 Weak     Min:  0.0, Avg:  0.0, Max:  0.0, Diff:  0.0, Sum:  0.0, Workers: 4
[11.114s][debug][gc,phases      ] GC(21)     Dead                           Min: 0, Avg:  0.0, Max: 0, Diff: 0, Sum: 0, Workers: 4
[11.114s][debug][gc,phases      ] GC(21)     Total                          Min: 0, Avg:  0.0, Max: 0, Diff: 0, Sum: 0, Workers: 4
[11.114s][debug][gc,phases      ] GC(21)   StringDedup Requests1 Weak     Min:  0.0, Avg:  0.0, Max:  0.0, Diff:  0.0, Sum:  0.0, Workers: 4
[11.114s][debug][gc,phases      ] GC(21)     Dead                           Min: 0, Avg:  0.0, Max: 0, Diff: 0, Sum: 0, Workers: 4
[11.114s][debug][gc,phases      ] GC(21)     Total                          Min: 0, Avg:  0.0, Max: 0, Diff: 0, Sum: 0, Workers: 4
[11.114s][debug][gc,phases      ] GC(21)   Weak JFR Old Object Samples    Min:  0.0, Avg:  0.0, Max:  0.0, Diff:  0.0, Sum:  0.0, Workers: 4
[11.114s][debug][gc,phases      ] GC(21)     Dead                           Min: 0, Avg:  0.0, Max: 0, Diff: 0, Sum: 0, Workers: 4
[11.114s][debug][gc,phases      ] GC(21)     Total                          Min: 0, Avg:  0.0, Max: 0, Diff: 0, Sum: 0, Workers: 4
[11.114s][debug][gc,phases      ] GC(21) Weak Processing 0.365ms
[11.114s][debug][gc,age         ] GC(21) Desired survivor size 204472320 bytes, new threshold 15 (max threshold 15)
[11.114s][info ][gc,heap        ] GC(21) PSYoungGen: 1696855K(1868288K)->48241K(1897472K) Eden: 1649152K(1649152K)->0K(1688064K) From: 47703K(219136K)->48241K(209408K)
[11.114s][info ][gc,heap        ] GC(21) ParOldGen: 177963K(269312K)->177971K(269312K)
[11.114s][info ][gc,metaspace   ] GC(21) Metaspace: 60580K(61184K)->60580K(61184K) NonClass: 51645K(51968K)->51645K(51968K) Class: 8935K(9216K)->8935K(9216K)
[11.114s][info ][gc             ] GC(21) Pause Young (Allocation Failure) 1830M->220M(2116M) 20.344ms
[11.114s][info ][gc,cpu         ] GC(21) User=0.09s Sys=0.00s Real=0.02s
[11.114s][info ][safepoint      ] Safepoint "ParallelGCFailedAllocation", Time since last: 337152118 ns, Reaching safepoint: 211007 ns, At safepoint: 20457738 ns, Total: 20668745 ns
[11.441s][info ][gc,start       ] GC(22) Pause Young (Allocation Failure)
[11.461s][debug][gc,phases      ] GC(22) Scavenge 19.565ms
[11.461s][debug][gc,ref         ] GC(22) Skipped phase 1 of Reference Processing: no references
[11.461s][debug][gc,ref         ] GC(22) ReferenceProcessor::execute queues: 1, RefProcThreadModel::Single, marks_oops_alive: false
[11.461s][debug][gc,ref         ] GC(22) Skipped phase 3 of Reference Processing: no references
[11.461s][debug][gc,ref         ] GC(22) ReferenceProcessor::execute queues: 1, RefProcThreadModel::Single, marks_oops_alive: false
[11.461s][debug][gc,phases      ] GC(22) Reference Processing 0.202ms
[11.461s][debug][gc,phases      ] GC(22)   VM Weak                        Min:  0.0, Avg:  0.0, Max:  0.0, Diff:  0.0, Sum:  0.0, Workers: 4
[11.461s][debug][gc,phases      ] GC(22)     Dead                           Min: 0, Avg:  0.0, Max: 0, Diff: 0, Sum: 0, Workers: 4
[11.461s][debug][gc,phases      ] GC(22)     Total                          Min: 0, Avg: 113.5, Max: 454, Diff: 454, Sum: 454, Workers: 4
[11.461s][debug][gc,phases      ] GC(22)   ObjectSynchronizer Weak        Min:  0.0, Avg:  0.0, Max:  0.0, Diff:  0.0, Sum:  0.0, Workers: 4
[11.461s][debug][gc,phases      ] GC(22)     Dead                           Min: 0, Avg:  0.2, Max: 1, Diff: 1, Sum: 1, Workers: 4
[11.461s][debug][gc,phases      ] GC(22)     Total                          Min: 0, Avg: 112.8, Max: 384, Diff: 384, Sum: 451, Workers: 4
[11.461s][debug][gc,phases      ] GC(22)   JVMTI Tag Weak OopStorage      Min:  0.0, Avg:  0.0, Max:  0.0, Diff:  0.0, Sum:  0.0, Workers: 4
[11.461s][debug][gc,phases      ] GC(22)     Dead                           Min: 0, Avg:  0.0, Max: 0, Diff: 0, Sum: 0, Workers: 4
[11.461s][debug][gc,phases      ] GC(22)     Total                          Min: 0, Avg:  0.0, Max: 0, Diff: 0, Sum: 0, Workers: 4
[11.461s][debug][gc,phases      ] GC(22)   StringTable Weak               Min:  0.1, Avg:  0.1, Max:  0.1, Diff:  0.0, Sum:  0.5, Workers: 4
[11.461s][debug][gc,phases      ] GC(22)     Dead                           Min: 0, Avg:  3.0, Max: 11, Diff: 11, Sum: 12, Workers: 4
[11.461s][debug][gc,phases      ] GC(22)     Total                          Min: 9070, Avg: 10363.5, Max: 11840, Diff: 2770, Sum: 41454, Workers: 4
[11.461s][debug][gc,phases      ] GC(22)   ResolvedMethodTable Weak       Min:  0.0, Avg:  0.0, Max:  0.0, Diff:  0.0, Sum:  0.1, Workers: 4
[11.461s][debug][gc,phases      ] GC(22)     Dead                           Min: 1, Avg: 28.8, Max: 109, Diff: 108, Sum: 115, Workers: 4
[11.461s][debug][gc,phases      ] GC(22)     Total                          Min: 1280, Avg: 1588.2, Max: 1728, Diff: 448, Sum: 6353, Workers: 4
[11.461s][debug][gc,phases      ] GC(22)   JNI Weak                       Min:  0.0, Avg:  0.0, Max:  0.0, Diff:  0.0, Sum:  0.0, Workers: 4
[11.461s][debug][gc,phases      ] GC(22)     Dead                           Min: 0, Avg:  0.0, Max: 0, Diff: 0, Sum: 0, Workers: 4
[11.461s][debug][gc,phases      ] GC(22)     Total                          Min: 0, Avg:  0.2, Max: 1, Diff: 1, Sum: 1, Workers: 4
[11.461s][debug][gc,phases      ] GC(22)   StringDedup Table Weak         Min:  0.0, Avg:  0.0, Max:  0.0, Diff:  0.0, Sum:  0.0, Workers: 4
[11.461s][debug][gc,phases      ] GC(22)     Dead                           Min: 0, Avg:  0.0, Max: 0, Diff: 0, Sum: 0, Workers: 4
[11.461s][debug][gc,phases      ] GC(22)     Total                          Min: 0, Avg:  0.0, Max: 0, Diff: 0, Sum: 0, Workers: 4
[11.461s][debug][gc,phases      ] GC(22)   StringDedup Requests0 Weak     Min:  0.0, Avg:  0.0, Max:  0.0, Diff:  0.0, Sum:  0.0, Workers: 4
[11.461s][debug][gc,phases      ] GC(22)     Dead                           Min: 0, Avg:  0.0, Max: 0, Diff: 0, Sum: 0, Workers: 4
[11.461s][debug][gc,phases      ] GC(22)     Total                          Min: 0, Avg:  0.0, Max: 0, Diff: 0, Sum: 0, Workers: 4
[11.461s][debug][gc,phases      ] GC(22)   StringDedup Requests1 Weak     Min:  0.0, Avg:  0.0, Max:  0.0, Diff:  0.0, Sum:  0.0, Workers: 4
[11.461s][debug][gc,phases      ] GC(22)     Dead                           Min: 0, Avg:  0.0, Max: 0, Diff: 0, Sum: 0, Workers: 4
[11.461s][debug][gc,phases      ] GC(22)     Total                          Min: 0, Avg:  0.0, Max: 0, Diff: 0, Sum: 0, Workers: 4
[11.461s][debug][gc,phases      ] GC(22)   Weak JFR Old Object Samples    Min:  0.0, Avg:  0.0, Max:  0.0, Diff:  0.0, Sum:  0.0, Workers: 4
[11.461s][debug][gc,phases      ] GC(22)     Dead                           Min: 0, Avg:  0.0, Max: 0, Diff: 0, Sum: 0, Workers: 4
[11.461s][debug][gc,phases      ] GC(22)     Total                          Min: 0, Avg:  0.0, Max: 0, Diff: 0, Sum: 0, Workers: 4
[11.461s][debug][gc,phases      ] GC(22) Weak Processing 0.352ms
[11.461s][debug][gc,age         ] GC(22) Desired survivor size 194510848 bytes, new threshold 15 (max threshold 15)
[11.461s][info ][gc,heap        ] GC(22) PSYoungGen: 1736305K(1897472K)->49777K(1887744K) Eden: 1688064K(1688064K)->0K(1688064K) From: 48241K(209408K)->49777K(199680K)
[11.461s][info ][gc,heap        ] GC(22) ParOldGen: 177971K(269312K)->177979K(269312K)
[11.461s][info ][gc,metaspace   ] GC(22) Metaspace: 63774K(64320K)->63774K(64320K) NonClass: 54440K(54720K)->54440K(54720K) Class: 9334K(9600K)->9334K(9600K)
[11.461s][info ][gc             ] GC(22) Pause Young (Allocation Failure) 1869M->222M(2106M) 20.279ms
[11.462s][info ][gc,cpu         ] GC(22) User=0.09s Sys=0.00s Real=0.02s
[11.462s][info ][safepoint      ] Safepoint "ParallelGCFailedAllocation", Time since last: 326503682 ns, Reaching safepoint: 208706 ns, At safepoint: 20389736 ns, Total: 20598442 ns
[11.850s][info ][gc,start       ] GC(23) Pause Young (Allocation Failure)
[11.893s][debug][gc,phases      ] GC(23) Scavenge 43.180ms
[11.894s][debug][gc,ref         ] GC(23) Skipped phase 1 of Reference Processing: no references
[11.894s][debug][gc,ref         ] GC(23) ReferenceProcessor::execute queues: 1, RefProcThreadModel::Single, marks_oops_alive: false
[11.894s][debug][gc,ref         ] GC(23) Skipped phase 3 of Reference Processing: no references
[11.894s][debug][gc,ref         ] GC(23) ReferenceProcessor::execute queues: 1, RefProcThreadModel::Single, marks_oops_alive: false
[11.894s][debug][gc,phases      ] GC(23) Reference Processing 0.199ms
[11.894s][debug][gc,phases      ] GC(23)   VM Weak                        Min:  0.0, Avg:  0.0, Max:  0.0, Diff:  0.0, Sum:  0.0, Workers: 4
[11.894s][debug][gc,phases      ] GC(23)     Dead                           Min: 0, Avg:  0.0, Max: 0, Diff: 0, Sum: 0, Workers: 4
[11.894s][debug][gc,phases      ] GC(23)     Total                          Min: 0, Avg: 117.8, Max: 343, Diff: 343, Sum: 471, Workers: 4
[11.894s][debug][gc,phases      ] GC(23)   ObjectSynchronizer Weak        Min:  0.0, Avg:  0.0, Max:  0.0, Diff:  0.0, Sum:  0.0, Workers: 4
[11.894s][debug][gc,phases      ] GC(23)     Dead                           Min: 0, Avg:  0.0, Max: 0, Diff: 0, Sum: 0, Workers: 4
[11.894s][debug][gc,phases      ] GC(23)     Total                          Min: 0, Avg: 112.8, Max: 195, Diff: 195, Sum: 451, Workers: 4
[11.894s][debug][gc,phases      ] GC(23)   JVMTI Tag Weak OopStorage      Min:  0.0, Avg:  0.0, Max:  0.0, Diff:  0.0, Sum:  0.0, Workers: 4
[11.894s][debug][gc,phases      ] GC(23)     Dead                           Min: 0, Avg:  0.0, Max: 0, Diff: 0, Sum: 0, Workers: 4
[11.894s][debug][gc,phases      ] GC(23)     Total                          Min: 0, Avg:  0.0, Max: 0, Diff: 0, Sum: 0, Workers: 4
[11.894s][debug][gc,phases      ] GC(23)   StringTable Weak               Min:  0.1, Avg:  0.1, Max:  0.1, Diff:  0.0, Sum:  0.5, Workers: 4
[11.894s][debug][gc,phases      ] GC(23)     Dead                           Min: 0, Avg:  3.8, Max: 11, Diff: 11, Sum: 15, Workers: 4
[11.894s][debug][gc,phases      ] GC(23)     Total                          Min: 9792, Avg: 10448.0, Max: 11456, Diff: 1664, Sum: 41792, Workers: 4
[11.894s][debug][gc,phases      ] GC(23)   ResolvedMethodTable Weak       Min:  0.0, Avg:  0.0, Max:  0.0, Diff:  0.0, Sum:  0.1, Workers: 4
[11.894s][debug][gc,phases      ] GC(23)     Dead                           Min: 0, Avg:  6.2, Max: 20, Diff: 20, Sum: 25, Workers: 4
[11.894s][debug][gc,phases      ] GC(23)     Total                          Min: 1278, Avg: 1628.8, Max: 1909, Diff: 631, Sum: 6515, Workers: 4
[11.894s][debug][gc,phases      ] GC(23)   JNI Weak                       Min:  0.0, Avg:  0.0, Max:  0.0, Diff:  0.0, Sum:  0.0, Workers: 4
[11.894s][debug][gc,phases      ] GC(23)     Dead                           Min: 0, Avg:  0.0, Max: 0, Diff: 0, Sum: 0, Workers: 4
[11.894s][debug][gc,phases      ] GC(23)     Total                          Min: 0, Avg:  2.0, Max: 8, Diff: 8, Sum: 8, Workers: 4
[11.894s][debug][gc,phases      ] GC(23)   StringDedup Table Weak         Min:  0.0, Avg:  0.0, Max:  0.0, Diff:  0.0, Sum:  0.0, Workers: 4
[11.894s][debug][gc,phases      ] GC(23)     Dead                           Min: 0, Avg:  0.0, Max: 0, Diff: 0, Sum: 0, Workers: 4
[11.894s][debug][gc,phases      ] GC(23)     Total                          Min: 0, Avg:  0.0, Max: 0, Diff: 0, Sum: 0, Workers: 4
[11.894s][debug][gc,phases      ] GC(23)   StringDedup Requests0 Weak     Min:  0.0, Avg:  0.0, Max:  0.0, Diff:  0.0, Sum:  0.0, Workers: 4
[11.894s][debug][gc,phases      ] GC(23)     Dead                           Min: 0, Avg:  0.0, Max: 0, Diff: 0, Sum: 0, Workers: 4
[11.894s][debug][gc,phases      ] GC(23)     Total                          Min: 0, Avg:  0.0, Max: 0, Diff: 0, Sum: 0, Workers: 4
[11.894s][debug][gc,phases      ] GC(23)   StringDedup Requests1 Weak     Min:  0.0, Avg:  0.0, Max:  0.0, Diff:  0.0, Sum:  0.0, Workers: 4
[11.894s][debug][gc,phases      ] GC(23)     Dead                           Min: 0, Avg:  0.0, Max: 0, Diff: 0, Sum: 0, Workers: 4
[11.894s][debug][gc,phases      ] GC(23)     Total                          Min: 0, Avg:  0.0, Max: 0, Diff: 0, Sum: 0, Workers: 4
[11.894s][debug][gc,phases      ] GC(23)   Weak JFR Old Object Samples    Min:  0.0, Avg:  0.0, Max:  0.0, Diff:  0.0, Sum:  0.0, Workers: 4
[11.894s][debug][gc,phases      ] GC(23)     Dead                           Min: 0, Avg:  0.0, Max: 0, Diff: 0, Sum: 0, Workers: 4
[11.894s][debug][gc,phases      ] GC(23)     Total                          Min: 0, Avg:  0.0, Max: 0, Diff: 0, Sum: 0, Workers: 4
[11.894s][debug][gc,phases      ] GC(23) Weak Processing 0.351ms
[11.894s][debug][gc,age         ] GC(23) Desired survivor size 190316544 bytes, new threshold 15 (max threshold 15)
[11.894s][info ][gc,heap        ] GC(23) PSYoungGen: 1737841K(1887744K)->89651K(1911296K) Eden: 1688064K(1688064K)->0K(1721344K) From: 49777K(199680K)->89651K(189952K)
[11.894s][info ][gc,heap        ] GC(23) ParOldGen: 177979K(269312K)->181217K(269312K)
[11.894s][info ][gc,metaspace   ] GC(23) Metaspace: 65336K(65920K)->65336K(65920K) NonClass: 55807K(56128K)->55807K(56128K) Class: 9529K(9792K)->9529K(9792K)
[11.894s][info ][gc             ] GC(23) Pause Young (Allocation Failure) 1870M->264M(2129M) 43.874ms
[11.894s][info ][gc,cpu         ] GC(23) User=0.18s Sys=0.00s Real=0.05s
[11.894s][info ][safepoint      ] Safepoint "ParallelGCFailedAllocation", Time since last: 388109503 ns, Reaching safepoint: 528017 ns, At safepoint: 43987572 ns, Total: 44515589 ns
[12.167s][info ][gc,start       ] GC(24) Pause Young (Allocation Failure)
[12.229s][debug][gc,phases      ] GC(24) Scavenge 62.484ms
[12.229s][debug][gc,ref         ] GC(24) Skipped phase 1 of Reference Processing: no references
[12.229s][debug][gc,ref         ] GC(24) ReferenceProcessor::execute queues: 1, RefProcThreadModel::Single, marks_oops_alive: false
[12.229s][debug][gc,ref         ] GC(24) Skipped phase 3 of Reference Processing: no references
[12.229s][debug][gc,ref         ] GC(24) ReferenceProcessor::execute queues: 1, RefProcThreadModel::Single, marks_oops_alive: false
[12.229s][debug][gc,phases      ] GC(24) Reference Processing 0.163ms
[12.229s][debug][gc,phases      ] GC(24)   VM Weak                        Min:  0.0, Avg:  0.0, Max:  0.0, Diff:  0.0, Sum:  0.0, Workers: 4
[12.229s][debug][gc,phases      ] GC(24)     Dead                           Min: 0, Avg:  0.0, Max: 0, Diff: 0, Sum: 0, Workers: 4
[12.229s][debug][gc,phases      ] GC(24)     Total                          Min: 0, Avg: 117.8, Max: 279, Diff: 279, Sum: 471, Workers: 4
[12.229s][debug][gc,phases      ] GC(24)   ObjectSynchronizer Weak        Min:  0.0, Avg:  0.0, Max:  0.0, Diff:  0.0, Sum:  0.0, Workers: 4
[12.229s][debug][gc,phases      ] GC(24)     Dead                           Min: 0, Avg:  0.0, Max: 0, Diff: 0, Sum: 0, Workers: 4
[12.229s][debug][gc,phases      ] GC(24)     Total                          Min: 0, Avg: 112.8, Max: 256, Diff: 256, Sum: 451, Workers: 4
[12.229s][debug][gc,phases      ] GC(24)   JVMTI Tag Weak OopStorage      Min:  0.0, Avg:  0.0, Max:  0.0, Diff:  0.0, Sum:  0.0, Workers: 4
[12.230s][debug][gc,phases      ] GC(24)     Dead                           Min: 0, Avg:  0.0, Max: 0, Diff: 0, Sum: 0, Workers: 4
[12.230s][debug][gc,phases      ] GC(24)     Total                          Min: 0, Avg:  0.0, Max: 0, Diff: 0, Sum: 0, Workers: 4
[12.230s][debug][gc,phases      ] GC(24)   StringTable Weak               Min:  0.1, Avg:  0.1, Max:  0.1, Diff:  0.0, Sum:  0.5, Workers: 4
[12.230s][debug][gc,phases      ] GC(24)     Dead                           Min: 0, Avg:  0.0, Max: 0, Diff: 0, Sum: 0, Workers: 4
[12.230s][debug][gc,phases      ] GC(24)     Total                          Min: 9664, Avg: 10448.0, Max: 11392, Diff: 1728, Sum: 41792, Workers: 4
[12.230s][debug][gc,phases      ] GC(24)   ResolvedMethodTable Weak       Min:  0.0, Avg:  0.0, Max:  0.0, Diff:  0.0, Sum:  0.1, Workers: 4
[12.230s][debug][gc,phases      ] GC(24)     Dead                           Min: 0, Avg:  0.0, Max: 0, Diff: 0, Sum: 0, Workers: 4
[12.230s][debug][gc,phases      ] GC(24)     Total                          Min: 1527, Avg: 1628.8, Max: 1789, Diff: 262, Sum: 6515, Workers: 4
[12.230s][debug][gc,phases      ] GC(24)   JNI Weak                       Min:  0.0, Avg:  0.0, Max:  0.0, Diff:  0.0, Sum:  0.0, Workers: 4
[12.230s][debug][gc,phases      ] GC(24)     Dead                           Min: 0, Avg:  0.0, Max: 0, Diff: 0, Sum: 0, Workers: 4
[12.230s][debug][gc,phases      ] GC(24)     Total                          Min: 0, Avg:  0.5, Max: 2, Diff: 2, Sum: 2, Workers: 4
[12.230s][debug][gc,phases      ] GC(24)   StringDedup Table Weak         Min:  0.0, Avg:  0.0, Max:  0.0, Diff:  0.0, Sum:  0.0, Workers: 4
[12.230s][debug][gc,phases      ] GC(24)     Dead                           Min: 0, Avg:  0.0, Max: 0, Diff: 0, Sum: 0, Workers: 4
[12.230s][debug][gc,phases      ] GC(24)     Total                          Min: 0, Avg:  0.0, Max: 0, Diff: 0, Sum: 0, Workers: 4
[12.230s][debug][gc,phases      ] GC(24)   StringDedup Requests0 Weak     Min:  0.0, Avg:  0.0, Max:  0.0, Diff:  0.0, Sum:  0.0, Workers: 4
[12.230s][debug][gc,phases      ] GC(24)     Dead                           Min: 0, Avg:  0.0, Max: 0, Diff: 0, Sum: 0, Workers: 4
[12.230s][debug][gc,phases      ] GC(24)     Total                          Min: 0, Avg:  0.0, Max: 0, Diff: 0, Sum: 0, Workers: 4
[12.230s][debug][gc,phases      ] GC(24)   StringDedup Requests1 Weak     Min:  0.0, Avg:  0.0, Max:  0.0, Diff:  0.0, Sum:  0.0, Workers: 4
[12.230s][debug][gc,phases      ] GC(24)     Dead                           Min: 0, Avg:  0.0, Max: 0, Diff: 0, Sum: 0, Workers: 4
[12.230s][debug][gc,phases      ] GC(24)     Total                          Min: 0, Avg:  0.0, Max: 0, Diff: 0, Sum: 0, Workers: 4
[12.230s][debug][gc,phases      ] GC(24)   Weak JFR Old Object Samples    Min:  0.0, Avg:  0.0, Max:  0.0, Diff:  0.0, Sum:  0.0, Workers: 4
[12.230s][debug][gc,phases      ] GC(24)     Dead                           Min: 0, Avg:  0.0, Max: 0, Diff: 0, Sum: 0, Workers: 4
[12.230s][debug][gc,phases      ] GC(24)     Total                          Min: 0, Avg:  0.0, Max: 0, Diff: 0, Sum: 0, Workers: 4
[12.230s][debug][gc,phases      ] GC(24) Weak Processing 0.346ms
[12.230s][debug][gc,age         ] GC(24) Desired survivor size 195559424 bytes, new threshold 15 (max threshold 15)
[12.230s][info ][gc,heap        ] GC(24) PSYoungGen: 1810995K(1911296K)->115075K(1836544K) Eden: 1721344K(1721344K)->0K(1721344K) From: 89651K(189952K)->115075K(115200K)
[12.230s][info ][gc,heap        ] GC(24) ParOldGen: 181217K(269312K)->188005K(269312K)
[12.230s][info ][gc,metaspace   ] GC(24) Metaspace: 65336K(65920K)->65336K(65920K) NonClass: 55807K(56128K)->55807K(56128K) Class: 9529K(9792K)->9529K(9792K)
[12.230s][info ][gc             ] GC(24) Pause Young (Allocation Failure) 1945M->295M(2056M) 63.131ms
[12.230s][info ][gc,cpu         ] GC(24) User=0.22s Sys=0.02s Real=0.06s
[12.230s][info ][safepoint      ] Safepoint "ParallelGCFailedAllocation", Time since last: 272153480 ns, Reaching safepoint: 130904 ns, At safepoint: 63242270 ns, Total: 63373174 ns
[12.555s][info ][gc,start       ] GC(25) Pause Young (Allocation Failure)
[12.688s][debug][gc,phases      ] GC(25) Scavenge 132.696ms
[12.688s][debug][gc,ref         ] GC(25) Skipped phase 1 of Reference Processing: no references
[12.688s][debug][gc,ref         ] GC(25) ReferenceProcessor::execute queues: 1, RefProcThreadModel::Single, marks_oops_alive: false
[12.688s][debug][gc,ref         ] GC(25) Skipped phase 3 of Reference Processing: no references
[12.688s][debug][gc,ref         ] GC(25) ReferenceProcessor::execute queues: 1, RefProcThreadModel::Single, marks_oops_alive: false
[12.688s][debug][gc,phases      ] GC(25) Reference Processing 0.163ms
[12.688s][debug][gc,phases      ] GC(25)   VM Weak                        Min:  0.0, Avg:  0.0, Max:  0.0, Diff:  0.0, Sum:  0.0, Workers: 4
[12.688s][debug][gc,phases      ] GC(25)     Dead                           Min: 0, Avg:  0.0, Max: 0, Diff: 0, Sum: 0, Workers: 4
[12.688s][debug][gc,phases      ] GC(25)     Total                          Min: 0, Avg: 117.8, Max: 471, Diff: 471, Sum: 471, Workers: 4
[12.688s][debug][gc,phases      ] GC(25)   ObjectSynchronizer Weak        Min:  0.0, Avg:  0.0, Max:  0.0, Diff:  0.0, Sum:  0.0, Workers: 4
[12.688s][debug][gc,phases      ] GC(25)     Dead                           Min: 0, Avg:  0.0, Max: 0, Diff: 0, Sum: 0, Workers: 4
[12.688s][debug][gc,phases      ] GC(25)     Total                          Min: 0, Avg: 112.8, Max: 451, Diff: 451, Sum: 451, Workers: 4
[12.688s][debug][gc,phases      ] GC(25)   JVMTI Tag Weak OopStorage      Min:  0.0, Avg:  0.0, Max:  0.0, Diff:  0.0, Sum:  0.0, Workers: 4
[12.688s][debug][gc,phases      ] GC(25)     Dead                           Min: 0, Avg:  0.0, Max: 0, Diff: 0, Sum: 0, Workers: 4
[12.688s][debug][gc,phases      ] GC(25)     Total                          Min: 0, Avg:  0.0, Max: 0, Diff: 0, Sum: 0, Workers: 4
[12.688s][debug][gc,phases      ] GC(25)   StringTable Weak               Min:  0.1, Avg:  0.1, Max:  0.1, Diff:  0.0, Sum:  0.4, Workers: 4
[12.688s][debug][gc,phases      ] GC(25)     Dead                           Min: 0, Avg:  2.8, Max: 11, Diff: 11, Sum: 11, Workers: 4
[12.688s][debug][gc,phases      ] GC(25)     Total                          Min: 8122, Avg: 10448.0, Max: 12427, Diff: 4305, Sum: 41792, Workers: 4
[12.688s][debug][gc,phases      ] GC(25)   ResolvedMethodTable Weak       Min:  0.0, Avg:  0.0, Max:  0.0, Diff:  0.0, Sum:  0.1, Workers: 4
[12.688s][debug][gc,phases      ] GC(25)     Dead                           Min: 0, Avg:  0.0, Max: 0, Diff: 0, Sum: 0, Workers: 4
[12.688s][debug][gc,phases      ] GC(25)     Total                          Min: 1404, Avg: 1628.8, Max: 1856, Diff: 452, Sum: 6515, Workers: 4
[12.688s][debug][gc,phases      ] GC(25)   JNI Weak                       Min:  0.0, Avg:  0.0, Max:  0.0, Diff:  0.0, Sum:  0.0, Workers: 4
[12.688s][debug][gc,phases      ] GC(25)     Dead                           Min: 0, Avg:  0.0, Max: 0, Diff: 0, Sum: 0, Workers: 4
[12.688s][debug][gc,phases      ] GC(25)     Total                          Min: 0, Avg:  0.0, Max: 0, Diff: 0, Sum: 0, Workers: 4
[12.688s][debug][gc,phases      ] GC(25)   StringDedup Table Weak         Min:  0.0, Avg:  0.0, Max:  0.0, Diff:  0.0, Sum:  0.0, Workers: 4
[12.688s][debug][gc,phases      ] GC(25)     Dead                           Min: 0, Avg:  0.0, Max: 0, Diff: 0, Sum: 0, Workers: 4
[12.688s][debug][gc,phases      ] GC(25)     Total                          Min: 0, Avg:  0.0, Max: 0, Diff: 0, Sum: 0, Workers: 4
[12.688s][debug][gc,phases      ] GC(25)   StringDedup Requests0 Weak     Min:  0.0, Avg:  0.0, Max:  0.0, Diff:  0.0, Sum:  0.0, Workers: 4
[12.688s][debug][gc,phases      ] GC(25)     Dead                           Min: 0, Avg:  0.0, Max: 0, Diff: 0, Sum: 0, Workers: 4
[12.688s][debug][gc,phases      ] GC(25)     Total                          Min: 0, Avg:  0.0, Max: 0, Diff: 0, Sum: 0, Workers: 4
[12.688s][debug][gc,phases      ] GC(25)   StringDedup Requests1 Weak     Min:  0.0, Avg:  0.0, Max:  0.0, Diff:  0.0, Sum:  0.0, Workers: 4
[12.688s][debug][gc,phases      ] GC(25)     Dead                           Min: 0, Avg:  0.0, Max: 0, Diff: 0, Sum: 0, Workers: 4
[12.688s][debug][gc,phases      ] GC(25)     Total                          Min: 0, Avg:  0.0, Max: 0, Diff: 0, Sum: 0, Workers: 4
[12.688s][debug][gc,phases      ] GC(25)   Weak JFR Old Object Samples    Min:  0.0, Avg:  0.0, Max:  0.0, Diff:  0.0, Sum:  0.0, Workers: 4
[12.688s][debug][gc,phases      ] GC(25)     Dead                           Min: 0, Avg:  0.0, Max: 0, Diff: 0, Sum: 0, Workers: 4
[12.688s][debug][gc,phases      ] GC(25)     Total                          Min: 0, Avg:  0.0, Max: 0, Diff: 0, Sum: 0, Workers: 4
[12.688s][debug][gc,phases      ] GC(25) Weak Processing 0.328ms
[12.688s][debug][gc,age         ] GC(25) Desired survivor size 250609664 bytes, new threshold 14 (max threshold 15)
[12.688s][info ][gc,heap        ] GC(25) PSYoungGen: 1836419K(1836544K)->190958K(1798656K) Eden: 1721344K(1721344K)->0K(1607680K) From: 115075K(115200K)->190958K(190976K)
[12.688s][info ][gc,heap        ] GC(25) ParOldGen: 188005K(269312K)->247619K(269312K)
[12.688s][info ][gc,metaspace   ] GC(25) Metaspace: 65339K(65920K)->65339K(65920K) NonClass: 55810K(56128K)->55810K(56128K) Class: 9529K(9792K)->9529K(9792K)
[12.688s][info ][gc             ] GC(25) Pause Young (Allocation Failure) 1976M->428M(2019M) 133.323ms
[12.688s][info ][gc,cpu         ] GC(25) User=0.46s Sys=0.07s Real=0.13s
[12.688s][debug][gc,phases      ] GC(26) Pre Compact 0.011ms
[12.688s][info ][gc,start       ] GC(26) Pause Full (Ergonomics)
[12.688s][info ][gc,phases,start] GC(26) Marking Phase
[12.859s][debug][gc,phases      ] GC(26) Par Mark 171.185ms
[12.859s][debug][gc,ref         ] GC(26) Skipped phase 1 of Reference Processing: no references
[12.860s][debug][gc,ref         ] GC(26) ReferenceProcessor::execute queues: 4, RefProcThreadModel::Multi, marks_oops_alive: false
[12.860s][debug][gc,ref         ] GC(26) Skipped phase 3 of Reference Processing: no references
[12.860s][debug][gc,ref         ] GC(26) ReferenceProcessor::execute queues: 1, RefProcThreadModel::Single, marks_oops_alive: false
[12.860s][debug][gc,phases      ] GC(26) Reference Processing 0.373ms
[12.860s][debug][gc,phases      ] GC(26)   VM Weak                        Min:  0.0, Avg:  0.0, Max:  0.0, Diff:  0.0, Sum:  0.0, Workers: 4
[12.860s][debug][gc,phases      ] GC(26)     Dead                           Min: 0, Avg:  0.0, Max: 0, Diff: 0, Sum: 0, Workers: 4
[12.860s][debug][gc,phases      ] GC(26)     Total                          Min: 0, Avg: 117.8, Max: 279, Diff: 279, Sum: 471, Workers: 4
[12.860s][debug][gc,phases      ] GC(26)   ObjectSynchronizer Weak        Min:  0.0, Avg:  0.0, Max:  0.0, Diff:  0.0, Sum:  0.0, Workers: 4
[12.860s][debug][gc,phases      ] GC(26)     Dead                           Min: 0, Avg:  0.2, Max: 1, Diff: 1, Sum: 1, Workers: 4
[12.860s][debug][gc,phases      ] GC(26)     Total                          Min: 0, Avg: 112.8, Max: 192, Diff: 192, Sum: 451, Workers: 4
[12.860s][debug][gc,phases      ] GC(26)   JVMTI Tag Weak OopStorage      Min:  0.0, Avg:  0.0, Max:  0.0, Diff:  0.0, Sum:  0.0, Workers: 4
[12.860s][debug][gc,phases      ] GC(26)     Dead                           Min: 0, Avg:  0.0, Max: 0, Diff: 0, Sum: 0, Workers: 4
[12.860s][debug][gc,phases      ] GC(26)     Total                          Min: 0, Avg:  0.0, Max: 0, Diff: 0, Sum: 0, Workers: 4
[12.860s][debug][gc,phases      ] GC(26)   StringTable Weak               Min:  0.1, Avg:  0.1, Max:  0.1, Diff:  0.0, Sum:  0.5, Workers: 4
[12.860s][debug][gc,phases      ] GC(26)     Dead                           Min: 0, Avg:  0.0, Max: 0, Diff: 0, Sum: 0, Workers: 4
[12.860s][debug][gc,phases      ] GC(26)     Total                          Min: 9088, Avg: 10448.0, Max: 12789, Diff: 3701, Sum: 41792, Workers: 4
[12.860s][debug][gc,phases      ] GC(26)   ResolvedMethodTable Weak       Min:  0.0, Avg:  0.0, Max:  0.0, Diff:  0.0, Sum:  0.1, Workers: 4
[12.860s][debug][gc,phases      ] GC(26)     Dead                           Min: 0, Avg:  0.2, Max: 1, Diff: 1, Sum: 1, Workers: 4
[12.860s][debug][gc,phases      ] GC(26)     Total                          Min: 1279, Avg: 1628.8, Max: 2039, Diff: 760, Sum: 6515, Workers: 4
[12.860s][debug][gc,phases      ] GC(26)   JNI Weak                       Min:  0.0, Avg:  0.0, Max:  0.0, Diff:  0.0, Sum:  0.0, Workers: 4
[12.860s][debug][gc,phases      ] GC(26)     Dead                           Min: 0, Avg:  0.0, Max: 0, Diff: 0, Sum: 0, Workers: 4
[12.860s][debug][gc,phases      ] GC(26)     Total                          Min: 0, Avg:  0.0, Max: 0, Diff: 0, Sum: 0, Workers: 4
[12.860s][debug][gc,phases      ] GC(26)   StringDedup Table Weak         Min:  0.0, Avg:  0.0, Max:  0.0, Diff:  0.0, Sum:  0.0, Workers: 4
[12.860s][debug][gc,phases      ] GC(26)     Dead                           Min: 0, Avg:  0.0, Max: 0, Diff: 0, Sum: 0, Workers: 4
[12.860s][debug][gc,phases      ] GC(26)     Total                          Min: 0, Avg:  0.0, Max: 0, Diff: 0, Sum: 0, Workers: 4
[12.860s][debug][gc,phases      ] GC(26)   StringDedup Requests0 Weak     Min:  0.0, Avg:  0.0, Max:  0.0, Diff:  0.0, Sum:  0.0, Workers: 4
[12.860s][debug][gc,phases      ] GC(26)     Dead                           Min: 0, Avg:  0.0, Max: 0, Diff: 0, Sum: 0, Workers: 4
[12.860s][debug][gc,phases      ] GC(26)     Total                          Min: 0, Avg:  0.0, Max: 0, Diff: 0, Sum: 0, Workers: 4
[12.860s][debug][gc,phases      ] GC(26)   StringDedup Requests1 Weak     Min:  0.0, Avg:  0.0, Max:  0.0, Diff:  0.0, Sum:  0.0, Workers: 4
[12.860s][debug][gc,phases      ] GC(26)     Dead                           Min: 0, Avg:  0.0, Max: 0, Diff: 0, Sum: 0, Workers: 4
[12.860s][debug][gc,phases      ] GC(26)     Total                          Min: 0, Avg:  0.0, Max: 0, Diff: 0, Sum: 0, Workers: 4
[12.860s][debug][gc,phases      ] GC(26)   Weak JFR Old Object Samples    Min:  0.0, Avg:  0.0, Max:  0.0, Diff:  0.0, Sum:  0.0, Workers: 4
[12.860s][debug][gc,phases      ] GC(26)     Dead                           Min: 0, Avg:  0.0, Max: 0, Diff: 0, Sum: 0, Workers: 4
[12.860s][debug][gc,phases      ] GC(26)     Total                          Min: 0, Avg:  0.0, Max: 0, Diff: 0, Sum: 0, Workers: 4
[12.860s][debug][gc,phases      ] GC(26) Weak Processing 0.502ms
[12.860s][debug][gc,phases      ] GC(26) ClassLoaderData 0.064ms
[12.860s][debug][gc,phases      ] GC(26) Trigger cleanups 0.000ms
[12.869s][debug][gc,phases      ] GC(26) Class Unloading 8.343ms
[12.869s][info ][gc,phases      ] GC(26) Marking Phase 180.562ms
[12.869s][info ][gc,phases,start] GC(26) Summary Phase
[12.869s][info ][gc,phases      ] GC(26) Summary Phase 0.021ms
[12.869s][info ][gc,phases,start] GC(26) Adjust Roots
[12.877s][info ][gc,phases      ] GC(26) Adjust Roots 8.537ms
[12.877s][info ][gc,phases,start] GC(26) Compaction Phase
[13.324s][info ][gc,phases      ] GC(26) Compaction Phase 446.924ms
[13.324s][info ][gc,phases,start] GC(26) Post Compact
[13.326s][info ][gc,phases      ] GC(26) Post Compact 1.798ms
[13.326s][info ][gc,heap        ] GC(26) PSYoungGen: 190958K(1798656K)->168738K(1798656K) Eden: 0K(1607680K)->0K(1607680K) From: 190958K(190976K)->168738K(190976K)
[13.326s][info ][gc,heap        ] GC(26) ParOldGen: 247619K(269312K)->268941K(350720K)
[13.326s][info ][gc,metaspace   ] GC(26) Metaspace: 65339K(65920K)->65339K(65920K) NonClass: 55810K(56128K)->55810K(56128K) Class: 9529K(9792K)->9529K(9792K)
[13.326s][info ][gc             ] GC(26) Pause Full (Ergonomics) 428M->427M(2099M) 638.104ms
[13.326s][info ][gc,cpu         ] GC(26) User=2.48s Sys=0.00s Real=0.64s
[13.326s][info ][safepoint      ] Safepoint "ParallelGCFailedAllocation", Time since last: 324852522 ns, Reaching safepoint: 138805 ns, At safepoint: 771624132 ns, Total: 771762937 ns
[13.550s][info ][gc,start       ] GC(27) Pause Young (Allocation Failure)
[13.700s][debug][gc,phases      ] GC(27) Scavenge 149.869ms
[13.700s][debug][gc,ref         ] GC(27) Skipped phase 1 of Reference Processing: no references
[13.700s][debug][gc,ref         ] GC(27) ReferenceProcessor::execute queues: 1, RefProcThreadModel::Single, marks_oops_alive: false
[13.700s][debug][gc,ref         ] GC(27) Skipped phase 3 of Reference Processing: no references
[13.700s][debug][gc,ref         ] GC(27) Skipped phase 4 of Reference Processing: no references
[13.700s][debug][gc,phases      ] GC(27) Reference Processing 0.129ms
[13.700s][debug][gc,phases      ] GC(27)   VM Weak                        Min:  0.0, Avg:  0.0, Max:  0.0, Diff:  0.0, Sum:  0.0, Workers: 4
[13.700s][debug][gc,phases      ] GC(27)     Dead                           Min: 0, Avg:  0.0, Max: 0, Diff: 0, Sum: 0, Workers: 4
[13.700s][debug][gc,phases      ] GC(27)     Total                          Min: 0, Avg: 117.8, Max: 471, Diff: 471, Sum: 471, Workers: 4
[13.700s][debug][gc,phases      ] GC(27)   ObjectSynchronizer Weak        Min:  0.0, Avg:  0.0, Max:  0.0, Diff:  0.0, Sum:  0.0, Workers: 4
[13.700s][debug][gc,phases      ] GC(27)     Dead                           Min: 0, Avg:  0.0, Max: 0, Diff: 0, Sum: 0, Workers: 4
[13.700s][debug][gc,phases      ] GC(27)     Total                          Min: 0, Avg: 112.8, Max: 451, Diff: 451, Sum: 451, Workers: 4
[13.700s][debug][gc,phases      ] GC(27)   JVMTI Tag Weak OopStorage      Min:  0.0, Avg:  0.0, Max:  0.0, Diff:  0.0, Sum:  0.0, Workers: 4
[13.700s][debug][gc,phases      ] GC(27)     Dead                           Min: 0, Avg:  0.0, Max: 0, Diff: 0, Sum: 0, Workers: 4
[13.700s][debug][gc,phases      ] GC(27)     Total                          Min: 0, Avg:  0.0, Max: 0, Diff: 0, Sum: 0, Workers: 4
[13.700s][debug][gc,phases      ] GC(27)   StringTable Weak               Min:  0.1, Avg:  0.1, Max:  0.1, Diff:  0.0, Sum:  0.4, Workers: 4
[13.700s][debug][gc,phases      ] GC(27)     Dead                           Min: 0, Avg:  2.8, Max: 6, Diff: 6, Sum: 11, Workers: 4
[13.700s][debug][gc,phases      ] GC(27)     Total                          Min: 8768, Avg: 10454.2, Max: 11801, Diff: 3033, Sum: 41817, Workers: 4
[13.700s][debug][gc,phases      ] GC(27)   ResolvedMethodTable Weak       Min:  0.0, Avg:  0.0, Max:  0.0, Diff:  0.0, Sum:  0.1, Workers: 4
[13.700s][debug][gc,phases      ] GC(27)     Dead                           Min: 0, Avg:  0.0, Max: 0, Diff: 0, Sum: 0, Workers: 4
[13.700s][debug][gc,phases      ] GC(27)     Total                          Min: 1407, Avg: 1628.8, Max: 1909, Diff: 502, Sum: 6515, Workers: 4
[13.700s][debug][gc,phases      ] GC(27)   JNI Weak                       Min:  0.0, Avg:  0.0, Max:  0.0, Diff:  0.0, Sum:  0.0, Workers: 4
[13.700s][debug][gc,phases      ] GC(27)     Dead                           Min: 0, Avg:  0.0, Max: 0, Diff: 0, Sum: 0, Workers: 4
[13.700s][debug][gc,phases      ] GC(27)     Total                          Min: 0, Avg:  0.0, Max: 0, Diff: 0, Sum: 0, Workers: 4
[13.700s][debug][gc,phases      ] GC(27)   StringDedup Table Weak         Min:  0.0, Avg:  0.0, Max:  0.0, Diff:  0.0, Sum:  0.0, Workers: 4
[13.700s][debug][gc,phases      ] GC(27)     Dead                           Min: 0, Avg:  0.0, Max: 0, Diff: 0, Sum: 0, Workers: 4
[13.700s][debug][gc,phases      ] GC(27)     Total                          Min: 0, Avg:  0.0, Max: 0, Diff: 0, Sum: 0, Workers: 4
[13.700s][debug][gc,phases      ] GC(27)   StringDedup Requests0 Weak     Min:  0.0, Avg:  0.0, Max:  0.0, Diff:  0.0, Sum:  0.0, Workers: 4
[13.700s][debug][gc,phases      ] GC(27)     Dead                           Min: 0, Avg:  0.0, Max: 0, Diff: 0, Sum: 0, Workers: 4
[13.700s][debug][gc,phases      ] GC(27)     Total                          Min: 0, Avg:  0.0, Max: 0, Diff: 0, Sum: 0, Workers: 4
[13.700s][debug][gc,phases      ] GC(27)   StringDedup Requests1 Weak     Min:  0.0, Avg:  0.0, Max:  0.0, Diff:  0.0, Sum:  0.0, Workers: 4
[13.700s][debug][gc,phases      ] GC(27)     Dead                           Min: 0, Avg:  0.0, Max: 0, Diff: 0, Sum: 0, Workers: 4
[13.700s][debug][gc,phases      ] GC(27)     Total                          Min: 0, Avg:  0.0, Max: 0, Diff: 0, Sum: 0, Workers: 4
[13.700s][debug][gc,phases      ] GC(27)   Weak JFR Old Object Samples    Min:  0.0, Avg:  0.0, Max:  0.0, Diff:  0.0, Sum:  0.0, Workers: 4
[13.700s][debug][gc,phases      ] GC(27)     Dead                           Min: 0, Avg:  0.0, Max: 0, Diff: 0, Sum: 0, Workers: 4
[13.700s][debug][gc,phases      ] GC(27)     Total                          Min: 0, Avg:  0.0, Max: 0, Diff: 0, Sum: 0, Workers: 4
[13.700s][debug][gc,phases      ] GC(27) Weak Processing 0.311ms
[13.700s][debug][gc,age         ] GC(27) Desired survivor size 305659904 bytes, new threshold 13 (max threshold 15)
[13.700s][info ][gc,heap        ] GC(27) PSYoungGen: 1776418K(1798656K)->244704K(1852416K) Eden: 1607680K(1607680K)->0K(1607680K) From: 168738K(190976K)->244704K(244736K)
[13.700s][info ][gc,heap        ] GC(27) ParOldGen: 268941K(350720K)->302227K(350720K)
[13.700s][info ][gc,metaspace   ] GC(27) Metaspace: 65377K(66048K)->65377K(66048K) NonClass: 55848K(56256K)->55848K(56256K) Class: 9529K(9792K)->9529K(9792K)
[13.701s][info ][gc             ] GC(27) Pause Young (Allocation Failure) 1997M->534M(2151M) 150.443ms
[13.701s][info ][gc,cpu         ] GC(27) User=0.59s Sys=0.01s Real=0.15s
[13.701s][debug][gc,phases      ] GC(28) Pre Compact 0.010ms
[13.701s][info ][gc,start       ] GC(28) Pause Full (Ergonomics)
[13.701s][info ][gc,phases,start] GC(28) Marking Phase
[13.895s][debug][gc,phases      ] GC(28) Par Mark 194.703ms
[13.895s][debug][gc,ref         ] GC(28) Skipped phase 1 of Reference Processing: no references
[13.896s][debug][gc,ref         ] GC(28) ReferenceProcessor::execute queues: 4, RefProcThreadModel::Multi, marks_oops_alive: false
[13.896s][debug][gc,ref         ] GC(28) Skipped phase 3 of Reference Processing: no references
[13.896s][debug][gc,ref         ] GC(28) ReferenceProcessor::execute queues: 1, RefProcThreadModel::Single, marks_oops_alive: false
[13.896s][debug][gc,phases      ] GC(28) Reference Processing 0.422ms
[13.896s][debug][gc,phases      ] GC(28)   VM Weak                        Min:  0.0, Avg:  0.0, Max:  0.0, Diff:  0.0, Sum:  0.0, Workers: 4
[13.896s][debug][gc,phases      ] GC(28)     Dead                           Min: 0, Avg:  0.0, Max: 0, Diff: 0, Sum: 0, Workers: 4
[13.896s][debug][gc,phases      ] GC(28)     Total                          Min: 0, Avg: 117.8, Max: 256, Diff: 256, Sum: 471, Workers: 4
[13.896s][debug][gc,phases      ] GC(28)   ObjectSynchronizer Weak        Min:  0.0, Avg:  0.0, Max:  0.0, Diff:  0.0, Sum:  0.0, Workers: 4
[13.896s][debug][gc,phases      ] GC(28)     Dead                           Min: 0, Avg:  0.0, Max: 0, Diff: 0, Sum: 0, Workers: 4
[13.896s][debug][gc,phases      ] GC(28)     Total                          Min: 0, Avg: 112.8, Max: 192, Diff: 192, Sum: 451, Workers: 4
[13.896s][debug][gc,phases      ] GC(28)   JVMTI Tag Weak OopStorage      Min:  0.0, Avg:  0.0, Max:  0.0, Diff:  0.0, Sum:  0.0, Workers: 4
[13.896s][debug][gc,phases      ] GC(28)     Dead                           Min: 0, Avg:  0.0, Max: 0, Diff: 0, Sum: 0, Workers: 4
[13.896s][debug][gc,phases      ] GC(28)     Total                          Min: 0, Avg:  0.0, Max: 0, Diff: 0, Sum: 0, Workers: 4
[13.896s][debug][gc,phases      ] GC(28)   StringTable Weak               Min:  0.1, Avg:  0.1, Max:  0.1, Diff:  0.0, Sum:  0.6, Workers: 4
[13.896s][debug][gc,phases      ] GC(28)     Dead                           Min: 0, Avg:  0.0, Max: 0, Diff: 0, Sum: 0, Workers: 4
[13.896s][debug][gc,phases      ] GC(28)     Total                          Min: 9728, Avg: 10454.2, Max: 11392, Diff: 1664, Sum: 41817, Workers: 4
[13.896s][debug][gc,phases      ] GC(28)   ResolvedMethodTable Weak       Min:  0.0, Avg:  0.0, Max:  0.0, Diff:  0.0, Sum:  0.1, Workers: 4
[13.896s][debug][gc,phases      ] GC(28)     Dead                           Min: 0, Avg:  0.0, Max: 0, Diff: 0, Sum: 0, Workers: 4
[13.896s][debug][gc,phases      ] GC(28)     Total                          Min: 1342, Avg: 1628.8, Max: 1911, Diff: 569, Sum: 6515, Workers: 4
[13.896s][debug][gc,phases      ] GC(28)   JNI Weak                       Min:  0.0, Avg:  0.0, Max:  0.0, Diff:  0.0, Sum:  0.0, Workers: 4
[13.896s][debug][gc,phases      ] GC(28)     Dead                           Min: 0, Avg:  0.0, Max: 0, Diff: 0, Sum: 0, Workers: 4
[13.896s][debug][gc,phases      ] GC(28)     Total                          Min: 0, Avg:  0.0, Max: 0, Diff: 0, Sum: 0, Workers: 4
[13.896s][debug][gc,phases      ] GC(28)   StringDedup Table Weak         Min:  0.0, Avg:  0.0, Max:  0.0, Diff:  0.0, Sum:  0.0, Workers: 4
[13.896s][debug][gc,phases      ] GC(28)     Dead                           Min: 0, Avg:  0.0, Max: 0, Diff: 0, Sum: 0, Workers: 4
[13.896s][debug][gc,phases      ] GC(28)     Total                          Min: 0, Avg:  0.0, Max: 0, Diff: 0, Sum: 0, Workers: 4
[13.896s][debug][gc,phases      ] GC(28)   StringDedup Requests0 Weak     Min:  0.0, Avg:  0.0, Max:  0.0, Diff:  0.0, Sum:  0.0, Workers: 4
[13.896s][debug][gc,phases      ] GC(28)     Dead                           Min: 0, Avg:  0.0, Max: 0, Diff: 0, Sum: 0, Workers: 4
[13.896s][debug][gc,phases      ] GC(28)     Total                          Min: 0, Avg:  0.0, Max: 0, Diff: 0, Sum: 0, Workers: 4
[13.896s][debug][gc,phases      ] GC(28)   StringDedup Requests1 Weak     Min:  0.0, Avg:  0.0, Max:  0.0, Diff:  0.0, Sum:  0.0, Workers: 4
[13.896s][debug][gc,phases      ] GC(28)     Dead                           Min: 0, Avg:  0.0, Max: 0, Diff: 0, Sum: 0, Workers: 4
[13.896s][debug][gc,phases      ] GC(28)     Total                          Min: 0, Avg:  0.0, Max: 0, Diff: 0, Sum: 0, Workers: 4
[13.896s][debug][gc,phases      ] GC(28)   Weak JFR Old Object Samples    Min:  0.0, Avg:  0.0, Max:  0.0, Diff:  0.0, Sum:  0.0, Workers: 4
[13.896s][debug][gc,phases      ] GC(28)     Dead                           Min: 0, Avg:  0.0, Max: 0, Diff: 0, Sum: 0, Workers: 4
[13.896s][debug][gc,phases      ] GC(28)     Total                          Min: 0, Avg:  0.0, Max: 0, Diff: 0, Sum: 0, Workers: 4
[13.896s][debug][gc,phases      ] GC(28) Weak Processing 0.371ms
[13.896s][debug][gc,phases      ] GC(28) ClassLoaderData 0.066ms
[13.896s][debug][gc,phases      ] GC(28) Trigger cleanups 0.000ms
[13.904s][debug][gc,phases      ] GC(28) Class Unloading 8.100ms
[13.904s][info ][gc,phases      ] GC(28) Marking Phase 203.758ms
[13.904s][info ][gc,phases,start] GC(28) Summary Phase
[13.904s][info ][gc,phases      ] GC(28) Summary Phase 0.026ms
[13.904s][info ][gc,phases,start] GC(28) Adjust Roots
[13.910s][info ][gc,phases      ] GC(28) Adjust Roots 5.991ms
[13.910s][info ][gc,phases,start] GC(28) Compaction Phase
[14.339s][info ][gc,phases      ] GC(28) Compaction Phase 428.818ms
[14.339s][info ][gc,phases,start] GC(28) Post Compact
[14.341s][info ][gc,phases      ] GC(28) Post Compact 1.393ms
[14.341s][info ][gc,heap        ] GC(28) PSYoungGen: 244704K(1852416K)->195866K(1803776K) Eden: 0K(1607680K)->0K(1607680K) From: 244704K(244736K)->195866K(196096K)
[14.341s][info ][gc,heap        ] GC(28) ParOldGen: 302227K(350720K)->350630K(446976K)
[14.341s][info ][gc,metaspace   ] GC(28) Metaspace: 65377K(66048K)->65377K(66048K) NonClass: 55848K(56256K)->55848K(56256K) Class: 9529K(9792K)->9529K(9792K)
[14.341s][info ][gc             ] GC(28) Pause Full (Ergonomics) 534M->533M(2198M) 640.287ms
[14.341s][info ][gc,cpu         ] GC(28) User=2.49s Sys=0.01s Real=0.64s
[14.341s][info ][safepoint      ] Safepoint "ParallelGCFailedAllocation", Time since last: 223529259 ns, Reaching safepoint: 151405 ns, At safepoint: 790922312 ns, Total: 791073717 ns
[14.460s][info ][safepoint      ] Safepoint "ICBufferFull", Time since last: 119227609 ns, Reaching safepoint: 239808 ns, At safepoint: 32601 ns, Total: 272409 ns
[14.520s][info ][safepoint      ] Safepoint "ICBufferFull", Time since last: 59206841 ns, Reaching safepoint: 148005 ns, At safepoint: 28901 ns, Total: 176906 ns
[14.535s][info ][safepoint      ] Safepoint "ICBufferFull", Time since last: 15435380 ns, Reaching safepoint: 138504 ns, At safepoint: 31701 ns, Total: 170205 ns
[14.591s][info ][safepoint      ] Safepoint "ICBufferFull", Time since last: 54924809 ns, Reaching safepoint: 123004 ns, At safepoint: 24900 ns, Total: 147904 ns
[14.610s][info ][safepoint      ] Safepoint "ICBufferFull", Time since last: 19231099 ns, Reaching safepoint: 135904 ns, At safepoint: 27001 ns, Total: 162905 ns
[14.626s][info ][safepoint      ] Safepoint "ICBufferFull", Time since last: 16005498 ns, Reaching safepoint: 128404 ns, At safepoint: 21500 ns, Total: 149904 ns
[14.643s][info ][safepoint      ] Safepoint "ICBufferFull", Time since last: 16426811 ns, Reaching safepoint: 130604 ns, At safepoint: 26601 ns, Total: 157205 ns
[14.661s][info ][safepoint      ] Safepoint "ICBufferFull", Time since last: 18133964 ns, Reaching safepoint: 134604 ns, At safepoint: 24301 ns, Total: 158905 ns
[14.675s][info ][safepoint      ] Safepoint "ICBufferFull", Time since last: 13625724 ns, Reaching safepoint: 132104 ns, At safepoint: 29001 ns, Total: 161105 ns
[14.691s][info ][safepoint      ] Safepoint "ICBufferFull", Time since last: 16497213 ns, Reaching safepoint: 128304 ns, At safepoint: 25601 ns, Total: 153905 ns
[14.703s][info ][safepoint      ] Safepoint "ICBufferFull", Time since last: 10046513 ns, Reaching safepoint: 1050632 ns, At safepoint: 32801 ns, Total: 1083433 ns
[14.710s][info ][safepoint      ] Safepoint "ICBufferFull", Time since last: 7683139 ns, Reaching safepoint: 129404 ns, At safepoint: 44102 ns, Total: 173506 ns
[14.718s][info ][safepoint      ] Safepoint "ICBufferFull", Time since last: 7791542 ns, Reaching safepoint: 125104 ns, At safepoint: 22101 ns, Total: 147205 ns
[14.720s][info ][gc,start       ] GC(29) Pause Young (Allocation Failure)
[14.840s][debug][gc,phases      ] GC(29) Scavenge 119.030ms
[14.840s][debug][gc,ref         ] GC(29) Skipped phase 1 of Reference Processing: no references
[14.840s][debug][gc,ref         ] GC(29) ReferenceProcessor::execute queues: 1, RefProcThreadModel::Single, marks_oops_alive: false
[14.840s][debug][gc,ref         ] GC(29) Skipped phase 3 of Reference Processing: no references
[14.840s][debug][gc,ref         ] GC(29) ReferenceProcessor::execute queues: 1, RefProcThreadModel::Single, marks_oops_alive: false
[14.840s][debug][gc,phases      ] GC(29) Reference Processing 0.135ms
[14.840s][debug][gc,phases      ] GC(29)   VM Weak                        Min:  0.0, Avg:  0.0, Max:  0.0, Diff:  0.0, Sum:  0.0, Workers: 4
[14.840s][debug][gc,phases      ] GC(29)     Dead                           Min: 0, Avg:  0.0, Max: 0, Diff: 0, Sum: 0, Workers: 4
[14.840s][debug][gc,phases      ] GC(29)     Total                          Min: 0, Avg: 120.2, Max: 481, Diff: 481, Sum: 481, Workers: 4
[14.840s][debug][gc,phases      ] GC(29)   ObjectSynchronizer Weak        Min:  0.0, Avg:  0.0, Max:  0.0, Diff:  0.0, Sum:  0.0, Workers: 4
[14.840s][debug][gc,phases      ] GC(29)     Dead                           Min: 0, Avg:  0.0, Max: 0, Diff: 0, Sum: 0, Workers: 4
[14.840s][debug][gc,phases      ] GC(29)     Total                          Min: 0, Avg: 112.8, Max: 451, Diff: 451, Sum: 451, Workers: 4
[14.840s][debug][gc,phases      ] GC(29)   JVMTI Tag Weak OopStorage      Min:  0.0, Avg:  0.0, Max:  0.0, Diff:  0.0, Sum:  0.0, Workers: 4
[14.840s][debug][gc,phases      ] GC(29)     Dead                           Min: 0, Avg:  0.0, Max: 0, Diff: 0, Sum: 0, Workers: 4
[14.840s][debug][gc,phases      ] GC(29)     Total                          Min: 0, Avg:  0.0, Max: 0, Diff: 0, Sum: 0, Workers: 4
[14.840s][debug][gc,phases      ] GC(29)   StringTable Weak               Min:  0.1, Avg:  0.1, Max:  0.1, Diff:  0.0, Sum:  0.4, Workers: 4
[14.840s][debug][gc,phases      ] GC(29)     Dead                           Min: 0, Avg:  4.0, Max: 14, Diff: 14, Sum: 16, Workers: 4
[14.840s][debug][gc,phases      ] GC(29)     Total                          Min: 9088, Avg: 10509.2, Max: 11776, Diff: 2688, Sum: 42037, Workers: 4
[14.840s][debug][gc,phases      ] GC(29)   ResolvedMethodTable Weak       Min:  0.0, Avg:  0.0, Max:  0.0, Diff:  0.0, Sum:  0.1, Workers: 4
[14.840s][debug][gc,phases      ] GC(29)     Dead                           Min: 3, Avg:  4.5, Max: 8, Diff: 5, Sum: 18, Workers: 4
[14.840s][debug][gc,phases      ] GC(29)     Total                          Min: 1536, Avg: 1666.5, Max: 1792, Diff: 256, Sum: 6666, Workers: 4
[14.840s][debug][gc,phases      ] GC(29)   JNI Weak                       Min:  0.0, Avg:  0.0, Max:  0.0, Diff:  0.0, Sum:  0.0, Workers: 4
[14.840s][debug][gc,phases      ] GC(29)     Dead                           Min: 0, Avg:  0.0, Max: 0, Diff: 0, Sum: 0, Workers: 4
[14.840s][debug][gc,phases      ] GC(29)     Total                          Min: 0, Avg:  4.5, Max: 18, Diff: 18, Sum: 18, Workers: 4
[14.840s][debug][gc,phases      ] GC(29)   StringDedup Table Weak         Min:  0.0, Avg:  0.0, Max:  0.0, Diff:  0.0, Sum:  0.0, Workers: 4
[14.840s][debug][gc,phases      ] GC(29)     Dead                           Min: 0, Avg:  0.0, Max: 0, Diff: 0, Sum: 0, Workers: 4
[14.840s][debug][gc,phases      ] GC(29)     Total                          Min: 0, Avg:  0.0, Max: 0, Diff: 0, Sum: 0, Workers: 4
[14.840s][debug][gc,phases      ] GC(29)   StringDedup Requests0 Weak     Min:  0.0, Avg:  0.0, Max:  0.0, Diff:  0.0, Sum:  0.0, Workers: 4
[14.840s][debug][gc,phases      ] GC(29)     Dead                           Min: 0, Avg:  0.0, Max: 0, Diff: 0, Sum: 0, Workers: 4
[14.840s][debug][gc,phases      ] GC(29)     Total                          Min: 0, Avg:  0.0, Max: 0, Diff: 0, Sum: 0, Workers: 4
[14.840s][debug][gc,phases      ] GC(29)   StringDedup Requests1 Weak     Min:  0.0, Avg:  0.0, Max:  0.0, Diff:  0.0, Sum:  0.0, Workers: 4
[14.840s][debug][gc,phases      ] GC(29)     Dead                           Min: 0, Avg:  0.0, Max: 0, Diff: 0, Sum: 0, Workers: 4
[14.840s][debug][gc,phases      ] GC(29)     Total                          Min: 0, Avg:  0.0, Max: 0, Diff: 0, Sum: 0, Workers: 4
[14.840s][debug][gc,phases      ] GC(29)   Weak JFR Old Object Samples    Min:  0.0, Avg:  0.0, Max:  0.0, Diff:  0.0, Sum:  0.0, Workers: 4
[14.840s][debug][gc,phases      ] GC(29)     Dead                           Min: 0, Avg:  0.0, Max: 0, Diff: 0, Sum: 0, Workers: 4
[14.840s][debug][gc,phases      ] GC(29)     Total                          Min: 0, Avg:  0.0, Max: 0, Diff: 0, Sum: 0, Workers: 4
[14.840s][debug][gc,phases      ] GC(29) Weak Processing 0.307ms
[14.840s][debug][gc,age         ] GC(29) Desired survivor size 320339968 bytes, new threshold 14 (max threshold 15)
[14.840s][info ][gc,heap        ] GC(29) PSYoungGen: 1803546K(1803776K)->199760K(1764864K) Eden: 1607680K(1607680K)->0K(1471488K) From: 195866K(196096K)->199760K(293376K)
[14.840s][info ][gc,heap        ] GC(29) ParOldGen: 350630K(446976K)->350638K(446976K)
[14.840s][info ][gc,metaspace   ] GC(29) Metaspace: 66413K(67072K)->66413K(67072K) NonClass: 56746K(57152K)->56746K(57152K) Class: 9667K(9920K)->9667K(9920K)
[14.840s][info ][gc             ] GC(29) Pause Young (Allocation Failure) 2103M->537M(2160M) 119.595ms
[14.840s][info ][gc,cpu         ] GC(29) User=0.57s Sys=0.00s Real=0.12s
[14.840s][info ][safepoint      ] Safepoint "ParallelGCFailedAllocation", Time since last: 2000262 ns, Reaching safepoint: 102703 ns, At safepoint: 119703324 ns, Total: 119806027 ns
[14.863s][info ][safepoint      ] Safepoint "ICBufferFull", Time since last: 22693506 ns, Reaching safepoint: 127204 ns, At safepoint: 25500 ns, Total: 152704 ns
[14.871s][info ][safepoint      ] Safepoint "ICBufferFull", Time since last: 8011250 ns, Reaching safepoint: 124204 ns, At safepoint: 25600 ns, Total: 149804 ns
[14.894s][info ][safepoint      ] Safepoint "ICBufferFull", Time since last: 22558802 ns, Reaching safepoint: 132104 ns, At safepoint: 25501 ns, Total: 157605 ns
[14.902s][info ][safepoint      ] Safepoint "ICBufferFull", Time since last: 7528534 ns, Reaching safepoint: 129004 ns, At safepoint: 24901 ns, Total: 153905 ns
[14.923s][info ][safepoint      ] Safepoint "ICBufferFull", Time since last: 20842348 ns, Reaching safepoint: 852426 ns, At safepoint: 27501 ns, Total: 879927 ns
[14.932s][info ][safepoint      ] Safepoint "ICBufferFull", Time since last: 8764672 ns, Reaching safepoint: 129704 ns, At safepoint: 30001 ns, Total: 159705 ns
[14.938s][info ][safepoint      ] Safepoint "ICBufferFull", Time since last: 5454570 ns, Reaching safepoint: 123904 ns, At safepoint: 26301 ns, Total: 150205 ns
[14.944s][info ][safepoint      ] Safepoint "ICBufferFull", Time since last: 5932584 ns, Reaching safepoint: 123404 ns, At safepoint: 21800 ns, Total: 145204 ns
[14.950s][info ][safepoint      ] Safepoint "ICBufferFull", Time since last: 5704578 ns, Reaching safepoint: 130904 ns, At safepoint: 25501 ns, Total: 156405 ns
[14.967s][info ][safepoint      ] Safepoint "ICBufferFull", Time since last: 16667118 ns, Reaching safepoint: 122503 ns, At safepoint: 30601 ns, Total: 153104 ns
[15.003s][info ][safepoint      ] Safepoint "ICBufferFull", Time since last: 33148831 ns, Reaching safepoint: 3215500 ns, At safepoint: 30701 ns, Total: 3246201 ns
[15.009s][info ][safepoint      ] Safepoint "ICBufferFull", Time since last: 5681276 ns, Reaching safepoint: 123704 ns, At safepoint: 29101 ns, Total: 152805 ns
[15.020s][info ][safepoint      ] Safepoint "ICBufferFull", Time since last: 11537459 ns, Reaching safepoint: 118103 ns, At safepoint: 32401 ns, Total: 150504 ns
[15.026s][info ][safepoint      ] Safepoint "ICBufferFull", Time since last: 5668076 ns, Reaching safepoint: 115504 ns, At safepoint: 22501 ns, Total: 138005 ns
[15.034s][info ][safepoint      ] Safepoint "ICBufferFull", Time since last: 7362729 ns, Reaching safepoint: 122403 ns, At safepoint: 29101 ns, Total: 151504 ns
[15.039s][info ][safepoint      ] Safepoint "ICBufferFull", Time since last: 5455170 ns, Reaching safepoint: 106503 ns, At safepoint: 25401 ns, Total: 131904 ns
[15.045s][info ][safepoint      ] Safepoint "ICBufferFull", Time since last: 5395368 ns, Reaching safepoint: 109403 ns, At safepoint: 27301 ns, Total: 136704 ns
[15.054s][info ][safepoint      ] Safepoint "ICBufferFull", Time since last: 5861082 ns, Reaching safepoint: 3186899 ns, At safepoint: 29201 ns, Total: 3216100 ns
[15.061s][info ][safepoint      ] Safepoint "ICBufferFull", Time since last: 6600205 ns, Reaching safepoint: 128404 ns, At safepoint: 28601 ns, Total: 157005 ns
[15.072s][info ][safepoint      ] Safepoint "ICBufferFull", Time since last: 10704333 ns, Reaching safepoint: 130204 ns, At safepoint: 26401 ns, Total: 156605 ns
[15.081s][info ][safepoint      ] Safepoint "ICBufferFull", Time since last: 9200986 ns, Reaching safepoint: 121203 ns, At safepoint: 22601 ns, Total: 143804 ns
[15.093s][info ][safepoint      ] Safepoint "ICBufferFull", Time since last: 12217280 ns, Reaching safepoint: 121004 ns, At safepoint: 24000 ns, Total: 145004 ns
[15.103s][info ][safepoint      ] Safepoint "ICBufferFull", Time since last: 6150691 ns, Reaching safepoint: 3243301 ns, At safepoint: 35201 ns, Total: 3278502 ns
[15.131s][info ][gc,start       ] GC(30) Pause Young (Allocation Failure)
[15.206s][debug][gc,phases      ] GC(30) Scavenge 74.067ms
[15.206s][debug][gc,ref         ] GC(30) Skipped phase 1 of Reference Processing: no references
[15.206s][debug][gc,ref         ] GC(30) ReferenceProcessor::execute queues: 1, RefProcThreadModel::Single, marks_oops_alive: false
[15.206s][debug][gc,ref         ] GC(30) Skipped phase 3 of Reference Processing: no references
[15.206s][debug][gc,ref         ] GC(30) ReferenceProcessor::execute queues: 1, RefProcThreadModel::Single, marks_oops_alive: false
[15.206s][debug][gc,phases      ] GC(30) Reference Processing 0.140ms
[15.206s][debug][gc,phases      ] GC(30)   VM Weak                        Min:  0.0, Avg:  0.0, Max:  0.0, Diff:  0.0, Sum:  0.0, Workers: 4
[15.206s][debug][gc,phases      ] GC(30)     Dead                           Min: 0, Avg:  0.0, Max: 0, Diff: 0, Sum: 0, Workers: 4
[15.206s][debug][gc,phases      ] GC(30)     Total                          Min: 0, Avg: 122.5, Max: 298, Diff: 298, Sum: 490, Workers: 4
[15.206s][debug][gc,phases      ] GC(30)   ObjectSynchronizer Weak        Min:  0.0, Avg:  0.0, Max:  0.0, Diff:  0.0, Sum:  0.0, Workers: 4
[15.206s][debug][gc,phases      ] GC(30)     Dead                           Min: 0, Avg:  0.0, Max: 0, Diff: 0, Sum: 0, Workers: 4
[15.206s][debug][gc,phases      ] GC(30)     Total                          Min: 0, Avg: 112.8, Max: 256, Diff: 256, Sum: 451, Workers: 4
[15.206s][debug][gc,phases      ] GC(30)   JVMTI Tag Weak OopStorage      Min:  0.0, Avg:  0.0, Max:  0.0, Diff:  0.0, Sum:  0.0, Workers: 4
[15.206s][debug][gc,phases      ] GC(30)     Dead                           Min: 0, Avg:  0.0, Max: 0, Diff: 0, Sum: 0, Workers: 4
[15.206s][debug][gc,phases      ] GC(30)     Total                          Min: 0, Avg:  0.0, Max: 0, Diff: 0, Sum: 0, Workers: 4
[15.206s][debug][gc,phases      ] GC(30)   StringTable Weak               Min:  0.1, Avg:  0.1, Max:  0.1, Diff:  0.0, Sum:  0.4, Workers: 4
[15.206s][debug][gc,phases      ] GC(30)     Dead                           Min: 0, Avg:  2.8, Max: 11, Diff: 11, Sum: 11, Workers: 4
[15.206s][debug][gc,phases      ] GC(30)     Total                          Min: 9002, Avg: 10522.5, Max: 11328, Diff: 2326, Sum: 42090, Workers: 4
[15.206s][debug][gc,phases      ] GC(30)   ResolvedMethodTable Weak       Min:  0.0, Avg:  0.0, Max:  0.0, Diff:  0.0, Sum:  0.1, Workers: 4
[15.206s][debug][gc,phases      ] GC(30)     Dead                           Min: 0, Avg:  1.2, Max: 5, Diff: 5, Sum: 5, Workers: 4
[15.206s][debug][gc,phases      ] GC(30)     Total                          Min: 1472, Avg: 1680.0, Max: 1920, Diff: 448, Sum: 6720, Workers: 4
[15.206s][debug][gc,phases      ] GC(30)   JNI Weak                       Min:  0.0, Avg:  0.0, Max:  0.0, Diff:  0.0, Sum:  0.0, Workers: 4
[15.206s][debug][gc,phases      ] GC(30)     Dead                           Min: 0, Avg:  0.0, Max: 0, Diff: 0, Sum: 0, Workers: 4
[15.206s][debug][gc,phases      ] GC(30)     Total                          Min: 0, Avg:  0.5, Max: 2, Diff: 2, Sum: 2, Workers: 4
[15.206s][debug][gc,phases      ] GC(30)   StringDedup Table Weak         Min:  0.0, Avg:  0.0, Max:  0.0, Diff:  0.0, Sum:  0.0, Workers: 4
[15.206s][debug][gc,phases      ] GC(30)     Dead                           Min: 0, Avg:  0.0, Max: 0, Diff: 0, Sum: 0, Workers: 4
[15.206s][debug][gc,phases      ] GC(30)     Total                          Min: 0, Avg:  0.0, Max: 0, Diff: 0, Sum: 0, Workers: 4
[15.206s][debug][gc,phases      ] GC(30)   StringDedup Requests0 Weak     Min:  0.0, Avg:  0.0, Max:  0.0, Diff:  0.0, Sum:  0.0, Workers: 4
[15.206s][debug][gc,phases      ] GC(30)     Dead                           Min: 0, Avg:  0.0, Max: 0, Diff: 0, Sum: 0, Workers: 4
[15.206s][debug][gc,phases      ] GC(30)     Total                          Min: 0, Avg:  0.0, Max: 0, Diff: 0, Sum: 0, Workers: 4
[15.206s][debug][gc,phases      ] GC(30)   StringDedup Requests1 Weak     Min:  0.0, Avg:  0.0, Max:  0.0, Diff:  0.0, Sum:  0.0, Workers: 4
[15.206s][debug][gc,phases      ] GC(30)     Dead                           Min: 0, Avg:  0.0, Max: 0, Diff: 0, Sum: 0, Workers: 4
[15.206s][debug][gc,phases      ] GC(30)     Total                          Min: 0, Avg:  0.0, Max: 0, Diff: 0, Sum: 0, Workers: 4
[15.206s][debug][gc,phases      ] GC(30)   Weak JFR Old Object Samples    Min:  0.0, Avg:  0.0, Max:  0.0, Diff:  0.0, Sum:  0.0, Workers: 4
[15.206s][debug][gc,phases      ] GC(30)     Dead                           Min: 0, Avg:  0.0, Max: 0, Diff: 0, Sum: 0, Workers: 4
[15.206s][debug][gc,phases      ] GC(30)     Total                          Min: 0, Avg:  0.0, Max: 0, Diff: 0, Sum: 0, Workers: 4
[15.206s][debug][gc,phases      ] GC(30) Weak Processing 0.309ms
[15.206s][debug][gc,age         ] GC(30) Desired survivor size 331874304 bytes, new threshold 15 (max threshold 15)
[15.206s][info ][gc,heap        ] GC(30) PSYoungGen: 1671248K(1764864K)->201696K(1673216K) Eden: 1471488K(1471488K)->0K(1471488K) From: 199760K(293376K)->201696K(201728K)
[15.206s][info ][gc,heap        ] GC(30) ParOldGen: 350638K(446976K)->350646K(446976K)
[15.206s][info ][gc,metaspace   ] GC(30) Metaspace: 66618K(67264K)->66618K(67264K) NonClass: 56923K(57280K)->56923K(57280K) Class: 9695K(9984K)->9695K(9984K)
[15.206s][info ][gc             ] GC(30) Pause Young (Allocation Failure) 1974M->539M(2070M) 74.650ms
[15.206s][info ][gc,cpu         ] GC(30) User=0.30s Sys=0.00s Real=0.07s
[15.206s][info ][safepoint      ] Safepoint "ParallelGCFailedAllocation", Time since last: 28531087 ns, Reaching safepoint: 130204 ns, At safepoint: 74764024 ns, Total: 74894228 ns
[15.219s][info ][safepoint      ] Safepoint "ICBufferFull", Time since last: 7728740 ns, Reaching safepoint: 4720447 ns, At safepoint: 24301 ns, Total: 4744748 ns
[15.219s][info ][safepoint      ] Safepoint "ICBufferFull", Time since last: 87202 ns, Reaching safepoint: 90903 ns, At safepoint: 24101 ns, Total: 115004 ns
[15.234s][info ][safepoint      ] Safepoint "ICBufferFull", Time since last: 15147671 ns, Reaching safepoint: 135904 ns, At safepoint: 23701 ns, Total: 159605 ns
[15.244s][info ][safepoint      ] Safepoint "ICBufferFull", Time since last: 10150515 ns, Reaching safepoint: 121804 ns, At safepoint: 27101 ns, Total: 148905 ns
[15.249s][info ][safepoint      ] Safepoint "ICBufferFull", Time since last: 4672745 ns, Reaching safepoint: 126704 ns, At safepoint: 29701 ns, Total: 156405 ns
[15.255s][info ][safepoint      ] Safepoint "ICBufferFull", Time since last: 6070189 ns, Reaching safepoint: 108903 ns, At safepoint: 32301 ns, Total: 141204 ns
[15.261s][info ][safepoint      ] Safepoint "ICBufferFull", Time since last: 5333666 ns, Reaching safepoint: 128404 ns, At safepoint: 30801 ns, Total: 159205 ns
[15.266s][info ][safepoint      ] Safepoint "ICBufferFull", Time since last: 4488639 ns, Reaching safepoint: 121704 ns, At safepoint: 23301 ns, Total: 145005 ns
[15.270s][info ][safepoint      ] Safepoint "ICBufferFull", Time since last: 4612443 ns, Reaching safepoint: 114104 ns, At safepoint: 36301 ns, Total: 150405 ns
[15.276s][info ][safepoint      ] Safepoint "ICBufferFull", Time since last: 5450969 ns, Reaching safepoint: 119204 ns, At safepoint: 27601 ns, Total: 146805 ns
[15.281s][info ][safepoint      ] Safepoint "ICBufferFull", Time since last: 4732747 ns, Reaching safepoint: 112403 ns, At safepoint: 24901 ns, Total: 137304 ns
[15.287s][info ][safepoint      ] Safepoint "ICBufferFull", Time since last: 6222794 ns, Reaching safepoint: 189005 ns, At safepoint: 29301 ns, Total: 218306 ns
[15.293s][info ][safepoint      ] Safepoint "ICBufferFull", Time since last: 5101159 ns, Reaching safepoint: 122104 ns, At safepoint: 25200 ns, Total: 147304 ns
[15.303s][info ][safepoint      ] Safepoint "ICBufferFull", Time since last: 6257395 ns, Reaching safepoint: 4273433 ns, At safepoint: 28301 ns, Total: 4301734 ns
[15.309s][info ][safepoint      ] Safepoint "ICBufferFull", Time since last: 5982486 ns, Reaching safepoint: 116403 ns, At safepoint: 35801 ns, Total: 152204 ns
[15.316s][info ][safepoint      ] Safepoint "ICBufferFull", Time since last: 6492802 ns, Reaching safepoint: 111104 ns, At safepoint: 25700 ns, Total: 136804 ns
[15.328s][info ][safepoint      ] Safepoint "ICBufferFull", Time since last: 11583960 ns, Reaching safepoint: 125204 ns, At safepoint: 28301 ns, Total: 153505 ns
[15.339s][info ][safepoint      ] Safepoint "ICBufferFull", Time since last: 11729465 ns, Reaching safepoint: 139104 ns, At safepoint: 31101 ns, Total: 170205 ns
[15.345s][info ][safepoint      ] Safepoint "ICBufferFull", Time since last: 5056057 ns, Reaching safepoint: 130904 ns, At safepoint: 27901 ns, Total: 158805 ns
[15.357s][info ][safepoint      ] Safepoint "ICBufferFull", Time since last: 9885107 ns, Reaching safepoint: 2131967 ns, At safepoint: 31601 ns, Total: 2163568 ns
[15.362s][info ][safepoint      ] Safepoint "ICBufferFull", Time since last: 5225962 ns, Reaching safepoint: 113504 ns, At safepoint: 28701 ns, Total: 142205 ns
[15.367s][info ][safepoint      ] Safepoint "ICBufferFull", Time since last: 4789048 ns, Reaching safepoint: 120004 ns, At safepoint: 25101 ns, Total: 145105 ns
[15.372s][info ][safepoint      ] Safepoint "ICBufferFull", Time since last: 5111759 ns, Reaching safepoint: 115903 ns, At safepoint: 21401 ns, Total: 137304 ns
[15.379s][info ][safepoint      ] Safepoint "ICBufferFull", Time since last: 6353998 ns, Reaching safepoint: 117603 ns, At safepoint: 26101 ns, Total: 143704 ns
[15.384s][info ][safepoint      ] Safepoint "ICBufferFull", Time since last: 4703546 ns, Reaching safepoint: 116504 ns, At safepoint: 24601 ns, Total: 141105 ns
[15.389s][info ][safepoint      ] Safepoint "ICBufferFull", Time since last: 5037656 ns, Reaching safepoint: 120404 ns, At safepoint: 28201 ns, Total: 148605 ns
[15.394s][info ][safepoint      ] Safepoint "ICBufferFull", Time since last: 5098658 ns, Reaching safepoint: 122304 ns, At safepoint: 25101 ns, Total: 147405 ns
[15.399s][info ][safepoint      ] Safepoint "ICBufferFull", Time since last: 4753248 ns, Reaching safepoint: 108303 ns, At safepoint: 22301 ns, Total: 130604 ns
[15.404s][info ][safepoint      ] Safepoint "ICBufferFull", Time since last: 5149460 ns, Reaching safepoint: 127504 ns, At safepoint: 29301 ns, Total: 156805 ns
[15.419s][info ][safepoint      ] Safepoint "ICBufferFull", Time since last: 14219142 ns, Reaching safepoint: 116403 ns, At safepoint: 27801 ns, Total: 144204 ns
[15.437s][info ][safepoint      ] Safepoint "ICBufferFull", Time since last: 17833254 ns, Reaching safepoint: 170706 ns, At safepoint: 34201 ns, Total: 204907 ns
[15.538s][info ][gc,start       ] GC(31) Pause Young (Allocation Failure)
[15.612s][debug][gc,phases      ] GC(31) Scavenge 73.670ms
[15.612s][debug][gc,ref         ] GC(31) Skipped phase 1 of Reference Processing: no references
[15.612s][debug][gc,ref         ] GC(31) ReferenceProcessor::execute queues: 1, RefProcThreadModel::Single, marks_oops_alive: false
[15.612s][debug][gc,ref         ] GC(31) Skipped phase 3 of Reference Processing: no references
[15.612s][debug][gc,ref         ] GC(31) ReferenceProcessor::execute queues: 1, RefProcThreadModel::Single, marks_oops_alive: false
[15.612s][debug][gc,phases      ] GC(31) Reference Processing 0.134ms
[15.612s][debug][gc,phases      ] GC(31)   VM Weak                        Min:  0.0, Avg:  0.0, Max:  0.0, Diff:  0.0, Sum:  0.0, Workers: 4
[15.612s][debug][gc,phases      ] GC(31)     Dead                           Min: 0, Avg:  0.0, Max: 0, Diff: 0, Sum: 0, Workers: 4
[15.612s][debug][gc,phases      ] GC(31)     Total                          Min: 0, Avg: 122.5, Max: 490, Diff: 490, Sum: 490, Workers: 4
[15.612s][debug][gc,phases      ] GC(31)   ObjectSynchronizer Weak        Min:  0.0, Avg:  0.0, Max:  0.0, Diff:  0.0, Sum:  0.0, Workers: 4
[15.612s][debug][gc,phases      ] GC(31)     Dead                           Min: 0, Avg:  0.0, Max: 0, Diff: 0, Sum: 0, Workers: 4
[15.612s][debug][gc,phases      ] GC(31)     Total                          Min: 0, Avg: 112.8, Max: 259, Diff: 259, Sum: 451, Workers: 4
[15.612s][debug][gc,phases      ] GC(31)   JVMTI Tag Weak OopStorage      Min:  0.0, Avg:  0.0, Max:  0.0, Diff:  0.0, Sum:  0.0, Workers: 4
[15.612s][debug][gc,phases      ] GC(31)     Dead                           Min: 0, Avg:  0.0, Max: 0, Diff: 0, Sum: 0, Workers: 4
[15.612s][debug][gc,phases      ] GC(31)     Total                          Min: 0, Avg:  0.0, Max: 0, Diff: 0, Sum: 0, Workers: 4
[15.612s][debug][gc,phases      ] GC(31)   StringTable Weak               Min:  0.1, Avg:  0.1, Max:  0.1, Diff:  0.0, Sum:  0.4, Workers: 4
[15.612s][debug][gc,phases      ] GC(31)     Dead                           Min: 0, Avg:  2.8, Max: 11, Diff: 11, Sum: 11, Workers: 4
[15.612s][debug][gc,phases      ] GC(31)     Total                          Min: 7680, Avg: 10531.8, Max: 11776, Diff: 4096, Sum: 42127, Workers: 4
[15.612s][debug][gc,phases      ] GC(31)   ResolvedMethodTable Weak       Min:  0.0, Avg:  0.0, Max:  0.0, Diff:  0.0, Sum:  0.1, Workers: 4
[15.612s][debug][gc,phases      ] GC(31)     Dead                           Min: 0, Avg:  2.5, Max: 10, Diff: 10, Sum: 10, Workers: 4
[15.613s][debug][gc,phases      ] GC(31)     Total                          Min: 1553, Avg: 1683.5, Max: 1856, Diff: 303, Sum: 6734, Workers: 4
[15.613s][debug][gc,phases      ] GC(31)   JNI Weak                       Min:  0.0, Avg:  0.0, Max:  0.0, Diff:  0.0, Sum:  0.0, Workers: 4
[15.613s][debug][gc,phases      ] GC(31)     Dead                           Min: 0, Avg:  0.0, Max: 0, Diff: 0, Sum: 0, Workers: 4
[15.613s][debug][gc,phases      ] GC(31)     Total                          Min: 0, Avg:  0.0, Max: 0, Diff: 0, Sum: 0, Workers: 4
[15.613s][debug][gc,phases      ] GC(31)   StringDedup Table Weak         Min:  0.0, Avg:  0.0, Max:  0.0, Diff:  0.0, Sum:  0.0, Workers: 4
[15.613s][debug][gc,phases      ] GC(31)     Dead                           Min: 0, Avg:  0.0, Max: 0, Diff: 0, Sum: 0, Workers: 4
[15.613s][debug][gc,phases      ] GC(31)     Total                          Min: 0, Avg:  0.0, Max: 0, Diff: 0, Sum: 0, Workers: 4
[15.613s][debug][gc,phases      ] GC(31)   StringDedup Requests0 Weak     Min:  0.0, Avg:  0.0, Max:  0.0, Diff:  0.0, Sum:  0.0, Workers: 4
[15.613s][debug][gc,phases      ] GC(31)     Dead                           Min: 0, Avg:  0.0, Max: 0, Diff: 0, Sum: 0, Workers: 4
[15.613s][debug][gc,phases      ] GC(31)     Total                          Min: 0, Avg:  0.0, Max: 0, Diff: 0, Sum: 0, Workers: 4
[15.613s][debug][gc,phases      ] GC(31)   StringDedup Requests1 Weak     Min:  0.0, Avg:  0.0, Max:  0.0, Diff:  0.0, Sum:  0.0, Workers: 4
[15.613s][debug][gc,phases      ] GC(31)     Dead                           Min: 0, Avg:  0.0, Max: 0, Diff: 0, Sum: 0, Workers: 4
[15.613s][debug][gc,phases      ] GC(31)     Total                          Min: 0, Avg:  0.0, Max: 0, Diff: 0, Sum: 0, Workers: 4
[15.613s][debug][gc,phases      ] GC(31)   Weak JFR Old Object Samples    Min:  0.0, Avg:  0.0, Max:  0.0, Diff:  0.0, Sum:  0.0, Workers: 4
[15.613s][debug][gc,phases      ] GC(31)     Dead                           Min: 0, Avg:  0.0, Max: 0, Diff: 0, Sum: 0, Workers: 4
[15.613s][debug][gc,phases      ] GC(31)     Total                          Min: 0, Avg:  0.0, Max: 0, Diff: 0, Sum: 0, Workers: 4
[15.613s][debug][gc,phases      ] GC(31) Weak Processing 0.317ms
[15.613s][debug][gc,age         ] GC(31) Desired survivor size 341311488 bytes, new threshold 15 (max threshold 15)
[15.613s][info ][gc,heap        ] GC(31) PSYoungGen: 1673184K(1673216K)->205760K(1754624K) Eden: 1471488K(1471488K)->0K(1430528K) From: 201696K(201728K)->205760K(324096K)
[15.613s][info ][gc,heap        ] GC(31) ParOldGen: 350646K(446976K)->350654K(446976K)
[15.613s][info ][gc,metaspace   ] GC(31) Metaspace: 66763K(67392K)->66763K(67392K) NonClass: 57061K(57408K)->57061K(57408K) Class: 9702K(9984K)->9702K(9984K)
[15.613s][info ][gc             ] GC(31) Pause Young (Allocation Failure) 1976M->543M(2150M) 74.258ms
[15.613s][info ][gc,cpu         ] GC(31) User=0.29s Sys=0.00s Real=0.08s
[15.613s][info ][safepoint      ] Safepoint "ParallelGCFailedAllocation", Time since last: 101495954 ns, Reaching safepoint: 192706 ns, At safepoint: 74376912 ns, Total: 74569618 ns
[15.915s][info ][gc,start       ] GC(32) Pause Young (Allocation Failure)
[15.988s][debug][gc,phases      ] GC(32) Scavenge 72.230ms
[15.988s][debug][gc,ref         ] GC(32) Skipped phase 1 of Reference Processing: no references
[15.988s][debug][gc,ref         ] GC(32) ReferenceProcessor::execute queues: 1, RefProcThreadModel::Single, marks_oops_alive: false
[15.988s][debug][gc,ref         ] GC(32) Skipped phase 3 of Reference Processing: no references
[15.988s][debug][gc,ref         ] GC(32) ReferenceProcessor::execute queues: 1, RefProcThreadModel::Single, marks_oops_alive: false
[15.988s][debug][gc,phases      ] GC(32) Reference Processing 0.152ms
[15.988s][debug][gc,phases      ] GC(32)   VM Weak                        Min:  0.0, Avg:  0.0, Max:  0.0, Diff:  0.0, Sum:  0.0, Workers: 4
[15.988s][debug][gc,phases      ] GC(32)     Dead                           Min: 0, Avg:  0.0, Max: 0, Diff: 0, Sum: 0, Workers: 4
[15.988s][debug][gc,phases      ] GC(32)     Total                          Min: 0, Avg: 122.5, Max: 490, Diff: 490, Sum: 490, Workers: 4
[15.988s][debug][gc,phases      ] GC(32)   ObjectSynchronizer Weak        Min:  0.0, Avg:  0.0, Max:  0.0, Diff:  0.0, Sum:  0.0, Workers: 4
[15.988s][debug][gc,phases      ] GC(32)     Dead                           Min: 0, Avg:  0.0, Max: 0, Diff: 0, Sum: 0, Workers: 4
[15.988s][debug][gc,phases      ] GC(32)     Total                          Min: 0, Avg: 112.8, Max: 451, Diff: 451, Sum: 451, Workers: 4
[15.988s][debug][gc,phases      ] GC(32)   JVMTI Tag Weak OopStorage      Min:  0.0, Avg:  0.0, Max:  0.0, Diff:  0.0, Sum:  0.0, Workers: 4
[15.988s][debug][gc,phases      ] GC(32)     Dead                           Min: 0, Avg:  0.0, Max: 0, Diff: 0, Sum: 0, Workers: 4
[15.988s][debug][gc,phases      ] GC(32)     Total                          Min: 0, Avg:  0.0, Max: 0, Diff: 0, Sum: 0, Workers: 4
[15.988s][debug][gc,phases      ] GC(32)   StringTable Weak               Min:  0.1, Avg:  0.1, Max:  0.1, Diff:  0.0, Sum:  0.4, Workers: 4
[15.988s][debug][gc,phases      ] GC(32)     Dead                           Min: 0, Avg:  2.8, Max: 11, Diff: 11, Sum: 11, Workers: 4
[15.988s][debug][gc,phases      ] GC(32)     Total                          Min: 8768, Avg: 10535.2, Max: 11624, Diff: 2856, Sum: 42141, Workers: 4
[15.988s][debug][gc,phases      ] GC(32)   ResolvedMethodTable Weak       Min:  0.0, Avg:  0.0, Max:  0.0, Diff:  0.0, Sum:  0.1, Workers: 4
[15.988s][debug][gc,phases      ] GC(32)     Dead                           Min: 0, Avg:  0.0, Max: 0, Diff: 0, Sum: 0, Workers: 4
[15.988s][debug][gc,phases      ] GC(32)     Total                          Min: 1534, Avg: 1683.5, Max: 1856, Diff: 322, Sum: 6734, Workers: 4
[15.988s][debug][gc,phases      ] GC(32)   JNI Weak                       Min:  0.0, Avg:  0.0, Max:  0.0, Diff:  0.0, Sum:  0.0, Workers: 4
[15.988s][debug][gc,phases      ] GC(32)     Dead                           Min: 0, Avg:  0.0, Max: 0, Diff: 0, Sum: 0, Workers: 4
[15.988s][debug][gc,phases      ] GC(32)     Total                          Min: 0, Avg:  0.8, Max: 3, Diff: 3, Sum: 3, Workers: 4
[15.988s][debug][gc,phases      ] GC(32)   StringDedup Table Weak         Min:  0.0, Avg:  0.0, Max:  0.0, Diff:  0.0, Sum:  0.0, Workers: 4
[15.988s][debug][gc,phases      ] GC(32)     Dead                           Min: 0, Avg:  0.0, Max: 0, Diff: 0, Sum: 0, Workers: 4
[15.988s][debug][gc,phases      ] GC(32)     Total                          Min: 0, Avg:  0.0, Max: 0, Diff: 0, Sum: 0, Workers: 4
[15.988s][debug][gc,phases      ] GC(32)   StringDedup Requests0 Weak     Min:  0.0, Avg:  0.0, Max:  0.0, Diff:  0.0, Sum:  0.0, Workers: 4
[15.988s][debug][gc,phases      ] GC(32)     Dead                           Min: 0, Avg:  0.0, Max: 0, Diff: 0, Sum: 0, Workers: 4
[15.988s][debug][gc,phases      ] GC(32)     Total                          Min: 0, Avg:  0.0, Max: 0, Diff: 0, Sum: 0, Workers: 4
[15.988s][debug][gc,phases      ] GC(32)   StringDedup Requests1 Weak     Min:  0.0, Avg:  0.0, Max:  0.0, Diff:  0.0, Sum:  0.0, Workers: 4
[15.988s][debug][gc,phases      ] GC(32)     Dead                           Min: 0, Avg:  0.0, Max: 0, Diff: 0, Sum: 0, Workers: 4
[15.988s][debug][gc,phases      ] GC(32)     Total                          Min: 0, Avg:  0.0, Max: 0, Diff: 0, Sum: 0, Workers: 4
[15.988s][debug][gc,phases      ] GC(32)   Weak JFR Old Object Samples    Min:  0.0, Avg:  0.0, Max:  0.0, Diff:  0.0, Sum:  0.0, Workers: 4
[15.988s][debug][gc,phases      ] GC(32)     Dead                           Min: 0, Avg:  0.0, Max: 0, Diff: 0, Sum: 0, Workers: 4
[15.988s][debug][gc,phases      ] GC(32)     Total                          Min: 0, Avg:  0.0, Max: 0, Diff: 0, Sum: 0, Workers: 4
[15.988s][debug][gc,phases      ] GC(32) Weak Processing 0.316ms
[15.988s][debug][gc,age         ] GC(32) Desired survivor size 349175808 bytes, new threshold 15 (max threshold 15)
[15.988s][info ][gc,heap        ] GC(32) PSYoungGen: 1636288K(1754624K)->210112K(1640960K) Eden: 1430528K(1430528K)->0K(1430528K) From: 205760K(324096K)->210112K(210432K)
[15.988s][info ][gc,heap        ] GC(32) ParOldGen: 350654K(446976K)->350662K(446976K)
[15.988s][info ][gc,metaspace   ] GC(32) Metaspace: 66793K(67456K)->66793K(67456K) NonClass: 57090K(57472K)->57090K(57472K) Class: 9702K(9984K)->9702K(9984K)
[15.988s][info ][gc             ] GC(32) Pause Young (Allocation Failure) 1940M->547M(2039M) 72.834ms
[15.988s][info ][gc,cpu         ] GC(32) User=0.29s Sys=0.00s Real=0.07s
[15.988s][info ][safepoint      ] Safepoint "ParallelGCFailedAllocation", Time since last: 302478301 ns, Reaching safepoint: 195406 ns, At safepoint: 72949466 ns, Total: 73144872 ns
[16.204s][info ][gc,start       ] GC(33) Pause Young (Allocation Failure)
[16.275s][debug][gc,phases      ] GC(33) Scavenge 71.383ms
[16.275s][debug][gc,ref         ] GC(33) Skipped phase 1 of Reference Processing: no references
[16.275s][debug][gc,ref         ] GC(33) ReferenceProcessor::execute queues: 1, RefProcThreadModel::Single, marks_oops_alive: false
[16.275s][debug][gc,ref         ] GC(33) Skipped phase 3 of Reference Processing: no references
[16.275s][debug][gc,ref         ] GC(33) ReferenceProcessor::execute queues: 1, RefProcThreadModel::Single, marks_oops_alive: false
[16.275s][debug][gc,phases      ] GC(33) Reference Processing 0.153ms
[16.276s][debug][gc,phases      ] GC(33)   VM Weak                        Min:  0.0, Avg:  0.0, Max:  0.0, Diff:  0.0, Sum:  0.0, Workers: 4
[16.276s][debug][gc,phases      ] GC(33)     Dead                           Min: 0, Avg:  0.0, Max: 0, Diff: 0, Sum: 0, Workers: 4
[16.276s][debug][gc,phases      ] GC(33)     Total                          Min: 0, Avg: 122.5, Max: 256, Diff: 256, Sum: 490, Workers: 4
[16.276s][debug][gc,phases      ] GC(33)   ObjectSynchronizer Weak        Min:  0.0, Avg:  0.0, Max:  0.0, Diff:  0.0, Sum:  0.0, Workers: 4
[16.276s][debug][gc,phases      ] GC(33)     Dead                           Min: 0, Avg:  0.0, Max: 0, Diff: 0, Sum: 0, Workers: 4
[16.276s][debug][gc,phases      ] GC(33)     Total                          Min: 0, Avg: 112.8, Max: 259, Diff: 259, Sum: 451, Workers: 4
[16.276s][debug][gc,phases      ] GC(33)   JVMTI Tag Weak OopStorage      Min:  0.0, Avg:  0.0, Max:  0.0, Diff:  0.0, Sum:  0.0, Workers: 4
[16.276s][debug][gc,phases      ] GC(33)     Dead                           Min: 0, Avg:  0.0, Max: 0, Diff: 0, Sum: 0, Workers: 4
[16.276s][debug][gc,phases      ] GC(33)     Total                          Min: 0, Avg:  0.0, Max: 0, Diff: 0, Sum: 0, Workers: 4
[16.276s][debug][gc,phases      ] GC(33)   StringTable Weak               Min:  0.1, Avg:  0.1, Max:  0.1, Diff:  0.0, Sum:  0.4, Workers: 4
[16.276s][debug][gc,phases      ] GC(33)     Dead                           Min: 0, Avg:  0.0, Max: 0, Diff: 0, Sum: 0, Workers: 4
[16.276s][debug][gc,phases      ] GC(33)     Total                          Min: 9013, Avg: 10536.5, Max: 11501, Diff: 2488, Sum: 42146, Workers: 4
[16.276s][debug][gc,phases      ] GC(33)   ResolvedMethodTable Weak       Min:  0.0, Avg:  0.0, Max:  0.0, Diff:  0.0, Sum:  0.1, Workers: 4
[16.276s][debug][gc,phases      ] GC(33)     Dead                           Min: 0, Avg:  0.0, Max: 0, Diff: 0, Sum: 0, Workers: 4
[16.276s][debug][gc,phases      ] GC(33)     Total                          Min: 1469, Avg: 1683.5, Max: 1856, Diff: 387, Sum: 6734, Workers: 4
[16.276s][debug][gc,phases      ] GC(33)   JNI Weak                       Min:  0.0, Avg:  0.0, Max:  0.0, Diff:  0.0, Sum:  0.0, Workers: 4
[16.276s][debug][gc,phases      ] GC(33)     Dead                           Min: 0, Avg:  0.0, Max: 0, Diff: 0, Sum: 0, Workers: 4
[16.276s][debug][gc,phases      ] GC(33)     Total                          Min: 0, Avg:  0.2, Max: 1, Diff: 1, Sum: 1, Workers: 4
[16.276s][debug][gc,phases      ] GC(33)   StringDedup Table Weak         Min:  0.0, Avg:  0.0, Max:  0.0, Diff:  0.0, Sum:  0.0, Workers: 4
[16.276s][debug][gc,phases      ] GC(33)     Dead                           Min: 0, Avg:  0.0, Max: 0, Diff: 0, Sum: 0, Workers: 4
[16.276s][debug][gc,phases      ] GC(33)     Total                          Min: 0, Avg:  0.0, Max: 0, Diff: 0, Sum: 0, Workers: 4
[16.276s][debug][gc,phases      ] GC(33)   StringDedup Requests0 Weak     Min:  0.0, Avg:  0.0, Max:  0.0, Diff:  0.0, Sum:  0.0, Workers: 4
[16.276s][debug][gc,phases      ] GC(33)     Dead                           Min: 0, Avg:  0.0, Max: 0, Diff: 0, Sum: 0, Workers: 4
[16.276s][debug][gc,phases      ] GC(33)     Total                          Min: 0, Avg:  0.0, Max: 0, Diff: 0, Sum: 0, Workers: 4
[16.276s][debug][gc,phases      ] GC(33)   StringDedup Requests1 Weak     Min:  0.0, Avg:  0.0, Max:  0.0, Diff:  0.0, Sum:  0.0, Workers: 4
[16.276s][debug][gc,phases      ] GC(33)     Dead                           Min: 0, Avg:  0.0, Max: 0, Diff: 0, Sum: 0, Workers: 4
[16.276s][debug][gc,phases      ] GC(33)     Total                          Min: 0, Avg:  0.0, Max: 0, Diff: 0, Sum: 0, Workers: 4
[16.276s][debug][gc,phases      ] GC(33)   Weak JFR Old Object Samples    Min:  0.0, Avg:  0.0, Max:  0.0, Diff:  0.0, Sum:  0.0, Workers: 4
[16.276s][debug][gc,phases      ] GC(33)     Dead                           Min: 0, Avg:  0.0, Max: 0, Diff: 0, Sum: 0, Workers: 4
[16.276s][debug][gc,phases      ] GC(33)     Total                          Min: 0, Avg:  0.0, Max: 0, Diff: 0, Sum: 0, Workers: 4
[16.276s][debug][gc,phases      ] GC(33) Weak Processing 0.305ms
[16.276s][debug][gc,age         ] GC(33) Desired survivor size 355991552 bytes, new threshold 15 (max threshold 15)
[16.276s][info ][gc,heap        ] GC(33) PSYoungGen: 1640640K(1640960K)->214224K(1742848K) Eden: 1430528K(1430528K)->0K(1401856K) From: 210112K(210432K)->214224K(340992K)
[16.276s][info ][gc,heap        ] GC(33) ParOldGen: 350662K(446976K)->350670K(446976K)
[16.276s][info ][gc,metaspace   ] GC(33) Metaspace: 66865K(67520K)->66865K(67520K) NonClass: 57163K(57536K)->57163K(57536K) Class: 9702K(9984K)->9702K(9984K)
[16.276s][info ][gc             ] GC(33) Pause Young (Allocation Failure) 1944M->551M(2138M) 71.976ms
[16.276s][info ][gc,cpu         ] GC(33) User=0.29s Sys=0.00s Real=0.07s
[16.276s][info ][safepoint      ] Safepoint "ParallelGCFailedAllocation", Time since last: 215344687 ns, Reaching safepoint: 155205 ns, At safepoint: 72087539 ns, Total: 72242744 ns
[16.596s][info ][gc,start       ] GC(34) Pause Young (Allocation Failure)
[16.675s][debug][gc,phases      ] GC(34) Scavenge 78.349ms
[16.675s][debug][gc,ref         ] GC(34) Skipped phase 1 of Reference Processing: no references
[16.675s][debug][gc,ref         ] GC(34) ReferenceProcessor::execute queues: 1, RefProcThreadModel::Single, marks_oops_alive: false
[16.675s][debug][gc,ref         ] GC(34) Skipped phase 3 of Reference Processing: no references
[16.675s][debug][gc,ref         ] GC(34) ReferenceProcessor::execute queues: 1, RefProcThreadModel::Single, marks_oops_alive: false
[16.675s][debug][gc,phases      ] GC(34) Reference Processing 0.160ms
[16.675s][debug][gc,phases      ] GC(34)   VM Weak                        Min:  0.0, Avg:  0.0, Max:  0.0, Diff:  0.0, Sum:  0.0, Workers: 4
[16.675s][debug][gc,phases      ] GC(34)     Dead                           Min: 0, Avg:  0.0, Max: 0, Diff: 0, Sum: 0, Workers: 4
[16.675s][debug][gc,phases      ] GC(34)     Total                          Min: 0, Avg: 122.8, Max: 448, Diff: 448, Sum: 491, Workers: 4
[16.675s][debug][gc,phases      ] GC(34)   ObjectSynchronizer Weak        Min:  0.0, Avg:  0.0, Max:  0.0, Diff:  0.0, Sum:  0.0, Workers: 4
[16.675s][debug][gc,phases      ] GC(34)     Dead                           Min: 0, Avg:  0.0, Max: 0, Diff: 0, Sum: 0, Workers: 4
[16.675s][debug][gc,phases      ] GC(34)     Total                          Min: 0, Avg: 112.8, Max: 192, Diff: 192, Sum: 451, Workers: 4
[16.675s][debug][gc,phases      ] GC(34)   JVMTI Tag Weak OopStorage      Min:  0.0, Avg:  0.0, Max:  0.0, Diff:  0.0, Sum:  0.0, Workers: 4
[16.675s][debug][gc,phases      ] GC(34)     Dead                           Min: 0, Avg:  0.0, Max: 0, Diff: 0, Sum: 0, Workers: 4
[16.675s][debug][gc,phases      ] GC(34)     Total                          Min: 0, Avg:  0.0, Max: 0, Diff: 0, Sum: 0, Workers: 4
[16.675s][debug][gc,phases      ] GC(34)   StringTable Weak               Min:  0.1, Avg:  0.1, Max:  0.1, Diff:  0.0, Sum:  0.4, Workers: 4
[16.675s][debug][gc,phases      ] GC(34)     Dead                           Min: 0, Avg:  3.0, Max: 10, Diff: 10, Sum: 12, Workers: 4
[16.675s][debug][gc,phases      ] GC(34)     Total                          Min: 9472, Avg: 10560.2, Max: 12417, Diff: 2945, Sum: 42241, Workers: 4
[16.675s][debug][gc,phases      ] GC(34)   ResolvedMethodTable Weak       Min:  0.0, Avg:  0.0, Max:  0.0, Diff:  0.0, Sum:  0.1, Workers: 4
[16.675s][debug][gc,phases      ] GC(34)     Dead                           Min: 0, Avg:  0.0, Max: 0, Diff: 0, Sum: 0, Workers: 4
[16.675s][debug][gc,phases      ] GC(34)     Total                          Min: 1312, Avg: 1703.8, Max: 2303, Diff: 991, Sum: 6815, Workers: 4
[16.675s][debug][gc,phases      ] GC(34)   JNI Weak                       Min:  0.0, Avg:  0.0, Max:  0.0, Diff:  0.0, Sum:  0.0, Workers: 4
[16.675s][debug][gc,phases      ] GC(34)     Dead                           Min: 0, Avg:  0.0, Max: 0, Diff: 0, Sum: 0, Workers: 4
[16.675s][debug][gc,phases      ] GC(34)     Total                          Min: 0, Avg:  0.2, Max: 1, Diff: 1, Sum: 1, Workers: 4
[16.675s][debug][gc,phases      ] GC(34)   StringDedup Table Weak         Min:  0.0, Avg:  0.0, Max:  0.0, Diff:  0.0, Sum:  0.0, Workers: 4
[16.675s][debug][gc,phases      ] GC(34)     Dead                           Min: 0, Avg:  0.0, Max: 0, Diff: 0, Sum: 0, Workers: 4
[16.675s][debug][gc,phases      ] GC(34)     Total                          Min: 0, Avg:  0.0, Max: 0, Diff: 0, Sum: 0, Workers: 4
[16.675s][debug][gc,phases      ] GC(34)   StringDedup Requests0 Weak     Min:  0.0, Avg:  0.0, Max:  0.0, Diff:  0.0, Sum:  0.0, Workers: 4
[16.675s][debug][gc,phases      ] GC(34)     Dead                           Min: 0, Avg:  0.0, Max: 0, Diff: 0, Sum: 0, Workers: 4
[16.675s][debug][gc,phases      ] GC(34)     Total                          Min: 0, Avg:  0.0, Max: 0, Diff: 0, Sum: 0, Workers: 4
[16.675s][debug][gc,phases      ] GC(34)   StringDedup Requests1 Weak     Min:  0.0, Avg:  0.0, Max:  0.0, Diff:  0.0, Sum:  0.0, Workers: 4
[16.675s][debug][gc,phases      ] GC(34)     Dead                           Min: 0, Avg:  0.0, Max: 0, Diff: 0, Sum: 0, Workers: 4
[16.675s][debug][gc,phases      ] GC(34)     Total                          Min: 0, Avg:  0.0, Max: 0, Diff: 0, Sum: 0, Workers: 4
[16.675s][debug][gc,phases      ] GC(34)   Weak JFR Old Object Samples    Min:  0.0, Avg:  0.0, Max:  0.0, Diff:  0.0, Sum:  0.0, Workers: 4
[16.675s][debug][gc,phases      ] GC(34)     Dead                           Min: 0, Avg:  0.0, Max: 0, Diff: 0, Sum: 0, Workers: 4
[16.675s][debug][gc,phases      ] GC(34)     Total                          Min: 0, Avg:  0.0, Max: 0, Diff: 0, Sum: 0, Workers: 4
[16.675s][debug][gc,phases      ] GC(34) Weak Processing 0.309ms
[16.675s][debug][gc,age         ] GC(34) Desired survivor size 362283008 bytes, new threshold 15 (max threshold 15)
[16.675s][info ][gc,heap        ] GC(34) PSYoungGen: 1616080K(1742848K)->219632K(1621504K) Eden: 1401856K(1401856K)->0K(1401856K) From: 214224K(340992K)->219632K(219648K)
[16.675s][info ][gc,heap        ] GC(34) ParOldGen: 350670K(446976K)->350678K(446976K)
[16.675s][info ][gc,metaspace   ] GC(34) Metaspace: 67053K(67712K)->67053K(67712K) NonClass: 57306K(57664K)->57306K(57664K) Class: 9746K(10048K)->9746K(10048K)
[16.675s][info ][gc             ] GC(34) Pause Young (Allocation Failure) 1920M->556M(2020M) 78.954ms
[16.675s][info ][gc,cpu         ] GC(34) User=0.32s Sys=0.00s Real=0.08s
[16.675s][info ][safepoint      ] Safepoint "ParallelGCFailedAllocation", Time since last: 320209544 ns, Reaching safepoint: 171906 ns, At safepoint: 79060755 ns, Total: 79232661 ns
[16.782s][info ][safepoint      ] Safepoint "ICBufferFull", Time since last: 106519408 ns, Reaching safepoint: 164005 ns, At safepoint: 34201 ns, Total: 198206 ns
[16.822s][info ][safepoint      ] Safepoint "ICBufferFull", Time since last: 40133747 ns, Reaching safepoint: 160905 ns, At safepoint: 26500 ns, Total: 187405 ns
[16.825s][info ][safepoint      ] Safepoint "ICBufferFull", Time since last: 2507678 ns, Reaching safepoint: 108704 ns, At safepoint: 24500 ns, Total: 133204 ns
[16.841s][info ][safepoint      ] Safepoint "ICBufferFull", Time since last: 15666087 ns, Reaching safepoint: 139404 ns, At safepoint: 26001 ns, Total: 165405 ns
[16.939s][info ][safepoint      ] Safepoint "ICBufferFull", Time since last: 98375454 ns, Reaching safepoint: 212107 ns, At safepoint: 28700 ns, Total: 240807 ns
[16.942s][info ][safepoint      ] Safepoint "ICBufferFull", Time since last: 2236370 ns, Reaching safepoint: 116203 ns, At safepoint: 26101 ns, Total: 142304 ns
[16.944s][info ][safepoint      ] Safepoint "ICBufferFull", Time since last: 2191068 ns, Reaching safepoint: 96703 ns, At safepoint: 28701 ns, Total: 125404 ns
[16.959s][info ][gc,start       ] GC(35) Pause Young (Allocation Failure)
[17.027s][debug][gc,phases      ] GC(35) Scavenge 68.014ms
[17.027s][debug][gc,ref         ] GC(35) Skipped phase 1 of Reference Processing: no references
[17.027s][debug][gc,ref         ] GC(35) ReferenceProcessor::execute queues: 1, RefProcThreadModel::Single, marks_oops_alive: false
[17.027s][debug][gc,ref         ] GC(35) Skipped phase 3 of Reference Processing: no references
[17.027s][debug][gc,ref         ] GC(35) ReferenceProcessor::execute queues: 1, RefProcThreadModel::Single, marks_oops_alive: false
[17.027s][debug][gc,phases      ] GC(35) Reference Processing 0.156ms
[17.027s][debug][gc,phases      ] GC(35)   VM Weak                        Min:  0.0, Avg:  0.0, Max:  0.0, Diff:  0.0, Sum:  0.0, Workers: 4
[17.027s][debug][gc,phases      ] GC(35)     Dead                           Min: 0, Avg:  0.0, Max: 0, Diff: 0, Sum: 0, Workers: 4
[17.027s][debug][gc,phases      ] GC(35)     Total                          Min: 0, Avg: 129.2, Max: 517, Diff: 517, Sum: 517, Workers: 4
[17.027s][debug][gc,phases      ] GC(35)   ObjectSynchronizer Weak        Min:  0.0, Avg:  0.0, Max:  0.0, Diff:  0.0, Sum:  0.0, Workers: 4
[17.027s][debug][gc,phases      ] GC(35)     Dead                           Min: 0, Avg:  0.0, Max: 0, Diff: 0, Sum: 0, Workers: 4
[17.027s][debug][gc,phases      ] GC(35)     Total                          Min: 0, Avg: 112.8, Max: 448, Diff: 448, Sum: 451, Workers: 4
[17.027s][debug][gc,phases      ] GC(35)   JVMTI Tag Weak OopStorage      Min:  0.0, Avg:  0.0, Max:  0.0, Diff:  0.0, Sum:  0.0, Workers: 4
[17.027s][debug][gc,phases      ] GC(35)     Dead                           Min: 0, Avg:  0.0, Max: 0, Diff: 0, Sum: 0, Workers: 4
[17.027s][debug][gc,phases      ] GC(35)     Total                          Min: 0, Avg:  0.0, Max: 0, Diff: 0, Sum: 0, Workers: 4
[17.027s][debug][gc,phases      ] GC(35)   StringTable Weak               Min:  0.1, Avg:  0.1, Max:  0.1, Diff:  0.0, Sum:  0.3, Workers: 4
[17.027s][debug][gc,phases      ] GC(35)     Dead                           Min: 0, Avg:  3.0, Max: 11, Diff: 11, Sum: 12, Workers: 4
[17.027s][debug][gc,phases      ] GC(35)     Total                          Min: 9824, Avg: 10613.2, Max: 12159, Diff: 2335, Sum: 42453, Workers: 4
[17.027s][debug][gc,phases      ] GC(35)   ResolvedMethodTable Weak       Min:  0.0, Avg:  0.0, Max:  0.0, Diff:  0.0, Sum:  0.1, Workers: 4
[17.027s][debug][gc,phases      ] GC(35)     Dead                           Min: 0, Avg:  0.0, Max: 0, Diff: 0, Sum: 0, Workers: 4
[17.027s][debug][gc,phases      ] GC(35)     Total                          Min: 1637, Avg: 1768.5, Max: 1983, Diff: 346, Sum: 7074, Workers: 4
[17.027s][debug][gc,phases      ] GC(35)   JNI Weak                       Min:  0.0, Avg:  0.0, Max:  0.0, Diff:  0.0, Sum:  0.0, Workers: 4
[17.027s][debug][gc,phases      ] GC(35)     Dead                           Min: 0, Avg:  0.0, Max: 0, Diff: 0, Sum: 0, Workers: 4
[17.027s][debug][gc,phases      ] GC(35)     Total                          Min: 0, Avg:  2.5, Max: 10, Diff: 10, Sum: 10, Workers: 4
[17.027s][debug][gc,phases      ] GC(35)   StringDedup Table Weak         Min:  0.0, Avg:  0.0, Max:  0.0, Diff:  0.0, Sum:  0.0, Workers: 4
[17.027s][debug][gc,phases      ] GC(35)     Dead                           Min: 0, Avg:  0.0, Max: 0, Diff: 0, Sum: 0, Workers: 4
[17.027s][debug][gc,phases      ] GC(35)     Total                          Min: 0, Avg:  0.0, Max: 0, Diff: 0, Sum: 0, Workers: 4
[17.027s][debug][gc,phases      ] GC(35)   StringDedup Requests0 Weak     Min:  0.0, Avg:  0.0, Max:  0.0, Diff:  0.0, Sum:  0.0, Workers: 4
[17.027s][debug][gc,phases      ] GC(35)     Dead                           Min: 0, Avg:  0.0, Max: 0, Diff: 0, Sum: 0, Workers: 4
[17.027s][debug][gc,phases      ] GC(35)     Total                          Min: 0, Avg:  0.0, Max: 0, Diff: 0, Sum: 0, Workers: 4
[17.027s][debug][gc,phases      ] GC(35)   StringDedup Requests1 Weak     Min:  0.0, Avg:  0.0, Max:  0.0, Diff:  0.0, Sum:  0.0, Workers: 4
[17.027s][debug][gc,phases      ] GC(35)     Dead                           Min: 0, Avg:  0.0, Max: 0, Diff: 0, Sum: 0, Workers: 4
[17.027s][debug][gc,phases      ] GC(35)     Total                          Min: 0, Avg:  0.0, Max: 0, Diff: 0, Sum: 0, Workers: 4
[17.027s][debug][gc,phases      ] GC(35)   Weak JFR Old Object Samples    Min:  0.0, Avg:  0.0, Max:  0.0, Diff:  0.0, Sum:  0.0, Workers: 4
[17.027s][debug][gc,phases      ] GC(35)     Dead                           Min: 0, Avg:  0.0, Max: 0, Diff: 0, Sum: 0, Workers: 4
[17.027s][debug][gc,phases      ] GC(35)     Total                          Min: 0, Avg:  0.0, Max: 0, Diff: 0, Sum: 0, Workers: 4
[17.027s][debug][gc,phases      ] GC(35) Weak Processing 0.296ms
[17.027s][debug][gc,age         ] GC(35) Desired survivor size 365953024 bytes, new threshold 15 (max threshold 15)
[17.027s][info ][gc,heap        ] GC(35) PSYoungGen: 1621488K(1621504K)->220112K(1736192K) Eden: 1401856K(1401856K)->0K(1382400K) From: 219632K(219648K)->220112K(353792K)
[17.027s][info ][gc,heap        ] GC(35) ParOldGen: 350678K(446976K)->350686K(446976K)
[17.027s][info ][gc,metaspace   ] GC(35) Metaspace: 67771K(68480K)->67771K(68480K) NonClass: 57881K(58304K)->57881K(58304K) Class: 9889K(10176K)->9889K(10176K)
[17.027s][info ][gc             ] GC(35) Pause Young (Allocation Failure) 1925M->557M(2132M) 68.597ms
[17.027s][info ][gc,cpu         ] GC(35) User=0.28s Sys=0.00s Real=0.07s
[17.027s][info ][safepoint      ] Safepoint "ParallelGCFailedAllocation", Time since last: 14013735 ns, Reaching safepoint: 284509 ns, At safepoint: 68709532 ns, Total: 68994041 ns
[17.035s][info ][safepoint      ] Safepoint "ICBufferFull", Time since last: 7983948 ns, Reaching safepoint: 114803 ns, At safepoint: 22401 ns, Total: 137204 ns
[17.041s][info ][safepoint      ] Safepoint "ICBufferFull", Time since last: 5554272 ns, Reaching safepoint: 118304 ns, At safepoint: 30701 ns, Total: 149005 ns
[17.041s][info ][safepoint      ] Safepoint "ICBufferFull", Time since last: 50601 ns, Reaching safepoint: 86503 ns, At safepoint: 29901 ns, Total: 116404 ns
[17.042s][info ][safepoint      ] Safepoint "ICBufferFull", Time since last: 1052533 ns, Reaching safepoint: 125104 ns, At safepoint: 30601 ns, Total: 155705 ns
[17.045s][info ][safepoint      ] Safepoint "ICBufferFull", Time since last: 2291671 ns, Reaching safepoint: 98203 ns, At safepoint: 24700 ns, Total: 122903 ns
[17.118s][info ][safepoint      ] Safepoint "ICBufferFull", Time since last: 73072868 ns, Reaching safepoint: 198806 ns, At safepoint: 24201 ns, Total: 223007 ns
[17.120s][info ][safepoint      ] Safepoint "ICBufferFull", Time since last: 1381343 ns, Reaching safepoint: 117803 ns, At safepoint: 26201 ns, Total: 144004 ns
[17.125s][info ][safepoint      ] Safepoint "ICBufferFull", Time since last: 4921053 ns, Reaching safepoint: 97903 ns, At safepoint: 28101 ns, Total: 126004 ns
[17.125s][info ][safepoint      ] Safepoint "ICBufferFull", Time since last: 85902 ns, Reaching safepoint: 97104 ns, At safepoint: 34701 ns, Total: 131805 ns
[17.137s][info ][safepoint      ] Safepoint "ICBufferFull", Time since last: 11658761 ns, Reaching safepoint: 124404 ns, At safepoint: 28501 ns, Total: 152905 ns
[17.143s][info ][safepoint      ] Safepoint "ICBufferFull", Time since last: 6513002 ns, Reaching safepoint: 121904 ns, At safepoint: 32501 ns, Total: 154405 ns
[17.157s][info ][safepoint      ] Safepoint "ICBufferFull", Time since last: 13371815 ns, Reaching safepoint: 134004 ns, At safepoint: 32001 ns, Total: 166005 ns
[17.158s][info ][safepoint      ] Safepoint "ICBufferFull", Time since last: 1128035 ns, Reaching safepoint: 108503 ns, At safepoint: 24101 ns, Total: 132604 ns
[17.186s][info ][safepoint      ] Safepoint "ICBufferFull", Time since last: 27154343 ns, Reaching safepoint: 145704 ns, At safepoint: 28801 ns, Total: 174505 ns
[17.187s][info ][safepoint      ] Safepoint "ICBufferFull", Time since last: 943229 ns, Reaching safepoint: 185806 ns, At safepoint: 21301 ns, Total: 207107 ns
[17.189s][info ][safepoint      ] Safepoint "ICBufferFull", Time since last: 2252870 ns, Reaching safepoint: 97403 ns, At safepoint: 19000 ns, Total: 116403 ns
[17.196s][info ][safepoint      ] Safepoint "ICBufferFull", Time since last: 6728909 ns, Reaching safepoint: 132604 ns, At safepoint: 31101 ns, Total: 163705 ns
[17.200s][info ][safepoint      ] Safepoint "ICBufferFull", Time since last: 4263733 ns, Reaching safepoint: 132804 ns, At safepoint: 30101 ns, Total: 162905 ns
[17.207s][info ][safepoint      ] Safepoint "ICBufferFull", Time since last: 6004186 ns, Reaching safepoint: 135204 ns, At safepoint: 34001 ns, Total: 169205 ns
[17.208s][info ][safepoint      ] Safepoint "ICBufferFull", Time since last: 1749455 ns, Reaching safepoint: 122103 ns, At safepoint: 35601 ns, Total: 157704 ns
[17.251s][info ][safepoint      ] Safepoint "ICBufferFull", Time since last: 40505857 ns, Reaching safepoint: 2169768 ns, At safepoint: 30301 ns, Total: 2200069 ns
[17.274s][info ][safepoint      ] Safepoint "ICBufferFull", Time since last: 22811407 ns, Reaching safepoint: 140705 ns, At safepoint: 31501 ns, Total: 172206 ns
[17.279s][info ][safepoint      ] Safepoint "ICBufferFull", Time since last: 5027556 ns, Reaching safepoint: 124104 ns, At safepoint: 24900 ns, Total: 149004 ns
[17.295s][info ][safepoint      ] Safepoint "ICBufferFull", Time since last: 15116969 ns, Reaching safepoint: 404313 ns, At safepoint: 35201 ns, Total: 439514 ns
[17.299s][info ][safepoint      ] Safepoint "ICBufferFull", Time since last: 1847657 ns, Reaching safepoint: 2162068 ns, At safepoint: 31801 ns, Total: 2193869 ns
[17.313s][info ][safepoint      ] Safepoint "ICBufferFull", Time since last: 14285843 ns, Reaching safepoint: 139004 ns, At safepoint: 23501 ns, Total: 162505 ns
[17.314s][info ][safepoint      ] Safepoint "ICBufferFull", Time since last: 796625 ns, Reaching safepoint: 111303 ns, At safepoint: 22801 ns, Total: 134104 ns
[17.365s][info ][gc,start       ] GC(36) Pause Young (Allocation Failure)
[17.439s][debug][gc,phases      ] GC(36) Scavenge 73.954ms
[17.439s][debug][gc,ref         ] GC(36) Skipped phase 1 of Reference Processing: no references
[17.440s][debug][gc,ref         ] GC(36) ReferenceProcessor::execute queues: 1, RefProcThreadModel::Single, marks_oops_alive: false
[17.440s][debug][gc,ref         ] GC(36) Skipped phase 3 of Reference Processing: no references
[17.440s][debug][gc,ref         ] GC(36) ReferenceProcessor::execute queues: 1, RefProcThreadModel::Single, marks_oops_alive: false
[17.440s][debug][gc,phases      ] GC(36) Reference Processing 0.148ms
[17.440s][debug][gc,phases      ] GC(36)   VM Weak                        Min:  0.0, Avg:  0.0, Max:  0.0, Diff:  0.0, Sum:  0.0, Workers: 4
[17.440s][debug][gc,phases      ] GC(36)     Dead                           Min: 0, Avg:  0.0, Max: 0, Diff: 0, Sum: 0, Workers: 4
[17.440s][debug][gc,phases      ] GC(36)     Total                          Min: 0, Avg: 129.2, Max: 325, Diff: 325, Sum: 517, Workers: 4
[17.440s][debug][gc,phases      ] GC(36)   ObjectSynchronizer Weak        Min:  0.0, Avg:  0.0, Max:  0.0, Diff:  0.0, Sum:  0.0, Workers: 4
[17.440s][debug][gc,phases      ] GC(36)     Dead                           Min: 0, Avg:  0.0, Max: 0, Diff: 0, Sum: 0, Workers: 4
[17.440s][debug][gc,phases      ] GC(36)     Total                          Min: 0, Avg: 112.8, Max: 256, Diff: 256, Sum: 451, Workers: 4
[17.440s][debug][gc,phases      ] GC(36)   JVMTI Tag Weak OopStorage      Min:  0.0, Avg:  0.0, Max:  0.0, Diff:  0.0, Sum:  0.0, Workers: 4
[17.440s][debug][gc,phases      ] GC(36)     Dead                           Min: 0, Avg:  0.0, Max: 0, Diff: 0, Sum: 0, Workers: 4
[17.440s][debug][gc,phases      ] GC(36)     Total                          Min: 0, Avg:  0.0, Max: 0, Diff: 0, Sum: 0, Workers: 4
[17.440s][debug][gc,phases      ] GC(36)   StringTable Weak               Min:  0.1, Avg:  0.1, Max:  0.1, Diff:  0.0, Sum:  0.4, Workers: 4
[17.440s][debug][gc,phases      ] GC(36)     Dead                           Min: 0, Avg:  2.8, Max: 10, Diff: 10, Sum: 11, Workers: 4
[17.440s][debug][gc,phases      ] GC(36)     Total                          Min: 9216, Avg: 10619.5, Max: 11520, Diff: 2304, Sum: 42478, Workers: 4
[17.440s][debug][gc,phases      ] GC(36)   ResolvedMethodTable Weak       Min:  0.0, Avg:  0.0, Max:  0.0, Diff:  0.0, Sum:  0.1, Workers: 4
[17.440s][debug][gc,phases      ] GC(36)     Dead                           Min: 0, Avg:  0.0, Max: 0, Diff: 0, Sum: 0, Workers: 4
[17.440s][debug][gc,phases      ] GC(36)     Total                          Min: 1599, Avg: 1768.5, Max: 1919, Diff: 320, Sum: 7074, Workers: 4
[17.440s][debug][gc,phases      ] GC(36)   JNI Weak                       Min:  0.0, Avg:  0.0, Max:  0.0, Diff:  0.0, Sum:  0.0, Workers: 4
[17.440s][debug][gc,phases      ] GC(36)     Dead                           Min: 0, Avg:  0.0, Max: 0, Diff: 0, Sum: 0, Workers: 4
[17.440s][debug][gc,phases      ] GC(36)     Total                          Min: 0, Avg:  2.5, Max: 10, Diff: 10, Sum: 10, Workers: 4
[17.440s][debug][gc,phases      ] GC(36)   StringDedup Table Weak         Min:  0.0, Avg:  0.0, Max:  0.0, Diff:  0.0, Sum:  0.0, Workers: 4
[17.440s][debug][gc,phases      ] GC(36)     Dead                           Min: 0, Avg:  0.0, Max: 0, Diff: 0, Sum: 0, Workers: 4
[17.440s][debug][gc,phases      ] GC(36)     Total                          Min: 0, Avg:  0.0, Max: 0, Diff: 0, Sum: 0, Workers: 4
[17.440s][debug][gc,phases      ] GC(36)   StringDedup Requests0 Weak     Min:  0.0, Avg:  0.0, Max:  0.0, Diff:  0.0, Sum:  0.0, Workers: 4
[17.440s][debug][gc,phases      ] GC(36)     Dead                           Min: 0, Avg:  0.0, Max: 0, Diff: 0, Sum: 0, Workers: 4
[17.440s][debug][gc,phases      ] GC(36)     Total                          Min: 0, Avg:  0.0, Max: 0, Diff: 0, Sum: 0, Workers: 4
[17.440s][debug][gc,phases      ] GC(36)   StringDedup Requests1 Weak     Min:  0.0, Avg:  0.0, Max:  0.0, Diff:  0.0, Sum:  0.0, Workers: 4
[17.440s][debug][gc,phases      ] GC(36)     Dead                           Min: 0, Avg:  0.0, Max: 0, Diff: 0, Sum: 0, Workers: 4
[17.440s][debug][gc,phases      ] GC(36)     Total                          Min: 0, Avg:  0.0, Max: 0, Diff: 0, Sum: 0, Workers: 4
[17.440s][debug][gc,phases      ] GC(36)   Weak JFR Old Object Samples    Min:  0.0, Avg:  0.0, Max:  0.0, Diff:  0.0, Sum:  0.0, Workers: 4
[17.440s][debug][gc,phases      ] GC(36)     Dead                           Min: 0, Avg:  0.0, Max: 0, Diff: 0, Sum: 0, Workers: 4
[17.440s][debug][gc,phases      ] GC(36)     Total                          Min: 0, Avg:  0.0, Max: 0, Diff: 0, Sum: 0, Workers: 4
[17.440s][debug][gc,phases      ] GC(36) Weak Processing 0.319ms
[17.440s][debug][gc,age         ] GC(36) Desired survivor size 368050176 bytes, new threshold 15 (max threshold 15)
[17.440s][info ][gc,heap        ] GC(36) PSYoungGen: 1602512K(1736192K)->220618K(1603072K) Eden: 1382400K(1382400K)->0K(1382400K) From: 220112K(353792K)->220618K(220672K)
[17.440s][info ][gc,heap        ] GC(36) ParOldGen: 350686K(446976K)->350694K(446976K)
[17.440s][info ][gc,metaspace   ] GC(36) Metaspace: 67888K(68544K)->67888K(68544K) NonClass: 57998K(58368K)->57998K(58368K) Class: 9889K(10176K)->9889K(10176K)
[17.440s][info ][gc             ] GC(36) Pause Young (Allocation Failure) 1907M->557M(2002M) 74.560ms
[17.440s][info ][gc,cpu         ] GC(36) User=0.30s Sys=0.00s Real=0.07s
[17.440s][info ][safepoint      ] Safepoint "ParallelGCFailedAllocation", Time since last: 50783876 ns, Reaching safepoint: 356711 ns, At safepoint: 74668017 ns, Total: 75024728 ns
[17.687s][info ][gc,start       ] GC(37) Pause Young (Allocation Failure)
[17.757s][debug][gc,phases      ] GC(37) Scavenge 70.575ms
[17.757s][debug][gc,ref         ] GC(37) Skipped phase 1 of Reference Processing: no references
[17.757s][debug][gc,ref         ] GC(37) ReferenceProcessor::execute queues: 1, RefProcThreadModel::Single, marks_oops_alive: false
[17.758s][debug][gc,ref         ] GC(37) Skipped phase 3 of Reference Processing: no references
[17.758s][debug][gc,ref         ] GC(37) ReferenceProcessor::execute queues: 1, RefProcThreadModel::Single, marks_oops_alive: false
[17.758s][debug][gc,phases      ] GC(37) Reference Processing 0.156ms
[17.758s][debug][gc,phases      ] GC(37)   VM Weak                        Min:  0.0, Avg:  0.0, Max:  0.0, Diff:  0.0, Sum:  0.0, Workers: 4
[17.758s][debug][gc,phases      ] GC(37)     Dead                           Min: 0, Avg:  0.0, Max: 0, Diff: 0, Sum: 0, Workers: 4
[17.758s][debug][gc,phases      ] GC(37)     Total                          Min: 0, Avg: 129.2, Max: 517, Diff: 517, Sum: 517, Workers: 4
[17.758s][debug][gc,phases      ] GC(37)   ObjectSynchronizer Weak        Min:  0.0, Avg:  0.0, Max:  0.0, Diff:  0.0, Sum:  0.0, Workers: 4
[17.758s][debug][gc,phases      ] GC(37)     Dead                           Min: 0, Avg:  0.0, Max: 0, Diff: 0, Sum: 0, Workers: 4
[17.758s][debug][gc,phases      ] GC(37)     Total                          Min: 0, Avg: 112.8, Max: 256, Diff: 256, Sum: 451, Workers: 4
[17.758s][debug][gc,phases      ] GC(37)   JVMTI Tag Weak OopStorage      Min:  0.0, Avg:  0.0, Max:  0.0, Diff:  0.0, Sum:  0.0, Workers: 4
[17.758s][debug][gc,phases      ] GC(37)     Dead                           Min: 0, Avg:  0.0, Max: 0, Diff: 0, Sum: 0, Workers: 4
[17.758s][debug][gc,phases      ] GC(37)     Total                          Min: 0, Avg:  0.0, Max: 0, Diff: 0, Sum: 0, Workers: 4
[17.758s][debug][gc,phases      ] GC(37)   StringTable Weak               Min:  0.1, Avg:  0.1, Max:  0.1, Diff:  0.0, Sum:  0.3, Workers: 4
[17.758s][debug][gc,phases      ] GC(37)     Dead                           Min: 0, Avg:  0.0, Max: 0, Diff: 0, Sum: 0, Workers: 4
[17.758s][debug][gc,phases      ] GC(37)     Total                          Min: 9262, Avg: 10619.5, Max: 11712, Diff: 2450, Sum: 42478, Workers: 4
[17.758s][debug][gc,phases      ] GC(37)   ResolvedMethodTable Weak       Min:  0.0, Avg:  0.0, Max:  0.0, Diff:  0.0, Sum:  0.1, Workers: 4
[17.758s][debug][gc,phases      ] GC(37)     Dead                           Min: 0, Avg:  0.0, Max: 0, Diff: 0, Sum: 0, Workers: 4
[17.758s][debug][gc,phases      ] GC(37)     Total                          Min: 1599, Avg: 1768.5, Max: 1983, Diff: 384, Sum: 7074, Workers: 4
[17.758s][debug][gc,phases      ] GC(37)   JNI Weak                       Min:  0.0, Avg:  0.0, Max:  0.0, Diff:  0.0, Sum:  0.0, Workers: 4
[17.758s][debug][gc,phases      ] GC(37)     Dead                           Min: 0, Avg:  0.0, Max: 0, Diff: 0, Sum: 0, Workers: 4
[17.758s][debug][gc,phases      ] GC(37)     Total                          Min: 0, Avg:  4.5, Max: 18, Diff: 18, Sum: 18, Workers: 4
[17.758s][debug][gc,phases      ] GC(37)   StringDedup Table Weak         Min:  0.0, Avg:  0.0, Max:  0.0, Diff:  0.0, Sum:  0.0, Workers: 4
[17.758s][debug][gc,phases      ] GC(37)     Dead                           Min: 0, Avg:  0.0, Max: 0, Diff: 0, Sum: 0, Workers: 4
[17.758s][debug][gc,phases      ] GC(37)     Total                          Min: 0, Avg:  0.0, Max: 0, Diff: 0, Sum: 0, Workers: 4
[17.758s][debug][gc,phases      ] GC(37)   StringDedup Requests0 Weak     Min:  0.0, Avg:  0.0, Max:  0.0, Diff:  0.0, Sum:  0.0, Workers: 4
[17.758s][debug][gc,phases      ] GC(37)     Dead                           Min: 0, Avg:  0.0, Max: 0, Diff: 0, Sum: 0, Workers: 4
[17.758s][debug][gc,phases      ] GC(37)     Total                          Min: 0, Avg:  0.0, Max: 0, Diff: 0, Sum: 0, Workers: 4
[17.758s][debug][gc,phases      ] GC(37)   StringDedup Requests1 Weak     Min:  0.0, Avg:  0.0, Max:  0.0, Diff:  0.0, Sum:  0.0, Workers: 4
[17.758s][debug][gc,phases      ] GC(37)     Dead                           Min: 0, Avg:  0.0, Max: 0, Diff: 0, Sum: 0, Workers: 4
[17.758s][debug][gc,phases      ] GC(37)     Total                          Min: 0, Avg:  0.0, Max: 0, Diff: 0, Sum: 0, Workers: 4
[17.758s][debug][gc,phases      ] GC(37)   Weak JFR Old Object Samples    Min:  0.0, Avg:  0.0, Max:  0.0, Diff:  0.0, Sum:  0.0, Workers: 4
[17.758s][debug][gc,phases      ] GC(37)     Dead                           Min: 0, Avg:  0.0, Max: 0, Diff: 0, Sum: 0, Workers: 4
[17.758s][debug][gc,phases      ] GC(37)     Total                          Min: 0, Avg:  0.0, Max: 0, Diff: 0, Sum: 0, Workers: 4
[17.758s][debug][gc,phases      ] GC(37) Weak Processing 0.278ms
[17.758s][debug][gc,age         ] GC(37) Desired survivor size 369623040 bytes, new threshold 15 (max threshold 15)
[17.758s][info ][gc,heap        ] GC(37) PSYoungGen: 1603018K(1603072K)->224144K(1734656K) Eden: 1382400K(1382400K)->0K(1375232K) From: 220618K(220672K)->224144K(359424K)
[17.758s][info ][gc,heap        ] GC(37) ParOldGen: 350694K(446976K)->350694K(446976K)
[17.758s][info ][gc,metaspace   ] GC(37) Metaspace: 67900K(68544K)->67900K(68544K) NonClass: 58010K(58368K)->58010K(58368K) Class: 9889K(10176K)->9889K(10176K)
[17.758s][info ][gc             ] GC(37) Pause Young (Allocation Failure) 1907M->561M(2130M) 71.143ms
[17.758s][info ][gc,cpu         ] GC(37) User=0.31s Sys=0.00s Real=0.07s
[17.758s][info ][safepoint      ] Safepoint "ParallelGCFailedAllocation", Time since last: 246466547 ns, Reaching safepoint: 137805 ns, At safepoint: 71256711 ns, Total: 71394516 ns
[17.827s][info ][safepoint      ] Safepoint "ICBufferFull", Time since last: 69222048 ns, Reaching safepoint: 148804 ns, At safepoint: 28201 ns, Total: 177005 ns
[17.828s][info ][safepoint      ] Safepoint "ICBufferFull", Time since last: 874727 ns, Reaching safepoint: 93803 ns, At safepoint: 24301 ns, Total: 118104 ns
[17.840s][info ][safepoint      ] Safepoint "ICBufferFull", Time since last: 11619461 ns, Reaching safepoint: 130404 ns, At safepoint: 29701 ns, Total: 160105 ns
[17.842s][info ][safepoint      ] Safepoint "ICBufferFull", Time since last: 1805156 ns, Reaching safepoint: 96503 ns, At safepoint: 27601 ns, Total: 124104 ns
[17.852s][info ][safepoint      ] Safepoint "ICBufferFull", Time since last: 9563696 ns, Reaching safepoint: 116304 ns, At safepoint: 24301 ns, Total: 140605 ns
[17.853s][info ][safepoint      ] Safepoint "ICBufferFull", Time since last: 1462945 ns, Reaching safepoint: 117804 ns, At safepoint: 28701 ns, Total: 146505 ns
[17.876s][info ][safepoint      ] Safepoint "ICBufferFull", Time since last: 22492098 ns, Reaching safepoint: 142304 ns, At safepoint: 32601 ns, Total: 174905 ns
[17.896s][info ][safepoint      ] Safepoint "ICBufferFull", Time since last: 20129425 ns, Reaching safepoint: 138004 ns, At safepoint: 24701 ns, Total: 162705 ns
[17.909s][info ][safepoint      ] Safepoint "ICBufferFull", Time since last: 12966002 ns, Reaching safepoint: 126104 ns, At safepoint: 27300 ns, Total: 153404 ns
[17.914s][info ][safepoint      ] Safepoint "ICBufferFull", Time since last: 4196830 ns, Reaching safepoint: 108404 ns, At safepoint: 26801 ns, Total: 135205 ns
[17.919s][info ][safepoint      ] Safepoint "ICBufferFull", Time since last: 5073657 ns, Reaching safepoint: 107703 ns, At safepoint: 23801 ns, Total: 131504 ns
[17.931s][info ][safepoint      ] Safepoint "ICBufferFull", Time since last: 8629968 ns, Reaching safepoint: 3179098 ns, At safepoint: 37801 ns, Total: 3216899 ns
[17.935s][info ][safepoint      ] Safepoint "ICBufferFull", Time since last: 4423838 ns, Reaching safepoint: 116003 ns, At safepoint: 34501 ns, Total: 150504 ns
[17.964s][info ][safepoint      ] Safepoint "ICBufferFull", Time since last: 28265077 ns, Reaching safepoint: 139204 ns, At safepoint: 28601 ns, Total: 167805 ns
[17.971s][info ][safepoint      ] Safepoint "ICBufferFull", Time since last: 6808111 ns, Reaching safepoint: 126604 ns, At safepoint: 26701 ns, Total: 153305 ns
[17.972s][info ][safepoint      ] Safepoint "ICBufferFull", Time since last: 849226 ns, Reaching safepoint: 94403 ns, At safepoint: 28401 ns, Total: 122804 ns
[17.974s][info ][safepoint      ] Safepoint "ICBufferFull", Time since last: 1711453 ns, Reaching safepoint: 120604 ns, At safepoint: 27200 ns, Total: 147804 ns
[17.984s][info ][safepoint      ] Safepoint "ICBufferFull", Time since last: 10584929 ns, Reaching safepoint: 122603 ns, At safepoint: 28101 ns, Total: 150704 ns
[17.988s][info ][safepoint      ] Safepoint "ICBufferFull", Time since last: 2976992 ns, Reaching safepoint: 199007 ns, At safepoint: 31101 ns, Total: 230108 ns
[17.989s][info ][safepoint      ] Safepoint "ICBufferFull", Time since last: 838726 ns, Reaching safepoint: 95903 ns, At safepoint: 26600 ns, Total: 122503 ns
[18.013s][info ][safepoint      ] Safepoint "ICBufferFull", Time since last: 23998745 ns, Reaching safepoint: 181005 ns, At safepoint: 27801 ns, Total: 208806 ns
[18.019s][info ][safepoint      ] Safepoint "ICBufferFull", Time since last: 6079688 ns, Reaching safepoint: 126204 ns, At safepoint: 25801 ns, Total: 152005 ns
[18.020s][info ][safepoint      ] Safepoint "ICBufferFull", Time since last: 790125 ns, Reaching safepoint: 100903 ns, At safepoint: 25301 ns, Total: 126204 ns
[18.022s][info ][safepoint      ] Safepoint "ICBufferFull", Time since last: 1633250 ns, Reaching safepoint: 103203 ns, At safepoint: 24801 ns, Total: 128004 ns
[18.023s][info ][safepoint      ] Safepoint "ICBufferFull", Time since last: 1639051 ns, Reaching safepoint: 101703 ns, At safepoint: 27001 ns, Total: 128704 ns
[18.039s][info ][safepoint      ] Safepoint "ICBufferFull", Time since last: 14957264 ns, Reaching safepoint: 132304 ns, At safepoint: 31801 ns, Total: 164105 ns
[18.039s][info ][safepoint      ] Safepoint "ICBufferFull", Time since last: 805425 ns, Reaching safepoint: 95803 ns, At safepoint: 24901 ns, Total: 120704 ns
[18.051s][info ][safepoint      ] Safepoint "ICBufferFull", Time since last: 7227524 ns, Reaching safepoint: 4234431 ns, At safepoint: 33001 ns, Total: 4267432 ns
[18.070s][info ][safepoint      ] Safepoint "ICBufferFull", Time since last: 18426271 ns, Reaching safepoint: 123204 ns, At safepoint: 25401 ns, Total: 148605 ns
[18.070s][info ][safepoint      ] Safepoint "ICBufferFull", Time since last: 773424 ns, Reaching safepoint: 104203 ns, At safepoint: 24101 ns, Total: 128304 ns
[18.072s][info ][safepoint      ] Safepoint "ICBufferFull", Time since last: 1627250 ns, Reaching safepoint: 107304 ns, At safepoint: 22900 ns, Total: 130204 ns
[18.074s][info ][safepoint      ] Safepoint "ICBufferFull", Time since last: 1519347 ns, Reaching safepoint: 104704 ns, At safepoint: 23600 ns, Total: 128304 ns
[18.077s][info ][safepoint      ] Safepoint "ICBufferFull", Time since last: 2891190 ns, Reaching safepoint: 115804 ns, At safepoint: 25500 ns, Total: 141304 ns
[18.091s][info ][safepoint      ] Safepoint "ICBufferFull", Time since last: 14271343 ns, Reaching safepoint: 123104 ns, At safepoint: 22800 ns, Total: 145904 ns
[18.102s][info ][safepoint      ] Safepoint "ICBufferFull", Time since last: 10576928 ns, Reaching safepoint: 209107 ns, At safepoint: 31101 ns, Total: 240208 ns
[18.109s][info ][safepoint      ] Safepoint "ICBufferFull", Time since last: 7033518 ns, Reaching safepoint: 127204 ns, At safepoint: 37201 ns, Total: 164405 ns
[18.110s][info ][safepoint      ] Safepoint "ICBufferFull", Time since last: 815025 ns, Reaching safepoint: 339011 ns, At safepoint: 24901 ns, Total: 363912 ns
[18.112s][info ][safepoint      ] Safepoint "ICBufferFull", Time since last: 1708552 ns, Reaching safepoint: 126104 ns, At safepoint: 34101 ns, Total: 160205 ns
[18.114s][info ][safepoint      ] Safepoint "ICBufferFull", Time since last: 1573049 ns, Reaching safepoint: 101403 ns, At safepoint: 31401 ns, Total: 132804 ns
[18.130s][info ][safepoint      ] Safepoint "ICBufferFull", Time since last: 15617785 ns, Reaching safepoint: 121403 ns, At safepoint: 30001 ns, Total: 151404 ns
[18.131s][info ][safepoint      ] Safepoint "ICBufferFull", Time since last: 779224 ns, Reaching safepoint: 96003 ns, At safepoint: 27201 ns, Total: 123204 ns
[18.135s][info ][gc,start       ] GC(38) Pause Young (Allocation Failure)
[18.214s][debug][gc,phases      ] GC(38) Scavenge 79.139ms
[18.214s][debug][gc,ref         ] GC(38) Skipped phase 1 of Reference Processing: no references
[18.214s][debug][gc,ref         ] GC(38) ReferenceProcessor::execute queues: 1, RefProcThreadModel::Single, marks_oops_alive: false
[18.215s][debug][gc,ref         ] GC(38) Skipped phase 3 of Reference Processing: no references
[18.215s][debug][gc,ref         ] GC(38) ReferenceProcessor::execute queues: 1, RefProcThreadModel::Single, marks_oops_alive: false
[18.215s][debug][gc,phases      ] GC(38) Reference Processing 0.172ms
[18.215s][debug][gc,phases      ] GC(38)   VM Weak                        Min:  0.0, Avg:  0.0, Max:  0.0, Diff:  0.0, Sum:  0.0, Workers: 4
[18.215s][debug][gc,phases      ] GC(38)     Dead                           Min: 0, Avg:  0.0, Max: 0, Diff: 0, Sum: 0, Workers: 4
[18.215s][debug][gc,phases      ] GC(38)     Total                          Min: 0, Avg: 129.2, Max: 512, Diff: 512, Sum: 517, Workers: 4
[18.215s][debug][gc,phases      ] GC(38)   ObjectSynchronizer Weak        Min:  0.0, Avg:  0.0, Max:  0.0, Diff:  0.0, Sum:  0.0, Workers: 4
[18.215s][debug][gc,phases      ] GC(38)     Dead                           Min: 0, Avg:  0.0, Max: 0, Diff: 0, Sum: 0, Workers: 4
[18.215s][debug][gc,phases      ] GC(38)     Total                          Min: 0, Avg: 112.8, Max: 259, Diff: 259, Sum: 451, Workers: 4
[18.215s][debug][gc,phases      ] GC(38)   JVMTI Tag Weak OopStorage      Min:  0.0, Avg:  0.0, Max:  0.0, Diff:  0.0, Sum:  0.0, Workers: 4
[18.215s][debug][gc,phases      ] GC(38)     Dead                           Min: 0, Avg:  0.0, Max: 0, Diff: 0, Sum: 0, Workers: 4
[18.215s][debug][gc,phases      ] GC(38)     Total                          Min: 0, Avg:  0.0, Max: 0, Diff: 0, Sum: 0, Workers: 4
[18.215s][debug][gc,phases      ] GC(38)   StringTable Weak               Min:  0.1, Avg:  0.1, Max:  0.1, Diff:  0.0, Sum:  0.4, Workers: 4
[18.215s][debug][gc,phases      ] GC(38)     Dead                           Min: 0, Avg:  2.8, Max: 11, Diff: 11, Sum: 11, Workers: 4
[18.215s][debug][gc,phases      ] GC(38)     Total                          Min: 8448, Avg: 10622.5, Max: 12032, Diff: 3584, Sum: 42490, Workers: 4
[18.215s][debug][gc,phases      ] GC(38)   ResolvedMethodTable Weak       Min:  0.0, Avg:  0.0, Max:  0.0, Diff:  0.0, Sum:  0.1, Workers: 4
[18.215s][debug][gc,phases      ] GC(38)     Dead                           Min: 0, Avg:  0.0, Max: 0, Diff: 0, Sum: 0, Workers: 4
[18.215s][debug][gc,phases      ] GC(38)     Total                          Min: 1637, Avg: 1768.5, Max: 1983, Diff: 346, Sum: 7074, Workers: 4
[18.215s][debug][gc,phases      ] GC(38)   JNI Weak                       Min:  0.0, Avg:  0.0, Max:  0.0, Diff:  0.0, Sum:  0.0, Workers: 4
[18.215s][debug][gc,phases      ] GC(38)     Dead                           Min: 0, Avg:  0.0, Max: 0, Diff: 0, Sum: 0, Workers: 4
[18.215s][debug][gc,phases      ] GC(38)     Total                          Min: 0, Avg:  7.0, Max: 28, Diff: 28, Sum: 28, Workers: 4
[18.215s][debug][gc,phases      ] GC(38)   StringDedup Table Weak         Min:  0.0, Avg:  0.0, Max:  0.0, Diff:  0.0, Sum:  0.0, Workers: 4
[18.215s][debug][gc,phases      ] GC(38)     Dead                           Min: 0, Avg:  0.0, Max: 0, Diff: 0, Sum: 0, Workers: 4
[18.215s][debug][gc,phases      ] GC(38)     Total                          Min: 0, Avg:  0.0, Max: 0, Diff: 0, Sum: 0, Workers: 4
[18.215s][debug][gc,phases      ] GC(38)   StringDedup Requests0 Weak     Min:  0.0, Avg:  0.0, Max:  0.0, Diff:  0.0, Sum:  0.0, Workers: 4
[18.215s][debug][gc,phases      ] GC(38)     Dead                           Min: 0, Avg:  0.0, Max: 0, Diff: 0, Sum: 0, Workers: 4
[18.215s][debug][gc,phases      ] GC(38)     Total                          Min: 0, Avg:  0.0, Max: 0, Diff: 0, Sum: 0, Workers: 4
[18.215s][debug][gc,phases      ] GC(38)   StringDedup Requests1 Weak     Min:  0.0, Avg:  0.0, Max:  0.0, Diff:  0.0, Sum:  0.0, Workers: 4
[18.215s][debug][gc,phases      ] GC(38)     Dead                           Min: 0, Avg:  0.0, Max: 0, Diff: 0, Sum: 0, Workers: 4
[18.215s][debug][gc,phases      ] GC(38)     Total                          Min: 0, Avg:  0.0, Max: 0, Diff: 0, Sum: 0, Workers: 4
[18.215s][debug][gc,phases      ] GC(38)   Weak JFR Old Object Samples    Min:  0.0, Avg:  0.0, Max:  0.0, Diff:  0.0, Sum:  0.0, Workers: 4
[18.215s][debug][gc,phases      ] GC(38)     Dead                           Min: 0, Avg:  0.0, Max: 0, Diff: 0, Sum: 0, Workers: 4
[18.215s][debug][gc,phases      ] GC(38)     Total                          Min: 0, Avg:  0.0, Max: 0, Diff: 0, Sum: 0, Workers: 4
[18.215s][debug][gc,phases      ] GC(38) Weak Processing 0.301ms
[18.215s][debug][gc,age         ] GC(38) Desired survivor size 370147328 bytes, new threshold 15 (max threshold 15)
[18.215s][info ][gc,heap        ] GC(38) PSYoungGen: 1599376K(1734656K)->226128K(1601536K) Eden: 1375232K(1375232K)->0K(1375232K) From: 224144K(359424K)->226128K(226304K)
[18.215s][info ][gc,heap        ] GC(38) ParOldGen: 350694K(446976K)->350702K(446976K)
[18.215s][info ][gc,metaspace   ] GC(38) Metaspace: 67963K(68608K)->67963K(68608K) NonClass: 58073K(58432K)->58073K(58432K) Class: 9889K(10176K)->9889K(10176K)
[18.215s][info ][gc             ] GC(38) Pause Young (Allocation Failure) 1904M->563M(2000M) 79.745ms
[18.215s][info ][gc,cpu         ] GC(38) User=0.31s Sys=0.00s Real=0.08s
[18.215s][info ][safepoint      ] Safepoint "ParallelGCFailedAllocation", Time since last: 4298133 ns, Reaching safepoint: 103204 ns, At safepoint: 79862776 ns, Total: 79965980 ns
[18.243s][info ][safepoint      ] Safepoint "ICBufferFull", Time since last: 27748860 ns, Reaching safepoint: 129704 ns, At safepoint: 31701 ns, Total: 161405 ns
[18.259s][info ][safepoint      ] Safepoint "ICBufferFull", Time since last: 16231203 ns, Reaching safepoint: 110204 ns, At safepoint: 31101 ns, Total: 141305 ns
[18.261s][info ][safepoint      ] Safepoint "ICBufferFull", Time since last: 1467045 ns, Reaching safepoint: 104403 ns, At safepoint: 28001 ns, Total: 132404 ns
[18.262s][info ][safepoint      ] Safepoint "ICBufferFull", Time since last: 1444645 ns, Reaching safepoint: 96103 ns, At safepoint: 26501 ns, Total: 122604 ns
[18.265s][info ][safepoint      ] Safepoint "ICBufferFull", Time since last: 2925491 ns, Reaching safepoint: 104003 ns, At safepoint: 25401 ns, Total: 129404 ns
[18.266s][info ][safepoint      ] Safepoint "ICBufferFull", Time since last: 742323 ns, Reaching safepoint: 97303 ns, At safepoint: 40201 ns, Total: 137504 ns
[18.267s][info ][safepoint      ] Safepoint "ICBufferFull", Time since last: 722522 ns, Reaching safepoint: 96403 ns, At safepoint: 26801 ns, Total: 123204 ns
[18.280s][info ][safepoint      ] Safepoint "ICBufferFull", Time since last: 12603191 ns, Reaching safepoint: 131304 ns, At safepoint: 31601 ns, Total: 162905 ns
[18.282s][info ][safepoint      ] Safepoint "ICBufferFull", Time since last: 808325 ns, Reaching safepoint: 925029 ns, At safepoint: 26101 ns, Total: 951130 ns
[18.299s][info ][safepoint      ] Safepoint "ICBufferFull", Time since last: 16630015 ns, Reaching safepoint: 127604 ns, At safepoint: 25401 ns, Total: 153005 ns
[18.300s][info ][safepoint      ] Safepoint "ICBufferFull", Time since last: 1675852 ns, Reaching safepoint: 108203 ns, At safepoint: 23001 ns, Total: 131204 ns
[18.304s][info ][safepoint      ] Safepoint "ICBufferFull", Time since last: 3064295 ns, Reaching safepoint: 112703 ns, At safepoint: 26101 ns, Total: 138804 ns
[18.304s][info ][safepoint      ] Safepoint "ICBufferFull", Time since last: 764624 ns, Reaching safepoint: 94403 ns, At safepoint: 25001 ns, Total: 119404 ns
[18.305s][info ][safepoint      ] Safepoint "ICBufferFull", Time since last: 723222 ns, Reaching safepoint: 92103 ns, At safepoint: 24701 ns, Total: 116804 ns
[18.318s][info ][safepoint      ] Safepoint "ICBufferFull", Time since last: 12739495 ns, Reaching safepoint: 126304 ns, At safepoint: 33301 ns, Total: 159605 ns
[18.319s][info ][safepoint      ] Safepoint "ICBufferFull", Time since last: 773724 ns, Reaching safepoint: 93802 ns, At safepoint: 27301 ns, Total: 121103 ns
[18.321s][info ][safepoint      ] Safepoint "ICBufferFull", Time since last: 1543848 ns, Reaching safepoint: 78303 ns, At safepoint: 26700 ns, Total: 105003 ns
[18.336s][info ][safepoint      ] Safepoint "ICBufferFull", Time since last: 15258474 ns, Reaching safepoint: 119003 ns, At safepoint: 23401 ns, Total: 142404 ns
[18.339s][info ][safepoint      ] Safepoint "ICBufferFull", Time since last: 3158098 ns, Reaching safepoint: 120204 ns, At safepoint: 27800 ns, Total: 148004 ns
[18.340s][info ][safepoint      ] Safepoint "ICBufferFull", Time since last: 918529 ns, Reaching safepoint: 105903 ns, At safepoint: 23301 ns, Total: 129204 ns
[18.341s][info ][safepoint      ] Safepoint "ICBufferFull", Time since last: 859727 ns, Reaching safepoint: 93402 ns, At safepoint: 28001 ns, Total: 121403 ns
[18.375s][info ][safepoint      ] Safepoint "ICBufferFull", Time since last: 33303233 ns, Reaching safepoint: 112303 ns, At safepoint: 31701 ns, Total: 144004 ns
[18.377s][info ][safepoint      ] Safepoint "ICBufferFull", Time since last: 1816257 ns, Reaching safepoint: 93203 ns, At safepoint: 26100 ns, Total: 119303 ns
[18.378s][info ][safepoint      ] Safepoint "ICBufferFull", Time since last: 1311541 ns, Reaching safepoint: 98103 ns, At safepoint: 24801 ns, Total: 122904 ns
[18.380s][info ][safepoint      ] Safepoint "ICBufferFull", Time since last: 1625850 ns, Reaching safepoint: 98503 ns, At safepoint: 23701 ns, Total: 122204 ns
[18.383s][info ][safepoint      ] Safepoint "ICBufferFull", Time since last: 3119297 ns, Reaching safepoint: 106303 ns, At safepoint: 30601 ns, Total: 136904 ns
[18.384s][info ][safepoint      ] Safepoint "ICBufferFull", Time since last: 783724 ns, Reaching safepoint: 95103 ns, At safepoint: 29101 ns, Total: 124204 ns
[18.385s][info ][safepoint      ] Safepoint "ICBufferFull", Time since last: 745223 ns, Reaching safepoint: 96203 ns, At safepoint: 27801 ns, Total: 124004 ns
[18.414s][info ][safepoint      ] Safepoint "ICBufferFull", Time since last: 28388880 ns, Reaching safepoint: 127604 ns, At safepoint: 32301 ns, Total: 159905 ns
[18.414s][info ][safepoint      ] Safepoint "ICBufferFull", Time since last: 781124 ns, Reaching safepoint: 93903 ns, At safepoint: 25901 ns, Total: 119804 ns
[18.416s][info ][safepoint      ] Safepoint "ICBufferFull", Time since last: 1269840 ns, Reaching safepoint: 95303 ns, At safepoint: 24800 ns, Total: 120103 ns
[18.417s][info ][safepoint      ] Safepoint "ICBufferFull", Time since last: 1478246 ns, Reaching safepoint: 119204 ns, At safepoint: 36301 ns, Total: 155505 ns
[18.431s][info ][gc,start       ] GC(39) Pause Young (Allocation Failure)
[18.505s][debug][gc,phases      ] GC(39) Scavenge 74.122ms
[18.505s][debug][gc,ref         ] GC(39) Skipped phase 1 of Reference Processing: no references
[18.505s][debug][gc,ref         ] GC(39) ReferenceProcessor::execute queues: 1, RefProcThreadModel::Single, marks_oops_alive: false
[18.506s][debug][gc,ref         ] GC(39) Skipped phase 3 of Reference Processing: no references
[18.506s][debug][gc,ref         ] GC(39) ReferenceProcessor::execute queues: 1, RefProcThreadModel::Single, marks_oops_alive: false
[18.506s][debug][gc,phases      ] GC(39) Reference Processing 0.136ms
[18.506s][debug][gc,phases      ] GC(39)   VM Weak                        Min:  0.0, Avg:  0.0, Max:  0.0, Diff:  0.0, Sum:  0.0, Workers: 4
[18.506s][debug][gc,phases      ] GC(39)     Dead                           Min: 0, Avg:  0.0, Max: 0, Diff: 0, Sum: 0, Workers: 4
[18.506s][debug][gc,phases      ] GC(39)     Total                          Min: 0, Avg: 129.2, Max: 517, Diff: 517, Sum: 517, Workers: 4
[18.506s][debug][gc,phases      ] GC(39)   ObjectSynchronizer Weak        Min:  0.0, Avg:  0.0, Max:  0.0, Diff:  0.0, Sum:  0.0, Workers: 4
[18.506s][debug][gc,phases      ] GC(39)     Dead                           Min: 0, Avg:  0.0, Max: 0, Diff: 0, Sum: 0, Workers: 4
[18.506s][debug][gc,phases      ] GC(39)     Total                          Min: 0, Avg: 112.8, Max: 451, Diff: 451, Sum: 451, Workers: 4
[18.506s][debug][gc,phases      ] GC(39)   JVMTI Tag Weak OopStorage      Min:  0.0, Avg:  0.0, Max:  0.0, Diff:  0.0, Sum:  0.0, Workers: 4
[18.506s][debug][gc,phases      ] GC(39)     Dead                           Min: 0, Avg:  0.0, Max: 0, Diff: 0, Sum: 0, Workers: 4
[18.506s][debug][gc,phases      ] GC(39)     Total                          Min: 0, Avg:  0.0, Max: 0, Diff: 0, Sum: 0, Workers: 4
[18.506s][debug][gc,phases      ] GC(39)   StringTable Weak               Min:  0.1, Avg:  0.1, Max:  0.1, Diff:  0.0, Sum:  0.4, Workers: 4
[18.506s][debug][gc,phases      ] GC(39)     Dead                           Min: 0, Avg:  2.8, Max: 6, Diff: 6, Sum: 11, Workers: 4
[18.506s][debug][gc,phases      ] GC(39)     Total                          Min: 9146, Avg: 10622.5, Max: 12288, Diff: 3142, Sum: 42490, Workers: 4
[18.506s][debug][gc,phases      ] GC(39)   ResolvedMethodTable Weak       Min:  0.0, Avg:  0.0, Max:  0.0, Diff:  0.0, Sum:  0.1, Workers: 4
[18.506s][debug][gc,phases      ] GC(39)     Dead                           Min: 0, Avg:  0.0, Max: 0, Diff: 0, Sum: 0, Workers: 4
[18.506s][debug][gc,phases      ] GC(39)     Total                          Min: 1472, Avg: 1768.5, Max: 2212, Diff: 740, Sum: 7074, Workers: 4
[18.506s][debug][gc,phases      ] GC(39)   JNI Weak                       Min:  0.0, Avg:  0.0, Max:  0.0, Diff:  0.0, Sum:  0.0, Workers: 4
[18.506s][debug][gc,phases      ] GC(39)     Dead                           Min: 0, Avg:  0.0, Max: 0, Diff: 0, Sum: 0, Workers: 4
[18.506s][debug][gc,phases      ] GC(39)     Total                          Min: 0, Avg:  7.5, Max: 30, Diff: 30, Sum: 30, Workers: 4
[18.506s][debug][gc,phases      ] GC(39)   StringDedup Table Weak         Min:  0.0, Avg:  0.0, Max:  0.0, Diff:  0.0, Sum:  0.0, Workers: 4
[18.506s][debug][gc,phases      ] GC(39)     Dead                           Min: 0, Avg:  0.0, Max: 0, Diff: 0, Sum: 0, Workers: 4
[18.506s][debug][gc,phases      ] GC(39)     Total                          Min: 0, Avg:  0.0, Max: 0, Diff: 0, Sum: 0, Workers: 4
[18.506s][debug][gc,phases      ] GC(39)   StringDedup Requests0 Weak     Min:  0.0, Avg:  0.0, Max:  0.0, Diff:  0.0, Sum:  0.0, Workers: 4
[18.506s][debug][gc,phases      ] GC(39)     Dead                           Min: 0, Avg:  0.0, Max: 0, Diff: 0, Sum: 0, Workers: 4
[18.506s][debug][gc,phases      ] GC(39)     Total                          Min: 0, Avg:  0.0, Max: 0, Diff: 0, Sum: 0, Workers: 4
[18.506s][debug][gc,phases      ] GC(39)   StringDedup Requests1 Weak     Min:  0.0, Avg:  0.0, Max:  0.0, Diff:  0.0, Sum:  0.0, Workers: 4
[18.506s][debug][gc,phases      ] GC(39)     Dead                           Min: 0, Avg:  0.0, Max: 0, Diff: 0, Sum: 0, Workers: 4
[18.506s][debug][gc,phases      ] GC(39)     Total                          Min: 0, Avg:  0.0, Max: 0, Diff: 0, Sum: 0, Workers: 4
[18.506s][debug][gc,phases      ] GC(39)   Weak JFR Old Object Samples    Min:  0.0, Avg:  0.0, Max:  0.0, Diff:  0.0, Sum:  0.0, Workers: 4
[18.506s][debug][gc,phases      ] GC(39)     Dead                           Min: 0, Avg:  0.0, Max: 0, Diff: 0, Sum: 0, Workers: 4
[18.506s][debug][gc,phases      ] GC(39)     Total                          Min: 0, Avg:  0.0, Max: 0, Diff: 0, Sum: 0, Workers: 4
[18.506s][debug][gc,phases      ] GC(39) Weak Processing 0.320ms
[18.506s][debug][gc,age         ] GC(39) Desired survivor size 369098752 bytes, new threshold 15 (max threshold 15)
[18.506s][info ][gc,heap        ] GC(39) PSYoungGen: 1601360K(1601536K)->226376K(1736704K) Eden: 1375232K(1375232K)->0K(1375232K) From: 226128K(226304K)->226376K(361472K)
[18.506s][info ][gc,heap        ] GC(39) ParOldGen: 350702K(446976K)->350710K(446976K)
[18.506s][info ][gc,metaspace   ] GC(39) Metaspace: 67982K(68672K)->67982K(68672K) NonClass: 58092K(58496K)->58092K(58496K) Class: 9889K(10176K)->9889K(10176K)
[18.506s][info ][gc             ] GC(39) Pause Young (Allocation Failure) 1906M->563M(2132M) 74.712ms
[18.506s][info ][gc,cpu         ] GC(39) User=0.37s Sys=0.00s Real=0.07s
[18.506s][info ][safepoint      ] Safepoint "ParallelGCFailedAllocation", Time since last: 13513019 ns, Reaching safepoint: 128304 ns, At safepoint: 74820320 ns, Total: 74948624 ns
[18.508s][info ][safepoint      ] Safepoint "ICBufferFull", Time since last: 2239169 ns, Reaching safepoint: 96103 ns, At safepoint: 30001 ns, Total: 126104 ns
[18.509s][info ][safepoint      ] Safepoint "ICBufferFull", Time since last: 746823 ns, Reaching safepoint: 183606 ns, At safepoint: 31801 ns, Total: 215407 ns
[18.531s][info ][safepoint      ] Safepoint "ICBufferFull", Time since last: 21151856 ns, Reaching safepoint: 146204 ns, At safepoint: 34301 ns, Total: 180505 ns
[18.532s][info ][safepoint      ] Safepoint "ICBufferFull", Time since last: 879227 ns, Reaching safepoint: 110404 ns, At safepoint: 25201 ns, Total: 135605 ns
[18.533s][info ][safepoint      ] Safepoint "ICBufferFull", Time since last: 801025 ns, Reaching safepoint: 94202 ns, At safepoint: 26801 ns, Total: 121003 ns
[18.536s][info ][safepoint      ] Safepoint "ICBufferFull", Time since last: 2985293 ns, Reaching safepoint: 110403 ns, At safepoint: 29701 ns, Total: 140104 ns
[18.537s][info ][safepoint      ] Safepoint "ICBufferFull", Time since last: 1496647 ns, Reaching safepoint: 105403 ns, At safepoint: 23901 ns, Total: 129304 ns
[18.541s][info ][safepoint      ] Safepoint "ICBufferFull", Time since last: 3452107 ns, Reaching safepoint: 108003 ns, At safepoint: 26001 ns, Total: 134004 ns
[18.543s][info ][safepoint      ] Safepoint "ICBufferFull", Time since last: 1796855 ns, Reaching safepoint: 102204 ns, At safepoint: 23000 ns, Total: 125204 ns
[18.583s][info ][safepoint      ] Safepoint "ICBufferFull", Time since last: 40118644 ns, Reaching safepoint: 125704 ns, At safepoint: 25801 ns, Total: 151505 ns
[18.585s][info ][safepoint      ] Safepoint "ICBufferFull", Time since last: 1845157 ns, Reaching safepoint: 113904 ns, At safepoint: 28901 ns, Total: 142805 ns
[18.587s][info ][safepoint      ] Safepoint "ICBufferFull", Time since last: 1676252 ns, Reaching safepoint: 91602 ns, At safepoint: 24501 ns, Total: 116103 ns
[18.591s][info ][safepoint      ] Safepoint "ICBufferFull", Time since last: 4383736 ns, Reaching safepoint: 126804 ns, At safepoint: 28701 ns, Total: 155505 ns
[18.595s][info ][safepoint      ] Safepoint "ICBufferFull", Time since last: 3636413 ns, Reaching safepoint: 98803 ns, At safepoint: 25100 ns, Total: 123903 ns
[18.604s][info ][safepoint      ] Safepoint "ICBufferFull", Time since last: 8224955 ns, Reaching safepoint: 126304 ns, At safepoint: 25401 ns, Total: 151705 ns
[18.604s][info ][safepoint      ] Safepoint "ICBufferFull", Time since last: 784624 ns, Reaching safepoint: 105704 ns, At safepoint: 27401 ns, Total: 133105 ns
[18.616s][info ][safepoint      ] Safepoint "ICBufferFull", Time since last: 11100544 ns, Reaching safepoint: 131904 ns, At safepoint: 24701 ns, Total: 156605 ns
[18.617s][info ][safepoint      ] Safepoint "ICBufferFull", Time since last: 879627 ns, Reaching safepoint: 112703 ns, At safepoint: 24301 ns, Total: 137004 ns
[18.618s][info ][safepoint      ] Safepoint "ICBufferFull", Time since last: 757524 ns, Reaching safepoint: 104303 ns, At safepoint: 25501 ns, Total: 129804 ns
[18.619s][info ][safepoint      ] Safepoint "ICBufferFull", Time since last: 1681452 ns, Reaching safepoint: 103303 ns, At safepoint: 24601 ns, Total: 127904 ns
[18.621s][info ][safepoint      ] Safepoint "ICBufferFull", Time since last: 1581049 ns, Reaching safepoint: 105603 ns, At safepoint: 22101 ns, Total: 127704 ns
[18.624s][info ][safepoint      ] Safepoint "ICBufferFull", Time since last: 3155998 ns, Reaching safepoint: 128704 ns, At safepoint: 22800 ns, Total: 151504 ns
[18.625s][info ][safepoint      ] Safepoint "ICBufferFull", Time since last: 762524 ns, Reaching safepoint: 100603 ns, At safepoint: 21601 ns, Total: 122204 ns
[18.633s][info ][safepoint      ] Safepoint "ICBufferFull", Time since last: 7642037 ns, Reaching safepoint: 268708 ns, At safepoint: 33001 ns, Total: 301709 ns
[18.641s][info ][safepoint      ] Safepoint "ICBufferFull", Time since last: 7525533 ns, Reaching safepoint: 131804 ns, At safepoint: 29101 ns, Total: 160905 ns
[18.642s][info ][safepoint      ] Safepoint "ICBufferFull", Time since last: 789325 ns, Reaching safepoint: 101203 ns, At safepoint: 21301 ns, Total: 122504 ns
[18.644s][info ][safepoint      ] Safepoint "ICBufferFull", Time since last: 1714953 ns, Reaching safepoint: 104403 ns, At safepoint: 21001 ns, Total: 125404 ns
[18.645s][info ][safepoint      ] Safepoint "ICBufferFull", Time since last: 1537147 ns, Reaching safepoint: 107804 ns, At safepoint: 21100 ns, Total: 128904 ns
[18.651s][info ][safepoint      ] Safepoint "ICBufferFull", Time since last: 2652183 ns, Reaching safepoint: 3217399 ns, At safepoint: 29701 ns, Total: 3247100 ns
[18.653s][info ][safepoint      ] Safepoint "ICBufferFull", Time since last: 1701853 ns, Reaching safepoint: 109103 ns, At safepoint: 29301 ns, Total: 138404 ns
[18.667s][info ][safepoint      ] Safepoint "ICBufferFull", Time since last: 11811166 ns, Reaching safepoint: 2171568 ns, At safepoint: 29201 ns, Total: 2200769 ns
[18.674s][info ][safepoint      ] Safepoint "ICBufferFull", Time since last: 6273694 ns, Reaching safepoint: 141305 ns, At safepoint: 33101 ns, Total: 174406 ns
[18.676s][info ][safepoint      ] Safepoint "ICBufferFull", Time since last: 1818756 ns, Reaching safepoint: 111003 ns, At safepoint: 29401 ns, Total: 140404 ns
[18.679s][info ][safepoint      ] Safepoint "ICBufferFull", Time since last: 3682015 ns, Reaching safepoint: 107203 ns, At safepoint: 27901 ns, Total: 135104 ns
[18.683s][info ][safepoint      ] Safepoint "ICBufferFull", Time since last: 3607412 ns, Reaching safepoint: 91402 ns, At safepoint: 33301 ns, Total: 124703 ns
[18.690s][info ][safepoint      ] Safepoint "ICBufferFull", Time since last: 6676407 ns, Reaching safepoint: 100104 ns, At safepoint: 27800 ns, Total: 127904 ns
[18.692s][info ][safepoint      ] Safepoint "ICBufferFull", Time since last: 1786456 ns, Reaching safepoint: 92203 ns, At safepoint: 28101 ns, Total: 120304 ns
[18.719s][info ][safepoint      ] Safepoint "ICBufferFull", Time since last: 26673827 ns, Reaching safepoint: 124903 ns, At safepoint: 25101 ns, Total: 150004 ns
[18.734s][info ][safepoint      ] Safepoint "ICBufferFull", Time since last: 15424878 ns, Reaching safepoint: 130204 ns, At safepoint: 29901 ns, Total: 160105 ns
[18.736s][info ][safepoint      ] Safepoint "ICBufferFull", Time since last: 1615050 ns, Reaching safepoint: 99404 ns, At safepoint: 23500 ns, Total: 122904 ns
[18.756s][info ][safepoint      ] Safepoint "ICBufferFull", Time since last: 19736112 ns, Reaching safepoint: 117904 ns, At safepoint: 32501 ns, Total: 150405 ns
[18.758s][info ][safepoint      ] Safepoint "ICBufferFull", Time since last: 1564848 ns, Reaching safepoint: 99903 ns, At safepoint: 24401 ns, Total: 124304 ns
[18.760s][info ][safepoint      ] Safepoint "ICBufferFull", Time since last: 2778286 ns, Reaching safepoint: 113204 ns, At safepoint: 22401 ns, Total: 135605 ns
[18.761s][info ][safepoint      ] Safepoint "ICBufferFull", Time since last: 717522 ns, Reaching safepoint: 103703 ns, At safepoint: 25801 ns, Total: 129504 ns
[18.770s][info ][safepoint      ] Safepoint "ICBufferFull", Time since last: 8479863 ns, Reaching safepoint: 111503 ns, At safepoint: 27501 ns, Total: 139004 ns
[18.777s][info ][safepoint      ] Safepoint "ICBufferFull", Time since last: 7161022 ns, Reaching safepoint: 120304 ns, At safepoint: 24501 ns, Total: 144805 ns
[18.791s][info ][safepoint      ] Safepoint "ICBufferFull", Time since last: 14000334 ns, Reaching safepoint: 111503 ns, At safepoint: 23601 ns, Total: 135104 ns
[18.793s][info ][safepoint      ] Safepoint "ICBufferFull", Time since last: 1396243 ns, Reaching safepoint: 103703 ns, At safepoint: 25201 ns, Total: 128904 ns
[18.794s][info ][safepoint      ] Safepoint "ICBufferFull", Time since last: 1451845 ns, Reaching safepoint: 111104 ns, At safepoint: 25600 ns, Total: 136704 ns
[18.800s][info ][safepoint      ] Safepoint "ICBufferFull", Time since last: 2876490 ns, Reaching safepoint: 2129966 ns, At safepoint: 44301 ns, Total: 2174267 ns
[18.801s][info ][safepoint      ] Safepoint "ICBufferFull", Time since last: 847826 ns, Reaching safepoint: 586018 ns, At safepoint: 28501 ns, Total: 614519 ns
[18.802s][info ][safepoint      ] Safepoint "ICBufferFull", Time since last: 780825 ns, Reaching safepoint: 94602 ns, At safepoint: 31301 ns, Total: 125903 ns
[18.891s][info ][safepoint      ] Safepoint "ICBufferFull", Time since last: 87421111 ns, Reaching safepoint: 2144266 ns, At safepoint: 27501 ns, Total: 2171767 ns
[18.892s][info ][safepoint      ] Safepoint "ICBufferFull", Time since last: 810625 ns, Reaching safepoint: 113304 ns, At safepoint: 24901 ns, Total: 138205 ns
[18.893s][info ][gc,start       ] GC(40) Pause Young (Allocation Failure)
[18.980s][debug][gc,phases      ] GC(40) Scavenge 86.917ms
[18.980s][debug][gc,ref         ] GC(40) Skipped phase 1 of Reference Processing: no references
[18.980s][debug][gc,ref         ] GC(40) ReferenceProcessor::execute queues: 1, RefProcThreadModel::Single, marks_oops_alive: false
[18.980s][debug][gc,ref         ] GC(40) Skipped phase 3 of Reference Processing: no references
[18.980s][debug][gc,ref         ] GC(40) ReferenceProcessor::execute queues: 1, RefProcThreadModel::Single, marks_oops_alive: false
[18.980s][debug][gc,phases      ] GC(40) Reference Processing 0.138ms
[18.981s][debug][gc,phases      ] GC(40)   VM Weak                        Min:  0.0, Avg:  0.0, Max:  0.0, Diff:  0.0, Sum:  0.0, Workers: 4
[18.981s][debug][gc,phases      ] GC(40)     Dead                           Min: 0, Avg:  0.0, Max: 0, Diff: 0, Sum: 0, Workers: 4
[18.981s][debug][gc,phases      ] GC(40)     Total                          Min: 0, Avg: 129.2, Max: 448, Diff: 448, Sum: 517, Workers: 4
[18.981s][debug][gc,phases      ] GC(40)   ObjectSynchronizer Weak        Min:  0.0, Avg:  0.0, Max:  0.0, Diff:  0.0, Sum:  0.0, Workers: 4
[18.981s][debug][gc,phases      ] GC(40)     Dead                           Min: 0, Avg:  0.0, Max: 0, Diff: 0, Sum: 0, Workers: 4
[18.981s][debug][gc,phases      ] GC(40)     Total                          Min: 0, Avg: 112.8, Max: 256, Diff: 256, Sum: 451, Workers: 4
[18.981s][debug][gc,phases      ] GC(40)   JVMTI Tag Weak OopStorage      Min:  0.0, Avg:  0.0, Max:  0.0, Diff:  0.0, Sum:  0.0, Workers: 4
[18.981s][debug][gc,phases      ] GC(40)     Dead                           Min: 0, Avg:  0.0, Max: 0, Diff: 0, Sum: 0, Workers: 4
[18.981s][debug][gc,phases      ] GC(40)     Total                          Min: 0, Avg:  0.0, Max: 0, Diff: 0, Sum: 0, Workers: 4
[18.981s][debug][gc,phases      ] GC(40)   StringTable Weak               Min:  0.1, Avg:  0.1, Max:  0.1, Diff:  0.0, Sum:  0.4, Workers: 4
[18.981s][debug][gc,phases      ] GC(40)     Dead                           Min: 0, Avg:  2.8, Max: 6, Diff: 6, Sum: 11, Workers: 4
[18.981s][debug][gc,phases      ] GC(40)     Total                          Min: 10240, Avg: 10623.2, Max: 11197, Diff: 957, Sum: 42493, Workers: 4
[18.981s][debug][gc,phases      ] GC(40)   ResolvedMethodTable Weak       Min:  0.0, Avg:  0.0, Max:  0.0, Diff:  0.0, Sum:  0.1, Workers: 4
[18.981s][debug][gc,phases      ] GC(40)     Dead                           Min: 0, Avg:  0.0, Max: 0, Diff: 0, Sum: 0, Workers: 4
[18.981s][debug][gc,phases      ] GC(40)     Total                          Min: 1472, Avg: 1768.5, Max: 2110, Diff: 638, Sum: 7074, Workers: 4
[18.981s][debug][gc,phases      ] GC(40)   JNI Weak                       Min:  0.0, Avg:  0.0, Max:  0.0, Diff:  0.0, Sum:  0.0, Workers: 4
[18.981s][debug][gc,phases      ] GC(40)     Dead                           Min: 0, Avg:  0.0, Max: 0, Diff: 0, Sum: 0, Workers: 4
[18.981s][debug][gc,phases      ] GC(40)     Total                          Min: 0, Avg:  2.5, Max: 10, Diff: 10, Sum: 10, Workers: 4
[18.981s][debug][gc,phases      ] GC(40)   StringDedup Table Weak         Min:  0.0, Avg:  0.0, Max:  0.0, Diff:  0.0, Sum:  0.0, Workers: 4
[18.981s][debug][gc,phases      ] GC(40)     Dead                           Min: 0, Avg:  0.0, Max: 0, Diff: 0, Sum: 0, Workers: 4
[18.981s][debug][gc,phases      ] GC(40)     Total                          Min: 0, Avg:  0.0, Max: 0, Diff: 0, Sum: 0, Workers: 4
[18.981s][debug][gc,phases      ] GC(40)   StringDedup Requests0 Weak     Min:  0.0, Avg:  0.0, Max:  0.0, Diff:  0.0, Sum:  0.0, Workers: 4
[18.981s][debug][gc,phases      ] GC(40)     Dead                           Min: 0, Avg:  0.0, Max: 0, Diff: 0, Sum: 0, Workers: 4
[18.981s][debug][gc,phases      ] GC(40)     Total                          Min: 0, Avg:  0.0, Max: 0, Diff: 0, Sum: 0, Workers: 4
[18.981s][debug][gc,phases      ] GC(40)   StringDedup Requests1 Weak     Min:  0.0, Avg:  0.0, Max:  0.0, Diff:  0.0, Sum:  0.0, Workers: 4
[18.981s][debug][gc,phases      ] GC(40)     Dead                           Min: 0, Avg:  0.0, Max: 0, Diff: 0, Sum: 0, Workers: 4
[18.981s][debug][gc,phases      ] GC(40)     Total                          Min: 0, Avg:  0.0, Max: 0, Diff: 0, Sum: 0, Workers: 4
[18.981s][debug][gc,phases      ] GC(40)   Weak JFR Old Object Samples    Min:  0.0, Avg:  0.0, Max:  0.0, Diff:  0.0, Sum:  0.0, Workers: 4
[18.981s][debug][gc,phases      ] GC(40)     Dead                           Min: 0, Avg:  0.0, Max: 0, Diff: 0, Sum: 0, Workers: 4
[18.981s][debug][gc,phases      ] GC(40)     Total                          Min: 0, Avg:  0.0, Max: 0, Diff: 0, Sum: 0, Workers: 4
[18.981s][debug][gc,phases      ] GC(40) Weak Processing 0.319ms
[18.981s][debug][gc,age         ] GC(40) Desired survivor size 360185856 bytes, new threshold 15 (max threshold 15)
[18.981s][info ][gc,heap        ] GC(40) PSYoungGen: 1601608K(1736704K)->208640K(1735680K) Eden: 1375232K(1375232K)->0K(1375232K) From: 226376K(361472K)->208640K(360448K)
[18.981s][info ][gc,heap        ] GC(40) ParOldGen: 350710K(446976K)->370070K(446976K)
[18.981s][info ][gc,metaspace   ] GC(40) Metaspace: 68025K(68672K)->68025K(68672K) NonClass: 58135K(58496K)->58135K(58496K) Class: 9889K(10176K)->9889K(10176K)
[18.981s][info ][gc             ] GC(40) Pause Young (Allocation Failure) 1906M->565M(2131M) 87.488ms
[18.981s][info ][gc,cpu         ] GC(40) User=0.33s Sys=0.03s Real=0.08s
[18.981s][info ][safepoint      ] Safepoint "ParallelGCFailedAllocation", Time since last: 776924 ns, Reaching safepoint: 112103 ns, At safepoint: 87603614 ns, Total: 87715717 ns
[18.991s][info ][safepoint      ] Safepoint "ICBufferFull", Time since last: 9483294 ns, Reaching safepoint: 97703 ns, At safepoint: 27301 ns, Total: 125004 ns
[18.993s][info ][safepoint      ] Safepoint "ICBufferFull", Time since last: 2735784 ns, Reaching safepoint: 99704 ns, At safepoint: 28300 ns, Total: 128004 ns
[18.995s][info ][safepoint      ] Safepoint "ICBufferFull", Time since last: 1275740 ns, Reaching safepoint: 96103 ns, At safepoint: 25701 ns, Total: 121804 ns
[18.996s][info ][safepoint      ] Safepoint "ICBufferFull", Time since last: 727022 ns, Reaching safepoint: 95403 ns, At safepoint: 24101 ns, Total: 119504 ns
[19.031s][info ][safepoint      ] Safepoint "ICBufferFull", Time since last: 34732476 ns, Reaching safepoint: 135804 ns, At safepoint: 30601 ns, Total: 166405 ns
[19.032s][info ][safepoint      ] Safepoint "ICBufferFull", Time since last: 872927 ns, Reaching safepoint: 98303 ns, At safepoint: 27101 ns, Total: 125404 ns
[19.032s][info ][safepoint      ] Safepoint "ICBufferFull", Time since last: 799325 ns, Reaching safepoint: 96603 ns, At safepoint: 29401 ns, Total: 126004 ns
[19.034s][info ][safepoint      ] Safepoint "ICBufferFull", Time since last: 1676952 ns, Reaching safepoint: 98403 ns, At safepoint: 27201 ns, Total: 125604 ns
[19.037s][info ][safepoint      ] Safepoint "ICBufferFull", Time since last: 2830787 ns, Reaching safepoint: 99903 ns, At safepoint: 22301 ns, Total: 122204 ns
[19.039s][info ][safepoint      ] Safepoint "ICBufferFull", Time since last: 1386343 ns, Reaching safepoint: 103703 ns, At safepoint: 31301 ns, Total: 135004 ns
[19.040s][info ][safepoint      ] Safepoint "ICBufferFull", Time since last: 729623 ns, Reaching safepoint: 95703 ns, At safepoint: 26001 ns, Total: 121704 ns
[19.077s][info ][safepoint      ] Safepoint "ICBufferFull", Time since last: 37001246 ns, Reaching safepoint: 142604 ns, At safepoint: 29101 ns, Total: 171705 ns
[19.078s][info ][safepoint      ] Safepoint "ICBufferFull", Time since last: 758824 ns, Reaching safepoint: 98303 ns, At safepoint: 27500 ns, Total: 125803 ns
[19.079s][info ][safepoint      ] Safepoint "ICBufferFull", Time since last: 764524 ns, Reaching safepoint: 92503 ns, At safepoint: 33801 ns, Total: 126304 ns
[19.080s][info ][safepoint      ] Safepoint "ICBufferFull", Time since last: 1721053 ns, Reaching safepoint: 112104 ns, At safepoint: 23701 ns, Total: 135805 ns
[19.083s][info ][safepoint      ] Safepoint "ICBufferFull", Time since last: 2507977 ns, Reaching safepoint: 96603 ns, At safepoint: 21301 ns, Total: 117904 ns
[19.085s][info ][safepoint      ] Safepoint "ICBufferFull", Time since last: 1672152 ns, Reaching safepoint: 99503 ns, At safepoint: 24801 ns, Total: 124304 ns
[19.086s][info ][safepoint      ] Safepoint "ICBufferFull", Time since last: 733422 ns, Reaching safepoint: 96303 ns, At safepoint: 29101 ns, Total: 125404 ns
[19.215s][info ][gc,start       ] GC(41) Pause Young (Allocation Failure)
[19.285s][debug][gc,phases      ] GC(41) Scavenge 70.059ms
[19.285s][debug][gc,ref         ] GC(41) Skipped phase 1 of Reference Processing: no references
[19.285s][debug][gc,ref         ] GC(41) ReferenceProcessor::execute queues: 1, RefProcThreadModel::Single, marks_oops_alive: false
[19.285s][debug][gc,ref         ] GC(41) Skipped phase 3 of Reference Processing: no references
[19.285s][debug][gc,ref         ] GC(41) ReferenceProcessor::execute queues: 1, RefProcThreadModel::Single, marks_oops_alive: false
[19.285s][debug][gc,phases      ] GC(41) Reference Processing 0.146ms
[19.285s][debug][gc,phases      ] GC(41)   VM Weak                        Min:  0.0, Avg:  0.0, Max:  0.0, Diff:  0.0, Sum:  0.0, Workers: 4
[19.285s][debug][gc,phases      ] GC(41)     Dead                           Min: 0, Avg:  0.0, Max: 0, Diff: 0, Sum: 0, Workers: 4
[19.285s][debug][gc,phases      ] GC(41)     Total                          Min: 0, Avg: 129.2, Max: 448, Diff: 448, Sum: 517, Workers: 4
[19.285s][debug][gc,phases      ] GC(41)   ObjectSynchronizer Weak        Min:  0.0, Avg:  0.0, Max:  0.0, Diff:  0.0, Sum:  0.0, Workers: 4
[19.285s][debug][gc,phases      ] GC(41)     Dead                           Min: 0, Avg:  0.0, Max: 0, Diff: 0, Sum: 0, Workers: 4
[19.285s][debug][gc,phases      ] GC(41)     Total                          Min: 0, Avg: 112.8, Max: 192, Diff: 192, Sum: 451, Workers: 4
[19.285s][debug][gc,phases      ] GC(41)   JVMTI Tag Weak OopStorage      Min:  0.0, Avg:  0.0, Max:  0.0, Diff:  0.0, Sum:  0.0, Workers: 4
[19.285s][debug][gc,phases      ] GC(41)     Dead                           Min: 0, Avg:  0.0, Max: 0, Diff: 0, Sum: 0, Workers: 4
[19.285s][debug][gc,phases      ] GC(41)     Total                          Min: 0, Avg:  0.0, Max: 0, Diff: 0, Sum: 0, Workers: 4
[19.285s][debug][gc,phases      ] GC(41)   StringTable Weak               Min:  0.1, Avg:  0.1, Max:  0.1, Diff:  0.0, Sum:  0.4, Workers: 4
[19.285s][debug][gc,phases      ] GC(41)     Dead                           Min: 0, Avg:  0.0, Max: 0, Diff: 0, Sum: 0, Workers: 4
[19.285s][debug][gc,phases      ] GC(41)     Total                          Min: 9856, Avg: 10623.2, Max: 11648, Diff: 1792, Sum: 42493, Workers: 4
[19.285s][debug][gc,phases      ] GC(41)   ResolvedMethodTable Weak       Min:  0.0, Avg:  0.0, Max:  0.0, Diff:  0.0, Sum:  0.1, Workers: 4
[19.285s][debug][gc,phases      ] GC(41)     Dead                           Min: 0, Avg:  0.0, Max: 0, Diff: 0, Sum: 0, Workers: 4
[19.285s][debug][gc,phases      ] GC(41)     Total                          Min: 1535, Avg: 1768.5, Max: 1957, Diff: 422, Sum: 7074, Workers: 4
[19.285s][debug][gc,phases      ] GC(41)   JNI Weak                       Min:  0.0, Avg:  0.0, Max:  0.0, Diff:  0.0, Sum:  0.0, Workers: 4
[19.285s][debug][gc,phases      ] GC(41)     Dead                           Min: 0, Avg:  0.0, Max: 0, Diff: 0, Sum: 0, Workers: 4
[19.285s][debug][gc,phases      ] GC(41)     Total                          Min: 0, Avg:  3.2, Max: 13, Diff: 13, Sum: 13, Workers: 4
[19.285s][debug][gc,phases      ] GC(41)   StringDedup Table Weak         Min:  0.0, Avg:  0.0, Max:  0.0, Diff:  0.0, Sum:  0.0, Workers: 4
[19.285s][debug][gc,phases      ] GC(41)     Dead                           Min: 0, Avg:  0.0, Max: 0, Diff: 0, Sum: 0, Workers: 4
[19.285s][debug][gc,phases      ] GC(41)     Total                          Min: 0, Avg:  0.0, Max: 0, Diff: 0, Sum: 0, Workers: 4
[19.285s][debug][gc,phases      ] GC(41)   StringDedup Requests0 Weak     Min:  0.0, Avg:  0.0, Max:  0.0, Diff:  0.0, Sum:  0.0, Workers: 4
[19.285s][debug][gc,phases      ] GC(41)     Dead                           Min: 0, Avg:  0.0, Max: 0, Diff: 0, Sum: 0, Workers: 4
[19.285s][debug][gc,phases      ] GC(41)     Total                          Min: 0, Avg:  0.0, Max: 0, Diff: 0, Sum: 0, Workers: 4
[19.285s][debug][gc,phases      ] GC(41)   StringDedup Requests1 Weak     Min:  0.0, Avg:  0.0, Max:  0.0, Diff:  0.0, Sum:  0.0, Workers: 4
[19.285s][debug][gc,phases      ] GC(41)     Dead                           Min: 0, Avg:  0.0, Max: 0, Diff: 0, Sum: 0, Workers: 4
[19.285s][debug][gc,phases      ] GC(41)     Total                          Min: 0, Avg:  0.0, Max: 0, Diff: 0, Sum: 0, Workers: 4
[19.285s][debug][gc,phases      ] GC(41)   Weak JFR Old Object Samples    Min:  0.0, Avg:  0.0, Max:  0.0, Diff:  0.0, Sum:  0.0, Workers: 4
[19.285s][debug][gc,phases      ] GC(41)     Dead                           Min: 0, Avg:  0.0, Max: 0, Diff: 0, Sum: 0, Workers: 4
[19.285s][debug][gc,phases      ] GC(41)     Total                          Min: 0, Avg:  0.0, Max: 0, Diff: 0, Sum: 0, Workers: 4
[19.285s][debug][gc,phases      ] GC(41) Weak Processing 0.322ms
[19.285s][debug][gc,age         ] GC(41) Desired survivor size 346030080 bytes, new threshold 15 (max threshold 15)
[19.285s][info ][gc,heap        ] GC(41) PSYoungGen: 1583872K(1735680K)->193280K(1759232K) Eden: 1375232K(1375232K)->0K(1407488K) From: 208640K(360448K)->193280K(351744K)
[19.285s][info ][gc,heap        ] GC(41) ParOldGen: 370070K(446976K)->388214K(446976K)
[19.285s][info ][gc,metaspace   ] GC(41) Metaspace: 68041K(68672K)->68041K(68672K) NonClass: 58151K(58496K)->58151K(58496K) Class: 9889K(10176K)->9889K(10176K)
[19.285s][info ][gc             ] GC(41) Pause Young (Allocation Failure) 1908M->567M(2154M) 70.667ms
[19.285s][info ][gc,cpu         ] GC(41) User=0.27s Sys=0.01s Real=0.07s
[19.286s][info ][safepoint      ] Safepoint "ParallelGCFailedAllocation", Time since last: 128981196 ns, Reaching safepoint: 118804 ns, At safepoint: 70781692 ns, Total: 70900496 ns
[19.610s][info ][gc,start       ] GC(42) Pause Young (Allocation Failure)
[19.700s][debug][gc,phases      ] GC(42) Scavenge 89.290ms
[19.700s][debug][gc,ref         ] GC(42) Skipped phase 1 of Reference Processing: no references
[19.700s][debug][gc,ref         ] GC(42) ReferenceProcessor::execute queues: 1, RefProcThreadModel::Single, marks_oops_alive: false
[19.700s][debug][gc,ref         ] GC(42) Skipped phase 3 of Reference Processing: no references
[19.700s][debug][gc,ref         ] GC(42) ReferenceProcessor::execute queues: 1, RefProcThreadModel::Single, marks_oops_alive: false
[19.700s][debug][gc,phases      ] GC(42) Reference Processing 0.154ms
[19.700s][debug][gc,phases      ] GC(42)   VM Weak                        Min:  0.0, Avg:  0.0, Max:  0.0, Diff:  0.0, Sum:  0.0, Workers: 4
[19.700s][debug][gc,phases      ] GC(42)     Dead                           Min: 0, Avg:  0.0, Max: 0, Diff: 0, Sum: 0, Workers: 4
[19.700s][debug][gc,phases      ] GC(42)     Total                          Min: 0, Avg: 129.5, Max: 326, Diff: 326, Sum: 518, Workers: 4
[19.700s][debug][gc,phases      ] GC(42)   ObjectSynchronizer Weak        Min:  0.0, Avg:  0.0, Max:  0.0, Diff:  0.0, Sum:  0.0, Workers: 4
[19.700s][debug][gc,phases      ] GC(42)     Dead                           Min: 0, Avg:  0.0, Max: 0, Diff: 0, Sum: 0, Workers: 4
[19.700s][debug][gc,phases      ] GC(42)     Total                          Min: 0, Avg: 112.8, Max: 259, Diff: 259, Sum: 451, Workers: 4
[19.700s][debug][gc,phases      ] GC(42)   JVMTI Tag Weak OopStorage      Min:  0.0, Avg:  0.0, Max:  0.0, Diff:  0.0, Sum:  0.0, Workers: 4
[19.700s][debug][gc,phases      ] GC(42)     Dead                           Min: 0, Avg:  0.0, Max: 0, Diff: 0, Sum: 0, Workers: 4
[19.700s][debug][gc,phases      ] GC(42)     Total                          Min: 0, Avg:  0.0, Max: 0, Diff: 0, Sum: 0, Workers: 4
[19.700s][debug][gc,phases      ] GC(42)   StringTable Weak               Min:  0.1, Avg:  0.1, Max:  0.1, Diff:  0.0, Sum:  0.4, Workers: 4
[19.700s][debug][gc,phases      ] GC(42)     Dead                           Min: 0, Avg:  3.2, Max: 13, Diff: 13, Sum: 13, Workers: 4
[19.700s][debug][gc,phases      ] GC(42)     Total                          Min: 8959, Avg: 10632.8, Max: 11834, Diff: 2875, Sum: 42531, Workers: 4
[19.700s][debug][gc,phases      ] GC(42)   ResolvedMethodTable Weak       Min:  0.0, Avg:  0.0, Max:  0.0, Diff:  0.0, Sum:  0.1, Workers: 4
[19.700s][debug][gc,phases      ] GC(42)     Dead                           Min: 0, Avg:  1.8, Max: 5, Diff: 5, Sum: 7, Workers: 4
[19.700s][debug][gc,phases      ] GC(42)     Total                          Min: 1599, Avg: 1774.5, Max: 1980, Diff: 381, Sum: 7098, Workers: 4
[19.700s][debug][gc,phases      ] GC(42)   JNI Weak                       Min:  0.0, Avg:  0.0, Max:  0.0, Diff:  0.0, Sum:  0.0, Workers: 4
[19.700s][debug][gc,phases      ] GC(42)     Dead                           Min: 0, Avg:  0.0, Max: 0, Diff: 0, Sum: 0, Workers: 4
[19.700s][debug][gc,phases      ] GC(42)     Total                          Min: 0, Avg:  5.0, Max: 20, Diff: 20, Sum: 20, Workers: 4
[19.700s][debug][gc,phases      ] GC(42)   StringDedup Table Weak         Min:  0.0, Avg:  0.0, Max:  0.0, Diff:  0.0, Sum:  0.0, Workers: 4
[19.700s][debug][gc,phases      ] GC(42)     Dead                           Min: 0, Avg:  0.0, Max: 0, Diff: 0, Sum: 0, Workers: 4
[19.700s][debug][gc,phases      ] GC(42)     Total                          Min: 0, Avg:  0.0, Max: 0, Diff: 0, Sum: 0, Workers: 4
[19.700s][debug][gc,phases      ] GC(42)   StringDedup Requests0 Weak     Min:  0.0, Avg:  0.0, Max:  0.0, Diff:  0.0, Sum:  0.0, Workers: 4
[19.700s][debug][gc,phases      ] GC(42)     Dead                           Min: 0, Avg:  0.0, Max: 0, Diff: 0, Sum: 0, Workers: 4
[19.700s][debug][gc,phases      ] GC(42)     Total                          Min: 0, Avg:  0.0, Max: 0, Diff: 0, Sum: 0, Workers: 4
[19.700s][debug][gc,phases      ] GC(42)   StringDedup Requests1 Weak     Min:  0.0, Avg:  0.0, Max:  0.0, Diff:  0.0, Sum:  0.0, Workers: 4
[19.700s][debug][gc,phases      ] GC(42)     Dead                           Min: 0, Avg:  0.0, Max: 0, Diff: 0, Sum: 0, Workers: 4
[19.700s][debug][gc,phases      ] GC(42)     Total                          Min: 0, Avg:  0.0, Max: 0, Diff: 0, Sum: 0, Workers: 4
[19.700s][debug][gc,phases      ] GC(42)   Weak JFR Old Object Samples    Min:  0.0, Avg:  0.0, Max:  0.0, Diff:  0.0, Sum:  0.0, Workers: 4
[19.700s][debug][gc,phases      ] GC(42)     Dead                           Min: 0, Avg:  0.0, Max: 0, Diff: 0, Sum: 0, Workers: 4
[19.700s][debug][gc,phases      ] GC(42)     Total                          Min: 0, Avg:  0.0, Max: 0, Diff: 0, Sum: 0, Workers: 4
[19.700s][debug][gc,phases      ] GC(42) Weak Processing 0.315ms
[19.700s][debug][gc,age         ] GC(42) Desired survivor size 342884352 bytes, new threshold 15 (max threshold 15)
[19.700s][info ][gc,heap        ] GC(42) PSYoungGen: 1600768K(1759232K)->115264K(1745408K) Eden: 1407488K(1407488K)->0K(1407488K) From: 193280K(351744K)->115264K(337920K)
[19.700s][info ][gc,heap        ] GC(42) ParOldGen: 388214K(446976K)->472662K(473088K)
[19.700s][info ][gc,metaspace   ] GC(42) Metaspace: 68153K(68800K)->68153K(68800K) NonClass: 58248K(58624K)->58248K(58624K) Class: 9905K(10176K)->9905K(10176K)
[19.700s][info ][gc             ] GC(42) Pause Young (Allocation Failure) 1942M->574M(2166M) 89.903ms
[19.700s][info ][gc,cpu         ] GC(42) User=0.38s Sys=0.05s Real=0.09s
[19.700s][debug][gc,phases      ] GC(43) Pre Compact 0.009ms
[19.700s][info ][gc,start       ] GC(43) Pause Full (Ergonomics)
[19.700s][info ][gc,phases,start] GC(43) Marking Phase
[19.894s][debug][gc,phases      ] GC(43) Par Mark 193.886ms
[19.894s][debug][gc,ref         ] GC(43) Skipped phase 1 of Reference Processing: no references
[19.895s][debug][gc,ref         ] GC(43) ReferenceProcessor::execute queues: 4, RefProcThreadModel::Multi, marks_oops_alive: false
[19.895s][debug][gc,ref         ] GC(43) Skipped phase 3 of Reference Processing: no references
[19.895s][debug][gc,ref         ] GC(43) ReferenceProcessor::execute queues: 1, RefProcThreadModel::Single, marks_oops_alive: false
[19.895s][debug][gc,phases      ] GC(43) Reference Processing 0.437ms
[19.895s][debug][gc,phases      ] GC(43)   VM Weak                        Min:  0.0, Avg:  0.0, Max:  0.0, Diff:  0.0, Sum:  0.0, Workers: 4
[19.895s][debug][gc,phases      ] GC(43)     Dead                           Min: 0, Avg:  0.0, Max: 0, Diff: 0, Sum: 0, Workers: 4
[19.895s][debug][gc,phases      ] GC(43)     Total                          Min: 0, Avg: 129.5, Max: 256, Diff: 256, Sum: 518, Workers: 4
[19.895s][debug][gc,phases      ] GC(43)   ObjectSynchronizer Weak        Min:  0.0, Avg:  0.0, Max:  0.0, Diff:  0.0, Sum:  0.0, Workers: 4
[19.895s][debug][gc,phases      ] GC(43)     Dead                           Min: 0, Avg:  0.0, Max: 0, Diff: 0, Sum: 0, Workers: 4
[19.895s][debug][gc,phases      ] GC(43)     Total                          Min: 0, Avg: 112.8, Max: 195, Diff: 195, Sum: 451, Workers: 4
[19.895s][debug][gc,phases      ] GC(43)   JVMTI Tag Weak OopStorage      Min:  0.0, Avg:  0.0, Max:  0.0, Diff:  0.0, Sum:  0.0, Workers: 4
[19.895s][debug][gc,phases      ] GC(43)     Dead                           Min: 0, Avg:  0.0, Max: 0, Diff: 0, Sum: 0, Workers: 4
[19.895s][debug][gc,phases      ] GC(43)     Total                          Min: 0, Avg:  0.0, Max: 0, Diff: 0, Sum: 0, Workers: 4
[19.895s][debug][gc,phases      ] GC(43)   StringTable Weak               Min:  0.1, Avg:  0.1, Max:  0.1, Diff:  0.0, Sum:  0.5, Workers: 4
[19.895s][debug][gc,phases      ] GC(43)     Dead                           Min: 0, Avg:  0.0, Max: 0, Diff: 0, Sum: 0, Workers: 4
[19.895s][debug][gc,phases      ] GC(43)     Total                          Min: 9967, Avg: 10632.8, Max: 11002, Diff: 1035, Sum: 42531, Workers: 4
[19.895s][debug][gc,phases      ] GC(43)   ResolvedMethodTable Weak       Min:  0.0, Avg:  0.0, Max:  0.0, Diff:  0.0, Sum:  0.1, Workers: 4
[19.895s][debug][gc,phases      ] GC(43)     Dead                           Min: 0, Avg:  0.0, Max: 0, Diff: 0, Sum: 0, Workers: 4
[19.895s][debug][gc,phases      ] GC(43)     Total                          Min: 1664, Avg: 1774.5, Max: 1854, Diff: 190, Sum: 7098, Workers: 4
[19.895s][debug][gc,phases      ] GC(43)   JNI Weak                       Min:  0.0, Avg:  0.0, Max:  0.0, Diff:  0.0, Sum:  0.0, Workers: 4
[19.895s][debug][gc,phases      ] GC(43)     Dead                           Min: 0, Avg:  0.0, Max: 0, Diff: 0, Sum: 0, Workers: 4
[19.895s][debug][gc,phases      ] GC(43)     Total                          Min: 0, Avg:  5.0, Max: 20, Diff: 20, Sum: 20, Workers: 4
[19.895s][debug][gc,phases      ] GC(43)   StringDedup Table Weak         Min:  0.0, Avg:  0.0, Max:  0.0, Diff:  0.0, Sum:  0.0, Workers: 4
[19.895s][debug][gc,phases      ] GC(43)     Dead                           Min: 0, Avg:  0.0, Max: 0, Diff: 0, Sum: 0, Workers: 4
[19.895s][debug][gc,phases      ] GC(43)     Total                          Min: 0, Avg:  0.0, Max: 0, Diff: 0, Sum: 0, Workers: 4
[19.895s][debug][gc,phases      ] GC(43)   StringDedup Requests0 Weak     Min:  0.0, Avg:  0.0, Max:  0.0, Diff:  0.0, Sum:  0.0, Workers: 4
[19.895s][debug][gc,phases      ] GC(43)     Dead                           Min: 0, Avg:  0.0, Max: 0, Diff: 0, Sum: 0, Workers: 4
[19.895s][debug][gc,phases      ] GC(43)     Total                          Min: 0, Avg:  0.0, Max: 0, Diff: 0, Sum: 0, Workers: 4
[19.895s][debug][gc,phases      ] GC(43)   StringDedup Requests1 Weak     Min:  0.0, Avg:  0.0, Max:  0.0, Diff:  0.0, Sum:  0.0, Workers: 4
[19.895s][debug][gc,phases      ] GC(43)     Dead                           Min: 0, Avg:  0.0, Max: 0, Diff: 0, Sum: 0, Workers: 4
[19.895s][debug][gc,phases      ] GC(43)     Total                          Min: 0, Avg:  0.0, Max: 0, Diff: 0, Sum: 0, Workers: 4
[19.895s][debug][gc,phases      ] GC(43)   Weak JFR Old Object Samples    Min:  0.0, Avg:  0.0, Max:  0.0, Diff:  0.0, Sum:  0.0, Workers: 4
[19.895s][debug][gc,phases      ] GC(43)     Dead                           Min: 0, Avg:  0.0, Max: 0, Diff: 0, Sum: 0, Workers: 4
[19.895s][debug][gc,phases      ] GC(43)     Total                          Min: 0, Avg:  0.0, Max: 0, Diff: 0, Sum: 0, Workers: 4
[19.895s][debug][gc,phases      ] GC(43) Weak Processing 0.344ms
[19.895s][debug][gc,phases      ] GC(43) ClassLoaderData 0.071ms
[19.895s][debug][gc,phases      ] GC(43) Trigger cleanups 0.000ms
[19.904s][debug][gc,phases      ] GC(43) Class Unloading 9.061ms
[19.904s][info ][gc,phases      ] GC(43) Marking Phase 203.889ms
[19.904s][info ][gc,phases,start] GC(43) Summary Phase
[19.904s][info ][gc,phases      ] GC(43) Summary Phase 0.012ms
[19.904s][info ][gc,phases,start] GC(43) Adjust Roots
[19.913s][info ][gc,phases      ] GC(43) Adjust Roots 8.706ms
[19.913s][info ][gc,phases,start] GC(43) Compaction Phase
[20.368s][info ][gc,phases      ] GC(43) Compaction Phase 454.874ms
[20.368s][info ][gc,phases,start] GC(43) Post Compact
[20.370s][info ][gc,phases      ] GC(43) Post Compact 1.859ms
[20.370s][info ][gc,heap        ] GC(43) PSYoungGen: 115264K(1745408K)->111328K(1745408K) Eden: 0K(1407488K)->0K(1407488K) From: 115264K(337920K)->111328K(337920K)
[20.370s][info ][gc,heap        ] GC(43) ParOldGen: 472662K(473088K)->472784K(582144K)
[20.370s][info ][gc,metaspace   ] GC(43) Metaspace: 68153K(68800K)->68153K(68800K) NonClass: 58248K(58624K)->58248K(58624K) Class: 9905K(10176K)->9905K(10176K)
[20.370s][info ][gc             ] GC(43) Pause Full (Ergonomics) 574M->570M(2273M) 669.653ms
[20.370s][info ][gc,cpu         ] GC(43) User=2.61s Sys=0.01s Real=0.67s
[20.370s][info ][safepoint      ] Safepoint "ParallelGCFailedAllocation", Time since last: 324586256 ns, Reaching safepoint: 147604 ns, At safepoint: 759737624 ns, Total: 759885228 ns
[20.570s][info ][safepoint      ] Safepoint "ICBufferFull", Time since last: 200180396 ns, Reaching safepoint: 149305 ns, At safepoint: 29401 ns, Total: 178706 ns
[20.575s][info ][safepoint      ] Safepoint "ICBufferFull", Time since last: 4781648 ns, Reaching safepoint: 108703 ns, At safepoint: 24101 ns, Total: 132804 ns
[20.588s][info ][safepoint      ] Safepoint "ICBufferFull", Time since last: 12507687 ns, Reaching safepoint: 119104 ns, At safepoint: 28101 ns, Total: 147205 ns
[20.590s][info ][safepoint      ] Safepoint "ICBufferFull", Time since last: 1432144 ns, Reaching safepoint: 104903 ns, At safepoint: 25001 ns, Total: 129904 ns
[20.593s][info ][safepoint      ] Safepoint "ICBufferFull", Time since last: 2876089 ns, Reaching safepoint: 96403 ns, At safepoint: 25901 ns, Total: 122304 ns
[20.593s][info ][safepoint      ] Safepoint "ICBufferFull", Time since last: 732622 ns, Reaching safepoint: 101904 ns, At safepoint: 24200 ns, Total: 126104 ns
[20.617s][info ][safepoint      ] Safepoint "ICBufferFull", Time since last: 22970011 ns, Reaching safepoint: 141605 ns, At safepoint: 41601 ns, Total: 183206 ns
[20.624s][info ][safepoint      ] Safepoint "ICBufferFull", Time since last: 7507032 ns, Reaching safepoint: 140505 ns, At safepoint: 25100 ns, Total: 165605 ns
[20.626s][info ][safepoint      ] Safepoint "ICBufferFull", Time since last: 1564349 ns, Reaching safepoint: 99203 ns, At safepoint: 23501 ns, Total: 122704 ns
[20.636s][info ][safepoint      ] Safepoint "ICBufferFull", Time since last: 10032510 ns, Reaching safepoint: 106603 ns, At safepoint: 27301 ns, Total: 133904 ns
[20.638s][info ][safepoint      ] Safepoint "ICBufferFull", Time since last: 1489746 ns, Reaching safepoint: 97303 ns, At safepoint: 31001 ns, Total: 128304 ns
[20.641s][info ][safepoint      ] Safepoint "ICBufferFull", Time since last: 2948992 ns, Reaching safepoint: 110003 ns, At safepoint: 23601 ns, Total: 133604 ns
[20.642s][info ][safepoint      ] Safepoint "ICBufferFull", Time since last: 743923 ns, Reaching safepoint: 109103 ns, At safepoint: 25601 ns, Total: 134704 ns
[20.658s][info ][gc,start       ] GC(44) Pause Young (Allocation Failure)
[20.747s][debug][gc,phases      ] GC(44) Scavenge 88.416ms
[20.747s][debug][gc,ref         ] GC(44) Skipped phase 1 of Reference Processing: no references
[20.747s][debug][gc,ref         ] GC(44) ReferenceProcessor::execute queues: 1, RefProcThreadModel::Single, marks_oops_alive: false
[20.747s][debug][gc,ref         ] GC(44) Skipped phase 3 of Reference Processing: no references
[20.747s][debug][gc,ref         ] GC(44) ReferenceProcessor::execute queues: 1, RefProcThreadModel::Single, marks_oops_alive: false
[20.747s][debug][gc,phases      ] GC(44) Reference Processing 0.119ms
[20.747s][debug][gc,phases      ] GC(44)   VM Weak                        Min:  0.0, Avg:  0.0, Max:  0.0, Diff:  0.0, Sum:  0.0, Workers: 4
[20.747s][debug][gc,phases      ] GC(44)     Dead                           Min: 0, Avg:  0.0, Max: 0, Diff: 0, Sum: 0, Workers: 4
[20.747s][debug][gc,phases      ] GC(44)     Total                          Min: 0, Avg: 129.5, Max: 454, Diff: 454, Sum: 518, Workers: 4
[20.747s][debug][gc,phases      ] GC(44)   ObjectSynchronizer Weak        Min:  0.0, Avg:  0.0, Max:  0.0, Diff:  0.0, Sum:  0.0, Workers: 4
[20.747s][debug][gc,phases      ] GC(44)     Dead                           Min: 0, Avg:  0.0, Max: 0, Diff: 0, Sum: 0, Workers: 4
[20.747s][debug][gc,phases      ] GC(44)     Total                          Min: 0, Avg: 112.8, Max: 256, Diff: 256, Sum: 451, Workers: 4
[20.747s][debug][gc,phases      ] GC(44)   JVMTI Tag Weak OopStorage      Min:  0.0, Avg:  0.0, Max:  0.0, Diff:  0.0, Sum:  0.0, Workers: 4
[20.747s][debug][gc,phases      ] GC(44)     Dead                           Min: 0, Avg:  0.0, Max: 0, Diff: 0, Sum: 0, Workers: 4
[20.747s][debug][gc,phases      ] GC(44)     Total                          Min: 0, Avg:  0.0, Max: 0, Diff: 0, Sum: 0, Workers: 4
[20.747s][debug][gc,phases      ] GC(44)   StringTable Weak               Min:  0.1, Avg:  0.1, Max:  0.1, Diff:  0.0, Sum:  0.3, Workers: 4
[20.747s][debug][gc,phases      ] GC(44)     Dead                           Min: 0, Avg:  2.8, Max: 11, Diff: 11, Sum: 11, Workers: 4
[20.747s][debug][gc,phases      ] GC(44)     Total                          Min: 9726, Avg: 10632.8, Max: 11696, Diff: 1970, Sum: 42531, Workers: 4
[20.747s][debug][gc,phases      ] GC(44)   ResolvedMethodTable Weak       Min:  0.0, Avg:  0.0, Max:  0.0, Diff:  0.0, Sum:  0.1, Workers: 4
[20.747s][debug][gc,phases      ] GC(44)     Dead                           Min: 0, Avg:  0.0, Max: 0, Diff: 0, Sum: 0, Workers: 4
[20.747s][debug][gc,phases      ] GC(44)     Total                          Min: 1599, Avg: 1774.5, Max: 1920, Diff: 321, Sum: 7098, Workers: 4
[20.747s][debug][gc,phases      ] GC(44)   JNI Weak                       Min:  0.0, Avg:  0.0, Max:  0.0, Diff:  0.0, Sum:  0.0, Workers: 4
[20.747s][debug][gc,phases      ] GC(44)     Dead                           Min: 0, Avg:  0.0, Max: 0, Diff: 0, Sum: 0, Workers: 4
[20.747s][debug][gc,phases      ] GC(44)     Total                          Min: 0, Avg:  2.8, Max: 11, Diff: 11, Sum: 11, Workers: 4
[20.747s][debug][gc,phases      ] GC(44)   StringDedup Table Weak         Min:  0.0, Avg:  0.0, Max:  0.0, Diff:  0.0, Sum:  0.0, Workers: 4
[20.747s][debug][gc,phases      ] GC(44)     Dead                           Min: 0, Avg:  0.0, Max: 0, Diff: 0, Sum: 0, Workers: 4
[20.747s][debug][gc,phases      ] GC(44)     Total                          Min: 0, Avg:  0.0, Max: 0, Diff: 0, Sum: 0, Workers: 4
[20.747s][debug][gc,phases      ] GC(44)   StringDedup Requests0 Weak     Min:  0.0, Avg:  0.0, Max:  0.0, Diff:  0.0, Sum:  0.0, Workers: 4
[20.747s][debug][gc,phases      ] GC(44)     Dead                           Min: 0, Avg:  0.0, Max: 0, Diff: 0, Sum: 0, Workers: 4
[20.747s][debug][gc,phases      ] GC(44)     Total                          Min: 0, Avg:  0.0, Max: 0, Diff: 0, Sum: 0, Workers: 4
[20.747s][debug][gc,phases      ] GC(44)   StringDedup Requests1 Weak     Min:  0.0, Avg:  0.0, Max:  0.0, Diff:  0.0, Sum:  0.0, Workers: 4
[20.747s][debug][gc,phases      ] GC(44)     Dead                           Min: 0, Avg:  0.0, Max: 0, Diff: 0, Sum: 0, Workers: 4
[20.747s][debug][gc,phases      ] GC(44)     Total                          Min: 0, Avg:  0.0, Max: 0, Diff: 0, Sum: 0, Workers: 4
[20.747s][debug][gc,phases      ] GC(44)   Weak JFR Old Object Samples    Min:  0.0, Avg:  0.0, Max:  0.0, Diff:  0.0, Sum:  0.0, Workers: 4
[20.747s][debug][gc,phases      ] GC(44)     Dead                           Min: 0, Avg:  0.0, Max: 0, Diff: 0, Sum: 0, Workers: 4
[20.747s][debug][gc,phases      ] GC(44)     Total                          Min: 0, Avg:  0.0, Max: 0, Diff: 0, Sum: 0, Workers: 4
[20.747s][debug][gc,phases      ] GC(44) Weak Processing 0.285ms
[20.747s][debug][gc,age         ] GC(44) Desired survivor size 350748672 bytes, new threshold 15 (max threshold 15)
[20.747s][info ][gc,heap        ] GC(44) PSYoungGen: 1518816K(1745408K)->44512K(1746944K) Eden: 1407488K(1407488K)->0K(1412096K) From: 111328K(337920K)->44512K(334848K)
[20.747s][info ][gc,heap        ] GC(44) ParOldGen: 472784K(582144K)->545096K(582144K)
[20.747s][info ][gc,metaspace   ] GC(44) Metaspace: 68153K(68800K)->68153K(68800K) NonClass: 58248K(58624K)->58248K(58624K) Class: 9905K(10176K)->9905K(10176K)
[20.747s][info ][gc             ] GC(44) Pause Young (Allocation Failure) 1944M->575M(2274M) 88.968ms
[20.747s][info ][gc,cpu         ] GC(44) User=0.31s Sys=0.06s Real=0.09s
[20.747s][debug][gc,phases      ] GC(45) Pre Compact 0.008ms
[20.747s][info ][gc,start       ] GC(45) Pause Full (Ergonomics)
[20.748s][info ][gc,phases,start] GC(45) Marking Phase
[20.935s][debug][gc,phases      ] GC(45) Par Mark 187.743ms
[20.935s][debug][gc,ref         ] GC(45) Skipped phase 1 of Reference Processing: no references
[20.936s][debug][gc,ref         ] GC(45) ReferenceProcessor::execute queues: 4, RefProcThreadModel::Multi, marks_oops_alive: false
[20.936s][debug][gc,ref         ] GC(45) Skipped phase 3 of Reference Processing: no references
[20.936s][debug][gc,ref         ] GC(45) ReferenceProcessor::execute queues: 1, RefProcThreadModel::Single, marks_oops_alive: false
[20.936s][debug][gc,phases      ] GC(45) Reference Processing 0.413ms
[20.936s][debug][gc,phases      ] GC(45)   VM Weak                        Min:  0.0, Avg:  0.0, Max:  0.0, Diff:  0.0, Sum:  0.0, Workers: 4
[20.936s][debug][gc,phases      ] GC(45)     Dead                           Min: 0, Avg:  0.0, Max: 0, Diff: 0, Sum: 0, Workers: 4
[20.936s][debug][gc,phases      ] GC(45)     Total                          Min: 0, Avg: 129.5, Max: 448, Diff: 448, Sum: 518, Workers: 4
[20.936s][debug][gc,phases      ] GC(45)   ObjectSynchronizer Weak        Min:  0.0, Avg:  0.0, Max:  0.0, Diff:  0.0, Sum:  0.0, Workers: 4
[20.936s][debug][gc,phases      ] GC(45)     Dead                           Min: 0, Avg:  0.0, Max: 0, Diff: 0, Sum: 0, Workers: 4
[20.936s][debug][gc,phases      ] GC(45)     Total                          Min: 0, Avg: 112.8, Max: 256, Diff: 256, Sum: 451, Workers: 4
[20.936s][debug][gc,phases      ] GC(45)   JVMTI Tag Weak OopStorage      Min:  0.0, Avg:  0.0, Max:  0.0, Diff:  0.0, Sum:  0.0, Workers: 4
[20.936s][debug][gc,phases      ] GC(45)     Dead                           Min: 0, Avg:  0.0, Max: 0, Diff: 0, Sum: 0, Workers: 4
[20.936s][debug][gc,phases      ] GC(45)     Total                          Min: 0, Avg:  0.0, Max: 0, Diff: 0, Sum: 0, Workers: 4
[20.936s][debug][gc,phases      ] GC(45)   StringTable Weak               Min:  0.1, Avg:  0.1, Max:  0.1, Diff:  0.0, Sum:  0.5, Workers: 4
[20.936s][debug][gc,phases      ] GC(45)     Dead                           Min: 0, Avg:  0.0, Max: 0, Diff: 0, Sum: 0, Workers: 4
[20.936s][debug][gc,phases      ] GC(45)     Total                          Min: 10107, Avg: 10632.8, Max: 11199, Diff: 1092, Sum: 42531, Workers: 4
[20.936s][debug][gc,phases      ] GC(45)   ResolvedMethodTable Weak       Min:  0.0, Avg:  0.0, Max:  0.0, Diff:  0.0, Sum:  0.1, Workers: 4
[20.936s][debug][gc,phases      ] GC(45)     Dead                           Min: 0, Avg:  0.0, Max: 0, Diff: 0, Sum: 0, Workers: 4
[20.936s][debug][gc,phases      ] GC(45)     Total                          Min: 1663, Avg: 1774.5, Max: 1856, Diff: 193, Sum: 7098, Workers: 4
[20.936s][debug][gc,phases      ] GC(45)   JNI Weak                       Min:  0.0, Avg:  0.0, Max:  0.0, Diff:  0.0, Sum:  0.0, Workers: 4
[20.936s][debug][gc,phases      ] GC(45)     Dead                           Min: 0, Avg:  0.0, Max: 0, Diff: 0, Sum: 0, Workers: 4
[20.936s][debug][gc,phases      ] GC(45)     Total                          Min: 0, Avg:  2.8, Max: 11, Diff: 11, Sum: 11, Workers: 4
[20.936s][debug][gc,phases      ] GC(45)   StringDedup Table Weak         Min:  0.0, Avg:  0.0, Max:  0.0, Diff:  0.0, Sum:  0.0, Workers: 4
[20.936s][debug][gc,phases      ] GC(45)     Dead                           Min: 0, Avg:  0.0, Max: 0, Diff: 0, Sum: 0, Workers: 4
[20.936s][debug][gc,phases      ] GC(45)     Total                          Min: 0, Avg:  0.0, Max: 0, Diff: 0, Sum: 0, Workers: 4
[20.936s][debug][gc,phases      ] GC(45)   StringDedup Requests0 Weak     Min:  0.0, Avg:  0.0, Max:  0.0, Diff:  0.0, Sum:  0.0, Workers: 4
[20.936s][debug][gc,phases      ] GC(45)     Dead                           Min: 0, Avg:  0.0, Max: 0, Diff: 0, Sum: 0, Workers: 4
[20.936s][debug][gc,phases      ] GC(45)     Total                          Min: 0, Avg:  0.0, Max: 0, Diff: 0, Sum: 0, Workers: 4
[20.936s][debug][gc,phases      ] GC(45)   StringDedup Requests1 Weak     Min:  0.0, Avg:  0.0, Max:  0.0, Diff:  0.0, Sum:  0.0, Workers: 4
[20.936s][debug][gc,phases      ] GC(45)     Dead                           Min: 0, Avg:  0.0, Max: 0, Diff: 0, Sum: 0, Workers: 4
[20.936s][debug][gc,phases      ] GC(45)     Total                          Min: 0, Avg:  0.0, Max: 0, Diff: 0, Sum: 0, Workers: 4
[20.936s][debug][gc,phases      ] GC(45)   Weak JFR Old Object Samples    Min:  0.0, Avg:  0.0, Max:  0.0, Diff:  0.0, Sum:  0.0, Workers: 4
[20.936s][debug][gc,phases      ] GC(45)     Dead                           Min: 0, Avg:  0.0, Max: 0, Diff: 0, Sum: 0, Workers: 4
[20.936s][debug][gc,phases      ] GC(45)     Total                          Min: 0, Avg:  0.0, Max: 0, Diff: 0, Sum: 0, Workers: 4
[20.936s][debug][gc,phases      ] GC(45) Weak Processing 0.356ms
[20.936s][debug][gc,phases      ] GC(45) ClassLoaderData 0.071ms
[20.936s][debug][gc,phases      ] GC(45) Trigger cleanups 0.000ms
[20.945s][debug][gc,phases      ] GC(45) Class Unloading 8.880ms
[20.945s][info ][gc,phases      ] GC(45) Marking Phase 197.523ms
[20.945s][info ][gc,phases,start] GC(45) Summary Phase
[20.945s][info ][gc,phases      ] GC(45) Summary Phase 0.022ms
[20.945s][info ][gc,phases,start] GC(45) Adjust Roots
[20.952s][info ][gc,phases      ] GC(45) Adjust Roots 6.713ms
[20.952s][info ][gc,phases,start] GC(45) Compaction Phase
[21.148s][info ][gc,phases      ] GC(45) Compaction Phase 196.298ms
[21.148s][info ][gc,phases,start] GC(45) Post Compact
[21.150s][info ][gc,phases      ] GC(45) Post Compact 1.772ms
[21.150s][info ][gc,heap        ] GC(45) PSYoungGen: 44512K(1746944K)->6459K(1746944K) Eden: 0K(1412096K)->0K(1412096K) From: 44512K(334848K)->6459K(334848K)
[21.150s][info ][gc,heap        ] GC(45) ParOldGen: 545096K(582144K)->581902K(719872K)
[21.150s][info ][gc,metaspace   ] GC(45) Metaspace: 68153K(68800K)->68153K(68800K) NonClass: 58248K(58624K)->58248K(58624K) Class: 9905K(10176K)->9905K(10176K)
[21.150s][info ][gc             ] GC(45) Pause Full (Ergonomics) 575M->574M(2409M) 402.679ms
[21.150s][info ][gc,cpu         ] GC(45) User=1.55s Sys=0.00s Real=0.40s
[21.150s][info ][safepoint      ] Safepoint "ParallelGCFailedAllocation", Time since last: 16425208 ns, Reaching safepoint: 393313 ns, At safepoint: 491840417 ns, Total: 492233730 ns
[21.189s][info ][safepoint      ] Safepoint "ICBufferFull", Time since last: 38663896 ns, Reaching safepoint: 145805 ns, At safepoint: 28600 ns, Total: 174405 ns
[21.260s][info ][safepoint      ] Safepoint "ICBufferFull", Time since last: 70634185 ns, Reaching safepoint: 147605 ns, At safepoint: 27500 ns, Total: 175105 ns
[21.286s][info ][safepoint      ] Safepoint "ICBufferFull", Time since last: 26326515 ns, Reaching safepoint: 139404 ns, At safepoint: 27801 ns, Total: 167205 ns
[21.287s][info ][safepoint      ] Safepoint "ICBufferFull", Time since last: 884427 ns, Reaching safepoint: 116304 ns, At safepoint: 34801 ns, Total: 151105 ns
[21.290s][info ][safepoint      ] Safepoint "ICBufferFull", Time since last: 2208368 ns, Reaching safepoint: 104603 ns, At safepoint: 25101 ns, Total: 129704 ns
[21.298s][info ][safepoint      ] Safepoint "ICBufferFull", Time since last: 8206354 ns, Reaching safepoint: 395212 ns, At safepoint: 26801 ns, Total: 422013 ns
[21.299s][info ][safepoint      ] Safepoint "ICBufferFull", Time since last: 796625 ns, Reaching safepoint: 113803 ns, At safepoint: 27401 ns, Total: 141204 ns
[21.300s][info ][safepoint      ] Safepoint "ICBufferFull", Time since last: 791824 ns, Reaching safepoint: 107304 ns, At safepoint: 25701 ns, Total: 133005 ns
[21.301s][info ][safepoint      ] Safepoint "ICBufferFull", Time since last: 843026 ns, Reaching safepoint: 111403 ns, At safepoint: 27001 ns, Total: 138404 ns
[21.302s][info ][safepoint      ] Safepoint "ICBufferFull", Time since last: 926629 ns, Reaching safepoint: 109603 ns, At safepoint: 41101 ns, Total: 150704 ns
[21.390s][info ][safepoint      ] Safepoint "ICBufferFull", Time since last: 87552408 ns, Reaching safepoint: 156705 ns, At safepoint: 26501 ns, Total: 183206 ns
[21.391s][info ][safepoint      ] Safepoint "ICBufferFull", Time since last: 1074833 ns, Reaching safepoint: 112503 ns, At safepoint: 28301 ns, Total: 140804 ns
[21.392s][info ][safepoint      ] Safepoint "ICBufferFull", Time since last: 1057733 ns, Reaching safepoint: 104603 ns, At safepoint: 27301 ns, Total: 131904 ns
[21.408s][info ][safepoint      ] Safepoint "ICBufferFull", Time since last: 15026065 ns, Reaching safepoint: 116803 ns, At safepoint: 28401 ns, Total: 145204 ns
[21.409s][info ][safepoint      ] Safepoint "ICBufferFull", Time since last: 1255439 ns, Reaching safepoint: 107003 ns, At safepoint: 42602 ns, Total: 149605 ns
[21.455s][info ][gc,start       ] GC(46) Pause Young (Allocation Failure)
[21.518s][debug][gc,phases      ] GC(46) Scavenge 63.031ms
[21.519s][debug][gc,ref         ] GC(46) Skipped phase 1 of Reference Processing: no references
[21.519s][debug][gc,ref         ] GC(46) ReferenceProcessor::execute queues: 1, RefProcThreadModel::Single, marks_oops_alive: false
[21.519s][debug][gc,ref         ] GC(46) Skipped phase 3 of Reference Processing: no references
[21.519s][debug][gc,ref         ] GC(46) ReferenceProcessor::execute queues: 1, RefProcThreadModel::Single, marks_oops_alive: false
[21.519s][debug][gc,phases      ] GC(46) Reference Processing 0.120ms
[21.519s][debug][gc,phases      ] GC(46)   VM Weak                        Min:  0.0, Avg:  0.0, Max:  0.0, Diff:  0.0, Sum:  0.0, Workers: 4
[21.519s][debug][gc,phases      ] GC(46)     Dead                           Min: 0, Avg:  0.0, Max: 0, Diff: 0, Sum: 0, Workers: 4
[21.519s][debug][gc,phases      ] GC(46)     Total                          Min: 0, Avg: 129.5, Max: 512, Diff: 512, Sum: 518, Workers: 4
[21.519s][debug][gc,phases      ] GC(46)   ObjectSynchronizer Weak        Min:  0.0, Avg:  0.0, Max:  0.0, Diff:  0.0, Sum:  0.0, Workers: 4
[21.519s][debug][gc,phases      ] GC(46)     Dead                           Min: 0, Avg:  0.0, Max: 0, Diff: 0, Sum: 0, Workers: 4
[21.519s][debug][gc,phases      ] GC(46)     Total                          Min: 0, Avg: 112.8, Max: 259, Diff: 259, Sum: 451, Workers: 4
[21.519s][debug][gc,phases      ] GC(46)   JVMTI Tag Weak OopStorage      Min:  0.0, Avg:  0.0, Max:  0.0, Diff:  0.0, Sum:  0.0, Workers: 4
[21.519s][debug][gc,phases      ] GC(46)     Dead                           Min: 0, Avg:  0.0, Max: 0, Diff: 0, Sum: 0, Workers: 4
[21.519s][debug][gc,phases      ] GC(46)     Total                          Min: 0, Avg:  0.0, Max: 0, Diff: 0, Sum: 0, Workers: 4
[21.519s][debug][gc,phases      ] GC(46)   StringTable Weak               Min:  0.1, Avg:  0.1, Max:  0.1, Diff:  0.0, Sum:  0.4, Workers: 4
[21.519s][debug][gc,phases      ] GC(46)     Dead                           Min: 0, Avg:  2.8, Max: 11, Diff: 11, Sum: 11, Workers: 4
[21.519s][debug][gc,phases      ] GC(46)     Total                          Min: 8896, Avg: 10638.8, Max: 12987, Diff: 4091, Sum: 42555, Workers: 4
[21.519s][debug][gc,phases      ] GC(46)   ResolvedMethodTable Weak       Min:  0.0, Avg:  0.0, Max:  0.0, Diff:  0.0, Sum:  0.1, Workers: 4
[21.519s][debug][gc,phases      ] GC(46)     Dead                           Min: 0, Avg:  0.0, Max: 0, Diff: 0, Sum: 0, Workers: 4
[21.519s][debug][gc,phases      ] GC(46)     Total                          Min: 1535, Avg: 1784.2, Max: 2048, Diff: 513, Sum: 7137, Workers: 4
[21.519s][debug][gc,phases      ] GC(46)   JNI Weak                       Min:  0.0, Avg:  0.0, Max:  0.0, Diff:  0.0, Sum:  0.0, Workers: 4
[21.519s][debug][gc,phases      ] GC(46)     Dead                           Min: 0, Avg:  0.0, Max: 0, Diff: 0, Sum: 0, Workers: 4
[21.519s][debug][gc,phases      ] GC(46)     Total                          Min: 0, Avg:  0.2, Max: 1, Diff: 1, Sum: 1, Workers: 4
[21.519s][debug][gc,phases      ] GC(46)   StringDedup Table Weak         Min:  0.0, Avg:  0.0, Max:  0.0, Diff:  0.0, Sum:  0.0, Workers: 4
[21.519s][debug][gc,phases      ] GC(46)     Dead                           Min: 0, Avg:  0.0, Max: 0, Diff: 0, Sum: 0, Workers: 4
[21.519s][debug][gc,phases      ] GC(46)     Total                          Min: 0, Avg:  0.0, Max: 0, Diff: 0, Sum: 0, Workers: 4
[21.519s][debug][gc,phases      ] GC(46)   StringDedup Requests0 Weak     Min:  0.0, Avg:  0.0, Max:  0.0, Diff:  0.0, Sum:  0.0, Workers: 4
[21.519s][debug][gc,phases      ] GC(46)     Dead                           Min: 0, Avg:  0.0, Max: 0, Diff: 0, Sum: 0, Workers: 4
[21.519s][debug][gc,phases      ] GC(46)     Total                          Min: 0, Avg:  0.0, Max: 0, Diff: 0, Sum: 0, Workers: 4
[21.519s][debug][gc,phases      ] GC(46)   StringDedup Requests1 Weak     Min:  0.0, Avg:  0.0, Max:  0.0, Diff:  0.0, Sum:  0.0, Workers: 4
[21.519s][debug][gc,phases      ] GC(46)     Dead                           Min: 0, Avg:  0.0, Max: 0, Diff: 0, Sum: 0, Workers: 4
[21.519s][debug][gc,phases      ] GC(46)     Total                          Min: 0, Avg:  0.0, Max: 0, Diff: 0, Sum: 0, Workers: 4
[21.519s][debug][gc,phases      ] GC(46)   Weak JFR Old Object Samples    Min:  0.0, Avg:  0.0, Max:  0.0, Diff:  0.0, Sum:  0.0, Workers: 4
[21.519s][debug][gc,phases      ] GC(46)     Dead                           Min: 0, Avg:  0.0, Max: 0, Diff: 0, Sum: 0, Workers: 4
[21.519s][debug][gc,phases      ] GC(46)     Total                          Min: 0, Avg:  0.0, Max: 0, Diff: 0, Sum: 0, Workers: 4
[21.519s][debug][gc,phases      ] GC(46) Weak Processing 0.309ms
[21.519s][debug][gc,age         ] GC(46) Desired survivor size 360185856 bytes, new threshold 15 (max threshold 15)
[21.519s][info ][gc,heap        ] GC(46) PSYoungGen: 1418555K(1746944K)->9024K(1421312K) Eden: 1412096K(1412096K)->0K(1412096K) From: 6459K(334848K)->9024K(9216K)
[21.519s][info ][gc,heap        ] GC(46) ParOldGen: 581902K(719872K)->581966K(719872K)
[21.519s][info ][gc,metaspace   ] GC(46) Metaspace: 68213K(68800K)->68213K(68800K) NonClass: 58291K(58624K)->58291K(58624K) Class: 9921K(10176K)->9921K(10176K)
[21.519s][info ][gc             ] GC(46) Pause Young (Allocation Failure) 1953M->577M(2091M) 63.605ms
[21.519s][info ][gc,cpu         ] GC(46) User=0.24s Sys=0.00s Real=0.06s
[21.519s][info ][safepoint      ] Safepoint "ParallelGCFailedAllocation", Time since last: 46125126 ns, Reaching safepoint: 145005 ns, At safepoint: 63708570 ns, Total: 63853575 ns
[21.566s][info ][safepoint      ] Safepoint "ICBufferFull", Time since last: 46753546 ns, Reaching safepoint: 129304 ns, At safepoint: 26301 ns, Total: 155605 ns
[21.579s][info ][safepoint      ] Safepoint "ICBufferFull", Time since last: 13384214 ns, Reaching safepoint: 114303 ns, At safepoint: 24601 ns, Total: 138904 ns
[21.581s][info ][safepoint      ] Safepoint "ICBufferFull", Time since last: 997831 ns, Reaching safepoint: 106403 ns, At safepoint: 21101 ns, Total: 127504 ns
[21.582s][info ][safepoint      ] Safepoint "ICBufferFull", Time since last: 1038332 ns, Reaching safepoint: 107803 ns, At safepoint: 22401 ns, Total: 130204 ns
[21.615s][info ][safepoint      ] Safepoint "ICBufferFull", Time since last: 32549607 ns, Reaching safepoint: 158905 ns, At safepoint: 32201 ns, Total: 191106 ns
[21.646s][info ][safepoint      ] Safepoint "ICBufferFull", Time since last: 31198565 ns, Reaching safepoint: 125904 ns, At safepoint: 26900 ns, Total: 152804 ns
[21.653s][info ][safepoint      ] Safepoint "ICBufferFull", Time since last: 1001531 ns, Reaching safepoint: 6374097 ns, At safepoint: 38202 ns, Total: 6412299 ns
[21.655s][info ][safepoint      ] Safepoint "ICBufferFull", Time since last: 1181936 ns, Reaching safepoint: 329510 ns, At safepoint: 26701 ns, Total: 356211 ns
[21.656s][info ][safepoint      ] Safepoint "ICBufferFull", Time since last: 1053033 ns, Reaching safepoint: 113003 ns, At safepoint: 25501 ns, Total: 138504 ns
[21.658s][info ][safepoint      ] Safepoint "ICBufferFull", Time since last: 1685752 ns, Reaching safepoint: 107404 ns, At safepoint: 27100 ns, Total: 134504 ns
[21.674s][info ][safepoint      ] Safepoint "ICBufferFull", Time since last: 15810289 ns, Reaching safepoint: 130304 ns, At safepoint: 31101 ns, Total: 161405 ns
[21.745s][info ][safepoint      ] Safepoint "ICBufferFull", Time since last: 70816091 ns, Reaching safepoint: 142804 ns, At safepoint: 26101 ns, Total: 168905 ns
[21.799s][info ][safepoint      ] Safepoint "ICBufferFull", Time since last: 52275017 ns, Reaching safepoint: 2179967 ns, At safepoint: 35401 ns, Total: 2215368 ns
[21.816s][info ][safepoint      ] Safepoint "ICBufferFull", Time since last: 16131999 ns, Reaching safepoint: 116704 ns, At safepoint: 26100 ns, Total: 142804 ns
[21.817s][info ][safepoint      ] Safepoint "ICBufferFull", Time since last: 1027632 ns, Reaching safepoint: 112304 ns, At safepoint: 28901 ns, Total: 141205 ns
[21.818s][info ][safepoint      ] Safepoint "ICBufferFull", Time since last: 991830 ns, Reaching safepoint: 103903 ns, At safepoint: 25501 ns, Total: 129404 ns
[21.864s][info ][gc,start       ] GC(47) Pause Young (Allocation Failure)
[21.871s][debug][gc,phases      ] GC(47) Scavenge 6.810ms
[21.871s][debug][gc,ref         ] GC(47) Skipped phase 1 of Reference Processing: no references
[21.871s][debug][gc,ref         ] GC(47) ReferenceProcessor::execute queues: 1, RefProcThreadModel::Single, marks_oops_alive: false
[21.871s][debug][gc,ref         ] GC(47) Skipped phase 3 of Reference Processing: no references
[21.871s][debug][gc,ref         ] GC(47) ReferenceProcessor::execute queues: 1, RefProcThreadModel::Single, marks_oops_alive: false
[21.871s][debug][gc,phases      ] GC(47) Reference Processing 0.116ms
[21.871s][debug][gc,phases      ] GC(47)   VM Weak                        Min:  0.0, Avg:  0.0, Max:  0.0, Diff:  0.0, Sum:  0.0, Workers: 4
[21.871s][debug][gc,phases      ] GC(47)     Dead                           Min: 0, Avg:  0.0, Max: 0, Diff: 0, Sum: 0, Workers: 4
[21.871s][debug][gc,phases      ] GC(47)     Total                          Min: 0, Avg: 129.5, Max: 384, Diff: 384, Sum: 518, Workers: 4
[21.871s][debug][gc,phases      ] GC(47)   ObjectSynchronizer Weak        Min:  0.0, Avg:  0.0, Max:  0.0, Diff:  0.0, Sum:  0.0, Workers: 4
[21.871s][debug][gc,phases      ] GC(47)     Dead                           Min: 0, Avg:  0.0, Max: 0, Diff: 0, Sum: 0, Workers: 4
[21.871s][debug][gc,phases      ] GC(47)     Total                          Min: 0, Avg: 112.8, Max: 259, Diff: 259, Sum: 451, Workers: 4
[21.871s][debug][gc,phases      ] GC(47)   JVMTI Tag Weak OopStorage      Min:  0.0, Avg:  0.0, Max:  0.0, Diff:  0.0, Sum:  0.0, Workers: 4
[21.871s][debug][gc,phases      ] GC(47)     Dead                           Min: 0, Avg:  0.0, Max: 0, Diff: 0, Sum: 0, Workers: 4
[21.871s][debug][gc,phases      ] GC(47)     Total                          Min: 0, Avg:  0.0, Max: 0, Diff: 0, Sum: 0, Workers: 4
[21.871s][debug][gc,phases      ] GC(47)   StringTable Weak               Min:  0.1, Avg:  0.1, Max:  0.1, Diff:  0.0, Sum:  0.4, Workers: 4
[21.871s][debug][gc,phases      ] GC(47)     Dead                           Min: 0, Avg:  2.8, Max: 6, Diff: 6, Sum: 11, Workers: 4
[21.871s][debug][gc,phases      ] GC(47)     Total                          Min: 8448, Avg: 10638.8, Max: 12859, Diff: 4411, Sum: 42555, Workers: 4
[21.871s][debug][gc,phases      ] GC(47)   ResolvedMethodTable Weak       Min:  0.0, Avg:  0.0, Max:  0.0, Diff:  0.0, Sum:  0.1, Workers: 4
[21.871s][debug][gc,phases      ] GC(47)     Dead                           Min: 0, Avg:  0.0, Max: 0, Diff: 0, Sum: 0, Workers: 4
[21.871s][debug][gc,phases      ] GC(47)     Total                          Min: 1599, Avg: 1784.2, Max: 2048, Diff: 449, Sum: 7137, Workers: 4
[21.871s][debug][gc,phases      ] GC(47)   JNI Weak                       Min:  0.0, Avg:  0.0, Max:  0.0, Diff:  0.0, Sum:  0.0, Workers: 4
[21.871s][debug][gc,phases      ] GC(47)     Dead                           Min: 0, Avg:  0.0, Max: 0, Diff: 0, Sum: 0, Workers: 4
[21.871s][debug][gc,phases      ] GC(47)     Total                          Min: 0, Avg:  1.0, Max: 4, Diff: 4, Sum: 4, Workers: 4
[21.871s][debug][gc,phases      ] GC(47)   StringDedup Table Weak         Min:  0.0, Avg:  0.0, Max:  0.0, Diff:  0.0, Sum:  0.0, Workers: 4
[21.871s][debug][gc,phases      ] GC(47)     Dead                           Min: 0, Avg:  0.0, Max: 0, Diff: 0, Sum: 0, Workers: 4
[21.871s][debug][gc,phases      ] GC(47)     Total                          Min: 0, Avg:  0.0, Max: 0, Diff: 0, Sum: 0, Workers: 4
[21.871s][debug][gc,phases      ] GC(47)   StringDedup Requests0 Weak     Min:  0.0, Avg:  0.0, Max:  0.0, Diff:  0.0, Sum:  0.0, Workers: 4
[21.871s][debug][gc,phases      ] GC(47)     Dead                           Min: 0, Avg:  0.0, Max: 0, Diff: 0, Sum: 0, Workers: 4
[21.871s][debug][gc,phases      ] GC(47)     Total                          Min: 0, Avg:  0.0, Max: 0, Diff: 0, Sum: 0, Workers: 4
[21.871s][debug][gc,phases      ] GC(47)   StringDedup Requests1 Weak     Min:  0.0, Avg:  0.0, Max:  0.0, Diff:  0.0, Sum:  0.0, Workers: 4
[21.871s][debug][gc,phases      ] GC(47)     Dead                           Min: 0, Avg:  0.0, Max: 0, Diff: 0, Sum: 0, Workers: 4
[21.871s][debug][gc,phases      ] GC(47)     Total                          Min: 0, Avg:  0.0, Max: 0, Diff: 0, Sum: 0, Workers: 4
[21.872s][debug][gc,phases      ] GC(47)   Weak JFR Old Object Samples    Min:  0.0, Avg:  0.0, Max:  0.0, Diff:  0.0, Sum:  0.0, Workers: 4
[21.872s][debug][gc,phases      ] GC(47)     Dead                           Min: 0, Avg:  0.0, Max: 0, Diff: 0, Sum: 0, Workers: 4
[21.872s][debug][gc,phases      ] GC(47)     Total                          Min: 0, Avg:  0.0, Max: 0, Diff: 0, Sum: 0, Workers: 4
[21.872s][debug][gc,phases      ] GC(47) Weak Processing 0.299ms
[21.872s][debug][gc,age         ] GC(47) Desired survivor size 364380160 bytes, new threshold 15 (max threshold 15)
[21.872s][info ][gc,heap        ] GC(47) PSYoungGen: 1421120K(1421312K)->10656K(1737216K) Eden: 1412096K(1412096K)->0K(1385472K) From: 9024K(9216K)->10656K(351744K)
[21.872s][info ][gc,heap        ] GC(47) ParOldGen: 581966K(719872K)->582006K(719872K)
[21.872s][info ][gc,metaspace   ] GC(47) Metaspace: 68218K(68864K)->68218K(68864K) NonClass: 58297K(58688K)->58297K(58688K) Class: 9921K(10176K)->9921K(10176K)
[21.872s][info ][gc             ] GC(47) Pause Young (Allocation Failure) 1956M->578M(2399M) 7.367ms
[21.872s][info ][gc,cpu         ] GC(47) User=0.03s Sys=0.00s Real=0.01s
[21.872s][info ][safepoint      ] Safepoint "ParallelGCFailedAllocation", Time since last: 46181129 ns, Reaching safepoint: 129704 ns, At safepoint: 7483831 ns, Total: 7613535 ns
[21.941s][info ][safepoint      ] Safepoint "ICBufferFull", Time since last: 69496848 ns, Reaching safepoint: 133704 ns, At safepoint: 35501 ns, Total: 169205 ns
[21.942s][info ][safepoint      ] Safepoint "ICBufferFull", Time since last: 986931 ns, Reaching safepoint: 89603 ns, At safepoint: 46601 ns, Total: 136204 ns
[21.960s][info ][safepoint      ] Safepoint "ICBufferFull", Time since last: 17319035 ns, Reaching safepoint: 130104 ns, At safepoint: 30201 ns, Total: 160305 ns
[21.961s][info ][safepoint      ] Safepoint "ICBufferFull", Time since last: 1166736 ns, Reaching safepoint: 113104 ns, At safepoint: 25501 ns, Total: 138605 ns
[21.978s][info ][safepoint      ] Safepoint "ICBufferFull", Time since last: 16726616 ns, Reaching safepoint: 146405 ns, At safepoint: 27401 ns, Total: 173806 ns
[21.986s][info ][safepoint      ] Safepoint "ICBufferFull", Time since last: 7370528 ns, Reaching safepoint: 123903 ns, At safepoint: 27601 ns, Total: 151504 ns
[21.989s][info ][safepoint      ] Safepoint "ICBufferFull", Time since last: 2819687 ns, Reaching safepoint: 107104 ns, At safepoint: 27601 ns, Total: 134705 ns
[22.005s][info ][safepoint      ] Safepoint "ICBufferFull", Time since last: 14504748 ns, Reaching safepoint: 2123165 ns, At safepoint: 36002 ns, Total: 2159167 ns
[22.008s][info ][safepoint      ] Safepoint "ICBufferFull", Time since last: 2327471 ns, Reaching safepoint: 113804 ns, At safepoint: 28001 ns, Total: 141805 ns
[22.022s][info ][safepoint      ] Safepoint "ICBufferFull", Time since last: 14443646 ns, Reaching safepoint: 143005 ns, At safepoint: 42001 ns, Total: 185006 ns
[22.025s][info ][safepoint      ] Safepoint "ICBufferFull", Time since last: 2782286 ns, Reaching safepoint: 99703 ns, At safepoint: 27001 ns, Total: 126704 ns
[22.030s][info ][safepoint      ] Safepoint "ICBufferFull", Time since last: 4144228 ns, Reaching safepoint: 112703 ns, At safepoint: 30801 ns, Total: 143504 ns
[22.064s][info ][safepoint      ] Safepoint "ICBufferFull", Time since last: 34010251 ns, Reaching safepoint: 137905 ns, At safepoint: 34001 ns, Total: 171906 ns
[22.073s][info ][safepoint      ] Safepoint "ICBufferFull", Time since last: 9040579 ns, Reaching safepoint: 119304 ns, At safepoint: 30801 ns, Total: 150105 ns
[22.092s][info ][safepoint      ] Safepoint "ICBufferFull", Time since last: 19200193 ns, Reaching safepoint: 132204 ns, At safepoint: 33701 ns, Total: 165905 ns
[22.094s][info ][safepoint      ] Safepoint "ICBufferFull", Time since last: 1859958 ns, Reaching safepoint: 123303 ns, At safepoint: 24601 ns, Total: 147904 ns
[22.104s][info ][safepoint      ] Safepoint "ICBufferFull", Time since last: 9711200 ns, Reaching safepoint: 194506 ns, At safepoint: 32201 ns, Total: 226707 ns
[22.111s][info ][safepoint      ] Safepoint "ICBufferFull", Time since last: 6869013 ns, Reaching safepoint: 129304 ns, At safepoint: 27900 ns, Total: 157204 ns
[22.114s][info ][safepoint      ] Safepoint "ICBufferFull", Time since last: 3052695 ns, Reaching safepoint: 100403 ns, At safepoint: 25001 ns, Total: 125404 ns
[22.128s][info ][gc,start       ] GC(48) Pause Young (Allocation Failure)
[22.135s][debug][gc,phases      ] GC(48) Scavenge 6.653ms
[22.135s][debug][gc,ref         ] GC(48) Skipped phase 1 of Reference Processing: no references
[22.135s][debug][gc,ref         ] GC(48) ReferenceProcessor::execute queues: 1, RefProcThreadModel::Single, marks_oops_alive: false
[22.135s][debug][gc,ref         ] GC(48) Skipped phase 3 of Reference Processing: no references
[22.135s][debug][gc,ref         ] GC(48) ReferenceProcessor::execute queues: 1, RefProcThreadModel::Single, marks_oops_alive: false
[22.135s][debug][gc,phases      ] GC(48) Reference Processing 0.117ms
[22.135s][debug][gc,phases      ] GC(48)   VM Weak                        Min:  0.0, Avg:  0.0, Max:  0.0, Diff:  0.0, Sum:  0.0, Workers: 4
[22.135s][debug][gc,phases      ] GC(48)     Dead                           Min: 0, Avg:  0.0, Max: 0, Diff: 0, Sum: 0, Workers: 4
[22.135s][debug][gc,phases      ] GC(48)     Total                          Min: 0, Avg: 129.5, Max: 448, Diff: 448, Sum: 518, Workers: 4
[22.135s][debug][gc,phases      ] GC(48)   ObjectSynchronizer Weak        Min:  0.0, Avg:  0.0, Max:  0.0, Diff:  0.0, Sum:  0.0, Workers: 4
[22.135s][debug][gc,phases      ] GC(48)     Dead                           Min: 0, Avg:  0.0, Max: 0, Diff: 0, Sum: 0, Workers: 4
[22.135s][debug][gc,phases      ] GC(48)     Total                          Min: 0, Avg: 112.8, Max: 320, Diff: 320, Sum: 451, Workers: 4
[22.135s][debug][gc,phases      ] GC(48)   JVMTI Tag Weak OopStorage      Min:  0.0, Avg:  0.0, Max:  0.0, Diff:  0.0, Sum:  0.0, Workers: 4
[22.135s][debug][gc,phases      ] GC(48)     Dead                           Min: 0, Avg:  0.0, Max: 0, Diff: 0, Sum: 0, Workers: 4
[22.135s][debug][gc,phases      ] GC(48)     Total                          Min: 0, Avg:  0.0, Max: 0, Diff: 0, Sum: 0, Workers: 4
[22.135s][debug][gc,phases      ] GC(48)   StringTable Weak               Min:  0.1, Avg:  0.1, Max:  0.1, Diff:  0.0, Sum:  0.4, Workers: 4
[22.135s][debug][gc,phases      ] GC(48)     Dead                           Min: 0, Avg:  0.0, Max: 0, Diff: 0, Sum: 0, Workers: 4
[22.135s][debug][gc,phases      ] GC(48)     Total                          Min: 9728, Avg: 10641.5, Max: 11526, Diff: 1798, Sum: 42566, Workers: 4
[22.135s][debug][gc,phases      ] GC(48)   ResolvedMethodTable Weak       Min:  0.0, Avg:  0.0, Max:  0.0, Diff:  0.0, Sum:  0.1, Workers: 4
[22.135s][debug][gc,phases      ] GC(48)     Dead                           Min: 0, Avg:  0.0, Max: 0, Diff: 0, Sum: 0, Workers: 4
[22.135s][debug][gc,phases      ] GC(48)     Total                          Min: 1726, Avg: 1788.0, Max: 1919, Diff: 193, Sum: 7152, Workers: 4
[22.135s][debug][gc,phases      ] GC(48)   JNI Weak                       Min:  0.0, Avg:  0.0, Max:  0.0, Diff:  0.0, Sum:  0.0, Workers: 4
[22.135s][debug][gc,phases      ] GC(48)     Dead                           Min: 0, Avg:  0.0, Max: 0, Diff: 0, Sum: 0, Workers: 4
[22.135s][debug][gc,phases      ] GC(48)     Total                          Min: 0, Avg:  1.5, Max: 6, Diff: 6, Sum: 6, Workers: 4
[22.135s][debug][gc,phases      ] GC(48)   StringDedup Table Weak         Min:  0.0, Avg:  0.0, Max:  0.0, Diff:  0.0, Sum:  0.0, Workers: 4
[22.135s][debug][gc,phases      ] GC(48)     Dead                           Min: 0, Avg:  0.0, Max: 0, Diff: 0, Sum: 0, Workers: 4
[22.135s][debug][gc,phases      ] GC(48)     Total                          Min: 0, Avg:  0.0, Max: 0, Diff: 0, Sum: 0, Workers: 4
[22.135s][debug][gc,phases      ] GC(48)   StringDedup Requests0 Weak     Min:  0.0, Avg:  0.0, Max:  0.0, Diff:  0.0, Sum:  0.0, Workers: 4
[22.135s][debug][gc,phases      ] GC(48)     Dead                           Min: 0, Avg:  0.0, Max: 0, Diff: 0, Sum: 0, Workers: 4
[22.135s][debug][gc,phases      ] GC(48)     Total                          Min: 0, Avg:  0.0, Max: 0, Diff: 0, Sum: 0, Workers: 4
[22.135s][debug][gc,phases      ] GC(48)   StringDedup Requests1 Weak     Min:  0.0, Avg:  0.0, Max:  0.0, Diff:  0.0, Sum:  0.0, Workers: 4
[22.135s][debug][gc,phases      ] GC(48)     Dead                           Min: 0, Avg:  0.0, Max: 0, Diff: 0, Sum: 0, Workers: 4
[22.135s][debug][gc,phases      ] GC(48)     Total                          Min: 0, Avg:  0.0, Max: 0, Diff: 0, Sum: 0, Workers: 4
[22.135s][debug][gc,phases      ] GC(48)   Weak JFR Old Object Samples    Min:  0.0, Avg:  0.0, Max:  0.0, Diff:  0.0, Sum:  0.0, Workers: 4
[22.135s][debug][gc,phases      ] GC(48)     Dead                           Min: 0, Avg:  0.0, Max: 0, Diff: 0, Sum: 0, Workers: 4
[22.135s][debug][gc,phases      ] GC(48)     Total                          Min: 0, Avg:  0.0, Max: 0, Diff: 0, Sum: 0, Workers: 4
[22.135s][debug][gc,phases      ] GC(48) Weak Processing 0.302ms
[22.135s][debug][gc,age         ] GC(48) Desired survivor size 363855872 bytes, new threshold 15 (max threshold 15)
[22.135s][info ][gc,heap        ] GC(48) PSYoungGen: 1396128K(1737216K)->11227K(1741312K) Eden: 1385472K(1385472K)->0K(1385472K) From: 10656K(351744K)->11227K(355840K)
[22.135s][info ][gc,heap        ] GC(48) ParOldGen: 582006K(719872K)->582038K(719872K)
[22.135s][info ][gc,metaspace   ] GC(48) Metaspace: 68254K(68928K)->68254K(68928K) NonClass: 58327K(58688K)->58327K(58688K) Class: 9927K(10240K)->9927K(10240K)
[22.135s][info ][gc             ] GC(48) Pause Young (Allocation Failure) 1931M->579M(2403M) 7.207ms
[22.135s][info ][gc,cpu         ] GC(48) User=0.03s Sys=0.00s Real=0.01s
[22.135s][info ][safepoint      ] Safepoint "ParallelGCFailedAllocation", Time since last: 13594620 ns, Reaching safepoint: 131604 ns, At safepoint: 7318226 ns, Total: 7449830 ns
[22.158s][info ][safepoint      ] Safepoint "ICBufferFull", Time since last: 22609099 ns, Reaching safepoint: 115903 ns, At safepoint: 26401 ns, Total: 142304 ns
[22.188s][info ][safepoint      ] Safepoint "ICBufferFull", Time since last: 30048729 ns, Reaching safepoint: 153404 ns, At safepoint: 32101 ns, Total: 185505 ns
[22.202s][info ][safepoint      ] Safepoint "ICBufferFull", Time since last: 13346113 ns, Reaching safepoint: 136604 ns, At safepoint: 25501 ns, Total: 162105 ns
[22.226s][info ][safepoint      ] Safepoint "ICBufferFull", Time since last: 23831636 ns, Reaching safepoint: 134104 ns, At safepoint: 29101 ns, Total: 163205 ns
[22.258s][info ][safepoint      ] Safepoint "ICBufferFull", Time since last: 31384570 ns, Reaching safepoint: 126604 ns, At safepoint: 26801 ns, Total: 153405 ns
[22.261s][info ][safepoint      ] Safepoint "ICBufferFull", Time since last: 3214199 ns, Reaching safepoint: 111604 ns, At safepoint: 27500 ns, Total: 139104 ns
[22.301s][info ][safepoint      ] Safepoint "ICBufferFull", Time since last: 39479220 ns, Reaching safepoint: 153505 ns, At safepoint: 31301 ns, Total: 184806 ns
[22.330s][info ][safepoint      ] Safepoint "ICBufferFull", Time since last: 29163501 ns, Reaching safepoint: 148805 ns, At safepoint: 35901 ns, Total: 184706 ns
[22.359s][info ][safepoint      ] Safepoint "ICBufferFull", Time since last: 28989796 ns, Reaching safepoint: 129704 ns, At safepoint: 32601 ns, Total: 162305 ns
[22.371s][info ][safepoint      ] Safepoint "ICBufferFull", Time since last: 11454354 ns, Reaching safepoint: 129704 ns, At safepoint: 32501 ns, Total: 162205 ns
[22.389s][info ][safepoint      ] Safepoint "ICBufferFull", Time since last: 18266064 ns, Reaching safepoint: 145005 ns, At safepoint: 28501 ns, Total: 173506 ns
[22.404s][info ][safepoint      ] Safepoint "ICBufferFull", Time since last: 14338943 ns, Reaching safepoint: 1018631 ns, At safepoint: 29301 ns, Total: 1047932 ns
[22.408s][info ][safepoint      ] Safepoint "ICBufferFull", Time since last: 3209499 ns, Reaching safepoint: 122804 ns, At safepoint: 25901 ns, Total: 148705 ns
[22.422s][info ][safepoint      ] Safepoint "ICBufferFull", Time since last: 13681023 ns, Reaching safepoint: 142404 ns, At safepoint: 31201 ns, Total: 173605 ns
[22.457s][info ][gc,start       ] GC(49) Pause Young (Allocation Failure)
[22.484s][debug][gc,phases      ] GC(49) Scavenge 27.519ms
[22.485s][debug][gc,ref         ] GC(49) Skipped phase 1 of Reference Processing: no references
[22.485s][debug][gc,ref         ] GC(49) ReferenceProcessor::execute queues: 1, RefProcThreadModel::Single, marks_oops_alive: false
[22.485s][debug][gc,ref         ] GC(49) Skipped phase 3 of Reference Processing: no references
[22.485s][debug][gc,ref         ] GC(49) ReferenceProcessor::execute queues: 1, RefProcThreadModel::Single, marks_oops_alive: false
[22.485s][debug][gc,phases      ] GC(49) Reference Processing 0.151ms
[22.485s][debug][gc,phases      ] GC(49)   VM Weak                        Min:  0.0, Avg:  0.0, Max:  0.0, Diff:  0.0, Sum:  0.0, Workers: 4
[22.485s][debug][gc,phases      ] GC(49)     Dead                           Min: 0, Avg:  0.0, Max: 0, Diff: 0, Sum: 0, Workers: 4
[22.485s][debug][gc,phases      ] GC(49)     Total                          Min: 0, Avg: 131.8, Max: 512, Diff: 512, Sum: 527, Workers: 4
[22.485s][debug][gc,phases      ] GC(49)   ObjectSynchronizer Weak        Min:  0.0, Avg:  0.0, Max:  0.0, Diff:  0.0, Sum:  0.0, Workers: 4
[22.485s][debug][gc,phases      ] GC(49)     Dead                           Min: 0, Avg:  0.0, Max: 0, Diff: 0, Sum: 0, Workers: 4
[22.485s][debug][gc,phases      ] GC(49)     Total                          Min: 0, Avg: 112.8, Max: 259, Diff: 259, Sum: 451, Workers: 4
[22.485s][debug][gc,phases      ] GC(49)   JVMTI Tag Weak OopStorage      Min:  0.0, Avg:  0.0, Max:  0.0, Diff:  0.0, Sum:  0.0, Workers: 4
[22.485s][debug][gc,phases      ] GC(49)     Dead                           Min: 0, Avg:  0.0, Max: 0, Diff: 0, Sum: 0, Workers: 4
[22.485s][debug][gc,phases      ] GC(49)     Total                          Min: 0, Avg:  0.0, Max: 0, Diff: 0, Sum: 0, Workers: 4
[22.485s][debug][gc,phases      ] GC(49)   StringTable Weak               Min:  0.1, Avg:  0.1, Max:  0.1, Diff:  0.0, Sum:  0.4, Workers: 4
[22.485s][debug][gc,phases      ] GC(49)     Dead                           Min: 0, Avg:  3.2, Max: 12, Diff: 12, Sum: 13, Workers: 4
[22.485s][debug][gc,phases      ] GC(49)     Total                          Min: 8511, Avg: 10649.5, Max: 12160, Diff: 3649, Sum: 42598, Workers: 4
[22.485s][debug][gc,phases      ] GC(49)   ResolvedMethodTable Weak       Min:  0.0, Avg:  0.0, Max:  0.0, Diff:  0.0, Sum:  0.1, Workers: 4
[22.485s][debug][gc,phases      ] GC(49)     Dead                           Min: 0, Avg:  0.0, Max: 0, Diff: 0, Sum: 0, Workers: 4
[22.485s][debug][gc,phases      ] GC(49)     Total                          Min: 1599, Avg: 1799.8, Max: 2047, Diff: 448, Sum: 7199, Workers: 4
[22.485s][debug][gc,phases      ] GC(49)   JNI Weak                       Min:  0.0, Avg:  0.0, Max:  0.0, Diff:  0.0, Sum:  0.0, Workers: 4
[22.485s][debug][gc,phases      ] GC(49)     Dead                           Min: 0, Avg:  0.0, Max: 0, Diff: 0, Sum: 0, Workers: 4
[22.485s][debug][gc,phases      ] GC(49)     Total                          Min: 0, Avg:  5.5, Max: 22, Diff: 22, Sum: 22, Workers: 4
[22.485s][debug][gc,phases      ] GC(49)   StringDedup Table Weak         Min:  0.0, Avg:  0.0, Max:  0.0, Diff:  0.0, Sum:  0.0, Workers: 4
[22.485s][debug][gc,phases      ] GC(49)     Dead                           Min: 0, Avg:  0.0, Max: 0, Diff: 0, Sum: 0, Workers: 4
[22.485s][debug][gc,phases      ] GC(49)     Total                          Min: 0, Avg:  0.0, Max: 0, Diff: 0, Sum: 0, Workers: 4
[22.485s][debug][gc,phases      ] GC(49)   StringDedup Requests0 Weak     Min:  0.0, Avg:  0.0, Max:  0.0, Diff:  0.0, Sum:  0.0, Workers: 4
[22.485s][debug][gc,phases      ] GC(49)     Dead                           Min: 0, Avg:  0.0, Max: 0, Diff: 0, Sum: 0, Workers: 4
[22.485s][debug][gc,phases      ] GC(49)     Total                          Min: 0, Avg:  0.0, Max: 0, Diff: 0, Sum: 0, Workers: 4
[22.485s][debug][gc,phases      ] GC(49)   StringDedup Requests1 Weak     Min:  0.0, Avg:  0.0, Max:  0.0, Diff:  0.0, Sum:  0.0, Workers: 4
[22.485s][debug][gc,phases      ] GC(49)     Dead                           Min: 0, Avg:  0.0, Max: 0, Diff: 0, Sum: 0, Workers: 4
[22.485s][debug][gc,phases      ] GC(49)     Total                          Min: 0, Avg:  0.0, Max: 0, Diff: 0, Sum: 0, Workers: 4
[22.485s][debug][gc,phases      ] GC(49)   Weak JFR Old Object Samples    Min:  0.0, Avg:  0.0, Max:  0.0, Diff:  0.0, Sum:  0.0, Workers: 4
[22.485s][debug][gc,phases      ] GC(49)     Dead                           Min: 0, Avg:  0.0, Max: 0, Diff: 0, Sum: 0, Workers: 4
[22.485s][debug][gc,phases      ] GC(49)     Total                          Min: 0, Avg:  0.0, Max: 0, Diff: 0, Sum: 0, Workers: 4
[22.485s][debug][gc,phases      ] GC(49) Weak Processing 0.313ms
[22.485s][debug][gc,age         ] GC(49) Desired survivor size 349175808 bytes, new threshold 15 (max threshold 15)
[22.485s][info ][gc,heap        ] GC(49) PSYoungGen: 1396699K(1741312K)->71488K(1756160K) Eden: 1385472K(1385472K)->0K(1400832K) From: 11227K(355840K)->71488K(355328K)
[22.485s][info ][gc,heap        ] GC(49) ParOldGen: 582038K(719872K)->582078K(719872K)
[22.485s][info ][gc,metaspace   ] GC(49) Metaspace: 68448K(69120K)->68448K(69120K) NonClass: 58500K(58880K)->58500K(58880K) Class: 9948K(10240K)->9948K(10240K)
[22.485s][info ][gc             ] GC(49) Pause Young (Allocation Failure) 1932M->638M(2418M) 28.121ms
[22.485s][info ][gc,cpu         ] GC(49) User=0.11s Sys=0.00s Real=0.03s
[22.485s][info ][safepoint      ] Safepoint "ParallelGCFailedAllocation", Time since last: 35071984 ns, Reaching safepoint: 142404 ns, At safepoint: 28225973 ns, Total: 28368377 ns
[22.549s][info ][safepoint      ] Safepoint "ICBufferFull", Time since last: 61245992 ns, Reaching safepoint: 2685783 ns, At safepoint: 39201 ns, Total: 2724984 ns
[22.571s][info ][safepoint      ] Safepoint "ICBufferFull", Time since last: 21206556 ns, Reaching safepoint: 110703 ns, At safepoint: 216107 ns, Total: 326810 ns
[22.575s][info ][safepoint      ] Safepoint "ICBufferFull", Time since last: 3834418 ns, Reaching safepoint: 115304 ns, At safepoint: 29701 ns, Total: 145005 ns
[22.592s][info ][safepoint      ] Safepoint "ICBufferFull", Time since last: 17155130 ns, Reaching safepoint: 138804 ns, At safepoint: 24801 ns, Total: 163605 ns
[22.611s][info ][safepoint      ] Safepoint "ICBufferFull", Time since last: 19168592 ns, Reaching safepoint: 115004 ns, At safepoint: 25701 ns, Total: 140705 ns
[22.642s][info ][safepoint      ] Safepoint "ICBufferFull", Time since last: 30183933 ns, Reaching safepoint: 141804 ns, At safepoint: 27101 ns, Total: 168905 ns
[22.645s][info ][safepoint      ] Safepoint "ICBufferFull", Time since last: 3588011 ns, Reaching safepoint: 108003 ns, At safepoint: 22901 ns, Total: 130904 ns
[22.714s][info ][gc,start       ] GC(50) Pause Young (Allocation Failure)
[22.749s][debug][gc,phases      ] GC(50) Scavenge 34.049ms
[22.749s][debug][gc,ref         ] GC(50) Skipped phase 1 of Reference Processing: no references
[22.749s][debug][gc,ref         ] GC(50) ReferenceProcessor::execute queues: 1, RefProcThreadModel::Single, marks_oops_alive: false
[22.749s][debug][gc,ref         ] GC(50) Skipped phase 3 of Reference Processing: no references
[22.749s][debug][gc,ref         ] GC(50) ReferenceProcessor::execute queues: 1, RefProcThreadModel::Single, marks_oops_alive: false
[22.749s][debug][gc,phases      ] GC(50) Reference Processing 0.127ms
[22.749s][debug][gc,phases      ] GC(50)   VM Weak                        Min:  0.0, Avg:  0.0, Max:  0.0, Diff:  0.0, Sum:  0.0, Workers: 4
[22.749s][debug][gc,phases      ] GC(50)     Dead                           Min: 0, Avg:  0.0, Max: 0, Diff: 0, Sum: 0, Workers: 4
[22.749s][debug][gc,phases      ] GC(50)     Total                          Min: 0, Avg: 131.8, Max: 384, Diff: 384, Sum: 527, Workers: 4
[22.749s][debug][gc,phases      ] GC(50)   ObjectSynchronizer Weak        Min:  0.0, Avg:  0.0, Max:  0.0, Diff:  0.0, Sum:  0.0, Workers: 4
[22.749s][debug][gc,phases      ] GC(50)     Dead                           Min: 0, Avg:  0.0, Max: 0, Diff: 0, Sum: 0, Workers: 4
[22.749s][debug][gc,phases      ] GC(50)     Total                          Min: 0, Avg: 112.8, Max: 195, Diff: 195, Sum: 451, Workers: 4
[22.749s][debug][gc,phases      ] GC(50)   JVMTI Tag Weak OopStorage      Min:  0.0, Avg:  0.0, Max:  0.0, Diff:  0.0, Sum:  0.0, Workers: 4
[22.749s][debug][gc,phases      ] GC(50)     Dead                           Min: 0, Avg:  0.0, Max: 0, Diff: 0, Sum: 0, Workers: 4
[22.749s][debug][gc,phases      ] GC(50)     Total                          Min: 0, Avg:  0.0, Max: 0, Diff: 0, Sum: 0, Workers: 4
[22.749s][debug][gc,phases      ] GC(50)   StringTable Weak               Min:  0.1, Avg:  0.1, Max:  0.1, Diff:  0.0, Sum:  0.4, Workers: 4
[22.749s][debug][gc,phases      ] GC(50)     Dead                           Min: 0, Avg:  3.0, Max: 12, Diff: 12, Sum: 12, Workers: 4
[22.749s][debug][gc,phases      ] GC(50)     Total                          Min: 9536, Avg: 10654.5, Max: 13183, Diff: 3647, Sum: 42618, Workers: 4
[22.749s][debug][gc,phases      ] GC(50)   ResolvedMethodTable Weak       Min:  0.0, Avg:  0.0, Max:  0.0, Diff:  0.0, Sum:  0.1, Workers: 4
[22.749s][debug][gc,phases      ] GC(50)     Dead                           Min: 0, Avg:  0.0, Max: 0, Diff: 0, Sum: 0, Workers: 4
[22.749s][debug][gc,phases      ] GC(50)     Total                          Min: 1472, Avg: 1805.5, Max: 2295, Diff: 823, Sum: 7222, Workers: 4
[22.749s][debug][gc,phases      ] GC(50)   JNI Weak                       Min:  0.0, Avg:  0.0, Max:  0.0, Diff:  0.0, Sum:  0.0, Workers: 4
[22.749s][debug][gc,phases      ] GC(50)     Dead                           Min: 0, Avg:  0.0, Max: 0, Diff: 0, Sum: 0, Workers: 4
[22.749s][debug][gc,phases      ] GC(50)     Total                          Min: 0, Avg:  2.5, Max: 10, Diff: 10, Sum: 10, Workers: 4
[22.749s][debug][gc,phases      ] GC(50)   StringDedup Table Weak         Min:  0.0, Avg:  0.0, Max:  0.0, Diff:  0.0, Sum:  0.0, Workers: 4
[22.749s][debug][gc,phases      ] GC(50)     Dead                           Min: 0, Avg:  0.0, Max: 0, Diff: 0, Sum: 0, Workers: 4
[22.749s][debug][gc,phases      ] GC(50)     Total                          Min: 0, Avg:  0.0, Max: 0, Diff: 0, Sum: 0, Workers: 4
[22.749s][debug][gc,phases      ] GC(50)   StringDedup Requests0 Weak     Min:  0.0, Avg:  0.0, Max:  0.0, Diff:  0.0, Sum:  0.0, Workers: 4
[22.749s][debug][gc,phases      ] GC(50)     Dead                           Min: 0, Avg:  0.0, Max: 0, Diff: 0, Sum: 0, Workers: 4
[22.749s][debug][gc,phases      ] GC(50)     Total                          Min: 0, Avg:  0.0, Max: 0, Diff: 0, Sum: 0, Workers: 4
[22.749s][debug][gc,phases      ] GC(50)   StringDedup Requests1 Weak     Min:  0.0, Avg:  0.0, Max:  0.0, Diff:  0.0, Sum:  0.0, Workers: 4
[22.749s][debug][gc,phases      ] GC(50)     Dead                           Min: 0, Avg:  0.0, Max: 0, Diff: 0, Sum: 0, Workers: 4
[22.749s][debug][gc,phases      ] GC(50)     Total                          Min: 0, Avg:  0.0, Max: 0, Diff: 0, Sum: 0, Workers: 4
[22.749s][debug][gc,phases      ] GC(50)   Weak JFR Old Object Samples    Min:  0.0, Avg:  0.0, Max:  0.0, Diff:  0.0, Sum:  0.0, Workers: 4
[22.749s][debug][gc,phases      ] GC(50)     Dead                           Min: 0, Avg:  0.0, Max: 0, Diff: 0, Sum: 0, Workers: 4
[22.749s][debug][gc,phases      ] GC(50)     Total                          Min: 0, Avg:  0.0, Max: 0, Diff: 0, Sum: 0, Workers: 4
[22.749s][debug][gc,phases      ] GC(50) Weak Processing 0.306ms
[22.749s][debug][gc,age         ] GC(50) Desired survivor size 330301440 bytes, new threshold 15 (max threshold 15)
[22.749s][info ][gc,heap        ] GC(50) PSYoungGen: 1472320K(1756160K)->98304K(1741824K) Eden: 1400832K(1400832K)->0K(1400832K) From: 71488K(355328K)->98304K(340992K)
[22.749s][info ][gc,heap        ] GC(50) ParOldGen: 582078K(719872K)->582118K(719872K)
[22.749s][info ][gc,metaspace   ] GC(50) Metaspace: 68515K(69120K)->68515K(69120K) NonClass: 58558K(58880K)->58558K(58880K) Class: 9957K(10240K)->9957K(10240K)
[22.749s][info ][gc             ] GC(50) Pause Young (Allocation Failure) 2006M->664M(2404M) 34.623ms
[22.749s][info ][gc,cpu         ] GC(50) User=0.14s Sys=0.00s Real=0.03s
[22.749s][info ][safepoint      ] Safepoint "ParallelGCFailedAllocation", Time since last: 68894829 ns, Reaching safepoint: 155605 ns, At safepoint: 34770374 ns, Total: 34925979 ns
[22.895s][info ][safepoint      ] Safepoint "ICBufferFull", Time since last: 146066414 ns, Reaching safepoint: 161705 ns, At safepoint: 28401 ns, Total: 190106 ns
[22.915s][info ][safepoint      ] Safepoint "ICBufferFull", Time since last: 19080389 ns, Reaching safepoint: 124604 ns, At safepoint: 25700 ns, Total: 150304 ns
[22.929s][info ][safepoint      ] Safepoint "ICBufferFull", Time since last: 14695454 ns, Reaching safepoint: 138704 ns, At safepoint: 22201 ns, Total: 160905 ns
[22.940s][info ][safepoint      ] Safepoint "ICBufferFull", Time since last: 10072011 ns, Reaching safepoint: 129104 ns, At safepoint: 21601 ns, Total: 150705 ns
[22.957s][info ][safepoint      ] Safepoint "ICBufferFull", Time since last: 16775218 ns, Reaching safepoint: 114703 ns, At safepoint: 26401 ns, Total: 141104 ns
[22.973s][info ][safepoint      ] Safepoint "ICBufferFull", Time since last: 15958593 ns, Reaching safepoint: 136704 ns, At safepoint: 24101 ns, Total: 160805 ns
[22.977s][info ][safepoint      ] Safepoint "ICBufferFull", Time since last: 3659513 ns, Reaching safepoint: 119604 ns, At safepoint: 25600 ns, Total: 145204 ns
[22.992s][info ][safepoint      ] Safepoint "ICBufferFull", Time since last: 15043165 ns, Reaching safepoint: 110103 ns, At safepoint: 28901 ns, Total: 139004 ns
[23.011s][info ][safepoint      ] Safepoint "ICBufferFull", Time since last: 18665376 ns, Reaching safepoint: 105204 ns, At safepoint: 27401 ns, Total: 132605 ns
[23.021s][info ][gc,start       ] GC(51) Pause Young (Allocation Failure)
[23.064s][debug][gc,phases      ] GC(51) Scavenge 43.191ms
[23.064s][debug][gc,ref         ] GC(51) Skipped phase 1 of Reference Processing: no references
[23.065s][debug][gc,ref         ] GC(51) ReferenceProcessor::execute queues: 1, RefProcThreadModel::Single, marks_oops_alive: false
[23.065s][debug][gc,ref         ] GC(51) Skipped phase 3 of Reference Processing: no references
[23.065s][debug][gc,ref         ] GC(51) ReferenceProcessor::execute queues: 1, RefProcThreadModel::Single, marks_oops_alive: false
[23.065s][debug][gc,phases      ] GC(51) Reference Processing 0.132ms
[23.065s][debug][gc,phases      ] GC(51)   VM Weak                        Min:  0.0, Avg:  0.0, Max:  0.0, Diff:  0.0, Sum:  0.0, Workers: 4
[23.065s][debug][gc,phases      ] GC(51)     Dead                           Min: 0, Avg:  0.0, Max: 0, Diff: 0, Sum: 0, Workers: 4
[23.065s][debug][gc,phases      ] GC(51)     Total                          Min: 0, Avg: 131.8, Max: 463, Diff: 463, Sum: 527, Workers: 4
[23.065s][debug][gc,phases      ] GC(51)   ObjectSynchronizer Weak        Min:  0.0, Avg:  0.0, Max:  0.0, Diff:  0.0, Sum:  0.0, Workers: 4
[23.065s][debug][gc,phases      ] GC(51)     Dead                           Min: 0, Avg:  0.0, Max: 0, Diff: 0, Sum: 0, Workers: 4
[23.065s][debug][gc,phases      ] GC(51)     Total                          Min: 0, Avg: 112.8, Max: 192, Diff: 192, Sum: 451, Workers: 4
[23.065s][debug][gc,phases      ] GC(51)   JVMTI Tag Weak OopStorage      Min:  0.0, Avg:  0.0, Max:  0.0, Diff:  0.0, Sum:  0.0, Workers: 4
[23.065s][debug][gc,phases      ] GC(51)     Dead                           Min: 0, Avg:  0.0, Max: 0, Diff: 0, Sum: 0, Workers: 4
[23.065s][debug][gc,phases      ] GC(51)     Total                          Min: 0, Avg:  0.0, Max: 0, Diff: 0, Sum: 0, Workers: 4
[23.065s][debug][gc,phases      ] GC(51)   StringTable Weak               Min:  0.1, Avg:  0.1, Max:  0.1, Diff:  0.0, Sum:  0.4, Workers: 4
[23.065s][debug][gc,phases      ] GC(51)     Dead                           Min: 0, Avg:  0.0, Max: 0, Diff: 0, Sum: 0, Workers: 4
[23.065s][debug][gc,phases      ] GC(51)     Total                          Min: 9408, Avg: 10654.8, Max: 13116, Diff: 3708, Sum: 42619, Workers: 4
[23.065s][debug][gc,phases      ] GC(51)   ResolvedMethodTable Weak       Min:  0.0, Avg:  0.0, Max:  0.0, Diff:  0.0, Sum:  0.1, Workers: 4
[23.065s][debug][gc,phases      ] GC(51)     Dead                           Min: 0, Avg:  0.0, Max: 0, Diff: 0, Sum: 0, Workers: 4
[23.065s][debug][gc,phases      ] GC(51)     Total                          Min: 1727, Avg: 1805.5, Max: 1918, Diff: 191, Sum: 7222, Workers: 4
[23.065s][debug][gc,phases      ] GC(51)   JNI Weak                       Min:  0.0, Avg:  0.0, Max:  0.0, Diff:  0.0, Sum:  0.0, Workers: 4
[23.065s][debug][gc,phases      ] GC(51)     Dead                           Min: 0, Avg:  0.0, Max: 0, Diff: 0, Sum: 0, Workers: 4
[23.065s][debug][gc,phases      ] GC(51)     Total                          Min: 0, Avg:  1.2, Max: 5, Diff: 5, Sum: 5, Workers: 4
[23.065s][debug][gc,phases      ] GC(51)   StringDedup Table Weak         Min:  0.0, Avg:  0.0, Max:  0.0, Diff:  0.0, Sum:  0.0, Workers: 4
[23.065s][debug][gc,phases      ] GC(51)     Dead                           Min: 0, Avg:  0.0, Max: 0, Diff: 0, Sum: 0, Workers: 4
[23.065s][debug][gc,phases      ] GC(51)     Total                          Min: 0, Avg:  0.0, Max: 0, Diff: 0, Sum: 0, Workers: 4
[23.065s][debug][gc,phases      ] GC(51)   StringDedup Requests0 Weak     Min:  0.0, Avg:  0.0, Max:  0.0, Diff:  0.0, Sum:  0.0, Workers: 4
[23.065s][debug][gc,phases      ] GC(51)     Dead                           Min: 0, Avg:  0.0, Max: 0, Diff: 0, Sum: 0, Workers: 4
[23.065s][debug][gc,phases      ] GC(51)     Total                          Min: 0, Avg:  0.0, Max: 0, Diff: 0, Sum: 0, Workers: 4
[23.065s][debug][gc,phases      ] GC(51)   StringDedup Requests1 Weak     Min:  0.0, Avg:  0.0, Max:  0.0, Diff:  0.0, Sum:  0.0, Workers: 4
[23.065s][debug][gc,phases      ] GC(51)     Dead                           Min: 0, Avg:  0.0, Max: 0, Diff: 0, Sum: 0, Workers: 4
[23.065s][debug][gc,phases      ] GC(51)     Total                          Min: 0, Avg:  0.0, Max: 0, Diff: 0, Sum: 0, Workers: 4
[23.065s][debug][gc,phases      ] GC(51)   Weak JFR Old Object Samples    Min:  0.0, Avg:  0.0, Max:  0.0, Diff:  0.0, Sum:  0.0, Workers: 4
[23.065s][debug][gc,phases      ] GC(51)     Dead                           Min: 0, Avg:  0.0, Max: 0, Diff: 0, Sum: 0, Workers: 4
[23.065s][debug][gc,phases      ] GC(51)     Total                          Min: 0, Avg:  0.0, Max: 0, Diff: 0, Sum: 0, Workers: 4
[23.065s][debug][gc,phases      ] GC(51) Weak Processing 0.318ms
[23.065s][debug][gc,age         ] GC(51) Desired survivor size 310902784 bytes, new threshold 15 (max threshold 15)
[23.065s][info ][gc,heap        ] GC(51) PSYoungGen: 1499136K(1741824K)->121440K(1793536K) Eden: 1400832K(1400832K)->0K(1470976K) From: 98304K(340992K)->121440K(322560K)
[23.065s][info ][gc,heap        ] GC(51) ParOldGen: 582118K(719872K)->582310K(719872K)
[23.065s][info ][gc,metaspace   ] GC(51) Metaspace: 68526K(69184K)->68526K(69184K) NonClass: 58569K(58944K)->58569K(58944K) Class: 9957K(10240K)->9957K(10240K)
[23.065s][info ][gc             ] GC(51) Pause Young (Allocation Failure) 2032M->687M(2454M) 43.790ms
[23.065s][info ][gc,cpu         ] GC(51) User=0.18s Sys=0.00s Real=0.05s
[23.065s][info ][safepoint      ] Safepoint "ParallelGCFailedAllocation", Time since last: 10502424 ns, Reaching safepoint: 121504 ns, At safepoint: 43906355 ns, Total: 44027859 ns
[23.088s][info ][safepoint      ] Safepoint "ICBufferFull", Time since last: 23204117 ns, Reaching safepoint: 143604 ns, At safepoint: 28801 ns, Total: 172405 ns
[23.112s][info ][safepoint      ] Safepoint "ICBufferFull", Time since last: 23767034 ns, Reaching safepoint: 131104 ns, At safepoint: 25701 ns, Total: 156805 ns
[23.130s][info ][safepoint      ] Safepoint "ICBufferFull", Time since last: 17307234 ns, Reaching safepoint: 116104 ns, At safepoint: 29001 ns, Total: 145105 ns
[23.134s][info ][safepoint      ] Safepoint "ICBufferFull", Time since last: 3790717 ns, Reaching safepoint: 111203 ns, At safepoint: 25901 ns, Total: 137104 ns
[23.150s][info ][safepoint      ] Safepoint "ICBufferFull", Time since last: 15441277 ns, Reaching safepoint: 484015 ns, At safepoint: 25900 ns, Total: 509915 ns
[23.165s][info ][safepoint      ] Safepoint "ICBufferFull", Time since last: 15283972 ns, Reaching safepoint: 134805 ns, At safepoint: 24200 ns, Total: 159005 ns
[23.178s][info ][safepoint      ] Safepoint "ICBufferFull", Time since last: 12451985 ns, Reaching safepoint: 127504 ns, At safepoint: 28301 ns, Total: 155805 ns
[23.186s][info ][safepoint      ] Safepoint "ICBufferFull", Time since last: 7985646 ns, Reaching safepoint: 120904 ns, At safepoint: 29701 ns, Total: 150605 ns
[23.209s][info ][safepoint      ] Safepoint "ICBufferFull", Time since last: 23387422 ns, Reaching safepoint: 78402 ns, At safepoint: 33501 ns, Total: 111903 ns
[23.252s][info ][safepoint      ] Safepoint "ICBufferFull", Time since last: 42772721 ns, Reaching safepoint: 132804 ns, At safepoint: 26501 ns, Total: 159305 ns
[23.259s][info ][safepoint      ] Safepoint "ICBufferFull", Time since last: 6127889 ns, Reaching safepoint: 123404 ns, At safepoint: 24501 ns, Total: 147905 ns
[23.287s][info ][safepoint      ] Safepoint "ICBufferFull", Time since last: 28118968 ns, Reaching safepoint: 132104 ns, At safepoint: 34501 ns, Total: 166605 ns
[23.309s][info ][gc,start       ] GC(52) Pause Young (Allocation Failure)
[23.342s][debug][gc,phases      ] GC(52) Scavenge 32.387ms
[23.342s][debug][gc,ref         ] GC(52) Skipped phase 1 of Reference Processing: no references
[23.342s][debug][gc,ref         ] GC(52) ReferenceProcessor::execute queues: 1, RefProcThreadModel::Single, marks_oops_alive: false
[23.342s][debug][gc,ref         ] GC(52) Skipped phase 3 of Reference Processing: no references
[23.342s][debug][gc,ref         ] GC(52) ReferenceProcessor::execute queues: 1, RefProcThreadModel::Single, marks_oops_alive: false
[23.342s][debug][gc,phases      ] GC(52) Reference Processing 0.132ms
[23.342s][debug][gc,phases      ] GC(52)   VM Weak                        Min:  0.0, Avg:  0.0, Max:  0.0, Diff:  0.0, Sum:  0.0, Workers: 4
[23.342s][debug][gc,phases      ] GC(52)     Dead                           Min: 0, Avg:  0.0, Max: 0, Diff: 0, Sum: 0, Workers: 4
[23.342s][debug][gc,phases      ] GC(52)     Total                          Min: 0, Avg: 131.8, Max: 527, Diff: 527, Sum: 527, Workers: 4
[23.342s][debug][gc,phases      ] GC(52)   ObjectSynchronizer Weak        Min:  0.0, Avg:  0.0, Max:  0.0, Diff:  0.0, Sum:  0.0, Workers: 4
[23.342s][debug][gc,phases      ] GC(52)     Dead                           Min: 0, Avg:  0.0, Max: 0, Diff: 0, Sum: 0, Workers: 4
[23.342s][debug][gc,phases      ] GC(52)     Total                          Min: 0, Avg: 112.8, Max: 451, Diff: 451, Sum: 451, Workers: 4
[23.342s][debug][gc,phases      ] GC(52)   JVMTI Tag Weak OopStorage      Min:  0.0, Avg:  0.0, Max:  0.0, Diff:  0.0, Sum:  0.0, Workers: 4
[23.342s][debug][gc,phases      ] GC(52)     Dead                           Min: 0, Avg:  0.0, Max: 0, Diff: 0, Sum: 0, Workers: 4
[23.342s][debug][gc,phases      ] GC(52)     Total                          Min: 0, Avg:  0.0, Max: 0, Diff: 0, Sum: 0, Workers: 4
[23.342s][debug][gc,phases      ] GC(52)   StringTable Weak               Min:  0.1, Avg:  0.1, Max:  0.1, Diff:  0.0, Sum:  0.3, Workers: 4
[23.342s][debug][gc,phases      ] GC(52)     Dead                           Min: 0, Avg:  2.8, Max: 11, Diff: 11, Sum: 11, Workers: 4
[23.342s][debug][gc,phases      ] GC(52)     Total                          Min: 9728, Avg: 10655.0, Max: 11456, Diff: 1728, Sum: 42620, Workers: 4
[23.342s][debug][gc,phases      ] GC(52)   ResolvedMethodTable Weak       Min:  0.0, Avg:  0.0, Max:  0.0, Diff:  0.0, Sum:  0.1, Workers: 4
[23.342s][debug][gc,phases      ] GC(52)     Dead                           Min: 0, Avg:  0.0, Max: 0, Diff: 0, Sum: 0, Workers: 4
[23.342s][debug][gc,phases      ] GC(52)     Total                          Min: 1663, Avg: 1805.5, Max: 2046, Diff: 383, Sum: 7222, Workers: 4
[23.342s][debug][gc,phases      ] GC(52)   JNI Weak                       Min:  0.0, Avg:  0.0, Max:  0.0, Diff:  0.0, Sum:  0.0, Workers: 4
[23.342s][debug][gc,phases      ] GC(52)     Dead                           Min: 0, Avg:  0.0, Max: 0, Diff: 0, Sum: 0, Workers: 4
[23.342s][debug][gc,phases      ] GC(52)     Total                          Min: 0, Avg:  0.8, Max: 3, Diff: 3, Sum: 3, Workers: 4
[23.342s][debug][gc,phases      ] GC(52)   StringDedup Table Weak         Min:  0.0, Avg:  0.0, Max:  0.0, Diff:  0.0, Sum:  0.0, Workers: 4
[23.342s][debug][gc,phases      ] GC(52)     Dead                           Min: 0, Avg:  0.0, Max: 0, Diff: 0, Sum: 0, Workers: 4
[23.342s][debug][gc,phases      ] GC(52)     Total                          Min: 0, Avg:  0.0, Max: 0, Diff: 0, Sum: 0, Workers: 4
[23.342s][debug][gc,phases      ] GC(52)   StringDedup Requests0 Weak     Min:  0.0, Avg:  0.0, Max:  0.0, Diff:  0.0, Sum:  0.0, Workers: 4
[23.342s][debug][gc,phases      ] GC(52)     Dead                           Min: 0, Avg:  0.0, Max: 0, Diff: 0, Sum: 0, Workers: 4
[23.342s][debug][gc,phases      ] GC(52)     Total                          Min: 0, Avg:  0.0, Max: 0, Diff: 0, Sum: 0, Workers: 4
[23.342s][debug][gc,phases      ] GC(52)   StringDedup Requests1 Weak     Min:  0.0, Avg:  0.0, Max:  0.0, Diff:  0.0, Sum:  0.0, Workers: 4
[23.342s][debug][gc,phases      ] GC(52)     Dead                           Min: 0, Avg:  0.0, Max: 0, Diff: 0, Sum: 0, Workers: 4
[23.342s][debug][gc,phases      ] GC(52)     Total                          Min: 0, Avg:  0.0, Max: 0, Diff: 0, Sum: 0, Workers: 4
[23.342s][debug][gc,phases      ] GC(52)   Weak JFR Old Object Samples    Min:  0.0, Avg:  0.0, Max:  0.0, Diff:  0.0, Sum:  0.0, Workers: 4
[23.342s][debug][gc,phases      ] GC(52)     Dead                           Min: 0, Avg:  0.0, Max: 0, Diff: 0, Sum: 0, Workers: 4
[23.342s][debug][gc,phases      ] GC(52)     Total                          Min: 0, Avg:  0.0, Max: 0, Diff: 0, Sum: 0, Workers: 4
[23.342s][debug][gc,phases      ] GC(52) Weak Processing 0.295ms
[23.342s][debug][gc,age         ] GC(52) Desired survivor size 293601280 bytes, new threshold 15 (max threshold 15)
[23.342s][info ][gc,heap        ] GC(52) PSYoungGen: 1592416K(1793536K)->121920K(1774592K) Eden: 1470976K(1470976K)->0K(1470976K) From: 121440K(322560K)->121920K(303616K)
[23.342s][info ][gc,heap        ] GC(52) ParOldGen: 582310K(719872K)->582398K(719872K)
[23.342s][info ][gc,metaspace   ] GC(52) Metaspace: 68547K(69184K)->68547K(69184K) NonClass: 58590K(58944K)->58590K(58944K) Class: 9957K(10240K)->9957K(10240K)
[23.342s][info ][gc             ] GC(52) Pause Young (Allocation Failure) 2123M->687M(2436M) 32.963ms
[23.342s][info ][gc,cpu         ] GC(52) User=0.14s Sys=0.00s Real=0.03s
[23.342s][info ][safepoint      ] Safepoint "ParallelGCFailedAllocation", Time since last: 22206486 ns, Reaching safepoint: 132004 ns, At safepoint: 33079021 ns, Total: 33211025 ns
[23.354s][info ][safepoint      ] Safepoint "ICBufferFull", Time since last: 12052372 ns, Reaching safepoint: 144405 ns, At safepoint: 23901 ns, Total: 168306 ns
[23.396s][info ][safepoint      ] Safepoint "ICBufferFull", Time since last: 41511781 ns, Reaching safepoint: 148905 ns, At safepoint: 36001 ns, Total: 184906 ns
[23.423s][info ][safepoint      ] Safepoint "ICBufferFull", Time since last: 26529319 ns, Reaching safepoint: 86003 ns, At safepoint: 31501 ns, Total: 117504 ns
[23.431s][info ][safepoint      ] Safepoint "ICBufferFull", Time since last: 8422960 ns, Reaching safepoint: 111603 ns, At safepoint: 25101 ns, Total: 136704 ns
[23.445s][info ][safepoint      ] Safepoint "ICBufferFull", Time since last: 13856928 ns, Reaching safepoint: 134404 ns, At safepoint: 24801 ns, Total: 159205 ns
[23.491s][info ][safepoint      ] Safepoint "ICBufferFull", Time since last: 45549506 ns, Reaching safepoint: 141005 ns, At safepoint: 25500 ns, Total: 166505 ns
[23.495s][info ][safepoint      ] Safepoint "ICBufferFull", Time since last: 3349404 ns, Reaching safepoint: 111903 ns, At safepoint: 26101 ns, Total: 138004 ns
[23.513s][info ][safepoint      ] Safepoint "ICBufferFull", Time since last: 17838651 ns, Reaching safepoint: 133204 ns, At safepoint: 24801 ns, Total: 158005 ns
[23.529s][info ][safepoint      ] Safepoint "ICBufferFull", Time since last: 16164699 ns, Reaching safepoint: 122004 ns, At safepoint: 27901 ns, Total: 149905 ns
[23.546s][info ][safepoint      ] Safepoint "ICBufferFull", Time since last: 16944023 ns, Reaching safepoint: 79202 ns, At safepoint: 26601 ns, Total: 105803 ns
[23.563s][info ][safepoint      ] Safepoint "ICBufferFull", Time since last: 16524910 ns, Reaching safepoint: 136304 ns, At safepoint: 24901 ns, Total: 161205 ns
[23.610s][info ][safepoint      ] Safepoint "ICBufferFull", Time since last: 47334662 ns, Reaching safepoint: 162605 ns, At safepoint: 28701 ns, Total: 191306 ns
[23.614s][info ][safepoint      ] Safepoint "ICBufferFull", Time since last: 3353503 ns, Reaching safepoint: 112404 ns, At safepoint: 24300 ns, Total: 136704 ns
[23.634s][info ][safepoint      ] Safepoint "ICBufferFull", Time since last: 19879914 ns, Reaching safepoint: 140905 ns, At safepoint: 28901 ns, Total: 169806 ns
[23.641s][info ][gc,start       ] GC(53) Pause Young (Allocation Failure)
[23.682s][debug][gc,phases      ] GC(53) Scavenge 41.185ms
[23.682s][debug][gc,ref         ] GC(53) Skipped phase 1 of Reference Processing: no references
[23.682s][debug][gc,ref         ] GC(53) ReferenceProcessor::execute queues: 1, RefProcThreadModel::Single, marks_oops_alive: false
[23.682s][debug][gc,ref         ] GC(53) Skipped phase 3 of Reference Processing: no references
[23.682s][debug][gc,ref         ] GC(53) ReferenceProcessor::execute queues: 1, RefProcThreadModel::Single, marks_oops_alive: false
[23.682s][debug][gc,phases      ] GC(53) Reference Processing 0.133ms
[23.682s][debug][gc,phases      ] GC(53)   VM Weak                        Min:  0.0, Avg:  0.0, Max:  0.0, Diff:  0.0, Sum:  0.0, Workers: 4
[23.682s][debug][gc,phases      ] GC(53)     Dead                           Min: 0, Avg:  0.0, Max: 0, Diff: 0, Sum: 0, Workers: 4
[23.682s][debug][gc,phases      ] GC(53)     Total                          Min: 0, Avg: 131.8, Max: 527, Diff: 527, Sum: 527, Workers: 4
[23.682s][debug][gc,phases      ] GC(53)   ObjectSynchronizer Weak        Min:  0.0, Avg:  0.0, Max:  0.0, Diff:  0.0, Sum:  0.0, Workers: 4
[23.682s][debug][gc,phases      ] GC(53)     Dead                           Min: 0, Avg:  0.0, Max: 0, Diff: 0, Sum: 0, Workers: 4
[23.682s][debug][gc,phases      ] GC(53)     Total                          Min: 0, Avg: 112.8, Max: 256, Diff: 256, Sum: 451, Workers: 4
[23.682s][debug][gc,phases      ] GC(53)   JVMTI Tag Weak OopStorage      Min:  0.0, Avg:  0.0, Max:  0.0, Diff:  0.0, Sum:  0.0, Workers: 4
[23.682s][debug][gc,phases      ] GC(53)     Dead                           Min: 0, Avg:  0.0, Max: 0, Diff: 0, Sum: 0, Workers: 4
[23.682s][debug][gc,phases      ] GC(53)     Total                          Min: 0, Avg:  0.0, Max: 0, Diff: 0, Sum: 0, Workers: 4
[23.682s][debug][gc,phases      ] GC(53)   StringTable Weak               Min:  0.1, Avg:  0.1, Max:  0.1, Diff:  0.0, Sum:  0.4, Workers: 4
[23.682s][debug][gc,phases      ] GC(53)     Dead                           Min: 0, Avg:  0.0, Max: 0, Diff: 0, Sum: 0, Workers: 4
[23.682s][debug][gc,phases      ] GC(53)     Total                          Min: 8512, Avg: 10658.5, Max: 11530, Diff: 3018, Sum: 42634, Workers: 4
[23.682s][debug][gc,phases      ] GC(53)   ResolvedMethodTable Weak       Min:  0.0, Avg:  0.0, Max:  0.0, Diff:  0.0, Sum:  0.1, Workers: 4
[23.682s][debug][gc,phases      ] GC(53)     Dead                           Min: 0, Avg:  0.0, Max: 0, Diff: 0, Sum: 0, Workers: 4
[23.682s][debug][gc,phases      ] GC(53)     Total                          Min: 1599, Avg: 1805.5, Max: 1918, Diff: 319, Sum: 7222, Workers: 4
[23.682s][debug][gc,phases      ] GC(53)   JNI Weak                       Min:  0.0, Avg:  0.0, Max:  0.0, Diff:  0.0, Sum:  0.0, Workers: 4
[23.682s][debug][gc,phases      ] GC(53)     Dead                           Min: 0, Avg:  0.0, Max: 0, Diff: 0, Sum: 0, Workers: 4
[23.682s][debug][gc,phases      ] GC(53)     Total                          Min: 0, Avg:  0.2, Max: 1, Diff: 1, Sum: 1, Workers: 4
[23.682s][debug][gc,phases      ] GC(53)   StringDedup Table Weak         Min:  0.0, Avg:  0.0, Max:  0.0, Diff:  0.0, Sum:  0.0, Workers: 4
[23.682s][debug][gc,phases      ] GC(53)     Dead                           Min: 0, Avg:  0.0, Max: 0, Diff: 0, Sum: 0, Workers: 4
[23.682s][debug][gc,phases      ] GC(53)     Total                          Min: 0, Avg:  0.0, Max: 0, Diff: 0, Sum: 0, Workers: 4
[23.682s][debug][gc,phases      ] GC(53)   StringDedup Requests0 Weak     Min:  0.0, Avg:  0.0, Max:  0.0, Diff:  0.0, Sum:  0.0, Workers: 4
[23.682s][debug][gc,phases      ] GC(53)     Dead                           Min: 0, Avg:  0.0, Max: 0, Diff: 0, Sum: 0, Workers: 4
[23.682s][debug][gc,phases      ] GC(53)     Total                          Min: 0, Avg:  0.0, Max: 0, Diff: 0, Sum: 0, Workers: 4
[23.682s][debug][gc,phases      ] GC(53)   StringDedup Requests1 Weak     Min:  0.0, Avg:  0.0, Max:  0.0, Diff:  0.0, Sum:  0.0, Workers: 4
[23.682s][debug][gc,phases      ] GC(53)     Dead                           Min: 0, Avg:  0.0, Max: 0, Diff: 0, Sum: 0, Workers: 4
[23.682s][debug][gc,phases      ] GC(53)     Total                          Min: 0, Avg:  0.0, Max: 0, Diff: 0, Sum: 0, Workers: 4
[23.682s][debug][gc,phases      ] GC(53)   Weak JFR Old Object Samples    Min:  0.0, Avg:  0.0, Max:  0.0, Diff:  0.0, Sum:  0.0, Workers: 4
[23.682s][debug][gc,phases      ] GC(53)     Dead                           Min: 0, Avg:  0.0, Max: 0, Diff: 0, Sum: 0, Workers: 4
[23.682s][debug][gc,phases      ] GC(53)     Total                          Min: 0, Avg:  0.0, Max: 0, Diff: 0, Sum: 0, Workers: 4
[23.682s][debug][gc,phases      ] GC(53) Weak Processing 0.321ms
[23.682s][debug][gc,age         ] GC(53) Desired survivor size 283115520 bytes, new threshold 15 (max threshold 15)
[23.683s][info ][gc,heap        ] GC(53) PSYoungGen: 1592896K(1774592K)->136416K(1820672K) Eden: 1470976K(1470976K)->0K(1533952K) From: 121920K(303616K)->136416K(286720K)
[23.683s][info ][gc,heap        ] GC(53) ParOldGen: 582398K(719872K)->582430K(719872K)
[23.683s][info ][gc,metaspace   ] GC(53) Metaspace: 68554K(69248K)->68554K(69248K) NonClass: 58597K(59008K)->58597K(59008K) Class: 9957K(10240K)->9957K(10240K)
[23.683s][info ][gc             ] GC(53) Pause Young (Allocation Failure) 2124M->701M(2481M) 41.779ms
[23.683s][info ][gc,cpu         ] GC(53) User=0.17s Sys=0.00s Real=0.05s
[23.683s][info ][safepoint      ] Safepoint "ParallelGCFailedAllocation", Time since last: 6877612 ns, Reaching safepoint: 114203 ns, At safepoint: 41888994 ns, Total: 42003197 ns
[23.906s][info ][safepoint      ] Safepoint "ICBufferFull", Time since last: 223082088 ns, Reaching safepoint: 166705 ns, At safepoint: 27601 ns, Total: 194306 ns
[23.923s][info ][safepoint      ] Safepoint "ICBufferFull", Time since last: 16983624 ns, Reaching safepoint: 119703 ns, At safepoint: 24501 ns, Total: 144204 ns
[23.927s][info ][safepoint      ] Safepoint "ICBufferFull", Time since last: 3564310 ns, Reaching safepoint: 117804 ns, At safepoint: 29701 ns, Total: 147505 ns
[23.957s][info ][safepoint      ] Safepoint "ICBufferFull", Time since last: 29704916 ns, Reaching safepoint: 118704 ns, At safepoint: 27201 ns, Total: 145905 ns
[23.966s][info ][gc,start       ] GC(54) Pause Young (Allocation Failure)
[24.029s][debug][gc,phases      ] GC(54) Scavenge 63.089ms
[24.029s][debug][gc,ref         ] GC(54) Skipped phase 1 of Reference Processing: no references
[24.029s][debug][gc,ref         ] GC(54) ReferenceProcessor::execute queues: 1, RefProcThreadModel::Single, marks_oops_alive: false
[24.029s][debug][gc,ref         ] GC(54) Skipped phase 3 of Reference Processing: no references
[24.029s][debug][gc,ref         ] GC(54) ReferenceProcessor::execute queues: 1, RefProcThreadModel::Single, marks_oops_alive: false
[24.029s][debug][gc,phases      ] GC(54) Reference Processing 0.135ms
[24.029s][debug][gc,phases      ] GC(54)   VM Weak                        Min:  0.0, Avg:  0.0, Max:  0.0, Diff:  0.0, Sum:  0.0, Workers: 4
[24.029s][debug][gc,phases      ] GC(54)     Dead                           Min: 0, Avg:  0.0, Max: 0, Diff: 0, Sum: 0, Workers: 4
[24.029s][debug][gc,phases      ] GC(54)     Total                          Min: 0, Avg: 131.8, Max: 335, Diff: 335, Sum: 527, Workers: 4
[24.029s][debug][gc,phases      ] GC(54)   ObjectSynchronizer Weak        Min:  0.0, Avg:  0.0, Max:  0.0, Diff:  0.0, Sum:  0.0, Workers: 4
[24.029s][debug][gc,phases      ] GC(54)     Dead                           Min: 0, Avg:  0.0, Max: 0, Diff: 0, Sum: 0, Workers: 4
[24.029s][debug][gc,phases      ] GC(54)     Total                          Min: 0, Avg: 112.8, Max: 256, Diff: 256, Sum: 451, Workers: 4
[24.029s][debug][gc,phases      ] GC(54)   JVMTI Tag Weak OopStorage      Min:  0.0, Avg:  0.0, Max:  0.0, Diff:  0.0, Sum:  0.0, Workers: 4
[24.029s][debug][gc,phases      ] GC(54)     Dead                           Min: 0, Avg:  0.0, Max: 0, Diff: 0, Sum: 0, Workers: 4
[24.029s][debug][gc,phases      ] GC(54)     Total                          Min: 0, Avg:  0.0, Max: 0, Diff: 0, Sum: 0, Workers: 4
[24.029s][debug][gc,phases      ] GC(54)   StringTable Weak               Min:  0.1, Avg:  0.1, Max:  0.1, Diff:  0.0, Sum:  0.4, Workers: 4
[24.029s][debug][gc,phases      ] GC(54)     Dead                           Min: 0, Avg:  2.8, Max: 11, Diff: 11, Sum: 11, Workers: 4
[24.029s][debug][gc,phases      ] GC(54)     Total                          Min: 9497, Avg: 10659.5, Max: 11840, Diff: 2343, Sum: 42638, Workers: 4
[24.029s][debug][gc,phases      ] GC(54)   ResolvedMethodTable Weak       Min:  0.0, Avg:  0.0, Max:  0.0, Diff:  0.0, Sum:  0.1, Workers: 4
[24.029s][debug][gc,phases      ] GC(54)     Dead                           Min: 0, Avg:  0.0, Max: 0, Diff: 0, Sum: 0, Workers: 4
[24.029s][debug][gc,phases      ] GC(54)     Total                          Min: 1535, Avg: 1805.5, Max: 2110, Diff: 575, Sum: 7222, Workers: 4
[24.029s][debug][gc,phases      ] GC(54)   JNI Weak                       Min:  0.0, Avg:  0.0, Max:  0.0, Diff:  0.0, Sum:  0.0, Workers: 4
[24.029s][debug][gc,phases      ] GC(54)     Dead                           Min: 0, Avg:  0.0, Max: 0, Diff: 0, Sum: 0, Workers: 4
[24.029s][debug][gc,phases      ] GC(54)     Total                          Min: 0, Avg:  1.8, Max: 7, Diff: 7, Sum: 7, Workers: 4
[24.029s][debug][gc,phases      ] GC(54)   StringDedup Table Weak         Min:  0.0, Avg:  0.0, Max:  0.0, Diff:  0.0, Sum:  0.0, Workers: 4
[24.029s][debug][gc,phases      ] GC(54)     Dead                           Min: 0, Avg:  0.0, Max: 0, Diff: 0, Sum: 0, Workers: 4
[24.029s][debug][gc,phases      ] GC(54)     Total                          Min: 0, Avg:  0.0, Max: 0, Diff: 0, Sum: 0, Workers: 4
[24.029s][debug][gc,phases      ] GC(54)   StringDedup Requests0 Weak     Min:  0.0, Avg:  0.0, Max:  0.0, Diff:  0.0, Sum:  0.0, Workers: 4
[24.029s][debug][gc,phases      ] GC(54)     Dead                           Min: 0, Avg:  0.0, Max: 0, Diff: 0, Sum: 0, Workers: 4
[24.029s][debug][gc,phases      ] GC(54)     Total                          Min: 0, Avg:  0.0, Max: 0, Diff: 0, Sum: 0, Workers: 4
[24.029s][debug][gc,phases      ] GC(54)   StringDedup Requests1 Weak     Min:  0.0, Avg:  0.0, Max:  0.0, Diff:  0.0, Sum:  0.0, Workers: 4
[24.029s][debug][gc,phases      ] GC(54)     Dead                           Min: 0, Avg:  0.0, Max: 0, Diff: 0, Sum: 0, Workers: 4
[24.029s][debug][gc,phases      ] GC(54)     Total                          Min: 0, Avg:  0.0, Max: 0, Diff: 0, Sum: 0, Workers: 4
[24.029s][debug][gc,phases      ] GC(54)   Weak JFR Old Object Samples    Min:  0.0, Avg:  0.0, Max:  0.0, Diff:  0.0, Sum:  0.0, Workers: 4
[24.029s][debug][gc,phases      ] GC(54)     Dead                           Min: 0, Avg:  0.0, Max: 0, Diff: 0, Sum: 0, Workers: 4
[24.029s][debug][gc,phases      ] GC(54)     Total                          Min: 0, Avg:  0.0, Max: 0, Diff: 0, Sum: 0, Workers: 4
[24.029s][debug][gc,phases      ] GC(54) Weak Processing 0.321ms
[24.029s][debug][gc,age         ] GC(54) Desired survivor size 289406976 bytes, new threshold 15 (max threshold 15)
[24.029s][info ][gc,heap        ] GC(54) PSYoungGen: 1670368K(1820672K)->178496K(1810432K) Eden: 1533952K(1533952K)->0K(1533952K) From: 136416K(286720K)->178496K(276480K)
[24.029s][info ][gc,heap        ] GC(54) ParOldGen: 582430K(719872K)->583150K(719872K)
[24.029s][info ][gc,metaspace   ] GC(54) Metaspace: 68568K(69248K)->68568K(69248K) NonClass: 58611K(59008K)->58611K(59008K) Class: 9957K(10240K)->9957K(10240K)
[24.029s][info ][gc             ] GC(54) Pause Young (Allocation Failure) 2199M->743M(2471M) 63.681ms
[24.029s][info ][gc,cpu         ] GC(54) User=0.26s Sys=0.00s Real=0.06s
[24.030s][info ][safepoint      ] Safepoint "ParallelGCFailedAllocation", Time since last: 9074879 ns, Reaching safepoint: 101804 ns, At safepoint: 63799968 ns, Total: 63901772 ns
[24.044s][info ][safepoint      ] Safepoint "ICBufferFull", Time since last: 14706854 ns, Reaching safepoint: 97503 ns, At safepoint: 28301 ns, Total: 125804 ns
[24.073s][info ][safepoint      ] Safepoint "ICBufferFull", Time since last: 28265772 ns, Reaching safepoint: 138304 ns, At safepoint: 27101 ns, Total: 165405 ns
[24.076s][info ][safepoint      ] Safepoint "ICBufferFull", Time since last: 3315202 ns, Reaching safepoint: 102503 ns, At safepoint: 28801 ns, Total: 131304 ns
[24.093s][info ][safepoint      ] Safepoint "ICBufferFull", Time since last: 17026725 ns, Reaching safepoint: 134805 ns, At safepoint: 32801 ns, Total: 167606 ns
[24.119s][info ][safepoint      ] Safepoint "ICBufferFull", Time since last: 25641791 ns, Reaching safepoint: 122303 ns, At safepoint: 34001 ns, Total: 156304 ns
[24.129s][info ][safepoint      ] Safepoint "ICBufferFull", Time since last: 9784402 ns, Reaching safepoint: 123104 ns, At safepoint: 23301 ns, Total: 146405 ns
[24.136s][info ][safepoint      ] Safepoint "ICBufferFull", Time since last: 7160221 ns, Reaching safepoint: 114103 ns, At safepoint: 25401 ns, Total: 139504 ns
[24.150s][info ][safepoint      ] Safepoint "ICBufferFull", Time since last: 13277710 ns, Reaching safepoint: 134604 ns, At safepoint: 22101 ns, Total: 156705 ns
[24.183s][info ][safepoint      ] Safepoint "ICBufferFull", Time since last: 33374629 ns, Reaching safepoint: 122804 ns, At safepoint: 28601 ns, Total: 151405 ns
[24.188s][info ][safepoint      ] Safepoint "ICBufferFull", Time since last: 4137827 ns, Reaching safepoint: 123904 ns, At safepoint: 29601 ns, Total: 153505 ns
[24.209s][info ][safepoint      ] Safepoint "ICBufferFull", Time since last: 21250056 ns, Reaching safepoint: 122004 ns, At safepoint: 27500 ns, Total: 149504 ns
[24.256s][info ][safepoint      ] Safepoint "ICBufferFull", Time since last: 46783544 ns, Reaching safepoint: 158605 ns, At safepoint: 41801 ns, Total: 200406 ns
[24.269s][info ][safepoint      ] Safepoint "ICBufferFull", Time since last: 12702092 ns, Reaching safepoint: 117803 ns, At safepoint: 28201 ns, Total: 146004 ns
[24.277s][info ][safepoint      ] Safepoint "ICBufferFull", Time since last: 7469331 ns, Reaching safepoint: 124504 ns, At safepoint: 27100 ns, Total: 151604 ns
[24.291s][info ][gc,start       ] GC(55) Pause Young (Allocation Failure)
[24.354s][debug][gc,phases      ] GC(55) Scavenge 63.592ms
[24.354s][debug][gc,ref         ] GC(55) Skipped phase 1 of Reference Processing: no references
[24.354s][debug][gc,ref         ] GC(55) ReferenceProcessor::execute queues: 1, RefProcThreadModel::Single, marks_oops_alive: false
[24.354s][debug][gc,ref         ] GC(55) Skipped phase 3 of Reference Processing: no references
[24.354s][debug][gc,ref         ] GC(55) ReferenceProcessor::execute queues: 1, RefProcThreadModel::Single, marks_oops_alive: false
[24.354s][debug][gc,phases      ] GC(55) Reference Processing 0.137ms
[24.355s][debug][gc,phases      ] GC(55)   VM Weak                        Min:  0.0, Avg:  0.0, Max:  0.0, Diff:  0.0, Sum:  0.0, Workers: 4
[24.355s][debug][gc,phases      ] GC(55)     Dead                           Min: 0, Avg:  0.0, Max: 0, Diff: 0, Sum: 0, Workers: 4
[24.355s][debug][gc,phases      ] GC(55)     Total                          Min: 0, Avg: 131.8, Max: 320, Diff: 320, Sum: 527, Workers: 4
[24.355s][debug][gc,phases      ] GC(55)   ObjectSynchronizer Weak        Min:  0.0, Avg:  0.0, Max:  0.0, Diff:  0.0, Sum:  0.0, Workers: 4
[24.355s][debug][gc,phases      ] GC(55)     Dead                           Min: 0, Avg:  0.0, Max: 0, Diff: 0, Sum: 0, Workers: 4
[24.355s][debug][gc,phases      ] GC(55)     Total                          Min: 0, Avg: 112.8, Max: 256, Diff: 256, Sum: 451, Workers: 4
[24.355s][debug][gc,phases      ] GC(55)   JVMTI Tag Weak OopStorage      Min:  0.0, Avg:  0.0, Max:  0.0, Diff:  0.0, Sum:  0.0, Workers: 4
[24.355s][debug][gc,phases      ] GC(55)     Dead                           Min: 0, Avg:  0.0, Max: 0, Diff: 0, Sum: 0, Workers: 4
[24.355s][debug][gc,phases      ] GC(55)     Total                          Min: 0, Avg:  0.0, Max: 0, Diff: 0, Sum: 0, Workers: 4
[24.355s][debug][gc,phases      ] GC(55)   StringTable Weak               Min:  0.1, Avg:  0.1, Max:  0.1, Diff:  0.0, Sum:  0.4, Workers: 4
[24.355s][debug][gc,phases      ] GC(55)     Dead                           Min: 0, Avg:  2.8, Max: 11, Diff: 11, Sum: 11, Workers: 4
[24.355s][debug][gc,phases      ] GC(55)     Total                          Min: 10048, Avg: 10662.8, Max: 11291, Diff: 1243, Sum: 42651, Workers: 4
[24.355s][debug][gc,phases      ] GC(55)   ResolvedMethodTable Weak       Min:  0.0, Avg:  0.0, Max:  0.0, Diff:  0.0, Sum:  0.1, Workers: 4
[24.355s][debug][gc,phases      ] GC(55)     Dead                           Min: 0, Avg:  0.0, Max: 0, Diff: 0, Sum: 0, Workers: 4
[24.355s][debug][gc,phases      ] GC(55)     Total                          Min: 1663, Avg: 1805.5, Max: 1982, Diff: 319, Sum: 7222, Workers: 4
[24.355s][debug][gc,phases      ] GC(55)   JNI Weak                       Min:  0.0, Avg:  0.0, Max:  0.0, Diff:  0.0, Sum:  0.0, Workers: 4
[24.355s][debug][gc,phases      ] GC(55)     Dead                           Min: 0, Avg:  0.0, Max: 0, Diff: 0, Sum: 0, Workers: 4
[24.355s][debug][gc,phases      ] GC(55)     Total                          Min: 0, Avg:  0.0, Max: 0, Diff: 0, Sum: 0, Workers: 4
[24.355s][debug][gc,phases      ] GC(55)   StringDedup Table Weak         Min:  0.0, Avg:  0.0, Max:  0.0, Diff:  0.0, Sum:  0.0, Workers: 4
[24.355s][debug][gc,phases      ] GC(55)     Dead                           Min: 0, Avg:  0.0, Max: 0, Diff: 0, Sum: 0, Workers: 4
[24.355s][debug][gc,phases      ] GC(55)     Total                          Min: 0, Avg:  0.0, Max: 0, Diff: 0, Sum: 0, Workers: 4
[24.355s][debug][gc,phases      ] GC(55)   StringDedup Requests0 Weak     Min:  0.0, Avg:  0.0, Max:  0.0, Diff:  0.0, Sum:  0.0, Workers: 4
[24.355s][debug][gc,phases      ] GC(55)     Dead                           Min: 0, Avg:  0.0, Max: 0, Diff: 0, Sum: 0, Workers: 4
[24.355s][debug][gc,phases      ] GC(55)     Total                          Min: 0, Avg:  0.0, Max: 0, Diff: 0, Sum: 0, Workers: 4
[24.355s][debug][gc,phases      ] GC(55)   StringDedup Requests1 Weak     Min:  0.0, Avg:  0.0, Max:  0.0, Diff:  0.0, Sum:  0.0, Workers: 4
[24.355s][debug][gc,phases      ] GC(55)     Dead                           Min: 0, Avg:  0.0, Max: 0, Diff: 0, Sum: 0, Workers: 4
[24.355s][debug][gc,phases      ] GC(55)     Total                          Min: 0, Avg:  0.0, Max: 0, Diff: 0, Sum: 0, Workers: 4
[24.355s][debug][gc,phases      ] GC(55)   Weak JFR Old Object Samples    Min:  0.0, Avg:  0.0, Max:  0.0, Diff:  0.0, Sum:  0.0, Workers: 4
[24.355s][debug][gc,phases      ] GC(55)     Dead                           Min: 0, Avg:  0.0, Max: 0, Diff: 0, Sum: 0, Workers: 4
[24.355s][debug][gc,phases      ] GC(55)     Total                          Min: 0, Avg:  0.0, Max: 0, Diff: 0, Sum: 0, Workers: 4
[24.355s][debug][gc,phases      ] GC(55) Weak Processing 0.318ms
[24.355s][debug][gc,age         ] GC(55) Desired survivor size 293601280 bytes, new threshold 15 (max threshold 15)
[24.355s][info ][gc,heap        ] GC(55) PSYoungGen: 1712448K(1810432K)->178747K(1806336K) Eden: 1533952K(1533952K)->0K(1523712K) From: 178496K(276480K)->178747K(282624K)
[24.355s][info ][gc,heap        ] GC(55) ParOldGen: 583150K(719872K)->583542K(719872K)
[24.355s][info ][gc,metaspace   ] GC(55) Metaspace: 68580K(69248K)->68580K(69248K) NonClass: 58623K(59008K)->58623K(59008K) Class: 9957K(10240K)->9957K(10240K)
[24.355s][info ][gc             ] GC(55) Pause Young (Allocation Failure) 2241M->744M(2467M) 64.207ms
[24.355s][info ][gc,cpu         ] GC(55) User=0.25s Sys=0.00s Real=0.06s
[24.355s][info ][safepoint      ] Safepoint "ParallelGCFailedAllocation", Time since last: 13895729 ns, Reaching safepoint: 138504 ns, At safepoint: 64319885 ns, Total: 64458389 ns
[24.367s][info ][safepoint      ] Safepoint "ICBufferFull", Time since last: 11603158 ns, Reaching safepoint: 118803 ns, At safepoint: 34702 ns, Total: 153505 ns
[24.394s][info ][safepoint      ] Safepoint "ICBufferFull", Time since last: 27326243 ns, Reaching safepoint: 136104 ns, At safepoint: 27101 ns, Total: 163205 ns
[24.424s][info ][safepoint      ] Safepoint "ICBufferFull", Time since last: 29351405 ns, Reaching safepoint: 134904 ns, At safepoint: 29401 ns, Total: 164305 ns
[24.430s][info ][safepoint      ] Safepoint "ICBufferFull", Time since last: 6554002 ns, Reaching safepoint: 108904 ns, At safepoint: 22100 ns, Total: 131004 ns
[24.644s][info ][gc,start       ] GC(56) Pause Young (Allocation Failure)
[24.696s][debug][gc,phases      ] GC(56) Scavenge 52.061ms
[24.696s][debug][gc,ref         ] GC(56) Skipped phase 1 of Reference Processing: no references
[24.696s][debug][gc,ref         ] GC(56) ReferenceProcessor::execute queues: 1, RefProcThreadModel::Single, marks_oops_alive: false
[24.696s][debug][gc,ref         ] GC(56) Skipped phase 3 of Reference Processing: no references
[24.696s][debug][gc,ref         ] GC(56) ReferenceProcessor::execute queues: 1, RefProcThreadModel::Single, marks_oops_alive: false
[24.696s][debug][gc,phases      ] GC(56) Reference Processing 0.130ms
[24.696s][debug][gc,phases      ] GC(56)   VM Weak                        Min:  0.0, Avg:  0.0, Max:  0.0, Diff:  0.0, Sum:  0.0, Workers: 4
[24.696s][debug][gc,phases      ] GC(56)     Dead                           Min: 0, Avg:  0.0, Max: 0, Diff: 0, Sum: 0, Workers: 4
[24.696s][debug][gc,phases      ] GC(56)     Total                          Min: 0, Avg: 131.8, Max: 384, Diff: 384, Sum: 527, Workers: 4
[24.696s][debug][gc,phases      ] GC(56)   ObjectSynchronizer Weak        Min:  0.0, Avg:  0.0, Max:  0.0, Diff:  0.0, Sum:  0.0, Workers: 4
[24.696s][debug][gc,phases      ] GC(56)     Dead                           Min: 0, Avg:  0.0, Max: 0, Diff: 0, Sum: 0, Workers: 4
[24.696s][debug][gc,phases      ] GC(56)     Total                          Min: 0, Avg: 112.8, Max: 256, Diff: 256, Sum: 451, Workers: 4
[24.696s][debug][gc,phases      ] GC(56)   JVMTI Tag Weak OopStorage      Min:  0.0, Avg:  0.0, Max:  0.0, Diff:  0.0, Sum:  0.0, Workers: 4
[24.696s][debug][gc,phases      ] GC(56)     Dead                           Min: 0, Avg:  0.0, Max: 0, Diff: 0, Sum: 0, Workers: 4
[24.696s][debug][gc,phases      ] GC(56)     Total                          Min: 0, Avg:  0.0, Max: 0, Diff: 0, Sum: 0, Workers: 4
[24.696s][debug][gc,phases      ] GC(56)   StringTable Weak               Min:  0.1, Avg:  0.1, Max:  0.1, Diff:  0.0, Sum:  0.4, Workers: 4
[24.696s][debug][gc,phases      ] GC(56)     Dead                           Min: 0, Avg:  0.0, Max: 0, Diff: 0, Sum: 0, Workers: 4
[24.696s][debug][gc,phases      ] GC(56)     Total                          Min: 9376, Avg: 10664.0, Max: 11648, Diff: 2272, Sum: 42656, Workers: 4
[24.696s][debug][gc,phases      ] GC(56)   ResolvedMethodTable Weak       Min:  0.0, Avg:  0.0, Max:  0.0, Diff:  0.0, Sum:  0.1, Workers: 4
[24.696s][debug][gc,phases      ] GC(56)     Dead                           Min: 0, Avg:  0.0, Max: 0, Diff: 0, Sum: 0, Workers: 4
[24.696s][debug][gc,phases      ] GC(56)     Total                          Min: 1721, Avg: 1805.5, Max: 1918, Diff: 197, Sum: 7222, Workers: 4
[24.696s][debug][gc,phases      ] GC(56)   JNI Weak                       Min:  0.0, Avg:  0.0, Max:  0.0, Diff:  0.0, Sum:  0.0, Workers: 4
[24.696s][debug][gc,phases      ] GC(56)     Dead                           Min: 0, Avg:  0.0, Max: 0, Diff: 0, Sum: 0, Workers: 4
[24.696s][debug][gc,phases      ] GC(56)     Total                          Min: 0, Avg:  0.2, Max: 1, Diff: 1, Sum: 1, Workers: 4
[24.696s][debug][gc,phases      ] GC(56)   StringDedup Table Weak         Min:  0.0, Avg:  0.0, Max:  0.0, Diff:  0.0, Sum:  0.0, Workers: 4
[24.696s][debug][gc,phases      ] GC(56)     Dead                           Min: 0, Avg:  0.0, Max: 0, Diff: 0, Sum: 0, Workers: 4
[24.696s][debug][gc,phases      ] GC(56)     Total                          Min: 0, Avg:  0.0, Max: 0, Diff: 0, Sum: 0, Workers: 4
[24.696s][debug][gc,phases      ] GC(56)   StringDedup Requests0 Weak     Min:  0.0, Avg:  0.0, Max:  0.0, Diff:  0.0, Sum:  0.0, Workers: 4
[24.696s][debug][gc,phases      ] GC(56)     Dead                           Min: 0, Avg:  0.0, Max: 0, Diff: 0, Sum: 0, Workers: 4
[24.696s][debug][gc,phases      ] GC(56)     Total                          Min: 0, Avg:  0.0, Max: 0, Diff: 0, Sum: 0, Workers: 4
[24.696s][debug][gc,phases      ] GC(56)   StringDedup Requests1 Weak     Min:  0.0, Avg:  0.0, Max:  0.0, Diff:  0.0, Sum:  0.0, Workers: 4
[24.696s][debug][gc,phases      ] GC(56)     Dead                           Min: 0, Avg:  0.0, Max: 0, Diff: 0, Sum: 0, Workers: 4
[24.696s][debug][gc,phases      ] GC(56)     Total                          Min: 0, Avg:  0.0, Max: 0, Diff: 0, Sum: 0, Workers: 4
[24.696s][debug][gc,phases      ] GC(56)   Weak JFR Old Object Samples    Min:  0.0, Avg:  0.0, Max:  0.0, Diff:  0.0, Sum:  0.0, Workers: 4
[24.696s][debug][gc,phases      ] GC(56)     Dead                           Min: 0, Avg:  0.0, Max: 0, Diff: 0, Sum: 0, Workers: 4
[24.696s][debug][gc,phases      ] GC(56)     Total                          Min: 0, Avg:  0.0, Max: 0, Diff: 0, Sum: 0, Workers: 4
[24.696s][debug][gc,phases      ] GC(56) Weak Processing 0.324ms
[24.696s][debug][gc,age         ] GC(56) Desired survivor size 296747008 bytes, new threshold 15 (max threshold 15)
[24.696s][info ][gc,heap        ] GC(56) PSYoungGen: 1702459K(1806336K)->181440K(1705472K) Eden: 1523712K(1523712K)->0K(1523712K) From: 178747K(282624K)->181440K(181760K)
[24.696s][info ][gc,heap        ] GC(56) ParOldGen: 583542K(719872K)->583550K(719872K)
[24.696s][info ][gc,metaspace   ] GC(56) Metaspace: 68588K(69248K)->68588K(69248K) NonClass: 58631K(59008K)->58631K(59008K) Class: 9957K(10240K)->9957K(10240K)
[24.696s][info ][gc             ] GC(56) Pause Young (Allocation Failure) 2232M->747M(2368M) 52.667ms
[24.696s][info ][gc,cpu         ] GC(56) User=0.21s Sys=0.00s Real=0.05s
[24.696s][info ][safepoint      ] Safepoint "ParallelGCFailedAllocation", Time since last: 213059474 ns, Reaching safepoint: 182305 ns, At safepoint: 52777829 ns, Total: 52960134 ns
[24.941s][info ][gc,start       ] GC(57) Pause Young (Allocation Failure)
[25.002s][debug][gc,phases      ] GC(57) Scavenge 61.647ms
[25.003s][debug][gc,ref         ] GC(57) Skipped phase 1 of Reference Processing: no references
[25.003s][debug][gc,ref         ] GC(57) ReferenceProcessor::execute queues: 1, RefProcThreadModel::Single, marks_oops_alive: false
[25.003s][debug][gc,ref         ] GC(57) Skipped phase 3 of Reference Processing: no references
[25.003s][debug][gc,ref         ] GC(57) ReferenceProcessor::execute queues: 1, RefProcThreadModel::Single, marks_oops_alive: false
[25.003s][debug][gc,phases      ] GC(57) Reference Processing 0.131ms
[25.003s][debug][gc,phases      ] GC(57)   VM Weak                        Min:  0.0, Avg:  0.0, Max:  0.0, Diff:  0.0, Sum:  0.0, Workers: 4
[25.003s][debug][gc,phases      ] GC(57)     Dead                           Min: 0, Avg:  0.0, Max: 0, Diff: 0, Sum: 0, Workers: 4
[25.003s][debug][gc,phases      ] GC(57)     Total                          Min: 0, Avg: 131.8, Max: 399, Diff: 399, Sum: 527, Workers: 4
[25.003s][debug][gc,phases      ] GC(57)   ObjectSynchronizer Weak        Min:  0.0, Avg:  0.0, Max:  0.0, Diff:  0.0, Sum:  0.0, Workers: 4
[25.003s][debug][gc,phases      ] GC(57)     Dead                           Min: 0, Avg:  0.0, Max: 0, Diff: 0, Sum: 0, Workers: 4
[25.003s][debug][gc,phases      ] GC(57)     Total                          Min: 0, Avg: 112.8, Max: 256, Diff: 256, Sum: 451, Workers: 4
[25.003s][debug][gc,phases      ] GC(57)   JVMTI Tag Weak OopStorage      Min:  0.0, Avg:  0.0, Max:  0.0, Diff:  0.0, Sum:  0.0, Workers: 4
[25.003s][debug][gc,phases      ] GC(57)     Dead                           Min: 0, Avg:  0.0, Max: 0, Diff: 0, Sum: 0, Workers: 4
[25.003s][debug][gc,phases      ] GC(57)     Total                          Min: 0, Avg:  0.0, Max: 0, Diff: 0, Sum: 0, Workers: 4
[25.003s][debug][gc,phases      ] GC(57)   StringTable Weak               Min:  0.1, Avg:  0.1, Max:  0.1, Diff:  0.0, Sum:  0.4, Workers: 4
[25.003s][debug][gc,phases      ] GC(57)     Dead                           Min: 0, Avg:  2.8, Max: 11, Diff: 11, Sum: 11, Workers: 4
[25.003s][debug][gc,phases      ] GC(57)     Total                          Min: 9461, Avg: 10664.0, Max: 11328, Diff: 1867, Sum: 42656, Workers: 4
[25.003s][debug][gc,phases      ] GC(57)   ResolvedMethodTable Weak       Min:  0.0, Avg:  0.0, Max:  0.0, Diff:  0.0, Sum:  0.1, Workers: 4
[25.003s][debug][gc,phases      ] GC(57)     Dead                           Min: 0, Avg:  0.0, Max: 0, Diff: 0, Sum: 0, Workers: 4
[25.003s][debug][gc,phases      ] GC(57)     Total                          Min: 1727, Avg: 1805.5, Max: 1918, Diff: 191, Sum: 7222, Workers: 4
[25.003s][debug][gc,phases      ] GC(57)   JNI Weak                       Min:  0.0, Avg:  0.0, Max:  0.0, Diff:  0.0, Sum:  0.0, Workers: 4
[25.003s][debug][gc,phases      ] GC(57)     Dead                           Min: 0, Avg:  0.0, Max: 0, Diff: 0, Sum: 0, Workers: 4
[25.003s][debug][gc,phases      ] GC(57)     Total                          Min: 0, Avg:  0.0, Max: 0, Diff: 0, Sum: 0, Workers: 4
[25.003s][debug][gc,phases      ] GC(57)   StringDedup Table Weak         Min:  0.0, Avg:  0.0, Max:  0.0, Diff:  0.0, Sum:  0.0, Workers: 4
[25.003s][debug][gc,phases      ] GC(57)     Dead                           Min: 0, Avg:  0.0, Max: 0, Diff: 0, Sum: 0, Workers: 4
[25.003s][debug][gc,phases      ] GC(57)     Total                          Min: 0, Avg:  0.0, Max: 0, Diff: 0, Sum: 0, Workers: 4
[25.003s][debug][gc,phases      ] GC(57)   StringDedup Requests0 Weak     Min:  0.0, Avg:  0.0, Max:  0.0, Diff:  0.0, Sum:  0.0, Workers: 4
[25.003s][debug][gc,phases      ] GC(57)     Dead                           Min: 0, Avg:  0.0, Max: 0, Diff: 0, Sum: 0, Workers: 4
[25.003s][debug][gc,phases      ] GC(57)     Total                          Min: 0, Avg:  0.0, Max: 0, Diff: 0, Sum: 0, Workers: 4
[25.003s][debug][gc,phases      ] GC(57)   StringDedup Requests1 Weak     Min:  0.0, Avg:  0.0, Max:  0.0, Diff:  0.0, Sum:  0.0, Workers: 4
[25.003s][debug][gc,phases      ] GC(57)     Dead                           Min: 0, Avg:  0.0, Max: 0, Diff: 0, Sum: 0, Workers: 4
[25.003s][debug][gc,phases      ] GC(57)     Total                          Min: 0, Avg:  0.0, Max: 0, Diff: 0, Sum: 0, Workers: 4
[25.003s][debug][gc,phases      ] GC(57)   Weak JFR Old Object Samples    Min:  0.0, Avg:  0.0, Max:  0.0, Diff:  0.0, Sum:  0.0, Workers: 4
[25.003s][debug][gc,phases      ] GC(57)     Dead                           Min: 0, Avg:  0.0, Max: 0, Diff: 0, Sum: 0, Workers: 4
[25.003s][debug][gc,phases      ] GC(57)     Total                          Min: 0, Avg:  0.0, Max: 0, Diff: 0, Sum: 0, Workers: 4
[25.003s][debug][gc,phases      ] GC(57) Weak Processing 0.324ms
[25.003s][debug][gc,age         ] GC(57) Desired survivor size 298319872 bytes, new threshold 15 (max threshold 15)
[25.003s][info ][gc,heap        ] GC(57) PSYoungGen: 1705152K(1705472K)->181568K(1804288K) Eden: 1523712K(1523712K)->0K(1514496K) From: 181440K(181760K)->181568K(289792K)
[25.003s][info ][gc,heap        ] GC(57) ParOldGen: 583550K(719872K)->583814K(719872K)
[25.003s][info ][gc,metaspace   ] GC(57) Metaspace: 68597K(69248K)->68597K(69248K) NonClass: 58640K(59008K)->58640K(59008K) Class: 9957K(10240K)->9957K(10240K)
[25.003s][info ][gc             ] GC(57) Pause Young (Allocation Failure) 2235M->747M(2465M) 62.241ms
[25.003s][info ][gc,cpu         ] GC(57) User=0.24s Sys=0.00s Real=0.07s
[25.003s][info ][safepoint      ] Safepoint "ParallelGCFailedAllocation", Time since last: 243962725 ns, Reaching safepoint: 378312 ns, At safepoint: 62346322 ns, Total: 62724634 ns
[25.258s][info ][gc,start       ] GC(58) Pause Young (Allocation Failure)
[25.323s][debug][gc,phases      ] GC(58) Scavenge 64.383ms
[25.323s][debug][gc,ref         ] GC(58) Skipped phase 1 of Reference Processing: no references
[25.323s][debug][gc,ref         ] GC(58) ReferenceProcessor::execute queues: 1, RefProcThreadModel::Single, marks_oops_alive: false
[25.323s][debug][gc,ref         ] GC(58) Skipped phase 3 of Reference Processing: no references
[25.323s][debug][gc,ref         ] GC(58) ReferenceProcessor::execute queues: 1, RefProcThreadModel::Single, marks_oops_alive: false
[25.323s][debug][gc,phases      ] GC(58) Reference Processing 0.146ms
[25.323s][debug][gc,phases      ] GC(58)   VM Weak                        Min:  0.0, Avg:  0.0, Max:  0.0, Diff:  0.0, Sum:  0.0, Workers: 4
[25.323s][debug][gc,phases      ] GC(58)     Dead                           Min: 0, Avg:  0.0, Max: 0, Diff: 0, Sum: 0, Workers: 4
[25.323s][debug][gc,phases      ] GC(58)     Total                          Min: 0, Avg: 131.8, Max: 335, Diff: 335, Sum: 527, Workers: 4
[25.323s][debug][gc,phases      ] GC(58)   ObjectSynchronizer Weak        Min:  0.0, Avg:  0.0, Max:  0.0, Diff:  0.0, Sum:  0.0, Workers: 4
[25.323s][debug][gc,phases      ] GC(58)     Dead                           Min: 0, Avg:  0.0, Max: 0, Diff: 0, Sum: 0, Workers: 4
[25.323s][debug][gc,phases      ] GC(58)     Total                          Min: 0, Avg: 112.8, Max: 195, Diff: 195, Sum: 451, Workers: 4
[25.323s][debug][gc,phases      ] GC(58)   JVMTI Tag Weak OopStorage      Min:  0.0, Avg:  0.0, Max:  0.0, Diff:  0.0, Sum:  0.0, Workers: 4
[25.323s][debug][gc,phases      ] GC(58)     Dead                           Min: 0, Avg:  0.0, Max: 0, Diff: 0, Sum: 0, Workers: 4
[25.323s][debug][gc,phases      ] GC(58)     Total                          Min: 0, Avg:  0.0, Max: 0, Diff: 0, Sum: 0, Workers: 4
[25.323s][debug][gc,phases      ] GC(58)   StringTable Weak               Min:  0.1, Avg:  0.1, Max:  0.1, Diff:  0.0, Sum:  0.4, Workers: 4
[25.323s][debug][gc,phases      ] GC(58)     Dead                           Min: 0, Avg:  2.8, Max: 9, Diff: 9, Sum: 11, Workers: 4
[25.323s][debug][gc,phases      ] GC(58)     Total                          Min: 10112, Avg: 10665.5, Max: 11840, Diff: 1728, Sum: 42662, Workers: 4
[25.323s][debug][gc,phases      ] GC(58)   ResolvedMethodTable Weak       Min:  0.0, Avg:  0.0, Max:  0.0, Diff:  0.0, Sum:  0.1, Workers: 4
[25.323s][debug][gc,phases      ] GC(58)     Dead                           Min: 0, Avg:  0.0, Max: 0, Diff: 0, Sum: 0, Workers: 4
[25.323s][debug][gc,phases      ] GC(58)     Total                          Min: 1657, Avg: 1805.5, Max: 2046, Diff: 389, Sum: 7222, Workers: 4
[25.323s][debug][gc,phases      ] GC(58)   JNI Weak                       Min:  0.0, Avg:  0.0, Max:  0.0, Diff:  0.0, Sum:  0.0, Workers: 4
[25.323s][debug][gc,phases      ] GC(58)     Dead                           Min: 0, Avg:  0.0, Max: 0, Diff: 0, Sum: 0, Workers: 4
[25.323s][debug][gc,phases      ] GC(58)     Total                          Min: 0, Avg:  0.0, Max: 0, Diff: 0, Sum: 0, Workers: 4
[25.323s][debug][gc,phases      ] GC(58)   StringDedup Table Weak         Min:  0.0, Avg:  0.0, Max:  0.0, Diff:  0.0, Sum:  0.0, Workers: 4
[25.323s][debug][gc,phases      ] GC(58)     Dead                           Min: 0, Avg:  0.0, Max: 0, Diff: 0, Sum: 0, Workers: 4
[25.323s][debug][gc,phases      ] GC(58)     Total                          Min: 0, Avg:  0.0, Max: 0, Diff: 0, Sum: 0, Workers: 4
[25.323s][debug][gc,phases      ] GC(58)   StringDedup Requests0 Weak     Min:  0.0, Avg:  0.0, Max:  0.0, Diff:  0.0, Sum:  0.0, Workers: 4
[25.323s][debug][gc,phases      ] GC(58)     Dead                           Min: 0, Avg:  0.0, Max: 0, Diff: 0, Sum: 0, Workers: 4
[25.323s][debug][gc,phases      ] GC(58)     Total                          Min: 0, Avg:  0.0, Max: 0, Diff: 0, Sum: 0, Workers: 4
[25.323s][debug][gc,phases      ] GC(58)   StringDedup Requests1 Weak     Min:  0.0, Avg:  0.0, Max:  0.0, Diff:  0.0, Sum:  0.0, Workers: 4
[25.323s][debug][gc,phases      ] GC(58)     Dead                           Min: 0, Avg:  0.0, Max: 0, Diff: 0, Sum: 0, Workers: 4
[25.323s][debug][gc,phases      ] GC(58)     Total                          Min: 0, Avg:  0.0, Max: 0, Diff: 0, Sum: 0, Workers: 4
[25.323s][debug][gc,phases      ] GC(58)   Weak JFR Old Object Samples    Min:  0.0, Avg:  0.0, Max:  0.0, Diff:  0.0, Sum:  0.0, Workers: 4
[25.323s][debug][gc,phases      ] GC(58)     Dead                           Min: 0, Avg:  0.0, Max: 0, Diff: 0, Sum: 0, Workers: 4
[25.323s][debug][gc,phases      ] GC(58)     Total                          Min: 0, Avg:  0.0, Max: 0, Diff: 0, Sum: 0, Workers: 4
[25.323s][debug][gc,phases      ] GC(58) Weak Processing 0.330ms
[25.323s][debug][gc,age         ] GC(58) Desired survivor size 299892736 bytes, new threshold 15 (max threshold 15)
[25.323s][info ][gc,heap        ] GC(58) PSYoungGen: 1696064K(1804288K)->185776K(1700352K) Eden: 1514496K(1514496K)->0K(1514496K) From: 181568K(289792K)->185776K(185856K)
[25.323s][info ][gc,heap        ] GC(58) ParOldGen: 583814K(719872K)->584606K(719872K)
[25.323s][info ][gc,metaspace   ] GC(58) Metaspace: 68601K(69312K)->68601K(69312K) NonClass: 58644K(59072K)->58644K(59072K) Class: 9957K(10240K)->9957K(10240K)
[25.323s][info ][gc             ] GC(58) Pause Young (Allocation Failure) 2226M->752M(2363M) 65.002ms
[25.323s][info ][gc,cpu         ] GC(58) User=0.26s Sys=0.00s Real=0.07s
[25.323s][info ][safepoint      ] Safepoint "ParallelGCFailedAllocation", Time since last: 254880657 ns, Reaching safepoint: 164805 ns, At safepoint: 65126307 ns, Total: 65291112 ns
[25.366s][info ][safepoint      ] Safepoint "ICBufferFull", Time since last: 42644015 ns, Reaching safepoint: 145404 ns, At safepoint: 25201 ns, Total: 170605 ns
[25.367s][info ][safepoint      ] Safepoint "ICBufferFull", Time since last: 1010031 ns, Reaching safepoint: 92003 ns, At safepoint: 27001 ns, Total: 119004 ns
[25.368s][info ][safepoint      ] Safepoint "ICBufferFull", Time since last: 967230 ns, Reaching safepoint: 91003 ns, At safepoint: 24400 ns, Total: 115403 ns
[25.369s][info ][safepoint      ] Safepoint "ICBufferFull", Time since last: 954430 ns, Reaching safepoint: 158905 ns, At safepoint: 28401 ns, Total: 187306 ns
[25.370s][info ][safepoint      ] Safepoint "ICBufferFull", Time since last: 943529 ns, Reaching safepoint: 93803 ns, At safepoint: 28200 ns, Total: 122003 ns
[25.372s][info ][safepoint      ] Safepoint "ICBufferFull", Time since last: 920829 ns, Reaching safepoint: 52501 ns, At safepoint: 29401 ns, Total: 81902 ns
[25.373s][info ][safepoint      ] Safepoint "ICBufferFull", Time since last: 1012432 ns, Reaching safepoint: 103903 ns, At safepoint: 34501 ns, Total: 138404 ns
[25.383s][info ][safepoint      ] Safepoint "ICBufferFull", Time since last: 10581926 ns, Reaching safepoint: 104103 ns, At safepoint: 29001 ns, Total: 133104 ns
[25.384s][info ][safepoint      ] Safepoint "ICBufferFull", Time since last: 1010031 ns, Reaching safepoint: 89603 ns, At safepoint: 29201 ns, Total: 118804 ns
[25.386s][info ][safepoint      ] Safepoint "ICBufferFull", Time since last: 961430 ns, Reaching safepoint: 96503 ns, At safepoint: 26200 ns, Total: 122703 ns
[25.387s][info ][safepoint      ] Safepoint "ICBufferFull", Time since last: 972830 ns, Reaching safepoint: 101203 ns, At safepoint: 27401 ns, Total: 128604 ns
[25.395s][info ][safepoint      ] Safepoint "ICBufferFull", Time since last: 7941245 ns, Reaching safepoint: 131004 ns, At safepoint: 29401 ns, Total: 160405 ns
[25.407s][info ][safepoint      ] Safepoint "ICBufferFull", Time since last: 12555287 ns, Reaching safepoint: 70302 ns, At safepoint: 24901 ns, Total: 95203 ns
[25.409s][info ][safepoint      ] Safepoint "ICBufferFull", Time since last: 1133435 ns, Reaching safepoint: 103403 ns, At safepoint: 24901 ns, Total: 128304 ns
[25.410s][info ][safepoint      ] Safepoint "ICBufferFull", Time since last: 943329 ns, Reaching safepoint: 501415 ns, At safepoint: 21401 ns, Total: 522816 ns
[25.411s][info ][safepoint      ] Safepoint "ICBufferFull", Time since last: 1205737 ns, Reaching safepoint: 97803 ns, At safepoint: 23101 ns, Total: 120904 ns
[25.413s][info ][safepoint      ] Safepoint "ICBufferFull", Time since last: 1322741 ns, Reaching safepoint: 95603 ns, At safepoint: 23900 ns, Total: 119503 ns
[25.414s][info ][safepoint      ] Safepoint "ICBufferFull", Time since last: 1210138 ns, Reaching safepoint: 226307 ns, At safepoint: 32501 ns, Total: 258808 ns
[25.612s][info ][gc,start       ] GC(59) Pause Young (Allocation Failure)
[25.685s][debug][gc,phases      ] GC(59) Scavenge 73.181ms
[25.685s][debug][gc,ref         ] GC(59) Skipped phase 1 of Reference Processing: no references
[25.685s][debug][gc,ref         ] GC(59) ReferenceProcessor::execute queues: 1, RefProcThreadModel::Single, marks_oops_alive: false
[25.685s][debug][gc,ref         ] GC(59) Skipped phase 3 of Reference Processing: no references
[25.685s][debug][gc,ref         ] GC(59) ReferenceProcessor::execute queues: 1, RefProcThreadModel::Single, marks_oops_alive: false
[25.685s][debug][gc,phases      ] GC(59) Reference Processing 0.142ms
[25.686s][debug][gc,phases      ] GC(59)   VM Weak                        Min:  0.0, Avg:  0.0, Max:  0.0, Diff:  0.0, Sum:  0.0, Workers: 4
[25.686s][debug][gc,phases      ] GC(59)     Dead                           Min: 0, Avg:  0.0, Max: 0, Diff: 0, Sum: 0, Workers: 4
[25.686s][debug][gc,phases      ] GC(59)     Total                          Min: 0, Avg: 131.8, Max: 527, Diff: 527, Sum: 527, Workers: 4
[25.686s][debug][gc,phases      ] GC(59)   ObjectSynchronizer Weak        Min:  0.0, Avg:  0.0, Max:  0.0, Diff:  0.0, Sum:  0.0, Workers: 4
[25.686s][debug][gc,phases      ] GC(59)     Dead                           Min: 0, Avg:  0.0, Max: 0, Diff: 0, Sum: 0, Workers: 4
[25.686s][debug][gc,phases      ] GC(59)     Total                          Min: 0, Avg: 112.8, Max: 451, Diff: 451, Sum: 451, Workers: 4
[25.686s][debug][gc,phases      ] GC(59)   JVMTI Tag Weak OopStorage      Min:  0.0, Avg:  0.0, Max:  0.0, Diff:  0.0, Sum:  0.0, Workers: 4
[25.686s][debug][gc,phases      ] GC(59)     Dead                           Min: 0, Avg:  0.0, Max: 0, Diff: 0, Sum: 0, Workers: 4
[25.686s][debug][gc,phases      ] GC(59)     Total                          Min: 0, Avg:  0.0, Max: 0, Diff: 0, Sum: 0, Workers: 4
[25.686s][debug][gc,phases      ] GC(59)   StringTable Weak               Min:  0.1, Avg:  0.1, Max:  0.1, Diff:  0.0, Sum:  0.4, Workers: 4
[25.686s][debug][gc,phases      ] GC(59)     Dead                           Min: 0, Avg:  0.0, Max: 0, Diff: 0, Sum: 0, Workers: 4
[25.686s][debug][gc,phases      ] GC(59)     Total                          Min: 10176, Avg: 10667.8, Max: 11392, Diff: 1216, Sum: 42671, Workers: 4
[25.686s][debug][gc,phases      ] GC(59)   ResolvedMethodTable Weak       Min:  0.0, Avg:  0.0, Max:  0.0, Diff:  0.0, Sum:  0.1, Workers: 4
[25.686s][debug][gc,phases      ] GC(59)     Dead                           Min: 0, Avg:  0.0, Max: 0, Diff: 0, Sum: 0, Workers: 4
[25.686s][debug][gc,phases      ] GC(59)     Total                          Min: 1664, Avg: 1807.0, Max: 2048, Diff: 384, Sum: 7228, Workers: 4
[25.686s][debug][gc,phases      ] GC(59)   JNI Weak                       Min:  0.0, Avg:  0.0, Max:  0.0, Diff:  0.0, Sum:  0.0, Workers: 4
[25.686s][debug][gc,phases      ] GC(59)     Dead                           Min: 0, Avg:  0.0, Max: 0, Diff: 0, Sum: 0, Workers: 4
[25.686s][debug][gc,phases      ] GC(59)     Total                          Min: 0, Avg:  0.0, Max: 0, Diff: 0, Sum: 0, Workers: 4
[25.686s][debug][gc,phases      ] GC(59)   StringDedup Table Weak         Min:  0.0, Avg:  0.0, Max:  0.0, Diff:  0.0, Sum:  0.0, Workers: 4
[25.686s][debug][gc,phases      ] GC(59)     Dead                           Min: 0, Avg:  0.0, Max: 0, Diff: 0, Sum: 0, Workers: 4
[25.686s][debug][gc,phases      ] GC(59)     Total                          Min: 0, Avg:  0.0, Max: 0, Diff: 0, Sum: 0, Workers: 4
[25.686s][debug][gc,phases      ] GC(59)   StringDedup Requests0 Weak     Min:  0.0, Avg:  0.0, Max:  0.0, Diff:  0.0, Sum:  0.0, Workers: 4
[25.686s][debug][gc,phases      ] GC(59)     Dead                           Min: 0, Avg:  0.0, Max: 0, Diff: 0, Sum: 0, Workers: 4
[25.686s][debug][gc,phases      ] GC(59)     Total                          Min: 0, Avg:  0.0, Max: 0, Diff: 0, Sum: 0, Workers: 4
[25.686s][debug][gc,phases      ] GC(59)   StringDedup Requests1 Weak     Min:  0.0, Avg:  0.0, Max:  0.0, Diff:  0.0, Sum:  0.0, Workers: 4
[25.686s][debug][gc,phases      ] GC(59)     Dead                           Min: 0, Avg:  0.0, Max: 0, Diff: 0, Sum: 0, Workers: 4
[25.686s][debug][gc,phases      ] GC(59)     Total                          Min: 0, Avg:  0.0, Max: 0, Diff: 0, Sum: 0, Workers: 4
[25.686s][debug][gc,phases      ] GC(59)   Weak JFR Old Object Samples    Min:  0.0, Avg:  0.0, Max:  0.0, Diff:  0.0, Sum:  0.0, Workers: 4
[25.686s][debug][gc,phases      ] GC(59)     Dead                           Min: 0, Avg:  0.0, Max: 0, Diff: 0, Sum: 0, Workers: 4
[25.686s][debug][gc,phases      ] GC(59)     Total                          Min: 0, Avg:  0.0, Max: 0, Diff: 0, Sum: 0, Workers: 4
[25.686s][debug][gc,phases      ] GC(59) Weak Processing 0.325ms
[25.686s][debug][gc,age         ] GC(59) Desired survivor size 303038464 bytes, new threshold 15 (max threshold 15)
[25.686s][info ][gc,heap        ] GC(59) PSYoungGen: 1700272K(1700352K)->192848K(1798144K) Eden: 1514496K(1514496K)->0K(1505280K) From: 185776K(185856K)->192848K(292864K)
[25.686s][info ][gc,heap        ] GC(59) ParOldGen: 584606K(719872K)->586806K(719872K)
[25.686s][info ][gc,metaspace   ] GC(59) Metaspace: 68612K(69312K)->68612K(69312K) NonClass: 58654K(59072K)->58654K(59072K) Class: 9958K(10240K)->9958K(10240K)
[25.686s][info ][gc             ] GC(59) Pause Young (Allocation Failure) 2231M->761M(2459M) 73.791ms
[25.686s][info ][gc,cpu         ] GC(59) User=0.29s Sys=0.00s Real=0.07s
[25.686s][info ][safepoint      ] Safepoint "ParallelGCFailedAllocation", Time since last: 197413785 ns, Reaching safepoint: 171606 ns, At safepoint: 73905078 ns, Total: 74076684 ns
[25.999s][info ][gc,start       ] GC(60) Pause Young (Allocation Failure)
[26.057s][debug][gc,phases      ] GC(60) Scavenge 57.686ms
[26.057s][debug][gc,ref         ] GC(60) Skipped phase 1 of Reference Processing: no references
[26.057s][debug][gc,ref         ] GC(60) ReferenceProcessor::execute queues: 1, RefProcThreadModel::Single, marks_oops_alive: false
[26.057s][debug][gc,ref         ] GC(60) Skipped phase 3 of Reference Processing: no references
[26.057s][debug][gc,ref         ] GC(60) ReferenceProcessor::execute queues: 1, RefProcThreadModel::Single, marks_oops_alive: false
[26.057s][debug][gc,phases      ] GC(60) Reference Processing 0.134ms
[26.057s][debug][gc,phases      ] GC(60)   VM Weak                        Min:  0.0, Avg:  0.0, Max:  0.0, Diff:  0.0, Sum:  0.0, Workers: 4
[26.057s][debug][gc,phases      ] GC(60)     Dead                           Min: 0, Avg:  0.0, Max: 0, Diff: 0, Sum: 0, Workers: 4
[26.057s][debug][gc,phases      ] GC(60)     Total                          Min: 0, Avg: 131.8, Max: 527, Diff: 527, Sum: 527, Workers: 4
[26.057s][debug][gc,phases      ] GC(60)   ObjectSynchronizer Weak        Min:  0.0, Avg:  0.0, Max:  0.0, Diff:  0.0, Sum:  0.0, Workers: 4
[26.057s][debug][gc,phases      ] GC(60)     Dead                           Min: 0, Avg:  0.0, Max: 0, Diff: 0, Sum: 0, Workers: 4
[26.057s][debug][gc,phases      ] GC(60)     Total                          Min: 0, Avg: 112.8, Max: 323, Diff: 323, Sum: 451, Workers: 4
[26.057s][debug][gc,phases      ] GC(60)   JVMTI Tag Weak OopStorage      Min:  0.0, Avg:  0.0, Max:  0.0, Diff:  0.0, Sum:  0.0, Workers: 4
[26.057s][debug][gc,phases      ] GC(60)     Dead                           Min: 0, Avg:  0.0, Max: 0, Diff: 0, Sum: 0, Workers: 4
[26.057s][debug][gc,phases      ] GC(60)     Total                          Min: 0, Avg:  0.0, Max: 0, Diff: 0, Sum: 0, Workers: 4
[26.057s][debug][gc,phases      ] GC(60)   StringTable Weak               Min:  0.1, Avg:  0.1, Max:  0.1, Diff:  0.0, Sum:  0.4, Workers: 4
[26.057s][debug][gc,phases      ] GC(60)     Dead                           Min: 0, Avg:  2.8, Max: 11, Diff: 11, Sum: 11, Workers: 4
[26.057s][debug][gc,phases      ] GC(60)     Total                          Min: 9600, Avg: 10667.8, Max: 11448, Diff: 1848, Sum: 42671, Workers: 4
[26.057s][debug][gc,phases      ] GC(60)   ResolvedMethodTable Weak       Min:  0.0, Avg:  0.0, Max:  0.0, Diff:  0.0, Sum:  0.1, Workers: 4
[26.057s][debug][gc,phases      ] GC(60)     Dead                           Min: 0, Avg:  0.0, Max: 0, Diff: 0, Sum: 0, Workers: 4
[26.057s][debug][gc,phases      ] GC(60)     Total                          Min: 1340, Avg: 1807.0, Max: 2112, Diff: 772, Sum: 7228, Workers: 4
[26.057s][debug][gc,phases      ] GC(60)   JNI Weak                       Min:  0.0, Avg:  0.0, Max:  0.0, Diff:  0.0, Sum:  0.0, Workers: 4
[26.057s][debug][gc,phases      ] GC(60)     Dead                           Min: 0, Avg:  0.0, Max: 0, Diff: 0, Sum: 0, Workers: 4
[26.057s][debug][gc,phases      ] GC(60)     Total                          Min: 0, Avg:  0.0, Max: 0, Diff: 0, Sum: 0, Workers: 4
[26.057s][debug][gc,phases      ] GC(60)   StringDedup Table Weak         Min:  0.0, Avg:  0.0, Max:  0.0, Diff:  0.0, Sum:  0.0, Workers: 4
[26.057s][debug][gc,phases      ] GC(60)     Dead                           Min: 0, Avg:  0.0, Max: 0, Diff: 0, Sum: 0, Workers: 4
[26.057s][debug][gc,phases      ] GC(60)     Total                          Min: 0, Avg:  0.0, Max: 0, Diff: 0, Sum: 0, Workers: 4
[26.057s][debug][gc,phases      ] GC(60)   StringDedup Requests0 Weak     Min:  0.0, Avg:  0.0, Max:  0.0, Diff:  0.0, Sum:  0.0, Workers: 4
[26.057s][debug][gc,phases      ] GC(60)     Dead                           Min: 0, Avg:  0.0, Max: 0, Diff: 0, Sum: 0, Workers: 4
[26.057s][debug][gc,phases      ] GC(60)     Total                          Min: 0, Avg:  0.0, Max: 0, Diff: 0, Sum: 0, Workers: 4
[26.057s][debug][gc,phases      ] GC(60)   StringDedup Requests1 Weak     Min:  0.0, Avg:  0.0, Max:  0.0, Diff:  0.0, Sum:  0.0, Workers: 4
[26.057s][debug][gc,phases      ] GC(60)     Dead                           Min: 0, Avg:  0.0, Max: 0, Diff: 0, Sum: 0, Workers: 4
[26.057s][debug][gc,phases      ] GC(60)     Total                          Min: 0, Avg:  0.0, Max: 0, Diff: 0, Sum: 0, Workers: 4
[26.057s][debug][gc,phases      ] GC(60)   Weak JFR Old Object Samples    Min:  0.0, Avg:  0.0, Max:  0.0, Diff:  0.0, Sum:  0.0, Workers: 4
[26.057s][debug][gc,phases      ] GC(60)     Dead                           Min: 0, Avg:  0.0, Max: 0, Diff: 0, Sum: 0, Workers: 4
[26.057s][debug][gc,phases      ] GC(60)     Total                          Min: 0, Avg:  0.0, Max: 0, Diff: 0, Sum: 0, Workers: 4
[26.057s][debug][gc,phases      ] GC(60) Weak Processing 0.320ms
[26.058s][debug][gc,age         ] GC(60) Desired survivor size 304611328 bytes, new threshold 15 (max threshold 15)
[26.058s][info ][gc,heap        ] GC(60) PSYoungGen: 1698128K(1798144K)->193136K(1698816K) Eden: 1505280K(1505280K)->0K(1505280K) From: 192848K(292864K)->193136K(193536K)
[26.058s][info ][gc,heap        ] GC(60) ParOldGen: 586806K(719872K)->588743K(719872K)
[26.058s][info ][gc,metaspace   ] GC(60) Metaspace: 68612K(69312K)->68612K(69312K) NonClass: 58654K(59072K)->58654K(59072K) Class: 9958K(10240K)->9958K(10240K)
[26.058s][info ][gc             ] GC(60) Pause Young (Allocation Failure) 2231M->763M(2362M) 58.278ms
[26.058s][info ][gc,cpu         ] GC(60) User=0.24s Sys=0.00s Real=0.06s
[26.058s][info ][safepoint      ] Safepoint "ParallelGCFailedAllocation", Time since last: 313055947 ns, Reaching safepoint: 138005 ns, At safepoint: 58529202 ns, Total: 58667207 ns
[26.354s][info ][gc,start       ] GC(61) Pause Young (Allocation Failure)
[26.422s][debug][gc,phases      ] GC(61) Scavenge 68.331ms
[26.422s][debug][gc,ref         ] GC(61) Skipped phase 1 of Reference Processing: no references
[26.422s][debug][gc,ref         ] GC(61) ReferenceProcessor::execute queues: 1, RefProcThreadModel::Single, marks_oops_alive: false
[26.422s][debug][gc,ref         ] GC(61) Skipped phase 3 of Reference Processing: no references
[26.422s][debug][gc,ref         ] GC(61) ReferenceProcessor::execute queues: 1, RefProcThreadModel::Single, marks_oops_alive: false
[26.422s][debug][gc,phases      ] GC(61) Reference Processing 0.147ms
[26.422s][debug][gc,phases      ] GC(61)   VM Weak                        Min:  0.0, Avg:  0.0, Max:  0.0, Diff:  0.0, Sum:  0.0, Workers: 4
[26.422s][debug][gc,phases      ] GC(61)     Dead                           Min: 0, Avg:  0.0, Max: 0, Diff: 0, Sum: 0, Workers: 4
[26.422s][debug][gc,phases      ] GC(61)     Total                          Min: 0, Avg: 131.8, Max: 320, Diff: 320, Sum: 527, Workers: 4
[26.422s][debug][gc,phases      ] GC(61)   ObjectSynchronizer Weak        Min:  0.0, Avg:  0.0, Max:  0.0, Diff:  0.0, Sum:  0.0, Workers: 4
[26.422s][debug][gc,phases      ] GC(61)     Dead                           Min: 0, Avg:  0.0, Max: 0, Diff: 0, Sum: 0, Workers: 4
[26.422s][debug][gc,phases      ] GC(61)     Total                          Min: 0, Avg: 112.8, Max: 256, Diff: 256, Sum: 451, Workers: 4
[26.422s][debug][gc,phases      ] GC(61)   JVMTI Tag Weak OopStorage      Min:  0.0, Avg:  0.0, Max:  0.0, Diff:  0.0, Sum:  0.0, Workers: 4
[26.422s][debug][gc,phases      ] GC(61)     Dead                           Min: 0, Avg:  0.0, Max: 0, Diff: 0, Sum: 0, Workers: 4
[26.422s][debug][gc,phases      ] GC(61)     Total                          Min: 0, Avg:  0.0, Max: 0, Diff: 0, Sum: 0, Workers: 4
[26.422s][debug][gc,phases      ] GC(61)   StringTable Weak               Min:  0.1, Avg:  0.1, Max:  0.1, Diff:  0.0, Sum:  0.4, Workers: 4
[26.422s][debug][gc,phases      ] GC(61)     Dead                           Min: 0, Avg:  2.8, Max: 11, Diff: 11, Sum: 11, Workers: 4
[26.422s][debug][gc,phases      ] GC(61)     Total                          Min: 9916, Avg: 10668.8, Max: 11584, Diff: 1668, Sum: 42675, Workers: 4
[26.422s][debug][gc,phases      ] GC(61)   ResolvedMethodTable Weak       Min:  0.0, Avg:  0.0, Max:  0.0, Diff:  0.0, Sum:  0.1, Workers: 4
[26.422s][debug][gc,phases      ] GC(61)     Dead                           Min: 0, Avg:  0.0, Max: 0, Diff: 0, Sum: 0, Workers: 4
[26.423s][debug][gc,phases      ] GC(61)     Total                          Min: 1600, Avg: 1808.2, Max: 1986, Diff: 386, Sum: 7233, Workers: 4
[26.423s][debug][gc,phases      ] GC(61)   JNI Weak                       Min:  0.0, Avg:  0.0, Max:  0.0, Diff:  0.0, Sum:  0.0, Workers: 4
[26.423s][debug][gc,phases      ] GC(61)     Dead                           Min: 0, Avg:  0.0, Max: 0, Diff: 0, Sum: 0, Workers: 4
[26.423s][debug][gc,phases      ] GC(61)     Total                          Min: 0, Avg:  0.0, Max: 0, Diff: 0, Sum: 0, Workers: 4
[26.423s][debug][gc,phases      ] GC(61)   StringDedup Table Weak         Min:  0.0, Avg:  0.0, Max:  0.0, Diff:  0.0, Sum:  0.0, Workers: 4
[26.423s][debug][gc,phases      ] GC(61)     Dead                           Min: 0, Avg:  0.0, Max: 0, Diff: 0, Sum: 0, Workers: 4
[26.423s][debug][gc,phases      ] GC(61)     Total                          Min: 0, Avg:  0.0, Max: 0, Diff: 0, Sum: 0, Workers: 4
[26.423s][debug][gc,phases      ] GC(61)   StringDedup Requests0 Weak     Min:  0.0, Avg:  0.0, Max:  0.0, Diff:  0.0, Sum:  0.0, Workers: 4
[26.423s][debug][gc,phases      ] GC(61)     Dead                           Min: 0, Avg:  0.0, Max: 0, Diff: 0, Sum: 0, Workers: 4
[26.423s][debug][gc,phases      ] GC(61)     Total                          Min: 0, Avg:  0.0, Max: 0, Diff: 0, Sum: 0, Workers: 4
[26.423s][debug][gc,phases      ] GC(61)   StringDedup Requests1 Weak     Min:  0.0, Avg:  0.0, Max:  0.0, Diff:  0.0, Sum:  0.0, Workers: 4
[26.423s][debug][gc,phases      ] GC(61)     Dead                           Min: 0, Avg:  0.0, Max: 0, Diff: 0, Sum: 0, Workers: 4
[26.423s][debug][gc,phases      ] GC(61)     Total                          Min: 0, Avg:  0.0, Max: 0, Diff: 0, Sum: 0, Workers: 4
[26.423s][debug][gc,phases      ] GC(61)   Weak JFR Old Object Samples    Min:  0.0, Avg:  0.0, Max:  0.0, Diff:  0.0, Sum:  0.0, Workers: 4
[26.423s][debug][gc,phases      ] GC(61)     Dead                           Min: 0, Avg:  0.0, Max: 0, Diff: 0, Sum: 0, Workers: 4
[26.423s][debug][gc,phases      ] GC(61)     Total                          Min: 0, Avg:  0.0, Max: 0, Diff: 0, Sum: 0, Workers: 4
[26.423s][debug][gc,phases      ] GC(61) Weak Processing 0.325ms
[26.423s][debug][gc,age         ] GC(61) Desired survivor size 304087040 bytes, new threshold 15 (max threshold 15)
[26.423s][info ][gc,heap        ] GC(61) PSYoungGen: 1698416K(1698816K)->192112K(1800192K) Eden: 1505280K(1505280K)->0K(1502720K) From: 193136K(193536K)->192112K(297472K)
[26.423s][info ][gc,heap        ] GC(61) ParOldGen: 588743K(719872K)->591023K(719872K)
[26.423s][info ][gc,metaspace   ] GC(61) Metaspace: 68634K(69312K)->68634K(69312K) NonClass: 58673K(59072K)->58673K(59072K) Class: 9961K(10240K)->9961K(10240K)
[26.423s][info ][gc             ] GC(61) Pause Young (Allocation Failure) 2233M->764M(2461M) 68.943ms
[26.423s][info ][gc,cpu         ] GC(61) User=0.27s Sys=0.00s Real=0.07s
[26.423s][info ][safepoint      ] Safepoint "ParallelGCFailedAllocation", Time since last: 295839913 ns, Reaching safepoint: 182405 ns, At safepoint: 69057527 ns, Total: 69239932 ns
[26.677s][info ][gc,start       ] GC(62) Pause Young (Allocation Failure)
[26.743s][debug][gc,phases      ] GC(62) Scavenge 66.541ms
[26.743s][debug][gc,ref         ] GC(62) Skipped phase 1 of Reference Processing: no references
[26.743s][debug][gc,ref         ] GC(62) ReferenceProcessor::execute queues: 1, RefProcThreadModel::Single, marks_oops_alive: false
[26.743s][debug][gc,ref         ] GC(62) Skipped phase 3 of Reference Processing: no references
[26.743s][debug][gc,ref         ] GC(62) ReferenceProcessor::execute queues: 1, RefProcThreadModel::Single, marks_oops_alive: false
[26.743s][debug][gc,phases      ] GC(62) Reference Processing 0.140ms
[26.743s][debug][gc,phases      ] GC(62)   VM Weak                        Min:  0.0, Avg:  0.0, Max:  0.0, Diff:  0.0, Sum:  0.0, Workers: 4
[26.744s][debug][gc,phases      ] GC(62)     Dead                           Min: 0, Avg:  0.0, Max: 0, Diff: 0, Sum: 0, Workers: 4
[26.744s][debug][gc,phases      ] GC(62)     Total                          Min: 0, Avg: 132.0, Max: 320, Diff: 320, Sum: 528, Workers: 4
[26.744s][debug][gc,phases      ] GC(62)   ObjectSynchronizer Weak        Min:  0.0, Avg:  0.0, Max:  0.0, Diff:  0.0, Sum:  0.0, Workers: 4
[26.744s][debug][gc,phases      ] GC(62)     Dead                           Min: 0, Avg:  0.0, Max: 0, Diff: 0, Sum: 0, Workers: 4
[26.744s][debug][gc,phases      ] GC(62)     Total                          Min: 0, Avg: 112.8, Max: 256, Diff: 256, Sum: 451, Workers: 4
[26.744s][debug][gc,phases      ] GC(62)   JVMTI Tag Weak OopStorage      Min:  0.0, Avg:  0.0, Max:  0.0, Diff:  0.0, Sum:  0.0, Workers: 4
[26.744s][debug][gc,phases      ] GC(62)     Dead                           Min: 0, Avg:  0.0, Max: 0, Diff: 0, Sum: 0, Workers: 4
[26.744s][debug][gc,phases      ] GC(62)     Total                          Min: 0, Avg:  0.0, Max: 0, Diff: 0, Sum: 0, Workers: 4
[26.744s][debug][gc,phases      ] GC(62)   StringTable Weak               Min:  0.1, Avg:  0.1, Max:  0.1, Diff:  0.0, Sum:  0.4, Workers: 4
[26.744s][debug][gc,phases      ] GC(62)     Dead                           Min: 0, Avg:  0.0, Max: 0, Diff: 0, Sum: 0, Workers: 4
[26.744s][debug][gc,phases      ] GC(62)     Total                          Min: 9792, Avg: 10670.0, Max: 11132, Diff: 1340, Sum: 42680, Workers: 4
[26.744s][debug][gc,phases      ] GC(62)   ResolvedMethodTable Weak       Min:  0.0, Avg:  0.0, Max:  0.0, Diff:  0.0, Sum:  0.1, Workers: 4
[26.744s][debug][gc,phases      ] GC(62)     Dead                           Min: 0, Avg:  1.8, Max: 7, Diff: 7, Sum: 7, Workers: 4
[26.744s][debug][gc,phases      ] GC(62)     Total                          Min: 1677, Avg: 1810.5, Max: 2047, Diff: 370, Sum: 7242, Workers: 4
[26.744s][debug][gc,phases      ] GC(62)   JNI Weak                       Min:  0.0, Avg:  0.0, Max:  0.0, Diff:  0.0, Sum:  0.0, Workers: 4
[26.744s][debug][gc,phases      ] GC(62)     Dead                           Min: 0, Avg:  0.0, Max: 0, Diff: 0, Sum: 0, Workers: 4
[26.744s][debug][gc,phases      ] GC(62)     Total                          Min: 0, Avg:  0.2, Max: 1, Diff: 1, Sum: 1, Workers: 4
[26.744s][debug][gc,phases      ] GC(62)   StringDedup Table Weak         Min:  0.0, Avg:  0.0, Max:  0.0, Diff:  0.0, Sum:  0.0, Workers: 4
[26.744s][debug][gc,phases      ] GC(62)     Dead                           Min: 0, Avg:  0.0, Max: 0, Diff: 0, Sum: 0, Workers: 4
[26.744s][debug][gc,phases      ] GC(62)     Total                          Min: 0, Avg:  0.0, Max: 0, Diff: 0, Sum: 0, Workers: 4
[26.744s][debug][gc,phases      ] GC(62)   StringDedup Requests0 Weak     Min:  0.0, Avg:  0.0, Max:  0.0, Diff:  0.0, Sum:  0.0, Workers: 4
[26.744s][debug][gc,phases      ] GC(62)     Dead                           Min: 0, Avg:  0.0, Max: 0, Diff: 0, Sum: 0, Workers: 4
[26.744s][debug][gc,phases      ] GC(62)     Total                          Min: 0, Avg:  0.0, Max: 0, Diff: 0, Sum: 0, Workers: 4
[26.744s][debug][gc,phases      ] GC(62)   StringDedup Requests1 Weak     Min:  0.0, Avg:  0.0, Max:  0.0, Diff:  0.0, Sum:  0.0, Workers: 4
[26.744s][debug][gc,phases      ] GC(62)     Dead                           Min: 0, Avg:  0.0, Max: 0, Diff: 0, Sum: 0, Workers: 4
[26.744s][debug][gc,phases      ] GC(62)     Total                          Min: 0, Avg:  0.0, Max: 0, Diff: 0, Sum: 0, Workers: 4
[26.744s][debug][gc,phases      ] GC(62)   Weak JFR Old Object Samples    Min:  0.0, Avg:  0.0, Max:  0.0, Diff:  0.0, Sum:  0.0, Workers: 4
[26.744s][debug][gc,phases      ] GC(62)     Dead                           Min: 0, Avg:  0.0, Max: 0, Diff: 0, Sum: 0, Workers: 4
[26.744s][debug][gc,phases      ] GC(62)     Total                          Min: 0, Avg:  0.0, Max: 0, Diff: 0, Sum: 0, Workers: 4
[26.744s][debug][gc,phases      ] GC(62) Weak Processing 0.302ms
[26.744s][debug][gc,age         ] GC(62) Desired survivor size 302514176 bytes, new threshold 15 (max threshold 15)
[26.744s][info ][gc,heap        ] GC(62) PSYoungGen: 1694832K(1800192K)->191008K(1799680K) Eden: 1502720K(1502720K)->0K(1502720K) From: 192112K(297472K)->191008K(296960K)
[26.744s][info ][gc,heap        ] GC(62) ParOldGen: 591023K(719872K)->592727K(719872K)
[26.744s][info ][gc,metaspace   ] GC(62) Metaspace: 68663K(69312K)->68663K(69312K) NonClass: 58700K(59072K)->58700K(59072K) Class: 9963K(10240K)->9963K(10240K)
[26.744s][info ][gc             ] GC(62) Pause Young (Allocation Failure) 2232M->765M(2460M) 67.137ms
[26.744s][info ][gc,cpu         ] GC(62) User=0.27s Sys=0.00s Real=0.07s
[26.744s][info ][safepoint      ] Safepoint "ParallelGCFailedAllocation", Time since last: 253609012 ns, Reaching safepoint: 188906 ns, At safepoint: 67250371 ns, Total: 67439277 ns
[26.994s][info ][gc,start       ] GC(63) Pause Young (Allocation Failure)
[27.065s][debug][gc,phases      ] GC(63) Scavenge 70.503ms
[27.065s][debug][gc,ref         ] GC(63) Skipped phase 1 of Reference Processing: no references
[27.065s][debug][gc,ref         ] GC(63) ReferenceProcessor::execute queues: 1, RefProcThreadModel::Single, marks_oops_alive: false
[27.065s][debug][gc,ref         ] GC(63) Skipped phase 3 of Reference Processing: no references
[27.065s][debug][gc,ref         ] GC(63) Skipped phase 4 of Reference Processing: no references
[27.065s][debug][gc,phases      ] GC(63) Reference Processing 0.126ms
[27.065s][debug][gc,phases      ] GC(63)   VM Weak                        Min:  0.0, Avg:  0.0, Max:  0.0, Diff:  0.0, Sum:  0.0, Workers: 4
[27.065s][debug][gc,phases      ] GC(63)     Dead                           Min: 0, Avg:  0.0, Max: 0, Diff: 0, Sum: 0, Workers: 4
[27.065s][debug][gc,phases      ] GC(63)     Total                          Min: 0, Avg: 132.0, Max: 528, Diff: 528, Sum: 528, Workers: 4
[27.065s][debug][gc,phases      ] GC(63)   ObjectSynchronizer Weak        Min:  0.0, Avg:  0.0, Max:  0.0, Diff:  0.0, Sum:  0.0, Workers: 4
[27.065s][debug][gc,phases      ] GC(63)     Dead                           Min: 0, Avg:  0.0, Max: 0, Diff: 0, Sum: 0, Workers: 4
[27.065s][debug][gc,phases      ] GC(63)     Total                          Min: 0, Avg: 112.8, Max: 451, Diff: 451, Sum: 451, Workers: 4
[27.065s][debug][gc,phases      ] GC(63)   JVMTI Tag Weak OopStorage      Min:  0.0, Avg:  0.0, Max:  0.0, Diff:  0.0, Sum:  0.0, Workers: 4
[27.065s][debug][gc,phases      ] GC(63)     Dead                           Min: 0, Avg:  0.0, Max: 0, Diff: 0, Sum: 0, Workers: 4
[27.065s][debug][gc,phases      ] GC(63)     Total                          Min: 0, Avg:  0.0, Max: 0, Diff: 0, Sum: 0, Workers: 4
[27.065s][debug][gc,phases      ] GC(63)   StringTable Weak               Min:  0.1, Avg:  0.1, Max:  0.1, Diff:  0.0, Sum:  0.4, Workers: 4
[27.065s][debug][gc,phases      ] GC(63)     Dead                           Min: 0, Avg:  2.8, Max: 7, Diff: 7, Sum: 11, Workers: 4
[27.065s][debug][gc,phases      ] GC(63)     Total                          Min: 9024, Avg: 10670.2, Max: 11584, Diff: 2560, Sum: 42681, Workers: 4
[27.065s][debug][gc,phases      ] GC(63)   ResolvedMethodTable Weak       Min:  0.0, Avg:  0.0, Max:  0.0, Diff:  0.0, Sum:  0.1, Workers: 4
[27.065s][debug][gc,phases      ] GC(63)     Dead                           Min: 0, Avg:  0.0, Max: 0, Diff: 0, Sum: 0, Workers: 4
[27.065s][debug][gc,phases      ] GC(63)     Total                          Min: 1536, Avg: 1810.5, Max: 1983, Diff: 447, Sum: 7242, Workers: 4
[27.065s][debug][gc,phases      ] GC(63)   JNI Weak                       Min:  0.0, Avg:  0.0, Max:  0.0, Diff:  0.0, Sum:  0.0, Workers: 4
[27.065s][debug][gc,phases      ] GC(63)     Dead                           Min: 0, Avg:  0.0, Max: 0, Diff: 0, Sum: 0, Workers: 4
[27.065s][debug][gc,phases      ] GC(63)     Total                          Min: 0, Avg:  0.5, Max: 2, Diff: 2, Sum: 2, Workers: 4
[27.065s][debug][gc,phases      ] GC(63)   StringDedup Table Weak         Min:  0.0, Avg:  0.0, Max:  0.0, Diff:  0.0, Sum:  0.0, Workers: 4
[27.065s][debug][gc,phases      ] GC(63)     Dead                           Min: 0, Avg:  0.0, Max: 0, Diff: 0, Sum: 0, Workers: 4
[27.065s][debug][gc,phases      ] GC(63)     Total                          Min: 0, Avg:  0.0, Max: 0, Diff: 0, Sum: 0, Workers: 4
[27.065s][debug][gc,phases      ] GC(63)   StringDedup Requests0 Weak     Min:  0.0, Avg:  0.0, Max:  0.0, Diff:  0.0, Sum:  0.0, Workers: 4
[27.065s][debug][gc,phases      ] GC(63)     Dead                           Min: 0, Avg:  0.0, Max: 0, Diff: 0, Sum: 0, Workers: 4
[27.065s][debug][gc,phases      ] GC(63)     Total                          Min: 0, Avg:  0.0, Max: 0, Diff: 0, Sum: 0, Workers: 4
[27.065s][debug][gc,phases      ] GC(63)   StringDedup Requests1 Weak     Min:  0.0, Avg:  0.0, Max:  0.0, Diff:  0.0, Sum:  0.0, Workers: 4
[27.065s][debug][gc,phases      ] GC(63)     Dead                           Min: 0, Avg:  0.0, Max: 0, Diff: 0, Sum: 0, Workers: 4
[27.065s][debug][gc,phases      ] GC(63)     Total                          Min: 0, Avg:  0.0, Max: 0, Diff: 0, Sum: 0, Workers: 4
[27.065s][debug][gc,phases      ] GC(63)   Weak JFR Old Object Samples    Min:  0.0, Avg:  0.0, Max:  0.0, Diff:  0.0, Sum:  0.0, Workers: 4
[27.065s][debug][gc,phases      ] GC(63)     Dead                           Min: 0, Avg:  0.0, Max: 0, Diff: 0, Sum: 0, Workers: 4
[27.065s][debug][gc,phases      ] GC(63)     Total                          Min: 0, Avg:  0.0, Max: 0, Diff: 0, Sum: 0, Workers: 4
[27.065s][debug][gc,phases      ] GC(63) Weak Processing 0.305ms
[27.065s][debug][gc,age         ] GC(63) Desired survivor size 303562752 bytes, new threshold 15 (max threshold 15)
[27.065s][info ][gc,heap        ] GC(63) PSYoungGen: 1693728K(1799680K)->200400K(1799680K) Eden: 1502720K(1502720K)->0K(1504256K) From: 191008K(296960K)->200400K(295424K)
[27.065s][info ][gc,heap        ] GC(63) ParOldGen: 592727K(719872K)->593391K(719872K)
[27.065s][info ][gc,metaspace   ] GC(63) Metaspace: 68663K(69312K)->68663K(69312K) NonClass: 58700K(59072K)->58700K(59072K) Class: 9963K(10240K)->9963K(10240K)
[27.065s][info ][gc             ] GC(63) Pause Young (Allocation Failure) 2232M->775M(2460M) 71.089ms
[27.065s][info ][gc,cpu         ] GC(63) User=0.28s Sys=0.00s Real=0.07s
[27.065s][info ][safepoint      ] Safepoint "ParallelGCFailedAllocation", Time since last: 250336508 ns, Reaching safepoint: 204506 ns, At safepoint: 71198192 ns, Total: 71402698 ns
[27.339s][info ][gc,start       ] GC(64) Pause Young (Allocation Failure)
[27.431s][debug][gc,phases      ] GC(64) Scavenge 91.926ms
[27.431s][debug][gc,ref         ] GC(64) Skipped phase 1 of Reference Processing: no references
[27.431s][debug][gc,ref         ] GC(64) ReferenceProcessor::execute queues: 1, RefProcThreadModel::Single, marks_oops_alive: false
[27.431s][debug][gc,ref         ] GC(64) Skipped phase 3 of Reference Processing: no references
[27.431s][debug][gc,ref         ] GC(64) ReferenceProcessor::execute queues: 1, RefProcThreadModel::Single, marks_oops_alive: false
[27.431s][debug][gc,phases      ] GC(64) Reference Processing 0.122ms
[27.431s][debug][gc,phases      ] GC(64)   VM Weak                        Min:  0.0, Avg:  0.0, Max:  0.0, Diff:  0.0, Sum:  0.0, Workers: 4
[27.431s][debug][gc,phases      ] GC(64)     Dead                           Min: 0, Avg:  0.0, Max: 0, Diff: 0, Sum: 0, Workers: 4
[27.431s][debug][gc,phases      ] GC(64)     Total                          Min: 0, Avg: 132.0, Max: 528, Diff: 528, Sum: 528, Workers: 4
[27.431s][debug][gc,phases      ] GC(64)   ObjectSynchronizer Weak        Min:  0.0, Avg:  0.0, Max:  0.0, Diff:  0.0, Sum:  0.0, Workers: 4
[27.431s][debug][gc,phases      ] GC(64)     Dead                           Min: 0, Avg:  0.0, Max: 0, Diff: 0, Sum: 0, Workers: 4
[27.431s][debug][gc,phases      ] GC(64)     Total                          Min: 0, Avg: 112.8, Max: 387, Diff: 387, Sum: 451, Workers: 4
[27.431s][debug][gc,phases      ] GC(64)   JVMTI Tag Weak OopStorage      Min:  0.0, Avg:  0.0, Max:  0.0, Diff:  0.0, Sum:  0.0, Workers: 4
[27.431s][debug][gc,phases      ] GC(64)     Dead                           Min: 0, Avg:  0.0, Max: 0, Diff: 0, Sum: 0, Workers: 4
[27.431s][debug][gc,phases      ] GC(64)     Total                          Min: 0, Avg:  0.0, Max: 0, Diff: 0, Sum: 0, Workers: 4
[27.431s][debug][gc,phases      ] GC(64)   StringTable Weak               Min:  0.1, Avg:  0.1, Max:  0.1, Diff:  0.0, Sum:  0.4, Workers: 4
[27.431s][debug][gc,phases      ] GC(64)     Dead                           Min: 0, Avg:  2.8, Max: 10, Diff: 10, Sum: 11, Workers: 4
[27.431s][debug][gc,phases      ] GC(64)     Total                          Min: 10304, Avg: 10672.8, Max: 11261, Diff: 957, Sum: 42691, Workers: 4
[27.431s][debug][gc,phases      ] GC(64)   ResolvedMethodTable Weak       Min:  0.0, Avg:  0.0, Max:  0.0, Diff:  0.0, Sum:  0.1, Workers: 4
[27.431s][debug][gc,phases      ] GC(64)     Dead                           Min: 0, Avg:  0.0, Max: 0, Diff: 0, Sum: 0, Workers: 4
[27.431s][debug][gc,phases      ] GC(64)     Total                          Min: 1726, Avg: 1810.5, Max: 1983, Diff: 257, Sum: 7242, Workers: 4
[27.431s][debug][gc,phases      ] GC(64)   JNI Weak                       Min:  0.0, Avg:  0.0, Max:  0.0, Diff:  0.0, Sum:  0.0, Workers: 4
[27.431s][debug][gc,phases      ] GC(64)     Dead                           Min: 0, Avg:  0.0, Max: 0, Diff: 0, Sum: 0, Workers: 4
[27.431s][debug][gc,phases      ] GC(64)     Total                          Min: 0, Avg:  1.8, Max: 7, Diff: 7, Sum: 7, Workers: 4
[27.431s][debug][gc,phases      ] GC(64)   StringDedup Table Weak         Min:  0.0, Avg:  0.0, Max:  0.0, Diff:  0.0, Sum:  0.0, Workers: 4
[27.431s][debug][gc,phases      ] GC(64)     Dead                           Min: 0, Avg:  0.0, Max: 0, Diff: 0, Sum: 0, Workers: 4
[27.431s][debug][gc,phases      ] GC(64)     Total                          Min: 0, Avg:  0.0, Max: 0, Diff: 0, Sum: 0, Workers: 4
[27.431s][debug][gc,phases      ] GC(64)   StringDedup Requests0 Weak     Min:  0.0, Avg:  0.0, Max:  0.0, Diff:  0.0, Sum:  0.0, Workers: 4
[27.431s][debug][gc,phases      ] GC(64)     Dead                           Min: 0, Avg:  0.0, Max: 0, Diff: 0, Sum: 0, Workers: 4
[27.431s][debug][gc,phases      ] GC(64)     Total                          Min: 0, Avg:  0.0, Max: 0, Diff: 0, Sum: 0, Workers: 4
[27.431s][debug][gc,phases      ] GC(64)   StringDedup Requests1 Weak     Min:  0.0, Avg:  0.0, Max:  0.0, Diff:  0.0, Sum:  0.0, Workers: 4
[27.431s][debug][gc,phases      ] GC(64)     Dead                           Min: 0, Avg:  0.0, Max: 0, Diff: 0, Sum: 0, Workers: 4
[27.431s][debug][gc,phases      ] GC(64)     Total                          Min: 0, Avg:  0.0, Max: 0, Diff: 0, Sum: 0, Workers: 4
[27.431s][debug][gc,phases      ] GC(64)   Weak JFR Old Object Samples    Min:  0.0, Avg:  0.0, Max:  0.0, Diff:  0.0, Sum:  0.0, Workers: 4
[27.431s][debug][gc,phases      ] GC(64)     Dead                           Min: 0, Avg:  0.0, Max: 0, Diff: 0, Sum: 0, Workers: 4
[27.431s][debug][gc,phases      ] GC(64)     Total                          Min: 0, Avg:  0.0, Max: 0, Diff: 0, Sum: 0, Workers: 4
[27.431s][debug][gc,phases      ] GC(64) Weak Processing 0.308ms
[27.431s][debug][gc,age         ] GC(64) Desired survivor size 296222720 bytes, new threshold 15 (max threshold 15)
[27.431s][info ][gc,heap        ] GC(64) PSYoungGen: 1704656K(1799680K)->181072K(1800704K) Eden: 1504256K(1504256K)->0K(1504256K) From: 200400K(295424K)->181072K(296448K)
[27.431s][info ][gc,heap        ] GC(64) ParOldGen: 593391K(719872K)->655415K(719872K)
[27.431s][info ][gc,metaspace   ] GC(64) Metaspace: 68689K(69312K)->68689K(69312K) NonClass: 58724K(59072K)->58724K(59072K) Class: 9964K(10240K)->9964K(10240K)
[27.431s][info ][gc             ] GC(64) Pause Young (Allocation Failure) 2244M->816M(2461M) 92.510ms
[27.431s][info ][gc,cpu         ] GC(64) User=0.35s Sys=0.04s Real=0.10s
[27.431s][info ][safepoint      ] Safepoint "ParallelGCFailedAllocation", Time since last: 273123505 ns, Reaching safepoint: 134104 ns, At safepoint: 92630651 ns, Total: 92764755 ns
[27.731s][info ][gc,start       ] GC(65) Pause Young (Allocation Failure)
[27.796s][debug][gc,phases      ] GC(65) Scavenge 65.679ms
[27.797s][debug][gc,ref         ] GC(65) Skipped phase 1 of Reference Processing: no references
[27.797s][debug][gc,ref         ] GC(65) ReferenceProcessor::execute queues: 1, RefProcThreadModel::Single, marks_oops_alive: false
[27.797s][debug][gc,ref         ] GC(65) Skipped phase 3 of Reference Processing: no references
[27.797s][debug][gc,ref         ] GC(65) ReferenceProcessor::execute queues: 1, RefProcThreadModel::Single, marks_oops_alive: false
[27.797s][debug][gc,phases      ] GC(65) Reference Processing 0.130ms
[27.797s][debug][gc,phases      ] GC(65)   VM Weak                        Min:  0.0, Avg:  0.0, Max:  0.0, Diff:  0.0, Sum:  0.0, Workers: 4
[27.797s][debug][gc,phases      ] GC(65)     Dead                           Min: 0, Avg:  0.0, Max: 0, Diff: 0, Sum: 0, Workers: 4
[27.797s][debug][gc,phases      ] GC(65)     Total                          Min: 0, Avg: 132.0, Max: 464, Diff: 464, Sum: 528, Workers: 4
[27.797s][debug][gc,phases      ] GC(65)   ObjectSynchronizer Weak        Min:  0.0, Avg:  0.0, Max:  0.0, Diff:  0.0, Sum:  0.0, Workers: 4
[27.797s][debug][gc,phases      ] GC(65)     Dead                           Min: 0, Avg:  0.0, Max: 0, Diff: 0, Sum: 0, Workers: 4
[27.797s][debug][gc,phases      ] GC(65)     Total                          Min: 0, Avg: 112.8, Max: 256, Diff: 256, Sum: 451, Workers: 4
[27.797s][debug][gc,phases      ] GC(65)   JVMTI Tag Weak OopStorage      Min:  0.0, Avg:  0.0, Max:  0.0, Diff:  0.0, Sum:  0.0, Workers: 4
[27.797s][debug][gc,phases      ] GC(65)     Dead                           Min: 0, Avg:  0.0, Max: 0, Diff: 0, Sum: 0, Workers: 4
[27.797s][debug][gc,phases      ] GC(65)     Total                          Min: 0, Avg:  0.0, Max: 0, Diff: 0, Sum: 0, Workers: 4
[27.797s][debug][gc,phases      ] GC(65)   StringTable Weak               Min:  0.1, Avg:  0.1, Max:  0.1, Diff:  0.0, Sum:  0.4, Workers: 4
[27.797s][debug][gc,phases      ] GC(65)     Dead                           Min: 0, Avg:  0.0, Max: 0, Diff: 0, Sum: 0, Workers: 4
[27.797s][debug][gc,phases      ] GC(65)     Total                          Min: 9853, Avg: 10675.0, Max: 11833, Diff: 1980, Sum: 42700, Workers: 4
[27.797s][debug][gc,phases      ] GC(65)   ResolvedMethodTable Weak       Min:  0.0, Avg:  0.0, Max:  0.0, Diff:  0.0, Sum:  0.1, Workers: 4
[27.797s][debug][gc,phases      ] GC(65)     Dead                           Min: 0, Avg:  0.0, Max: 0, Diff: 0, Sum: 0, Workers: 4
[27.797s][debug][gc,phases      ] GC(65)     Total                          Min: 1726, Avg: 1810.5, Max: 1919, Diff: 193, Sum: 7242, Workers: 4
[27.797s][debug][gc,phases      ] GC(65)   JNI Weak                       Min:  0.0, Avg:  0.0, Max:  0.0, Diff:  0.0, Sum:  0.0, Workers: 4
[27.797s][debug][gc,phases      ] GC(65)     Dead                           Min: 0, Avg:  0.0, Max: 0, Diff: 0, Sum: 0, Workers: 4
[27.797s][debug][gc,phases      ] GC(65)     Total                          Min: 0, Avg:  0.8, Max: 3, Diff: 3, Sum: 3, Workers: 4
[27.797s][debug][gc,phases      ] GC(65)   StringDedup Table Weak         Min:  0.0, Avg:  0.0, Max:  0.0, Diff:  0.0, Sum:  0.0, Workers: 4
[27.797s][debug][gc,phases      ] GC(65)     Dead                           Min: 0, Avg:  0.0, Max: 0, Diff: 0, Sum: 0, Workers: 4
[27.797s][debug][gc,phases      ] GC(65)     Total                          Min: 0, Avg:  0.0, Max: 0, Diff: 0, Sum: 0, Workers: 4
[27.797s][debug][gc,phases      ] GC(65)   StringDedup Requests0 Weak     Min:  0.0, Avg:  0.0, Max:  0.0, Diff:  0.0, Sum:  0.0, Workers: 4
[27.797s][debug][gc,phases      ] GC(65)     Dead                           Min: 0, Avg:  0.0, Max: 0, Diff: 0, Sum: 0, Workers: 4
[27.797s][debug][gc,phases      ] GC(65)     Total                          Min: 0, Avg:  0.0, Max: 0, Diff: 0, Sum: 0, Workers: 4
[27.797s][debug][gc,phases      ] GC(65)   StringDedup Requests1 Weak     Min:  0.0, Avg:  0.0, Max:  0.0, Diff:  0.0, Sum:  0.0, Workers: 4
[27.797s][debug][gc,phases      ] GC(65)     Dead                           Min: 0, Avg:  0.0, Max: 0, Diff: 0, Sum: 0, Workers: 4
[27.797s][debug][gc,phases      ] GC(65)     Total                          Min: 0, Avg:  0.0, Max: 0, Diff: 0, Sum: 0, Workers: 4
[27.797s][debug][gc,phases      ] GC(65)   Weak JFR Old Object Samples    Min:  0.0, Avg:  0.0, Max:  0.0, Diff:  0.0, Sum:  0.0, Workers: 4
[27.797s][debug][gc,phases      ] GC(65)     Dead                           Min: 0, Avg:  0.0, Max: 0, Diff: 0, Sum: 0, Workers: 4
[27.797s][debug][gc,phases      ] GC(65)     Total                          Min: 0, Avg:  0.0, Max: 0, Diff: 0, Sum: 0, Workers: 4
[27.797s][debug][gc,phases      ] GC(65) Weak Processing 0.323ms
[27.797s][debug][gc,age         ] GC(65) Desired survivor size 294649856 bytes, new threshold 15 (max threshold 15)
[27.797s][info ][gc,heap        ] GC(65) PSYoungGen: 1685328K(1800704K)->195552K(1809408K) Eden: 1504256K(1504256K)->0K(1520128K) From: 181072K(296448K)->195552K(289280K)
[27.797s][info ][gc,heap        ] GC(65) ParOldGen: 655415K(719872K)->683415K(719872K)
[27.797s][info ][gc,metaspace   ] GC(65) Metaspace: 68700K(69312K)->68700K(69312K) NonClass: 58735K(59072K)->58735K(59072K) Class: 9964K(10240K)->9964K(10240K)
[27.797s][info ][gc             ] GC(65) Pause Young (Allocation Failure) 2285M->858M(2470M) 66.270ms
[27.797s][info ][gc,cpu         ] GC(65) User=0.23s Sys=0.04s Real=0.06s
[27.797s][debug][gc,phases      ] GC(66) Pre Compact 0.010ms
[27.797s][info ][gc,start       ] GC(66) Pause Full (Ergonomics)
[27.797s][info ][gc,phases,start] GC(66) Marking Phase
[27.990s][debug][gc,phases      ] GC(66) Par Mark 192.637ms
[27.990s][debug][gc,ref         ] GC(66) Skipped phase 1 of Reference Processing: no references
[27.990s][debug][gc,ref         ] GC(66) ReferenceProcessor::execute queues: 4, RefProcThreadModel::Multi, marks_oops_alive: false
[27.990s][debug][gc,ref         ] GC(66) Skipped phase 3 of Reference Processing: no references
[27.990s][debug][gc,ref         ] GC(66) ReferenceProcessor::execute queues: 1, RefProcThreadModel::Single, marks_oops_alive: false
[27.990s][debug][gc,phases      ] GC(66) Reference Processing 0.470ms
[27.991s][debug][gc,phases      ] GC(66)   VM Weak                        Min:  0.0, Avg:  0.0, Max:  0.0, Diff:  0.0, Sum:  0.0, Workers: 4
[27.991s][debug][gc,phases      ] GC(66)     Dead                           Min: 0, Avg:  0.0, Max: 0, Diff: 0, Sum: 0, Workers: 4
[27.991s][debug][gc,phases      ] GC(66)     Total                          Min: 0, Avg: 132.0, Max: 400, Diff: 400, Sum: 528, Workers: 4
[27.991s][debug][gc,phases      ] GC(66)   ObjectSynchronizer Weak        Min:  0.0, Avg:  0.0, Max:  0.0, Diff:  0.0, Sum:  0.0, Workers: 4
[27.991s][debug][gc,phases      ] GC(66)     Dead                           Min: 0, Avg:  1.5, Max: 4, Diff: 4, Sum: 6, Workers: 4
[27.991s][debug][gc,phases      ] GC(66)     Total                          Min: 0, Avg: 112.8, Max: 259, Diff: 259, Sum: 451, Workers: 4
[27.991s][debug][gc,phases      ] GC(66)   JVMTI Tag Weak OopStorage      Min:  0.0, Avg:  0.0, Max:  0.0, Diff:  0.0, Sum:  0.0, Workers: 4
[27.991s][debug][gc,phases      ] GC(66)     Dead                           Min: 0, Avg:  0.0, Max: 0, Diff: 0, Sum: 0, Workers: 4
[27.991s][debug][gc,phases      ] GC(66)     Total                          Min: 0, Avg:  0.0, Max: 0, Diff: 0, Sum: 0, Workers: 4
[27.991s][debug][gc,phases      ] GC(66)   StringTable Weak               Min:  0.1, Avg:  0.1, Max:  0.1, Diff:  0.0, Sum:  0.6, Workers: 4
[27.991s][debug][gc,phases      ] GC(66)     Dead                           Min: 0, Avg:  0.0, Max: 0, Diff: 0, Sum: 0, Workers: 4
[27.991s][debug][gc,phases      ] GC(66)     Total                          Min: 8637, Avg: 10675.0, Max: 12630, Diff: 3993, Sum: 42700, Workers: 4
[27.991s][debug][gc,phases      ] GC(66)   ResolvedMethodTable Weak       Min:  0.0, Avg:  0.0, Max:  0.0, Diff:  0.0, Sum:  0.1, Workers: 4
[27.991s][debug][gc,phases      ] GC(66)     Dead                           Min: 0, Avg:  0.0, Max: 0, Diff: 0, Sum: 0, Workers: 4
[27.991s][debug][gc,phases      ] GC(66)     Total                          Min: 1549, Avg: 1810.5, Max: 2303, Diff: 754, Sum: 7242, Workers: 4
[27.991s][debug][gc,phases      ] GC(66)   JNI Weak                       Min:  0.0, Avg:  0.0, Max:  0.0, Diff:  0.0, Sum:  0.0, Workers: 4
[27.991s][debug][gc,phases      ] GC(66)     Dead                           Min: 0, Avg:  0.0, Max: 0, Diff: 0, Sum: 0, Workers: 4
[27.991s][debug][gc,phases      ] GC(66)     Total                          Min: 0, Avg:  0.8, Max: 3, Diff: 3, Sum: 3, Workers: 4
[27.991s][debug][gc,phases      ] GC(66)   StringDedup Table Weak         Min:  0.0, Avg:  0.0, Max:  0.0, Diff:  0.0, Sum:  0.0, Workers: 4
[27.991s][debug][gc,phases      ] GC(66)     Dead                           Min: 0, Avg:  0.0, Max: 0, Diff: 0, Sum: 0, Workers: 4
[27.991s][debug][gc,phases      ] GC(66)     Total                          Min: 0, Avg:  0.0, Max: 0, Diff: 0, Sum: 0, Workers: 4
[27.991s][debug][gc,phases      ] GC(66)   StringDedup Requests0 Weak     Min:  0.0, Avg:  0.0, Max:  0.0, Diff:  0.0, Sum:  0.0, Workers: 4
[27.991s][debug][gc,phases      ] GC(66)     Dead                           Min: 0, Avg:  0.0, Max: 0, Diff: 0, Sum: 0, Workers: 4
[27.991s][debug][gc,phases      ] GC(66)     Total                          Min: 0, Avg:  0.0, Max: 0, Diff: 0, Sum: 0, Workers: 4
[27.991s][debug][gc,phases      ] GC(66)   StringDedup Requests1 Weak     Min:  0.0, Avg:  0.0, Max:  0.0, Diff:  0.0, Sum:  0.0, Workers: 4
[27.991s][debug][gc,phases      ] GC(66)     Dead                           Min: 0, Avg:  0.0, Max: 0, Diff: 0, Sum: 0, Workers: 4
[27.991s][debug][gc,phases      ] GC(66)     Total                          Min: 0, Avg:  0.0, Max: 0, Diff: 0, Sum: 0, Workers: 4
[27.991s][debug][gc,phases      ] GC(66)   Weak JFR Old Object Samples    Min:  0.0, Avg:  0.0, Max:  0.0, Diff:  0.0, Sum:  0.0, Workers: 4
[27.991s][debug][gc,phases      ] GC(66)     Dead                           Min: 0, Avg:  0.0, Max: 0, Diff: 0, Sum: 0, Workers: 4
[27.991s][debug][gc,phases      ] GC(66)     Total                          Min: 0, Avg:  0.0, Max: 0, Diff: 0, Sum: 0, Workers: 4
[27.991s][debug][gc,phases      ] GC(66) Weak Processing 0.379ms
[27.991s][debug][gc,phases      ] GC(66) ClassLoaderData 0.072ms
[27.991s][debug][gc,phases      ] GC(66) Trigger cleanups 0.000ms
[28.000s][debug][gc,phases      ] GC(66) Class Unloading 9.497ms
[28.000s][info ][gc,phases      ] GC(66) Marking Phase 203.156ms
[28.000s][info ][gc,phases,start] GC(66) Summary Phase
[28.000s][info ][gc,phases      ] GC(66) Summary Phase 0.027ms
[28.000s][info ][gc,phases,start] GC(66) Adjust Roots
[28.008s][info ][gc,phases      ] GC(66) Adjust Roots 8.141ms
[28.008s][info ][gc,phases,start] GC(66) Compaction Phase
[28.364s][info ][gc,phases      ] GC(66) Compaction Phase 355.518ms
[28.364s][info ][gc,phases,start] GC(66) Post Compact
[28.366s][info ][gc,phases      ] GC(66) Post Compact 2.351ms
[28.367s][info ][gc,heap        ] GC(66) PSYoungGen: 195552K(1809408K)->0K(1807872K) Eden: 0K(1520128K)->0K(1520128K) From: 195552K(289280K)->0K(287744K)
[28.367s][info ][gc,heap        ] GC(66) ParOldGen: 683415K(719872K)->551744K(669696K)
[28.367s][info ][gc,metaspace   ] GC(66) Metaspace: 68700K(69312K)->68700K(69312K) NonClass: 58735K(59072K)->58735K(59072K) Class: 9964K(10240K)->9964K(10240K)
[28.367s][info ][gc             ] GC(66) Pause Full (Ergonomics) 858M->538M(2419M) 569.481ms
[28.367s][info ][gc,cpu         ] GC(66) User=2.21s Sys=0.01s Real=0.57s
[28.367s][info ][safepoint      ] Safepoint "ParallelGCFailedAllocation", Time since last: 299200408 ns, Reaching safepoint: 156305 ns, At safepoint: 635944760 ns, Total: 636101065 ns
[28.601s][info ][gc,start       ] GC(67) Pause Young (Allocation Failure)
[28.616s][debug][gc,phases      ] GC(67) Scavenge 14.558ms
[28.616s][debug][gc,ref         ] GC(67) Skipped phase 1 of Reference Processing: no references
[28.616s][debug][gc,ref         ] GC(67) Skipped phase 2 of Reference Processing: no references
[28.616s][debug][gc,ref         ] GC(67) Skipped phase 3 of Reference Processing: no references
[28.616s][debug][gc,ref         ] GC(67) Skipped phase 4 of Reference Processing: no references
[28.616s][debug][gc,phases      ] GC(67) Reference Processing 0.049ms
[28.616s][debug][gc,phases      ] GC(67)   VM Weak                        Min:  0.0, Avg:  0.0, Max:  0.0, Diff:  0.0, Sum:  0.0, Workers: 4
[28.616s][debug][gc,phases      ] GC(67)     Dead                           Min: 0, Avg:  0.0, Max: 0, Diff: 0, Sum: 0, Workers: 4
[28.616s][debug][gc,phases      ] GC(67)     Total                          Min: 0, Avg: 132.0, Max: 384, Diff: 384, Sum: 528, Workers: 4
[28.616s][debug][gc,phases      ] GC(67)   ObjectSynchronizer Weak        Min:  0.0, Avg:  0.0, Max:  0.0, Diff:  0.0, Sum:  0.0, Workers: 4
[28.616s][debug][gc,phases      ] GC(67)     Dead                           Min: 0, Avg:  0.0, Max: 0, Diff: 0, Sum: 0, Workers: 4
[28.616s][debug][gc,phases      ] GC(67)     Total                          Min: 0, Avg: 112.8, Max: 192, Diff: 192, Sum: 451, Workers: 4
[28.616s][debug][gc,phases      ] GC(67)   JVMTI Tag Weak OopStorage      Min:  0.0, Avg:  0.0, Max:  0.0, Diff:  0.0, Sum:  0.0, Workers: 4
[28.616s][debug][gc,phases      ] GC(67)     Dead                           Min: 0, Avg:  0.0, Max: 0, Diff: 0, Sum: 0, Workers: 4
[28.616s][debug][gc,phases      ] GC(67)     Total                          Min: 0, Avg:  0.0, Max: 0, Diff: 0, Sum: 0, Workers: 4
[28.616s][debug][gc,phases      ] GC(67)   StringTable Weak               Min:  0.1, Avg:  0.1, Max:  0.1, Diff:  0.0, Sum:  0.4, Workers: 4
[28.616s][debug][gc,phases      ] GC(67)     Dead                           Min: 0, Avg:  2.8, Max: 8, Diff: 8, Sum: 11, Workers: 4
[28.616s][debug][gc,phases      ] GC(67)     Total                          Min: 9792, Avg: 10675.0, Max: 12172, Diff: 2380, Sum: 42700, Workers: 4
[28.616s][debug][gc,phases      ] GC(67)   ResolvedMethodTable Weak       Min:  0.0, Avg:  0.0, Max:  0.0, Diff:  0.0, Sum:  0.1, Workers: 4
[28.616s][debug][gc,phases      ] GC(67)     Dead                           Min: 0, Avg:  0.0, Max: 0, Diff: 0, Sum: 0, Workers: 4
[28.616s][debug][gc,phases      ] GC(67)     Total                          Min: 1536, Avg: 1810.5, Max: 2060, Diff: 524, Sum: 7242, Workers: 4
[28.616s][debug][gc,phases      ] GC(67)   JNI Weak                       Min:  0.0, Avg:  0.0, Max:  0.0, Diff:  0.0, Sum:  0.0, Workers: 4
[28.616s][debug][gc,phases      ] GC(67)     Dead                           Min: 0, Avg:  0.0, Max: 0, Diff: 0, Sum: 0, Workers: 4
[28.616s][debug][gc,phases      ] GC(67)     Total                          Min: 0, Avg:  1.5, Max: 6, Diff: 6, Sum: 6, Workers: 4
[28.616s][debug][gc,phases      ] GC(67)   StringDedup Table Weak         Min:  0.0, Avg:  0.0, Max:  0.0, Diff:  0.0, Sum:  0.0, Workers: 4
[28.616s][debug][gc,phases      ] GC(67)     Dead                           Min: 0, Avg:  0.0, Max: 0, Diff: 0, Sum: 0, Workers: 4
[28.616s][debug][gc,phases      ] GC(67)     Total                          Min: 0, Avg:  0.0, Max: 0, Diff: 0, Sum: 0, Workers: 4
[28.616s][debug][gc,phases      ] GC(67)   StringDedup Requests0 Weak     Min:  0.0, Avg:  0.0, Max:  0.0, Diff:  0.0, Sum:  0.0, Workers: 4
[28.616s][debug][gc,phases      ] GC(67)     Dead                           Min: 0, Avg:  0.0, Max: 0, Diff: 0, Sum: 0, Workers: 4
[28.616s][debug][gc,phases      ] GC(67)     Total                          Min: 0, Avg:  0.0, Max: 0, Diff: 0, Sum: 0, Workers: 4
[28.616s][debug][gc,phases      ] GC(67)   StringDedup Requests1 Weak     Min:  0.0, Avg:  0.0, Max:  0.0, Diff:  0.0, Sum:  0.0, Workers: 4
[28.616s][debug][gc,phases      ] GC(67)     Dead                           Min: 0, Avg:  0.0, Max: 0, Diff: 0, Sum: 0, Workers: 4
[28.616s][debug][gc,phases      ] GC(67)     Total                          Min: 0, Avg:  0.0, Max: 0, Diff: 0, Sum: 0, Workers: 4
[28.616s][debug][gc,phases      ] GC(67)   Weak JFR Old Object Samples    Min:  0.0, Avg:  0.0, Max:  0.0, Diff:  0.0, Sum:  0.0, Workers: 4
[28.616s][debug][gc,phases      ] GC(67)     Dead                           Min: 0, Avg:  0.0, Max: 0, Diff: 0, Sum: 0, Workers: 4
[28.616s][debug][gc,phases      ] GC(67)     Total                          Min: 0, Avg:  0.0, Max: 0, Diff: 0, Sum: 0, Workers: 4
[28.616s][debug][gc,phases      ] GC(67) Weak Processing 0.291ms
[28.616s][debug][gc,age         ] GC(67) Desired survivor size 304087040 bytes, new threshold 15 (max threshold 15)
[28.616s][info ][gc,heap        ] GC(67) PSYoungGen: 1520128K(1807872K)->45936K(1790976K) Eden: 1520128K(1520128K)->0K(1503232K) From: 0K(287744K)->45936K(287744K)
[28.616s][info ][gc,heap        ] GC(67) ParOldGen: 551744K(669696K)->551744K(669696K)
[28.616s][info ][gc,metaspace   ] GC(67) Metaspace: 68705K(69312K)->68705K(69312K) NonClass: 58740K(59072K)->58740K(59072K) Class: 9964K(10240K)->9964K(10240K)
[28.616s][info ][gc             ] GC(67) Pause Young (Allocation Failure) 2023M->583M(2403M) 15.039ms
[28.616s][info ][gc,cpu         ] GC(67) User=0.07s Sys=0.00s Real=0.02s
[28.617s][info ][safepoint      ] Safepoint "ParallelGCFailedAllocation", Time since last: 234564013 ns, Reaching safepoint: 129304 ns, At safepoint: 15169066 ns, Total: 15298370 ns
[28.873s][info ][gc,start       ] GC(68) Pause Young (Allocation Failure)
[28.894s][debug][gc,phases      ] GC(68) Scavenge 21.405ms
[28.894s][debug][gc,ref         ] GC(68) Skipped phase 1 of Reference Processing: no references
[28.894s][debug][gc,ref         ] GC(68) Skipped phase 2 of Reference Processing: no references
[28.894s][debug][gc,ref         ] GC(68) Skipped phase 3 of Reference Processing: no references
[28.894s][debug][gc,ref         ] GC(68) Skipped phase 4 of Reference Processing: no references
[28.894s][debug][gc,phases      ] GC(68) Reference Processing 0.026ms
[28.895s][debug][gc,phases      ] GC(68)   VM Weak                        Min:  0.0, Avg:  0.0, Max:  0.0, Diff:  0.0, Sum:  0.0, Workers: 4
[28.895s][debug][gc,phases      ] GC(68)     Dead                           Min: 0, Avg:  0.0, Max: 0, Diff: 0, Sum: 0, Workers: 4
[28.895s][debug][gc,phases      ] GC(68)     Total                          Min: 0, Avg: 132.0, Max: 528, Diff: 528, Sum: 528, Workers: 4
[28.895s][debug][gc,phases      ] GC(68)   ObjectSynchronizer Weak        Min:  0.0, Avg:  0.0, Max:  0.0, Diff:  0.0, Sum:  0.0, Workers: 4
[28.895s][debug][gc,phases      ] GC(68)     Dead                           Min: 0, Avg:  0.0, Max: 0, Diff: 0, Sum: 0, Workers: 4
[28.895s][debug][gc,phases      ] GC(68)     Total                          Min: 0, Avg: 112.8, Max: 192, Diff: 192, Sum: 451, Workers: 4
[28.895s][debug][gc,phases      ] GC(68)   JVMTI Tag Weak OopStorage      Min:  0.0, Avg:  0.0, Max:  0.0, Diff:  0.0, Sum:  0.0, Workers: 4
[28.895s][debug][gc,phases      ] GC(68)     Dead                           Min: 0, Avg:  0.0, Max: 0, Diff: 0, Sum: 0, Workers: 4
[28.895s][debug][gc,phases      ] GC(68)     Total                          Min: 0, Avg:  0.0, Max: 0, Diff: 0, Sum: 0, Workers: 4
[28.895s][debug][gc,phases      ] GC(68)   StringTable Weak               Min:  0.1, Avg:  0.1, Max:  0.1, Diff:  0.0, Sum:  0.4, Workers: 4
[28.895s][debug][gc,phases      ] GC(68)     Dead                           Min: 0, Avg:  2.8, Max: 11, Diff: 11, Sum: 11, Workers: 4
[28.895s][debug][gc,phases      ] GC(68)     Total                          Min: 10045, Avg: 10679.2, Max: 11304, Diff: 1259, Sum: 42717, Workers: 4
[28.895s][debug][gc,phases      ] GC(68)   ResolvedMethodTable Weak       Min:  0.0, Avg:  0.0, Max:  0.0, Diff:  0.0, Sum:  0.1, Workers: 4
[28.895s][debug][gc,phases      ] GC(68)     Dead                           Min: 0, Avg:  0.0, Max: 0, Diff: 0, Sum: 0, Workers: 4
[28.895s][debug][gc,phases      ] GC(68)     Total                          Min: 1726, Avg: 1810.5, Max: 1996, Diff: 270, Sum: 7242, Workers: 4
[28.895s][debug][gc,phases      ] GC(68)   JNI Weak                       Min:  0.0, Avg:  0.0, Max:  0.0, Diff:  0.0, Sum:  0.0, Workers: 4
[28.895s][debug][gc,phases      ] GC(68)     Dead                           Min: 0, Avg:  0.0, Max: 0, Diff: 0, Sum: 0, Workers: 4
[28.895s][debug][gc,phases      ] GC(68)     Total                          Min: 0, Avg:  1.2, Max: 5, Diff: 5, Sum: 5, Workers: 4
[28.895s][debug][gc,phases      ] GC(68)   StringDedup Table Weak         Min:  0.0, Avg:  0.0, Max:  0.0, Diff:  0.0, Sum:  0.0, Workers: 4
[28.895s][debug][gc,phases      ] GC(68)     Dead                           Min: 0, Avg:  0.0, Max: 0, Diff: 0, Sum: 0, Workers: 4
[28.895s][debug][gc,phases      ] GC(68)     Total                          Min: 0, Avg:  0.0, Max: 0, Diff: 0, Sum: 0, Workers: 4
[28.895s][debug][gc,phases      ] GC(68)   StringDedup Requests0 Weak     Min:  0.0, Avg:  0.0, Max:  0.0, Diff:  0.0, Sum:  0.0, Workers: 4
[28.895s][debug][gc,phases      ] GC(68)     Dead                           Min: 0, Avg:  0.0, Max: 0, Diff: 0, Sum: 0, Workers: 4
[28.895s][debug][gc,phases      ] GC(68)     Total                          Min: 0, Avg:  0.0, Max: 0, Diff: 0, Sum: 0, Workers: 4
[28.895s][debug][gc,phases      ] GC(68)   StringDedup Requests1 Weak     Min:  0.0, Avg:  0.0, Max:  0.0, Diff:  0.0, Sum:  0.0, Workers: 4
[28.895s][debug][gc,phases      ] GC(68)     Dead                           Min: 0, Avg:  0.0, Max: 0, Diff: 0, Sum: 0, Workers: 4
[28.895s][debug][gc,phases      ] GC(68)     Total                          Min: 0, Avg:  0.0, Max: 0, Diff: 0, Sum: 0, Workers: 4
[28.895s][debug][gc,phases      ] GC(68)   Weak JFR Old Object Samples    Min:  0.0, Avg:  0.0, Max:  0.0, Diff:  0.0, Sum:  0.0, Workers: 4
[28.895s][debug][gc,phases      ] GC(68)     Dead                           Min: 0, Avg:  0.0, Max: 0, Diff: 0, Sum: 0, Workers: 4
[28.895s][debug][gc,phases      ] GC(68)     Total                          Min: 0, Avg:  0.0, Max: 0, Diff: 0, Sum: 0, Workers: 4
[28.895s][debug][gc,phases      ] GC(68) Weak Processing 0.322ms
[28.895s][debug][gc,age         ] GC(68) Desired survivor size 302514176 bytes, new threshold 15 (max threshold 15)
[28.895s][info ][gc,heap        ] GC(68) PSYoungGen: 1549168K(1790976K)->83968K(1800192K) Eden: 1503232K(1503232K)->0K(1503232K) From: 45936K(287744K)->83968K(296960K)
[28.895s][info ][gc,heap        ] GC(68) ParOldGen: 551744K(669696K)->551752K(669696K)
[28.895s][info ][gc,metaspace   ] GC(68) Metaspace: 68708K(69312K)->68708K(69312K) NonClass: 58743K(59072K)->58743K(59072K) Class: 9964K(10240K)->9964K(10240K)
[28.895s][info ][gc             ] GC(68) Pause Young (Allocation Failure) 2051M->620M(2412M) 21.889ms
[28.895s][info ][gc,cpu         ] GC(68) User=0.09s Sys=0.00s Real=0.02s
[28.895s][info ][safepoint      ] Safepoint "ParallelGCFailedAllocation", Time since last: 256268881 ns, Reaching safepoint: 143204 ns, At safepoint: 22007277 ns, Total: 22150481 ns
[29.174s][info ][gc,start       ] GC(69) Pause Young (Allocation Failure)
[29.203s][debug][gc,phases      ] GC(69) Scavenge 29.149ms
[29.203s][debug][gc,ref         ] GC(69) Skipped phase 1 of Reference Processing: no references
[29.203s][debug][gc,ref         ] GC(69) Skipped phase 2 of Reference Processing: no references
[29.203s][debug][gc,ref         ] GC(69) Skipped phase 3 of Reference Processing: no references
[29.203s][debug][gc,ref         ] GC(69) Skipped phase 4 of Reference Processing: no references
[29.203s][debug][gc,phases      ] GC(69) Reference Processing 0.028ms
[29.203s][debug][gc,phases      ] GC(69)   VM Weak                        Min:  0.0, Avg:  0.0, Max:  0.0, Diff:  0.0, Sum:  0.0, Workers: 4
[29.203s][debug][gc,phases      ] GC(69)     Dead                           Min: 0, Avg:  0.0, Max: 0, Diff: 0, Sum: 0, Workers: 4
[29.203s][debug][gc,phases      ] GC(69)     Total                          Min: 0, Avg: 132.0, Max: 336, Diff: 336, Sum: 528, Workers: 4
[29.203s][debug][gc,phases      ] GC(69)   ObjectSynchronizer Weak        Min:  0.0, Avg:  0.0, Max:  0.0, Diff:  0.0, Sum:  0.0, Workers: 4
[29.203s][debug][gc,phases      ] GC(69)     Dead                           Min: 0, Avg:  0.0, Max: 0, Diff: 0, Sum: 0, Workers: 4
[29.203s][debug][gc,phases      ] GC(69)     Total                          Min: 0, Avg: 112.8, Max: 256, Diff: 256, Sum: 451, Workers: 4
[29.203s][debug][gc,phases      ] GC(69)   JVMTI Tag Weak OopStorage      Min:  0.0, Avg:  0.0, Max:  0.0, Diff:  0.0, Sum:  0.0, Workers: 4
[29.203s][debug][gc,phases      ] GC(69)     Dead                           Min: 0, Avg:  0.0, Max: 0, Diff: 0, Sum: 0, Workers: 4
[29.203s][debug][gc,phases      ] GC(69)     Total                          Min: 0, Avg:  0.0, Max: 0, Diff: 0, Sum: 0, Workers: 4
[29.203s][debug][gc,phases      ] GC(69)   StringTable Weak               Min:  0.1, Avg:  0.1, Max:  0.1, Diff:  0.0, Sum:  0.4, Workers: 4
[29.203s][debug][gc,phases      ] GC(69)     Dead                           Min: 0, Avg:  0.0, Max: 0, Diff: 0, Sum: 0, Workers: 4
[29.203s][debug][gc,phases      ] GC(69)     Total                          Min: 9640, Avg: 10679.8, Max: 11704, Diff: 2064, Sum: 42719, Workers: 4
[29.203s][debug][gc,phases      ] GC(69)   ResolvedMethodTable Weak       Min:  0.0, Avg:  0.0, Max:  0.0, Diff:  0.0, Sum:  0.1, Workers: 4
[29.203s][debug][gc,phases      ] GC(69)     Dead                           Min: 0, Avg:  0.0, Max: 0, Diff: 0, Sum: 0, Workers: 4
[29.203s][debug][gc,phases      ] GC(69)     Total                          Min: 1726, Avg: 1810.5, Max: 2047, Diff: 321, Sum: 7242, Workers: 4
[29.203s][debug][gc,phases      ] GC(69)   JNI Weak                       Min:  0.0, Avg:  0.0, Max:  0.0, Diff:  0.0, Sum:  0.0, Workers: 4
[29.203s][debug][gc,phases      ] GC(69)     Dead                           Min: 0, Avg:  0.0, Max: 0, Diff: 0, Sum: 0, Workers: 4
[29.203s][debug][gc,phases      ] GC(69)     Total                          Min: 0, Avg:  0.8, Max: 3, Diff: 3, Sum: 3, Workers: 4
[29.203s][debug][gc,phases      ] GC(69)   StringDedup Table Weak         Min:  0.0, Avg:  0.0, Max:  0.0, Diff:  0.0, Sum:  0.0, Workers: 4
[29.203s][debug][gc,phases      ] GC(69)     Dead                           Min: 0, Avg:  0.0, Max: 0, Diff: 0, Sum: 0, Workers: 4
[29.203s][debug][gc,phases      ] GC(69)     Total                          Min: 0, Avg:  0.0, Max: 0, Diff: 0, Sum: 0, Workers: 4
[29.203s][debug][gc,phases      ] GC(69)   StringDedup Requests0 Weak     Min:  0.0, Avg:  0.0, Max:  0.0, Diff:  0.0, Sum:  0.0, Workers: 4
[29.203s][debug][gc,phases      ] GC(69)     Dead                           Min: 0, Avg:  0.0, Max: 0, Diff: 0, Sum: 0, Workers: 4
[29.203s][debug][gc,phases      ] GC(69)     Total                          Min: 0, Avg:  0.0, Max: 0, Diff: 0, Sum: 0, Workers: 4
[29.203s][debug][gc,phases      ] GC(69)   StringDedup Requests1 Weak     Min:  0.0, Avg:  0.0, Max:  0.0, Diff:  0.0, Sum:  0.0, Workers: 4
[29.203s][debug][gc,phases      ] GC(69)     Dead                           Min: 0, Avg:  0.0, Max: 0, Diff: 0, Sum: 0, Workers: 4
[29.203s][debug][gc,phases      ] GC(69)     Total                          Min: 0, Avg:  0.0, Max: 0, Diff: 0, Sum: 0, Workers: 4
[29.203s][debug][gc,phases      ] GC(69)   Weak JFR Old Object Samples    Min:  0.0, Avg:  0.0, Max:  0.0, Diff:  0.0, Sum:  0.0, Workers: 4
[29.203s][debug][gc,phases      ] GC(69)     Dead                           Min: 0, Avg:  0.0, Max: 0, Diff: 0, Sum: 0, Workers: 4
[29.203s][debug][gc,phases      ] GC(69)     Total                          Min: 0, Avg:  0.0, Max: 0, Diff: 0, Sum: 0, Workers: 4
[29.203s][debug][gc,phases      ] GC(69) Weak Processing 0.336ms
[29.203s][debug][gc,age         ] GC(69) Desired survivor size 295174144 bytes, new threshold 15 (max threshold 15)
[29.203s][info ][gc,heap        ] GC(69) PSYoungGen: 1587200K(1800192K)->108400K(1808896K) Eden: 1503232K(1503232K)->0K(1513472K) From: 83968K(296960K)->108400K(295424K)
[29.203s][info ][gc,heap        ] GC(69) ParOldGen: 551752K(669696K)->551752K(669696K)
[29.203s][info ][gc,metaspace   ] GC(69) Metaspace: 68712K(69312K)->68712K(69312K) NonClass: 58747K(59072K)->58747K(59072K) Class: 9964K(10240K)->9964K(10240K)
[29.203s][info ][gc             ] GC(69) Pause Young (Allocation Failure) 2088M->644M(2420M) 29.660ms
[29.203s][info ][gc,cpu         ] GC(69) User=0.12s Sys=0.00s Real=0.03s
[29.203s][info ][safepoint      ] Safepoint "ParallelGCFailedAllocation", Time since last: 278420654 ns, Reaching safepoint: 151305 ns, At safepoint: 29779015 ns, Total: 29930320 ns
[29.479s][info ][gc,start       ] GC(70) Pause Young (Allocation Failure)
[29.505s][debug][gc,phases      ] GC(70) Scavenge 25.813ms
[29.505s][debug][gc,ref         ] GC(70) Skipped phase 1 of Reference Processing: no references
[29.505s][debug][gc,ref         ] GC(70) Skipped phase 2 of Reference Processing: no references
[29.505s][debug][gc,ref         ] GC(70) Skipped phase 3 of Reference Processing: no references
[29.505s][debug][gc,ref         ] GC(70) Skipped phase 4 of Reference Processing: no references
[29.505s][debug][gc,phases      ] GC(70) Reference Processing 0.026ms
[29.505s][debug][gc,phases      ] GC(70)   VM Weak                        Min:  0.0, Avg:  0.0, Max:  0.0, Diff:  0.0, Sum:  0.0, Workers: 4
[29.505s][debug][gc,phases      ] GC(70)     Dead                           Min: 0, Avg:  0.0, Max: 0, Diff: 0, Sum: 0, Workers: 4
[29.505s][debug][gc,phases      ] GC(70)     Total                          Min: 0, Avg: 132.0, Max: 464, Diff: 464, Sum: 528, Workers: 4
[29.505s][debug][gc,phases      ] GC(70)   ObjectSynchronizer Weak        Min:  0.0, Avg:  0.0, Max:  0.0, Diff:  0.0, Sum:  0.0, Workers: 4
[29.505s][debug][gc,phases      ] GC(70)     Dead                           Min: 0, Avg:  0.0, Max: 0, Diff: 0, Sum: 0, Workers: 4
[29.505s][debug][gc,phases      ] GC(70)     Total                          Min: 0, Avg: 112.8, Max: 259, Diff: 259, Sum: 451, Workers: 4
[29.505s][debug][gc,phases      ] GC(70)   JVMTI Tag Weak OopStorage      Min:  0.0, Avg:  0.0, Max:  0.0, Diff:  0.0, Sum:  0.0, Workers: 4
[29.505s][debug][gc,phases      ] GC(70)     Dead                           Min: 0, Avg:  0.0, Max: 0, Diff: 0, Sum: 0, Workers: 4
[29.505s][debug][gc,phases      ] GC(70)     Total                          Min: 0, Avg:  0.0, Max: 0, Diff: 0, Sum: 0, Workers: 4
[29.505s][debug][gc,phases      ] GC(70)   StringTable Weak               Min:  0.1, Avg:  0.1, Max:  0.1, Diff:  0.0, Sum:  0.4, Workers: 4
[29.505s][debug][gc,phases      ] GC(70)     Dead                           Min: 0, Avg:  2.8, Max: 8, Diff: 8, Sum: 11, Workers: 4
[29.505s][debug][gc,phases      ] GC(70)     Total                          Min: 10304, Avg: 10680.0, Max: 11232, Diff: 928, Sum: 42720, Workers: 4
[29.505s][debug][gc,phases      ] GC(70)   ResolvedMethodTable Weak       Min:  0.0, Avg:  0.0, Max:  0.0, Diff:  0.0, Sum:  0.1, Workers: 4
[29.505s][debug][gc,phases      ] GC(70)     Dead                           Min: 0, Avg:  0.0, Max: 0, Diff: 0, Sum: 0, Workers: 4
[29.505s][debug][gc,phases      ] GC(70)     Total                          Min: 1728, Avg: 1810.5, Max: 1919, Diff: 191, Sum: 7242, Workers: 4
[29.505s][debug][gc,phases      ] GC(70)   JNI Weak                       Min:  0.0, Avg:  0.0, Max:  0.0, Diff:  0.0, Sum:  0.0, Workers: 4
[29.505s][debug][gc,phases      ] GC(70)     Dead                           Min: 0, Avg:  0.0, Max: 0, Diff: 0, Sum: 0, Workers: 4
[29.505s][debug][gc,phases      ] GC(70)     Total                          Min: 0, Avg:  0.0, Max: 0, Diff: 0, Sum: 0, Workers: 4
[29.505s][debug][gc,phases      ] GC(70)   StringDedup Table Weak         Min:  0.0, Avg:  0.0, Max:  0.0, Diff:  0.0, Sum:  0.0, Workers: 4
[29.505s][debug][gc,phases      ] GC(70)     Dead                           Min: 0, Avg:  0.0, Max: 0, Diff: 0, Sum: 0, Workers: 4
[29.505s][debug][gc,phases      ] GC(70)     Total                          Min: 0, Avg:  0.0, Max: 0, Diff: 0, Sum: 0, Workers: 4
[29.505s][debug][gc,phases      ] GC(70)   StringDedup Requests0 Weak     Min:  0.0, Avg:  0.0, Max:  0.0, Diff:  0.0, Sum:  0.0, Workers: 4
[29.505s][debug][gc,phases      ] GC(70)     Dead                           Min: 0, Avg:  0.0, Max: 0, Diff: 0, Sum: 0, Workers: 4
[29.505s][debug][gc,phases      ] GC(70)     Total                          Min: 0, Avg:  0.0, Max: 0, Diff: 0, Sum: 0, Workers: 4
[29.505s][debug][gc,phases      ] GC(70)   StringDedup Requests1 Weak     Min:  0.0, Avg:  0.0, Max:  0.0, Diff:  0.0, Sum:  0.0, Workers: 4
[29.505s][debug][gc,phases      ] GC(70)     Dead                           Min: 0, Avg:  0.0, Max: 0, Diff: 0, Sum: 0, Workers: 4
[29.505s][debug][gc,phases      ] GC(70)     Total                          Min: 0, Avg:  0.0, Max: 0, Diff: 0, Sum: 0, Workers: 4
[29.505s][debug][gc,phases      ] GC(70)   Weak JFR Old Object Samples    Min:  0.0, Avg:  0.0, Max:  0.0, Diff:  0.0, Sum:  0.0, Workers: 4
[29.505s][debug][gc,phases      ] GC(70)     Dead                           Min: 0, Avg:  0.0, Max: 0, Diff: 0, Sum: 0, Workers: 4
[29.505s][debug][gc,phases      ] GC(70)     Total                          Min: 0, Avg:  0.0, Max: 0, Diff: 0, Sum: 0, Workers: 4
[29.505s][debug][gc,phases      ] GC(70) Weak Processing 0.319ms
[29.505s][debug][gc,age         ] GC(70) Desired survivor size 285736960 bytes, new threshold 15 (max threshold 15)
[29.505s][info ][gc,heap        ] GC(70) PSYoungGen: 1621872K(1808896K)->113984K(1801728K) Eden: 1513472K(1513472K)->0K(1513472K) From: 108400K(295424K)->113984K(288256K)
[29.505s][info ][gc,heap        ] GC(70) ParOldGen: 551752K(669696K)->551752K(669696K)
[29.505s][info ][gc,metaspace   ] GC(70) Metaspace: 68714K(69312K)->68714K(69312K) NonClass: 58749K(59072K)->58749K(59072K) Class: 9964K(10240K)->9964K(10240K)
[29.505s][info ][gc             ] GC(70) Pause Young (Allocation Failure) 2122M->650M(2413M) 26.294ms
[29.505s][info ][gc,cpu         ] GC(70) User=0.10s Sys=0.01s Real=0.03s
[29.506s][info ][safepoint      ] Safepoint "ParallelGCFailedAllocation", Time since last: 275695671 ns, Reaching safepoint: 141704 ns, At safepoint: 26411012 ns, Total: 26552716 ns
[29.755s][info ][gc,start       ] GC(71) Pause Young (Allocation Failure)
[29.787s][debug][gc,phases      ] GC(71) Scavenge 31.224ms
[29.787s][debug][gc,ref         ] GC(71) Skipped phase 1 of Reference Processing: no references
[29.787s][debug][gc,ref         ] GC(71) ReferenceProcessor::execute queues: 1, RefProcThreadModel::Single, marks_oops_alive: false
[29.787s][debug][gc,ref         ] GC(71) Skipped phase 3 of Reference Processing: no references
[29.787s][debug][gc,ref         ] GC(71) Skipped phase 4 of Reference Processing: no references
[29.787s][debug][gc,phases      ] GC(71) Reference Processing 0.112ms
[29.787s][debug][gc,phases      ] GC(71)   VM Weak                        Min:  0.0, Avg:  0.0, Max:  0.0, Diff:  0.0, Sum:  0.0, Workers: 4
[29.787s][debug][gc,phases      ] GC(71)     Dead                           Min: 0, Avg:  0.0, Max: 0, Diff: 0, Sum: 0, Workers: 4
[29.787s][debug][gc,phases      ] GC(71)     Total                          Min: 0, Avg: 132.0, Max: 512, Diff: 512, Sum: 528, Workers: 4
[29.787s][debug][gc,phases      ] GC(71)   ObjectSynchronizer Weak        Min:  0.0, Avg:  0.0, Max:  0.0, Diff:  0.0, Sum:  0.0, Workers: 4
[29.787s][debug][gc,phases      ] GC(71)     Dead                           Min: 0, Avg:  0.0, Max: 0, Diff: 0, Sum: 0, Workers: 4
[29.787s][debug][gc,phases      ] GC(71)     Total                          Min: 0, Avg: 112.8, Max: 256, Diff: 256, Sum: 451, Workers: 4
[29.787s][debug][gc,phases      ] GC(71)   JVMTI Tag Weak OopStorage      Min:  0.0, Avg:  0.0, Max:  0.0, Diff:  0.0, Sum:  0.0, Workers: 4
[29.787s][debug][gc,phases      ] GC(71)     Dead                           Min: 0, Avg:  0.0, Max: 0, Diff: 0, Sum: 0, Workers: 4
[29.787s][debug][gc,phases      ] GC(71)     Total                          Min: 0, Avg:  0.0, Max: 0, Diff: 0, Sum: 0, Workers: 4
[29.787s][debug][gc,phases      ] GC(71)   StringTable Weak               Min:  0.1, Avg:  0.1, Max:  0.1, Diff:  0.0, Sum:  0.4, Workers: 4
[29.787s][debug][gc,phases      ] GC(71)     Dead                           Min: 0, Avg:  0.0, Max: 0, Diff: 0, Sum: 0, Workers: 4
[29.787s][debug][gc,phases      ] GC(71)     Total                          Min: 10184, Avg: 10690.0, Max: 11200, Diff: 1016, Sum: 42760, Workers: 4
[29.787s][debug][gc,phases      ] GC(71)   ResolvedMethodTable Weak       Min:  0.0, Avg:  0.0, Max:  0.0, Diff:  0.0, Sum:  0.1, Workers: 4
[29.787s][debug][gc,phases      ] GC(71)     Dead                           Min: 0, Avg:  0.0, Max: 0, Diff: 0, Sum: 0, Workers: 4
[29.787s][debug][gc,phases      ] GC(71)     Total                          Min: 1664, Avg: 1810.5, Max: 1919, Diff: 255, Sum: 7242, Workers: 4
[29.787s][debug][gc,phases      ] GC(71)   JNI Weak                       Min:  0.0, Avg:  0.0, Max:  0.0, Diff:  0.0, Sum:  0.0, Workers: 4
[29.787s][debug][gc,phases      ] GC(71)     Dead                           Min: 0, Avg:  0.0, Max: 0, Diff: 0, Sum: 0, Workers: 4
[29.787s][debug][gc,phases      ] GC(71)     Total                          Min: 0, Avg:  0.2, Max: 1, Diff: 1, Sum: 1, Workers: 4
[29.787s][debug][gc,phases      ] GC(71)   StringDedup Table Weak         Min:  0.0, Avg:  0.0, Max:  0.0, Diff:  0.0, Sum:  0.0, Workers: 4
[29.787s][debug][gc,phases      ] GC(71)     Dead                           Min: 0, Avg:  0.0, Max: 0, Diff: 0, Sum: 0, Workers: 4
[29.787s][debug][gc,phases      ] GC(71)     Total                          Min: 0, Avg:  0.0, Max: 0, Diff: 0, Sum: 0, Workers: 4
[29.787s][debug][gc,phases      ] GC(71)   StringDedup Requests0 Weak     Min:  0.0, Avg:  0.0, Max:  0.0, Diff:  0.0, Sum:  0.0, Workers: 4
[29.787s][debug][gc,phases      ] GC(71)     Dead                           Min: 0, Avg:  0.0, Max: 0, Diff: 0, Sum: 0, Workers: 4
[29.787s][debug][gc,phases      ] GC(71)     Total                          Min: 0, Avg:  0.0, Max: 0, Diff: 0, Sum: 0, Workers: 4
[29.787s][debug][gc,phases      ] GC(71)   StringDedup Requests1 Weak     Min:  0.0, Avg:  0.0, Max:  0.0, Diff:  0.0, Sum:  0.0, Workers: 4
[29.787s][debug][gc,phases      ] GC(71)     Dead                           Min: 0, Avg:  0.0, Max: 0, Diff: 0, Sum: 0, Workers: 4
[29.787s][debug][gc,phases      ] GC(71)     Total                          Min: 0, Avg:  0.0, Max: 0, Diff: 0, Sum: 0, Workers: 4
[29.787s][debug][gc,phases      ] GC(71)   Weak JFR Old Object Samples    Min:  0.0, Avg:  0.0, Max:  0.0, Diff:  0.0, Sum:  0.0, Workers: 4
[29.787s][debug][gc,phases      ] GC(71)     Dead                           Min: 0, Avg:  0.0, Max: 0, Diff: 0, Sum: 0, Workers: 4
[29.787s][debug][gc,phases      ] GC(71)     Total                          Min: 0, Avg:  0.0, Max: 0, Diff: 0, Sum: 0, Workers: 4
[29.787s][debug][gc,phases      ] GC(71) Weak Processing 0.302ms
[29.787s][debug][gc,age         ] GC(71) Desired survivor size 273678336 bytes, new threshold 15 (max threshold 15)
[29.787s][info ][gc,heap        ] GC(71) PSYoungGen: 1627456K(1801728K)->133562K(1829888K) Eden: 1513472K(1513472K)->0K(1550848K) From: 113984K(288256K)->133562K(279040K)
[29.787s][info ][gc,heap        ] GC(71) ParOldGen: 551752K(669696K)->551752K(669696K)
[29.787s][info ][gc,metaspace   ] GC(71) Metaspace: 68738K(69376K)->68738K(69376K) NonClass: 58773K(59136K)->58773K(59136K) Class: 9965K(10240K)->9965K(10240K)
[29.787s][info ][gc             ] GC(71) Pause Young (Allocation Failure) 2128M->669M(2441M) 31.772ms
[29.787s][info ][gc,cpu         ] GC(71) User=0.12s Sys=0.00s Real=0.03s
[29.787s][info ][safepoint      ] Safepoint "ParallelGCFailedAllocation", Time since last: 249711372 ns, Reaching safepoint: 159405 ns, At safepoint: 31879980 ns, Total: 32039385 ns
[30.056s][info ][gc,start       ] GC(72) Pause Young (Allocation Failure)
[30.095s][debug][gc,phases      ] GC(72) Scavenge 39.607ms
[30.096s][debug][gc,ref         ] GC(72) Skipped phase 1 of Reference Processing: no references
[30.096s][debug][gc,ref         ] GC(72) ReferenceProcessor::execute queues: 1, RefProcThreadModel::Single, marks_oops_alive: false
[30.096s][debug][gc,ref         ] GC(72) Skipped phase 3 of Reference Processing: no references
[30.096s][debug][gc,ref         ] GC(72) Skipped phase 4 of Reference Processing: no references
[30.096s][debug][gc,phases      ] GC(72) Reference Processing 0.117ms
[30.096s][debug][gc,phases      ] GC(72)   VM Weak                        Min:  0.0, Avg:  0.0, Max:  0.0, Diff:  0.0, Sum:  0.0, Workers: 4
[30.096s][debug][gc,phases      ] GC(72)     Dead                           Min: 0, Avg:  0.0, Max: 0, Diff: 0, Sum: 0, Workers: 4
[30.096s][debug][gc,phases      ] GC(72)     Total                          Min: 0, Avg: 132.0, Max: 528, Diff: 528, Sum: 528, Workers: 4
[30.096s][debug][gc,phases      ] GC(72)   ObjectSynchronizer Weak        Min:  0.0, Avg:  0.0, Max:  0.0, Diff:  0.0, Sum:  0.0, Workers: 4
[30.096s][debug][gc,phases      ] GC(72)     Dead                           Min: 0, Avg:  0.0, Max: 0, Diff: 0, Sum: 0, Workers: 4
[30.096s][debug][gc,phases      ] GC(72)     Total                          Min: 0, Avg: 112.8, Max: 256, Diff: 256, Sum: 451, Workers: 4
[30.096s][debug][gc,phases      ] GC(72)   JVMTI Tag Weak OopStorage      Min:  0.0, Avg:  0.0, Max:  0.0, Diff:  0.0, Sum:  0.0, Workers: 4
[30.096s][debug][gc,phases      ] GC(72)     Dead                           Min: 0, Avg:  0.0, Max: 0, Diff: 0, Sum: 0, Workers: 4
[30.096s][debug][gc,phases      ] GC(72)     Total                          Min: 0, Avg:  0.0, Max: 0, Diff: 0, Sum: 0, Workers: 4
[30.096s][debug][gc,phases      ] GC(72)   StringTable Weak               Min:  0.1, Avg:  0.1, Max:  0.1, Diff:  0.0, Sum:  0.4, Workers: 4
[30.096s][debug][gc,phases      ] GC(72)     Dead                           Min: 0, Avg:  2.8, Max: 11, Diff: 11, Sum: 11, Workers: 4
[30.096s][debug][gc,phases      ] GC(72)     Total                          Min: 10046, Avg: 10690.5, Max: 11832, Diff: 1786, Sum: 42762, Workers: 4
[30.096s][debug][gc,phases      ] GC(72)   ResolvedMethodTable Weak       Min:  0.0, Avg:  0.0, Max:  0.0, Diff:  0.0, Sum:  0.1, Workers: 4
[30.096s][debug][gc,phases      ] GC(72)     Dead                           Min: 0, Avg:  0.0, Max: 0, Diff: 0, Sum: 0, Workers: 4
[30.096s][debug][gc,phases      ] GC(72)     Total                          Min: 1536, Avg: 1810.5, Max: 2124, Diff: 588, Sum: 7242, Workers: 4
[30.096s][debug][gc,phases      ] GC(72)   JNI Weak                       Min:  0.0, Avg:  0.0, Max:  0.0, Diff:  0.0, Sum:  0.0, Workers: 4
[30.096s][debug][gc,phases      ] GC(72)     Dead                           Min: 0, Avg:  0.0, Max: 0, Diff: 0, Sum: 0, Workers: 4
[30.096s][debug][gc,phases      ] GC(72)     Total                          Min: 0, Avg:  1.0, Max: 4, Diff: 4, Sum: 4, Workers: 4
[30.096s][debug][gc,phases      ] GC(72)   StringDedup Table Weak         Min:  0.0, Avg:  0.0, Max:  0.0, Diff:  0.0, Sum:  0.0, Workers: 4
[30.096s][debug][gc,phases      ] GC(72)     Dead                           Min: 0, Avg:  0.0, Max: 0, Diff: 0, Sum: 0, Workers: 4
[30.096s][debug][gc,phases      ] GC(72)     Total                          Min: 0, Avg:  0.0, Max: 0, Diff: 0, Sum: 0, Workers: 4
[30.096s][debug][gc,phases      ] GC(72)   StringDedup Requests0 Weak     Min:  0.0, Avg:  0.0, Max:  0.0, Diff:  0.0, Sum:  0.0, Workers: 4
[30.096s][debug][gc,phases      ] GC(72)     Dead                           Min: 0, Avg:  0.0, Max: 0, Diff: 0, Sum: 0, Workers: 4
[30.096s][debug][gc,phases      ] GC(72)     Total                          Min: 0, Avg:  0.0, Max: 0, Diff: 0, Sum: 0, Workers: 4
[30.096s][debug][gc,phases      ] GC(72)   StringDedup Requests1 Weak     Min:  0.0, Avg:  0.0, Max:  0.0, Diff:  0.0, Sum:  0.0, Workers: 4
[30.096s][debug][gc,phases      ] GC(72)     Dead                           Min: 0, Avg:  0.0, Max: 0, Diff: 0, Sum: 0, Workers: 4
[30.096s][debug][gc,phases      ] GC(72)     Total                          Min: 0, Avg:  0.0, Max: 0, Diff: 0, Sum: 0, Workers: 4
[30.096s][debug][gc,phases      ] GC(72)   Weak JFR Old Object Samples    Min:  0.0, Avg:  0.0, Max:  0.0, Diff:  0.0, Sum:  0.0, Workers: 4
[30.096s][debug][gc,phases      ] GC(72)     Dead                           Min: 0, Avg:  0.0, Max: 0, Diff: 0, Sum: 0, Workers: 4
[30.096s][debug][gc,phases      ] GC(72)     Total                          Min: 0, Avg:  0.0, Max: 0, Diff: 0, Sum: 0, Workers: 4
[30.096s][debug][gc,phases      ] GC(72) Weak Processing 0.306ms
[30.096s][debug][gc,age         ] GC(72) Desired survivor size 270008320 bytes, new threshold 15 (max threshold 15)
[30.096s][info ][gc,heap        ] GC(72) PSYoungGen: 1684410K(1829888K)->166512K(1818112K) Eden: 1550848K(1550848K)->0K(1550848K) From: 133562K(279040K)->166512K(267264K)
[30.096s][info ][gc,heap        ] GC(72) ParOldGen: 551752K(669696K)->551752K(669696K)
[30.096s][info ][gc,metaspace   ] GC(72) Metaspace: 68738K(69376K)->68738K(69376K) NonClass: 58773K(59136K)->58773K(59136K) Class: 9965K(10240K)->9965K(10240K)
[30.096s][info ][gc             ] GC(72) Pause Young (Allocation Failure) 2183M->701M(2429M) 40.189ms
[30.096s][info ][gc,cpu         ] GC(72) User=0.20s Sys=0.00s Real=0.04s
[30.096s][info ][safepoint      ] Safepoint "ParallelGCFailedAllocation", Time since last: 268353541 ns, Reaching safepoint: 135104 ns, At safepoint: 40300637 ns, Total: 40435741 ns
[30.351s][info ][gc,start       ] GC(73) Pause Young (Allocation Failure)
[30.397s][debug][gc,phases      ] GC(73) Scavenge 45.684ms
[30.397s][debug][gc,ref         ] GC(73) Skipped phase 1 of Reference Processing: no references
[30.397s][debug][gc,ref         ] GC(73) ReferenceProcessor::execute queues: 1, RefProcThreadModel::Single, marks_oops_alive: false
[30.397s][debug][gc,ref         ] GC(73) Skipped phase 3 of Reference Processing: no references
[30.397s][debug][gc,ref         ] GC(73) Skipped phase 4 of Reference Processing: no references
[30.397s][debug][gc,phases      ] GC(73) Reference Processing 0.118ms
[30.397s][debug][gc,phases      ] GC(73)   VM Weak                        Min:  0.0, Avg:  0.0, Max:  0.0, Diff:  0.0, Sum:  0.0, Workers: 4
[30.397s][debug][gc,phases      ] GC(73)     Dead                           Min: 0, Avg:  0.0, Max: 0, Diff: 0, Sum: 0, Workers: 4
[30.397s][debug][gc,phases      ] GC(73)     Total                          Min: 0, Avg: 132.0, Max: 528, Diff: 528, Sum: 528, Workers: 4
[30.397s][debug][gc,phases      ] GC(73)   ObjectSynchronizer Weak        Min:  0.0, Avg:  0.0, Max:  0.0, Diff:  0.0, Sum:  0.0, Workers: 4
[30.397s][debug][gc,phases      ] GC(73)     Dead                           Min: 0, Avg:  0.0, Max: 0, Diff: 0, Sum: 0, Workers: 4
[30.397s][debug][gc,phases      ] GC(73)     Total                          Min: 0, Avg: 112.8, Max: 451, Diff: 451, Sum: 451, Workers: 4
[30.397s][debug][gc,phases      ] GC(73)   JVMTI Tag Weak OopStorage      Min:  0.0, Avg:  0.0, Max:  0.0, Diff:  0.0, Sum:  0.0, Workers: 4
[30.397s][debug][gc,phases      ] GC(73)     Dead                           Min: 0, Avg:  0.0, Max: 0, Diff: 0, Sum: 0, Workers: 4
[30.397s][debug][gc,phases      ] GC(73)     Total                          Min: 0, Avg:  0.0, Max: 0, Diff: 0, Sum: 0, Workers: 4
[30.397s][debug][gc,phases      ] GC(73)   StringTable Weak               Min:  0.1, Avg:  0.1, Max:  0.1, Diff:  0.0, Sum:  0.4, Workers: 4
[30.397s][debug][gc,phases      ] GC(73)     Dead                           Min: 0, Avg:  0.0, Max: 0, Diff: 0, Sum: 0, Workers: 4
[30.397s][debug][gc,phases      ] GC(73)     Total                          Min: 8703, Avg: 10690.5, Max: 12414, Diff: 3711, Sum: 42762, Workers: 4
[30.397s][debug][gc,phases      ] GC(73)   ResolvedMethodTable Weak       Min:  0.0, Avg:  0.0, Max:  0.0, Diff:  0.0, Sum:  0.1, Workers: 4
[30.397s][debug][gc,phases      ] GC(73)     Dead                           Min: 0, Avg:  0.0, Max: 0, Diff: 0, Sum: 0, Workers: 4
[30.397s][debug][gc,phases      ] GC(73)     Total                          Min: 1664, Avg: 1810.5, Max: 1932, Diff: 268, Sum: 7242, Workers: 4
[30.397s][debug][gc,phases      ] GC(73)   JNI Weak                       Min:  0.0, Avg:  0.0, Max:  0.0, Diff:  0.0, Sum:  0.0, Workers: 4
[30.397s][debug][gc,phases      ] GC(73)     Dead                           Min: 0, Avg:  0.0, Max: 0, Diff: 0, Sum: 0, Workers: 4
[30.397s][debug][gc,phases      ] GC(73)     Total                          Min: 0, Avg:  0.5, Max: 2, Diff: 2, Sum: 2, Workers: 4
[30.397s][debug][gc,phases      ] GC(73)   StringDedup Table Weak         Min:  0.0, Avg:  0.0, Max:  0.0, Diff:  0.0, Sum:  0.0, Workers: 4
[30.397s][debug][gc,phases      ] GC(73)     Dead                           Min: 0, Avg:  0.0, Max: 0, Diff: 0, Sum: 0, Workers: 4
[30.397s][debug][gc,phases      ] GC(73)     Total                          Min: 0, Avg:  0.0, Max: 0, Diff: 0, Sum: 0, Workers: 4
[30.397s][debug][gc,phases      ] GC(73)   StringDedup Requests0 Weak     Min:  0.0, Avg:  0.0, Max:  0.0, Diff:  0.0, Sum:  0.0, Workers: 4
[30.397s][debug][gc,phases      ] GC(73)     Dead                           Min: 0, Avg:  0.0, Max: 0, Diff: 0, Sum: 0, Workers: 4
[30.397s][debug][gc,phases      ] GC(73)     Total                          Min: 0, Avg:  0.0, Max: 0, Diff: 0, Sum: 0, Workers: 4
[30.397s][debug][gc,phases      ] GC(73)   StringDedup Requests1 Weak     Min:  0.0, Avg:  0.0, Max:  0.0, Diff:  0.0, Sum:  0.0, Workers: 4
[30.397s][debug][gc,phases      ] GC(73)     Dead                           Min: 0, Avg:  0.0, Max: 0, Diff: 0, Sum: 0, Workers: 4
[30.397s][debug][gc,phases      ] GC(73)     Total                          Min: 0, Avg:  0.0, Max: 0, Diff: 0, Sum: 0, Workers: 4
[30.397s][debug][gc,phases      ] GC(73)   Weak JFR Old Object Samples    Min:  0.0, Avg:  0.0, Max:  0.0, Diff:  0.0, Sum:  0.0, Workers: 4
[30.397s][debug][gc,phases      ] GC(73)     Dead                           Min: 0, Avg:  0.0, Max: 0, Diff: 0, Sum: 0, Workers: 4
[30.397s][debug][gc,phases      ] GC(73)     Total                          Min: 0, Avg:  0.0, Max: 0, Diff: 0, Sum: 0, Workers: 4
[30.397s][debug][gc,phases      ] GC(73) Weak Processing 0.314ms
[30.397s][debug][gc,age         ] GC(73) Desired survivor size 271581184 bytes, new threshold 15 (max threshold 15)
[30.397s][info ][gc,heap        ] GC(73) PSYoungGen: 1717360K(1818112K)->179648K(1830400K) Eden: 1550848K(1550848K)->0K(1566720K) From: 166512K(267264K)->179648K(263680K)
[30.397s][info ][gc,heap        ] GC(73) ParOldGen: 551752K(669696K)->551752K(669696K)
[30.398s][info ][gc,metaspace   ] GC(73) Metaspace: 68751K(69376K)->68751K(69376K) NonClass: 58786K(59136K)->58786K(59136K) Class: 9965K(10240K)->9965K(10240K)
[30.398s][info ][gc             ] GC(73) Pause Young (Allocation Failure) 2215M->714M(2441M) 46.254ms
[30.398s][info ][gc,cpu         ] GC(73) User=0.18s Sys=0.00s Real=0.04s
[30.398s][info ][safepoint      ] Safepoint "ParallelGCFailedAllocation", Time since last: 254974928 ns, Reaching safepoint: 157105 ns, At safepoint: 46379624 ns, Total: 46536729 ns
[30.727s][info ][gc,start       ] GC(74) Pause Young (Allocation Failure)
[30.788s][debug][gc,phases      ] GC(74) Scavenge 61.091ms
[30.788s][debug][gc,ref         ] GC(74) Skipped phase 1 of Reference Processing: no references
[30.788s][debug][gc,ref         ] GC(74) ReferenceProcessor::execute queues: 1, RefProcThreadModel::Single, marks_oops_alive: false
[30.788s][debug][gc,ref         ] GC(74) Skipped phase 3 of Reference Processing: no references
[30.788s][debug][gc,ref         ] GC(74) Skipped phase 4 of Reference Processing: no references
[30.788s][debug][gc,phases      ] GC(74) Reference Processing 0.127ms
[30.788s][debug][gc,phases      ] GC(74)   VM Weak                        Min:  0.0, Avg:  0.0, Max:  0.0, Diff:  0.0, Sum:  0.0, Workers: 4
[30.788s][debug][gc,phases      ] GC(74)     Dead                           Min: 0, Avg:  0.0, Max: 0, Diff: 0, Sum: 0, Workers: 4
[30.788s][debug][gc,phases      ] GC(74)     Total                          Min: 0, Avg: 132.0, Max: 400, Diff: 400, Sum: 528, Workers: 4
[30.788s][debug][gc,phases      ] GC(74)   ObjectSynchronizer Weak        Min:  0.0, Avg:  0.0, Max:  0.0, Diff:  0.0, Sum:  0.0, Workers: 4
[30.788s][debug][gc,phases      ] GC(74)     Dead                           Min: 0, Avg:  0.0, Max: 0, Diff: 0, Sum: 0, Workers: 4
[30.788s][debug][gc,phases      ] GC(74)     Total                          Min: 0, Avg: 112.8, Max: 192, Diff: 192, Sum: 451, Workers: 4
[30.788s][debug][gc,phases      ] GC(74)   JVMTI Tag Weak OopStorage      Min:  0.0, Avg:  0.0, Max:  0.0, Diff:  0.0, Sum:  0.0, Workers: 4
[30.788s][debug][gc,phases      ] GC(74)     Dead                           Min: 0, Avg:  0.0, Max: 0, Diff: 0, Sum: 0, Workers: 4
[30.788s][debug][gc,phases      ] GC(74)     Total                          Min: 0, Avg:  0.0, Max: 0, Diff: 0, Sum: 0, Workers: 4
[30.788s][debug][gc,phases      ] GC(74)   StringTable Weak               Min:  0.1, Avg:  0.1, Max:  0.1, Diff:  0.0, Sum:  0.4, Workers: 4
[30.788s][debug][gc,phases      ] GC(74)     Dead                           Min: 0, Avg:  2.8, Max: 8, Diff: 8, Sum: 11, Workers: 4
[30.788s][debug][gc,phases      ] GC(74)     Total                          Min: 10176, Avg: 10691.8, Max: 11776, Diff: 1600, Sum: 42767, Workers: 4
[30.788s][debug][gc,phases      ] GC(74)   ResolvedMethodTable Weak       Min:  0.0, Avg:  0.0, Max:  0.0, Diff:  0.0, Sum:  0.1, Workers: 4
[30.788s][debug][gc,phases      ] GC(74)     Dead                           Min: 0, Avg:  0.0, Max: 0, Diff: 0, Sum: 0, Workers: 4
[30.788s][debug][gc,phases      ] GC(74)     Total                          Min: 1600, Avg: 1810.5, Max: 1932, Diff: 332, Sum: 7242, Workers: 4
[30.788s][debug][gc,phases      ] GC(74)   JNI Weak                       Min:  0.0, Avg:  0.0, Max:  0.0, Diff:  0.0, Sum:  0.0, Workers: 4
[30.788s][debug][gc,phases      ] GC(74)     Dead                           Min: 0, Avg:  0.0, Max: 0, Diff: 0, Sum: 0, Workers: 4
[30.788s][debug][gc,phases      ] GC(74)     Total                          Min: 0, Avg:  0.8, Max: 3, Diff: 3, Sum: 3, Workers: 4
[30.788s][debug][gc,phases      ] GC(74)   StringDedup Table Weak         Min:  0.0, Avg:  0.0, Max:  0.0, Diff:  0.0, Sum:  0.0, Workers: 4
[30.788s][debug][gc,phases      ] GC(74)     Dead                           Min: 0, Avg:  0.0, Max: 0, Diff: 0, Sum: 0, Workers: 4
[30.788s][debug][gc,phases      ] GC(74)     Total                          Min: 0, Avg:  0.0, Max: 0, Diff: 0, Sum: 0, Workers: 4
[30.788s][debug][gc,phases      ] GC(74)   StringDedup Requests0 Weak     Min:  0.0, Avg:  0.0, Max:  0.0, Diff:  0.0, Sum:  0.0, Workers: 4
[30.788s][debug][gc,phases      ] GC(74)     Dead                           Min: 0, Avg:  0.0, Max: 0, Diff: 0, Sum: 0, Workers: 4
[30.788s][debug][gc,phases      ] GC(74)     Total                          Min: 0, Avg:  0.0, Max: 0, Diff: 0, Sum: 0, Workers: 4
[30.788s][debug][gc,phases      ] GC(74)   StringDedup Requests1 Weak     Min:  0.0, Avg:  0.0, Max:  0.0, Diff:  0.0, Sum:  0.0, Workers: 4
[30.788s][debug][gc,phases      ] GC(74)     Dead                           Min: 0, Avg:  0.0, Max: 0, Diff: 0, Sum: 0, Workers: 4
[30.788s][debug][gc,phases      ] GC(74)     Total                          Min: 0, Avg:  0.0, Max: 0, Diff: 0, Sum: 0, Workers: 4
[30.788s][debug][gc,phases      ] GC(74)   Weak JFR Old Object Samples    Min:  0.0, Avg:  0.0, Max:  0.0, Diff:  0.0, Sum:  0.0, Workers: 4
[30.788s][debug][gc,phases      ] GC(74)     Dead                           Min: 0, Avg:  0.0, Max: 0, Diff: 0, Sum: 0, Workers: 4
[30.788s][debug][gc,phases      ] GC(74)     Total                          Min: 0, Avg:  0.0, Max: 0, Diff: 0, Sum: 0, Workers: 4
[30.788s][debug][gc,phases      ] GC(74) Weak Processing 0.321ms
[30.788s][debug][gc,age         ] GC(74) Desired survivor size 285212672 bytes, new threshold 15 (max threshold 15)
[30.788s][info ][gc,heap        ] GC(74) PSYoungGen: 1746368K(1830400K)->216368K(1783296K) Eden: 1566720K(1566720K)->0K(1566720K) From: 179648K(263680K)->216368K(216576K)
[30.788s][info ][gc,heap        ] GC(74) ParOldGen: 551752K(669696K)->551760K(669696K)
[30.788s][info ][gc,metaspace   ] GC(74) Metaspace: 68758K(69376K)->68758K(69376K) NonClass: 58793K(59136K)->58793K(59136K) Class: 9965K(10240K)->9965K(10240K)
[30.788s][info ][gc             ] GC(74) Pause Young (Allocation Failure) 2244M->750M(2395M) 61.704ms
[30.788s][info ][gc,cpu         ] GC(74) User=0.24s Sys=0.00s Real=0.06s
[30.788s][info ][safepoint      ] Safepoint "ParallelGCFailedAllocation", Time since last: 328759193 ns, Reaching safepoint: 151505 ns, At safepoint: 61825698 ns, Total: 61977203 ns
[31.059s][info ][gc,start       ] GC(75) Pause Young (Allocation Failure)
[31.127s][debug][gc,phases      ] GC(75) Scavenge 68.393ms
[31.128s][debug][gc,ref         ] GC(75) Skipped phase 1 of Reference Processing: no references
[31.128s][debug][gc,ref         ] GC(75) ReferenceProcessor::execute queues: 1, RefProcThreadModel::Single, marks_oops_alive: false
[31.128s][debug][gc,ref         ] GC(75) Skipped phase 3 of Reference Processing: no references
[31.128s][debug][gc,ref         ] GC(75) Skipped phase 4 of Reference Processing: no references
[31.128s][debug][gc,phases      ] GC(75) Reference Processing 0.148ms
[31.128s][debug][gc,phases      ] GC(75)   VM Weak                        Min:  0.0, Avg:  0.0, Max:  0.0, Diff:  0.0, Sum:  0.0, Workers: 4
[31.128s][debug][gc,phases      ] GC(75)     Dead                           Min: 0, Avg:  0.0, Max: 0, Diff: 0, Sum: 0, Workers: 4
[31.128s][debug][gc,phases      ] GC(75)     Total                          Min: 0, Avg: 132.0, Max: 528, Diff: 528, Sum: 528, Workers: 4
[31.128s][debug][gc,phases      ] GC(75)   ObjectSynchronizer Weak        Min:  0.0, Avg:  0.0, Max:  0.0, Diff:  0.0, Sum:  0.0, Workers: 4
[31.128s][debug][gc,phases      ] GC(75)     Dead                           Min: 0, Avg:  0.0, Max: 0, Diff: 0, Sum: 0, Workers: 4
[31.128s][debug][gc,phases      ] GC(75)     Total                          Min: 0, Avg: 113.0, Max: 452, Diff: 452, Sum: 452, Workers: 4
[31.128s][debug][gc,phases      ] GC(75)   JVMTI Tag Weak OopStorage      Min:  0.0, Avg:  0.0, Max:  0.0, Diff:  0.0, Sum:  0.0, Workers: 4
[31.128s][debug][gc,phases      ] GC(75)     Dead                           Min: 0, Avg:  0.0, Max: 0, Diff: 0, Sum: 0, Workers: 4
[31.128s][debug][gc,phases      ] GC(75)     Total                          Min: 0, Avg:  0.0, Max: 0, Diff: 0, Sum: 0, Workers: 4
[31.128s][debug][gc,phases      ] GC(75)   StringTable Weak               Min:  0.1, Avg:  0.1, Max:  0.1, Diff:  0.0, Sum:  0.4, Workers: 4
[31.128s][debug][gc,phases      ] GC(75)     Dead                           Min: 0, Avg:  2.8, Max: 11, Diff: 11, Sum: 11, Workers: 4
[31.128s][debug][gc,phases      ] GC(75)     Total                          Min: 9856, Avg: 10692.0, Max: 12307, Diff: 2451, Sum: 42768, Workers: 4
[31.128s][debug][gc,phases      ] GC(75)   ResolvedMethodTable Weak       Min:  0.0, Avg:  0.0, Max:  0.0, Diff:  0.0, Sum:  0.1, Workers: 4
[31.128s][debug][gc,phases      ] GC(75)     Dead                           Min: 0, Avg:  0.0, Max: 0, Diff: 0, Sum: 0, Workers: 4
[31.128s][debug][gc,phases      ] GC(75)     Total                          Min: 1536, Avg: 1810.5, Max: 2111, Diff: 575, Sum: 7242, Workers: 4
[31.128s][debug][gc,phases      ] GC(75)   JNI Weak                       Min:  0.0, Avg:  0.0, Max:  0.0, Diff:  0.0, Sum:  0.0, Workers: 4
[31.128s][debug][gc,phases      ] GC(75)     Dead                           Min: 0, Avg:  0.0, Max: 0, Diff: 0, Sum: 0, Workers: 4
[31.128s][debug][gc,phases      ] GC(75)     Total                          Min: 0, Avg:  0.5, Max: 2, Diff: 2, Sum: 2, Workers: 4
[31.128s][debug][gc,phases      ] GC(75)   StringDedup Table Weak         Min:  0.0, Avg:  0.0, Max:  0.0, Diff:  0.0, Sum:  0.0, Workers: 4
[31.128s][debug][gc,phases      ] GC(75)     Dead                           Min: 0, Avg:  0.0, Max: 0, Diff: 0, Sum: 0, Workers: 4
[31.128s][debug][gc,phases      ] GC(75)     Total                          Min: 0, Avg:  0.0, Max: 0, Diff: 0, Sum: 0, Workers: 4
[31.128s][debug][gc,phases      ] GC(75)   StringDedup Requests0 Weak     Min:  0.0, Avg:  0.0, Max:  0.0, Diff:  0.0, Sum:  0.0, Workers: 4
[31.128s][debug][gc,phases      ] GC(75)     Dead                           Min: 0, Avg:  0.0, Max: 0, Diff: 0, Sum: 0, Workers: 4
[31.128s][debug][gc,phases      ] GC(75)     Total                          Min: 0, Avg:  0.0, Max: 0, Diff: 0, Sum: 0, Workers: 4
[31.128s][debug][gc,phases      ] GC(75)   StringDedup Requests1 Weak     Min:  0.0, Avg:  0.0, Max:  0.0, Diff:  0.0, Sum:  0.0, Workers: 4
[31.128s][debug][gc,phases      ] GC(75)     Dead                           Min: 0, Avg:  0.0, Max: 0, Diff: 0, Sum: 0, Workers: 4
[31.128s][debug][gc,phases      ] GC(75)     Total                          Min: 0, Avg:  0.0, Max: 0, Diff: 0, Sum: 0, Workers: 4
[31.128s][debug][gc,phases      ] GC(75)   Weak JFR Old Object Samples    Min:  0.0, Avg:  0.0, Max:  0.0, Diff:  0.0, Sum:  0.0, Workers: 4
[31.128s][debug][gc,phases      ] GC(75)     Dead                           Min: 0, Avg:  0.0, Max: 0, Diff: 0, Sum: 0, Workers: 4
[31.128s][debug][gc,phases      ] GC(75)     Total                          Min: 0, Avg:  0.0, Max: 0, Diff: 0, Sum: 0, Workers: 4
[31.128s][debug][gc,phases      ] GC(75) Weak Processing 0.318ms
[31.128s][debug][gc,age         ] GC(75) Desired survivor size 310378496 bytes, new threshold 15 (max threshold 15)
[31.128s][info ][gc,heap        ] GC(75) PSYoungGen: 1783088K(1783296K)->253792K(1769472K) Eden: 1566720K(1566720K)->0K(1490944K) From: 216368K(216576K)->253792K(278528K)
[31.128s][info ][gc,heap        ] GC(75) ParOldGen: 551760K(669696K)->551760K(669696K)
[31.128s][info ][gc,metaspace   ] GC(75) Metaspace: 68759K(69376K)->68759K(69376K) NonClass: 58794K(59136K)->58794K(59136K) Class: 9965K(10240K)->9965K(10240K)
[31.128s][info ][gc             ] GC(75) Pause Young (Allocation Failure) 2280M->786M(2382M) 69.007ms
[31.128s][info ][gc,cpu         ] GC(75) User=0.28s Sys=0.00s Real=0.07s
[31.128s][info ][safepoint      ] Safepoint "ParallelGCFailedAllocation", Time since last: 270483900 ns, Reaching safepoint: 143404 ns, At safepoint: 69107720 ns, Total: 69251124 ns
[31.356s][info ][gc,start       ] GC(76) Pause Young (Allocation Failure)
[31.428s][debug][gc,phases      ] GC(76) Scavenge 72.741ms
[31.428s][debug][gc,ref         ] GC(76) Skipped phase 1 of Reference Processing: no references
[31.429s][debug][gc,ref         ] GC(76) ReferenceProcessor::execute queues: 1, RefProcThreadModel::Single, marks_oops_alive: false
[31.429s][debug][gc,ref         ] GC(76) Skipped phase 3 of Reference Processing: no references
[31.429s][debug][gc,ref         ] GC(76) Skipped phase 4 of Reference Processing: no references
[31.429s][debug][gc,phases      ] GC(76) Reference Processing 0.124ms
[31.429s][debug][gc,phases      ] GC(76)   VM Weak                        Min:  0.0, Avg:  0.0, Max:  0.0, Diff:  0.0, Sum:  0.0, Workers: 4
[31.429s][debug][gc,phases      ] GC(76)     Dead                           Min: 0, Avg:  0.0, Max: 0, Diff: 0, Sum: 0, Workers: 4
[31.429s][debug][gc,phases      ] GC(76)     Total                          Min: 0, Avg: 132.0, Max: 448, Diff: 448, Sum: 528, Workers: 4
[31.429s][debug][gc,phases      ] GC(76)   ObjectSynchronizer Weak        Min:  0.0, Avg:  0.0, Max:  0.0, Diff:  0.0, Sum:  0.0, Workers: 4
[31.429s][debug][gc,phases      ] GC(76)     Dead                           Min: 0, Avg:  0.0, Max: 0, Diff: 0, Sum: 0, Workers: 4
[31.429s][debug][gc,phases      ] GC(76)     Total                          Min: 0, Avg: 113.0, Max: 256, Diff: 256, Sum: 452, Workers: 4
[31.429s][debug][gc,phases      ] GC(76)   JVMTI Tag Weak OopStorage      Min:  0.0, Avg:  0.0, Max:  0.0, Diff:  0.0, Sum:  0.0, Workers: 4
[31.429s][debug][gc,phases      ] GC(76)     Dead                           Min: 0, Avg:  0.0, Max: 0, Diff: 0, Sum: 0, Workers: 4
[31.429s][debug][gc,phases      ] GC(76)     Total                          Min: 0, Avg:  0.0, Max: 0, Diff: 0, Sum: 0, Workers: 4
[31.429s][debug][gc,phases      ] GC(76)   StringTable Weak               Min:  0.1, Avg:  0.1, Max:  0.1, Diff:  0.0, Sum:  0.4, Workers: 4
[31.429s][debug][gc,phases      ] GC(76)     Dead                           Min: 0, Avg:  0.0, Max: 0, Diff: 0, Sum: 0, Workers: 4
[31.429s][debug][gc,phases      ] GC(76)     Total                          Min: 9755, Avg: 10692.0, Max: 11768, Diff: 2013, Sum: 42768, Workers: 4
[31.429s][debug][gc,phases      ] GC(76)   ResolvedMethodTable Weak       Min:  0.0, Avg:  0.0, Max:  0.0, Diff:  0.0, Sum:  0.1, Workers: 4
[31.429s][debug][gc,phases      ] GC(76)     Dead                           Min: 0, Avg:  0.0, Max: 0, Diff: 0, Sum: 0, Workers: 4
[31.429s][debug][gc,phases      ] GC(76)     Total                          Min: 1728, Avg: 1810.5, Max: 1919, Diff: 191, Sum: 7242, Workers: 4
[31.429s][debug][gc,phases      ] GC(76)   JNI Weak                       Min:  0.0, Avg:  0.0, Max:  0.0, Diff:  0.0, Sum:  0.0, Workers: 4
[31.429s][debug][gc,phases      ] GC(76)     Dead                           Min: 0, Avg:  0.0, Max: 0, Diff: 0, Sum: 0, Workers: 4
[31.429s][debug][gc,phases      ] GC(76)     Total                          Min: 0, Avg:  0.8, Max: 3, Diff: 3, Sum: 3, Workers: 4
[31.429s][debug][gc,phases      ] GC(76)   StringDedup Table Weak         Min:  0.0, Avg:  0.0, Max:  0.0, Diff:  0.0, Sum:  0.0, Workers: 4
[31.429s][debug][gc,phases      ] GC(76)     Dead                           Min: 0, Avg:  0.0, Max: 0, Diff: 0, Sum: 0, Workers: 4
[31.429s][debug][gc,phases      ] GC(76)     Total                          Min: 0, Avg:  0.0, Max: 0, Diff: 0, Sum: 0, Workers: 4
[31.429s][debug][gc,phases      ] GC(76)   StringDedup Requests0 Weak     Min:  0.0, Avg:  0.0, Max:  0.0, Diff:  0.0, Sum:  0.0, Workers: 4
[31.429s][debug][gc,phases      ] GC(76)     Dead                           Min: 0, Avg:  0.0, Max: 0, Diff: 0, Sum: 0, Workers: 4
[31.429s][debug][gc,phases      ] GC(76)     Total                          Min: 0, Avg:  0.0, Max: 0, Diff: 0, Sum: 0, Workers: 4
[31.429s][debug][gc,phases      ] GC(76)   StringDedup Requests1 Weak     Min:  0.0, Avg:  0.0, Max:  0.0, Diff:  0.0, Sum:  0.0, Workers: 4
[31.429s][debug][gc,phases      ] GC(76)     Dead                           Min: 0, Avg:  0.0, Max: 0, Diff: 0, Sum: 0, Workers: 4
[31.429s][debug][gc,phases      ] GC(76)     Total                          Min: 0, Avg:  0.0, Max: 0, Diff: 0, Sum: 0, Workers: 4
[31.429s][debug][gc,phases      ] GC(76)   Weak JFR Old Object Samples    Min:  0.0, Avg:  0.0, Max:  0.0, Diff:  0.0, Sum:  0.0, Workers: 4
[31.429s][debug][gc,phases      ] GC(76)     Dead                           Min: 0, Avg:  0.0, Max: 0, Diff: 0, Sum: 0, Workers: 4
[31.429s][debug][gc,phases      ] GC(76)     Total                          Min: 0, Avg:  0.0, Max: 0, Diff: 0, Sum: 0, Workers: 4
[31.429s][debug][gc,phases      ] GC(76) Weak Processing 0.326ms
[31.429s][debug][gc,age         ] GC(76) Desired survivor size 348127232 bytes, new threshold 15 (max threshold 15)
[31.429s][info ][gc,heap        ] GC(76) PSYoungGen: 1744736K(1769472K)->301619K(1793024K) Eden: 1490944K(1490944K)->0K(1490944K) From: 253792K(278528K)->301619K(302080K)
[31.429s][info ][gc,heap        ] GC(76) ParOldGen: 551760K(669696K)->551760K(669696K)
[31.429s][info ][gc,metaspace   ] GC(76) Metaspace: 68760K(69376K)->68760K(69376K) NonClass: 58795K(59136K)->58795K(59136K) Class: 9965K(10240K)->9965K(10240K)
[31.429s][info ][gc             ] GC(76) Pause Young (Allocation Failure) 2242M->833M(2405M) 73.342ms
[31.429s][info ][gc,cpu         ] GC(76) User=0.35s Sys=0.00s Real=0.07s
[31.429s][info ][safepoint      ] Safepoint "ParallelGCFailedAllocation", Time since last: 227303373 ns, Reaching safepoint: 146404 ns, At safepoint: 73471754 ns, Total: 73618158 ns
[31.716s][info ][gc,start       ] GC(77) Pause Young (Allocation Failure)
[31.805s][debug][gc,phases      ] GC(77) Scavenge 88.247ms
[31.805s][debug][gc,ref         ] GC(77) Skipped phase 1 of Reference Processing: no references
[31.805s][debug][gc,ref         ] GC(77) ReferenceProcessor::execute queues: 1, RefProcThreadModel::Single, marks_oops_alive: false
[31.805s][debug][gc,ref         ] GC(77) Skipped phase 3 of Reference Processing: no references
[31.805s][debug][gc,ref         ] GC(77) Skipped phase 4 of Reference Processing: no references
[31.805s][debug][gc,phases      ] GC(77) Reference Processing 0.097ms
[31.805s][debug][gc,phases      ] GC(77)   VM Weak                        Min:  0.0, Avg:  0.0, Max:  0.0, Diff:  0.0, Sum:  0.0, Workers: 4
[31.805s][debug][gc,phases      ] GC(77)     Dead                           Min: 0, Avg:  0.0, Max: 0, Diff: 0, Sum: 0, Workers: 4
[31.805s][debug][gc,phases      ] GC(77)     Total                          Min: 0, Avg: 132.0, Max: 384, Diff: 384, Sum: 528, Workers: 4
[31.805s][debug][gc,phases      ] GC(77)   ObjectSynchronizer Weak        Min:  0.0, Avg:  0.0, Max:  0.0, Diff:  0.0, Sum:  0.0, Workers: 4
[31.805s][debug][gc,phases      ] GC(77)     Dead                           Min: 0, Avg:  0.0, Max: 0, Diff: 0, Sum: 0, Workers: 4
[31.805s][debug][gc,phases      ] GC(77)     Total                          Min: 0, Avg: 113.0, Max: 256, Diff: 256, Sum: 452, Workers: 4
[31.805s][debug][gc,phases      ] GC(77)   JVMTI Tag Weak OopStorage      Min:  0.0, Avg:  0.0, Max:  0.0, Diff:  0.0, Sum:  0.0, Workers: 4
[31.805s][debug][gc,phases      ] GC(77)     Dead                           Min: 0, Avg:  0.0, Max: 0, Diff: 0, Sum: 0, Workers: 4
[31.805s][debug][gc,phases      ] GC(77)     Total                          Min: 0, Avg:  0.0, Max: 0, Diff: 0, Sum: 0, Workers: 4
[31.805s][debug][gc,phases      ] GC(77)   StringTable Weak               Min:  0.1, Avg:  0.1, Max:  0.1, Diff:  0.0, Sum:  0.4, Workers: 4
[31.805s][debug][gc,phases      ] GC(77)     Dead                           Min: 0, Avg:  2.8, Max: 8, Diff: 8, Sum: 11, Workers: 4
[31.805s][debug][gc,phases      ] GC(77)     Total                          Min: 9813, Avg: 10693.2, Max: 11712, Diff: 1899, Sum: 42773, Workers: 4
[31.805s][debug][gc,phases      ] GC(77)   ResolvedMethodTable Weak       Min:  0.0, Avg:  0.0, Max:  0.0, Diff:  0.0, Sum:  0.1, Workers: 4
[31.805s][debug][gc,phases      ] GC(77)     Dead                           Min: 0, Avg:  0.0, Max: 0, Diff: 0, Sum: 0, Workers: 4
[31.805s][debug][gc,phases      ] GC(77)     Total                          Min: 1598, Avg: 1810.5, Max: 2060, Diff: 462, Sum: 7242, Workers: 4
[31.805s][debug][gc,phases      ] GC(77)   JNI Weak                       Min:  0.0, Avg:  0.0, Max:  0.0, Diff:  0.0, Sum:  0.0, Workers: 4
[31.805s][debug][gc,phases      ] GC(77)     Dead                           Min: 0, Avg:  0.0, Max: 0, Diff: 0, Sum: 0, Workers: 4
[31.805s][debug][gc,phases      ] GC(77)     Total                          Min: 0, Avg:  0.0, Max: 0, Diff: 0, Sum: 0, Workers: 4
[31.805s][debug][gc,phases      ] GC(77)   StringDedup Table Weak         Min:  0.0, Avg:  0.0, Max:  0.0, Diff:  0.0, Sum:  0.0, Workers: 4
[31.805s][debug][gc,phases      ] GC(77)     Dead                           Min: 0, Avg:  0.0, Max: 0, Diff: 0, Sum: 0, Workers: 4
[31.805s][debug][gc,phases      ] GC(77)     Total                          Min: 0, Avg:  0.0, Max: 0, Diff: 0, Sum: 0, Workers: 4
[31.805s][debug][gc,phases      ] GC(77)   StringDedup Requests0 Weak     Min:  0.0, Avg:  0.0, Max:  0.0, Diff:  0.0, Sum:  0.0, Workers: 4
[31.805s][debug][gc,phases      ] GC(77)     Dead                           Min: 0, Avg:  0.0, Max: 0, Diff: 0, Sum: 0, Workers: 4
[31.805s][debug][gc,phases      ] GC(77)     Total                          Min: 0, Avg:  0.0, Max: 0, Diff: 0, Sum: 0, Workers: 4
[31.805s][debug][gc,phases      ] GC(77)   StringDedup Requests1 Weak     Min:  0.0, Avg:  0.0, Max:  0.0, Diff:  0.0, Sum:  0.0, Workers: 4
[31.805s][debug][gc,phases      ] GC(77)     Dead                           Min: 0, Avg:  0.0, Max: 0, Diff: 0, Sum: 0, Workers: 4
[31.805s][debug][gc,phases      ] GC(77)     Total                          Min: 0, Avg:  0.0, Max: 0, Diff: 0, Sum: 0, Workers: 4
[31.805s][debug][gc,phases      ] GC(77)   Weak JFR Old Object Samples    Min:  0.0, Avg:  0.0, Max:  0.0, Diff:  0.0, Sum:  0.0, Workers: 4
[31.805s][debug][gc,phases      ] GC(77)     Dead                           Min: 0, Avg:  0.0, Max: 0, Diff: 0, Sum: 0, Workers: 4
[31.805s][debug][gc,phases      ] GC(77)     Total                          Min: 0, Avg:  0.0, Max: 0, Diff: 0, Sum: 0, Workers: 4
[31.805s][debug][gc,phases      ] GC(77) Weak Processing 0.323ms
[31.805s][debug][gc,age         ] GC(77) Desired survivor size 387973120 bytes, new threshold 14 (max threshold 15)
[31.805s][info ][gc,heap        ] GC(77) PSYoungGen: 1792563K(1793024K)->304096K(1643520K) Eden: 1490944K(1490944K)->0K(1339392K) From: 301619K(302080K)->304096K(304128K)
[31.805s][info ][gc,heap        ] GC(77) ParOldGen: 551760K(669696K)->574264K(669696K)
[31.805s][info ][gc,metaspace   ] GC(77) Metaspace: 68780K(69440K)->68780K(69440K) NonClass: 58814K(59200K)->58814K(59200K) Class: 9965K(10240K)->9965K(10240K)
[31.805s][info ][gc             ] GC(77) Pause Young (Allocation Failure) 2289M->857M(2259M) 88.806ms
[31.805s][info ][gc,cpu         ] GC(77) User=0.35s Sys=0.00s Real=0.09s
[31.805s][info ][safepoint      ] Safepoint "ParallelGCFailedAllocation", Time since last: 287107407 ns, Reaching safepoint: 137104 ns, At safepoint: 88918028 ns, Total: 89055132 ns
[32.051s][info ][gc,start       ] GC(78) Pause Young (Allocation Failure)
[32.149s][debug][gc,phases      ] GC(78) Scavenge 97.324ms
[32.149s][debug][gc,ref         ] GC(78) Skipped phase 1 of Reference Processing: no references
[32.149s][debug][gc,ref         ] GC(78) ReferenceProcessor::execute queues: 1, RefProcThreadModel::Single, marks_oops_alive: false
[32.149s][debug][gc,ref         ] GC(78) Skipped phase 3 of Reference Processing: no references
[32.149s][debug][gc,ref         ] GC(78) ReferenceProcessor::execute queues: 1, RefProcThreadModel::Single, marks_oops_alive: false
[32.149s][debug][gc,phases      ] GC(78) Reference Processing 0.141ms
[32.149s][debug][gc,phases      ] GC(78)   VM Weak                        Min:  0.0, Avg:  0.0, Max:  0.0, Diff:  0.0, Sum:  0.0, Workers: 4
[32.149s][debug][gc,phases      ] GC(78)     Dead                           Min: 0, Avg:  0.0, Max: 0, Diff: 0, Sum: 0, Workers: 4
[32.149s][debug][gc,phases      ] GC(78)     Total                          Min: 0, Avg: 132.0, Max: 528, Diff: 528, Sum: 528, Workers: 4
[32.149s][debug][gc,phases      ] GC(78)   ObjectSynchronizer Weak        Min:  0.0, Avg:  0.0, Max:  0.0, Diff:  0.0, Sum:  0.0, Workers: 4
[32.149s][debug][gc,phases      ] GC(78)     Dead                           Min: 0, Avg:  0.0, Max: 0, Diff: 0, Sum: 0, Workers: 4
[32.149s][debug][gc,phases      ] GC(78)     Total                          Min: 0, Avg: 113.0, Max: 452, Diff: 452, Sum: 452, Workers: 4
[32.149s][debug][gc,phases      ] GC(78)   JVMTI Tag Weak OopStorage      Min:  0.0, Avg:  0.0, Max:  0.0, Diff:  0.0, Sum:  0.0, Workers: 4
[32.149s][debug][gc,phases      ] GC(78)     Dead                           Min: 0, Avg:  0.0, Max: 0, Diff: 0, Sum: 0, Workers: 4
[32.149s][debug][gc,phases      ] GC(78)     Total                          Min: 0, Avg:  0.0, Max: 0, Diff: 0, Sum: 0, Workers: 4
[32.149s][debug][gc,phases      ] GC(78)   StringTable Weak               Min:  0.1, Avg:  0.1, Max:  0.1, Diff:  0.0, Sum:  0.4, Workers: 4
[32.149s][debug][gc,phases      ] GC(78)     Dead                           Min: 0, Avg:  2.8, Max: 11, Diff: 11, Sum: 11, Workers: 4
[32.149s][debug][gc,phases      ] GC(78)     Total                          Min: 9344, Avg: 10697.2, Max: 11702, Diff: 2358, Sum: 42789, Workers: 4
[32.149s][debug][gc,phases      ] GC(78)   ResolvedMethodTable Weak       Min:  0.0, Avg:  0.0, Max:  0.0, Diff:  0.0, Sum:  0.1, Workers: 4
[32.149s][debug][gc,phases      ] GC(78)     Dead                           Min: 0, Avg:  0.0, Max: 0, Diff: 0, Sum: 0, Workers: 4
[32.149s][debug][gc,phases      ] GC(78)     Total                          Min: 1664, Avg: 1810.5, Max: 2047, Diff: 383, Sum: 7242, Workers: 4
[32.149s][debug][gc,phases      ] GC(78)   JNI Weak                       Min:  0.0, Avg:  0.0, Max:  0.0, Diff:  0.0, Sum:  0.0, Workers: 4
[32.149s][debug][gc,phases      ] GC(78)     Dead                           Min: 0, Avg:  0.0, Max: 0, Diff: 0, Sum: 0, Workers: 4
[32.149s][debug][gc,phases      ] GC(78)     Total                          Min: 0, Avg:  0.0, Max: 0, Diff: 0, Sum: 0, Workers: 4
[32.149s][debug][gc,phases      ] GC(78)   StringDedup Table Weak         Min:  0.0, Avg:  0.0, Max:  0.0, Diff:  0.0, Sum:  0.0, Workers: 4
[32.149s][debug][gc,phases      ] GC(78)     Dead                           Min: 0, Avg:  0.0, Max: 0, Diff: 0, Sum: 0, Workers: 4
[32.149s][debug][gc,phases      ] GC(78)     Total                          Min: 0, Avg:  0.0, Max: 0, Diff: 0, Sum: 0, Workers: 4
[32.149s][debug][gc,phases      ] GC(78)   StringDedup Requests0 Weak     Min:  0.0, Avg:  0.0, Max:  0.0, Diff:  0.0, Sum:  0.0, Workers: 4
[32.149s][debug][gc,phases      ] GC(78)     Dead                           Min: 0, Avg:  0.0, Max: 0, Diff: 0, Sum: 0, Workers: 4
[32.149s][debug][gc,phases      ] GC(78)     Total                          Min: 0, Avg:  0.0, Max: 0, Diff: 0, Sum: 0, Workers: 4
[32.149s][debug][gc,phases      ] GC(78)   StringDedup Requests1 Weak     Min:  0.0, Avg:  0.0, Max:  0.0, Diff:  0.0, Sum:  0.0, Workers: 4
[32.149s][debug][gc,phases      ] GC(78)     Dead                           Min: 0, Avg:  0.0, Max: 0, Diff: 0, Sum: 0, Workers: 4
[32.149s][debug][gc,phases      ] GC(78)     Total                          Min: 0, Avg:  0.0, Max: 0, Diff: 0, Sum: 0, Workers: 4
[32.149s][debug][gc,phases      ] GC(78)   Weak JFR Old Object Samples    Min:  0.0, Avg:  0.0, Max:  0.0, Diff:  0.0, Sum:  0.0, Workers: 4
[32.149s][debug][gc,phases      ] GC(78)     Dead                           Min: 0, Avg:  0.0, Max: 0, Diff: 0, Sum: 0, Workers: 4
[32.149s][debug][gc,phases      ] GC(78)     Total                          Min: 0, Avg:  0.0, Max: 0, Diff: 0, Sum: 0, Workers: 4
[32.149s][debug][gc,phases      ] GC(78) Weak Processing 0.401ms
[32.149s][debug][gc,age         ] GC(78) Desired survivor size 434110464 bytes, new threshold 15 (max threshold 15)
[32.149s][info ][gc,heap        ] GC(78) PSYoungGen: 1643488K(1643520K)->366080K(1705984K) Eden: 1339392K(1339392K)->0K(1339392K) From: 304096K(304128K)->366080K(366592K)
[32.149s][info ][gc,heap        ] GC(78) ParOldGen: 574264K(669696K)->574264K(669696K)
[32.149s][info ][gc,metaspace   ] GC(78) Metaspace: 68781K(69440K)->68781K(69440K) NonClass: 58816K(59200K)->58816K(59200K) Class: 9965K(10240K)->9965K(10240K)
[32.149s][info ][gc             ] GC(78) Pause Young (Allocation Failure) 2165M->918M(2320M) 98.020ms
[32.149s][info ][gc,cpu         ] GC(78) User=0.39s Sys=0.00s Real=0.09s
[32.150s][info ][safepoint      ] Safepoint "ParallelGCFailedAllocation", Time since last: 244098284 ns, Reaching safepoint: 2149666 ns, At safepoint: 98159308 ns, Total: 100308974 ns
[32.358s][info ][gc,start       ] GC(79) Pause Young (Allocation Failure)
[32.471s][debug][gc,phases      ] GC(79) Scavenge 112.901ms
[32.471s][debug][gc,ref         ] GC(79) Skipped phase 1 of Reference Processing: no references
[32.471s][debug][gc,ref         ] GC(79) ReferenceProcessor::execute queues: 1, RefProcThreadModel::Single, marks_oops_alive: false
[32.471s][debug][gc,ref         ] GC(79) Skipped phase 3 of Reference Processing: no references
[32.471s][debug][gc,ref         ] GC(79) ReferenceProcessor::execute queues: 1, RefProcThreadModel::Single, marks_oops_alive: false
[32.471s][debug][gc,phases      ] GC(79) Reference Processing 0.114ms
[32.471s][debug][gc,phases      ] GC(79)   VM Weak                        Min:  0.0, Avg:  0.0, Max:  0.0, Diff:  0.0, Sum:  0.0, Workers: 4
[32.471s][debug][gc,phases      ] GC(79)     Dead                           Min: 0, Avg:  0.0, Max: 0, Diff: 0, Sum: 0, Workers: 4
[32.471s][debug][gc,phases      ] GC(79)     Total                          Min: 0, Avg: 132.0, Max: 336, Diff: 336, Sum: 528, Workers: 4
[32.471s][debug][gc,phases      ] GC(79)   ObjectSynchronizer Weak        Min:  0.0, Avg:  0.0, Max:  0.0, Diff:  0.0, Sum:  0.0, Workers: 4
[32.471s][debug][gc,phases      ] GC(79)     Dead                           Min: 0, Avg:  0.0, Max: 0, Diff: 0, Sum: 0, Workers: 4
[32.471s][debug][gc,phases      ] GC(79)     Total                          Min: 0, Avg: 113.0, Max: 320, Diff: 320, Sum: 452, Workers: 4
[32.471s][debug][gc,phases      ] GC(79)   JVMTI Tag Weak OopStorage      Min:  0.0, Avg:  0.0, Max:  0.0, Diff:  0.0, Sum:  0.0, Workers: 4
[32.471s][debug][gc,phases      ] GC(79)     Dead                           Min: 0, Avg:  0.0, Max: 0, Diff: 0, Sum: 0, Workers: 4
[32.471s][debug][gc,phases      ] GC(79)     Total                          Min: 0, Avg:  0.0, Max: 0, Diff: 0, Sum: 0, Workers: 4
[32.471s][debug][gc,phases      ] GC(79)   StringTable Weak               Min:  0.1, Avg:  0.1, Max:  0.1, Diff:  0.0, Sum:  0.3, Workers: 4
[32.471s][debug][gc,phases      ] GC(79)     Dead                           Min: 0, Avg:  0.0, Max: 0, Diff: 0, Sum: 0, Workers: 4
[32.471s][debug][gc,phases      ] GC(79)     Total                          Min: 9472, Avg: 10697.5, Max: 11824, Diff: 2352, Sum: 42790, Workers: 4
[32.471s][debug][gc,phases      ] GC(79)   ResolvedMethodTable Weak       Min:  0.0, Avg:  0.0, Max:  0.0, Diff:  0.0, Sum:  0.1, Workers: 4
[32.471s][debug][gc,phases      ] GC(79)     Dead                           Min: 0, Avg:  0.0, Max: 0, Diff: 0, Sum: 0, Workers: 4
[32.471s][debug][gc,phases      ] GC(79)     Total                          Min: 1726, Avg: 1810.5, Max: 2047, Diff: 321, Sum: 7242, Workers: 4
[32.471s][debug][gc,phases      ] GC(79)   JNI Weak                       Min:  0.0, Avg:  0.0, Max:  0.0, Diff:  0.0, Sum:  0.0, Workers: 4
[32.471s][debug][gc,phases      ] GC(79)     Dead                           Min: 0, Avg:  0.0, Max: 0, Diff: 0, Sum: 0, Workers: 4
[32.471s][debug][gc,phases      ] GC(79)     Total                          Min: 0, Avg:  0.0, Max: 0, Diff: 0, Sum: 0, Workers: 4
[32.471s][debug][gc,phases      ] GC(79)   StringDedup Table Weak         Min:  0.0, Avg:  0.0, Max:  0.0, Diff:  0.0, Sum:  0.0, Workers: 4
[32.471s][debug][gc,phases      ] GC(79)     Dead                           Min: 0, Avg:  0.0, Max: 0, Diff: 0, Sum: 0, Workers: 4
[32.471s][debug][gc,phases      ] GC(79)     Total                          Min: 0, Avg:  0.0, Max: 0, Diff: 0, Sum: 0, Workers: 4
[32.471s][debug][gc,phases      ] GC(79)   StringDedup Requests0 Weak     Min:  0.0, Avg:  0.0, Max:  0.0, Diff:  0.0, Sum:  0.0, Workers: 4
[32.471s][debug][gc,phases      ] GC(79)     Dead                           Min: 0, Avg:  0.0, Max: 0, Diff: 0, Sum: 0, Workers: 4
[32.471s][debug][gc,phases      ] GC(79)     Total                          Min: 0, Avg:  0.0, Max: 0, Diff: 0, Sum: 0, Workers: 4
[32.471s][debug][gc,phases      ] GC(79)   StringDedup Requests1 Weak     Min:  0.0, Avg:  0.0, Max:  0.0, Diff:  0.0, Sum:  0.0, Workers: 4
[32.471s][debug][gc,phases      ] GC(79)     Dead                           Min: 0, Avg:  0.0, Max: 0, Diff: 0, Sum: 0, Workers: 4
[32.471s][debug][gc,phases      ] GC(79)     Total                          Min: 0, Avg:  0.0, Max: 0, Diff: 0, Sum: 0, Workers: 4
[32.471s][debug][gc,phases      ] GC(79)   Weak JFR Old Object Samples    Min:  0.0, Avg:  0.0, Max:  0.0, Diff:  0.0, Sum:  0.0, Workers: 4
[32.471s][debug][gc,phases      ] GC(79)     Dead                           Min: 0, Avg:  0.0, Max: 0, Diff: 0, Sum: 0, Workers: 4
[32.471s][debug][gc,phases      ] GC(79)     Total                          Min: 0, Avg:  0.0, Max: 0, Diff: 0, Sum: 0, Workers: 4
[32.471s][debug][gc,phases      ] GC(79) Weak Processing 0.299ms
[32.471s][debug][gc,age         ] GC(79) Desired survivor size 481296384 bytes, new threshold 14 (max threshold 15)
[32.471s][info ][gc,heap        ] GC(79) PSYoungGen: 1705472K(1705984K)->391157K(1548288K) Eden: 1339392K(1339392K)->0K(1157120K) From: 366080K(366592K)->391157K(391168K)
[32.471s][info ][gc,heap        ] GC(79) ParOldGen: 574264K(669696K)->575432K(669696K)
[32.471s][info ][gc,metaspace   ] GC(79) Metaspace: 68785K(69440K)->68785K(69440K) NonClass: 58820K(59200K)->58820K(59200K) Class: 9965K(10240K)->9965K(10240K)
[32.471s][info ][gc             ] GC(79) Pause Young (Allocation Failure) 2226M->943M(2166M) 113.441ms
[32.471s][info ][gc,cpu         ] GC(79) User=0.44s Sys=0.00s Real=0.12s
[32.471s][info ][safepoint      ] Safepoint "ParallelGCFailedAllocation", Time since last: 208007176 ns, Reaching safepoint: 145104 ns, At safepoint: 113559781 ns, Total: 113704885 ns
[32.778s][info ][gc,start       ] GC(80) Pause Young (Allocation Failure)
[32.908s][debug][gc,phases      ] GC(80) Scavenge 129.709ms
[32.908s][debug][gc,ref         ] GC(80) Skipped phase 1 of Reference Processing: no references
[32.908s][debug][gc,ref         ] GC(80) ReferenceProcessor::execute queues: 1, RefProcThreadModel::Single, marks_oops_alive: false
[32.908s][debug][gc,ref         ] GC(80) Skipped phase 3 of Reference Processing: no references
[32.908s][debug][gc,ref         ] GC(80) ReferenceProcessor::execute queues: 1, RefProcThreadModel::Single, marks_oops_alive: false
[32.908s][debug][gc,phases      ] GC(80) Reference Processing 0.129ms
[32.908s][debug][gc,phases      ] GC(80)   VM Weak                        Min:  0.0, Avg:  0.0, Max:  0.0, Diff:  0.0, Sum:  0.0, Workers: 4
[32.908s][debug][gc,phases      ] GC(80)     Dead                           Min: 0, Avg:  0.0, Max: 0, Diff: 0, Sum: 0, Workers: 4
[32.908s][debug][gc,phases      ] GC(80)     Total                          Min: 0, Avg: 132.0, Max: 528, Diff: 528, Sum: 528, Workers: 4
[32.908s][debug][gc,phases      ] GC(80)   ObjectSynchronizer Weak        Min:  0.0, Avg:  0.0, Max:  0.0, Diff:  0.0, Sum:  0.0, Workers: 4
[32.908s][debug][gc,phases      ] GC(80)     Dead                           Min: 0, Avg:  0.0, Max: 0, Diff: 0, Sum: 0, Workers: 4
[32.908s][debug][gc,phases      ] GC(80)     Total                          Min: 0, Avg: 113.0, Max: 320, Diff: 320, Sum: 452, Workers: 4
[32.908s][debug][gc,phases      ] GC(80)   JVMTI Tag Weak OopStorage      Min:  0.0, Avg:  0.0, Max:  0.0, Diff:  0.0, Sum:  0.0, Workers: 4
[32.908s][debug][gc,phases      ] GC(80)     Dead                           Min: 0, Avg:  0.0, Max: 0, Diff: 0, Sum: 0, Workers: 4
[32.908s][debug][gc,phases      ] GC(80)     Total                          Min: 0, Avg:  0.0, Max: 0, Diff: 0, Sum: 0, Workers: 4
[32.908s][debug][gc,phases      ] GC(80)   StringTable Weak               Min:  0.1, Avg:  0.1, Max:  0.1, Diff:  0.0, Sum:  0.3, Workers: 4
[32.908s][debug][gc,phases      ] GC(80)     Dead                           Min: 0, Avg:  2.8, Max: 8, Diff: 8, Sum: 11, Workers: 4
[32.908s][debug][gc,phases      ] GC(80)     Total                          Min: 8741, Avg: 10713.2, Max: 12608, Diff: 3867, Sum: 42853, Workers: 4
[32.908s][debug][gc,phases      ] GC(80)   ResolvedMethodTable Weak       Min:  0.0, Avg:  0.0, Max:  0.0, Diff:  0.0, Sum:  0.1, Workers: 4
[32.908s][debug][gc,phases      ] GC(80)     Dead                           Min: 0, Avg:  0.0, Max: 0, Diff: 0, Sum: 0, Workers: 4
[32.908s][debug][gc,phases      ] GC(80)     Total                          Min: 1664, Avg: 1810.5, Max: 2047, Diff: 383, Sum: 7242, Workers: 4
[32.908s][debug][gc,phases      ] GC(80)   JNI Weak                       Min:  0.0, Avg:  0.0, Max:  0.0, Diff:  0.0, Sum:  0.0, Workers: 4
[32.908s][debug][gc,phases      ] GC(80)     Dead                           Min: 0, Avg:  0.0, Max: 0, Diff: 0, Sum: 0, Workers: 4
[32.908s][debug][gc,phases      ] GC(80)     Total                          Min: 0, Avg:  0.2, Max: 1, Diff: 1, Sum: 1, Workers: 4
[32.908s][debug][gc,phases      ] GC(80)   StringDedup Table Weak         Min:  0.0, Avg:  0.0, Max:  0.0, Diff:  0.0, Sum:  0.0, Workers: 4
[32.908s][debug][gc,phases      ] GC(80)     Dead                           Min: 0, Avg:  0.0, Max: 0, Diff: 0, Sum: 0, Workers: 4
[32.908s][debug][gc,phases      ] GC(80)     Total                          Min: 0, Avg:  0.0, Max: 0, Diff: 0, Sum: 0, Workers: 4
[32.908s][debug][gc,phases      ] GC(80)   StringDedup Requests0 Weak     Min:  0.0, Avg:  0.0, Max:  0.0, Diff:  0.0, Sum:  0.0, Workers: 4
[32.908s][debug][gc,phases      ] GC(80)     Dead                           Min: 0, Avg:  0.0, Max: 0, Diff: 0, Sum: 0, Workers: 4
[32.908s][debug][gc,phases      ] GC(80)     Total                          Min: 0, Avg:  0.0, Max: 0, Diff: 0, Sum: 0, Workers: 4
[32.908s][debug][gc,phases      ] GC(80)   StringDedup Requests1 Weak     Min:  0.0, Avg:  0.0, Max:  0.0, Diff:  0.0, Sum:  0.0, Workers: 4
[32.908s][debug][gc,phases      ] GC(80)     Dead                           Min: 0, Avg:  0.0, Max: 0, Diff: 0, Sum: 0, Workers: 4
[32.908s][debug][gc,phases      ] GC(80)     Total                          Min: 0, Avg:  0.0, Max: 0, Diff: 0, Sum: 0, Workers: 4
[32.908s][debug][gc,phases      ] GC(80)   Weak JFR Old Object Samples    Min:  0.0, Avg:  0.0, Max:  0.0, Diff:  0.0, Sum:  0.0, Workers: 4
[32.908s][debug][gc,phases      ] GC(80)     Dead                           Min: 0, Avg:  0.0, Max: 0, Diff: 0, Sum: 0, Workers: 4
[32.908s][debug][gc,phases      ] GC(80)     Total                          Min: 0, Avg:  0.0, Max: 0, Diff: 0, Sum: 0, Workers: 4
[32.908s][debug][gc,phases      ] GC(80) Weak Processing 0.284ms
[32.908s][debug][gc,age         ] GC(80) Desired survivor size 536870912 bytes, new threshold 13 (max threshold 15)
[32.908s][info ][gc,heap        ] GC(80) PSYoungGen: 1548275K(1548288K)->469984K(1627136K) Eden: 1157117K(1157120K)->0K(1157120K) From: 391157K(391168K)->469984K(470016K)
[32.908s][info ][gc,heap        ] GC(80) ParOldGen: 575432K(669696K)->576800K(669696K)
[32.908s][info ][gc,metaspace   ] GC(80) Metaspace: 68798K(69504K)->68798K(69504K) NonClass: 58833K(59264K)->58833K(59264K) Class: 9965K(10240K)->9965K(10240K)
[32.908s][info ][gc             ] GC(80) Pause Young (Allocation Failure) 2073M->1022M(2243M) 130.254ms
[32.908s][info ][gc,cpu         ] GC(80) User=0.52s Sys=0.00s Real=0.13s
[32.909s][info ][safepoint      ] Safepoint "ParallelGCFailedAllocation", Time since last: 306748402 ns, Reaching safepoint: 144504 ns, At safepoint: 130349095 ns, Total: 130493599 ns
[33.105s][info ][gc,start       ] GC(81) Pause Young (Allocation Failure)
[33.266s][debug][gc,phases      ] GC(81) Scavenge 161.431ms
[33.266s][debug][gc,ref         ] GC(81) Skipped phase 1 of Reference Processing: no references
[33.266s][debug][gc,ref         ] GC(81) ReferenceProcessor::execute queues: 1, RefProcThreadModel::Single, marks_oops_alive: false
[33.266s][debug][gc,ref         ] GC(81) Skipped phase 3 of Reference Processing: no references
[33.266s][debug][gc,ref         ] GC(81) ReferenceProcessor::execute queues: 1, RefProcThreadModel::Single, marks_oops_alive: false
[33.266s][debug][gc,phases      ] GC(81) Reference Processing 0.114ms
[33.266s][debug][gc,phases      ] GC(81)   VM Weak                        Min:  0.0, Avg:  0.0, Max:  0.0, Diff:  0.0, Sum:  0.0, Workers: 4
[33.266s][debug][gc,phases      ] GC(81)     Dead                           Min: 0, Avg:  0.0, Max: 0, Diff: 0, Sum: 0, Workers: 4
[33.266s][debug][gc,phases      ] GC(81)     Total                          Min: 0, Avg: 132.0, Max: 528, Diff: 528, Sum: 528, Workers: 4
[33.266s][debug][gc,phases      ] GC(81)   ObjectSynchronizer Weak        Min:  0.0, Avg:  0.0, Max:  0.0, Diff:  0.0, Sum:  0.0, Workers: 4
[33.266s][debug][gc,phases      ] GC(81)     Dead                           Min: 0, Avg:  0.0, Max: 0, Diff: 0, Sum: 0, Workers: 4
[33.266s][debug][gc,phases      ] GC(81)     Total                          Min: 0, Avg: 113.0, Max: 452, Diff: 452, Sum: 452, Workers: 4
[33.266s][debug][gc,phases      ] GC(81)   JVMTI Tag Weak OopStorage      Min:  0.0, Avg:  0.0, Max:  0.0, Diff:  0.0, Sum:  0.0, Workers: 4
[33.266s][debug][gc,phases      ] GC(81)     Dead                           Min: 0, Avg:  0.0, Max: 0, Diff: 0, Sum: 0, Workers: 4
[33.266s][debug][gc,phases      ] GC(81)     Total                          Min: 0, Avg:  0.0, Max: 0, Diff: 0, Sum: 0, Workers: 4
[33.266s][debug][gc,phases      ] GC(81)   StringTable Weak               Min:  0.1, Avg:  0.1, Max:  0.1, Diff:  0.0, Sum:  0.4, Workers: 4
[33.266s][debug][gc,phases      ] GC(81)     Dead                           Min: 0, Avg:  2.8, Max: 11, Diff: 11, Sum: 11, Workers: 4
[33.266s][debug][gc,phases      ] GC(81)     Total                          Min: 8881, Avg: 10715.5, Max: 11584, Diff: 2703, Sum: 42862, Workers: 4
[33.266s][debug][gc,phases      ] GC(81)   ResolvedMethodTable Weak       Min:  0.0, Avg:  0.0, Max:  0.0, Diff:  0.0, Sum:  0.1, Workers: 4
[33.266s][debug][gc,phases      ] GC(81)     Dead                           Min: 0, Avg:  0.0, Max: 0, Diff: 0, Sum: 0, Workers: 4
[33.266s][debug][gc,phases      ] GC(81)     Total                          Min: 1726, Avg: 1810.5, Max: 2047, Diff: 321, Sum: 7242, Workers: 4
[33.266s][debug][gc,phases      ] GC(81)   JNI Weak                       Min:  0.0, Avg:  0.0, Max:  0.0, Diff:  0.0, Sum:  0.0, Workers: 4
[33.266s][debug][gc,phases      ] GC(81)     Dead                           Min: 0, Avg:  0.0, Max: 0, Diff: 0, Sum: 0, Workers: 4
[33.266s][debug][gc,phases      ] GC(81)     Total                          Min: 0, Avg:  0.0, Max: 0, Diff: 0, Sum: 0, Workers: 4
[33.266s][debug][gc,phases      ] GC(81)   StringDedup Table Weak         Min:  0.0, Avg:  0.0, Max:  0.0, Diff:  0.0, Sum:  0.0, Workers: 4
[33.266s][debug][gc,phases      ] GC(81)     Dead                           Min: 0, Avg:  0.0, Max: 0, Diff: 0, Sum: 0, Workers: 4
[33.266s][debug][gc,phases      ] GC(81)     Total                          Min: 0, Avg:  0.0, Max: 0, Diff: 0, Sum: 0, Workers: 4
[33.266s][debug][gc,phases      ] GC(81)   StringDedup Requests0 Weak     Min:  0.0, Avg:  0.0, Max:  0.0, Diff:  0.0, Sum:  0.0, Workers: 4
[33.266s][debug][gc,phases      ] GC(81)     Dead                           Min: 0, Avg:  0.0, Max: 0, Diff: 0, Sum: 0, Workers: 4
[33.266s][debug][gc,phases      ] GC(81)     Total                          Min: 0, Avg:  0.0, Max: 0, Diff: 0, Sum: 0, Workers: 4
[33.266s][debug][gc,phases      ] GC(81)   StringDedup Requests1 Weak     Min:  0.0, Avg:  0.0, Max:  0.0, Diff:  0.0, Sum:  0.0, Workers: 4
[33.266s][debug][gc,phases      ] GC(81)     Dead                           Min: 0, Avg:  0.0, Max: 0, Diff: 0, Sum: 0, Workers: 4
[33.266s][debug][gc,phases      ] GC(81)     Total                          Min: 0, Avg:  0.0, Max: 0, Diff: 0, Sum: 0, Workers: 4
[33.266s][debug][gc,phases      ] GC(81)   Weak JFR Old Object Samples    Min:  0.0, Avg:  0.0, Max:  0.0, Diff:  0.0, Sum:  0.0, Workers: 4
[33.266s][debug][gc,phases      ] GC(81)     Dead                           Min: 0, Avg:  0.0, Max: 0, Diff: 0, Sum: 0, Workers: 4
[33.266s][debug][gc,phases      ] GC(81)     Total                          Min: 0, Avg:  0.0, Max: 0, Diff: 0, Sum: 0, Workers: 4
[33.266s][debug][gc,phases      ] GC(81) Weak Processing 0.334ms
[33.266s][debug][gc,age         ] GC(81) Desired survivor size 536870912 bytes, new threshold 12 (max threshold 15)
[33.267s][info ][gc,heap        ] GC(81) PSYoungGen: 1627104K(1627136K)->448512K(1518592K) Eden: 1157120K(1157120K)->0K(1048576K) From: 469984K(470016K)->448512K(470016K)
[33.267s][info ][gc,heap        ] GC(81) ParOldGen: 576800K(669696K)->658200K(669696K)
[33.267s][info ][gc,metaspace   ] GC(81) Metaspace: 68801K(69504K)->68801K(69504K) NonClass: 58835K(59264K)->58835K(59264K) Class: 9966K(10240K)->9966K(10240K)
[33.267s][info ][gc             ] GC(81) Pause Young (Allocation Failure) 2152M->1080M(2137M) 162.020ms
[33.267s][info ][gc,cpu         ] GC(81) User=0.65s Sys=0.00s Real=0.16s
[33.267s][debug][gc,phases      ] GC(82) Pre Compact 0.009ms
[33.267s][info ][gc,start       ] GC(82) Pause Full (Ergonomics)
[33.267s][info ][gc,phases,start] GC(82) Marking Phase
[33.403s][debug][gc,phases      ] GC(82) Par Mark 136.007ms
[33.403s][debug][gc,ref         ] GC(82) Skipped phase 1 of Reference Processing: no references
[33.403s][debug][gc,ref         ] GC(82) ReferenceProcessor::execute queues: 1, RefProcThreadModel::Single, marks_oops_alive: false
[33.403s][debug][gc,ref         ] GC(82) Skipped phase 3 of Reference Processing: no references
[33.403s][debug][gc,ref         ] GC(82) ReferenceProcessor::execute queues: 1, RefProcThreadModel::Single, marks_oops_alive: false
[33.403s][debug][gc,phases      ] GC(82) Reference Processing 0.207ms
[33.403s][debug][gc,phases      ] GC(82)   VM Weak                        Min:  0.0, Avg:  0.0, Max:  0.0, Diff:  0.0, Sum:  0.0, Workers: 4
[33.403s][debug][gc,phases      ] GC(82)     Dead                           Min: 0, Avg:  0.0, Max: 0, Diff: 0, Sum: 0, Workers: 4
[33.403s][debug][gc,phases      ] GC(82)     Total                          Min: 0, Avg: 132.0, Max: 528, Diff: 528, Sum: 528, Workers: 4
[33.403s][debug][gc,phases      ] GC(82)   ObjectSynchronizer Weak        Min:  0.0, Avg:  0.0, Max:  0.0, Diff:  0.0, Sum:  0.0, Workers: 4
[33.403s][debug][gc,phases      ] GC(82)     Dead                           Min: 0, Avg:  0.0, Max: 0, Diff: 0, Sum: 0, Workers: 4
[33.403s][debug][gc,phases      ] GC(82)     Total                          Min: 0, Avg: 113.0, Max: 256, Diff: 256, Sum: 452, Workers: 4
[33.403s][debug][gc,phases      ] GC(82)   JVMTI Tag Weak OopStorage      Min:  0.0, Avg:  0.0, Max:  0.0, Diff:  0.0, Sum:  0.0, Workers: 4
[33.403s][debug][gc,phases      ] GC(82)     Dead                           Min: 0, Avg:  0.0, Max: 0, Diff: 0, Sum: 0, Workers: 4
[33.403s][debug][gc,phases      ] GC(82)     Total                          Min: 0, Avg:  0.0, Max: 0, Diff: 0, Sum: 0, Workers: 4
[33.403s][debug][gc,phases      ] GC(82)   StringTable Weak               Min:  0.2, Avg:  0.2, Max:  0.2, Diff:  0.0, Sum:  0.6, Workers: 4
[33.403s][debug][gc,phases      ] GC(82)     Dead                           Min: 0, Avg:  0.0, Max: 0, Diff: 0, Sum: 0, Workers: 4
[33.403s][debug][gc,phases      ] GC(82)     Total                          Min: 10040, Avg: 10715.5, Max: 12153, Diff: 2113, Sum: 42862, Workers: 4
[33.403s][debug][gc,phases      ] GC(82)   ResolvedMethodTable Weak       Min:  0.0, Avg:  0.0, Max:  0.0, Diff:  0.0, Sum:  0.1, Workers: 4
[33.403s][debug][gc,phases      ] GC(82)     Dead                           Min: 0, Avg:  0.0, Max: 0, Diff: 0, Sum: 0, Workers: 4
[33.403s][debug][gc,phases      ] GC(82)     Total                          Min: 1726, Avg: 1810.5, Max: 2047, Diff: 321, Sum: 7242, Workers: 4
[33.403s][debug][gc,phases      ] GC(82)   JNI Weak                       Min:  0.0, Avg:  0.0, Max:  0.0, Diff:  0.0, Sum:  0.0, Workers: 4
[33.403s][debug][gc,phases      ] GC(82)     Dead                           Min: 0, Avg:  0.0, Max: 0, Diff: 0, Sum: 0, Workers: 4
[33.403s][debug][gc,phases      ] GC(82)     Total                          Min: 0, Avg:  0.0, Max: 0, Diff: 0, Sum: 0, Workers: 4
[33.403s][debug][gc,phases      ] GC(82)   StringDedup Table Weak         Min:  0.0, Avg:  0.0, Max:  0.0, Diff:  0.0, Sum:  0.0, Workers: 4
[33.403s][debug][gc,phases      ] GC(82)     Dead                           Min: 0, Avg:  0.0, Max: 0, Diff: 0, Sum: 0, Workers: 4
[33.403s][debug][gc,phases      ] GC(82)     Total                          Min: 0, Avg:  0.0, Max: 0, Diff: 0, Sum: 0, Workers: 4
[33.403s][debug][gc,phases      ] GC(82)   StringDedup Requests0 Weak     Min:  0.0, Avg:  0.0, Max:  0.0, Diff:  0.0, Sum:  0.0, Workers: 4
[33.403s][debug][gc,phases      ] GC(82)     Dead                           Min: 0, Avg:  0.0, Max: 0, Diff: 0, Sum: 0, Workers: 4
[33.403s][debug][gc,phases      ] GC(82)     Total                          Min: 0, Avg:  0.0, Max: 0, Diff: 0, Sum: 0, Workers: 4
[33.403s][debug][gc,phases      ] GC(82)   StringDedup Requests1 Weak     Min:  0.0, Avg:  0.0, Max:  0.0, Diff:  0.0, Sum:  0.0, Workers: 4
[33.403s][debug][gc,phases      ] GC(82)     Dead                           Min: 0, Avg:  0.0, Max: 0, Diff: 0, Sum: 0, Workers: 4
[33.403s][debug][gc,phases      ] GC(82)     Total                          Min: 0, Avg:  0.0, Max: 0, Diff: 0, Sum: 0, Workers: 4
[33.403s][debug][gc,phases      ] GC(82)   Weak JFR Old Object Samples    Min:  0.0, Avg:  0.0, Max:  0.0, Diff:  0.0, Sum:  0.0, Workers: 4
[33.403s][debug][gc,phases      ] GC(82)     Dead                           Min: 0, Avg:  0.0, Max: 0, Diff: 0, Sum: 0, Workers: 4
[33.403s][debug][gc,phases      ] GC(82)     Total                          Min: 0, Avg:  0.0, Max: 0, Diff: 0, Sum: 0, Workers: 4
[33.403s][debug][gc,phases      ] GC(82) Weak Processing 0.391ms
[33.403s][debug][gc,phases      ] GC(82) ClassLoaderData 0.071ms
[33.403s][debug][gc,phases      ] GC(82) Trigger cleanups 0.000ms
[33.413s][debug][gc,phases      ] GC(82) Class Unloading 10.105ms
[33.413s][info ][gc,phases      ] GC(82) Marking Phase 146.876ms
[33.413s][info ][gc,phases,start] GC(82) Summary Phase
[33.413s][info ][gc,phases      ] GC(82) Summary Phase 0.031ms
[33.413s][info ][gc,phases,start] GC(82) Adjust Roots
[33.421s][info ][gc,phases      ] GC(82) Adjust Roots 7.924ms
[33.421s][info ][gc,phases,start] GC(82) Compaction Phase
[33.642s][info ][gc,phases      ] GC(82) Compaction Phase 220.446ms
[33.642s][info ][gc,phases,start] GC(82) Post Compact
[33.645s][info ][gc,phases      ] GC(82) Post Compact 2.903ms
[33.645s][info ][gc,heap        ] GC(82) PSYoungGen: 448512K(1518592K)->0K(1572864K) Eden: 0K(1048576K)->0K(1048576K) From: 448512K(470016K)->0K(524288K)
[33.645s][info ][gc,heap        ] GC(82) ParOldGen: 658200K(669696K)->473156K(611840K)
[33.645s][info ][gc,metaspace   ] GC(82) Metaspace: 68801K(69504K)->68801K(69504K) NonClass: 58835K(59264K)->58835K(59264K) Class: 9966K(10240K)->9966K(10240K)
[33.645s][info ][gc             ] GC(82) Pause Full (Ergonomics) 1080M->462M(2133M) 378.586ms
[33.645s][info ][gc,cpu         ] GC(82) User=1.44s Sys=0.01s Real=0.38s
[33.645s][info ][safepoint      ] Safepoint "ParallelGCFailedAllocation", Time since last: 195783696 ns, Reaching safepoint: 155205 ns, At safepoint: 540811463 ns, Total: 540966668 ns
[33.803s][info ][gc,start       ] GC(83) Pause Young (Allocation Failure)
[33.815s][debug][gc,phases      ] GC(83) Scavenge 12.309ms
[33.815s][debug][gc,ref         ] GC(83) Skipped phase 1 of Reference Processing: no references
[33.815s][debug][gc,ref         ] GC(83) Skipped phase 2 of Reference Processing: no references
[33.815s][debug][gc,ref         ] GC(83) Skipped phase 3 of Reference Processing: no references
[33.816s][debug][gc,ref         ] GC(83) ReferenceProcessor::execute queues: 1, RefProcThreadModel::Single, marks_oops_alive: false
[33.816s][debug][gc,phases      ] GC(83) Reference Processing 0.111ms
[33.816s][debug][gc,phases      ] GC(83)   VM Weak                        Min:  0.0, Avg:  0.0, Max:  0.0, Diff:  0.0, Sum:  0.0, Workers: 4
[33.816s][debug][gc,phases      ] GC(83)     Dead                           Min: 0, Avg:  0.0, Max: 0, Diff: 0, Sum: 0, Workers: 4
[33.816s][debug][gc,phases      ] GC(83)     Total                          Min: 0, Avg: 132.0, Max: 272, Diff: 272, Sum: 528, Workers: 4
[33.816s][debug][gc,phases      ] GC(83)   ObjectSynchronizer Weak        Min:  0.0, Avg:  0.0, Max:  0.0, Diff:  0.0, Sum:  0.0, Workers: 4
[33.816s][debug][gc,phases      ] GC(83)     Dead                           Min: 0, Avg:  0.0, Max: 0, Diff: 0, Sum: 0, Workers: 4
[33.816s][debug][gc,phases      ] GC(83)     Total                          Min: 0, Avg: 113.0, Max: 196, Diff: 196, Sum: 452, Workers: 4
[33.816s][debug][gc,phases      ] GC(83)   JVMTI Tag Weak OopStorage      Min:  0.0, Avg:  0.0, Max:  0.0, Diff:  0.0, Sum:  0.0, Workers: 4
[33.816s][debug][gc,phases      ] GC(83)     Dead                           Min: 0, Avg:  0.0, Max: 0, Diff: 0, Sum: 0, Workers: 4
[33.816s][debug][gc,phases      ] GC(83)     Total                          Min: 0, Avg:  0.0, Max: 0, Diff: 0, Sum: 0, Workers: 4
[33.816s][debug][gc,phases      ] GC(83)   StringTable Weak               Min:  0.1, Avg:  0.1, Max:  0.1, Diff:  0.0, Sum:  0.4, Workers: 4
[33.816s][debug][gc,phases      ] GC(83)     Dead                           Min: 0, Avg:  2.8, Max: 11, Diff: 11, Sum: 11, Workers: 4
[33.816s][debug][gc,phases      ] GC(83)     Total                          Min: 9854, Avg: 10715.8, Max: 11898, Diff: 2044, Sum: 42863, Workers: 4
[33.816s][debug][gc,phases      ] GC(83)   ResolvedMethodTable Weak       Min:  0.0, Avg:  0.0, Max:  0.0, Diff:  0.0, Sum:  0.1, Workers: 4
[33.816s][debug][gc,phases      ] GC(83)     Dead                           Min: 0, Avg:  0.0, Max: 0, Diff: 0, Sum: 0, Workers: 4
[33.816s][debug][gc,phases      ] GC(83)     Total                          Min: 1726, Avg: 1810.5, Max: 1932, Diff: 206, Sum: 7242, Workers: 4
[33.816s][debug][gc,phases      ] GC(83)   JNI Weak                       Min:  0.0, Avg:  0.0, Max:  0.0, Diff:  0.0, Sum:  0.0, Workers: 4
[33.816s][debug][gc,phases      ] GC(83)     Dead                           Min: 0, Avg:  0.0, Max: 0, Diff: 0, Sum: 0, Workers: 4
[33.816s][debug][gc,phases      ] GC(83)     Total                          Min: 0, Avg:  0.2, Max: 1, Diff: 1, Sum: 1, Workers: 4
[33.816s][debug][gc,phases      ] GC(83)   StringDedup Table Weak         Min:  0.0, Avg:  0.0, Max:  0.0, Diff:  0.0, Sum:  0.0, Workers: 4
[33.816s][debug][gc,phases      ] GC(83)     Dead                           Min: 0, Avg:  0.0, Max: 0, Diff: 0, Sum: 0, Workers: 4
[33.816s][debug][gc,phases      ] GC(83)     Total                          Min: 0, Avg:  0.0, Max: 0, Diff: 0, Sum: 0, Workers: 4
[33.816s][debug][gc,phases      ] GC(83)   StringDedup Requests0 Weak     Min:  0.0, Avg:  0.0, Max:  0.0, Diff:  0.0, Sum:  0.0, Workers: 4
[33.816s][debug][gc,phases      ] GC(83)     Dead                           Min: 0, Avg:  0.0, Max: 0, Diff: 0, Sum: 0, Workers: 4
[33.816s][debug][gc,phases      ] GC(83)     Total                          Min: 0, Avg:  0.0, Max: 0, Diff: 0, Sum: 0, Workers: 4
[33.816s][debug][gc,phases      ] GC(83)   StringDedup Requests1 Weak     Min:  0.0, Avg:  0.0, Max:  0.0, Diff:  0.0, Sum:  0.0, Workers: 4
[33.816s][debug][gc,phases      ] GC(83)     Dead                           Min: 0, Avg:  0.0, Max: 0, Diff: 0, Sum: 0, Workers: 4
[33.816s][debug][gc,phases      ] GC(83)     Total                          Min: 0, Avg:  0.0, Max: 0, Diff: 0, Sum: 0, Workers: 4
[33.816s][debug][gc,phases      ] GC(83)   Weak JFR Old Object Samples    Min:  0.0, Avg:  0.0, Max:  0.0, Diff:  0.0, Sum:  0.0, Workers: 4
[33.816s][debug][gc,phases      ] GC(83)     Dead                           Min: 0, Avg:  0.0, Max: 0, Diff: 0, Sum: 0, Workers: 4
[33.816s][debug][gc,phases      ] GC(83)     Total                          Min: 0, Avg:  0.0, Max: 0, Diff: 0, Sum: 0, Workers: 4
[33.816s][debug][gc,phases      ] GC(83) Weak Processing 0.308ms
[33.816s][debug][gc,age         ] GC(83) Desired survivor size 536870912 bytes, new threshold 11 (max threshold 15)
[33.816s][info ][gc,heap        ] GC(83) PSYoungGen: 1048576K(1572864K)->41836K(1572864K) Eden: 1048576K(1048576K)->0K(1048576K) From: 0K(524288K)->41836K(524288K)
[33.816s][info ][gc,heap        ] GC(83) ParOldGen: 473156K(611840K)->473156K(611840K)
[33.816s][info ][gc,metaspace   ] GC(83) Metaspace: 68801K(69504K)->68801K(69504K) NonClass: 58835K(59264K)->58835K(59264K) Class: 9966K(10240K)->9966K(10240K)
[33.816s][info ][gc             ] GC(83) Pause Young (Allocation Failure) 1486M->502M(2133M) 12.861ms
[33.816s][info ][gc,cpu         ] GC(83) User=0.05s Sys=0.00s Real=0.01s
[33.816s][info ][safepoint      ] Safepoint "ParallelGCFailedAllocation", Time since last: 157621427 ns, Reaching safepoint: 144504 ns, At safepoint: 12978798 ns, Total: 13123302 ns
[34.021s][info ][gc,start       ] GC(84) Pause Young (Allocation Failure)
[34.034s][debug][gc,phases      ] GC(84) Scavenge 13.278ms
[34.034s][debug][gc,ref         ] GC(84) Skipped phase 1 of Reference Processing: no references
[34.034s][debug][gc,ref         ] GC(84) Skipped phase 2 of Reference Processing: no references
[34.034s][debug][gc,ref         ] GC(84) Skipped phase 3 of Reference Processing: no references
[34.034s][debug][gc,ref         ] GC(84) ReferenceProcessor::execute queues: 1, RefProcThreadModel::Single, marks_oops_alive: false
[34.034s][debug][gc,phases      ] GC(84) Reference Processing 0.114ms
[34.034s][debug][gc,phases      ] GC(84)   VM Weak                        Min:  0.0, Avg:  0.0, Max:  0.0, Diff:  0.0, Sum:  0.0, Workers: 4
[34.034s][debug][gc,phases      ] GC(84)     Dead                           Min: 0, Avg:  0.0, Max: 0, Diff: 0, Sum: 0, Workers: 4
[34.034s][debug][gc,phases      ] GC(84)     Total                          Min: 0, Avg: 132.0, Max: 320, Diff: 320, Sum: 528, Workers: 4
[34.034s][debug][gc,phases      ] GC(84)   ObjectSynchronizer Weak        Min:  0.0, Avg:  0.0, Max:  0.0, Diff:  0.0, Sum:  0.0, Workers: 4
[34.034s][debug][gc,phases      ] GC(84)     Dead                           Min: 0, Avg:  0.0, Max: 0, Diff: 0, Sum: 0, Workers: 4
[34.034s][debug][gc,phases      ] GC(84)     Total                          Min: 0, Avg: 113.0, Max: 192, Diff: 192, Sum: 452, Workers: 4
[34.034s][debug][gc,phases      ] GC(84)   JVMTI Tag Weak OopStorage      Min:  0.0, Avg:  0.0, Max:  0.0, Diff:  0.0, Sum:  0.0, Workers: 4
[34.034s][debug][gc,phases      ] GC(84)     Dead                           Min: 0, Avg:  0.0, Max: 0, Diff: 0, Sum: 0, Workers: 4
[34.034s][debug][gc,phases      ] GC(84)     Total                          Min: 0, Avg:  0.0, Max: 0, Diff: 0, Sum: 0, Workers: 4
[34.034s][debug][gc,phases      ] GC(84)   StringTable Weak               Min:  0.1, Avg:  0.1, Max:  0.1, Diff:  0.0, Sum:  0.4, Workers: 4
[34.034s][debug][gc,phases      ] GC(84)     Dead                           Min: 0, Avg:  0.0, Max: 0, Diff: 0, Sum: 0, Workers: 4
[34.034s][debug][gc,phases      ] GC(84)     Total                          Min: 9280, Avg: 10716.0, Max: 13110, Diff: 3830, Sum: 42864, Workers: 4
[34.034s][debug][gc,phases      ] GC(84)   ResolvedMethodTable Weak       Min:  0.0, Avg:  0.0, Max:  0.0, Diff:  0.0, Sum:  0.1, Workers: 4
[34.034s][debug][gc,phases      ] GC(84)     Dead                           Min: 0, Avg:  0.0, Max: 0, Diff: 0, Sum: 0, Workers: 4
[34.034s][debug][gc,phases      ] GC(84)     Total                          Min: 1600, Avg: 1810.5, Max: 2303, Diff: 703, Sum: 7242, Workers: 4
[34.034s][debug][gc,phases      ] GC(84)   JNI Weak                       Min:  0.0, Avg:  0.0, Max:  0.0, Diff:  0.0, Sum:  0.0, Workers: 4
[34.034s][debug][gc,phases      ] GC(84)     Dead                           Min: 0, Avg:  0.0, Max: 0, Diff: 0, Sum: 0, Workers: 4
[34.034s][debug][gc,phases      ] GC(84)     Total                          Min: 0, Avg:  0.2, Max: 1, Diff: 1, Sum: 1, Workers: 4
[34.034s][debug][gc,phases      ] GC(84)   StringDedup Table Weak         Min:  0.0, Avg:  0.0, Max:  0.0, Diff:  0.0, Sum:  0.0, Workers: 4
[34.034s][debug][gc,phases      ] GC(84)     Dead                           Min: 0, Avg:  0.0, Max: 0, Diff: 0, Sum: 0, Workers: 4
[34.034s][debug][gc,phases      ] GC(84)     Total                          Min: 0, Avg:  0.0, Max: 0, Diff: 0, Sum: 0, Workers: 4
[34.034s][debug][gc,phases      ] GC(84)   StringDedup Requests0 Weak     Min:  0.0, Avg:  0.0, Max:  0.0, Diff:  0.0, Sum:  0.0, Workers: 4
[34.034s][debug][gc,phases      ] GC(84)     Dead                           Min: 0, Avg:  0.0, Max: 0, Diff: 0, Sum: 0, Workers: 4
[34.034s][debug][gc,phases      ] GC(84)     Total                          Min: 0, Avg:  0.0, Max: 0, Diff: 0, Sum: 0, Workers: 4
[34.034s][debug][gc,phases      ] GC(84)   StringDedup Requests1 Weak     Min:  0.0, Avg:  0.0, Max:  0.0, Diff:  0.0, Sum:  0.0, Workers: 4
[34.034s][debug][gc,phases      ] GC(84)     Dead                           Min: 0, Avg:  0.0, Max: 0, Diff: 0, Sum: 0, Workers: 4
[34.034s][debug][gc,phases      ] GC(84)     Total                          Min: 0, Avg:  0.0, Max: 0, Diff: 0, Sum: 0, Workers: 4
[34.034s][debug][gc,phases      ] GC(84)   Weak JFR Old Object Samples    Min:  0.0, Avg:  0.0, Max:  0.0, Diff:  0.0, Sum:  0.0, Workers: 4
[34.034s][debug][gc,phases      ] GC(84)     Dead                           Min: 0, Avg:  0.0, Max: 0, Diff: 0, Sum: 0, Workers: 4
[34.034s][debug][gc,phases      ] GC(84)     Total                          Min: 0, Avg:  0.0, Max: 0, Diff: 0, Sum: 0, Workers: 4
[34.034s][debug][gc,phases      ] GC(84) Weak Processing 0.328ms
[34.034s][debug][gc,age         ] GC(84) Desired survivor size 536870912 bytes, new threshold 10 (max threshold 15)
[34.034s][info ][gc,heap        ] GC(84) PSYoungGen: 1090412K(1572864K)->58432K(1572864K) Eden: 1048576K(1048576K)->0K(1048576K) From: 41836K(524288K)->58432K(524288K)
[34.034s][info ][gc,heap        ] GC(84) ParOldGen: 473156K(611840K)->473164K(611840K)
[34.034s][info ][gc,metaspace   ] GC(84) Metaspace: 68820K(69504K)->68820K(69504K) NonClass: 58854K(59264K)->58854K(59264K) Class: 9966K(10240K)->9966K(10240K)
[34.034s][info ][gc             ] GC(84) Pause Young (Allocation Failure) 1526M->519M(2133M) 13.858ms
[34.034s][info ][gc,cpu         ] GC(84) User=0.06s Sys=0.00s Real=0.02s
[34.035s][info ][safepoint      ] Safepoint "ParallelGCFailedAllocation", Time since last: 204395856 ns, Reaching safepoint: 133904 ns, At safepoint: 13974828 ns, Total: 14108732 ns
[34.221s][info ][gc,start       ] GC(85) Pause Young (Allocation Failure)
[34.240s][debug][gc,phases      ] GC(85) Scavenge 18.702ms
[34.240s][debug][gc,ref         ] GC(85) Skipped phase 1 of Reference Processing: no references
[34.240s][debug][gc,ref         ] GC(85) Skipped phase 2 of Reference Processing: no references
[34.240s][debug][gc,ref         ] GC(85) Skipped phase 3 of Reference Processing: no references
[34.240s][debug][gc,ref         ] GC(85) ReferenceProcessor::execute queues: 1, RefProcThreadModel::Single, marks_oops_alive: false
[34.240s][debug][gc,phases      ] GC(85) Reference Processing 0.129ms
[34.241s][debug][gc,phases      ] GC(85)   VM Weak                        Min:  0.0, Avg:  0.0, Max:  0.0, Diff:  0.0, Sum:  0.0, Workers: 4
[34.241s][debug][gc,phases      ] GC(85)     Dead                           Min: 0, Avg:  0.0, Max: 0, Diff: 0, Sum: 0, Workers: 4
[34.241s][debug][gc,phases      ] GC(85)     Total                          Min: 0, Avg: 132.0, Max: 528, Diff: 528, Sum: 528, Workers: 4
[34.241s][debug][gc,phases      ] GC(85)   ObjectSynchronizer Weak        Min:  0.0, Avg:  0.0, Max:  0.0, Diff:  0.0, Sum:  0.0, Workers: 4
[34.241s][debug][gc,phases      ] GC(85)     Dead                           Min: 0, Avg:  0.0, Max: 0, Diff: 0, Sum: 0, Workers: 4
[34.241s][debug][gc,phases      ] GC(85)     Total                          Min: 0, Avg: 113.0, Max: 452, Diff: 452, Sum: 452, Workers: 4
[34.241s][debug][gc,phases      ] GC(85)   JVMTI Tag Weak OopStorage      Min:  0.0, Avg:  0.0, Max:  0.0, Diff:  0.0, Sum:  0.0, Workers: 4
[34.241s][debug][gc,phases      ] GC(85)     Dead                           Min: 0, Avg:  0.0, Max: 0, Diff: 0, Sum: 0, Workers: 4
[34.241s][debug][gc,phases      ] GC(85)     Total                          Min: 0, Avg:  0.0, Max: 0, Diff: 0, Sum: 0, Workers: 4
[34.241s][debug][gc,phases      ] GC(85)   StringTable Weak               Min:  0.1, Avg:  0.1, Max:  0.1, Diff:  0.0, Sum:  0.4, Workers: 4
[34.241s][debug][gc,phases      ] GC(85)     Dead                           Min: 1, Avg:  2.8, Max: 4, Diff: 3, Sum: 11, Workers: 4
[34.241s][debug][gc,phases      ] GC(85)     Total                          Min: 9408, Avg: 10716.8, Max: 13056, Diff: 3648, Sum: 42867, Workers: 4
[34.241s][debug][gc,phases      ] GC(85)   ResolvedMethodTable Weak       Min:  0.0, Avg:  0.0, Max:  0.0, Diff:  0.0, Sum:  0.1, Workers: 4
[34.241s][debug][gc,phases      ] GC(85)     Dead                           Min: 0, Avg:  0.0, Max: 0, Diff: 0, Sum: 0, Workers: 4
[34.241s][debug][gc,phases      ] GC(85)     Total                          Min: 1662, Avg: 1810.5, Max: 2175, Diff: 513, Sum: 7242, Workers: 4
[34.241s][debug][gc,phases      ] GC(85)   JNI Weak                       Min:  0.0, Avg:  0.0, Max:  0.0, Diff:  0.0, Sum:  0.0, Workers: 4
[34.241s][debug][gc,phases      ] GC(85)     Dead                           Min: 0, Avg:  0.0, Max: 0, Diff: 0, Sum: 0, Workers: 4
[34.241s][debug][gc,phases      ] GC(85)     Total                          Min: 0, Avg:  0.2, Max: 1, Diff: 1, Sum: 1, Workers: 4
[34.241s][debug][gc,phases      ] GC(85)   StringDedup Table Weak         Min:  0.0, Avg:  0.0, Max:  0.0, Diff:  0.0, Sum:  0.0, Workers: 4
[34.241s][debug][gc,phases      ] GC(85)     Dead                           Min: 0, Avg:  0.0, Max: 0, Diff: 0, Sum: 0, Workers: 4
[34.241s][debug][gc,phases      ] GC(85)     Total                          Min: 0, Avg:  0.0, Max: 0, Diff: 0, Sum: 0, Workers: 4
[34.241s][debug][gc,phases      ] GC(85)   StringDedup Requests0 Weak     Min:  0.0, Avg:  0.0, Max:  0.0, Diff:  0.0, Sum:  0.0, Workers: 4
[34.241s][debug][gc,phases      ] GC(85)     Dead                           Min: 0, Avg:  0.0, Max: 0, Diff: 0, Sum: 0, Workers: 4
[34.241s][debug][gc,phases      ] GC(85)     Total                          Min: 0, Avg:  0.0, Max: 0, Diff: 0, Sum: 0, Workers: 4
[34.241s][debug][gc,phases      ] GC(85)   StringDedup Requests1 Weak     Min:  0.0, Avg:  0.0, Max:  0.0, Diff:  0.0, Sum:  0.0, Workers: 4
[34.241s][debug][gc,phases      ] GC(85)     Dead                           Min: 0, Avg:  0.0, Max: 0, Diff: 0, Sum: 0, Workers: 4
[34.241s][debug][gc,phases      ] GC(85)     Total                          Min: 0, Avg:  0.0, Max: 0, Diff: 0, Sum: 0, Workers: 4
[34.241s][debug][gc,phases      ] GC(85)   Weak JFR Old Object Samples    Min:  0.0, Avg:  0.0, Max:  0.0, Diff:  0.0, Sum:  0.0, Workers: 4
[34.241s][debug][gc,phases      ] GC(85)     Dead                           Min: 0, Avg:  0.0, Max: 0, Diff: 0, Sum: 0, Workers: 4
[34.241s][debug][gc,phases      ] GC(85)     Total                          Min: 0, Avg:  0.0, Max: 0, Diff: 0, Sum: 0, Workers: 4
[34.241s][debug][gc,phases      ] GC(85) Weak Processing 0.296ms
[34.241s][debug][gc,age         ] GC(85) Desired survivor size 536870912 bytes, new threshold 9 (max threshold 15)
[34.241s][info ][gc,heap        ] GC(85) PSYoungGen: 1107008K(1572864K)->78208K(1572864K) Eden: 1048576K(1048576K)->0K(1048576K) From: 58432K(524288K)->78208K(524288K)
[34.241s][info ][gc,heap        ] GC(85) ParOldGen: 473164K(611840K)->473164K(611840K)
[34.241s][info ][gc,metaspace   ] GC(85) Metaspace: 68829K(69504K)->68829K(69504K) NonClass: 58863K(59264K)->58863K(59264K) Class: 9966K(10240K)->9966K(10240K)
[34.241s][info ][gc             ] GC(85) Pause Young (Allocation Failure) 1543M->538M(2133M) 19.260ms
[34.241s][info ][gc,cpu         ] GC(85) User=0.07s Sys=0.00s Real=0.02s
[34.241s][info ][safepoint      ] Safepoint "ParallelGCFailedAllocation", Time since last: 186774316 ns, Reaching safepoint: 150804 ns, At safepoint: 19366493 ns, Total: 19517297 ns
[34.449s][info ][gc,start       ] GC(86) Pause Young (Allocation Failure)
[34.470s][debug][gc,phases      ] GC(86) Scavenge 20.900ms
[34.470s][debug][gc,ref         ] GC(86) Skipped phase 1 of Reference Processing: no references
[34.470s][debug][gc,ref         ] GC(86) Skipped phase 2 of Reference Processing: no references
[34.470s][debug][gc,ref         ] GC(86) Skipped phase 3 of Reference Processing: no references
[34.471s][debug][gc,ref         ] GC(86) ReferenceProcessor::execute queues: 1, RefProcThreadModel::Single, marks_oops_alive: false
[34.471s][debug][gc,phases      ] GC(86) Reference Processing 0.114ms
[34.471s][debug][gc,phases      ] GC(86)   VM Weak                        Min:  0.0, Avg:  0.0, Max:  0.0, Diff:  0.0, Sum:  0.0, Workers: 4
[34.471s][debug][gc,phases      ] GC(86)     Dead                           Min: 0, Avg:  0.0, Max: 0, Diff: 0, Sum: 0, Workers: 4
[34.471s][debug][gc,phases      ] GC(86)     Total                          Min: 0, Avg: 132.0, Max: 528, Diff: 528, Sum: 528, Workers: 4
[34.471s][debug][gc,phases      ] GC(86)   ObjectSynchronizer Weak        Min:  0.0, Avg:  0.0, Max:  0.0, Diff:  0.0, Sum:  0.0, Workers: 4
[34.471s][debug][gc,phases      ] GC(86)     Dead                           Min: 0, Avg:  0.0, Max: 0, Diff: 0, Sum: 0, Workers: 4
[34.471s][debug][gc,phases      ] GC(86)     Total                          Min: 0, Avg: 113.0, Max: 452, Diff: 452, Sum: 452, Workers: 4
[34.471s][debug][gc,phases      ] GC(86)   JVMTI Tag Weak OopStorage      Min:  0.0, Avg:  0.0, Max:  0.0, Diff:  0.0, Sum:  0.0, Workers: 4
[34.471s][debug][gc,phases      ] GC(86)     Dead                           Min: 0, Avg:  0.0, Max: 0, Diff: 0, Sum: 0, Workers: 4
[34.471s][debug][gc,phases      ] GC(86)     Total                          Min: 0, Avg:  0.0, Max: 0, Diff: 0, Sum: 0, Workers: 4
[34.471s][debug][gc,phases      ] GC(86)   StringTable Weak               Min:  0.1, Avg:  0.1, Max:  0.1, Diff:  0.0, Sum:  0.4, Workers: 4
[34.471s][debug][gc,phases      ] GC(86)     Dead                           Min: 0, Avg:  0.0, Max: 0, Diff: 0, Sum: 0, Workers: 4
[34.471s][debug][gc,phases      ] GC(86)     Total                          Min: 9472, Avg: 10717.0, Max: 12352, Diff: 2880, Sum: 42868, Workers: 4
[34.471s][debug][gc,phases      ] GC(86)   ResolvedMethodTable Weak       Min:  0.0, Avg:  0.0, Max:  0.0, Diff:  0.0, Sum:  0.1, Workers: 4
[34.471s][debug][gc,phases      ] GC(86)     Dead                           Min: 0, Avg:  0.0, Max: 0, Diff: 0, Sum: 0, Workers: 4
[34.471s][debug][gc,phases      ] GC(86)     Total                          Min: 1664, Avg: 1810.5, Max: 2047, Diff: 383, Sum: 7242, Workers: 4
[34.471s][debug][gc,phases      ] GC(86)   JNI Weak                       Min:  0.0, Avg:  0.0, Max:  0.0, Diff:  0.0, Sum:  0.0, Workers: 4
[34.471s][debug][gc,phases      ] GC(86)     Dead                           Min: 0, Avg:  0.0, Max: 0, Diff: 0, Sum: 0, Workers: 4
[34.471s][debug][gc,phases      ] GC(86)     Total                          Min: 0, Avg:  0.5, Max: 2, Diff: 2, Sum: 2, Workers: 4
[34.471s][debug][gc,phases      ] GC(86)   StringDedup Table Weak         Min:  0.0, Avg:  0.0, Max:  0.0, Diff:  0.0, Sum:  0.0, Workers: 4
[34.471s][debug][gc,phases      ] GC(86)     Dead                           Min: 0, Avg:  0.0, Max: 0, Diff: 0, Sum: 0, Workers: 4
[34.471s][debug][gc,phases      ] GC(86)     Total                          Min: 0, Avg:  0.0, Max: 0, Diff: 0, Sum: 0, Workers: 4
[34.471s][debug][gc,phases      ] GC(86)   StringDedup Requests0 Weak     Min:  0.0, Avg:  0.0, Max:  0.0, Diff:  0.0, Sum:  0.0, Workers: 4
[34.471s][debug][gc,phases      ] GC(86)     Dead                           Min: 0, Avg:  0.0, Max: 0, Diff: 0, Sum: 0, Workers: 4
[34.471s][debug][gc,phases      ] GC(86)     Total                          Min: 0, Avg:  0.0, Max: 0, Diff: 0, Sum: 0, Workers: 4
[34.471s][debug][gc,phases      ] GC(86)   StringDedup Requests1 Weak     Min:  0.0, Avg:  0.0, Max:  0.0, Diff:  0.0, Sum:  0.0, Workers: 4
[34.471s][debug][gc,phases      ] GC(86)     Dead                           Min: 0, Avg:  0.0, Max: 0, Diff: 0, Sum: 0, Workers: 4
[34.471s][debug][gc,phases      ] GC(86)     Total                          Min: 0, Avg:  0.0, Max: 0, Diff: 0, Sum: 0, Workers: 4
[34.471s][debug][gc,phases      ] GC(86)   Weak JFR Old Object Samples    Min:  0.0, Avg:  0.0, Max:  0.0, Diff:  0.0, Sum:  0.0, Workers: 4
[34.471s][debug][gc,phases      ] GC(86)     Dead                           Min: 0, Avg:  0.0, Max: 0, Diff: 0, Sum: 0, Workers: 4
[34.471s][debug][gc,phases      ] GC(86)     Total                          Min: 0, Avg:  0.0, Max: 0, Diff: 0, Sum: 0, Workers: 4
[34.471s][debug][gc,phases      ] GC(86) Weak Processing 0.302ms
[34.471s][debug][gc,age         ] GC(86) Desired survivor size 536870912 bytes, new threshold 8 (max threshold 15)
[34.471s][info ][gc,heap        ] GC(86) PSYoungGen: 1126784K(1572864K)->104992K(1572864K) Eden: 1048576K(1048576K)->0K(1048576K) From: 78208K(524288K)->104992K(524288K)
[34.471s][info ][gc,heap        ] GC(86) ParOldGen: 473164K(611840K)->473164K(611840K)
[34.471s][info ][gc,metaspace   ] GC(86) Metaspace: 68829K(69504K)->68829K(69504K) NonClass: 58863K(59264K)->58863K(59264K) Class: 9966K(10240K)->9966K(10240K)
[34.471s][info ][gc             ] GC(86) Pause Young (Allocation Failure) 1562M->564M(2133M) 21.467ms
[34.471s][info ][gc,cpu         ] GC(86) User=0.09s Sys=0.00s Real=0.03s
[34.471s][info ][safepoint      ] Safepoint "ParallelGCFailedAllocation", Time since last: 208470279 ns, Reaching safepoint: 142304 ns, At safepoint: 21589961 ns, Total: 21732265 ns
[34.682s][info ][gc,start       ] GC(87) Pause Young (Allocation Failure)
[34.725s][debug][gc,phases      ] GC(87) Scavenge 43.506ms
[34.725s][debug][gc,ref         ] GC(87) Skipped phase 1 of Reference Processing: no references
[34.725s][debug][gc,ref         ] GC(87) ReferenceProcessor::execute queues: 1, RefProcThreadModel::Single, marks_oops_alive: false
[34.726s][debug][gc,ref         ] GC(87) Skipped phase 3 of Reference Processing: no references
[34.726s][debug][gc,ref         ] GC(87) ReferenceProcessor::execute queues: 1, RefProcThreadModel::Single, marks_oops_alive: false
[34.726s][debug][gc,phases      ] GC(87) Reference Processing 0.140ms
[34.726s][debug][gc,phases      ] GC(87)   VM Weak                        Min:  0.0, Avg:  0.0, Max:  0.0, Diff:  0.0, Sum:  0.0, Workers: 4
[34.726s][debug][gc,phases      ] GC(87)     Dead                           Min: 0, Avg:  0.0, Max: 0, Diff: 0, Sum: 0, Workers: 4
[34.726s][debug][gc,phases      ] GC(87)     Total                          Min: 0, Avg: 132.0, Max: 400, Diff: 400, Sum: 528, Workers: 4
[34.726s][debug][gc,phases      ] GC(87)   ObjectSynchronizer Weak        Min:  0.0, Avg:  0.0, Max:  0.0, Diff:  0.0, Sum:  0.0, Workers: 4
[34.726s][debug][gc,phases      ] GC(87)     Dead                           Min: 0, Avg:  0.0, Max: 0, Diff: 0, Sum: 0, Workers: 4
[34.726s][debug][gc,phases      ] GC(87)     Total                          Min: 0, Avg: 113.0, Max: 256, Diff: 256, Sum: 452, Workers: 4
[34.726s][debug][gc,phases      ] GC(87)   JVMTI Tag Weak OopStorage      Min:  0.0, Avg:  0.0, Max:  0.0, Diff:  0.0, Sum:  0.0, Workers: 4
[34.726s][debug][gc,phases      ] GC(87)     Dead                           Min: 0, Avg:  0.0, Max: 0, Diff: 0, Sum: 0, Workers: 4
[34.726s][debug][gc,phases      ] GC(87)     Total                          Min: 0, Avg:  0.0, Max: 0, Diff: 0, Sum: 0, Workers: 4
[34.726s][debug][gc,phases      ] GC(87)   StringTable Weak               Min:  0.1, Avg:  0.1, Max:  0.1, Diff:  0.0, Sum:  0.4, Workers: 4
[34.726s][debug][gc,phases      ] GC(87)     Dead                           Min: 0, Avg:  2.8, Max: 11, Diff: 11, Sum: 11, Workers: 4
[34.726s][debug][gc,phases      ] GC(87)     Total                          Min: 10304, Avg: 10717.2, Max: 11196, Diff: 892, Sum: 42869, Workers: 4
[34.726s][debug][gc,phases      ] GC(87)   ResolvedMethodTable Weak       Min:  0.0, Avg:  0.0, Max:  0.0, Diff:  0.0, Sum:  0.1, Workers: 4
[34.726s][debug][gc,phases      ] GC(87)     Dead                           Min: 0, Avg:  0.0, Max: 0, Diff: 0, Sum: 0, Workers: 4
[34.726s][debug][gc,phases      ] GC(87)     Total                          Min: 1726, Avg: 1810.5, Max: 2047, Diff: 321, Sum: 7242, Workers: 4
[34.726s][debug][gc,phases      ] GC(87)   JNI Weak                       Min:  0.0, Avg:  0.0, Max:  0.0, Diff:  0.0, Sum:  0.0, Workers: 4
[34.726s][debug][gc,phases      ] GC(87)     Dead                           Min: 0, Avg:  0.0, Max: 0, Diff: 0, Sum: 0, Workers: 4
[34.726s][debug][gc,phases      ] GC(87)     Total                          Min: 0, Avg:  0.5, Max: 2, Diff: 2, Sum: 2, Workers: 4
[34.726s][debug][gc,phases      ] GC(87)   StringDedup Table Weak         Min:  0.0, Avg:  0.0, Max:  0.0, Diff:  0.0, Sum:  0.0, Workers: 4
[34.726s][debug][gc,phases      ] GC(87)     Dead                           Min: 0, Avg:  0.0, Max: 0, Diff: 0, Sum: 0, Workers: 4
[34.726s][debug][gc,phases      ] GC(87)     Total                          Min: 0, Avg:  0.0, Max: 0, Diff: 0, Sum: 0, Workers: 4
[34.726s][debug][gc,phases      ] GC(87)   StringDedup Requests0 Weak     Min:  0.0, Avg:  0.0, Max:  0.0, Diff:  0.0, Sum:  0.0, Workers: 4
[34.726s][debug][gc,phases      ] GC(87)     Dead                           Min: 0, Avg:  0.0, Max: 0, Diff: 0, Sum: 0, Workers: 4
[34.726s][debug][gc,phases      ] GC(87)     Total                          Min: 0, Avg:  0.0, Max: 0, Diff: 0, Sum: 0, Workers: 4
[34.726s][debug][gc,phases      ] GC(87)   StringDedup Requests1 Weak     Min:  0.0, Avg:  0.0, Max:  0.0, Diff:  0.0, Sum:  0.0, Workers: 4
[34.726s][debug][gc,phases      ] GC(87)     Dead                           Min: 0, Avg:  0.0, Max: 0, Diff: 0, Sum: 0, Workers: 4
[34.726s][debug][gc,phases      ] GC(87)     Total                          Min: 0, Avg:  0.0, Max: 0, Diff: 0, Sum: 0, Workers: 4
[34.726s][debug][gc,phases      ] GC(87)   Weak JFR Old Object Samples    Min:  0.0, Avg:  0.0, Max:  0.0, Diff:  0.0, Sum:  0.0, Workers: 4
[34.726s][debug][gc,phases      ] GC(87)     Dead                           Min: 0, Avg:  0.0, Max: 0, Diff: 0, Sum: 0, Workers: 4
[34.726s][debug][gc,phases      ] GC(87)     Total                          Min: 0, Avg:  0.0, Max: 0, Diff: 0, Sum: 0, Workers: 4
[34.726s][debug][gc,phases      ] GC(87) Weak Processing 0.370ms
[34.726s][debug][gc,age         ] GC(87) Desired survivor size 536870912 bytes, new threshold 7 (max threshold 15)
[34.726s][info ][gc,heap        ] GC(87) PSYoungGen: 1153568K(1572864K)->172928K(1572864K) Eden: 1048576K(1048576K)->0K(1048576K) From: 104992K(524288K)->172928K(524288K)
[34.726s][info ][gc,heap        ] GC(87) ParOldGen: 473164K(611840K)->473164K(611840K)
[34.726s][info ][gc,metaspace   ] GC(87) Metaspace: 68833K(69504K)->68833K(69504K) NonClass: 58867K(59264K)->58867K(59264K) Class: 9966K(10240K)->9966K(10240K)
[34.726s][info ][gc             ] GC(87) Pause Young (Allocation Failure) 1588M->630M(2133M) 44.168ms
[34.726s][info ][gc,cpu         ] GC(87) User=0.21s Sys=0.00s Real=0.05s
[34.726s][info ][safepoint      ] Safepoint "ParallelGCFailedAllocation", Time since last: 210617845 ns, Reaching safepoint: 128604 ns, At safepoint: 44289655 ns, Total: 44418259 ns
[34.892s][info ][gc,start       ] GC(88) Pause Young (Allocation Failure)
[34.940s][debug][gc,phases      ] GC(88) Scavenge 47.682ms
[34.940s][debug][gc,ref         ] GC(88) Skipped phase 1 of Reference Processing: no references
[34.940s][debug][gc,ref         ] GC(88) ReferenceProcessor::execute queues: 1, RefProcThreadModel::Single, marks_oops_alive: false
[34.940s][debug][gc,ref         ] GC(88) Skipped phase 3 of Reference Processing: no references
[34.940s][debug][gc,ref         ] GC(88) ReferenceProcessor::execute queues: 1, RefProcThreadModel::Single, marks_oops_alive: false
[34.940s][debug][gc,phases      ] GC(88) Reference Processing 0.117ms
[34.940s][debug][gc,phases      ] GC(88)   VM Weak                        Min:  0.0, Avg:  0.0, Max:  0.0, Diff:  0.0, Sum:  0.0, Workers: 4
[34.940s][debug][gc,phases      ] GC(88)     Dead                           Min: 0, Avg:  0.0, Max: 0, Diff: 0, Sum: 0, Workers: 4
[34.940s][debug][gc,phases      ] GC(88)     Total                          Min: 0, Avg: 132.0, Max: 528, Diff: 528, Sum: 528, Workers: 4
[34.940s][debug][gc,phases      ] GC(88)   ObjectSynchronizer Weak        Min:  0.0, Avg:  0.0, Max:  0.0, Diff:  0.0, Sum:  0.0, Workers: 4
[34.940s][debug][gc,phases      ] GC(88)     Dead                           Min: 0, Avg:  0.0, Max: 0, Diff: 0, Sum: 0, Workers: 4
[34.940s][debug][gc,phases      ] GC(88)     Total                          Min: 0, Avg: 113.0, Max: 260, Diff: 260, Sum: 452, Workers: 4
[34.940s][debug][gc,phases      ] GC(88)   JVMTI Tag Weak OopStorage      Min:  0.0, Avg:  0.0, Max:  0.0, Diff:  0.0, Sum:  0.0, Workers: 4
[34.940s][debug][gc,phases      ] GC(88)     Dead                           Min: 0, Avg:  0.0, Max: 0, Diff: 0, Sum: 0, Workers: 4
[34.940s][debug][gc,phases      ] GC(88)     Total                          Min: 0, Avg:  0.0, Max: 0, Diff: 0, Sum: 0, Workers: 4
[34.940s][debug][gc,phases      ] GC(88)   StringTable Weak               Min:  0.1, Avg:  0.1, Max:  0.1, Diff:  0.0, Sum:  0.3, Workers: 4
[34.940s][debug][gc,phases      ] GC(88)     Dead                           Min: 0, Avg:  0.0, Max: 0, Diff: 0, Sum: 0, Workers: 4
[34.940s][debug][gc,phases      ] GC(88)     Total                          Min: 9664, Avg: 10717.2, Max: 11962, Diff: 2298, Sum: 42869, Workers: 4
[34.940s][debug][gc,phases      ] GC(88)   ResolvedMethodTable Weak       Min:  0.0, Avg:  0.0, Max:  0.0, Diff:  0.0, Sum:  0.1, Workers: 4
[34.940s][debug][gc,phases      ] GC(88)     Dead                           Min: 0, Avg:  0.0, Max: 0, Diff: 0, Sum: 0, Workers: 4
[34.940s][debug][gc,phases      ] GC(88)     Total                          Min: 1611, Avg: 1810.5, Max: 2175, Diff: 564, Sum: 7242, Workers: 4
[34.940s][debug][gc,phases      ] GC(88)   JNI Weak                       Min:  0.0, Avg:  0.0, Max:  0.0, Diff:  0.0, Sum:  0.0, Workers: 4
[34.940s][debug][gc,phases      ] GC(88)     Dead                           Min: 0, Avg:  0.0, Max: 0, Diff: 0, Sum: 0, Workers: 4
[34.940s][debug][gc,phases      ] GC(88)     Total                          Min: 0, Avg:  0.5, Max: 2, Diff: 2, Sum: 2, Workers: 4
[34.941s][debug][gc,phases      ] GC(88)   StringDedup Table Weak         Min:  0.0, Avg:  0.0, Max:  0.0, Diff:  0.0, Sum:  0.0, Workers: 4
[34.941s][debug][gc,phases      ] GC(88)     Dead                           Min: 0, Avg:  0.0, Max: 0, Diff: 0, Sum: 0, Workers: 4
[34.941s][debug][gc,phases      ] GC(88)     Total                          Min: 0, Avg:  0.0, Max: 0, Diff: 0, Sum: 0, Workers: 4
[34.941s][debug][gc,phases      ] GC(88)   StringDedup Requests0 Weak     Min:  0.0, Avg:  0.0, Max:  0.0, Diff:  0.0, Sum:  0.0, Workers: 4
[34.941s][debug][gc,phases      ] GC(88)     Dead                           Min: 0, Avg:  0.0, Max: 0, Diff: 0, Sum: 0, Workers: 4
[34.941s][debug][gc,phases      ] GC(88)     Total                          Min: 0, Avg:  0.0, Max: 0, Diff: 0, Sum: 0, Workers: 4
[34.941s][debug][gc,phases      ] GC(88)   StringDedup Requests1 Weak     Min:  0.0, Avg:  0.0, Max:  0.0, Diff:  0.0, Sum:  0.0, Workers: 4
[34.941s][debug][gc,phases      ] GC(88)     Dead                           Min: 0, Avg:  0.0, Max: 0, Diff: 0, Sum: 0, Workers: 4
[34.941s][debug][gc,phases      ] GC(88)     Total                          Min: 0, Avg:  0.0, Max: 0, Diff: 0, Sum: 0, Workers: 4
[34.941s][debug][gc,phases      ] GC(88)   Weak JFR Old Object Samples    Min:  0.0, Avg:  0.0, Max:  0.0, Diff:  0.0, Sum:  0.0, Workers: 4
[34.941s][debug][gc,phases      ] GC(88)     Dead                           Min: 0, Avg:  0.0, Max: 0, Diff: 0, Sum: 0, Workers: 4
[34.941s][debug][gc,phases      ] GC(88)     Total                          Min: 0, Avg:  0.0, Max: 0, Diff: 0, Sum: 0, Workers: 4
[34.941s][debug][gc,phases      ] GC(88) Weak Processing 0.300ms
[34.941s][debug][gc,age         ] GC(88) Desired survivor size 510656512 bytes, new threshold 8 (max threshold 15)
[34.941s][info ][gc,heap        ] GC(88) PSYoungGen: 1221504K(1572864K)->206656K(1572864K) Eden: 1048576K(1048576K)->0K(1048576K) From: 172928K(524288K)->206656K(524288K)
[34.941s][info ][gc,heap        ] GC(88) ParOldGen: 473164K(611840K)->473164K(611840K)
[34.941s][info ][gc,metaspace   ] GC(88) Metaspace: 68833K(69504K)->68833K(69504K) NonClass: 58867K(59264K)->58867K(59264K) Class: 9966K(10240K)->9966K(10240K)
[34.941s][info ][gc             ] GC(88) Pause Young (Allocation Failure) 1654M->663M(2133M) 48.240ms
[34.941s][info ][gc,cpu         ] GC(88) User=0.18s Sys=0.01s Real=0.04s
[34.941s][info ][safepoint      ] Safepoint "ParallelGCFailedAllocation", Time since last: 166157385 ns, Reaching safepoint: 128804 ns, At safepoint: 48358479 ns, Total: 48487283 ns
[35.167s][info ][gc,start       ] GC(89) Pause Young (Allocation Failure)
[35.231s][debug][gc,phases      ] GC(89) Scavenge 63.887ms
[35.231s][debug][gc,ref         ] GC(89) Skipped phase 1 of Reference Processing: no references
[35.231s][debug][gc,ref         ] GC(89) ReferenceProcessor::execute queues: 1, RefProcThreadModel::Single, marks_oops_alive: false
[35.231s][debug][gc,ref         ] GC(89) Skipped phase 3 of Reference Processing: no references
[35.231s][debug][gc,ref         ] GC(89) ReferenceProcessor::execute queues: 1, RefProcThreadModel::Single, marks_oops_alive: false
[35.231s][debug][gc,phases      ] GC(89) Reference Processing 0.118ms
[35.231s][debug][gc,phases      ] GC(89)   VM Weak                        Min:  0.0, Avg:  0.0, Max:  0.0, Diff:  0.0, Sum:  0.0, Workers: 4
[35.231s][debug][gc,phases      ] GC(89)     Dead                           Min: 0, Avg:  0.0, Max: 0, Diff: 0, Sum: 0, Workers: 4
[35.231s][debug][gc,phases      ] GC(89)     Total                          Min: 0, Avg: 132.0, Max: 400, Diff: 400, Sum: 528, Workers: 4
[35.231s][debug][gc,phases      ] GC(89)   ObjectSynchronizer Weak        Min:  0.0, Avg:  0.0, Max:  0.0, Diff:  0.0, Sum:  0.0, Workers: 4
[35.231s][debug][gc,phases      ] GC(89)     Dead                           Min: 0, Avg:  0.0, Max: 0, Diff: 0, Sum: 0, Workers: 4
[35.231s][debug][gc,phases      ] GC(89)     Total                          Min: 0, Avg: 113.0, Max: 256, Diff: 256, Sum: 452, Workers: 4
[35.231s][debug][gc,phases      ] GC(89)   JVMTI Tag Weak OopStorage      Min:  0.0, Avg:  0.0, Max:  0.0, Diff:  0.0, Sum:  0.0, Workers: 4
[35.231s][debug][gc,phases      ] GC(89)     Dead                           Min: 0, Avg:  0.0, Max: 0, Diff: 0, Sum: 0, Workers: 4
[35.231s][debug][gc,phases      ] GC(89)     Total                          Min: 0, Avg:  0.0, Max: 0, Diff: 0, Sum: 0, Workers: 4
[35.231s][debug][gc,phases      ] GC(89)   StringTable Weak               Min:  0.1, Avg:  0.1, Max:  0.1, Diff:  0.0, Sum:  0.4, Workers: 4
[35.231s][debug][gc,phases      ] GC(89)     Dead                           Min: 0, Avg:  2.8, Max: 11, Diff: 11, Sum: 11, Workers: 4
[35.231s][debug][gc,phases      ] GC(89)     Total                          Min: 9663, Avg: 10717.8, Max: 12094, Diff: 2431, Sum: 42871, Workers: 4
[35.231s][debug][gc,phases      ] GC(89)   ResolvedMethodTable Weak       Min:  0.0, Avg:  0.0, Max:  0.0, Diff:  0.0, Sum:  0.1, Workers: 4
[35.231s][debug][gc,phases      ] GC(89)     Dead                           Min: 0, Avg:  0.0, Max: 0, Diff: 0, Sum: 0, Workers: 4
[35.231s][debug][gc,phases      ] GC(89)     Total                          Min: 1536, Avg: 1810.5, Max: 2047, Diff: 511, Sum: 7242, Workers: 4
[35.231s][debug][gc,phases      ] GC(89)   JNI Weak                       Min:  0.0, Avg:  0.0, Max:  0.0, Diff:  0.0, Sum:  0.0, Workers: 4
[35.231s][debug][gc,phases      ] GC(89)     Dead                           Min: 0, Avg:  0.0, Max: 0, Diff: 0, Sum: 0, Workers: 4
[35.231s][debug][gc,phases      ] GC(89)     Total                          Min: 0, Avg:  0.0, Max: 0, Diff: 0, Sum: 0, Workers: 4
[35.231s][debug][gc,phases      ] GC(89)   StringDedup Table Weak         Min:  0.0, Avg:  0.0, Max:  0.0, Diff:  0.0, Sum:  0.0, Workers: 4
[35.231s][debug][gc,phases      ] GC(89)     Dead                           Min: 0, Avg:  0.0, Max: 0, Diff: 0, Sum: 0, Workers: 4
[35.231s][debug][gc,phases      ] GC(89)     Total                          Min: 0, Avg:  0.0, Max: 0, Diff: 0, Sum: 0, Workers: 4
[35.231s][debug][gc,phases      ] GC(89)   StringDedup Requests0 Weak     Min:  0.0, Avg:  0.0, Max:  0.0, Diff:  0.0, Sum:  0.0, Workers: 4
[35.231s][debug][gc,phases      ] GC(89)     Dead                           Min: 0, Avg:  0.0, Max: 0, Diff: 0, Sum: 0, Workers: 4
[35.231s][debug][gc,phases      ] GC(89)     Total                          Min: 0, Avg:  0.0, Max: 0, Diff: 0, Sum: 0, Workers: 4
[35.231s][debug][gc,phases      ] GC(89)   StringDedup Requests1 Weak     Min:  0.0, Avg:  0.0, Max:  0.0, Diff:  0.0, Sum:  0.0, Workers: 4
[35.231s][debug][gc,phases      ] GC(89)     Dead                           Min: 0, Avg:  0.0, Max: 0, Diff: 0, Sum: 0, Workers: 4
[35.231s][debug][gc,phases      ] GC(89)     Total                          Min: 0, Avg:  0.0, Max: 0, Diff: 0, Sum: 0, Workers: 4
[35.231s][debug][gc,phases      ] GC(89)   Weak JFR Old Object Samples    Min:  0.0, Avg:  0.0, Max:  0.0, Diff:  0.0, Sum:  0.0, Workers: 4
[35.231s][debug][gc,phases      ] GC(89)     Dead                           Min: 0, Avg:  0.0, Max: 0, Diff: 0, Sum: 0, Workers: 4
[35.231s][debug][gc,phases      ] GC(89)     Total                          Min: 0, Avg:  0.0, Max: 0, Diff: 0, Sum: 0, Workers: 4
[35.231s][debug][gc,phases      ] GC(89) Weak Processing 0.306ms
[35.231s][debug][gc,age         ] GC(89) Desired survivor size 492306432 bytes, new threshold 9 (max threshold 15)
[35.231s][info ][gc,heap        ] GC(89) PSYoungGen: 1255232K(1572864K)->232864K(1616384K) Eden: 1048576K(1048576K)->0K(1117696K) From: 206656K(524288K)->232864K(498688K)
[35.231s][info ][gc,heap        ] GC(89) ParOldGen: 473164K(611840K)->473172K(611840K)
[35.231s][info ][gc,metaspace   ] GC(89) Metaspace: 68840K(69504K)->68840K(69504K) NonClass: 58874K(59264K)->58874K(59264K) Class: 9966K(10240K)->9966K(10240K)
[35.231s][info ][gc             ] GC(89) Pause Young (Allocation Failure) 1687M->689M(2176M) 64.592ms
[35.231s][info ][gc,cpu         ] GC(89) User=0.24s Sys=0.00s Real=0.07s
[35.231s][info ][safepoint      ] Safepoint "ParallelGCFailedAllocation", Time since last: 225904707 ns, Reaching safepoint: 155805 ns, At safepoint: 64707978 ns, Total: 64863783 ns
[35.451s][info ][gc,start       ] GC(90) Pause Young (Allocation Failure)
[35.506s][debug][gc,phases      ] GC(90) Scavenge 54.912ms
[35.506s][debug][gc,ref         ] GC(90) Skipped phase 1 of Reference Processing: no references
[35.506s][debug][gc,ref         ] GC(90) ReferenceProcessor::execute queues: 1, RefProcThreadModel::Single, marks_oops_alive: false
[35.506s][debug][gc,ref         ] GC(90) Skipped phase 3 of Reference Processing: no references
[35.506s][debug][gc,ref         ] GC(90) ReferenceProcessor::execute queues: 1, RefProcThreadModel::Single, marks_oops_alive: false
[35.506s][debug][gc,phases      ] GC(90) Reference Processing 0.138ms
[35.506s][debug][gc,phases      ] GC(90)   VM Weak                        Min:  0.0, Avg:  0.0, Max:  0.0, Diff:  0.0, Sum:  0.0, Workers: 4
[35.506s][debug][gc,phases      ] GC(90)     Dead                           Min: 0, Avg:  0.0, Max: 0, Diff: 0, Sum: 0, Workers: 4
[35.506s][debug][gc,phases      ] GC(90)     Total                          Min: 0, Avg: 138.8, Max: 320, Diff: 320, Sum: 555, Workers: 4
[35.506s][debug][gc,phases      ] GC(90)   ObjectSynchronizer Weak        Min:  0.0, Avg:  0.0, Max:  0.0, Diff:  0.0, Sum:  0.0, Workers: 4
[35.506s][debug][gc,phases      ] GC(90)     Dead                           Min: 0, Avg:  0.0, Max: 0, Diff: 0, Sum: 0, Workers: 4
[35.506s][debug][gc,phases      ] GC(90)     Total                          Min: 0, Avg: 113.0, Max: 256, Diff: 256, Sum: 452, Workers: 4
[35.506s][debug][gc,phases      ] GC(90)   JVMTI Tag Weak OopStorage      Min:  0.0, Avg:  0.0, Max:  0.0, Diff:  0.0, Sum:  0.0, Workers: 4
[35.506s][debug][gc,phases      ] GC(90)     Dead                           Min: 0, Avg:  0.0, Max: 0, Diff: 0, Sum: 0, Workers: 4
[35.506s][debug][gc,phases      ] GC(90)     Total                          Min: 0, Avg:  0.0, Max: 0, Diff: 0, Sum: 0, Workers: 4
[35.506s][debug][gc,phases      ] GC(90)   StringTable Weak               Min:  0.1, Avg:  0.1, Max:  0.1, Diff:  0.0, Sum:  0.4, Workers: 4
[35.506s][debug][gc,phases      ] GC(90)     Dead                           Min: 0, Avg:  0.0, Max: 0, Diff: 0, Sum: 0, Workers: 4
[35.506s][debug][gc,phases      ] GC(90)     Total                          Min: 10112, Avg: 10791.5, Max: 11264, Diff: 1152, Sum: 43166, Workers: 4
[35.506s][debug][gc,phases      ] GC(90)   ResolvedMethodTable Weak       Min:  0.0, Avg:  0.0, Max:  0.0, Diff:  0.0, Sum:  0.1, Workers: 4
[35.506s][debug][gc,phases      ] GC(90)     Dead                           Min: 0, Avg:  3.8, Max: 8, Diff: 8, Sum: 15, Workers: 4
[35.506s][debug][gc,phases      ] GC(90)     Total                          Min: 1686, Avg: 1845.2, Max: 1984, Diff: 298, Sum: 7381, Workers: 4
[35.506s][debug][gc,phases      ] GC(90)   JNI Weak                       Min:  0.0, Avg:  0.0, Max:  0.0, Diff:  0.0, Sum:  0.0, Workers: 4
[35.506s][debug][gc,phases      ] GC(90)     Dead                           Min: 0, Avg:  0.0, Max: 0, Diff: 0, Sum: 0, Workers: 4
[35.506s][debug][gc,phases      ] GC(90)     Total                          Min: 0, Avg:  1.8, Max: 7, Diff: 7, Sum: 7, Workers: 4
[35.506s][debug][gc,phases      ] GC(90)   StringDedup Table Weak         Min:  0.0, Avg:  0.0, Max:  0.0, Diff:  0.0, Sum:  0.0, Workers: 4
[35.506s][debug][gc,phases      ] GC(90)     Dead                           Min: 0, Avg:  0.0, Max: 0, Diff: 0, Sum: 0, Workers: 4
[35.506s][debug][gc,phases      ] GC(90)     Total                          Min: 0, Avg:  0.0, Max: 0, Diff: 0, Sum: 0, Workers: 4
[35.506s][debug][gc,phases      ] GC(90)   StringDedup Requests0 Weak     Min:  0.0, Avg:  0.0, Max:  0.0, Diff:  0.0, Sum:  0.0, Workers: 4
[35.506s][debug][gc,phases      ] GC(90)     Dead                           Min: 0, Avg:  0.0, Max: 0, Diff: 0, Sum: 0, Workers: 4
[35.506s][debug][gc,phases      ] GC(90)     Total                          Min: 0, Avg:  0.0, Max: 0, Diff: 0, Sum: 0, Workers: 4
[35.506s][debug][gc,phases      ] GC(90)   StringDedup Requests1 Weak     Min:  0.0, Avg:  0.0, Max:  0.0, Diff:  0.0, Sum:  0.0, Workers: 4
[35.506s][debug][gc,phases      ] GC(90)     Dead                           Min: 0, Avg:  0.0, Max: 0, Diff: 0, Sum: 0, Workers: 4
[35.506s][debug][gc,phases      ] GC(90)     Total                          Min: 0, Avg:  0.0, Max: 0, Diff: 0, Sum: 0, Workers: 4
[35.506s][debug][gc,phases      ] GC(90)   Weak JFR Old Object Samples    Min:  0.0, Avg:  0.0, Max:  0.0, Diff:  0.0, Sum:  0.0, Workers: 4
[35.506s][debug][gc,phases      ] GC(90)     Dead                           Min: 0, Avg:  0.0, Max: 0, Diff: 0, Sum: 0, Workers: 4
[35.506s][debug][gc,phases      ] GC(90)     Total                          Min: 0, Avg:  0.0, Max: 0, Diff: 0, Sum: 0, Workers: 4
[35.506s][debug][gc,phases      ] GC(90) Weak Processing 0.307ms
[35.506s][debug][gc,age         ] GC(90) Desired survivor size 474480640 bytes, new threshold 10 (max threshold 15)
[35.506s][info ][gc,heap        ] GC(90) PSYoungGen: 1350560K(1616384K)->232096K(1598464K) Eden: 1117696K(1117696K)->0K(1117696K) From: 232864K(498688K)->232096K(480768K)
[35.506s][info ][gc,heap        ] GC(90) ParOldGen: 473172K(611840K)->473172K(611840K)
[35.506s][info ][gc,metaspace   ] GC(90) Metaspace: 69488K(70208K)->69488K(70208K) NonClass: 59406K(59776K)->59406K(59776K) Class: 10081K(10432K)->10081K(10432K)
[35.506s][info ][gc             ] GC(90) Pause Young (Allocation Failure) 1780M->688M(2158M) 55.540ms
[35.506s][info ][gc,cpu         ] GC(90) User=0.27s Sys=0.00s Real=0.05s
[35.506s][info ][safepoint      ] Safepoint "ParallelGCFailedAllocation", Time since last: 218835991 ns, Reaching safepoint: 197406 ns, At safepoint: 55652202 ns, Total: 55849608 ns
[35.785s][info ][gc,start       ] GC(91) Pause Young (Allocation Failure)
[35.842s][debug][gc,phases      ] GC(91) Scavenge 56.972ms
[35.842s][debug][gc,ref         ] GC(91) Skipped phase 1 of Reference Processing: no references
[35.842s][debug][gc,ref         ] GC(91) ReferenceProcessor::execute queues: 1, RefProcThreadModel::Single, marks_oops_alive: false
[35.842s][debug][gc,ref         ] GC(91) Skipped phase 3 of Reference Processing: no references
[35.842s][debug][gc,ref         ] GC(91) ReferenceProcessor::execute queues: 1, RefProcThreadModel::Single, marks_oops_alive: false
[35.842s][debug][gc,phases      ] GC(91) Reference Processing 0.133ms
[35.842s][debug][gc,phases      ] GC(91)   VM Weak                        Min:  0.0, Avg:  0.0, Max:  0.0, Diff:  0.0, Sum:  0.0, Workers: 4
[35.842s][debug][gc,phases      ] GC(91)     Dead                           Min: 0, Avg:  0.0, Max: 0, Diff: 0, Sum: 0, Workers: 4
[35.842s][debug][gc,phases      ] GC(91)     Total                          Min: 0, Avg: 139.8, Max: 559, Diff: 559, Sum: 559, Workers: 4
[35.843s][debug][gc,phases      ] GC(91)   ObjectSynchronizer Weak        Min:  0.0, Avg:  0.0, Max:  0.0, Diff:  0.0, Sum:  0.0, Workers: 4
[35.843s][debug][gc,phases      ] GC(91)     Dead                           Min: 0, Avg:  0.0, Max: 0, Diff: 0, Sum: 0, Workers: 4
[35.843s][debug][gc,phases      ] GC(91)     Total                          Min: 0, Avg: 113.0, Max: 452, Diff: 452, Sum: 452, Workers: 4
[35.843s][debug][gc,phases      ] GC(91)   JVMTI Tag Weak OopStorage      Min:  0.0, Avg:  0.0, Max:  0.0, Diff:  0.0, Sum:  0.0, Workers: 4
[35.843s][debug][gc,phases      ] GC(91)     Dead                           Min: 0, Avg:  0.0, Max: 0, Diff: 0, Sum: 0, Workers: 4
[35.843s][debug][gc,phases      ] GC(91)     Total                          Min: 0, Avg:  0.0, Max: 0, Diff: 0, Sum: 0, Workers: 4
[35.843s][debug][gc,phases      ] GC(91)   StringTable Weak               Min:  0.1, Avg:  0.1, Max:  0.1, Diff:  0.0, Sum:  0.4, Workers: 4
[35.843s][debug][gc,phases      ] GC(91)     Dead                           Min: 0, Avg:  3.5, Max: 10, Diff: 10, Sum: 14, Workers: 4
[35.843s][debug][gc,phases      ] GC(91)     Total                          Min: 9472, Avg: 10831.2, Max: 11901, Diff: 2429, Sum: 43325, Workers: 4
[35.843s][debug][gc,phases      ] GC(91)   ResolvedMethodTable Weak       Min:  0.0, Avg:  0.0, Max:  0.0, Diff:  0.0, Sum:  0.1, Workers: 4
[35.843s][debug][gc,phases      ] GC(91)     Dead                           Min: 0, Avg:  0.0, Max: 0, Diff: 0, Sum: 0, Workers: 4
[35.843s][debug][gc,phases      ] GC(91)     Total                          Min: 1790, Avg: 1868.5, Max: 1972, Diff: 182, Sum: 7474, Workers: 4
[35.843s][debug][gc,phases      ] GC(91)   JNI Weak                       Min:  0.0, Avg:  0.0, Max:  0.0, Diff:  0.0, Sum:  0.0, Workers: 4
[35.843s][debug][gc,phases      ] GC(91)     Dead                           Min: 0, Avg:  0.0, Max: 0, Diff: 0, Sum: 0, Workers: 4
[35.843s][debug][gc,phases      ] GC(91)     Total                          Min: 0, Avg:  2.2, Max: 9, Diff: 9, Sum: 9, Workers: 4
[35.843s][debug][gc,phases      ] GC(91)   StringDedup Table Weak         Min:  0.0, Avg:  0.0, Max:  0.0, Diff:  0.0, Sum:  0.0, Workers: 4
[35.843s][debug][gc,phases      ] GC(91)     Dead                           Min: 0, Avg:  0.0, Max: 0, Diff: 0, Sum: 0, Workers: 4
[35.843s][debug][gc,phases      ] GC(91)     Total                          Min: 0, Avg:  0.0, Max: 0, Diff: 0, Sum: 0, Workers: 4
[35.843s][debug][gc,phases      ] GC(91)   StringDedup Requests0 Weak     Min:  0.0, Avg:  0.0, Max:  0.0, Diff:  0.0, Sum:  0.0, Workers: 4
[35.843s][debug][gc,phases      ] GC(91)     Dead                           Min: 0, Avg:  0.0, Max: 0, Diff: 0, Sum: 0, Workers: 4
[35.843s][debug][gc,phases      ] GC(91)     Total                          Min: 0, Avg:  0.0, Max: 0, Diff: 0, Sum: 0, Workers: 4
[35.843s][debug][gc,phases      ] GC(91)   StringDedup Requests1 Weak     Min:  0.0, Avg:  0.0, Max:  0.0, Diff:  0.0, Sum:  0.0, Workers: 4
[35.843s][debug][gc,phases      ] GC(91)     Dead                           Min: 0, Avg:  0.0, Max: 0, Diff: 0, Sum: 0, Workers: 4
[35.843s][debug][gc,phases      ] GC(91)     Total                          Min: 0, Avg:  0.0, Max: 0, Diff: 0, Sum: 0, Workers: 4
[35.843s][debug][gc,phases      ] GC(91)   Weak JFR Old Object Samples    Min:  0.0, Avg:  0.0, Max:  0.0, Diff:  0.0, Sum:  0.0, Workers: 4
[35.843s][debug][gc,phases      ] GC(91)     Dead                           Min: 0, Avg:  0.0, Max: 0, Diff: 0, Sum: 0, Workers: 4
[35.843s][debug][gc,phases      ] GC(91)     Total                          Min: 0, Avg:  0.0, Max: 0, Diff: 0, Sum: 0, Workers: 4
[35.843s][debug][gc,phases      ] GC(91) Weak Processing 0.359ms
[35.843s][debug][gc,age         ] GC(91) Desired survivor size 458227712 bytes, new threshold 11 (max threshold 15)
[35.843s][info ][gc,heap        ] GC(91) PSYoungGen: 1349792K(1598464K)->234432K(1649664K) Eden: 1117696K(1117696K)->0K(1186304K) From: 232096K(480768K)->234432K(463360K)
[35.843s][info ][gc,heap        ] GC(91) ParOldGen: 473172K(611840K)->473180K(611840K)
[35.843s][info ][gc,metaspace   ] GC(91) Metaspace: 70212K(71040K)->70212K(71040K) NonClass: 60031K(60480K)->60031K(60480K) Class: 10181K(10560K)->10181K(10560K)
[35.843s][info ][gc             ] GC(91) Pause Young (Allocation Failure) 1780M->691M(2208M) 57.615ms
[35.843s][info ][gc,cpu         ] GC(91) User=0.23s Sys=0.00s Real=0.06s
[35.843s][info ][safepoint      ] Safepoint "ParallelGCFailedAllocation", Time since last: 278739223 ns, Reaching safepoint: 153804 ns, At safepoint: 57727165 ns, Total: 57880969 ns
[36.036s][info ][gc,start       ] GC(92) Pause Young (Allocation Failure)
[36.097s][debug][gc,phases      ] GC(92) Scavenge 61.212ms
[36.097s][debug][gc,ref         ] GC(92) Skipped phase 1 of Reference Processing: no references
[36.097s][debug][gc,ref         ] GC(92) ReferenceProcessor::execute queues: 1, RefProcThreadModel::Single, marks_oops_alive: false
[36.097s][debug][gc,ref         ] GC(92) Skipped phase 3 of Reference Processing: no references
[36.097s][debug][gc,ref         ] GC(92) ReferenceProcessor::execute queues: 1, RefProcThreadModel::Single, marks_oops_alive: false
[36.097s][debug][gc,phases      ] GC(92) Reference Processing 0.151ms
[36.097s][debug][gc,phases      ] GC(92)   VM Weak                        Min:  0.0, Avg:  0.0, Max:  0.0, Diff:  0.0, Sum:  0.0, Workers: 4
[36.097s][debug][gc,phases      ] GC(92)     Dead                           Min: 0, Avg:  0.0, Max: 0, Diff: 0, Sum: 0, Workers: 4
[36.097s][debug][gc,phases      ] GC(92)     Total                          Min: 0, Avg: 139.8, Max: 559, Diff: 559, Sum: 559, Workers: 4
[36.097s][debug][gc,phases      ] GC(92)   ObjectSynchronizer Weak        Min:  0.0, Avg:  0.0, Max:  0.0, Diff:  0.0, Sum:  0.0, Workers: 4
[36.097s][debug][gc,phases      ] GC(92)     Dead                           Min: 0, Avg:  0.0, Max: 0, Diff: 0, Sum: 0, Workers: 4
[36.097s][debug][gc,phases      ] GC(92)     Total                          Min: 0, Avg: 113.0, Max: 448, Diff: 448, Sum: 452, Workers: 4
[36.097s][debug][gc,phases      ] GC(92)   JVMTI Tag Weak OopStorage      Min:  0.0, Avg:  0.0, Max:  0.0, Diff:  0.0, Sum:  0.0, Workers: 4
[36.097s][debug][gc,phases      ] GC(92)     Dead                           Min: 0, Avg:  0.0, Max: 0, Diff: 0, Sum: 0, Workers: 4
[36.097s][debug][gc,phases      ] GC(92)     Total                          Min: 0, Avg:  0.0, Max: 0, Diff: 0, Sum: 0, Workers: 4
[36.097s][debug][gc,phases      ] GC(92)   StringTable Weak               Min:  0.1, Avg:  0.1, Max:  0.1, Diff:  0.0, Sum:  0.4, Workers: 4
[36.097s][debug][gc,phases      ] GC(92)     Dead                           Min: 0, Avg:  0.0, Max: 0, Diff: 0, Sum: 0, Workers: 4
[36.097s][debug][gc,phases      ] GC(92)     Total                          Min: 9155, Avg: 10832.8, Max: 13312, Diff: 4157, Sum: 43331, Workers: 4
[36.097s][debug][gc,phases      ] GC(92)   ResolvedMethodTable Weak       Min:  0.0, Avg:  0.0, Max:  0.0, Diff:  0.0, Sum:  0.1, Workers: 4
[36.097s][debug][gc,phases      ] GC(92)     Dead                           Min: 0, Avg:  0.0, Max: 0, Diff: 0, Sum: 0, Workers: 4
[36.097s][debug][gc,phases      ] GC(92)     Total                          Min: 1600, Avg: 1870.0, Max: 2104, Diff: 504, Sum: 7480, Workers: 4
[36.097s][debug][gc,phases      ] GC(92)   JNI Weak                       Min:  0.0, Avg:  0.0, Max:  0.0, Diff:  0.0, Sum:  0.0, Workers: 4
[36.097s][debug][gc,phases      ] GC(92)     Dead                           Min: 0, Avg:  0.0, Max: 0, Diff: 0, Sum: 0, Workers: 4
[36.097s][debug][gc,phases      ] GC(92)     Total                          Min: 0, Avg:  0.0, Max: 0, Diff: 0, Sum: 0, Workers: 4
[36.097s][debug][gc,phases      ] GC(92)   StringDedup Table Weak         Min:  0.0, Avg:  0.0, Max:  0.0, Diff:  0.0, Sum:  0.0, Workers: 4
[36.097s][debug][gc,phases      ] GC(92)     Dead                           Min: 0, Avg:  0.0, Max: 0, Diff: 0, Sum: 0, Workers: 4
[36.097s][debug][gc,phases      ] GC(92)     Total                          Min: 0, Avg:  0.0, Max: 0, Diff: 0, Sum: 0, Workers: 4
[36.097s][debug][gc,phases      ] GC(92)   StringDedup Requests0 Weak     Min:  0.0, Avg:  0.0, Max:  0.0, Diff:  0.0, Sum:  0.0, Workers: 4
[36.097s][debug][gc,phases      ] GC(92)     Dead                           Min: 0, Avg:  0.0, Max: 0, Diff: 0, Sum: 0, Workers: 4
[36.097s][debug][gc,phases      ] GC(92)     Total                          Min: 0, Avg:  0.0, Max: 0, Diff: 0, Sum: 0, Workers: 4
[36.097s][debug][gc,phases      ] GC(92)   StringDedup Requests1 Weak     Min:  0.0, Avg:  0.0, Max:  0.0, Diff:  0.0, Sum:  0.0, Workers: 4
[36.097s][debug][gc,phases      ] GC(92)     Dead                           Min: 0, Avg:  0.0, Max: 0, Diff: 0, Sum: 0, Workers: 4
[36.097s][debug][gc,phases      ] GC(92)     Total                          Min: 0, Avg:  0.0, Max: 0, Diff: 0, Sum: 0, Workers: 4
[36.097s][debug][gc,phases      ] GC(92)   Weak JFR Old Object Samples    Min:  0.0, Avg:  0.0, Max:  0.0, Diff:  0.0, Sum:  0.0, Workers: 4
[36.097s][debug][gc,phases      ] GC(92)     Dead                           Min: 0, Avg:  0.0, Max: 0, Diff: 0, Sum: 0, Workers: 4
[36.097s][debug][gc,phases      ] GC(92)     Total                          Min: 0, Avg:  0.0, Max: 0, Diff: 0, Sum: 0, Workers: 4
[36.097s][debug][gc,phases      ] GC(92) Weak Processing 0.350ms
[36.097s][debug][gc,age         ] GC(92) Desired survivor size 450363392 bytes, new threshold 12 (max threshold 15)
[36.098s][info ][gc,heap        ] GC(92) PSYoungGen: 1420736K(1649664K)->252256K(1633792K) Eden: 1186304K(1186304K)->0K(1186304K) From: 234432K(463360K)->252256K(447488K)
[36.098s][info ][gc,heap        ] GC(92) ParOldGen: 473180K(611840K)->473180K(611840K)
[36.098s][info ][gc,metaspace   ] GC(92) Metaspace: 70284K(71104K)->70284K(71104K) NonClass: 60098K(60544K)->60098K(60544K) Class: 10185K(10560K)->10185K(10560K)
[36.098s][info ][gc             ] GC(92) Pause Young (Allocation Failure) 1849M->708M(2193M) 61.872ms
[36.098s][info ][gc,cpu         ] GC(92) User=0.24s Sys=0.00s Real=0.06s
[36.098s][info ][safepoint      ] Safepoint "ParallelGCFailedAllocation", Time since last: 192667188 ns, Reaching safepoint: 198906 ns, At safepoint: 61991994 ns, Total: 62190900 ns
[36.357s][info ][gc,start       ] GC(93) Pause Young (Allocation Failure)
[36.441s][debug][gc,phases      ] GC(93) Scavenge 84.049ms
[36.441s][debug][gc,ref         ] GC(93) Skipped phase 1 of Reference Processing: no references
[36.441s][debug][gc,ref         ] GC(93) ReferenceProcessor::execute queues: 1, RefProcThreadModel::Single, marks_oops_alive: false
[36.441s][debug][gc,ref         ] GC(93) Skipped phase 3 of Reference Processing: no references
[36.441s][debug][gc,ref         ] GC(93) ReferenceProcessor::execute queues: 1, RefProcThreadModel::Single, marks_oops_alive: false
[36.441s][debug][gc,phases      ] GC(93) Reference Processing 0.109ms
[36.441s][debug][gc,phases      ] GC(93)   VM Weak                        Min:  0.0, Avg:  0.0, Max:  0.0, Diff:  0.0, Sum:  0.0, Workers: 4
[36.441s][debug][gc,phases      ] GC(93)     Dead                           Min: 0, Avg:  0.0, Max: 0, Diff: 0, Sum: 0, Workers: 4
[36.441s][debug][gc,phases      ] GC(93)     Total                          Min: 0, Avg: 142.5, Max: 506, Diff: 506, Sum: 570, Workers: 4
[36.441s][debug][gc,phases      ] GC(93)   ObjectSynchronizer Weak        Min:  0.0, Avg:  0.0, Max:  0.0, Diff:  0.0, Sum:  0.0, Workers: 4
[36.441s][debug][gc,phases      ] GC(93)     Dead                           Min: 0, Avg:  0.0, Max: 0, Diff: 0, Sum: 0, Workers: 4
[36.441s][debug][gc,phases      ] GC(93)     Total                          Min: 0, Avg: 113.0, Max: 260, Diff: 260, Sum: 452, Workers: 4
[36.441s][debug][gc,phases      ] GC(93)   JVMTI Tag Weak OopStorage      Min:  0.0, Avg:  0.0, Max:  0.0, Diff:  0.0, Sum:  0.0, Workers: 4
[36.441s][debug][gc,phases      ] GC(93)     Dead                           Min: 0, Avg:  0.0, Max: 0, Diff: 0, Sum: 0, Workers: 4
[36.441s][debug][gc,phases      ] GC(93)     Total                          Min: 0, Avg:  0.0, Max: 0, Diff: 0, Sum: 0, Workers: 4
[36.441s][debug][gc,phases      ] GC(93)   StringTable Weak               Min:  0.1, Avg:  0.1, Max:  0.1, Diff:  0.0, Sum:  0.4, Workers: 4
[36.441s][debug][gc,phases      ] GC(93)     Dead                           Min: 0, Avg:  3.2, Max: 11, Diff: 11, Sum: 13, Workers: 4
[36.441s][debug][gc,phases      ] GC(93)     Total                          Min: 9358, Avg: 10867.5, Max: 12224, Diff: 2866, Sum: 43470, Workers: 4
[36.441s][debug][gc,phases      ] GC(93)   ResolvedMethodTable Weak       Min:  0.0, Avg:  0.0, Max:  0.0, Diff:  0.0, Sum:  0.1, Workers: 4
[36.441s][debug][gc,phases      ] GC(93)     Dead                           Min: 0, Avg:  5.0, Max: 18, Diff: 18, Sum: 20, Workers: 4
[36.441s][debug][gc,phases      ] GC(93)     Total                          Min: 1791, Avg: 1898.2, Max: 2026, Diff: 235, Sum: 7593, Workers: 4
[36.441s][debug][gc,phases      ] GC(93)   JNI Weak                       Min:  0.0, Avg:  0.0, Max:  0.0, Diff:  0.0, Sum:  0.0, Workers: 4
[36.441s][debug][gc,phases      ] GC(93)     Dead                           Min: 0, Avg:  0.0, Max: 0, Diff: 0, Sum: 0, Workers: 4
[36.441s][debug][gc,phases      ] GC(93)     Total                          Min: 0, Avg:  0.5, Max: 2, Diff: 2, Sum: 2, Workers: 4
[36.441s][debug][gc,phases      ] GC(93)   StringDedup Table Weak         Min:  0.0, Avg:  0.0, Max:  0.0, Diff:  0.0, Sum:  0.0, Workers: 4
[36.441s][debug][gc,phases      ] GC(93)     Dead                           Min: 0, Avg:  0.0, Max: 0, Diff: 0, Sum: 0, Workers: 4
[36.441s][debug][gc,phases      ] GC(93)     Total                          Min: 0, Avg:  0.0, Max: 0, Diff: 0, Sum: 0, Workers: 4
[36.441s][debug][gc,phases      ] GC(93)   StringDedup Requests0 Weak     Min:  0.0, Avg:  0.0, Max:  0.0, Diff:  0.0, Sum:  0.0, Workers: 4
[36.441s][debug][gc,phases      ] GC(93)     Dead                           Min: 0, Avg:  0.0, Max: 0, Diff: 0, Sum: 0, Workers: 4
[36.441s][debug][gc,phases      ] GC(93)     Total                          Min: 0, Avg:  0.0, Max: 0, Diff: 0, Sum: 0, Workers: 4
[36.441s][debug][gc,phases      ] GC(93)   StringDedup Requests1 Weak     Min:  0.0, Avg:  0.0, Max:  0.0, Diff:  0.0, Sum:  0.0, Workers: 4
[36.441s][debug][gc,phases      ] GC(93)     Dead                           Min: 0, Avg:  0.0, Max: 0, Diff: 0, Sum: 0, Workers: 4
[36.441s][debug][gc,phases      ] GC(93)     Total                          Min: 0, Avg:  0.0, Max: 0, Diff: 0, Sum: 0, Workers: 4
[36.441s][debug][gc,phases      ] GC(93)   Weak JFR Old Object Samples    Min:  0.0, Avg:  0.0, Max:  0.0, Diff:  0.0, Sum:  0.0, Workers: 4
[36.441s][debug][gc,phases      ] GC(93)     Dead                           Min: 0, Avg:  0.0, Max: 0, Diff: 0, Sum: 0, Workers: 4
[36.441s][debug][gc,phases      ] GC(93)     Total                          Min: 0, Avg:  0.0, Max: 0, Diff: 0, Sum: 0, Workers: 4
[36.441s][debug][gc,phases      ] GC(93) Weak Processing 0.321ms
[36.441s][debug][gc,age         ] GC(93) Desired survivor size 450363392 bytes, new threshold 12 (max threshold 15)
[36.441s][info ][gc,heap        ] GC(93) PSYoungGen: 1438560K(1633792K)->275184K(1657344K) Eden: 1186304K(1186304K)->0K(1217536K) From: 252256K(447488K)->275184K(439808K)
[36.441s][info ][gc,heap        ] GC(93) ParOldGen: 473180K(611840K)->473188K(611840K)
[36.441s][info ][gc,metaspace   ] GC(93) Metaspace: 70816K(71552K)->70816K(71552K) NonClass: 60548K(60928K)->60548K(60928K) Class: 10268K(10624K)->10268K(10624K)
[36.441s][info ][gc             ] GC(93) Pause Young (Allocation Failure) 1866M->730M(2216M) 84.612ms
[36.441s][info ][gc,cpu         ] GC(93) User=0.33s Sys=0.00s Real=0.08s
[36.441s][info ][safepoint      ] Safepoint "ParallelGCFailedAllocation", Time since last: 256917049 ns, Reaching safepoint: 2228468 ns, At safepoint: 84725188 ns, Total: 86953656 ns
[36.719s][info ][gc,start       ] GC(94) Pause Young (Allocation Failure)
[36.782s][debug][gc,phases      ] GC(94) Scavenge 63.315ms
[36.782s][debug][gc,ref         ] GC(94) Skipped phase 1 of Reference Processing: no references
[36.782s][debug][gc,ref         ] GC(94) ReferenceProcessor::execute queues: 1, RefProcThreadModel::Single, marks_oops_alive: false
[36.782s][debug][gc,ref         ] GC(94) Skipped phase 3 of Reference Processing: no references
[36.782s][debug][gc,ref         ] GC(94) ReferenceProcessor::execute queues: 1, RefProcThreadModel::Single, marks_oops_alive: false
[36.782s][debug][gc,phases      ] GC(94) Reference Processing 0.145ms
[36.782s][debug][gc,phases      ] GC(94)   VM Weak                        Min:  0.0, Avg:  0.0, Max:  0.0, Diff:  0.0, Sum:  0.0, Workers: 4
[36.782s][debug][gc,phases      ] GC(94)     Dead                           Min: 0, Avg:  0.0, Max: 0, Diff: 0, Sum: 0, Workers: 4
[36.782s][debug][gc,phases      ] GC(94)     Total                          Min: 0, Avg: 147.0, Max: 524, Diff: 524, Sum: 588, Workers: 4
[36.782s][debug][gc,phases      ] GC(94)   ObjectSynchronizer Weak        Min:  0.0, Avg:  0.0, Max:  0.0, Diff:  0.0, Sum:  0.0, Workers: 4
[36.782s][debug][gc,phases      ] GC(94)     Dead                           Min: 0, Avg:  0.0, Max: 0, Diff: 0, Sum: 0, Workers: 4
[36.782s][debug][gc,phases      ] GC(94)     Total                          Min: 0, Avg: 113.2, Max: 192, Diff: 192, Sum: 453, Workers: 4
[36.782s][debug][gc,phases      ] GC(94)   JVMTI Tag Weak OopStorage      Min:  0.0, Avg:  0.0, Max:  0.0, Diff:  0.0, Sum:  0.0, Workers: 4
[36.782s][debug][gc,phases      ] GC(94)     Dead                           Min: 0, Avg:  0.0, Max: 0, Diff: 0, Sum: 0, Workers: 4
[36.782s][debug][gc,phases      ] GC(94)     Total                          Min: 0, Avg:  0.0, Max: 0, Diff: 0, Sum: 0, Workers: 4
[36.782s][debug][gc,phases      ] GC(94)   StringTable Weak               Min:  0.1, Avg:  0.1, Max:  0.1, Diff:  0.0, Sum:  0.4, Workers: 4
[36.782s][debug][gc,phases      ] GC(94)     Dead                           Min: 0, Avg:  1.0, Max: 4, Diff: 4, Sum: 4, Workers: 4
[36.782s][debug][gc,phases      ] GC(94)     Total                          Min: 10348, Avg: 10906.5, Max: 12094, Diff: 1746, Sum: 43626, Workers: 4
[36.782s][debug][gc,phases      ] GC(94)   ResolvedMethodTable Weak       Min:  0.0, Avg:  0.0, Max:  0.0, Diff:  0.0, Sum:  0.1, Workers: 4
[36.782s][debug][gc,phases      ] GC(94)     Dead                           Min: 0, Avg:  1.5, Max: 6, Diff: 6, Sum: 6, Workers: 4
[36.782s][debug][gc,phases      ] GC(94)     Total                          Min: 1856, Avg: 1922.8, Max: 1984, Diff: 128, Sum: 7691, Workers: 4
[36.782s][debug][gc,phases      ] GC(94)   JNI Weak                       Min:  0.0, Avg:  0.0, Max:  0.0, Diff:  0.0, Sum:  0.0, Workers: 4
[36.782s][debug][gc,phases      ] GC(94)     Dead                           Min: 0, Avg:  0.0, Max: 0, Diff: 0, Sum: 0, Workers: 4
[36.782s][debug][gc,phases      ] GC(94)     Total                          Min: 0, Avg:  1.5, Max: 6, Diff: 6, Sum: 6, Workers: 4
[36.782s][debug][gc,phases      ] GC(94)   StringDedup Table Weak         Min:  0.0, Avg:  0.0, Max:  0.0, Diff:  0.0, Sum:  0.0, Workers: 4
[36.782s][debug][gc,phases      ] GC(94)     Dead                           Min: 0, Avg:  0.0, Max: 0, Diff: 0, Sum: 0, Workers: 4
[36.782s][debug][gc,phases      ] GC(94)     Total                          Min: 0, Avg:  0.0, Max: 0, Diff: 0, Sum: 0, Workers: 4
[36.782s][debug][gc,phases      ] GC(94)   StringDedup Requests0 Weak     Min:  0.0, Avg:  0.0, Max:  0.0, Diff:  0.0, Sum:  0.0, Workers: 4
[36.782s][debug][gc,phases      ] GC(94)     Dead                           Min: 0, Avg:  0.0, Max: 0, Diff: 0, Sum: 0, Workers: 4
[36.782s][debug][gc,phases      ] GC(94)     Total                          Min: 0, Avg:  0.0, Max: 0, Diff: 0, Sum: 0, Workers: 4
[36.782s][debug][gc,phases      ] GC(94)   StringDedup Requests1 Weak     Min:  0.0, Avg:  0.0, Max:  0.0, Diff:  0.0, Sum:  0.0, Workers: 4
[36.782s][debug][gc,phases      ] GC(94)     Dead                           Min: 0, Avg:  0.0, Max: 0, Diff: 0, Sum: 0, Workers: 4
[36.782s][debug][gc,phases      ] GC(94)     Total                          Min: 0, Avg:  0.0, Max: 0, Diff: 0, Sum: 0, Workers: 4
[36.782s][debug][gc,phases      ] GC(94)   Weak JFR Old Object Samples    Min:  0.0, Avg:  0.0, Max:  0.0, Diff:  0.0, Sum:  0.0, Workers: 4
[36.782s][debug][gc,phases      ] GC(94)     Dead                           Min: 0, Avg:  0.0, Max: 0, Diff: 0, Sum: 0, Workers: 4
[36.782s][debug][gc,phases      ] GC(94)     Total                          Min: 0, Avg:  0.0, Max: 0, Diff: 0, Sum: 0, Workers: 4
[36.782s][debug][gc,phases      ] GC(94) Weak Processing 0.324ms
[36.782s][debug][gc,age         ] GC(94) Desired survivor size 448266240 bytes, new threshold 13 (max threshold 15)
[36.782s][info ][gc,heap        ] GC(94) PSYoungGen: 1492720K(1657344K)->275184K(1657344K) Eden: 1217536K(1217536K)->0K(1217536K) From: 275184K(439808K)->275184K(439808K)
[36.782s][info ][gc,heap        ] GC(94) ParOldGen: 473188K(611840K)->473188K(611840K)
[36.782s][info ][gc,metaspace   ] GC(94) Metaspace: 71269K(72064K)->71269K(72064K) NonClass: 60933K(61376K)->60933K(61376K) Class: 10335K(10688K)->10335K(10688K)
[36.782s][info ][gc             ] GC(94) Pause Young (Allocation Failure) 1919M->730M(2216M) 63.921ms
[36.782s][info ][gc,cpu         ] GC(94) User=0.25s Sys=0.01s Real=0.07s
[36.783s][info ][safepoint      ] Safepoint "ParallelGCFailedAllocation", Time since last: 275999232 ns, Reaching safepoint: 1005031 ns, At safepoint: 64026256 ns, Total: 65031287 ns
[36.974s][info ][safepoint      ] Safepoint "ICBufferFull", Time since last: 191381145 ns, Reaching safepoint: 237107 ns, At safepoint: 30801 ns, Total: 267908 ns
[37.040s][info ][gc,start       ] GC(95) Pause Young (Allocation Failure)
[37.112s][debug][gc,phases      ] GC(95) Scavenge 72.203ms
[37.112s][debug][gc,ref         ] GC(95) Skipped phase 1 of Reference Processing: no references
[37.113s][debug][gc,ref         ] GC(95) ReferenceProcessor::execute queues: 1, RefProcThreadModel::Single, marks_oops_alive: false
[37.113s][debug][gc,ref         ] GC(95) Skipped phase 3 of Reference Processing: no references
[37.113s][debug][gc,ref         ] GC(95) ReferenceProcessor::execute queues: 1, RefProcThreadModel::Single, marks_oops_alive: false
[37.113s][debug][gc,phases      ] GC(95) Reference Processing 0.148ms
[37.113s][debug][gc,phases      ] GC(95)   VM Weak                        Min:  0.0, Avg:  0.0, Max:  0.0, Diff:  0.0, Sum:  0.0, Workers: 4
[37.113s][debug][gc,phases      ] GC(95)     Dead                           Min: 0, Avg:  0.0, Max: 0, Diff: 0, Sum: 0, Workers: 4
[37.113s][debug][gc,phases      ] GC(95)     Total                          Min: 0, Avg: 149.5, Max: 576, Diff: 576, Sum: 598, Workers: 4
[37.113s][debug][gc,phases      ] GC(95)   ObjectSynchronizer Weak        Min:  0.0, Avg:  0.0, Max:  0.0, Diff:  0.0, Sum:  0.0, Workers: 4
[37.113s][debug][gc,phases      ] GC(95)     Dead                           Min: 0, Avg:  0.0, Max: 0, Diff: 0, Sum: 0, Workers: 4
[37.113s][debug][gc,phases      ] GC(95)     Total                          Min: 0, Avg: 113.2, Max: 261, Diff: 261, Sum: 453, Workers: 4
[37.113s][debug][gc,phases      ] GC(95)   JVMTI Tag Weak OopStorage      Min:  0.0, Avg:  0.0, Max:  0.0, Diff:  0.0, Sum:  0.0, Workers: 4
[37.113s][debug][gc,phases      ] GC(95)     Dead                           Min: 0, Avg:  0.0, Max: 0, Diff: 0, Sum: 0, Workers: 4
[37.113s][debug][gc,phases      ] GC(95)     Total                          Min: 0, Avg:  0.0, Max: 0, Diff: 0, Sum: 0, Workers: 4
[37.113s][debug][gc,phases      ] GC(95)   StringTable Weak               Min:  0.1, Avg:  0.1, Max:  0.1, Diff:  0.0, Sum:  0.4, Workers: 4
[37.113s][debug][gc,phases      ] GC(95)     Dead                           Min: 0, Avg:  0.8, Max: 2, Diff: 2, Sum: 3, Workers: 4
[37.113s][debug][gc,phases      ] GC(95)     Total                          Min: 8320, Avg: 10942.0, Max: 12665, Diff: 4345, Sum: 43768, Workers: 4
[37.113s][debug][gc,phases      ] GC(95)   ResolvedMethodTable Weak       Min:  0.0, Avg:  0.0, Max:  0.0, Diff:  0.0, Sum:  0.1, Workers: 4
[37.113s][debug][gc,phases      ] GC(95)     Dead                           Min: 0, Avg:  0.0, Max: 0, Diff: 0, Sum: 0, Workers: 4
[37.113s][debug][gc,phases      ] GC(95)     Total                          Min: 1728, Avg: 1951.8, Max: 2112, Diff: 384, Sum: 7807, Workers: 4
[37.113s][debug][gc,phases      ] GC(95)   JNI Weak                       Min:  0.0, Avg:  0.0, Max:  0.0, Diff:  0.0, Sum:  0.0, Workers: 4
[37.113s][debug][gc,phases      ] GC(95)     Dead                           Min: 0, Avg:  0.0, Max: 0, Diff: 0, Sum: 0, Workers: 4
[37.113s][debug][gc,phases      ] GC(95)     Total                          Min: 0, Avg:  7.5, Max: 30, Diff: 30, Sum: 30, Workers: 4
[37.113s][debug][gc,phases      ] GC(95)   StringDedup Table Weak         Min:  0.0, Avg:  0.0, Max:  0.0, Diff:  0.0, Sum:  0.0, Workers: 4
[37.113s][debug][gc,phases      ] GC(95)     Dead                           Min: 0, Avg:  0.0, Max: 0, Diff: 0, Sum: 0, Workers: 4
[37.113s][debug][gc,phases      ] GC(95)     Total                          Min: 0, Avg:  0.0, Max: 0, Diff: 0, Sum: 0, Workers: 4
[37.113s][debug][gc,phases      ] GC(95)   StringDedup Requests0 Weak     Min:  0.0, Avg:  0.0, Max:  0.0, Diff:  0.0, Sum:  0.0, Workers: 4
[37.113s][debug][gc,phases      ] GC(95)     Dead                           Min: 0, Avg:  0.0, Max: 0, Diff: 0, Sum: 0, Workers: 4
[37.113s][debug][gc,phases      ] GC(95)     Total                          Min: 0, Avg:  0.0, Max: 0, Diff: 0, Sum: 0, Workers: 4
[37.113s][debug][gc,phases      ] GC(95)   StringDedup Requests1 Weak     Min:  0.0, Avg:  0.0, Max:  0.0, Diff:  0.0, Sum:  0.0, Workers: 4
[37.113s][debug][gc,phases      ] GC(95)     Dead                           Min: 0, Avg:  0.0, Max: 0, Diff: 0, Sum: 0, Workers: 4
[37.113s][debug][gc,phases      ] GC(95)     Total                          Min: 0, Avg:  0.0, Max: 0, Diff: 0, Sum: 0, Workers: 4
[37.113s][debug][gc,phases      ] GC(95)   Weak JFR Old Object Samples    Min:  0.0, Avg:  0.0, Max:  0.0, Diff:  0.0, Sum:  0.0, Workers: 4
[37.113s][debug][gc,phases      ] GC(95)     Dead                           Min: 0, Avg:  0.0, Max: 0, Diff: 0, Sum: 0, Workers: 4
[37.113s][debug][gc,phases      ] GC(95)     Total                          Min: 0, Avg:  0.0, Max: 0, Diff: 0, Sum: 0, Workers: 4
[37.113s][debug][gc,phases      ] GC(95) Weak Processing 0.337ms
[37.113s][debug][gc,age         ] GC(95) Desired survivor size 446693376 bytes, new threshold 13 (max threshold 15)
[37.113s][info ][gc,heap        ] GC(95) PSYoungGen: 1492720K(1657344K)->277888K(1660928K) Eden: 1217536K(1217536K)->0K(1223168K) From: 275184K(439808K)->277888K(437760K)
[37.113s][info ][gc,heap        ] GC(95) ParOldGen: 473188K(611840K)->473196K(611840K)
[37.113s][info ][gc,metaspace   ] GC(95) Metaspace: 71664K(72448K)->71664K(72448K) NonClass: 61262K(61696K)->61262K(61696K) Class: 10402K(10752K)->10402K(10752K)
[37.113s][info ][gc             ] GC(95) Pause Young (Allocation Failure) 1919M->733M(2219M) 72.827ms
[37.113s][info ][gc,cpu         ] GC(95) User=0.30s Sys=0.01s Real=0.08s
[37.113s][info ][safepoint      ] Safepoint "ParallelGCFailedAllocation", Time since last: 65790509 ns, Reaching safepoint: 151904 ns, At safepoint: 72936427 ns, Total: 73088331 ns
[37.327s][info ][safepoint      ] Safepoint "ICBufferFull", Time since last: 213309411 ns, Reaching safepoint: 193606 ns, At safepoint: 32001 ns, Total: 225607 ns
[37.426s][info ][safepoint      ] Safepoint "ICBufferFull", Time since last: 98891419 ns, Reaching safepoint: 214407 ns, At safepoint: 43701 ns, Total: 258108 ns
[37.432s][info ][gc,start       ] GC(96) Pause Young (Allocation Failure)
[37.499s][debug][gc,phases      ] GC(96) Scavenge 67.512ms
[37.499s][debug][gc,ref         ] GC(96) Skipped phase 1 of Reference Processing: no references
[37.499s][debug][gc,ref         ] GC(96) ReferenceProcessor::execute queues: 1, RefProcThreadModel::Single, marks_oops_alive: false
[37.500s][debug][gc,ref         ] GC(96) Skipped phase 3 of Reference Processing: no references
[37.500s][debug][gc,ref         ] GC(96) ReferenceProcessor::execute queues: 1, RefProcThreadModel::Single, marks_oops_alive: false
[37.500s][debug][gc,phases      ] GC(96) Reference Processing 0.197ms
[37.500s][debug][gc,phases      ] GC(96)   VM Weak                        Min:  0.0, Avg:  0.0, Max:  0.0, Diff:  0.0, Sum:  0.0, Workers: 4
[37.500s][debug][gc,phases      ] GC(96)     Dead                           Min: 0, Avg:  0.0, Max: 0, Diff: 0, Sum: 0, Workers: 4
[37.500s][debug][gc,phases      ] GC(96)     Total                          Min: 0, Avg: 155.8, Max: 576, Diff: 576, Sum: 623, Workers: 4
[37.500s][debug][gc,phases      ] GC(96)   ObjectSynchronizer Weak        Min:  0.0, Avg:  0.0, Max:  0.0, Diff:  0.0, Sum:  0.0, Workers: 4
[37.500s][debug][gc,phases      ] GC(96)     Dead                           Min: 0, Avg:  0.0, Max: 0, Diff: 0, Sum: 0, Workers: 4
[37.500s][debug][gc,phases      ] GC(96)     Total                          Min: 0, Avg: 113.2, Max: 320, Diff: 320, Sum: 453, Workers: 4
[37.500s][debug][gc,phases      ] GC(96)   JVMTI Tag Weak OopStorage      Min:  0.0, Avg:  0.0, Max:  0.0, Diff:  0.0, Sum:  0.0, Workers: 4
[37.500s][debug][gc,phases      ] GC(96)     Dead                           Min: 0, Avg:  0.0, Max: 0, Diff: 0, Sum: 0, Workers: 4
[37.500s][debug][gc,phases      ] GC(96)     Total                          Min: 0, Avg:  0.0, Max: 0, Diff: 0, Sum: 0, Workers: 4
[37.500s][debug][gc,phases      ] GC(96)   StringTable Weak               Min:  0.1, Avg:  0.1, Max:  0.1, Diff:  0.0, Sum:  0.5, Workers: 4
[37.500s][debug][gc,phases      ] GC(96)     Dead                           Min: 0, Avg:  1.8, Max: 7, Diff: 7, Sum: 7, Workers: 4
[37.500s][debug][gc,phases      ] GC(96)     Total                          Min: 9934, Avg: 11027.5, Max: 11968, Diff: 2034, Sum: 44110, Workers: 4
[37.500s][debug][gc,phases      ] GC(96)   ResolvedMethodTable Weak       Min:  0.0, Avg:  0.0, Max:  0.0, Diff:  0.0, Sum:  0.1, Workers: 4
[37.500s][debug][gc,phases      ] GC(96)     Dead                           Min: 0, Avg: 12.2, Max: 28, Diff: 28, Sum: 49, Workers: 4
[37.500s][debug][gc,phases      ] GC(96)     Total                          Min: 1920, Avg: 2027.8, Max: 2223, Diff: 303, Sum: 8111, Workers: 4
[37.500s][debug][gc,phases      ] GC(96)   JNI Weak                       Min:  0.0, Avg:  0.0, Max:  0.0, Diff:  0.0, Sum:  0.0, Workers: 4
[37.500s][debug][gc,phases      ] GC(96)     Dead                           Min: 0, Avg:  0.0, Max: 0, Diff: 0, Sum: 0, Workers: 4
[37.500s][debug][gc,phases      ] GC(96)     Total                          Min: 0, Avg: 12.2, Max: 49, Diff: 49, Sum: 49, Workers: 4
[37.500s][debug][gc,phases      ] GC(96)   StringDedup Table Weak         Min:  0.0, Avg:  0.0, Max:  0.0, Diff:  0.0, Sum:  0.0, Workers: 4
[37.500s][debug][gc,phases      ] GC(96)     Dead                           Min: 0, Avg:  0.0, Max: 0, Diff: 0, Sum: 0, Workers: 4
[37.500s][debug][gc,phases      ] GC(96)     Total                          Min: 0, Avg:  0.0, Max: 0, Diff: 0, Sum: 0, Workers: 4
[37.500s][debug][gc,phases      ] GC(96)   StringDedup Requests0 Weak     Min:  0.0, Avg:  0.0, Max:  0.0, Diff:  0.0, Sum:  0.0, Workers: 4
[37.500s][debug][gc,phases      ] GC(96)     Dead                           Min: 0, Avg:  0.0, Max: 0, Diff: 0, Sum: 0, Workers: 4
[37.500s][debug][gc,phases      ] GC(96)     Total                          Min: 0, Avg:  0.0, Max: 0, Diff: 0, Sum: 0, Workers: 4
[37.500s][debug][gc,phases      ] GC(96)   StringDedup Requests1 Weak     Min:  0.0, Avg:  0.0, Max:  0.0, Diff:  0.0, Sum:  0.0, Workers: 4
[37.500s][debug][gc,phases      ] GC(96)     Dead                           Min: 0, Avg:  0.0, Max: 0, Diff: 0, Sum: 0, Workers: 4
[37.500s][debug][gc,phases      ] GC(96)     Total                          Min: 0, Avg:  0.0, Max: 0, Diff: 0, Sum: 0, Workers: 4
[37.500s][debug][gc,phases      ] GC(96)   Weak JFR Old Object Samples    Min:  0.0, Avg:  0.0, Max:  0.0, Diff:  0.0, Sum:  0.0, Workers: 4
[37.500s][debug][gc,phases      ] GC(96)     Dead                           Min: 0, Avg:  0.0, Max: 0, Diff: 0, Sum: 0, Workers: 4
[37.500s][debug][gc,phases      ] GC(96)     Total                          Min: 0, Avg:  0.0, Max: 0, Diff: 0, Sum: 0, Workers: 4
[37.500s][debug][gc,phases      ] GC(96) Weak Processing 0.405ms
[37.500s][debug][gc,age         ] GC(96) Desired survivor size 429916160 bytes, new threshold 14 (max threshold 15)
[37.500s][info ][gc,heap        ] GC(96) PSYoungGen: 1501056K(1660928K)->242630K(1659392K) Eden: 1223168K(1223168K)->0K(1223168K) From: 277888K(437760K)->242630K(436224K)
[37.500s][info ][gc,heap        ] GC(96) ParOldGen: 473196K(611840K)->515868K(611840K)
[37.500s][info ][gc,metaspace   ] GC(96) Metaspace: 73710K(74560K)->73710K(74560K) NonClass: 62969K(63424K)->62969K(63424K) Class: 10740K(11136K)->10740K(11136K)
[37.500s][info ][gc             ] GC(96) Pause Young (Allocation Failure) 1927M->740M(2218M) 68.265ms
[37.500s][info ][gc,cpu         ] GC(96) User=0.33s Sys=0.00s Real=0.06s
[37.500s][info ][safepoint      ] Safepoint "ParallelGCFailedAllocation", Time since last: 5862479 ns, Reaching safepoint: 134004 ns, At safepoint: 68392588 ns, Total: 68526592 ns
[37.551s][info ][safepoint      ] Safepoint "ICBufferFull", Time since last: 50439139 ns, Reaching safepoint: 164906 ns, At safepoint: 36001 ns, Total: 200907 ns
[37.606s][info ][safepoint      ] Safepoint "ICBufferFull", Time since last: 54611567 ns, Reaching safepoint: 139104 ns, At safepoint: 40901 ns, Total: 180005 ns
[37.706s][info ][safepoint      ] Safepoint "ICBufferFull", Time since last: 100473367 ns, Reaching safepoint: 195406 ns, At safepoint: 40101 ns, Total: 235507 ns
[37.790s][info ][safepoint      ] Safepoint "ICBufferFull", Time since last: 83336144 ns, Reaching safepoint: 828426 ns, At safepoint: 35001 ns, Total: 863427 ns
[37.872s][info ][gc,start       ] GC(97) Pause Young (Allocation Failure)
[37.938s][debug][gc,phases      ] GC(97) Scavenge 65.948ms
[37.938s][debug][gc,ref         ] GC(97) Skipped phase 1 of Reference Processing: no references
[37.938s][debug][gc,ref         ] GC(97) ReferenceProcessor::execute queues: 1, RefProcThreadModel::Single, marks_oops_alive: false
[37.939s][debug][gc,ref         ] GC(97) Skipped phase 3 of Reference Processing: no references
[37.939s][debug][gc,ref         ] GC(97) ReferenceProcessor::execute queues: 1, RefProcThreadModel::Single, marks_oops_alive: false
[37.939s][debug][gc,phases      ] GC(97) Reference Processing 0.136ms
[37.939s][debug][gc,phases      ] GC(97)   VM Weak                        Min:  0.0, Avg:  0.0, Max:  0.0, Diff:  0.0, Sum:  0.0, Workers: 4
[37.939s][debug][gc,phases      ] GC(97)     Dead                           Min: 0, Avg:  0.0, Max: 0, Diff: 0, Sum: 0, Workers: 4
[37.939s][debug][gc,phases      ] GC(97)     Total                          Min: 0, Avg: 156.2, Max: 369, Diff: 369, Sum: 625, Workers: 4
[37.939s][debug][gc,phases      ] GC(97)   ObjectSynchronizer Weak        Min:  0.0, Avg:  0.0, Max:  0.0, Diff:  0.0, Sum:  0.0, Workers: 4
[37.939s][debug][gc,phases      ] GC(97)     Dead                           Min: 0, Avg:  0.0, Max: 0, Diff: 0, Sum: 0, Workers: 4
[37.939s][debug][gc,phases      ] GC(97)     Total                          Min: 0, Avg: 113.2, Max: 197, Diff: 197, Sum: 453, Workers: 4
[37.939s][debug][gc,phases      ] GC(97)   JVMTI Tag Weak OopStorage      Min:  0.0, Avg:  0.0, Max:  0.0, Diff:  0.0, Sum:  0.0, Workers: 4
[37.939s][debug][gc,phases      ] GC(97)     Dead                           Min: 0, Avg:  0.0, Max: 0, Diff: 0, Sum: 0, Workers: 4
[37.939s][debug][gc,phases      ] GC(97)     Total                          Min: 0, Avg:  0.0, Max: 0, Diff: 0, Sum: 0, Workers: 4
[37.939s][debug][gc,phases      ] GC(97)   StringTable Weak               Min:  0.1, Avg:  0.1, Max:  0.1, Diff:  0.0, Sum:  0.4, Workers: 4
[37.939s][debug][gc,phases      ] GC(97)     Dead                           Min: 0, Avg:  0.0, Max: 0, Diff: 0, Sum: 0, Workers: 4
[37.939s][debug][gc,phases      ] GC(97)     Total                          Min: 9728, Avg: 11085.5, Max: 11840, Diff: 2112, Sum: 44342, Workers: 4
[37.939s][debug][gc,phases      ] GC(97)   ResolvedMethodTable Weak       Min:  0.0, Avg:  0.0, Max:  0.0, Diff:  0.0, Sum:  0.1, Workers: 4
[37.939s][debug][gc,phases      ] GC(97)     Dead                           Min: 0, Avg:  6.0, Max: 16, Diff: 16, Sum: 24, Workers: 4
[37.939s][debug][gc,phases      ] GC(97)     Total                          Min: 1920, Avg: 2030.8, Max: 2111, Diff: 191, Sum: 8123, Workers: 4
[37.939s][debug][gc,phases      ] GC(97)   JNI Weak                       Min:  0.0, Avg:  0.0, Max:  0.0, Diff:  0.0, Sum:  0.0, Workers: 4
[37.939s][debug][gc,phases      ] GC(97)     Dead                           Min: 0, Avg:  0.0, Max: 0, Diff: 0, Sum: 0, Workers: 4
[37.939s][debug][gc,phases      ] GC(97)     Total                          Min: 0, Avg: 17.5, Max: 70, Diff: 70, Sum: 70, Workers: 4
[37.939s][debug][gc,phases      ] GC(97)   StringDedup Table Weak         Min:  0.0, Avg:  0.0, Max:  0.0, Diff:  0.0, Sum:  0.0, Workers: 4
[37.939s][debug][gc,phases      ] GC(97)     Dead                           Min: 0, Avg:  0.0, Max: 0, Diff: 0, Sum: 0, Workers: 4
[37.939s][debug][gc,phases      ] GC(97)     Total                          Min: 0, Avg:  0.0, Max: 0, Diff: 0, Sum: 0, Workers: 4
[37.939s][debug][gc,phases      ] GC(97)   StringDedup Requests0 Weak     Min:  0.0, Avg:  0.0, Max:  0.0, Diff:  0.0, Sum:  0.0, Workers: 4
[37.939s][debug][gc,phases      ] GC(97)     Dead                           Min: 0, Avg:  0.0, Max: 0, Diff: 0, Sum: 0, Workers: 4
[37.939s][debug][gc,phases      ] GC(97)     Total                          Min: 0, Avg:  0.0, Max: 0, Diff: 0, Sum: 0, Workers: 4
[37.939s][debug][gc,phases      ] GC(97)   StringDedup Requests1 Weak     Min:  0.0, Avg:  0.0, Max:  0.0, Diff:  0.0, Sum:  0.0, Workers: 4
[37.939s][debug][gc,phases      ] GC(97)     Dead                           Min: 0, Avg:  0.0, Max: 0, Diff: 0, Sum: 0, Workers: 4
[37.939s][debug][gc,phases      ] GC(97)     Total                          Min: 0, Avg:  0.0, Max: 0, Diff: 0, Sum: 0, Workers: 4
[37.939s][debug][gc,phases      ] GC(97)   Weak JFR Old Object Samples    Min:  0.0, Avg:  0.0, Max:  0.0, Diff:  0.0, Sum:  0.0, Workers: 4
[37.939s][debug][gc,phases      ] GC(97)     Dead                           Min: 0, Avg:  0.0, Max: 0, Diff: 0, Sum: 0, Workers: 4
[37.939s][debug][gc,phases      ] GC(97)     Total                          Min: 0, Avg:  0.0, Max: 0, Diff: 0, Sum: 0, Workers: 4
[37.939s][debug][gc,phases      ] GC(97) Weak Processing 0.334ms
[37.939s][debug][gc,age         ] GC(97) Desired survivor size 413663232 bytes, new threshold 15 (max threshold 15)
[37.939s][info ][gc,heap        ] GC(97) PSYoungGen: 1465798K(1659392K)->239606K(1693184K) Eden: 1223168K(1223168K)->0K(1273344K) From: 242630K(436224K)->239606K(419840K)
[37.939s][info ][gc,heap        ] GC(97) ParOldGen: 515868K(611840K)->515876K(611840K)
[37.939s][info ][gc,metaspace   ] GC(97) Metaspace: 74354K(75200K)->74354K(75200K) NonClass: 63552K(64000K)->63552K(64000K) Class: 10802K(11200K)->10802K(11200K)
[37.939s][info ][gc             ] GC(97) Pause Young (Allocation Failure) 1935M->737M(2251M) 66.575ms
[37.939s][info ][gc,cpu         ] GC(97) User=0.26s Sys=0.00s Real=0.06s
[37.939s][info ][safepoint      ] Safepoint "ParallelGCFailedAllocation", Time since last: 81701494 ns, Reaching safepoint: 159205 ns, At safepoint: 66686634 ns, Total: 66845839 ns
[37.961s][info ][safepoint      ] Safepoint "ICBufferFull", Time since last: 22183977 ns, Reaching safepoint: 162705 ns, At safepoint: 35201 ns, Total: 197906 ns
[38.093s][info ][safepoint      ] Safepoint "ICBufferFull", Time since last: 131577613 ns, Reaching safepoint: 183806 ns, At safepoint: 45401 ns, Total: 229207 ns
[38.151s][info ][safepoint      ] Safepoint "ICBufferFull", Time since last: 57166044 ns, Reaching safepoint: 236107 ns, At safepoint: 43402 ns, Total: 279509 ns
[38.152s][info ][safepoint      ] Safepoint "ICBufferFull", Time since last: 1177735 ns, Reaching safepoint: 114404 ns, At safepoint: 35601 ns, Total: 150005 ns
[38.161s][info ][safepoint      ] Safepoint "ICBufferFull", Time since last: 9250682 ns, Reaching safepoint: 205506 ns, At safepoint: 40902 ns, Total: 246408 ns
[38.238s][info ][safepoint      ] Safepoint "ICBufferFull", Time since last: 74660777 ns, Reaching safepoint: 2134365 ns, At safepoint: 48002 ns, Total: 2182367 ns
[38.334s][info ][safepoint      ] Safepoint "ICBufferFull", Time since last: 94738389 ns, Reaching safepoint: 424713 ns, At safepoint: 48802 ns, Total: 473515 ns
[38.335s][info ][safepoint      ] Safepoint "ICBufferFull", Time since last: 910227 ns, Reaching safepoint: 705722 ns, At safepoint: 37201 ns, Total: 742923 ns
[38.403s][info ][safepoint      ] Safepoint "ICBufferFull", Time since last: 65506098 ns, Reaching safepoint: 2163266 ns, At safepoint: 39201 ns, Total: 2202467 ns
[38.406s][info ][gc,start       ] GC(98) Pause Young (Allocation Failure)
[38.459s][debug][gc,phases      ] GC(98) Scavenge 53.229ms
[38.459s][debug][gc,ref         ] GC(98) Skipped phase 1 of Reference Processing: no references
[38.459s][debug][gc,ref         ] GC(98) ReferenceProcessor::execute queues: 1, RefProcThreadModel::Single, marks_oops_alive: false
[38.459s][debug][gc,ref         ] GC(98) Skipped phase 3 of Reference Processing: no references
[38.459s][debug][gc,ref         ] GC(98) ReferenceProcessor::execute queues: 1, RefProcThreadModel::Single, marks_oops_alive: false
[38.460s][debug][gc,phases      ] GC(98) Reference Processing 0.153ms
[38.460s][debug][gc,phases      ] GC(98)   VM Weak                        Min:  0.0, Avg:  0.0, Max:  0.0, Diff:  0.0, Sum:  0.0, Workers: 4
[38.460s][debug][gc,phases      ] GC(98)     Dead                           Min: 0, Avg:  0.0, Max: 0, Diff: 0, Sum: 0, Workers: 4
[38.460s][debug][gc,phases      ] GC(98)     Total                          Min: 0, Avg: 161.5, Max: 384, Diff: 384, Sum: 646, Workers: 4
[38.460s][debug][gc,phases      ] GC(98)   ObjectSynchronizer Weak        Min:  0.0, Avg:  0.0, Max:  0.0, Diff:  0.0, Sum:  0.0, Workers: 4
[38.460s][debug][gc,phases      ] GC(98)     Dead                           Min: 0, Avg:  0.2, Max: 1, Diff: 1, Sum: 1, Workers: 4
[38.460s][debug][gc,phases      ] GC(98)     Total                          Min: 0, Avg: 114.0, Max: 384, Diff: 384, Sum: 456, Workers: 4
[38.460s][debug][gc,phases      ] GC(98)   JVMTI Tag Weak OopStorage      Min:  0.0, Avg:  0.0, Max:  0.0, Diff:  0.0, Sum:  0.0, Workers: 4
[38.460s][debug][gc,phases      ] GC(98)     Dead                           Min: 0, Avg:  0.0, Max: 0, Diff: 0, Sum: 0, Workers: 4
[38.460s][debug][gc,phases      ] GC(98)     Total                          Min: 0, Avg:  0.0, Max: 0, Diff: 0, Sum: 0, Workers: 4
[38.460s][debug][gc,phases      ] GC(98)   StringTable Weak               Min:  0.1, Avg:  0.1, Max:  0.1, Diff:  0.0, Sum:  0.4, Workers: 4
[38.460s][debug][gc,phases      ] GC(98)     Dead                           Min: 0, Avg:  0.5, Max: 1, Diff: 1, Sum: 2, Workers: 4
[38.460s][debug][gc,phases      ] GC(98)     Total                          Min: 10555, Avg: 11518.8, Max: 12800, Diff: 2245, Sum: 46075, Workers: 4
[38.460s][debug][gc,phases      ] GC(98)   ResolvedMethodTable Weak       Min:  0.0, Avg:  0.0, Max:  0.0, Diff:  0.0, Sum:  0.1, Workers: 4
[38.460s][debug][gc,phases      ] GC(98)     Dead                           Min: 0, Avg:  0.8, Max: 3, Diff: 3, Sum: 3, Workers: 4
[38.460s][debug][gc,phases      ] GC(98)     Total                          Min: 1919, Avg: 2046.8, Max: 2111, Diff: 192, Sum: 8187, Workers: 4
[38.460s][debug][gc,phases      ] GC(98)   JNI Weak                       Min:  0.0, Avg:  0.0, Max:  0.0, Diff:  0.0, Sum:  0.0, Workers: 4
[38.460s][debug][gc,phases      ] GC(98)     Dead                           Min: 0, Avg:  0.0, Max: 0, Diff: 0, Sum: 0, Workers: 4
[38.460s][debug][gc,phases      ] GC(98)     Total                          Min: 0, Avg: 20.2, Max: 46, Diff: 46, Sum: 81, Workers: 4
[38.460s][debug][gc,phases      ] GC(98)   StringDedup Table Weak         Min:  0.0, Avg:  0.0, Max:  0.0, Diff:  0.0, Sum:  0.0, Workers: 4
[38.460s][debug][gc,phases      ] GC(98)     Dead                           Min: 0, Avg:  0.0, Max: 0, Diff: 0, Sum: 0, Workers: 4
[38.460s][debug][gc,phases      ] GC(98)     Total                          Min: 0, Avg:  0.0, Max: 0, Diff: 0, Sum: 0, Workers: 4
[38.460s][debug][gc,phases      ] GC(98)   StringDedup Requests0 Weak     Min:  0.0, Avg:  0.0, Max:  0.0, Diff:  0.0, Sum:  0.0, Workers: 4
[38.460s][debug][gc,phases      ] GC(98)     Dead                           Min: 0, Avg:  0.0, Max: 0, Diff: 0, Sum: 0, Workers: 4
[38.460s][debug][gc,phases      ] GC(98)     Total                          Min: 0, Avg:  0.0, Max: 0, Diff: 0, Sum: 0, Workers: 4
[38.460s][debug][gc,phases      ] GC(98)   StringDedup Requests1 Weak     Min:  0.0, Avg:  0.0, Max:  0.0, Diff:  0.0, Sum:  0.0, Workers: 4
[38.460s][debug][gc,phases      ] GC(98)     Dead                           Min: 0, Avg:  0.0, Max: 0, Diff: 0, Sum: 0, Workers: 4
[38.460s][debug][gc,phases      ] GC(98)     Total                          Min: 0, Avg:  0.0, Max: 0, Diff: 0, Sum: 0, Workers: 4
[38.460s][debug][gc,phases      ] GC(98)   Weak JFR Old Object Samples    Min:  0.0, Avg:  0.0, Max:  0.0, Diff:  0.0, Sum:  0.0, Workers: 4
[38.460s][debug][gc,phases      ] GC(98)     Dead                           Min: 0, Avg:  0.0, Max: 0, Diff: 0, Sum: 0, Workers: 4
[38.460s][debug][gc,phases      ] GC(98)     Total                          Min: 0, Avg:  0.0, Max: 0, Diff: 0, Sum: 0, Workers: 4
[38.460s][debug][gc,phases      ] GC(98) Weak Processing 0.343ms
[38.460s][debug][gc,age         ] GC(98) Desired survivor size 398458880 bytes, new threshold 15 (max threshold 15)
[38.460s][info ][gc,heap        ] GC(98) PSYoungGen: 1512950K(1693184K)->239036K(1677312K) Eden: 1273344K(1273344K)->0K(1273344K) From: 239606K(419840K)->239036K(403968K)
[38.460s][info ][gc,heap        ] GC(98) ParOldGen: 515876K(611840K)->515884K(611840K)
[38.460s][info ][gc,metaspace   ] GC(98) Metaspace: 77618K(78400K)->77618K(78400K) NonClass: 66387K(66816K)->66387K(66816K) Class: 11231K(11584K)->11231K(11584K)
[38.460s][info ][gc             ] GC(98) Pause Young (Allocation Failure) 1981M->737M(2235M) 53.842ms
[38.460s][info ][gc,cpu         ] GC(98) User=0.21s Sys=0.00s Real=0.05s
[38.460s][info ][safepoint      ] Safepoint "ParallelGCFailedAllocation", Time since last: 2103564 ns, Reaching safepoint: 1025232 ns, At safepoint: 53948045 ns, Total: 54973277 ns
[38.460s][info ][safepoint      ] Safepoint "ICBufferFull", Time since last: 33901 ns, Reaching safepoint: 98503 ns, At safepoint: 37701 ns, Total: 136204 ns
[38.531s][info ][safepoint      ] Safepoint "ICBufferFull", Time since last: 70218642 ns, Reaching safepoint: 233107 ns, At safepoint: 34901 ns, Total: 268008 ns
[38.561s][info ][safepoint      ] Safepoint "ICBufferFull", Time since last: 29883312 ns, Reaching safepoint: 149604 ns, At safepoint: 38602 ns, Total: 188206 ns
[38.631s][info ][safepoint      ] Safepoint "ICBufferFull", Time since last: 65943711 ns, Reaching safepoint: 4299731 ns, At safepoint: 31201 ns, Total: 4330932 ns
[38.719s][info ][safepoint      ] Safepoint "ICBufferFull", Time since last: 87408266 ns, Reaching safepoint: 222607 ns, At safepoint: 29101 ns, Total: 251708 ns
[38.731s][info ][safepoint      ] Safepoint "ICBufferFull", Time since last: 12092269 ns, Reaching safepoint: 101703 ns, At safepoint: 28501 ns, Total: 130204 ns
[38.731s][info ][safepoint      ] Safepoint "ICBufferFull", Time since last: 50501 ns, Reaching safepoint: 89703 ns, At safepoint: 23901 ns, Total: 113604 ns
[38.781s][info ][gc,start       ] GC(99) Pause Young (Allocation Failure)
[38.845s][debug][gc,phases      ] GC(99) Scavenge 64.190ms
[38.845s][debug][gc,ref         ] GC(99) Skipped phase 1 of Reference Processing: no references
[38.845s][debug][gc,ref         ] GC(99) ReferenceProcessor::execute queues: 1, RefProcThreadModel::Single, marks_oops_alive: false
[38.845s][debug][gc,ref         ] GC(99) Skipped phase 3 of Reference Processing: no references
[38.845s][debug][gc,ref         ] GC(99) ReferenceProcessor::execute queues: 1, RefProcThreadModel::Single, marks_oops_alive: false
[38.845s][debug][gc,phases      ] GC(99) Reference Processing 0.157ms
[38.846s][debug][gc,phases      ] GC(99)   VM Weak                        Min:  0.0, Avg:  0.0, Max:  0.0, Diff:  0.0, Sum:  0.0, Workers: 4
[38.846s][debug][gc,phases      ] GC(99)     Dead                           Min: 0, Avg:  0.0, Max: 0, Diff: 0, Sum: 0, Workers: 4
[38.846s][debug][gc,phases      ] GC(99)     Total                          Min: 0, Avg: 162.5, Max: 448, Diff: 448, Sum: 650, Workers: 4
[38.846s][debug][gc,phases      ] GC(99)   ObjectSynchronizer Weak        Min:  0.0, Avg:  0.0, Max:  0.0, Diff:  0.0, Sum:  0.0, Workers: 4
[38.846s][debug][gc,phases      ] GC(99)     Dead                           Min: 0, Avg:  0.0, Max: 0, Diff: 0, Sum: 0, Workers: 4
[38.846s][debug][gc,phases      ] GC(99)     Total                          Min: 0, Avg: 114.0, Max: 192, Diff: 192, Sum: 456, Workers: 4
[38.846s][debug][gc,phases      ] GC(99)   JVMTI Tag Weak OopStorage      Min:  0.0, Avg:  0.0, Max:  0.0, Diff:  0.0, Sum:  0.0, Workers: 4
[38.846s][debug][gc,phases      ] GC(99)     Dead                           Min: 0, Avg:  0.0, Max: 0, Diff: 0, Sum: 0, Workers: 4
[38.846s][debug][gc,phases      ] GC(99)     Total                          Min: 0, Avg:  0.0, Max: 0, Diff: 0, Sum: 0, Workers: 4
[38.846s][debug][gc,phases      ] GC(99)   StringTable Weak               Min:  0.1, Avg:  0.1, Max:  0.1, Diff:  0.0, Sum:  0.5, Workers: 4
[38.846s][debug][gc,phases      ] GC(99)     Dead                           Min: 0, Avg:  0.8, Max: 3, Diff: 3, Sum: 3, Workers: 4
[38.846s][debug][gc,phases      ] GC(99)     Total                          Min: 9792, Avg: 11578.8, Max: 13420, Diff: 3628, Sum: 46315, Workers: 4
[38.846s][debug][gc,phases      ] GC(99)   ResolvedMethodTable Weak       Min:  0.0, Avg:  0.0, Max:  0.0, Diff:  0.0, Sum:  0.1, Workers: 4
[38.846s][debug][gc,phases      ] GC(99)     Dead                           Min: 0, Avg:  2.2, Max: 9, Diff: 9, Sum: 9, Workers: 4
[38.846s][debug][gc,phases      ] GC(99)     Total                          Min: 1856, Avg: 2055.5, Max: 2240, Diff: 384, Sum: 8222, Workers: 4
[38.846s][debug][gc,phases      ] GC(99)   JNI Weak                       Min:  0.0, Avg:  0.0, Max:  0.0, Diff:  0.0, Sum:  0.0, Workers: 4
[38.846s][debug][gc,phases      ] GC(99)     Dead                           Min: 0, Avg:  0.0, Max: 0, Diff: 0, Sum: 0, Workers: 4
[38.846s][debug][gc,phases      ] GC(99)     Total                          Min: 0, Avg:  6.2, Max: 25, Diff: 25, Sum: 25, Workers: 4
[38.846s][debug][gc,phases      ] GC(99)   StringDedup Table Weak         Min:  0.0, Avg:  0.0, Max:  0.0, Diff:  0.0, Sum:  0.0, Workers: 4
[38.846s][debug][gc,phases      ] GC(99)     Dead                           Min: 0, Avg:  0.0, Max: 0, Diff: 0, Sum: 0, Workers: 4
[38.846s][debug][gc,phases      ] GC(99)     Total                          Min: 0, Avg:  0.0, Max: 0, Diff: 0, Sum: 0, Workers: 4
[38.846s][debug][gc,phases      ] GC(99)   StringDedup Requests0 Weak     Min:  0.0, Avg:  0.0, Max:  0.0, Diff:  0.0, Sum:  0.0, Workers: 4
[38.846s][debug][gc,phases      ] GC(99)     Dead                           Min: 0, Avg:  0.0, Max: 0, Diff: 0, Sum: 0, Workers: 4
[38.846s][debug][gc,phases      ] GC(99)     Total                          Min: 0, Avg:  0.0, Max: 0, Diff: 0, Sum: 0, Workers: 4
[38.846s][debug][gc,phases      ] GC(99)   StringDedup Requests1 Weak     Min:  0.0, Avg:  0.0, Max:  0.0, Diff:  0.0, Sum:  0.0, Workers: 4
[38.846s][debug][gc,phases      ] GC(99)     Dead                           Min: 0, Avg:  0.0, Max: 0, Diff: 0, Sum: 0, Workers: 4
[38.846s][debug][gc,phases      ] GC(99)     Total                          Min: 0, Avg:  0.0, Max: 0, Diff: 0, Sum: 0, Workers: 4
[38.846s][debug][gc,phases      ] GC(99)   Weak JFR Old Object Samples    Min:  0.0, Avg:  0.0, Max:  0.0, Diff:  0.0, Sum:  0.0, Workers: 4
[38.846s][debug][gc,phases      ] GC(99)     Dead                           Min: 0, Avg:  0.0, Max: 0, Diff: 0, Sum: 0, Workers: 4
[38.846s][debug][gc,phases      ] GC(99)     Total                          Min: 0, Avg:  0.0, Max: 0, Diff: 0, Sum: 0, Workers: 4
[38.846s][debug][gc,phases      ] GC(99) Weak Processing 0.373ms
[38.846s][debug][gc,age         ] GC(99) Desired survivor size 384303104 bytes, new threshold 15 (max threshold 15)
[38.846s][info ][gc,heap        ] GC(99) PSYoungGen: 1512380K(1677312K)->222798K(1721856K) Eden: 1273344K(1273344K)->0K(1332736K) From: 239036K(403968K)->222798K(389120K)
[38.846s][info ][gc,heap        ] GC(99) ParOldGen: 515884K(611840K)->533292K(611840K)
[38.846s][info ][gc,metaspace   ] GC(99) Metaspace: 78666K(79424K)->78666K(79424K) NonClass: 67303K(67712K)->67303K(67712K) Class: 11363K(11712K)->11363K(11712K)
[38.846s][info ][gc             ] GC(99) Pause Young (Allocation Failure) 1980M->738M(2279M) 64.862ms
[38.846s][info ][gc,cpu         ] GC(99) User=0.25s Sys=0.00s Real=0.07s
[38.846s][info ][safepoint      ] Safepoint "ParallelGCFailedAllocation", Time since last: 49655014 ns, Reaching safepoint: 159805 ns, At safepoint: 64973382 ns, Total: 65133187 ns
[38.971s][info ][safepoint      ] Safepoint "ICBufferFull", Time since last: 125164816 ns, Reaching safepoint: 231607 ns, At safepoint: 33601 ns, Total: 265208 ns
[39.180s][info ][gc,start       ] GC(100) Pause Young (Allocation Failure)
[39.231s][debug][gc,phases      ] GC(100) Scavenge 51.387ms
[39.231s][debug][gc,ref         ] GC(100) Skipped phase 1 of Reference Processing: no references
[39.231s][debug][gc,ref         ] GC(100) ReferenceProcessor::execute queues: 1, RefProcThreadModel::Single, marks_oops_alive: false
[39.231s][debug][gc,ref         ] GC(100) Skipped phase 3 of Reference Processing: no references
[39.231s][debug][gc,ref         ] GC(100) ReferenceProcessor::execute queues: 1, RefProcThreadModel::Single, marks_oops_alive: false
[39.231s][debug][gc,phases      ] GC(100) Reference Processing 0.154ms
[39.231s][debug][gc,phases      ] GC(100)   VM Weak                        Min:  0.0, Avg:  0.0, Max:  0.0, Diff:  0.0, Sum:  0.0, Workers: 4
[39.231s][debug][gc,phases      ] GC(100)     Dead                           Min: 0, Avg:  0.0, Max: 0, Diff: 0, Sum: 0, Workers: 4
[39.231s][debug][gc,phases      ] GC(100)     Total                          Min: 0, Avg: 164.0, Max: 592, Diff: 592, Sum: 656, Workers: 4
[39.231s][debug][gc,phases      ] GC(100)   ObjectSynchronizer Weak        Min:  0.0, Avg:  0.0, Max:  0.0, Diff:  0.0, Sum:  0.0, Workers: 4
[39.231s][debug][gc,phases      ] GC(100)     Dead                           Min: 0, Avg:  0.0, Max: 0, Diff: 0, Sum: 0, Workers: 4
[39.231s][debug][gc,phases      ] GC(100)     Total                          Min: 0, Avg: 114.0, Max: 256, Diff: 256, Sum: 456, Workers: 4
[39.231s][debug][gc,phases      ] GC(100)   JVMTI Tag Weak OopStorage      Min:  0.0, Avg:  0.0, Max:  0.0, Diff:  0.0, Sum:  0.0, Workers: 4
[39.231s][debug][gc,phases      ] GC(100)     Dead                           Min: 0, Avg:  0.0, Max: 0, Diff: 0, Sum: 0, Workers: 4
[39.231s][debug][gc,phases      ] GC(100)     Total                          Min: 0, Avg:  0.0, Max: 0, Diff: 0, Sum: 0, Workers: 4
[39.231s][debug][gc,phases      ] GC(100)   StringTable Weak               Min:  0.1, Avg:  0.1, Max:  0.1, Diff:  0.0, Sum:  0.5, Workers: 4
[39.231s][debug][gc,phases      ] GC(100)     Dead                           Min: 0, Avg:  1.5, Max: 5, Diff: 5, Sum: 6, Workers: 4
[39.231s][debug][gc,phases      ] GC(100)     Total                          Min: 10496, Avg: 11606.8, Max: 13120, Diff: 2624, Sum: 46427, Workers: 4
[39.231s][debug][gc,phases      ] GC(100)   ResolvedMethodTable Weak       Min:  0.0, Avg:  0.0, Max:  0.0, Diff:  0.0, Sum:  0.1, Workers: 4
[39.231s][debug][gc,phases      ] GC(100)     Dead                           Min: 0, Avg:  3.0, Max: 12, Diff: 12, Sum: 12, Workers: 4
[39.231s][debug][gc,phases      ] GC(100)     Total                          Min: 1910, Avg: 2013.0, Max: 2064, Diff: 154, Sum: 8052, Workers: 4
[39.231s][debug][gc,phases      ] GC(100)   JNI Weak                       Min:  0.0, Avg:  0.0, Max:  0.0, Diff:  0.0, Sum:  0.0, Workers: 4
[39.231s][debug][gc,phases      ] GC(100)     Dead                           Min: 0, Avg:  0.0, Max: 0, Diff: 0, Sum: 0, Workers: 4
[39.231s][debug][gc,phases      ] GC(100)     Total                          Min: 0, Avg:  2.5, Max: 10, Diff: 10, Sum: 10, Workers: 4
[39.231s][debug][gc,phases      ] GC(100)   StringDedup Table Weak         Min:  0.0, Avg:  0.0, Max:  0.0, Diff:  0.0, Sum:  0.0, Workers: 4
[39.231s][debug][gc,phases      ] GC(100)     Dead                           Min: 0, Avg:  0.0, Max: 0, Diff: 0, Sum: 0, Workers: 4
[39.231s][debug][gc,phases      ] GC(100)     Total                          Min: 0, Avg:  0.0, Max: 0, Diff: 0, Sum: 0, Workers: 4
[39.231s][debug][gc,phases      ] GC(100)   StringDedup Requests0 Weak     Min:  0.0, Avg:  0.0, Max:  0.0, Diff:  0.0, Sum:  0.0, Workers: 4
[39.231s][debug][gc,phases      ] GC(100)     Dead                           Min: 0, Avg:  0.0, Max: 0, Diff: 0, Sum: 0, Workers: 4
[39.231s][debug][gc,phases      ] GC(100)     Total                          Min: 0, Avg:  0.0, Max: 0, Diff: 0, Sum: 0, Workers: 4
[39.231s][debug][gc,phases      ] GC(100)   StringDedup Requests1 Weak     Min:  0.0, Avg:  0.0, Max:  0.0, Diff:  0.0, Sum:  0.0, Workers: 4
[39.231s][debug][gc,phases      ] GC(100)     Dead                           Min: 0, Avg:  0.0, Max: 0, Diff: 0, Sum: 0, Workers: 4
[39.231s][debug][gc,phases      ] GC(100)     Total                          Min: 0, Avg:  0.0, Max: 0, Diff: 0, Sum: 0, Workers: 4
[39.231s][debug][gc,phases      ] GC(100)   Weak JFR Old Object Samples    Min:  0.0, Avg:  0.0, Max:  0.0, Diff:  0.0, Sum:  0.0, Workers: 4
[39.231s][debug][gc,phases      ] GC(100)     Dead                           Min: 0, Avg:  0.0, Max: 0, Diff: 0, Sum: 0, Workers: 4
[39.231s][debug][gc,phases      ] GC(100)     Total                          Min: 0, Avg:  0.0, Max: 0, Diff: 0, Sum: 0, Workers: 4
[39.231s][debug][gc,phases      ] GC(100) Weak Processing 0.342ms
[39.231s][debug][gc,age         ] GC(100) Desired survivor size 374865920 bytes, new threshold 15 (max threshold 15)
[39.232s][info ][gc,heap        ] GC(100) PSYoungGen: 1555534K(1721856K)->204046K(1708032K) Eden: 1332736K(1332736K)->0K(1332736K) From: 222798K(389120K)->204046K(375296K)
[39.232s][info ][gc,heap        ] GC(100) ParOldGen: 533292K(611840K)->553700K(611840K)
[39.232s][info ][gc,metaspace   ] GC(100) Metaspace: 79196K(80000K)->79196K(80000K) NonClass: 67779K(68224K)->67779K(68224K) Class: 11417K(11776K)->11417K(11776K)
[39.232s][info ][gc             ] GC(100) Pause Young (Allocation Failure) 2039M->739M(2265M) 52.022ms
[39.232s][info ][gc,cpu         ] GC(100) User=0.19s Sys=0.01s Real=0.06s
[39.232s][info ][safepoint      ] Safepoint "ParallelGCFailedAllocation", Time since last: 208060041 ns, Reaching safepoint: 181805 ns, At safepoint: 52137089 ns, Total: 52318894 ns
[39.507s][info ][safepoint      ] Safepoint "ICBufferFull", Time since last: 275346892 ns, Reaching safepoint: 277309 ns, At safepoint: 44801 ns, Total: 322110 ns
[39.590s][info ][gc,start       ] GC(101) Pause Young (Allocation Failure)
[39.661s][debug][gc,phases      ] GC(101) Scavenge 71.237ms
[39.661s][debug][gc,ref         ] GC(101) Skipped phase 1 of Reference Processing: no references
[39.661s][debug][gc,ref         ] GC(101) ReferenceProcessor::execute queues: 1, RefProcThreadModel::Single, marks_oops_alive: false
[39.661s][debug][gc,ref         ] GC(101) Skipped phase 3 of Reference Processing: no references
[39.661s][debug][gc,ref         ] GC(101) ReferenceProcessor::execute queues: 1, RefProcThreadModel::Single, marks_oops_alive: false
[39.661s][debug][gc,phases      ] GC(101) Reference Processing 0.151ms
[39.662s][debug][gc,phases      ] GC(101)   VM Weak                        Min:  0.0, Avg:  0.0, Max:  0.0, Diff:  0.0, Sum:  0.0, Workers: 4
[39.662s][debug][gc,phases      ] GC(101)     Dead                           Min: 0, Avg:  0.0, Max: 0, Diff: 0, Sum: 0, Workers: 4
[39.662s][debug][gc,phases      ] GC(101)     Total                          Min: 0, Avg: 165.5, Max: 576, Diff: 576, Sum: 662, Workers: 4
[39.662s][debug][gc,phases      ] GC(101)   ObjectSynchronizer Weak        Min:  0.0, Avg:  0.0, Max:  0.0, Diff:  0.0, Sum:  0.0, Workers: 4
[39.662s][debug][gc,phases      ] GC(101)     Dead                           Min: 0, Avg:  0.0, Max: 0, Diff: 0, Sum: 0, Workers: 4
[39.662s][debug][gc,phases      ] GC(101)     Total                          Min: 0, Avg: 114.0, Max: 192, Diff: 192, Sum: 456, Workers: 4
[39.662s][debug][gc,phases      ] GC(101)   JVMTI Tag Weak OopStorage      Min:  0.0, Avg:  0.0, Max:  0.0, Diff:  0.0, Sum:  0.0, Workers: 4
[39.662s][debug][gc,phases      ] GC(101)     Dead                           Min: 0, Avg:  0.0, Max: 0, Diff: 0, Sum: 0, Workers: 4
[39.662s][debug][gc,phases      ] GC(101)     Total                          Min: 0, Avg:  0.0, Max: 0, Diff: 0, Sum: 0, Workers: 4
[39.662s][debug][gc,phases      ] GC(101)   StringTable Weak               Min:  0.1, Avg:  0.1, Max:  0.1, Diff:  0.0, Sum:  0.6, Workers: 4
[39.662s][debug][gc,phases      ] GC(101)     Dead                           Min: 0, Avg:  0.5, Max: 2, Diff: 2, Sum: 2, Workers: 4
[39.662s][debug][gc,phases      ] GC(101)     Total                          Min: 10318, Avg: 11651.5, Max: 12672, Diff: 2354, Sum: 46606, Workers: 4
[39.662s][debug][gc,phases      ] GC(101)   ResolvedMethodTable Weak       Min:  0.0, Avg:  0.0, Max:  0.0, Diff:  0.0, Sum:  0.1, Workers: 4
[39.662s][debug][gc,phases      ] GC(101)     Dead                           Min: 0, Avg:  2.0, Max: 7, Diff: 7, Sum: 8, Workers: 4
[39.662s][debug][gc,phases      ] GC(101)     Total                          Min: 1893, Avg: 2037.5, Max: 2175, Diff: 282, Sum: 8150, Workers: 4
[39.662s][debug][gc,phases      ] GC(101)   JNI Weak                       Min:  0.0, Avg:  0.0, Max:  0.0, Diff:  0.0, Sum:  0.0, Workers: 4
[39.662s][debug][gc,phases      ] GC(101)     Dead                           Min: 0, Avg:  0.0, Max: 0, Diff: 0, Sum: 0, Workers: 4
[39.662s][debug][gc,phases      ] GC(101)     Total                          Min: 0, Avg:  4.2, Max: 17, Diff: 17, Sum: 17, Workers: 4
[39.662s][debug][gc,phases      ] GC(101)   StringDedup Table Weak         Min:  0.0, Avg:  0.0, Max:  0.0, Diff:  0.0, Sum:  0.0, Workers: 4
[39.662s][debug][gc,phases      ] GC(101)     Dead                           Min: 0, Avg:  0.0, Max: 0, Diff: 0, Sum: 0, Workers: 4
[39.662s][debug][gc,phases      ] GC(101)     Total                          Min: 0, Avg:  0.0, Max: 0, Diff: 0, Sum: 0, Workers: 4
[39.662s][debug][gc,phases      ] GC(101)   StringDedup Requests0 Weak     Min:  0.0, Avg:  0.0, Max:  0.0, Diff:  0.0, Sum:  0.0, Workers: 4
[39.662s][debug][gc,phases      ] GC(101)     Dead                           Min: 0, Avg:  0.0, Max: 0, Diff: 0, Sum: 0, Workers: 4
[39.662s][debug][gc,phases      ] GC(101)     Total                          Min: 0, Avg:  0.0, Max: 0, Diff: 0, Sum: 0, Workers: 4
[39.662s][debug][gc,phases      ] GC(101)   StringDedup Requests1 Weak     Min:  0.0, Avg:  0.0, Max:  0.0, Diff:  0.0, Sum:  0.0, Workers: 4
[39.662s][debug][gc,phases      ] GC(101)     Dead                           Min: 0, Avg:  0.0, Max: 0, Diff: 0, Sum: 0, Workers: 4
[39.662s][debug][gc,phases      ] GC(101)     Total                          Min: 0, Avg:  0.0, Max: 0, Diff: 0, Sum: 0, Workers: 4
[39.662s][debug][gc,phases      ] GC(101)   Weak JFR Old Object Samples    Min:  0.0, Avg:  0.0, Max:  0.0, Diff:  0.0, Sum:  0.0, Workers: 4
[39.662s][debug][gc,phases      ] GC(101)     Dead                           Min: 0, Avg:  0.0, Max: 0, Diff: 0, Sum: 0, Workers: 4
[39.662s][debug][gc,phases      ] GC(101)     Total                          Min: 0, Avg:  0.0, Max: 0, Diff: 0, Sum: 0, Workers: 4
[39.662s][debug][gc,phases      ] GC(101) Weak Processing 0.391ms
[39.662s][debug][gc,age         ] GC(101) Desired survivor size 367001600 bytes, new threshold 15 (max threshold 15)
[39.662s][info ][gc,heap        ] GC(101) PSYoungGen: 1536782K(1708032K)->193073K(1738752K) Eden: 1332736K(1332736K)->0K(1372672K) From: 204046K(375296K)->193073K(366080K)
[39.662s][info ][gc,heap        ] GC(101) ParOldGen: 553700K(611840K)->581204K(611840K)
[39.662s][info ][gc,metaspace   ] GC(101) Metaspace: 79786K(80576K)->79786K(80576K) NonClass: 68283K(68736K)->68283K(68736K) Class: 11502K(11840K)->11502K(11840K)
[39.662s][info ][gc             ] GC(101) Pause Young (Allocation Failure) 2041M->756M(2295M) 71.909ms
[39.662s][info ][gc,cpu         ] GC(101) User=0.30s Sys=0.00s Real=0.07s
[39.662s][debug][gc,phases      ] GC(102) Pre Compact 0.010ms
[39.662s][info ][gc,start       ] GC(102) Pause Full (Ergonomics)
[39.662s][info ][gc,phases,start] GC(102) Marking Phase
[39.801s][debug][gc,phases      ] GC(102) Par Mark 139.259ms
[39.801s][debug][gc,ref         ] GC(102) Skipped phase 1 of Reference Processing: no references
[39.802s][debug][gc,ref         ] GC(102) ReferenceProcessor::execute queues: 4, RefProcThreadModel::Multi, marks_oops_alive: false
[39.802s][debug][gc,ref         ] GC(102) Skipped phase 3 of Reference Processing: no references
[39.802s][debug][gc,ref         ] GC(102) ReferenceProcessor::execute queues: 1, RefProcThreadModel::Single, marks_oops_alive: false
[39.802s][debug][gc,phases      ] GC(102) Reference Processing 0.529ms
[39.802s][debug][gc,phases      ] GC(102)   VM Weak                        Min:  0.0, Avg:  0.0, Max:  0.0, Diff:  0.0, Sum:  0.0, Workers: 4
[39.802s][debug][gc,phases      ] GC(102)     Dead                           Min: 0, Avg:  1.0, Max: 4, Diff: 4, Sum: 4, Workers: 4
[39.802s][debug][gc,phases      ] GC(102)     Total                          Min: 0, Avg: 165.5, Max: 278, Diff: 278, Sum: 662, Workers: 4
[39.802s][debug][gc,phases      ] GC(102)   ObjectSynchronizer Weak        Min:  0.0, Avg:  0.0, Max:  0.0, Diff:  0.0, Sum:  0.0, Workers: 4
[39.802s][debug][gc,phases      ] GC(102)     Dead                           Min: 0, Avg:  0.0, Max: 0, Diff: 0, Sum: 0, Workers: 4
[39.802s][debug][gc,phases      ] GC(102)     Total                          Min: 0, Avg: 114.0, Max: 192, Diff: 192, Sum: 456, Workers: 4
[39.802s][debug][gc,phases      ] GC(102)   JVMTI Tag Weak OopStorage      Min:  0.0, Avg:  0.0, Max:  0.0, Diff:  0.0, Sum:  0.0, Workers: 4
[39.802s][debug][gc,phases      ] GC(102)     Dead                           Min: 0, Avg:  0.0, Max: 0, Diff: 0, Sum: 0, Workers: 4
[39.802s][debug][gc,phases      ] GC(102)     Total                          Min: 0, Avg:  0.0, Max: 0, Diff: 0, Sum: 0, Workers: 4
[39.802s][debug][gc,phases      ] GC(102)   StringTable Weak               Min:  0.1, Avg:  0.1, Max:  0.1, Diff:  0.0, Sum:  0.6, Workers: 4
[39.802s][debug][gc,phases      ] GC(102)     Dead                           Min: 0, Avg:  0.0, Max: 0, Diff: 0, Sum: 0, Workers: 4
[39.802s][debug][gc,phases      ] GC(102)     Total                          Min: 9472, Avg: 11651.5, Max: 14478, Diff: 5006, Sum: 46606, Workers: 4
[39.802s][debug][gc,phases      ] GC(102)   ResolvedMethodTable Weak       Min:  0.0, Avg:  0.0, Max:  0.0, Diff:  0.0, Sum:  0.1, Workers: 4
[39.802s][debug][gc,phases      ] GC(102)     Dead                           Min: 0, Avg:  1.0, Max: 4, Diff: 4, Sum: 4, Workers: 4
[39.802s][debug][gc,phases      ] GC(102)     Total                          Min: 1706, Avg: 2037.5, Max: 2173, Diff: 467, Sum: 8150, Workers: 4
[39.802s][debug][gc,phases      ] GC(102)   JNI Weak                       Min:  0.0, Avg:  0.0, Max:  0.0, Diff:  0.0, Sum:  0.0, Workers: 4
[39.802s][debug][gc,phases      ] GC(102)     Dead                           Min: 0, Avg:  0.0, Max: 0, Diff: 0, Sum: 0, Workers: 4
[39.802s][debug][gc,phases      ] GC(102)     Total                          Min: 0, Avg:  4.2, Max: 11, Diff: 11, Sum: 17, Workers: 4
[39.802s][debug][gc,phases      ] GC(102)   StringDedup Table Weak         Min:  0.0, Avg:  0.0, Max:  0.0, Diff:  0.0, Sum:  0.0, Workers: 4
[39.802s][debug][gc,phases      ] GC(102)     Dead                           Min: 0, Avg:  0.0, Max: 0, Diff: 0, Sum: 0, Workers: 4
[39.802s][debug][gc,phases      ] GC(102)     Total                          Min: 0, Avg:  0.0, Max: 0, Diff: 0, Sum: 0, Workers: 4
[39.802s][debug][gc,phases      ] GC(102)   StringDedup Requests0 Weak     Min:  0.0, Avg:  0.0, Max:  0.0, Diff:  0.0, Sum:  0.0, Workers: 4
[39.802s][debug][gc,phases      ] GC(102)     Dead                           Min: 0, Avg:  0.0, Max: 0, Diff: 0, Sum: 0, Workers: 4
[39.802s][debug][gc,phases      ] GC(102)     Total                          Min: 0, Avg:  0.0, Max: 0, Diff: 0, Sum: 0, Workers: 4
[39.802s][debug][gc,phases      ] GC(102)   StringDedup Requests1 Weak     Min:  0.0, Avg:  0.0, Max:  0.0, Diff:  0.0, Sum:  0.0, Workers: 4
[39.802s][debug][gc,phases      ] GC(102)     Dead                           Min: 0, Avg:  0.0, Max: 0, Diff: 0, Sum: 0, Workers: 4
[39.802s][debug][gc,phases      ] GC(102)     Total                          Min: 0, Avg:  0.0, Max: 0, Diff: 0, Sum: 0, Workers: 4
[39.802s][debug][gc,phases      ] GC(102)   Weak JFR Old Object Samples    Min:  0.0, Avg:  0.0, Max:  0.0, Diff:  0.0, Sum:  0.0, Workers: 4
[39.802s][debug][gc,phases      ] GC(102)     Dead                           Min: 0, Avg:  0.0, Max: 0, Diff: 0, Sum: 0, Workers: 4
[39.802s][debug][gc,phases      ] GC(102)     Total                          Min: 0, Avg:  0.0, Max: 0, Diff: 0, Sum: 0, Workers: 4
[39.802s][debug][gc,phases      ] GC(102) Weak Processing 0.385ms
[39.803s][debug][gc,phases      ] GC(102) ClassLoaderData 0.210ms
[39.803s][debug][gc,phases      ] GC(102) Trigger cleanups 0.007ms
[39.826s][debug][gc,phases      ] GC(102) Class Unloading 24.083ms
[39.826s][info ][gc,phases      ] GC(102) Marking Phase 164.498ms
[39.827s][info ][gc,phases,start] GC(102) Summary Phase
[39.827s][info ][gc,phases      ] GC(102) Summary Phase 0.034ms
[39.827s][info ][gc,phases,start] GC(102) Adjust Roots
[39.836s][info ][gc,phases      ] GC(102) Adjust Roots 9.944ms
[39.837s][info ][gc,phases,start] GC(102) Compaction Phase
[40.022s][info ][gc,phases      ] GC(102) Compaction Phase 185.955ms
[40.023s][info ][gc,phases,start] GC(102) Post Compact
[40.025s][info ][gc,phases      ] GC(102) Post Compact 2.466ms
[40.025s][info ][gc,heap        ] GC(102) PSYoungGen: 193073K(1738752K)->0K(1731072K) Eden: 0K(1372672K)->0K(1372672K) From: 193073K(366080K)->0K(358400K)
[40.025s][info ][gc,heap        ] GC(102) ParOldGen: 581204K(611840K)->464051K(600576K)
[40.025s][info ][gc,metaspace   ] GC(102) Metaspace: 79786K(80576K)->79779K(80576K) NonClass: 68283K(68736K)->68278K(68736K) Class: 11502K(11840K)->11500K(11840K)
[40.025s][info ][gc             ] GC(102) Pause Full (Ergonomics) 756M->453M(2277M) 363.224ms
[40.025s][info ][gc,cpu         ] GC(102) User=1.33s Sys=0.01s Real=0.37s
[40.026s][info ][safepoint      ] Safepoint "ParallelGCFailedAllocation", Time since last: 82543016 ns, Reaching safepoint: 165705 ns, At safepoint: 436206691 ns, Total: 436372396 ns
[40.088s][info ][safepoint      ] Safepoint "ICBufferFull", Time since last: 61670978 ns, Reaching safepoint: 290909 ns, At safepoint: 43001 ns, Total: 333910 ns
[40.372s][info ][gc,start       ] GC(103) Pause Young (Allocation Failure)
[40.379s][debug][gc,phases      ] GC(103) Scavenge 6.830ms
[40.379s][debug][gc,ref         ] GC(103) Skipped phase 1 of Reference Processing: no references
[40.379s][debug][gc,ref         ] GC(103) ReferenceProcessor::execute queues: 1, RefProcThreadModel::Single, marks_oops_alive: false
[40.379s][debug][gc,ref         ] GC(103) Skipped phase 3 of Reference Processing: no references
[40.379s][debug][gc,ref         ] GC(103) ReferenceProcessor::execute queues: 1, RefProcThreadModel::Single, marks_oops_alive: false
[40.379s][debug][gc,phases      ] GC(103) Reference Processing 0.122ms
[40.379s][debug][gc,phases      ] GC(103)   VM Weak                        Min:  0.0, Avg:  0.0, Max:  0.0, Diff:  0.0, Sum:  0.0, Workers: 4
[40.379s][debug][gc,phases      ] GC(103)     Dead                           Min: 0, Avg:  0.0, Max: 0, Diff: 0, Sum: 0, Workers: 4
[40.379s][debug][gc,phases      ] GC(103)     Total                          Min: 0, Avg: 164.5, Max: 380, Diff: 380, Sum: 658, Workers: 4
[40.379s][debug][gc,phases      ] GC(103)   ObjectSynchronizer Weak        Min:  0.0, Avg:  0.0, Max:  0.0, Diff:  0.0, Sum:  0.0, Workers: 4
[40.379s][debug][gc,phases      ] GC(103)     Dead                           Min: 0, Avg:  0.0, Max: 0, Diff: 0, Sum: 0, Workers: 4
[40.379s][debug][gc,phases      ] GC(103)     Total                          Min: 0, Avg: 114.0, Max: 256, Diff: 256, Sum: 456, Workers: 4
[40.379s][debug][gc,phases      ] GC(103)   JVMTI Tag Weak OopStorage      Min:  0.0, Avg:  0.0, Max:  0.0, Diff:  0.0, Sum:  0.0, Workers: 4
[40.379s][debug][gc,phases      ] GC(103)     Dead                           Min: 0, Avg:  0.0, Max: 0, Diff: 0, Sum: 0, Workers: 4
[40.379s][debug][gc,phases      ] GC(103)     Total                          Min: 0, Avg:  0.0, Max: 0, Diff: 0, Sum: 0, Workers: 4
[40.379s][debug][gc,phases      ] GC(103)   StringTable Weak               Min:  0.1, Avg:  0.1, Max:  0.1, Diff:  0.0, Sum:  0.4, Workers: 4
[40.379s][debug][gc,phases      ] GC(103)     Dead                           Min: 0, Avg:  0.0, Max: 0, Diff: 0, Sum: 0, Workers: 4
[40.379s][debug][gc,phases      ] GC(103)     Total                          Min: 11008, Avg: 11654.0, Max: 12288, Diff: 1280, Sum: 46616, Workers: 4
[40.379s][debug][gc,phases      ] GC(103)   ResolvedMethodTable Weak       Min:  0.0, Avg:  0.0, Max:  0.0, Diff:  0.0, Sum:  0.1, Workers: 4
[40.379s][debug][gc,phases      ] GC(103)     Dead                           Min: 0, Avg:  1.5, Max: 6, Diff: 6, Sum: 6, Workers: 4
[40.379s][debug][gc,phases      ] GC(103)     Total                          Min: 1905, Avg: 2039.2, Max: 2165, Diff: 260, Sum: 8157, Workers: 4
[40.379s][debug][gc,phases      ] GC(103)   JNI Weak                       Min:  0.0, Avg:  0.0, Max:  0.0, Diff:  0.0, Sum:  0.0, Workers: 4
[40.379s][debug][gc,phases      ] GC(103)     Dead                           Min: 0, Avg:  0.0, Max: 0, Diff: 0, Sum: 0, Workers: 4
[40.379s][debug][gc,phases      ] GC(103)     Total                          Min: 0, Avg:  5.8, Max: 18, Diff: 18, Sum: 23, Workers: 4
[40.379s][debug][gc,phases      ] GC(103)   StringDedup Table Weak         Min:  0.0, Avg:  0.0, Max:  0.0, Diff:  0.0, Sum:  0.0, Workers: 4
[40.379s][debug][gc,phases      ] GC(103)     Dead                           Min: 0, Avg:  0.0, Max: 0, Diff: 0, Sum: 0, Workers: 4
[40.379s][debug][gc,phases      ] GC(103)     Total                          Min: 0, Avg:  0.0, Max: 0, Diff: 0, Sum: 0, Workers: 4
[40.379s][debug][gc,phases      ] GC(103)   StringDedup Requests0 Weak     Min:  0.0, Avg:  0.0, Max:  0.0, Diff:  0.0, Sum:  0.0, Workers: 4
[40.379s][debug][gc,phases      ] GC(103)     Dead                           Min: 0, Avg:  0.0, Max: 0, Diff: 0, Sum: 0, Workers: 4
[40.379s][debug][gc,phases      ] GC(103)     Total                          Min: 0, Avg:  0.0, Max: 0, Diff: 0, Sum: 0, Workers: 4
[40.379s][debug][gc,phases      ] GC(103)   StringDedup Requests1 Weak     Min:  0.0, Avg:  0.0, Max:  0.0, Diff:  0.0, Sum:  0.0, Workers: 4
[40.379s][debug][gc,phases      ] GC(103)     Dead                           Min: 0, Avg:  0.0, Max: 0, Diff: 0, Sum: 0, Workers: 4
[40.379s][debug][gc,phases      ] GC(103)     Total                          Min: 0, Avg:  0.0, Max: 0, Diff: 0, Sum: 0, Workers: 4
[40.379s][debug][gc,phases      ] GC(103)   Weak JFR Old Object Samples    Min:  0.0, Avg:  0.0, Max:  0.0, Diff:  0.0, Sum:  0.0, Workers: 4
[40.379s][debug][gc,phases      ] GC(103)     Dead                           Min: 0, Avg:  0.0, Max: 0, Diff: 0, Sum: 0, Workers: 4
[40.379s][debug][gc,phases      ] GC(103)     Total                          Min: 0, Avg:  0.0, Max: 0, Diff: 0, Sum: 0, Workers: 4
[40.379s][debug][gc,phases      ] GC(103) Weak Processing 0.339ms
[40.379s][debug][gc,age         ] GC(103) Desired survivor size 387448832 bytes, new threshold 15 (max threshold 15)
[40.379s][info ][gc,heap        ] GC(103) PSYoungGen: 1372672K(1731072K)->30368K(1698816K) Eden: 1372672K(1372672K)->0K(1340416K) From: 0K(358400K)->30368K(358400K)
[40.379s][info ][gc,heap        ] GC(103) ParOldGen: 464051K(600576K)->464059K(600576K)
[40.379s][info ][gc,metaspace   ] GC(103) Metaspace: 79809K(80576K)->79809K(80576K) NonClass: 68304K(68736K)->68304K(68736K) Class: 11504K(11840K)->11504K(11840K)
[40.379s][info ][gc             ] GC(103) Pause Young (Allocation Failure) 1793M->482M(2245M) 7.435ms
[40.379s][info ][gc,cpu         ] GC(103) User=0.03s Sys=0.00s Real=0.00s
[40.379s][info ][safepoint      ] Safepoint "ParallelGCFailedAllocation", Time since last: 283310728 ns, Reaching safepoint: 204306 ns, At safepoint: 7567230 ns, Total: 7771536 ns
[40.705s][info ][gc,start       ] GC(104) Pause Young (Allocation Failure)
[40.713s][debug][gc,phases      ] GC(104) Scavenge 7.813ms
[40.713s][debug][gc,ref         ] GC(104) Skipped phase 1 of Reference Processing: no references
[40.713s][debug][gc,ref         ] GC(104) ReferenceProcessor::execute queues: 1, RefProcThreadModel::Single, marks_oops_alive: false
[40.713s][debug][gc,ref         ] GC(104) Skipped phase 3 of Reference Processing: no references
[40.713s][debug][gc,ref         ] GC(104) ReferenceProcessor::execute queues: 1, RefProcThreadModel::Single, marks_oops_alive: false
[40.713s][debug][gc,phases      ] GC(104) Reference Processing 0.119ms
[40.713s][debug][gc,phases      ] GC(104)   VM Weak                        Min:  0.0, Avg:  0.0, Max:  0.0, Diff:  0.0, Sum:  0.0, Workers: 4
[40.713s][debug][gc,phases      ] GC(104)     Dead                           Min: 0, Avg:  0.0, Max: 0, Diff: 0, Sum: 0, Workers: 4
[40.713s][debug][gc,phases      ] GC(104)     Total                          Min: 0, Avg: 164.5, Max: 658, Diff: 658, Sum: 658, Workers: 4
[40.713s][debug][gc,phases      ] GC(104)   ObjectSynchronizer Weak        Min:  0.0, Avg:  0.0, Max:  0.0, Diff:  0.0, Sum:  0.0, Workers: 4
[40.713s][debug][gc,phases      ] GC(104)     Dead                           Min: 0, Avg:  0.0, Max: 0, Diff: 0, Sum: 0, Workers: 4
[40.713s][debug][gc,phases      ] GC(104)     Total                          Min: 0, Avg: 114.0, Max: 320, Diff: 320, Sum: 456, Workers: 4
[40.713s][debug][gc,phases      ] GC(104)   JVMTI Tag Weak OopStorage      Min:  0.0, Avg:  0.0, Max:  0.0, Diff:  0.0, Sum:  0.0, Workers: 4
[40.713s][debug][gc,phases      ] GC(104)     Dead                           Min: 0, Avg:  0.0, Max: 0, Diff: 0, Sum: 0, Workers: 4
[40.713s][debug][gc,phases      ] GC(104)     Total                          Min: 0, Avg:  0.0, Max: 0, Diff: 0, Sum: 0, Workers: 4
[40.713s][debug][gc,phases      ] GC(104)   StringTable Weak               Min:  0.1, Avg:  0.1, Max:  0.1, Diff:  0.0, Sum:  0.4, Workers: 4
[40.713s][debug][gc,phases      ] GC(104)     Dead                           Min: 0, Avg:  0.0, Max: 0, Diff: 0, Sum: 0, Workers: 4
[40.713s][debug][gc,phases      ] GC(104)     Total                          Min: 10240, Avg: 11654.2, Max: 13337, Diff: 3097, Sum: 46617, Workers: 4
[40.713s][debug][gc,phases      ] GC(104)   ResolvedMethodTable Weak       Min:  0.0, Avg:  0.0, Max:  0.0, Diff:  0.0, Sum:  0.1, Workers: 4
[40.713s][debug][gc,phases      ] GC(104)     Dead                           Min: 0, Avg:  0.0, Max: 0, Diff: 0, Sum: 0, Workers: 4
[40.713s][debug][gc,phases      ] GC(104)     Total                          Min: 1713, Avg: 2039.2, Max: 2239, Diff: 526, Sum: 8157, Workers: 4
[40.713s][debug][gc,phases      ] GC(104)   JNI Weak                       Min:  0.0, Avg:  0.0, Max:  0.0, Diff:  0.0, Sum:  0.0, Workers: 4
[40.713s][debug][gc,phases      ] GC(104)     Dead                           Min: 0, Avg:  0.0, Max: 0, Diff: 0, Sum: 0, Workers: 4
[40.713s][debug][gc,phases      ] GC(104)     Total                          Min: 0, Avg:  6.0, Max: 19, Diff: 19, Sum: 24, Workers: 4
[40.713s][debug][gc,phases      ] GC(104)   StringDedup Table Weak         Min:  0.0, Avg:  0.0, Max:  0.0, Diff:  0.0, Sum:  0.0, Workers: 4
[40.713s][debug][gc,phases      ] GC(104)     Dead                           Min: 0, Avg:  0.0, Max: 0, Diff: 0, Sum: 0, Workers: 4
[40.713s][debug][gc,phases      ] GC(104)     Total                          Min: 0, Avg:  0.0, Max: 0, Diff: 0, Sum: 0, Workers: 4
[40.713s][debug][gc,phases      ] GC(104)   StringDedup Requests0 Weak     Min:  0.0, Avg:  0.0, Max:  0.0, Diff:  0.0, Sum:  0.0, Workers: 4
[40.713s][debug][gc,phases      ] GC(104)     Dead                           Min: 0, Avg:  0.0, Max: 0, Diff: 0, Sum: 0, Workers: 4
[40.713s][debug][gc,phases      ] GC(104)     Total                          Min: 0, Avg:  0.0, Max: 0, Diff: 0, Sum: 0, Workers: 4
[40.713s][debug][gc,phases      ] GC(104)   StringDedup Requests1 Weak     Min:  0.0, Avg:  0.0, Max:  0.0, Diff:  0.0, Sum:  0.0, Workers: 4
[40.713s][debug][gc,phases      ] GC(104)     Dead                           Min: 0, Avg:  0.0, Max: 0, Diff: 0, Sum: 0, Workers: 4
[40.713s][debug][gc,phases      ] GC(104)     Total                          Min: 0, Avg:  0.0, Max: 0, Diff: 0, Sum: 0, Workers: 4
[40.713s][debug][gc,phases      ] GC(104)   Weak JFR Old Object Samples    Min:  0.0, Avg:  0.0, Max:  0.0, Diff:  0.0, Sum:  0.0, Workers: 4
[40.713s][debug][gc,phases      ] GC(104)     Dead                           Min: 0, Avg:  0.0, Max: 0, Diff: 0, Sum: 0, Workers: 4
[40.713s][debug][gc,phases      ] GC(104)     Total                          Min: 0, Avg:  0.0, Max: 0, Diff: 0, Sum: 0, Workers: 4
[40.713s][debug][gc,phases      ] GC(104) Weak Processing 0.329ms
[40.713s][debug][gc,age         ] GC(104) Desired survivor size 398983168 bytes, new threshold 15 (max threshold 15)
[40.713s][info ][gc,heap        ] GC(104) PSYoungGen: 1370784K(1698816K)->41504K(1382400K) Eden: 1340416K(1340416K)->0K(1340416K) From: 30368K(358400K)->41504K(41984K)
[40.713s][info ][gc,heap        ] GC(104) ParOldGen: 464059K(600576K)->464059K(600576K)
[40.713s][info ][gc,metaspace   ] GC(104) Metaspace: 79820K(80640K)->79820K(80640K) NonClass: 68316K(68800K)->68316K(68800K) Class: 11504K(11840K)->11504K(11840K)
[40.713s][info ][gc             ] GC(104) Pause Young (Allocation Failure) 1791M->493M(1936M) 8.400ms
[40.713s][info ][gc,cpu         ] GC(104) User=0.03s Sys=0.00s Real=0.01s
[40.713s][info ][safepoint      ] Safepoint "ParallelGCFailedAllocation", Time since last: 325402910 ns, Reaching safepoint: 146504 ns, At safepoint: 8529660 ns, Total: 8676164 ns
[41.055s][info ][gc,start       ] GC(105) Pause Young (Allocation Failure)
[41.067s][debug][gc,phases      ] GC(105) Scavenge 11.563ms
[41.067s][debug][gc,ref         ] GC(105) Skipped phase 1 of Reference Processing: no references
[41.067s][debug][gc,ref         ] GC(105) ReferenceProcessor::execute queues: 1, RefProcThreadModel::Single, marks_oops_alive: false
[41.067s][debug][gc,ref         ] GC(105) Skipped phase 3 of Reference Processing: no references
[41.067s][debug][gc,ref         ] GC(105) ReferenceProcessor::execute queues: 1, RefProcThreadModel::Single, marks_oops_alive: false
[41.067s][debug][gc,phases      ] GC(105) Reference Processing 0.136ms
[41.067s][debug][gc,phases      ] GC(105)   VM Weak                        Min:  0.0, Avg:  0.0, Max:  0.0, Diff:  0.0, Sum:  0.0, Workers: 4
[41.067s][debug][gc,phases      ] GC(105)     Dead                           Min: 0, Avg:  0.0, Max: 0, Diff: 0, Sum: 0, Workers: 4
[41.067s][debug][gc,phases      ] GC(105)     Total                          Min: 0, Avg: 164.5, Max: 598, Diff: 598, Sum: 658, Workers: 4
[41.067s][debug][gc,phases      ] GC(105)   ObjectSynchronizer Weak        Min:  0.0, Avg:  0.0, Max:  0.0, Diff:  0.0, Sum:  0.0, Workers: 4
[41.067s][debug][gc,phases      ] GC(105)     Dead                           Min: 0, Avg:  0.0, Max: 0, Diff: 0, Sum: 0, Workers: 4
[41.067s][debug][gc,phases      ] GC(105)     Total                          Min: 0, Avg: 114.0, Max: 256, Diff: 256, Sum: 456, Workers: 4
[41.067s][debug][gc,phases      ] GC(105)   JVMTI Tag Weak OopStorage      Min:  0.0, Avg:  0.0, Max:  0.0, Diff:  0.0, Sum:  0.0, Workers: 4
[41.067s][debug][gc,phases      ] GC(105)     Dead                           Min: 0, Avg:  0.0, Max: 0, Diff: 0, Sum: 0, Workers: 4
[41.067s][debug][gc,phases      ] GC(105)     Total                          Min: 0, Avg:  0.0, Max: 0, Diff: 0, Sum: 0, Workers: 4
[41.067s][debug][gc,phases      ] GC(105)   StringTable Weak               Min:  0.1, Avg:  0.1, Max:  0.1, Diff:  0.0, Sum:  0.4, Workers: 4
[41.067s][debug][gc,phases      ] GC(105)     Dead                           Min: 0, Avg:  0.0, Max: 0, Diff: 0, Sum: 0, Workers: 4
[41.067s][debug][gc,phases      ] GC(105)     Total                          Min: 10304, Avg: 11667.0, Max: 12748, Diff: 2444, Sum: 46668, Workers: 4
[41.067s][debug][gc,phases      ] GC(105)   ResolvedMethodTable Weak       Min:  0.0, Avg:  0.0, Max:  0.0, Diff:  0.0, Sum:  0.1, Workers: 4
[41.067s][debug][gc,phases      ] GC(105)     Dead                           Min: 0, Avg:  0.0, Max: 0, Diff: 0, Sum: 0, Workers: 4
[41.067s][debug][gc,phases      ] GC(105)     Total                          Min: 1913, Avg: 2039.2, Max: 2227, Diff: 314, Sum: 8157, Workers: 4
[41.068s][debug][gc,phases      ] GC(105)   JNI Weak                       Min:  0.0, Avg:  0.0, Max:  0.0, Diff:  0.0, Sum:  0.0, Workers: 4
[41.068s][debug][gc,phases      ] GC(105)     Dead                           Min: 0, Avg:  0.0, Max: 0, Diff: 0, Sum: 0, Workers: 4
[41.068s][debug][gc,phases      ] GC(105)     Total                          Min: 0, Avg:  5.0, Max: 16, Diff: 16, Sum: 20, Workers: 4
[41.068s][debug][gc,phases      ] GC(105)   StringDedup Table Weak         Min:  0.0, Avg:  0.0, Max:  0.0, Diff:  0.0, Sum:  0.0, Workers: 4
[41.068s][debug][gc,phases      ] GC(105)     Dead                           Min: 0, Avg:  0.0, Max: 0, Diff: 0, Sum: 0, Workers: 4
[41.068s][debug][gc,phases      ] GC(105)     Total                          Min: 0, Avg:  0.0, Max: 0, Diff: 0, Sum: 0, Workers: 4
[41.068s][debug][gc,phases      ] GC(105)   StringDedup Requests0 Weak     Min:  0.0, Avg:  0.0, Max:  0.0, Diff:  0.0, Sum:  0.0, Workers: 4
[41.068s][debug][gc,phases      ] GC(105)     Dead                           Min: 0, Avg:  0.0, Max: 0, Diff: 0, Sum: 0, Workers: 4
[41.068s][debug][gc,phases      ] GC(105)     Total                          Min: 0, Avg:  0.0, Max: 0, Diff: 0, Sum: 0, Workers: 4
[41.068s][debug][gc,phases      ] GC(105)   StringDedup Requests1 Weak     Min:  0.0, Avg:  0.0, Max:  0.0, Diff:  0.0, Sum:  0.0, Workers: 4
[41.068s][debug][gc,phases      ] GC(105)     Dead                           Min: 0, Avg:  0.0, Max: 0, Diff: 0, Sum: 0, Workers: 4
[41.068s][debug][gc,phases      ] GC(105)     Total                          Min: 0, Avg:  0.0, Max: 0, Diff: 0, Sum: 0, Workers: 4
[41.068s][debug][gc,phases      ] GC(105)   Weak JFR Old Object Samples    Min:  0.0, Avg:  0.0, Max:  0.0, Diff:  0.0, Sum:  0.0, Workers: 4
[41.068s][debug][gc,phases      ] GC(105)     Dead                           Min: 0, Avg:  0.0, Max: 0, Diff: 0, Sum: 0, Workers: 4
[41.068s][debug][gc,phases      ] GC(105)     Total                          Min: 0, Avg:  0.0, Max: 0, Diff: 0, Sum: 0, Workers: 4
[41.068s][debug][gc,phases      ] GC(105) Weak Processing 0.291ms
[41.068s][debug][gc,age         ] GC(105) Desired survivor size 401604608 bytes, new threshold 15 (max threshold 15)
[41.068s][info ][gc,heap        ] GC(105) PSYoungGen: 1381920K(1382400K)->56536K(1702400K) Eden: 1340416K(1340416K)->0K(1312768K) From: 41504K(41984K)->56536K(389632K)
[41.068s][info ][gc,heap        ] GC(105) ParOldGen: 464059K(600576K)->464067K(600576K)
[41.068s][info ][gc,metaspace   ] GC(105) Metaspace: 79845K(80640K)->79845K(80640K) NonClass: 68339K(68800K)->68339K(68800K) Class: 11506K(11840K)->11506K(11840K)
[41.068s][info ][gc             ] GC(105) Pause Young (Allocation Failure) 1802M->508M(2249M) 12.126ms
[41.068s][info ][gc,cpu         ] GC(105) User=0.05s Sys=0.00s Real=0.01s
[41.068s][info ][safepoint      ] Safepoint "ParallelGCFailedAllocation", Time since last: 341905208 ns, Reaching safepoint: 179605 ns, At safepoint: 12253973 ns, Total: 12433578 ns
[41.388s][info ][gc,start       ] GC(106) Pause Young (Allocation Failure)
[41.403s][debug][gc,phases      ] GC(106) Scavenge 14.861ms
[41.403s][debug][gc,ref         ] GC(106) Skipped phase 1 of Reference Processing: no references
[41.403s][debug][gc,ref         ] GC(106) ReferenceProcessor::execute queues: 1, RefProcThreadModel::Single, marks_oops_alive: false
[41.403s][debug][gc,ref         ] GC(106) Skipped phase 3 of Reference Processing: no references
[41.403s][debug][gc,ref         ] GC(106) ReferenceProcessor::execute queues: 1, RefProcThreadModel::Single, marks_oops_alive: false
[41.403s][debug][gc,phases      ] GC(106) Reference Processing 0.119ms
[41.404s][debug][gc,phases      ] GC(106)   VM Weak                        Min:  0.0, Avg:  0.0, Max:  0.0, Diff:  0.0, Sum:  0.0, Workers: 4
[41.404s][debug][gc,phases      ] GC(106)     Dead                           Min: 0, Avg:  0.0, Max: 0, Diff: 0, Sum: 0, Workers: 4
[41.404s][debug][gc,phases      ] GC(106)     Total                          Min: 0, Avg: 164.5, Max: 380, Diff: 380, Sum: 658, Workers: 4
[41.404s][debug][gc,phases      ] GC(106)   ObjectSynchronizer Weak        Min:  0.0, Avg:  0.0, Max:  0.0, Diff:  0.0, Sum:  0.0, Workers: 4
[41.404s][debug][gc,phases      ] GC(106)     Dead                           Min: 0, Avg:  0.0, Max: 0, Diff: 0, Sum: 0, Workers: 4
[41.404s][debug][gc,phases      ] GC(106)     Total                          Min: 0, Avg: 114.0, Max: 192, Diff: 192, Sum: 456, Workers: 4
[41.404s][debug][gc,phases      ] GC(106)   JVMTI Tag Weak OopStorage      Min:  0.0, Avg:  0.0, Max:  0.0, Diff:  0.0, Sum:  0.0, Workers: 4
[41.404s][debug][gc,phases      ] GC(106)     Dead                           Min: 0, Avg:  0.0, Max: 0, Diff: 0, Sum: 0, Workers: 4
[41.404s][debug][gc,phases      ] GC(106)     Total                          Min: 0, Avg:  0.0, Max: 0, Diff: 0, Sum: 0, Workers: 4
[41.404s][debug][gc,phases      ] GC(106)   StringTable Weak               Min:  0.1, Avg:  0.1, Max:  0.1, Diff:  0.0, Sum:  0.4, Workers: 4
[41.404s][debug][gc,phases      ] GC(106)     Dead                           Min: 0, Avg:  0.0, Max: 0, Diff: 0, Sum: 0, Workers: 4
[41.404s][debug][gc,phases      ] GC(106)     Total                          Min: 10112, Avg: 11667.0, Max: 12992, Diff: 2880, Sum: 46668, Workers: 4
[41.404s][debug][gc,phases      ] GC(106)   ResolvedMethodTable Weak       Min:  0.0, Avg:  0.0, Max:  0.0, Diff:  0.0, Sum:  0.1, Workers: 4
[41.404s][debug][gc,phases      ] GC(106)     Dead                           Min: 0, Avg:  0.0, Max: 0, Diff: 0, Sum: 0, Workers: 4
[41.404s][debug][gc,phases      ] GC(106)     Total                          Min: 1717, Avg: 2039.2, Max: 2543, Diff: 826, Sum: 8157, Workers: 4
[41.404s][debug][gc,phases      ] GC(106)   JNI Weak                       Min:  0.0, Avg:  0.0, Max:  0.0, Diff:  0.0, Sum:  0.0, Workers: 4
[41.404s][debug][gc,phases      ] GC(106)     Dead                           Min: 0, Avg:  0.0, Max: 0, Diff: 0, Sum: 0, Workers: 4
[41.404s][debug][gc,phases      ] GC(106)     Total                          Min: 0, Avg:  6.0, Max: 21, Diff: 21, Sum: 24, Workers: 4
[41.404s][debug][gc,phases      ] GC(106)   StringDedup Table Weak         Min:  0.0, Avg:  0.0, Max:  0.0, Diff:  0.0, Sum:  0.0, Workers: 4
[41.404s][debug][gc,phases      ] GC(106)     Dead                           Min: 0, Avg:  0.0, Max: 0, Diff: 0, Sum: 0, Workers: 4
[41.404s][debug][gc,phases      ] GC(106)     Total                          Min: 0, Avg:  0.0, Max: 0, Diff: 0, Sum: 0, Workers: 4
[41.404s][debug][gc,phases      ] GC(106)   StringDedup Requests0 Weak     Min:  0.0, Avg:  0.0, Max:  0.0, Diff:  0.0, Sum:  0.0, Workers: 4
[41.404s][debug][gc,phases      ] GC(106)     Dead                           Min: 0, Avg:  0.0, Max: 0, Diff: 0, Sum: 0, Workers: 4
[41.404s][debug][gc,phases      ] GC(106)     Total                          Min: 0, Avg:  0.0, Max: 0, Diff: 0, Sum: 0, Workers: 4
[41.404s][debug][gc,phases      ] GC(106)   StringDedup Requests1 Weak     Min:  0.0, Avg:  0.0, Max:  0.0, Diff:  0.0, Sum:  0.0, Workers: 4
[41.404s][debug][gc,phases      ] GC(106)     Dead                           Min: 0, Avg:  0.0, Max: 0, Diff: 0, Sum: 0, Workers: 4
[41.404s][debug][gc,phases      ] GC(106)     Total                          Min: 0, Avg:  0.0, Max: 0, Diff: 0, Sum: 0, Workers: 4
[41.404s][debug][gc,phases      ] GC(106)   Weak JFR Old Object Samples    Min:  0.0, Avg:  0.0, Max:  0.0, Diff:  0.0, Sum:  0.0, Workers: 4
[41.404s][debug][gc,phases      ] GC(106)     Dead                           Min: 0, Avg:  0.0, Max: 0, Diff: 0, Sum: 0, Workers: 4
[41.404s][debug][gc,phases      ] GC(106)     Total                          Min: 0, Avg:  0.0, Max: 0, Diff: 0, Sum: 0, Workers: 4
[41.404s][debug][gc,phases      ] GC(106) Weak Processing 0.331ms
[41.404s][debug][gc,age         ] GC(106) Desired survivor size 397934592 bytes, new threshold 15 (max threshold 15)
[41.404s][info ][gc,heap        ] GC(106) PSYoungGen: 1369304K(1702400K)->69976K(1704960K) Eden: 1312768K(1312768K)->0K(1312768K) From: 56536K(389632K)->69976K(392192K)
[41.404s][info ][gc,heap        ] GC(106) ParOldGen: 464067K(600576K)->464067K(600576K)
[41.404s][info ][gc,metaspace   ] GC(106) Metaspace: 79855K(80640K)->79855K(80640K) NonClass: 68348K(68800K)->68348K(68800K) Class: 11506K(11840K)->11506K(11840K)
[41.404s][info ][gc             ] GC(106) Pause Young (Allocation Failure) 1790M->521M(2251M) 15.449ms
[41.404s][info ][gc,cpu         ] GC(106) User=0.07s Sys=0.00s Real=0.02s
[41.404s][info ][safepoint      ] Safepoint "ParallelGCFailedAllocation", Time since last: 320514053 ns, Reaching safepoint: 152904 ns, At safepoint: 15556274 ns, Total: 15709178 ns
[41.684s][info ][gc,start       ] GC(107) Pause Young (Allocation Failure)
[41.712s][debug][gc,phases      ] GC(107) Scavenge 28.080ms
[41.712s][debug][gc,ref         ] GC(107) Skipped phase 1 of Reference Processing: no references
[41.712s][debug][gc,ref         ] GC(107) ReferenceProcessor::execute queues: 1, RefProcThreadModel::Single, marks_oops_alive: false
[41.712s][debug][gc,ref         ] GC(107) Skipped phase 3 of Reference Processing: no references
[41.712s][debug][gc,ref         ] GC(107) ReferenceProcessor::execute queues: 1, RefProcThreadModel::Single, marks_oops_alive: false
[41.712s][debug][gc,phases      ] GC(107) Reference Processing 0.127ms
[41.712s][debug][gc,phases      ] GC(107)   VM Weak                        Min:  0.0, Avg:  0.0, Max:  0.0, Diff:  0.0, Sum:  0.0, Workers: 4
[41.712s][debug][gc,phases      ] GC(107)     Dead                           Min: 0, Avg:  0.0, Max: 0, Diff: 0, Sum: 0, Workers: 4
[41.712s][debug][gc,phases      ] GC(107)     Total                          Min: 0, Avg: 166.0, Max: 540, Diff: 540, Sum: 664, Workers: 4
[41.712s][debug][gc,phases      ] GC(107)   ObjectSynchronizer Weak        Min:  0.0, Avg:  0.0, Max:  0.0, Diff:  0.0, Sum:  0.0, Workers: 4
[41.712s][debug][gc,phases      ] GC(107)     Dead                           Min: 0, Avg:  0.2, Max: 1, Diff: 1, Sum: 1, Workers: 4
[41.712s][debug][gc,phases      ] GC(107)     Total                          Min: 0, Avg: 114.2, Max: 256, Diff: 256, Sum: 457, Workers: 4
[41.712s][debug][gc,phases      ] GC(107)   JVMTI Tag Weak OopStorage      Min:  0.0, Avg:  0.0, Max:  0.0, Diff:  0.0, Sum:  0.0, Workers: 4
[41.712s][debug][gc,phases      ] GC(107)     Dead                           Min: 0, Avg:  0.0, Max: 0, Diff: 0, Sum: 0, Workers: 4
[41.712s][debug][gc,phases      ] GC(107)     Total                          Min: 0, Avg:  0.0, Max: 0, Diff: 0, Sum: 0, Workers: 4
[41.712s][debug][gc,phases      ] GC(107)   StringTable Weak               Min:  0.1, Avg:  0.1, Max:  0.1, Diff:  0.0, Sum:  0.4, Workers: 4
[41.712s][debug][gc,phases      ] GC(107)     Dead                           Min: 0, Avg:  0.0, Max: 0, Diff: 0, Sum: 0, Workers: 4
[41.712s][debug][gc,phases      ] GC(107)     Total                          Min: 11072, Avg: 11674.8, Max: 12928, Diff: 1856, Sum: 46699, Workers: 4
[41.712s][debug][gc,phases      ] GC(107)   ResolvedMethodTable Weak       Min:  0.0, Avg:  0.0, Max:  0.0, Diff:  0.0, Sum:  0.1, Workers: 4
[41.712s][debug][gc,phases      ] GC(107)     Dead                           Min: 0, Avg:  0.0, Max: 0, Diff: 0, Sum: 0, Workers: 4
[41.712s][debug][gc,phases      ] GC(107)     Total                          Min: 1963, Avg: 2053.2, Max: 2112, Diff: 149, Sum: 8213, Workers: 4
[41.712s][debug][gc,phases      ] GC(107)   JNI Weak                       Min:  0.0, Avg:  0.0, Max:  0.0, Diff:  0.0, Sum:  0.0, Workers: 4
[41.712s][debug][gc,phases      ] GC(107)     Dead                           Min: 0, Avg:  0.0, Max: 0, Diff: 0, Sum: 0, Workers: 4
[41.712s][debug][gc,phases      ] GC(107)     Total                          Min: 0, Avg:  7.8, Max: 28, Diff: 28, Sum: 31, Workers: 4
[41.712s][debug][gc,phases      ] GC(107)   StringDedup Table Weak         Min:  0.0, Avg:  0.0, Max:  0.0, Diff:  0.0, Sum:  0.0, Workers: 4
[41.712s][debug][gc,phases      ] GC(107)     Dead                           Min: 0, Avg:  0.0, Max: 0, Diff: 0, Sum: 0, Workers: 4
[41.712s][debug][gc,phases      ] GC(107)     Total                          Min: 0, Avg:  0.0, Max: 0, Diff: 0, Sum: 0, Workers: 4
[41.712s][debug][gc,phases      ] GC(107)   StringDedup Requests0 Weak     Min:  0.0, Avg:  0.0, Max:  0.0, Diff:  0.0, Sum:  0.0, Workers: 4
[41.712s][debug][gc,phases      ] GC(107)     Dead                           Min: 0, Avg:  0.0, Max: 0, Diff: 0, Sum: 0, Workers: 4
[41.712s][debug][gc,phases      ] GC(107)     Total                          Min: 0, Avg:  0.0, Max: 0, Diff: 0, Sum: 0, Workers: 4
[41.712s][debug][gc,phases      ] GC(107)   StringDedup Requests1 Weak     Min:  0.0, Avg:  0.0, Max:  0.0, Diff:  0.0, Sum:  0.0, Workers: 4
[41.712s][debug][gc,phases      ] GC(107)     Dead                           Min: 0, Avg:  0.0, Max: 0, Diff: 0, Sum: 0, Workers: 4
[41.712s][debug][gc,phases      ] GC(107)     Total                          Min: 0, Avg:  0.0, Max: 0, Diff: 0, Sum: 0, Workers: 4
[41.712s][debug][gc,phases      ] GC(107)   Weak JFR Old Object Samples    Min:  0.0, Avg:  0.0, Max:  0.0, Diff:  0.0, Sum:  0.0, Workers: 4
[41.712s][debug][gc,phases      ] GC(107)     Dead                           Min: 0, Avg:  0.0, Max: 0, Diff: 0, Sum: 0, Workers: 4
[41.712s][debug][gc,phases      ] GC(107)     Total                          Min: 0, Avg:  0.0, Max: 0, Diff: 0, Sum: 0, Workers: 4
[41.712s][debug][gc,phases      ] GC(107) Weak Processing 0.325ms
[41.712s][debug][gc,age         ] GC(107) Desired survivor size 387973120 bytes, new threshold 15 (max threshold 15)
[41.712s][info ][gc,heap        ] GC(107) PSYoungGen: 1382744K(1704960K)->93944K(1718272K) Eden: 1312768K(1312768K)->0K(1329664K) From: 69976K(392192K)->93944K(388608K)
[41.712s][info ][gc,heap        ] GC(107) ParOldGen: 464067K(600576K)->464075K(600576K)
[41.712s][info ][gc,metaspace   ] GC(107) Metaspace: 80057K(80896K)->80057K(80896K) NonClass: 68520K(68992K)->68520K(68992K) Class: 11537K(11904K)->11537K(11904K)
[41.712s][info ][gc             ] GC(107) Pause Young (Allocation Failure) 1803M->544M(2264M) 28.682ms
[41.712s][info ][gc,cpu         ] GC(107) User=0.12s Sys=0.00s Real=0.03s
[41.712s][info ][safepoint      ] Safepoint "ParallelGCFailedAllocation", Time since last: 279517505 ns, Reaching safepoint: 205006 ns, At safepoint: 28820377 ns, Total: 29025383 ns
[42.040s][info ][gc,start       ] GC(108) Pause Young (Allocation Failure)
[42.073s][debug][gc,phases      ] GC(108) Scavenge 32.517ms
[42.073s][debug][gc,ref         ] GC(108) Skipped phase 1 of Reference Processing: no references
[42.073s][debug][gc,ref         ] GC(108) ReferenceProcessor::execute queues: 1, RefProcThreadModel::Single, marks_oops_alive: false
[42.073s][debug][gc,ref         ] GC(108) Skipped phase 3 of Reference Processing: no references
[42.073s][debug][gc,ref         ] GC(108) ReferenceProcessor::execute queues: 1, RefProcThreadModel::Single, marks_oops_alive: false
[42.073s][debug][gc,phases      ] GC(108) Reference Processing 0.125ms
[42.073s][debug][gc,phases      ] GC(108)   VM Weak                        Min:  0.0, Avg:  0.0, Max:  0.0, Diff:  0.0, Sum:  0.0, Workers: 4
[42.073s][debug][gc,phases      ] GC(108)     Dead                           Min: 0, Avg:  0.0, Max: 0, Diff: 0, Sum: 0, Workers: 4
[42.073s][debug][gc,phases      ] GC(108)     Total                          Min: 0, Avg: 166.0, Max: 476, Diff: 476, Sum: 664, Workers: 4
[42.073s][debug][gc,phases      ] GC(108)   ObjectSynchronizer Weak        Min:  0.0, Avg:  0.0, Max:  0.0, Diff:  0.0, Sum:  0.0, Workers: 4
[42.073s][debug][gc,phases      ] GC(108)     Dead                           Min: 0, Avg:  0.0, Max: 0, Diff: 0, Sum: 0, Workers: 4
[42.073s][debug][gc,phases      ] GC(108)     Total                          Min: 64, Avg: 114.2, Max: 192, Diff: 128, Sum: 457, Workers: 4
[42.073s][debug][gc,phases      ] GC(108)   JVMTI Tag Weak OopStorage      Min:  0.0, Avg:  0.0, Max:  0.0, Diff:  0.0, Sum:  0.0, Workers: 4
[42.073s][debug][gc,phases      ] GC(108)     Dead                           Min: 0, Avg:  0.0, Max: 0, Diff: 0, Sum: 0, Workers: 4
[42.073s][debug][gc,phases      ] GC(108)     Total                          Min: 0, Avg:  0.0, Max: 0, Diff: 0, Sum: 0, Workers: 4
[42.073s][debug][gc,phases      ] GC(108)   StringTable Weak               Min:  0.1, Avg:  0.1, Max:  0.1, Diff:  0.0, Sum:  0.4, Workers: 4
[42.073s][debug][gc,phases      ] GC(108)     Dead                           Min: 0, Avg:  0.0, Max: 0, Diff: 0, Sum: 0, Workers: 4
[42.073s][debug][gc,phases      ] GC(108)     Total                          Min: 11200, Avg: 11675.8, Max: 12672, Diff: 1472, Sum: 46703, Workers: 4
[42.073s][debug][gc,phases      ] GC(108)   ResolvedMethodTable Weak       Min:  0.0, Avg:  0.0, Max:  0.0, Diff:  0.0, Sum:  0.1, Workers: 4
[42.073s][debug][gc,phases      ] GC(108)     Dead                           Min: 0, Avg:  0.0, Max: 0, Diff: 0, Sum: 0, Workers: 4
[42.073s][debug][gc,phases      ] GC(108)     Total                          Min: 1897, Avg: 2055.2, Max: 2174, Diff: 277, Sum: 8221, Workers: 4
[42.073s][debug][gc,phases      ] GC(108)   JNI Weak                       Min:  0.0, Avg:  0.0, Max:  0.0, Diff:  0.0, Sum:  0.0, Workers: 4
[42.073s][debug][gc,phases      ] GC(108)     Dead                           Min: 0, Avg:  0.0, Max: 0, Diff: 0, Sum: 0, Workers: 4
[42.073s][debug][gc,phases      ] GC(108)     Total                          Min: 0, Avg:  5.0, Max: 17, Diff: 17, Sum: 20, Workers: 4
[42.073s][debug][gc,phases      ] GC(108)   StringDedup Table Weak         Min:  0.0, Avg:  0.0, Max:  0.0, Diff:  0.0, Sum:  0.0, Workers: 4
[42.073s][debug][gc,phases      ] GC(108)     Dead                           Min: 0, Avg:  0.0, Max: 0, Diff: 0, Sum: 0, Workers: 4
[42.073s][debug][gc,phases      ] GC(108)     Total                          Min: 0, Avg:  0.0, Max: 0, Diff: 0, Sum: 0, Workers: 4
[42.073s][debug][gc,phases      ] GC(108)   StringDedup Requests0 Weak     Min:  0.0, Avg:  0.0, Max:  0.0, Diff:  0.0, Sum:  0.0, Workers: 4
[42.073s][debug][gc,phases      ] GC(108)     Dead                           Min: 0, Avg:  0.0, Max: 0, Diff: 0, Sum: 0, Workers: 4
[42.073s][debug][gc,phases      ] GC(108)     Total                          Min: 0, Avg:  0.0, Max: 0, Diff: 0, Sum: 0, Workers: 4
[42.073s][debug][gc,phases      ] GC(108)   StringDedup Requests1 Weak     Min:  0.0, Avg:  0.0, Max:  0.0, Diff:  0.0, Sum:  0.0, Workers: 4
[42.073s][debug][gc,phases      ] GC(108)     Dead                           Min: 0, Avg:  0.0, Max: 0, Diff: 0, Sum: 0, Workers: 4
[42.073s][debug][gc,phases      ] GC(108)     Total                          Min: 0, Avg:  0.0, Max: 0, Diff: 0, Sum: 0, Workers: 4
[42.073s][debug][gc,phases      ] GC(108)   Weak JFR Old Object Samples    Min:  0.0, Avg:  0.0, Max:  0.0, Diff:  0.0, Sum:  0.0, Workers: 4
[42.073s][debug][gc,phases      ] GC(108)     Dead                           Min: 0, Avg:  0.0, Max: 0, Diff: 0, Sum: 0, Workers: 4
[42.073s][debug][gc,phases      ] GC(108)     Total                          Min: 0, Avg:  0.0, Max: 0, Diff: 0, Sum: 0, Workers: 4
[42.073s][debug][gc,phases      ] GC(108) Weak Processing 0.332ms
[42.073s][debug][gc,age         ] GC(108) Desired survivor size 374341632 bytes, new threshold 15 (max threshold 15)
[42.073s][info ][gc,heap        ] GC(108) PSYoungGen: 1423608K(1718272K)->107416K(1708544K) Eden: 1329664K(1329664K)->0K(1329664K) From: 93944K(388608K)->107416K(378880K)
[42.073s][info ][gc,heap        ] GC(108) ParOldGen: 464075K(600576K)->464075K(600576K)
[42.073s][info ][gc,metaspace   ] GC(108) Metaspace: 80084K(80896K)->80084K(80896K) NonClass: 68543K(68992K)->68543K(68992K) Class: 11541K(11904K)->11541K(11904K)
[42.073s][info ][gc             ] GC(108) Pause Young (Allocation Failure) 1843M->558M(2255M) 33.117ms
[42.073s][info ][gc,cpu         ] GC(108) User=0.14s Sys=0.00s Real=0.04s
[42.073s][info ][safepoint      ] Safepoint "ParallelGCFailedAllocation", Time since last: 327437060 ns, Reaching safepoint: 158204 ns, At safepoint: 33237511 ns, Total: 33395715 ns
[42.379s][info ][gc,start       ] GC(109) Pause Young (Allocation Failure)
[42.418s][debug][gc,phases      ] GC(109) Scavenge 39.005ms
[42.418s][debug][gc,ref         ] GC(109) Skipped phase 1 of Reference Processing: no references
[42.418s][debug][gc,ref         ] GC(109) ReferenceProcessor::execute queues: 1, RefProcThreadModel::Single, marks_oops_alive: false
[42.418s][debug][gc,ref         ] GC(109) Skipped phase 3 of Reference Processing: no references
[42.418s][debug][gc,ref         ] GC(109) ReferenceProcessor::execute queues: 1, RefProcThreadModel::Single, marks_oops_alive: false
[42.418s][debug][gc,phases      ] GC(109) Reference Processing 0.142ms
[42.419s][debug][gc,phases      ] GC(109)   VM Weak                        Min:  0.0, Avg:  0.0, Max:  0.0, Diff:  0.0, Sum:  0.0, Workers: 4
[42.419s][debug][gc,phases      ] GC(109)     Dead                           Min: 0, Avg:  0.0, Max: 0, Diff: 0, Sum: 0, Workers: 4
[42.419s][debug][gc,phases      ] GC(109)     Total                          Min: 0, Avg: 166.8, Max: 508, Diff: 508, Sum: 667, Workers: 4
[42.419s][debug][gc,phases      ] GC(109)   ObjectSynchronizer Weak        Min:  0.0, Avg:  0.0, Max:  0.0, Diff:  0.0, Sum:  0.0, Workers: 4
[42.419s][debug][gc,phases      ] GC(109)     Dead                           Min: 0, Avg:  0.0, Max: 0, Diff: 0, Sum: 0, Workers: 4
[42.419s][debug][gc,phases      ] GC(109)     Total                          Min: 0, Avg: 114.2, Max: 265, Diff: 265, Sum: 457, Workers: 4
[42.419s][debug][gc,phases      ] GC(109)   JVMTI Tag Weak OopStorage      Min:  0.0, Avg:  0.0, Max:  0.0, Diff:  0.0, Sum:  0.0, Workers: 4
[42.419s][debug][gc,phases      ] GC(109)     Dead                           Min: 0, Avg:  0.0, Max: 0, Diff: 0, Sum: 0, Workers: 4
[42.419s][debug][gc,phases      ] GC(109)     Total                          Min: 0, Avg:  0.0, Max: 0, Diff: 0, Sum: 0, Workers: 4
[42.419s][debug][gc,phases      ] GC(109)   StringTable Weak               Min:  0.1, Avg:  0.1, Max:  0.1, Diff:  0.0, Sum:  0.4, Workers: 4
[42.419s][debug][gc,phases      ] GC(109)     Dead                           Min: 0, Avg:  0.0, Max: 0, Diff: 0, Sum: 0, Workers: 4
[42.419s][debug][gc,phases      ] GC(109)     Total                          Min: 11008, Avg: 11678.8, Max: 12928, Diff: 1920, Sum: 46715, Workers: 4
[42.419s][debug][gc,phases      ] GC(109)   ResolvedMethodTable Weak       Min:  0.0, Avg:  0.0, Max:  0.0, Diff:  0.0, Sum:  0.1, Workers: 4
[42.419s][debug][gc,phases      ] GC(109)     Dead                           Min: 0, Avg:  0.0, Max: 0, Diff: 0, Sum: 0, Workers: 4
[42.419s][debug][gc,phases      ] GC(109)     Total                          Min: 1847, Avg: 2058.8, Max: 2431, Diff: 584, Sum: 8235, Workers: 4
[42.419s][debug][gc,phases      ] GC(109)   JNI Weak                       Min:  0.0, Avg:  0.0, Max:  0.0, Diff:  0.0, Sum:  0.0, Workers: 4
[42.419s][debug][gc,phases      ] GC(109)     Dead                           Min: 0, Avg:  0.0, Max: 0, Diff: 0, Sum: 0, Workers: 4
[42.419s][debug][gc,phases      ] GC(109)     Total                          Min: 0, Avg:  9.0, Max: 33, Diff: 33, Sum: 36, Workers: 4
[42.419s][debug][gc,phases      ] GC(109)   StringDedup Table Weak         Min:  0.0, Avg:  0.0, Max:  0.0, Diff:  0.0, Sum:  0.0, Workers: 4
[42.419s][debug][gc,phases      ] GC(109)     Dead                           Min: 0, Avg:  0.0, Max: 0, Diff: 0, Sum: 0, Workers: 4
[42.419s][debug][gc,phases      ] GC(109)     Total                          Min: 0, Avg:  0.0, Max: 0, Diff: 0, Sum: 0, Workers: 4
[42.419s][debug][gc,phases      ] GC(109)   StringDedup Requests0 Weak     Min:  0.0, Avg:  0.0, Max:  0.0, Diff:  0.0, Sum:  0.0, Workers: 4
[42.419s][debug][gc,phases      ] GC(109)     Dead                           Min: 0, Avg:  0.0, Max: 0, Diff: 0, Sum: 0, Workers: 4
[42.419s][debug][gc,phases      ] GC(109)     Total                          Min: 0, Avg:  0.0, Max: 0, Diff: 0, Sum: 0, Workers: 4
[42.419s][debug][gc,phases      ] GC(109)   StringDedup Requests1 Weak     Min:  0.0, Avg:  0.0, Max:  0.0, Diff:  0.0, Sum:  0.0, Workers: 4
[42.419s][debug][gc,phases      ] GC(109)     Dead                           Min: 0, Avg:  0.0, Max: 0, Diff: 0, Sum: 0, Workers: 4
[42.419s][debug][gc,phases      ] GC(109)     Total                          Min: 0, Avg:  0.0, Max: 0, Diff: 0, Sum: 0, Workers: 4
[42.419s][debug][gc,phases      ] GC(109)   Weak JFR Old Object Samples    Min:  0.0, Avg:  0.0, Max:  0.0, Diff:  0.0, Sum:  0.0, Workers: 4
[42.419s][debug][gc,phases      ] GC(109)     Dead                           Min: 0, Avg:  0.0, Max: 0, Diff: 0, Sum: 0, Workers: 4
[42.419s][debug][gc,phases      ] GC(109)     Total                          Min: 0, Avg:  0.0, Max: 0, Diff: 0, Sum: 0, Workers: 4
[42.419s][debug][gc,phases      ] GC(109) Weak Processing 0.328ms
[42.419s][debug][gc,age         ] GC(109) Desired survivor size 357040128 bytes, new threshold 15 (max threshold 15)
[42.419s][info ][gc,heap        ] GC(109) PSYoungGen: 1437080K(1708544K)->126889K(1748480K) Eden: 1329664K(1329664K)->0K(1382912K) From: 107416K(378880K)->126889K(365568K)
[42.419s][info ][gc,heap        ] GC(109) ParOldGen: 464075K(600576K)->464083K(600576K)
[42.419s][info ][gc,metaspace   ] GC(109) Metaspace: 80244K(81024K)->80244K(81024K) NonClass: 68690K(69120K)->68690K(69120K) Class: 11554K(11904K)->11554K(11904K)
[42.419s][info ][gc             ] GC(109) Pause Young (Allocation Failure) 1856M->577M(2294M) 39.614ms
[42.419s][info ][gc,cpu         ] GC(109) User=0.15s Sys=0.00s Real=0.04s
[42.419s][info ][safepoint      ] Safepoint "ParallelGCFailedAllocation", Time since last: 305679294 ns, Reaching safepoint: 169505 ns, At safepoint: 39738108 ns, Total: 39907613 ns
[42.614s][info ][safepoint      ] Safepoint "ICBufferFull", Time since last: 194775722 ns, Reaching safepoint: 271708 ns, At safepoint: 29101 ns, Total: 300809 ns
[42.714s][info ][safepoint      ] Safepoint "ICBufferFull", Time since last: 99449424 ns, Reaching safepoint: 278608 ns, At safepoint: 29101 ns, Total: 307709 ns
[42.761s][info ][gc,start       ] GC(110) Pause Young (Allocation Failure)
[42.802s][debug][gc,phases      ] GC(110) Scavenge 41.487ms
[42.802s][debug][gc,ref         ] GC(110) Skipped phase 1 of Reference Processing: no references
[42.803s][debug][gc,ref         ] GC(110) ReferenceProcessor::execute queues: 1, RefProcThreadModel::Single, marks_oops_alive: false
[42.803s][debug][gc,ref         ] GC(110) Skipped phase 3 of Reference Processing: no references
[42.803s][debug][gc,ref         ] GC(110) ReferenceProcessor::execute queues: 1, RefProcThreadModel::Single, marks_oops_alive: false
[42.803s][debug][gc,phases      ] GC(110) Reference Processing 0.123ms
[42.803s][debug][gc,phases      ] GC(110)   VM Weak                        Min:  0.0, Avg:  0.0, Max:  0.0, Diff:  0.0, Sum:  0.0, Workers: 4
[42.803s][debug][gc,phases      ] GC(110)     Dead                           Min: 0, Avg:  0.0, Max: 0, Diff: 0, Sum: 0, Workers: 4
[42.803s][debug][gc,phases      ] GC(110)     Total                          Min: 0, Avg: 166.8, Max: 667, Diff: 667, Sum: 667, Workers: 4
[42.803s][debug][gc,phases      ] GC(110)   ObjectSynchronizer Weak        Min:  0.0, Avg:  0.0, Max:  0.0, Diff:  0.0, Sum:  0.0, Workers: 4
[42.803s][debug][gc,phases      ] GC(110)     Dead                           Min: 0, Avg:  0.0, Max: 0, Diff: 0, Sum: 0, Workers: 4
[42.803s][debug][gc,phases      ] GC(110)     Total                          Min: 0, Avg: 114.2, Max: 448, Diff: 448, Sum: 457, Workers: 4
[42.803s][debug][gc,phases      ] GC(110)   JVMTI Tag Weak OopStorage      Min:  0.0, Avg:  0.0, Max:  0.0, Diff:  0.0, Sum:  0.0, Workers: 4
[42.803s][debug][gc,phases      ] GC(110)     Dead                           Min: 0, Avg:  0.0, Max: 0, Diff: 0, Sum: 0, Workers: 4
[42.803s][debug][gc,phases      ] GC(110)     Total                          Min: 0, Avg:  0.0, Max: 0, Diff: 0, Sum: 0, Workers: 4
[42.803s][debug][gc,phases      ] GC(110)   StringTable Weak               Min:  0.1, Avg:  0.1, Max:  0.1, Diff:  0.0, Sum:  0.4, Workers: 4
[42.803s][debug][gc,phases      ] GC(110)     Dead                           Min: 0, Avg:  0.0, Max: 0, Diff: 0, Sum: 0, Workers: 4
[42.803s][debug][gc,phases      ] GC(110)     Total                          Min: 10880, Avg: 11691.0, Max: 12864, Diff: 1984, Sum: 46764, Workers: 4
[42.803s][debug][gc,phases      ] GC(110)   ResolvedMethodTable Weak       Min:  0.0, Avg:  0.0, Max:  0.0, Diff:  0.0, Sum:  0.1, Workers: 4
[42.803s][debug][gc,phases      ] GC(110)     Dead                           Min: 0, Avg:  0.0, Max: 0, Diff: 0, Sum: 0, Workers: 4
[42.803s][debug][gc,phases      ] GC(110)     Total                          Min: 1728, Avg: 2065.0, Max: 2816, Diff: 1088, Sum: 8260, Workers: 4
[42.803s][debug][gc,phases      ] GC(110)   JNI Weak                       Min:  0.0, Avg:  0.0, Max:  0.0, Diff:  0.0, Sum:  0.0, Workers: 4
[42.803s][debug][gc,phases      ] GC(110)     Dead                           Min: 0, Avg:  0.0, Max: 0, Diff: 0, Sum: 0, Workers: 4
[42.803s][debug][gc,phases      ] GC(110)     Total                          Min: 0, Avg: 12.5, Max: 47, Diff: 47, Sum: 50, Workers: 4
[42.803s][debug][gc,phases      ] GC(110)   StringDedup Table Weak         Min:  0.0, Avg:  0.0, Max:  0.0, Diff:  0.0, Sum:  0.0, Workers: 4
[42.803s][debug][gc,phases      ] GC(110)     Dead                           Min: 0, Avg:  0.0, Max: 0, Diff: 0, Sum: 0, Workers: 4
[42.803s][debug][gc,phases      ] GC(110)     Total                          Min: 0, Avg:  0.0, Max: 0, Diff: 0, Sum: 0, Workers: 4
[42.803s][debug][gc,phases      ] GC(110)   StringDedup Requests0 Weak     Min:  0.0, Avg:  0.0, Max:  0.0, Diff:  0.0, Sum:  0.0, Workers: 4
[42.803s][debug][gc,phases      ] GC(110)     Dead                           Min: 0, Avg:  0.0, Max: 0, Diff: 0, Sum: 0, Workers: 4
[42.803s][debug][gc,phases      ] GC(110)     Total                          Min: 0, Avg:  0.0, Max: 0, Diff: 0, Sum: 0, Workers: 4
[42.803s][debug][gc,phases      ] GC(110)   StringDedup Requests1 Weak     Min:  0.0, Avg:  0.0, Max:  0.0, Diff:  0.0, Sum:  0.0, Workers: 4
[42.803s][debug][gc,phases      ] GC(110)     Dead                           Min: 0, Avg:  0.0, Max: 0, Diff: 0, Sum: 0, Workers: 4
[42.803s][debug][gc,phases      ] GC(110)     Total                          Min: 0, Avg:  0.0, Max: 0, Diff: 0, Sum: 0, Workers: 4
[42.803s][debug][gc,phases      ] GC(110)   Weak JFR Old Object Samples    Min:  0.0, Avg:  0.0, Max:  0.0, Diff:  0.0, Sum:  0.0, Workers: 4
[42.803s][debug][gc,phases      ] GC(110)     Dead                           Min: 0, Avg:  0.0, Max: 0, Diff: 0, Sum: 0, Workers: 4
[42.803s][debug][gc,phases      ] GC(110)     Total                          Min: 0, Avg:  0.0, Max: 0, Diff: 0, Sum: 0, Workers: 4
[42.803s][debug][gc,phases      ] GC(110) Weak Processing 0.326ms
[42.803s][debug][gc,age         ] GC(110) Desired survivor size 340787200 bytes, new threshold 15 (max threshold 15)
[42.803s][info ][gc,heap        ] GC(110) PSYoungGen: 1509801K(1748480K)->130126K(1731584K) Eden: 1382912K(1382912K)->0K(1382912K) From: 126889K(365568K)->130126K(348672K)
[42.803s][info ][gc,heap        ] GC(110) ParOldGen: 464083K(600576K)->464091K(600576K)
[42.803s][info ][gc,metaspace   ] GC(110) Metaspace: 80455K(81216K)->80455K(81216K) NonClass: 68877K(69312K)->68877K(69312K) Class: 11577K(11904K)->11577K(11904K)
[42.803s][info ][gc             ] GC(110) Pause Young (Allocation Failure) 1927M->580M(2277M) 42.081ms
[42.803s][info ][gc,cpu         ] GC(110) User=0.16s Sys=0.01s Real=0.05s
[42.803s][info ][safepoint      ] Safepoint "ParallelGCFailedAllocation", Time since last: 44896965 ns, Reaching safepoint: 2174866 ns, At safepoint: 42203183 ns, Total: 44378049 ns
[43.023s][info ][safepoint      ] Safepoint "ICBufferFull", Time since last: 219366467 ns, Reaching safepoint: 267408 ns, At safepoint: 29901 ns, Total: 297309 ns
[43.023s][info ][safepoint      ] Safepoint "ICBufferFull", Time since last: 69202 ns, Reaching safepoint: 89802 ns, At safepoint: 29401 ns, Total: 119203 ns
[43.170s][info ][gc,start       ] GC(111) Pause Young (Allocation Failure)
[43.216s][debug][gc,phases      ] GC(111) Scavenge 46.243ms
[43.216s][debug][gc,ref         ] GC(111) Skipped phase 1 of Reference Processing: no references
[43.216s][debug][gc,ref         ] GC(111) ReferenceProcessor::execute queues: 1, RefProcThreadModel::Single, marks_oops_alive: false
[43.216s][debug][gc,ref         ] GC(111) Skipped phase 3 of Reference Processing: no references
[43.216s][debug][gc,ref         ] GC(111) ReferenceProcessor::execute queues: 1, RefProcThreadModel::Single, marks_oops_alive: false
[43.216s][debug][gc,phases      ] GC(111) Reference Processing 0.160ms
[43.217s][debug][gc,phases      ] GC(111)   VM Weak                        Min:  0.0, Avg:  0.0, Max:  0.0, Diff:  0.0, Sum:  0.0, Workers: 4
[43.217s][debug][gc,phases      ] GC(111)     Dead                           Min: 0, Avg:  0.0, Max: 0, Diff: 0, Sum: 0, Workers: 4
[43.217s][debug][gc,phases      ] GC(111)     Total                          Min: 0, Avg: 168.2, Max: 357, Diff: 357, Sum: 673, Workers: 4
[43.217s][debug][gc,phases      ] GC(111)   ObjectSynchronizer Weak        Min:  0.0, Avg:  0.0, Max:  0.0, Diff:  0.0, Sum:  0.0, Workers: 4
[43.217s][debug][gc,phases      ] GC(111)     Dead                           Min: 0, Avg:  0.0, Max: 0, Diff: 0, Sum: 0, Workers: 4
[43.217s][debug][gc,phases      ] GC(111)     Total                          Min: 0, Avg: 114.2, Max: 256, Diff: 256, Sum: 457, Workers: 4
[43.217s][debug][gc,phases      ] GC(111)   JVMTI Tag Weak OopStorage      Min:  0.0, Avg:  0.0, Max:  0.0, Diff:  0.0, Sum:  0.0, Workers: 4
[43.217s][debug][gc,phases      ] GC(111)     Dead                           Min: 0, Avg:  0.0, Max: 0, Diff: 0, Sum: 0, Workers: 4
[43.217s][debug][gc,phases      ] GC(111)     Total                          Min: 0, Avg:  0.0, Max: 0, Diff: 0, Sum: 0, Workers: 4
[43.217s][debug][gc,phases      ] GC(111)   StringTable Weak               Min:  0.1, Avg:  0.1, Max:  0.1, Diff:  0.0, Sum:  0.4, Workers: 4
[43.217s][debug][gc,phases      ] GC(111)     Dead                           Min: 0, Avg:  0.2, Max: 1, Diff: 1, Sum: 1, Workers: 4
[43.217s][debug][gc,phases      ] GC(111)     Total                          Min: 11071, Avg: 11713.2, Max: 12096, Diff: 1025, Sum: 46853, Workers: 4
[43.217s][debug][gc,phases      ] GC(111)   ResolvedMethodTable Weak       Min:  0.0, Avg:  0.0, Max:  0.0, Diff:  0.0, Sum:  0.1, Workers: 4
[43.217s][debug][gc,phases      ] GC(111)     Dead                           Min: 0, Avg:  0.0, Max: 0, Diff: 0, Sum: 0, Workers: 4
[43.217s][debug][gc,phases      ] GC(111)     Total                          Min: 1920, Avg: 2083.8, Max: 2240, Diff: 320, Sum: 8335, Workers: 4
[43.217s][debug][gc,phases      ] GC(111)   JNI Weak                       Min:  0.0, Avg:  0.0, Max:  0.0, Diff:  0.0, Sum:  0.0, Workers: 4
[43.217s][debug][gc,phases      ] GC(111)     Dead                           Min: 0, Avg:  0.0, Max: 0, Diff: 0, Sum: 0, Workers: 4
[43.217s][debug][gc,phases      ] GC(111)     Total                          Min: 0, Avg: 11.8, Max: 44, Diff: 44, Sum: 47, Workers: 4
[43.217s][debug][gc,phases      ] GC(111)   StringDedup Table Weak         Min:  0.0, Avg:  0.0, Max:  0.0, Diff:  0.0, Sum:  0.0, Workers: 4
[43.217s][debug][gc,phases      ] GC(111)     Dead                           Min: 0, Avg:  0.0, Max: 0, Diff: 0, Sum: 0, Workers: 4
[43.217s][debug][gc,phases      ] GC(111)     Total                          Min: 0, Avg:  0.0, Max: 0, Diff: 0, Sum: 0, Workers: 4
[43.217s][debug][gc,phases      ] GC(111)   StringDedup Requests0 Weak     Min:  0.0, Avg:  0.0, Max:  0.0, Diff:  0.0, Sum:  0.0, Workers: 4
[43.217s][debug][gc,phases      ] GC(111)     Dead                           Min: 0, Avg:  0.0, Max: 0, Diff: 0, Sum: 0, Workers: 4
[43.217s][debug][gc,phases      ] GC(111)     Total                          Min: 0, Avg:  0.0, Max: 0, Diff: 0, Sum: 0, Workers: 4
[43.217s][debug][gc,phases      ] GC(111)   StringDedup Requests1 Weak     Min:  0.0, Avg:  0.0, Max:  0.0, Diff:  0.0, Sum:  0.0, Workers: 4
[43.217s][debug][gc,phases      ] GC(111)     Dead                           Min: 0, Avg:  0.0, Max: 0, Diff: 0, Sum: 0, Workers: 4
[43.217s][debug][gc,phases      ] GC(111)     Total                          Min: 0, Avg:  0.0, Max: 0, Diff: 0, Sum: 0, Workers: 4
[43.217s][debug][gc,phases      ] GC(111)   Weak JFR Old Object Samples    Min:  0.0, Avg:  0.0, Max:  0.0, Diff:  0.0, Sum:  0.0, Workers: 4
[43.217s][debug][gc,phases      ] GC(111)     Dead                           Min: 0, Avg:  0.0, Max: 0, Diff: 0, Sum: 0, Workers: 4
[43.217s][debug][gc,phases      ] GC(111)     Total                          Min: 0, Avg:  0.0, Max: 0, Diff: 0, Sum: 0, Workers: 4
[43.217s][debug][gc,phases      ] GC(111) Weak Processing 0.331ms
[43.217s][debug][gc,age         ] GC(111) Desired survivor size 324009984 bytes, new threshold 15 (max threshold 15)
[43.217s][info ][gc,heap        ] GC(111) PSYoungGen: 1513038K(1731584K)->135998K(1780736K) Eden: 1382912K(1382912K)->0K(1447936K) From: 130126K(348672K)->135998K(332800K)
[43.217s][info ][gc,heap        ] GC(111) ParOldGen: 464091K(600576K)->464099K(600576K)
[43.217s][info ][gc,metaspace   ] GC(111) Metaspace: 80798K(81600K)->80798K(81600K) NonClass: 69159K(69632K)->69159K(69632K) Class: 11638K(11968K)->11638K(11968K)
[43.217s][info ][gc             ] GC(111) Pause Young (Allocation Failure) 1930M->586M(2325M) 46.874ms
[43.217s][info ][gc,cpu         ] GC(111) User=0.22s Sys=0.00s Real=0.05s
[43.217s][info ][safepoint      ] Safepoint "ParallelGCFailedAllocation", Time since last: 146769859 ns, Reaching safepoint: 195406 ns, At safepoint: 47000828 ns, Total: 47196234 ns
[43.589s][info ][safepoint      ] Safepoint "ICBufferFull", Time since last: 372156706 ns, Reaching safepoint: 277708 ns, At safepoint: 31201 ns, Total: 308909 ns
[43.614s][info ][gc,start       ] GC(112) Pause Young (Allocation Failure)
[43.658s][debug][gc,phases      ] GC(112) Scavenge 43.389ms
[43.658s][debug][gc,ref         ] GC(112) Skipped phase 1 of Reference Processing: no references
[43.658s][debug][gc,ref         ] GC(112) ReferenceProcessor::execute queues: 1, RefProcThreadModel::Single, marks_oops_alive: false
[43.658s][debug][gc,ref         ] GC(112) Skipped phase 3 of Reference Processing: no references
[43.658s][debug][gc,ref         ] GC(112) ReferenceProcessor::execute queues: 1, RefProcThreadModel::Single, marks_oops_alive: false
[43.658s][debug][gc,phases      ] GC(112) Reference Processing 0.139ms
[43.658s][debug][gc,phases      ] GC(112)   VM Weak                        Min:  0.0, Avg:  0.0, Max:  0.0, Diff:  0.0, Sum:  0.0, Workers: 4
[43.658s][debug][gc,phases      ] GC(112)     Dead                           Min: 0, Avg:  0.0, Max: 0, Diff: 0, Sum: 0, Workers: 4
[43.658s][debug][gc,phases      ] GC(112)     Total                          Min: 0, Avg: 170.5, Max: 380, Diff: 380, Sum: 682, Workers: 4
[43.658s][debug][gc,phases      ] GC(112)   ObjectSynchronizer Weak        Min:  0.0, Avg:  0.0, Max:  0.0, Diff:  0.0, Sum:  0.0, Workers: 4
[43.658s][debug][gc,phases      ] GC(112)     Dead                           Min: 0, Avg:  0.0, Max: 0, Diff: 0, Sum: 0, Workers: 4
[43.658s][debug][gc,phases      ] GC(112)     Total                          Min: 0, Avg: 114.2, Max: 192, Diff: 192, Sum: 457, Workers: 4
[43.658s][debug][gc,phases      ] GC(112)   JVMTI Tag Weak OopStorage      Min:  0.0, Avg:  0.0, Max:  0.0, Diff:  0.0, Sum:  0.0, Workers: 4
[43.658s][debug][gc,phases      ] GC(112)     Dead                           Min: 0, Avg:  0.0, Max: 0, Diff: 0, Sum: 0, Workers: 4
[43.658s][debug][gc,phases      ] GC(112)     Total                          Min: 0, Avg:  0.0, Max: 0, Diff: 0, Sum: 0, Workers: 4
[43.658s][debug][gc,phases      ] GC(112)   StringTable Weak               Min:  0.1, Avg:  0.1, Max:  0.1, Diff:  0.0, Sum:  0.4, Workers: 4
[43.658s][debug][gc,phases      ] GC(112)     Dead                           Min: 0, Avg:  0.5, Max: 1, Diff: 1, Sum: 2, Workers: 4
[43.658s][debug][gc,phases      ] GC(112)     Total                          Min: 10815, Avg: 11729.0, Max: 13824, Diff: 3009, Sum: 46916, Workers: 4
[43.658s][debug][gc,phases      ] GC(112)   ResolvedMethodTable Weak       Min:  0.0, Avg:  0.0, Max:  0.0, Diff:  0.0, Sum:  0.1, Workers: 4
[43.658s][debug][gc,phases      ] GC(112)     Dead                           Min: 0, Avg:  5.0, Max: 20, Diff: 20, Sum: 20, Workers: 4
[43.658s][debug][gc,phases      ] GC(112)     Total                          Min: 1880, Avg: 2101.8, Max: 2496, Diff: 616, Sum: 8407, Workers: 4
[43.658s][debug][gc,phases      ] GC(112)   JNI Weak                       Min:  0.0, Avg:  0.0, Max:  0.0, Diff:  0.0, Sum:  0.0, Workers: 4
[43.658s][debug][gc,phases      ] GC(112)     Dead                           Min: 0, Avg:  0.0, Max: 0, Diff: 0, Sum: 0, Workers: 4
[43.658s][debug][gc,phases      ] GC(112)     Total                          Min: 0, Avg: 16.8, Max: 67, Diff: 67, Sum: 67, Workers: 4
[43.658s][debug][gc,phases      ] GC(112)   StringDedup Table Weak         Min:  0.0, Avg:  0.0, Max:  0.0, Diff:  0.0, Sum:  0.0, Workers: 4
[43.658s][debug][gc,phases      ] GC(112)     Dead                           Min: 0, Avg:  0.0, Max: 0, Diff: 0, Sum: 0, Workers: 4
[43.658s][debug][gc,phases      ] GC(112)     Total                          Min: 0, Avg:  0.0, Max: 0, Diff: 0, Sum: 0, Workers: 4
[43.658s][debug][gc,phases      ] GC(112)   StringDedup Requests0 Weak     Min:  0.0, Avg:  0.0, Max:  0.0, Diff:  0.0, Sum:  0.0, Workers: 4
[43.658s][debug][gc,phases      ] GC(112)     Dead                           Min: 0, Avg:  0.0, Max: 0, Diff: 0, Sum: 0, Workers: 4
[43.658s][debug][gc,phases      ] GC(112)     Total                          Min: 0, Avg:  0.0, Max: 0, Diff: 0, Sum: 0, Workers: 4
[43.658s][debug][gc,phases      ] GC(112)   StringDedup Requests1 Weak     Min:  0.0, Avg:  0.0, Max:  0.0, Diff:  0.0, Sum:  0.0, Workers: 4
[43.658s][debug][gc,phases      ] GC(112)     Dead                           Min: 0, Avg:  0.0, Max: 0, Diff: 0, Sum: 0, Workers: 4
[43.658s][debug][gc,phases      ] GC(112)     Total                          Min: 0, Avg:  0.0, Max: 0, Diff: 0, Sum: 0, Workers: 4
[43.658s][debug][gc,phases      ] GC(112)   Weak JFR Old Object Samples    Min:  0.0, Avg:  0.0, Max:  0.0, Diff:  0.0, Sum:  0.0, Workers: 4
[43.658s][debug][gc,phases      ] GC(112)     Dead                           Min: 0, Avg:  0.0, Max: 0, Diff: 0, Sum: 0, Workers: 4
[43.658s][debug][gc,phases      ] GC(112)     Total                          Min: 0, Avg:  0.0, Max: 0, Diff: 0, Sum: 0, Workers: 4
[43.658s][debug][gc,phases      ] GC(112) Weak Processing 0.336ms
[43.658s][debug][gc,age         ] GC(112) Desired survivor size 308281344 bytes, new threshold 15 (max threshold 15)
[43.658s][info ][gc,heap        ] GC(112) PSYoungGen: 1583934K(1780736K)->140414K(1764352K) Eden: 1447936K(1447936K)->0K(1447936K) From: 135998K(332800K)->140414K(316416K)
[43.658s][info ][gc,heap        ] GC(112) ParOldGen: 464099K(600576K)->464107K(600576K)
[43.658s][info ][gc,metaspace   ] GC(112) Metaspace: 81079K(81920K)->81079K(81920K) NonClass: 69416K(69888K)->69416K(69888K) Class: 11663K(12032K)->11663K(12032K)
[43.658s][info ][gc             ] GC(112) Pause Young (Allocation Failure) 2000M->590M(2309M) 44.001ms
[43.659s][info ][gc,cpu         ] GC(112) User=0.17s Sys=0.01s Real=0.04s
[43.659s][info ][safepoint      ] Safepoint "ParallelGCFailedAllocation", Time since last: 25011360 ns, Reaching safepoint: 164705 ns, At safepoint: 44124340 ns, Total: 44289045 ns
[44.030s][info ][gc,start       ] GC(113) Pause Young (Allocation Failure)
[44.075s][debug][gc,phases      ] GC(113) Scavenge 45.752ms
[44.076s][debug][gc,ref         ] GC(113) Skipped phase 1 of Reference Processing: no references
[44.076s][debug][gc,ref         ] GC(113) ReferenceProcessor::execute queues: 1, RefProcThreadModel::Single, marks_oops_alive: false
[44.076s][debug][gc,ref         ] GC(113) Skipped phase 3 of Reference Processing: no references
[44.076s][debug][gc,ref         ] GC(113) ReferenceProcessor::execute queues: 1, RefProcThreadModel::Single, marks_oops_alive: false
[44.076s][debug][gc,phases      ] GC(113) Reference Processing 0.155ms
[44.076s][debug][gc,phases      ] GC(113)   VM Weak                        Min:  0.0, Avg:  0.0, Max:  0.0, Diff:  0.0, Sum:  0.0, Workers: 4
[44.076s][debug][gc,phases      ] GC(113)     Dead                           Min: 0, Avg:  0.0, Max: 0, Diff: 0, Sum: 0, Workers: 4
[44.076s][debug][gc,phases      ] GC(113)     Total                          Min: 0, Avg: 170.5, Max: 682, Diff: 682, Sum: 682, Workers: 4
[44.076s][debug][gc,phases      ] GC(113)   ObjectSynchronizer Weak        Min:  0.0, Avg:  0.0, Max:  0.0, Diff:  0.0, Sum:  0.0, Workers: 4
[44.076s][debug][gc,phases      ] GC(113)     Dead                           Min: 0, Avg:  0.0, Max: 0, Diff: 0, Sum: 0, Workers: 4
[44.076s][debug][gc,phases      ] GC(113)     Total                          Min: 0, Avg: 114.2, Max: 393, Diff: 393, Sum: 457, Workers: 4
[44.076s][debug][gc,phases      ] GC(113)   JVMTI Tag Weak OopStorage      Min:  0.0, Avg:  0.0, Max:  0.0, Diff:  0.0, Sum:  0.0, Workers: 4
[44.076s][debug][gc,phases      ] GC(113)     Dead                           Min: 0, Avg:  0.0, Max: 0, Diff: 0, Sum: 0, Workers: 4
[44.076s][debug][gc,phases      ] GC(113)     Total                          Min: 0, Avg:  0.0, Max: 0, Diff: 0, Sum: 0, Workers: 4
[44.076s][debug][gc,phases      ] GC(113)   StringTable Weak               Min:  0.1, Avg:  0.1, Max:  0.1, Diff:  0.0, Sum:  0.4, Workers: 4
[44.076s][debug][gc,phases      ] GC(113)     Dead                           Min: 0, Avg:  0.2, Max: 1, Diff: 1, Sum: 1, Workers: 4
[44.076s][debug][gc,phases      ] GC(113)     Total                          Min: 10623, Avg: 11733.8, Max: 13696, Diff: 3073, Sum: 46935, Workers: 4
[44.076s][debug][gc,phases      ] GC(113)   ResolvedMethodTable Weak       Min:  0.0, Avg:  0.0, Max:  0.0, Diff:  0.0, Sum:  0.1, Workers: 4
[44.076s][debug][gc,phases      ] GC(113)     Dead                           Min: 0, Avg:  0.0, Max: 0, Diff: 0, Sum: 0, Workers: 4
[44.076s][debug][gc,phases      ] GC(113)     Total                          Min: 1823, Avg: 2103.8, Max: 2496, Diff: 673, Sum: 8415, Workers: 4
[44.076s][debug][gc,phases      ] GC(113)   JNI Weak                       Min:  0.0, Avg:  0.0, Max:  0.0, Diff:  0.0, Sum:  0.0, Workers: 4
[44.076s][debug][gc,phases      ] GC(113)     Dead                           Min: 0, Avg:  0.0, Max: 0, Diff: 0, Sum: 0, Workers: 4
[44.076s][debug][gc,phases      ] GC(113)     Total                          Min: 0, Avg: 22.5, Max: 60, Diff: 60, Sum: 90, Workers: 4
[44.076s][debug][gc,phases      ] GC(113)   StringDedup Table Weak         Min:  0.0, Avg:  0.0, Max:  0.0, Diff:  0.0, Sum:  0.0, Workers: 4
[44.076s][debug][gc,phases      ] GC(113)     Dead                           Min: 0, Avg:  0.0, Max: 0, Diff: 0, Sum: 0, Workers: 4
[44.076s][debug][gc,phases      ] GC(113)     Total                          Min: 0, Avg:  0.0, Max: 0, Diff: 0, Sum: 0, Workers: 4
[44.076s][debug][gc,phases      ] GC(113)   StringDedup Requests0 Weak     Min:  0.0, Avg:  0.0, Max:  0.0, Diff:  0.0, Sum:  0.0, Workers: 4
[44.076s][debug][gc,phases      ] GC(113)     Dead                           Min: 0, Avg:  0.0, Max: 0, Diff: 0, Sum: 0, Workers: 4
[44.076s][debug][gc,phases      ] GC(113)     Total                          Min: 0, Avg:  0.0, Max: 0, Diff: 0, Sum: 0, Workers: 4
[44.076s][debug][gc,phases      ] GC(113)   StringDedup Requests1 Weak     Min:  0.0, Avg:  0.0, Max:  0.0, Diff:  0.0, Sum:  0.0, Workers: 4
[44.076s][debug][gc,phases      ] GC(113)     Dead                           Min: 0, Avg:  0.0, Max: 0, Diff: 0, Sum: 0, Workers: 4
[44.076s][debug][gc,phases      ] GC(113)     Total                          Min: 0, Avg:  0.0, Max: 0, Diff: 0, Sum: 0, Workers: 4
[44.076s][debug][gc,phases      ] GC(113)   Weak JFR Old Object Samples    Min:  0.0, Avg:  0.0, Max:  0.0, Diff:  0.0, Sum:  0.0, Workers: 4
[44.076s][debug][gc,phases      ] GC(113)     Dead                           Min: 0, Avg:  0.0, Max: 0, Diff: 0, Sum: 0, Workers: 4
[44.076s][debug][gc,phases      ] GC(113)     Total                          Min: 0, Avg:  0.0, Max: 0, Diff: 0, Sum: 0, Workers: 4
[44.076s][debug][gc,phases      ] GC(113) Weak Processing 0.344ms
[44.076s][debug][gc,age         ] GC(113) Desired survivor size 292552704 bytes, new threshold 15 (max threshold 15)
[44.076s][info ][gc,heap        ] GC(113) PSYoungGen: 1588350K(1764352K)->146068K(1811456K) Eden: 1447936K(1447936K)->0K(1510400K) From: 140414K(316416K)->146068K(301056K)
[44.076s][info ][gc,heap        ] GC(113) ParOldGen: 464107K(600576K)->464115K(600576K)
[44.076s][info ][gc,metaspace   ] GC(113) Metaspace: 81292K(82112K)->81292K(82112K) NonClass: 69624K(70080K)->69624K(70080K) Class: 11668K(12032K)->11668K(12032K)
[44.076s][info ][gc             ] GC(113) Pause Young (Allocation Failure) 2004M->595M(2355M) 46.394ms
[44.076s][info ][gc,cpu         ] GC(113) User=0.22s Sys=0.01s Real=0.05s
[44.076s][info ][safepoint      ] Safepoint "ParallelGCFailedAllocation", Time since last: 370828662 ns, Reaching safepoint: 221407 ns, At safepoint: 46509612 ns, Total: 46731019 ns
[44.469s][info ][gc,start       ] GC(114) Pause Young (Allocation Failure)
[44.512s][debug][gc,phases      ] GC(114) Scavenge 42.679ms
[44.512s][debug][gc,ref         ] GC(114) Skipped phase 1 of Reference Processing: no references
[44.512s][debug][gc,ref         ] GC(114) ReferenceProcessor::execute queues: 1, RefProcThreadModel::Single, marks_oops_alive: false
[44.512s][debug][gc,ref         ] GC(114) Skipped phase 3 of Reference Processing: no references
[44.512s][debug][gc,ref         ] GC(114) ReferenceProcessor::execute queues: 1, RefProcThreadModel::Single, marks_oops_alive: false
[44.512s][debug][gc,phases      ] GC(114) Reference Processing 0.130ms
[44.512s][debug][gc,phases      ] GC(114)   VM Weak                        Min:  0.0, Avg:  0.0, Max:  0.0, Diff:  0.0, Sum:  0.0, Workers: 4
[44.512s][debug][gc,phases      ] GC(114)     Dead                           Min: 0, Avg:  0.0, Max: 0, Diff: 0, Sum: 0, Workers: 4
[44.512s][debug][gc,phases      ] GC(114)     Total                          Min: 0, Avg: 170.5, Max: 558, Diff: 558, Sum: 682, Workers: 4
[44.512s][debug][gc,phases      ] GC(114)   ObjectSynchronizer Weak        Min:  0.0, Avg:  0.0, Max:  0.0, Diff:  0.0, Sum:  0.0, Workers: 4
[44.512s][debug][gc,phases      ] GC(114)     Dead                           Min: 0, Avg:  0.0, Max: 0, Diff: 0, Sum: 0, Workers: 4
[44.512s][debug][gc,phases      ] GC(114)     Total                          Min: 0, Avg: 114.2, Max: 320, Diff: 320, Sum: 457, Workers: 4
[44.512s][debug][gc,phases      ] GC(114)   JVMTI Tag Weak OopStorage      Min:  0.0, Avg:  0.0, Max:  0.0, Diff:  0.0, Sum:  0.0, Workers: 4
[44.512s][debug][gc,phases      ] GC(114)     Dead                           Min: 0, Avg:  0.0, Max: 0, Diff: 0, Sum: 0, Workers: 4
[44.512s][debug][gc,phases      ] GC(114)     Total                          Min: 0, Avg:  0.0, Max: 0, Diff: 0, Sum: 0, Workers: 4
[44.512s][debug][gc,phases      ] GC(114)   StringTable Weak               Min:  0.1, Avg:  0.1, Max:  0.1, Diff:  0.0, Sum:  0.4, Workers: 4
[44.512s][debug][gc,phases      ] GC(114)     Dead                           Min: 0, Avg:  0.0, Max: 0, Diff: 0, Sum: 0, Workers: 4
[44.512s][debug][gc,phases      ] GC(114)     Total                          Min: 8768, Avg: 11737.0, Max: 14655, Diff: 5887, Sum: 46948, Workers: 4
[44.512s][debug][gc,phases      ] GC(114)   ResolvedMethodTable Weak       Min:  0.0, Avg:  0.0, Max:  0.0, Diff:  0.0, Sum:  0.1, Workers: 4
[44.512s][debug][gc,phases      ] GC(114)     Dead                           Min: 0, Avg:  0.0, Max: 0, Diff: 0, Sum: 0, Workers: 4
[44.512s][debug][gc,phases      ] GC(114)     Total                          Min: 1791, Avg: 2104.8, Max: 2468, Diff: 677, Sum: 8419, Workers: 4
[44.512s][debug][gc,phases      ] GC(114)   JNI Weak                       Min:  0.0, Avg:  0.0, Max:  0.0, Diff:  0.0, Sum:  0.0, Workers: 4
[44.512s][debug][gc,phases      ] GC(114)     Dead                           Min: 0, Avg:  0.0, Max: 0, Diff: 0, Sum: 0, Workers: 4
[44.512s][debug][gc,phases      ] GC(114)     Total                          Min: 0, Avg: 22.5, Max: 57, Diff: 57, Sum: 90, Workers: 4
[44.512s][debug][gc,phases      ] GC(114)   StringDedup Table Weak         Min:  0.0, Avg:  0.0, Max:  0.0, Diff:  0.0, Sum:  0.0, Workers: 4
[44.512s][debug][gc,phases      ] GC(114)     Dead                           Min: 0, Avg:  0.0, Max: 0, Diff: 0, Sum: 0, Workers: 4
[44.512s][debug][gc,phases      ] GC(114)     Total                          Min: 0, Avg:  0.0, Max: 0, Diff: 0, Sum: 0, Workers: 4
[44.512s][debug][gc,phases      ] GC(114)   StringDedup Requests0 Weak     Min:  0.0, Avg:  0.0, Max:  0.0, Diff:  0.0, Sum:  0.0, Workers: 4
[44.512s][debug][gc,phases      ] GC(114)     Dead                           Min: 0, Avg:  0.0, Max: 0, Diff: 0, Sum: 0, Workers: 4
[44.512s][debug][gc,phases      ] GC(114)     Total                          Min: 0, Avg:  0.0, Max: 0, Diff: 0, Sum: 0, Workers: 4
[44.512s][debug][gc,phases      ] GC(114)   StringDedup Requests1 Weak     Min:  0.0, Avg:  0.0, Max:  0.0, Diff:  0.0, Sum:  0.0, Workers: 4
[44.512s][debug][gc,phases      ] GC(114)     Dead                           Min: 0, Avg:  0.0, Max: 0, Diff: 0, Sum: 0, Workers: 4
[44.512s][debug][gc,phases      ] GC(114)     Total                          Min: 0, Avg:  0.0, Max: 0, Diff: 0, Sum: 0, Workers: 4
[44.512s][debug][gc,phases      ] GC(114)   Weak JFR Old Object Samples    Min:  0.0, Avg:  0.0, Max:  0.0, Diff:  0.0, Sum:  0.0, Workers: 4
[44.512s][debug][gc,phases      ] GC(114)     Dead                           Min: 0, Avg:  0.0, Max: 0, Diff: 0, Sum: 0, Workers: 4
[44.512s][debug][gc,phases      ] GC(114)     Total                          Min: 0, Avg:  0.0, Max: 0, Diff: 0, Sum: 0, Workers: 4
[44.512s][debug][gc,phases      ] GC(114) Weak Processing 0.334ms
[44.512s][debug][gc,age         ] GC(114) Desired survivor size 278921216 bytes, new threshold 15 (max threshold 15)
[44.512s][info ][gc,heap        ] GC(114) PSYoungGen: 1656468K(1811456K)->149167K(1796096K) Eden: 1510400K(1510400K)->0K(1510400K) From: 146068K(301056K)->149167K(285696K)
[44.512s][info ][gc,heap        ] GC(114) ParOldGen: 464115K(600576K)->464123K(600576K)
[44.512s][info ][gc,metaspace   ] GC(114) Metaspace: 81508K(82368K)->81508K(82368K) NonClass: 69836K(70336K)->69836K(70336K) Class: 11671K(12032K)->11671K(12032K)
[44.512s][info ][gc             ] GC(114) Pause Young (Allocation Failure) 2070M->598M(2340M) 43.284ms
[44.512s][info ][gc,cpu         ] GC(114) User=0.21s Sys=0.00s Real=0.05s
[44.512s][info ][safepoint      ] Safepoint "ParallelGCFailedAllocation", Time since last: 392430312 ns, Reaching safepoint: 294009 ns, At safepoint: 43393517 ns, Total: 43687526 ns
[44.871s][info ][gc,start       ] GC(115) Pause Young (Allocation Failure)
[44.914s][debug][gc,phases      ] GC(115) Scavenge 43.598ms
[44.914s][debug][gc,ref         ] GC(115) Skipped phase 1 of Reference Processing: no references
[44.915s][debug][gc,ref         ] GC(115) ReferenceProcessor::execute queues: 1, RefProcThreadModel::Single, marks_oops_alive: false
[44.915s][debug][gc,ref         ] GC(115) Skipped phase 3 of Reference Processing: no references
[44.915s][debug][gc,ref         ] GC(115) ReferenceProcessor::execute queues: 1, RefProcThreadModel::Single, marks_oops_alive: false
[44.915s][debug][gc,phases      ] GC(115) Reference Processing 0.128ms
[44.915s][debug][gc,phases      ] GC(115)   VM Weak                        Min:  0.0, Avg:  0.0, Max:  0.0, Diff:  0.0, Sum:  0.0, Workers: 4
[44.915s][debug][gc,phases      ] GC(115)     Dead                           Min: 0, Avg:  0.0, Max: 0, Diff: 0, Sum: 0, Workers: 4
[44.915s][debug][gc,phases      ] GC(115)     Total                          Min: 0, Avg: 170.5, Max: 380, Diff: 380, Sum: 682, Workers: 4
[44.915s][debug][gc,phases      ] GC(115)   ObjectSynchronizer Weak        Min:  0.0, Avg:  0.0, Max:  0.0, Diff:  0.0, Sum:  0.0, Workers: 4
[44.915s][debug][gc,phases      ] GC(115)     Dead                           Min: 0, Avg:  0.0, Max: 0, Diff: 0, Sum: 0, Workers: 4
[44.915s][debug][gc,phases      ] GC(115)     Total                          Min: 0, Avg: 114.2, Max: 384, Diff: 384, Sum: 457, Workers: 4
[44.915s][debug][gc,phases      ] GC(115)   JVMTI Tag Weak OopStorage      Min:  0.0, Avg:  0.0, Max:  0.0, Diff:  0.0, Sum:  0.0, Workers: 4
[44.915s][debug][gc,phases      ] GC(115)     Dead                           Min: 0, Avg:  0.0, Max: 0, Diff: 0, Sum: 0, Workers: 4
[44.915s][debug][gc,phases      ] GC(115)     Total                          Min: 0, Avg:  0.0, Max: 0, Diff: 0, Sum: 0, Workers: 4
[44.915s][debug][gc,phases      ] GC(115)   StringTable Weak               Min:  0.1, Avg:  0.1, Max:  0.1, Diff:  0.0, Sum:  0.4, Workers: 4
[44.915s][debug][gc,phases      ] GC(115)     Dead                           Min: 0, Avg:  0.2, Max: 1, Diff: 1, Sum: 1, Workers: 4
[44.915s][debug][gc,phases      ] GC(115)     Total                          Min: 10260, Avg: 11749.0, Max: 12672, Diff: 2412, Sum: 46996, Workers: 4
[44.915s][debug][gc,phases      ] GC(115)   ResolvedMethodTable Weak       Min:  0.0, Avg:  0.0, Max:  0.0, Diff:  0.0, Sum:  0.1, Workers: 4
[44.915s][debug][gc,phases      ] GC(115)     Dead                           Min: 0, Avg:  0.0, Max: 0, Diff: 0, Sum: 0, Workers: 4
[44.915s][debug][gc,phases      ] GC(115)     Total                          Min: 1984, Avg: 2104.8, Max: 2304, Diff: 320, Sum: 8419, Workers: 4
[44.915s][debug][gc,phases      ] GC(115)   JNI Weak                       Min:  0.0, Avg:  0.0, Max:  0.0, Diff:  0.0, Sum:  0.0, Workers: 4
[44.915s][debug][gc,phases      ] GC(115)     Dead                           Min: 0, Avg:  0.0, Max: 0, Diff: 0, Sum: 0, Workers: 4
[44.915s][debug][gc,phases      ] GC(115)     Total                          Min: 0, Avg: 13.2, Max: 53, Diff: 53, Sum: 53, Workers: 4
[44.915s][debug][gc,phases      ] GC(115)   StringDedup Table Weak         Min:  0.0, Avg:  0.0, Max:  0.0, Diff:  0.0, Sum:  0.0, Workers: 4
[44.915s][debug][gc,phases      ] GC(115)     Dead                           Min: 0, Avg:  0.0, Max: 0, Diff: 0, Sum: 0, Workers: 4
[44.915s][debug][gc,phases      ] GC(115)     Total                          Min: 0, Avg:  0.0, Max: 0, Diff: 0, Sum: 0, Workers: 4
[44.915s][debug][gc,phases      ] GC(115)   StringDedup Requests0 Weak     Min:  0.0, Avg:  0.0, Max:  0.0, Diff:  0.0, Sum:  0.0, Workers: 4
[44.915s][debug][gc,phases      ] GC(115)     Dead                           Min: 0, Avg:  0.0, Max: 0, Diff: 0, Sum: 0, Workers: 4
[44.915s][debug][gc,phases      ] GC(115)     Total                          Min: 0, Avg:  0.0, Max: 0, Diff: 0, Sum: 0, Workers: 4
[44.915s][debug][gc,phases      ] GC(115)   StringDedup Requests1 Weak     Min:  0.0, Avg:  0.0, Max:  0.0, Diff:  0.0, Sum:  0.0, Workers: 4
[44.915s][debug][gc,phases      ] GC(115)     Dead                           Min: 0, Avg:  0.0, Max: 0, Diff: 0, Sum: 0, Workers: 4
[44.915s][debug][gc,phases      ] GC(115)     Total                          Min: 0, Avg:  0.0, Max: 0, Diff: 0, Sum: 0, Workers: 4
[44.915s][debug][gc,phases      ] GC(115)   Weak JFR Old Object Samples    Min:  0.0, Avg:  0.0, Max:  0.0, Diff:  0.0, Sum:  0.0, Workers: 4
[44.915s][debug][gc,phases      ] GC(115)     Dead                           Min: 0, Avg:  0.0, Max: 0, Diff: 0, Sum: 0, Workers: 4
[44.915s][debug][gc,phases      ] GC(115)     Total                          Min: 0, Avg:  0.0, Max: 0, Diff: 0, Sum: 0, Workers: 4
[44.915s][debug][gc,phases      ] GC(115) Weak Processing 0.320ms
[44.915s][debug][gc,age         ] GC(115) Desired survivor size 267911168 bytes, new threshold 15 (max threshold 15)
[44.915s][info ][gc,heap        ] GC(115) PSYoungGen: 1659567K(1796096K)->150887K(1835520K) Eden: 1510400K(1510400K)->0K(1563136K) From: 149167K(285696K)->150887K(272384K)
[44.915s][info ][gc,heap        ] GC(115) ParOldGen: 464123K(600576K)->464131K(600576K)
[44.915s][info ][gc,metaspace   ] GC(115) Metaspace: 81664K(82496K)->81664K(82496K) NonClass: 69987K(70464K)->69987K(70464K) Class: 11676K(12032K)->11676K(12032K)
[44.915s][info ][gc             ] GC(115) Pause Young (Allocation Failure) 2073M->600M(2379M) 44.183ms
[44.915s][info ][gc,cpu         ] GC(115) User=0.17s Sys=0.01s Real=0.04s
[44.915s][info ][safepoint      ] Safepoint "ParallelGCFailedAllocation", Time since last: 358223374 ns, Reaching safepoint: 266308 ns, At safepoint: 44312945 ns, Total: 44579253 ns
[45.215s][info ][safepoint      ] Safepoint "ICBufferFull", Time since last: 299405681 ns, Reaching safepoint: 239307 ns, At safepoint: 28001 ns, Total: 267308 ns
[45.283s][info ][gc,start       ] GC(116) Pause Young (Allocation Failure)
[45.326s][debug][gc,phases      ] GC(116) Scavenge 43.040ms
[45.326s][debug][gc,ref         ] GC(116) Skipped phase 1 of Reference Processing: no references
[45.326s][debug][gc,ref         ] GC(116) ReferenceProcessor::execute queues: 1, RefProcThreadModel::Single, marks_oops_alive: false
[45.326s][debug][gc,ref         ] GC(116) Skipped phase 3 of Reference Processing: no references
[45.326s][debug][gc,ref         ] GC(116) ReferenceProcessor::execute queues: 1, RefProcThreadModel::Single, marks_oops_alive: false
[45.326s][debug][gc,phases      ] GC(116) Reference Processing 0.130ms
[45.326s][debug][gc,phases      ] GC(116)   VM Weak                        Min:  0.0, Avg:  0.0, Max:  0.0, Diff:  0.0, Sum:  0.0, Workers: 4
[45.326s][debug][gc,phases      ] GC(116)     Dead                           Min: 0, Avg:  0.0, Max: 0, Diff: 0, Sum: 0, Workers: 4
[45.326s][debug][gc,phases      ] GC(116)     Total                          Min: 0, Avg: 170.5, Max: 444, Diff: 444, Sum: 682, Workers: 4
[45.326s][debug][gc,phases      ] GC(116)   ObjectSynchronizer Weak        Min:  0.0, Avg:  0.0, Max:  0.0, Diff:  0.0, Sum:  0.0, Workers: 4
[45.326s][debug][gc,phases      ] GC(116)     Dead                           Min: 0, Avg:  0.0, Max: 0, Diff: 0, Sum: 0, Workers: 4
[45.326s][debug][gc,phases      ] GC(116)     Total                          Min: 0, Avg: 114.2, Max: 256, Diff: 256, Sum: 457, Workers: 4
[45.326s][debug][gc,phases      ] GC(116)   JVMTI Tag Weak OopStorage      Min:  0.0, Avg:  0.0, Max:  0.0, Diff:  0.0, Sum:  0.0, Workers: 4
[45.326s][debug][gc,phases      ] GC(116)     Dead                           Min: 0, Avg:  0.0, Max: 0, Diff: 0, Sum: 0, Workers: 4
[45.326s][debug][gc,phases      ] GC(116)     Total                          Min: 0, Avg:  0.0, Max: 0, Diff: 0, Sum: 0, Workers: 4
[45.326s][debug][gc,phases      ] GC(116)   StringTable Weak               Min:  0.1, Avg:  0.1, Max:  0.1, Diff:  0.0, Sum:  0.4, Workers: 4
[45.326s][debug][gc,phases      ] GC(116)     Dead                           Min: 0, Avg:  0.0, Max: 0, Diff: 0, Sum: 0, Workers: 4
[45.326s][debug][gc,phases      ] GC(116)     Total                          Min: 10496, Avg: 11751.2, Max: 12957, Diff: 2461, Sum: 47005, Workers: 4
[45.326s][debug][gc,phases      ] GC(116)   ResolvedMethodTable Weak       Min:  0.0, Avg:  0.0, Max:  0.0, Diff:  0.0, Sum:  0.1, Workers: 4
[45.326s][debug][gc,phases      ] GC(116)     Dead                           Min: 0, Avg:  0.0, Max: 0, Diff: 0, Sum: 0, Workers: 4
[45.326s][debug][gc,phases      ] GC(116)     Total                          Min: 1920, Avg: 2104.8, Max: 2276, Diff: 356, Sum: 8419, Workers: 4
[45.326s][debug][gc,phases      ] GC(116)   JNI Weak                       Min:  0.0, Avg:  0.0, Max:  0.0, Diff:  0.0, Sum:  0.0, Workers: 4
[45.326s][debug][gc,phases      ] GC(116)     Dead                           Min: 0, Avg:  0.0, Max: 0, Diff: 0, Sum: 0, Workers: 4
[45.326s][debug][gc,phases      ] GC(116)     Total                          Min: 0, Avg:  5.2, Max: 21, Diff: 21, Sum: 21, Workers: 4
[45.326s][debug][gc,phases      ] GC(116)   StringDedup Table Weak         Min:  0.0, Avg:  0.0, Max:  0.0, Diff:  0.0, Sum:  0.0, Workers: 4
[45.326s][debug][gc,phases      ] GC(116)     Dead                           Min: 0, Avg:  0.0, Max: 0, Diff: 0, Sum: 0, Workers: 4
[45.326s][debug][gc,phases      ] GC(116)     Total                          Min: 0, Avg:  0.0, Max: 0, Diff: 0, Sum: 0, Workers: 4
[45.326s][debug][gc,phases      ] GC(116)   StringDedup Requests0 Weak     Min:  0.0, Avg:  0.0, Max:  0.0, Diff:  0.0, Sum:  0.0, Workers: 4
[45.326s][debug][gc,phases      ] GC(116)     Dead                           Min: 0, Avg:  0.0, Max: 0, Diff: 0, Sum: 0, Workers: 4
[45.326s][debug][gc,phases      ] GC(116)     Total                          Min: 0, Avg:  0.0, Max: 0, Diff: 0, Sum: 0, Workers: 4
[45.326s][debug][gc,phases      ] GC(116)   StringDedup Requests1 Weak     Min:  0.0, Avg:  0.0, Max:  0.0, Diff:  0.0, Sum:  0.0, Workers: 4
[45.326s][debug][gc,phases      ] GC(116)     Dead                           Min: 0, Avg:  0.0, Max: 0, Diff: 0, Sum: 0, Workers: 4
[45.326s][debug][gc,phases      ] GC(116)     Total                          Min: 0, Avg:  0.0, Max: 0, Diff: 0, Sum: 0, Workers: 4
[45.326s][debug][gc,phases      ] GC(116)   Weak JFR Old Object Samples    Min:  0.0, Avg:  0.0, Max:  0.0, Diff:  0.0, Sum:  0.0, Workers: 4
[45.326s][debug][gc,phases      ] GC(116)     Dead                           Min: 0, Avg:  0.0, Max: 0, Diff: 0, Sum: 0, Workers: 4
[45.326s][debug][gc,phases      ] GC(116)     Total                          Min: 0, Avg:  0.0, Max: 0, Diff: 0, Sum: 0, Workers: 4
[45.326s][debug][gc,phases      ] GC(116) Weak Processing 0.350ms
[45.326s][debug][gc,age         ] GC(116) Desired survivor size 257425408 bytes, new threshold 15 (max threshold 15)
[45.326s][info ][gc,heap        ] GC(116) PSYoungGen: 1714023K(1835520K)->151439K(1824768K) Eden: 1563136K(1563136K)->0K(1563136K) From: 150887K(272384K)->151439K(261632K)
[45.326s][info ][gc,heap        ] GC(116) ParOldGen: 464131K(600576K)->464139K(600576K)
[45.326s][info ][gc,metaspace   ] GC(116) Metaspace: 81750K(82624K)->81750K(82624K) NonClass: 70073K(70592K)->70073K(70592K) Class: 11676K(12032K)->11676K(12032K)
[45.326s][info ][gc             ] GC(116) Pause Young (Allocation Failure) 2127M->601M(2368M) 43.655ms
[45.326s][info ][gc,cpu         ] GC(116) User=0.17s Sys=0.00s Real=0.04s
[45.327s][info ][safepoint      ] Safepoint "ParallelGCFailedAllocation", Time since last: 67895859 ns, Reaching safepoint: 147705 ns, At safepoint: 43763727 ns, Total: 43911432 ns
[45.450s][info ][safepoint      ] Safepoint "ICBufferFull", Time since last: 123310040 ns, Reaching safepoint: 306109 ns, At safepoint: 35801 ns, Total: 341910 ns
[45.708s][info ][gc,start       ] GC(117) Pause Young (Allocation Failure)
[45.755s][debug][gc,phases      ] GC(117) Scavenge 46.559ms
[45.755s][debug][gc,ref         ] GC(117) Skipped phase 1 of Reference Processing: no references
[45.755s][debug][gc,ref         ] GC(117) ReferenceProcessor::execute queues: 1, RefProcThreadModel::Single, marks_oops_alive: false
[45.755s][debug][gc,ref         ] GC(117) Skipped phase 3 of Reference Processing: no references
[45.755s][debug][gc,ref         ] GC(117) ReferenceProcessor::execute queues: 1, RefProcThreadModel::Single, marks_oops_alive: false
[45.755s][debug][gc,phases      ] GC(117) Reference Processing 0.129ms
[45.755s][debug][gc,phases      ] GC(117)   VM Weak                        Min:  0.0, Avg:  0.0, Max:  0.0, Diff:  0.0, Sum:  0.0, Workers: 4
[45.755s][debug][gc,phases      ] GC(117)     Dead                           Min: 0, Avg:  0.0, Max: 0, Diff: 0, Sum: 0, Workers: 4
[45.755s][debug][gc,phases      ] GC(117)     Total                          Min: 0, Avg: 170.8, Max: 366, Diff: 366, Sum: 683, Workers: 4
[45.755s][debug][gc,phases      ] GC(117)   ObjectSynchronizer Weak        Min:  0.0, Avg:  0.0, Max:  0.0, Diff:  0.0, Sum:  0.0, Workers: 4
[45.755s][debug][gc,phases      ] GC(117)     Dead                           Min: 0, Avg:  0.0, Max: 0, Diff: 0, Sum: 0, Workers: 4
[45.755s][debug][gc,phases      ] GC(117)     Total                          Min: 0, Avg: 114.2, Max: 256, Diff: 256, Sum: 457, Workers: 4
[45.755s][debug][gc,phases      ] GC(117)   JVMTI Tag Weak OopStorage      Min:  0.0, Avg:  0.0, Max:  0.0, Diff:  0.0, Sum:  0.0, Workers: 4
[45.755s][debug][gc,phases      ] GC(117)     Dead                           Min: 0, Avg:  0.0, Max: 0, Diff: 0, Sum: 0, Workers: 4
[45.755s][debug][gc,phases      ] GC(117)     Total                          Min: 0, Avg:  0.0, Max: 0, Diff: 0, Sum: 0, Workers: 4
[45.755s][debug][gc,phases      ] GC(117)   StringTable Weak               Min:  0.1, Avg:  0.1, Max:  0.1, Diff:  0.0, Sum:  0.4, Workers: 4
[45.755s][debug][gc,phases      ] GC(117)     Dead                           Min: 0, Avg:  0.0, Max: 0, Diff: 0, Sum: 0, Workers: 4
[45.755s][debug][gc,phases      ] GC(117)     Total                          Min: 10304, Avg: 11755.2, Max: 13869, Diff: 3565, Sum: 47021, Workers: 4
[45.755s][debug][gc,phases      ] GC(117)   ResolvedMethodTable Weak       Min:  0.0, Avg:  0.0, Max:  0.0, Diff:  0.0, Sum:  0.1, Workers: 4
[45.755s][debug][gc,phases      ] GC(117)     Dead                           Min: 0, Avg:  0.0, Max: 0, Diff: 0, Sum: 0, Workers: 4
[45.755s][debug][gc,phases      ] GC(117)     Total                          Min: 1856, Avg: 2107.5, Max: 2350, Diff: 494, Sum: 8430, Workers: 4
[45.755s][debug][gc,phases      ] GC(117)   JNI Weak                       Min:  0.0, Avg:  0.0, Max:  0.0, Diff:  0.0, Sum:  0.0, Workers: 4
[45.755s][debug][gc,phases      ] GC(117)     Dead                           Min: 0, Avg:  0.0, Max: 0, Diff: 0, Sum: 0, Workers: 4
[45.755s][debug][gc,phases      ] GC(117)     Total                          Min: 0, Avg:  3.2, Max: 11, Diff: 11, Sum: 13, Workers: 4
[45.755s][debug][gc,phases      ] GC(117)   StringDedup Table Weak         Min:  0.0, Avg:  0.0, Max:  0.0, Diff:  0.0, Sum:  0.0, Workers: 4
[45.755s][debug][gc,phases      ] GC(117)     Dead                           Min: 0, Avg:  0.0, Max: 0, Diff: 0, Sum: 0, Workers: 4
[45.755s][debug][gc,phases      ] GC(117)     Total                          Min: 0, Avg:  0.0, Max: 0, Diff: 0, Sum: 0, Workers: 4
[45.755s][debug][gc,phases      ] GC(117)   StringDedup Requests0 Weak     Min:  0.0, Avg:  0.0, Max:  0.0, Diff:  0.0, Sum:  0.0, Workers: 4
[45.755s][debug][gc,phases      ] GC(117)     Dead                           Min: 0, Avg:  0.0, Max: 0, Diff: 0, Sum: 0, Workers: 4
[45.755s][debug][gc,phases      ] GC(117)     Total                          Min: 0, Avg:  0.0, Max: 0, Diff: 0, Sum: 0, Workers: 4
[45.755s][debug][gc,phases      ] GC(117)   StringDedup Requests1 Weak     Min:  0.0, Avg:  0.0, Max:  0.0, Diff:  0.0, Sum:  0.0, Workers: 4
[45.755s][debug][gc,phases      ] GC(117)     Dead                           Min: 0, Avg:  0.0, Max: 0, Diff: 0, Sum: 0, Workers: 4
[45.755s][debug][gc,phases      ] GC(117)     Total                          Min: 0, Avg:  0.0, Max: 0, Diff: 0, Sum: 0, Workers: 4
[45.755s][debug][gc,phases      ] GC(117)   Weak JFR Old Object Samples    Min:  0.0, Avg:  0.0, Max:  0.0, Diff:  0.0, Sum:  0.0, Workers: 4
[45.755s][debug][gc,phases      ] GC(117)     Dead                           Min: 0, Avg:  0.0, Max: 0, Diff: 0, Sum: 0, Workers: 4
[45.755s][debug][gc,phases      ] GC(117)     Total                          Min: 0, Avg:  0.0, Max: 0, Diff: 0, Sum: 0, Workers: 4
[45.755s][debug][gc,phases      ] GC(117) Weak Processing 0.313ms
[45.755s][debug][gc,age         ] GC(117) Desired survivor size 249036800 bytes, new threshold 15 (max threshold 15)
[45.755s][info ][gc,heap        ] GC(117) PSYoungGen: 1714575K(1824768K)->152933K(1853952K) Eden: 1563136K(1563136K)->0K(1602560K) From: 151439K(261632K)->152933K(251392K)
[45.755s][info ][gc,heap        ] GC(117) ParOldGen: 464139K(600576K)->464147K(600576K)
[45.755s][info ][gc,metaspace   ] GC(117) Metaspace: 81846K(82688K)->81846K(82688K) NonClass: 70164K(70656K)->70164K(70656K) Class: 11681K(12032K)->11681K(12032K)
[45.755s][info ][gc             ] GC(117) Pause Young (Allocation Failure) 2127M->602M(2397M) 47.151ms
[45.755s][info ][gc,cpu         ] GC(117) User=0.18s Sys=0.01s Real=0.05s
[45.755s][info ][safepoint      ] Safepoint "ParallelGCFailedAllocation", Time since last: 257469509 ns, Reaching safepoint: 191906 ns, At safepoint: 47266834 ns, Total: 47458740 ns
[46.144s][info ][gc,start       ] GC(118) Pause Young (Allocation Failure)
[46.184s][debug][gc,phases      ] GC(118) Scavenge 39.971ms
[46.184s][debug][gc,ref         ] GC(118) Skipped phase 1 of Reference Processing: no references
[46.184s][debug][gc,ref         ] GC(118) ReferenceProcessor::execute queues: 1, RefProcThreadModel::Single, marks_oops_alive: false
[46.184s][debug][gc,ref         ] GC(118) Skipped phase 3 of Reference Processing: no references
[46.184s][debug][gc,ref         ] GC(118) ReferenceProcessor::execute queues: 1, RefProcThreadModel::Single, marks_oops_alive: false
[46.184s][debug][gc,phases      ] GC(118) Reference Processing 0.131ms
[46.184s][debug][gc,phases      ] GC(118)   VM Weak                        Min:  0.0, Avg:  0.0, Max:  0.0, Diff:  0.0, Sum:  0.0, Workers: 4
[46.184s][debug][gc,phases      ] GC(118)     Dead                           Min: 0, Avg:  0.0, Max: 0, Diff: 0, Sum: 0, Workers: 4
[46.184s][debug][gc,phases      ] GC(118)     Total                          Min: 0, Avg: 171.0, Max: 366, Diff: 366, Sum: 684, Workers: 4
[46.184s][debug][gc,phases      ] GC(118)   ObjectSynchronizer Weak        Min:  0.0, Avg:  0.0, Max:  0.0, Diff:  0.0, Sum:  0.0, Workers: 4
[46.184s][debug][gc,phases      ] GC(118)     Dead                           Min: 0, Avg:  0.0, Max: 0, Diff: 0, Sum: 0, Workers: 4
[46.184s][debug][gc,phases      ] GC(118)     Total                          Min: 0, Avg: 114.2, Max: 265, Diff: 265, Sum: 457, Workers: 4
[46.184s][debug][gc,phases      ] GC(118)   JVMTI Tag Weak OopStorage      Min:  0.0, Avg:  0.0, Max:  0.0, Diff:  0.0, Sum:  0.0, Workers: 4
[46.184s][debug][gc,phases      ] GC(118)     Dead                           Min: 0, Avg:  0.0, Max: 0, Diff: 0, Sum: 0, Workers: 4
[46.184s][debug][gc,phases      ] GC(118)     Total                          Min: 0, Avg:  0.0, Max: 0, Diff: 0, Sum: 0, Workers: 4
[46.184s][debug][gc,phases      ] GC(118)   StringTable Weak               Min:  0.1, Avg:  0.1, Max:  0.1, Diff:  0.0, Sum:  0.4, Workers: 4
[46.184s][debug][gc,phases      ] GC(118)     Dead                           Min: 0, Avg:  0.2, Max: 1, Diff: 1, Sum: 1, Workers: 4
[46.184s][debug][gc,phases      ] GC(118)     Total                          Min: 11263, Avg: 11760.8, Max: 12288, Diff: 1025, Sum: 47043, Workers: 4
[46.184s][debug][gc,phases      ] GC(118)   ResolvedMethodTable Weak       Min:  0.0, Avg:  0.0, Max:  0.0, Diff:  0.0, Sum:  0.1, Workers: 4
[46.184s][debug][gc,phases      ] GC(118)     Dead                           Min: 0, Avg:  0.0, Max: 0, Diff: 0, Sum: 0, Workers: 4
[46.184s][debug][gc,phases      ] GC(118)     Total                          Min: 2048, Avg: 2109.8, Max: 2231, Diff: 183, Sum: 8439, Workers: 4
[46.184s][debug][gc,phases      ] GC(118)   JNI Weak                       Min:  0.0, Avg:  0.0, Max:  0.0, Diff:  0.0, Sum:  0.0, Workers: 4
[46.184s][debug][gc,phases      ] GC(118)     Dead                           Min: 0, Avg:  0.0, Max: 0, Diff: 0, Sum: 0, Workers: 4
[46.184s][debug][gc,phases      ] GC(118)     Total                          Min: 0, Avg:  6.2, Max: 25, Diff: 25, Sum: 25, Workers: 4
[46.184s][debug][gc,phases      ] GC(118)   StringDedup Table Weak         Min:  0.0, Avg:  0.0, Max:  0.0, Diff:  0.0, Sum:  0.0, Workers: 4
[46.184s][debug][gc,phases      ] GC(118)     Dead                           Min: 0, Avg:  0.0, Max: 0, Diff: 0, Sum: 0, Workers: 4
[46.184s][debug][gc,phases      ] GC(118)     Total                          Min: 0, Avg:  0.0, Max: 0, Diff: 0, Sum: 0, Workers: 4
[46.184s][debug][gc,phases      ] GC(118)   StringDedup Requests0 Weak     Min:  0.0, Avg:  0.0, Max:  0.0, Diff:  0.0, Sum:  0.0, Workers: 4
[46.184s][debug][gc,phases      ] GC(118)     Dead                           Min: 0, Avg:  0.0, Max: 0, Diff: 0, Sum: 0, Workers: 4
[46.184s][debug][gc,phases      ] GC(118)     Total                          Min: 0, Avg:  0.0, Max: 0, Diff: 0, Sum: 0, Workers: 4
[46.184s][debug][gc,phases      ] GC(118)   StringDedup Requests1 Weak     Min:  0.0, Avg:  0.0, Max:  0.0, Diff:  0.0, Sum:  0.0, Workers: 4
[46.184s][debug][gc,phases      ] GC(118)     Dead                           Min: 0, Avg:  0.0, Max: 0, Diff: 0, Sum: 0, Workers: 4
[46.184s][debug][gc,phases      ] GC(118)     Total                          Min: 0, Avg:  0.0, Max: 0, Diff: 0, Sum: 0, Workers: 4
[46.184s][debug][gc,phases      ] GC(118)   Weak JFR Old Object Samples    Min:  0.0, Avg:  0.0, Max:  0.0, Diff:  0.0, Sum:  0.0, Workers: 4
[46.184s][debug][gc,phases      ] GC(118)     Dead                           Min: 0, Avg:  0.0, Max: 0, Diff: 0, Sum: 0, Workers: 4
[46.184s][debug][gc,phases      ] GC(118)     Total                          Min: 0, Avg:  0.0, Max: 0, Diff: 0, Sum: 0, Workers: 4
[46.184s][debug][gc,phases      ] GC(118) Weak Processing 0.329ms
[46.184s][debug][gc,age         ] GC(118) Desired survivor size 243269632 bytes, new threshold 15 (max threshold 15)
[46.184s][info ][gc,heap        ] GC(118) PSYoungGen: 1755493K(1853952K)->124735K(1845760K) Eden: 1602560K(1602560K)->0K(1602560K) From: 152933K(251392K)->124735K(243200K)
[46.184s][info ][gc,heap        ] GC(118) ParOldGen: 464147K(600576K)->494328K(600576K)
[46.184s][info ][gc,metaspace   ] GC(118) Metaspace: 81983K(82816K)->81983K(82816K) NonClass: 70295K(70784K)->70295K(70784K) Class: 11687K(12032K)->11687K(12032K)
[46.184s][info ][gc             ] GC(118) Pause Young (Allocation Failure) 2167M->604M(2389M) 40.574ms
[46.184s][info ][gc,cpu         ] GC(118) User=0.16s Sys=0.00s Real=0.04s
[46.184s][info ][safepoint      ] Safepoint "ParallelGCFailedAllocation", Time since last: 388177067 ns, Reaching safepoint: 215407 ns, At safepoint: 40693533 ns, Total: 40908940 ns
[46.551s][info ][safepoint      ] Safepoint "ParallelGCFailedAllocation", Time since last: 366422105 ns, Reaching safepoint: 224807 ns, At safepoint: 41701 ns, Total: 266508 ns
[46.552s][info ][gc,start       ] GC(119) Pause Young (GCLocker Initiated GC)
[46.589s][debug][gc,phases      ] GC(119) Scavenge 36.974ms
[46.589s][debug][gc,ref         ] GC(119) Skipped phase 1 of Reference Processing: no references
[46.589s][debug][gc,ref         ] GC(119) ReferenceProcessor::execute queues: 1, RefProcThreadModel::Single, marks_oops_alive: false
[46.589s][debug][gc,ref         ] GC(119) Skipped phase 3 of Reference Processing: no references
[46.589s][debug][gc,ref         ] GC(119) ReferenceProcessor::execute queues: 1, RefProcThreadModel::Single, marks_oops_alive: false
[46.589s][debug][gc,phases      ] GC(119) Reference Processing 0.127ms
[46.589s][debug][gc,phases      ] GC(119)   VM Weak                        Min:  0.0, Avg:  0.0, Max:  0.0, Diff:  0.0, Sum:  0.0, Workers: 4
[46.589s][debug][gc,phases      ] GC(119)     Dead                           Min: 0, Avg:  0.0, Max: 0, Diff: 0, Sum: 0, Workers: 4
[46.589s][debug][gc,phases      ] GC(119)     Total                          Min: 0, Avg: 171.0, Max: 684, Diff: 684, Sum: 684, Workers: 4
[46.589s][debug][gc,phases      ] GC(119)   ObjectSynchronizer Weak        Min:  0.0, Avg:  0.0, Max:  0.0, Diff:  0.0, Sum:  0.0, Workers: 4
[46.589s][debug][gc,phases      ] GC(119)     Dead                           Min: 0, Avg:  0.0, Max: 0, Diff: 0, Sum: 0, Workers: 4
[46.589s][debug][gc,phases      ] GC(119)     Total                          Min: 0, Avg: 114.2, Max: 384, Diff: 384, Sum: 457, Workers: 4
[46.589s][debug][gc,phases      ] GC(119)   JVMTI Tag Weak OopStorage      Min:  0.0, Avg:  0.0, Max:  0.0, Diff:  0.0, Sum:  0.0, Workers: 4
[46.589s][debug][gc,phases      ] GC(119)     Dead                           Min: 0, Avg:  0.0, Max: 0, Diff: 0, Sum: 0, Workers: 4
[46.589s][debug][gc,phases      ] GC(119)     Total                          Min: 0, Avg:  0.0, Max: 0, Diff: 0, Sum: 0, Workers: 4
[46.589s][debug][gc,phases      ] GC(119)   StringTable Weak               Min:  0.1, Avg:  0.1, Max:  0.1, Diff:  0.0, Sum:  0.4, Workers: 4
[46.589s][debug][gc,phases      ] GC(119)     Dead                           Min: 0, Avg:  0.0, Max: 0, Diff: 0, Sum: 0, Workers: 4
[46.589s][debug][gc,phases      ] GC(119)     Total                          Min: 9728, Avg: 11763.5, Max: 13839, Diff: 4111, Sum: 47054, Workers: 4
[46.589s][debug][gc,phases      ] GC(119)   ResolvedMethodTable Weak       Min:  0.0, Avg:  0.0, Max:  0.0, Diff:  0.0, Sum:  0.1, Workers: 4
[46.589s][debug][gc,phases      ] GC(119)     Dead                           Min: 0, Avg:  0.0, Max: 0, Diff: 0, Sum: 0, Workers: 4
[46.589s][debug][gc,phases      ] GC(119)     Total                          Min: 1856, Avg: 2111.0, Max: 2556, Diff: 700, Sum: 8444, Workers: 4
[46.589s][debug][gc,phases      ] GC(119)   JNI Weak                       Min:  0.0, Avg:  0.0, Max:  0.0, Diff:  0.0, Sum:  0.0, Workers: 4
[46.589s][debug][gc,phases      ] GC(119)     Dead                           Min: 0, Avg:  0.0, Max: 0, Diff: 0, Sum: 0, Workers: 4
[46.589s][debug][gc,phases      ] GC(119)     Total                          Min: 0, Avg:  2.5, Max: 10, Diff: 10, Sum: 10, Workers: 4
[46.589s][debug][gc,phases      ] GC(119)   StringDedup Table Weak         Min:  0.0, Avg:  0.0, Max:  0.0, Diff:  0.0, Sum:  0.0, Workers: 4
[46.589s][debug][gc,phases      ] GC(119)     Dead                           Min: 0, Avg:  0.0, Max: 0, Diff: 0, Sum: 0, Workers: 4
[46.589s][debug][gc,phases      ] GC(119)     Total                          Min: 0, Avg:  0.0, Max: 0, Diff: 0, Sum: 0, Workers: 4
[46.589s][debug][gc,phases      ] GC(119)   StringDedup Requests0 Weak     Min:  0.0, Avg:  0.0, Max:  0.0, Diff:  0.0, Sum:  0.0, Workers: 4
[46.589s][debug][gc,phases      ] GC(119)     Dead                           Min: 0, Avg:  0.0, Max: 0, Diff: 0, Sum: 0, Workers: 4
[46.589s][debug][gc,phases      ] GC(119)     Total                          Min: 0, Avg:  0.0, Max: 0, Diff: 0, Sum: 0, Workers: 4
[46.589s][debug][gc,phases      ] GC(119)   StringDedup Requests1 Weak     Min:  0.0, Avg:  0.0, Max:  0.0, Diff:  0.0, Sum:  0.0, Workers: 4
[46.589s][debug][gc,phases      ] GC(119)     Dead                           Min: 0, Avg:  0.0, Max: 0, Diff: 0, Sum: 0, Workers: 4
[46.589s][debug][gc,phases      ] GC(119)     Total                          Min: 0, Avg:  0.0, Max: 0, Diff: 0, Sum: 0, Workers: 4
[46.589s][debug][gc,phases      ] GC(119)   Weak JFR Old Object Samples    Min:  0.0, Avg:  0.0, Max:  0.0, Diff:  0.0, Sum:  0.0, Workers: 4
[46.589s][debug][gc,phases      ] GC(119)     Dead                           Min: 0, Avg:  0.0, Max: 0, Diff: 0, Sum: 0, Workers: 4
[46.589s][debug][gc,phases      ] GC(119)     Total                          Min: 0, Avg:  0.0, Max: 0, Diff: 0, Sum: 0, Workers: 4
[46.589s][debug][gc,phases      ] GC(119) Weak Processing 0.294ms
[46.589s][debug][gc,age         ] GC(119) Desired survivor size 239075328 bytes, new threshold 15 (max threshold 15)
[46.589s][info ][gc,heap        ] GC(119) PSYoungGen: 1727295K(1845760K)->116230K(1863680K) Eden: 1602560K(1602560K)->0K(1626112K) From: 124735K(243200K)->116230K(237568K)
[46.589s][info ][gc,heap        ] GC(119) ParOldGen: 494329K(600576K)->505425K(600576K)
[46.589s][info ][gc,metaspace   ] GC(119) Metaspace: 82017K(82816K)->82017K(82816K) NonClass: 70327K(70784K)->70327K(70784K) Class: 11690K(12032K)->11690K(12032K)
[46.589s][info ][gc             ] GC(119) Pause Young (GCLocker Initiated GC) 2169M->607M(2406M) 37.524ms
[46.589s][info ][gc,cpu         ] GC(119) User=0.16s Sys=0.00s Real=0.03s
[46.589s][info ][safepoint      ] Safepoint "ParallelGCSystemGC", Time since last: 625719 ns, Reaching safepoint: 102703 ns, At safepoint: 37631741 ns, Total: 37734444 ns
[46.986s][info ][safepoint      ] Safepoint "ParallelGCFailedAllocation", Time since last: 396536915 ns, Reaching safepoint: 181905 ns, At safepoint: 35201 ns, Total: 217106 ns
[46.988s][info ][gc,start       ] GC(120) Pause Young (GCLocker Initiated GC)
[47.022s][debug][gc,phases      ] GC(120) Scavenge 34.760ms
[47.022s][debug][gc,ref         ] GC(120) Skipped phase 1 of Reference Processing: no references
[47.023s][debug][gc,ref         ] GC(120) ReferenceProcessor::execute queues: 1, RefProcThreadModel::Single, marks_oops_alive: false
[47.023s][debug][gc,ref         ] GC(120) Skipped phase 3 of Reference Processing: no references
[47.023s][debug][gc,ref         ] GC(120) ReferenceProcessor::execute queues: 1, RefProcThreadModel::Single, marks_oops_alive: false
[47.023s][debug][gc,phases      ] GC(120) Reference Processing 0.135ms
[47.023s][debug][gc,phases      ] GC(120)   VM Weak                        Min:  0.0, Avg:  0.0, Max:  0.0, Diff:  0.0, Sum:  0.0, Workers: 4
[47.023s][debug][gc,phases      ] GC(120)     Dead                           Min: 0, Avg:  0.0, Max: 0, Diff: 0, Sum: 0, Workers: 4
[47.023s][debug][gc,phases      ] GC(120)     Total                          Min: 0, Avg: 171.0, Max: 494, Diff: 494, Sum: 684, Workers: 4
[47.023s][debug][gc,phases      ] GC(120)   ObjectSynchronizer Weak        Min:  0.0, Avg:  0.0, Max:  0.0, Diff:  0.0, Sum:  0.0, Workers: 4
[47.023s][debug][gc,phases      ] GC(120)     Dead                           Min: 0, Avg:  0.0, Max: 0, Diff: 0, Sum: 0, Workers: 4
[47.023s][debug][gc,phases      ] GC(120)     Total                          Min: 0, Avg: 114.2, Max: 201, Diff: 201, Sum: 457, Workers: 4
[47.023s][debug][gc,phases      ] GC(120)   JVMTI Tag Weak OopStorage      Min:  0.0, Avg:  0.0, Max:  0.0, Diff:  0.0, Sum:  0.0, Workers: 4
[47.023s][debug][gc,phases      ] GC(120)     Dead                           Min: 0, Avg:  0.0, Max: 0, Diff: 0, Sum: 0, Workers: 4
[47.023s][debug][gc,phases      ] GC(120)     Total                          Min: 0, Avg:  0.0, Max: 0, Diff: 0, Sum: 0, Workers: 4
[47.023s][debug][gc,phases      ] GC(120)   StringTable Weak               Min:  0.1, Avg:  0.1, Max:  0.1, Diff:  0.0, Sum:  0.4, Workers: 4
[47.023s][debug][gc,phases      ] GC(120)     Dead                           Min: 0, Avg:  0.5, Max: 2, Diff: 2, Sum: 2, Workers: 4
[47.023s][debug][gc,phases      ] GC(120)     Total                          Min: 10496, Avg: 11768.8, Max: 12608, Diff: 2112, Sum: 47075, Workers: 4
[47.023s][debug][gc,phases      ] GC(120)   ResolvedMethodTable Weak       Min:  0.0, Avg:  0.0, Max:  0.0, Diff:  0.0, Sum:  0.1, Workers: 4
[47.023s][debug][gc,phases      ] GC(120)     Dead                           Min: 0, Avg:  0.0, Max: 0, Diff: 0, Sum: 0, Workers: 4
[47.023s][debug][gc,phases      ] GC(120)     Total                          Min: 1792, Avg: 2115.2, Max: 2368, Diff: 576, Sum: 8461, Workers: 4
[47.023s][debug][gc,phases      ] GC(120)   JNI Weak                       Min:  0.0, Avg:  0.0, Max:  0.0, Diff:  0.0, Sum:  0.0, Workers: 4
[47.023s][debug][gc,phases      ] GC(120)     Dead                           Min: 0, Avg:  0.0, Max: 0, Diff: 0, Sum: 0, Workers: 4
[47.023s][debug][gc,phases      ] GC(120)     Total                          Min: 0, Avg:  3.5, Max: 14, Diff: 14, Sum: 14, Workers: 4
[47.023s][debug][gc,phases      ] GC(120)   StringDedup Table Weak         Min:  0.0, Avg:  0.0, Max:  0.0, Diff:  0.0, Sum:  0.0, Workers: 4
[47.023s][debug][gc,phases      ] GC(120)     Dead                           Min: 0, Avg:  0.0, Max: 0, Diff: 0, Sum: 0, Workers: 4
[47.023s][debug][gc,phases      ] GC(120)     Total                          Min: 0, Avg:  0.0, Max: 0, Diff: 0, Sum: 0, Workers: 4
[47.023s][debug][gc,phases      ] GC(120)   StringDedup Requests0 Weak     Min:  0.0, Avg:  0.0, Max:  0.0, Diff:  0.0, Sum:  0.0, Workers: 4
[47.023s][debug][gc,phases      ] GC(120)     Dead                           Min: 0, Avg:  0.0, Max: 0, Diff: 0, Sum: 0, Workers: 4
[47.023s][debug][gc,phases      ] GC(120)     Total                          Min: 0, Avg:  0.0, Max: 0, Diff: 0, Sum: 0, Workers: 4
[47.023s][debug][gc,phases      ] GC(120)   StringDedup Requests1 Weak     Min:  0.0, Avg:  0.0, Max:  0.0, Diff:  0.0, Sum:  0.0, Workers: 4
[47.023s][debug][gc,phases      ] GC(120)     Dead                           Min: 0, Avg:  0.0, Max: 0, Diff: 0, Sum: 0, Workers: 4
[47.023s][debug][gc,phases      ] GC(120)     Total                          Min: 0, Avg:  0.0, Max: 0, Diff: 0, Sum: 0, Workers: 4
[47.023s][debug][gc,phases      ] GC(120)   Weak JFR Old Object Samples    Min:  0.0, Avg:  0.0, Max:  0.0, Diff:  0.0, Sum:  0.0, Workers: 4
[47.023s][debug][gc,phases      ] GC(120)     Dead                           Min: 0, Avg:  0.0, Max: 0, Diff: 0, Sum: 0, Workers: 4
[47.023s][debug][gc,phases      ] GC(120)     Total                          Min: 0, Avg:  0.0, Max: 0, Diff: 0, Sum: 0, Workers: 4
[47.023s][debug][gc,phases      ] GC(120) Weak Processing 0.328ms
[47.023s][debug][gc,age         ] GC(120) Desired survivor size 236978176 bytes, new threshold 15 (max threshold 15)
[47.023s][info ][gc,heap        ] GC(120) PSYoungGen: 1742342K(1863680K)->102907K(1859584K) Eden: 1626112K(1626112K)->0K(1626112K) From: 116230K(237568K)->102907K(233472K)
[47.023s][info ][gc,heap        ] GC(120) ParOldGen: 505456K(600576K)->520652K(600576K)
[47.023s][info ][gc,metaspace   ] GC(120) Metaspace: 82206K(83072K)->82206K(83072K) NonClass: 70499K(70976K)->70499K(70976K) Class: 11706K(12096K)->11706K(12096K)
[47.023s][info ][gc             ] GC(120) Pause Young (GCLocker Initiated GC) 2195M->608M(2402M) 35.346ms
[47.023s][info ][gc,cpu         ] GC(120) User=0.18s Sys=0.00s Real=0.04s
[47.023s][info ][safepoint      ] Safepoint "ParallelGCSystemGC", Time since last: 1457745 ns, Reaching safepoint: 93502 ns, At safepoint: 35441974 ns, Total: 35535476 ns
[47.399s][info ][gc,start       ] GC(121) Pause Young (Allocation Failure)
[47.427s][debug][gc,phases      ] GC(121) Scavenge 27.171ms
[47.427s][debug][gc,ref         ] GC(121) Skipped phase 1 of Reference Processing: no references
[47.427s][debug][gc,ref         ] GC(121) ReferenceProcessor::execute queues: 1, RefProcThreadModel::Single, marks_oops_alive: false
[47.427s][debug][gc,ref         ] GC(121) Skipped phase 3 of Reference Processing: no references
[47.427s][debug][gc,ref         ] GC(121) ReferenceProcessor::execute queues: 1, RefProcThreadModel::Single, marks_oops_alive: false
[47.427s][debug][gc,phases      ] GC(121) Reference Processing 0.144ms
[47.427s][debug][gc,phases      ] GC(121)   VM Weak                        Min:  0.0, Avg:  0.0, Max:  0.0, Diff:  0.0, Sum:  0.0, Workers: 4
[47.427s][debug][gc,phases      ] GC(121)     Dead                           Min: 0, Avg:  0.0, Max: 0, Diff: 0, Sum: 0, Workers: 4
[47.427s][debug][gc,phases      ] GC(121)     Total                          Min: 0, Avg: 171.0, Max: 494, Diff: 494, Sum: 684, Workers: 4
[47.427s][debug][gc,phases      ] GC(121)   ObjectSynchronizer Weak        Min:  0.0, Avg:  0.0, Max:  0.0, Diff:  0.0, Sum:  0.0, Workers: 4
[47.427s][debug][gc,phases      ] GC(121)     Dead                           Min: 0, Avg:  0.0, Max: 0, Diff: 0, Sum: 0, Workers: 4
[47.427s][debug][gc,phases      ] GC(121)     Total                          Min: 0, Avg: 114.2, Max: 201, Diff: 201, Sum: 457, Workers: 4
[47.427s][debug][gc,phases      ] GC(121)   JVMTI Tag Weak OopStorage      Min:  0.0, Avg:  0.0, Max:  0.0, Diff:  0.0, Sum:  0.0, Workers: 4
[47.427s][debug][gc,phases      ] GC(121)     Dead                           Min: 0, Avg:  0.0, Max: 0, Diff: 0, Sum: 0, Workers: 4
[47.427s][debug][gc,phases      ] GC(121)     Total                          Min: 0, Avg:  0.0, Max: 0, Diff: 0, Sum: 0, Workers: 4
[47.427s][debug][gc,phases      ] GC(121)   StringTable Weak               Min:  0.1, Avg:  0.1, Max:  0.1, Diff:  0.0, Sum:  0.4, Workers: 4
[47.427s][debug][gc,phases      ] GC(121)     Dead                           Min: 0, Avg:  0.0, Max: 0, Diff: 0, Sum: 0, Workers: 4
[47.427s][debug][gc,phases      ] GC(121)     Total                          Min: 10048, Avg: 11770.2, Max: 13056, Diff: 3008, Sum: 47081, Workers: 4
[47.427s][debug][gc,phases      ] GC(121)   ResolvedMethodTable Weak       Min:  0.0, Avg:  0.0, Max:  0.0, Diff:  0.0, Sum:  0.1, Workers: 4
[47.427s][debug][gc,phases      ] GC(121)     Dead                           Min: 0, Avg:  0.0, Max: 0, Diff: 0, Sum: 0, Workers: 4
[47.427s][debug][gc,phases      ] GC(121)     Total                          Min: 1664, Avg: 2115.2, Max: 2496, Diff: 832, Sum: 8461, Workers: 4
[47.427s][debug][gc,phases      ] GC(121)   JNI Weak                       Min:  0.0, Avg:  0.0, Max:  0.0, Diff:  0.0, Sum:  0.0, Workers: 4
[47.427s][debug][gc,phases      ] GC(121)     Dead                           Min: 0, Avg:  0.0, Max: 0, Diff: 0, Sum: 0, Workers: 4
[47.427s][debug][gc,phases      ] GC(121)     Total                          Min: 0, Avg:  2.8, Max: 11, Diff: 11, Sum: 11, Workers: 4
[47.427s][debug][gc,phases      ] GC(121)   StringDedup Table Weak         Min:  0.0, Avg:  0.0, Max:  0.0, Diff:  0.0, Sum:  0.0, Workers: 4
[47.427s][debug][gc,phases      ] GC(121)     Dead                           Min: 0, Avg:  0.0, Max: 0, Diff: 0, Sum: 0, Workers: 4
[47.427s][debug][gc,phases      ] GC(121)     Total                          Min: 0, Avg:  0.0, Max: 0, Diff: 0, Sum: 0, Workers: 4
[47.427s][debug][gc,phases      ] GC(121)   StringDedup Requests0 Weak     Min:  0.0, Avg:  0.0, Max:  0.0, Diff:  0.0, Sum:  0.0, Workers: 4
[47.427s][debug][gc,phases      ] GC(121)     Dead                           Min: 0, Avg:  0.0, Max: 0, Diff: 0, Sum: 0, Workers: 4
[47.427s][debug][gc,phases      ] GC(121)     Total                          Min: 0, Avg:  0.0, Max: 0, Diff: 0, Sum: 0, Workers: 4
[47.427s][debug][gc,phases      ] GC(121)   StringDedup Requests1 Weak     Min:  0.0, Avg:  0.0, Max:  0.0, Diff:  0.0, Sum:  0.0, Workers: 4
[47.427s][debug][gc,phases      ] GC(121)     Dead                           Min: 0, Avg:  0.0, Max: 0, Diff: 0, Sum: 0, Workers: 4
[47.427s][debug][gc,phases      ] GC(121)     Total                          Min: 0, Avg:  0.0, Max: 0, Diff: 0, Sum: 0, Workers: 4
[47.427s][debug][gc,phases      ] GC(121)   Weak JFR Old Object Samples    Min:  0.0, Avg:  0.0, Max:  0.0, Diff:  0.0, Sum:  0.0, Workers: 4
[47.427s][debug][gc,phases      ] GC(121)     Dead                           Min: 0, Avg:  0.0, Max: 0, Diff: 0, Sum: 0, Workers: 4
[47.427s][debug][gc,phases      ] GC(121)     Total                          Min: 0, Avg:  0.0, Max: 0, Diff: 0, Sum: 0, Workers: 4
[47.427s][debug][gc,phases      ] GC(121) Weak Processing 0.346ms
[47.427s][debug][gc,age         ] GC(121) Desired survivor size 235929600 bytes, new threshold 15 (max threshold 15)
[47.427s][info ][gc,heap        ] GC(121) PSYoungGen: 1729019K(1859584K)->90365K(1866752K) Eden: 1626112K(1626112K)->0K(1635328K) From: 102907K(233472K)->90365K(231424K)
[47.427s][info ][gc,heap        ] GC(121) ParOldGen: 520653K(600576K)->534772K(600576K)
[47.427s][info ][gc,metaspace   ] GC(121) Metaspace: 82267K(83136K)->82267K(83136K) NonClass: 70560K(71040K)->70560K(71040K) Class: 11706K(12096K)->11706K(12096K)
[47.427s][info ][gc             ] GC(121) Pause Young (Allocation Failure) 2196M->610M(2409M) 27.813ms
[47.427s][info ][gc,cpu         ] GC(121) User=0.11s Sys=0.00s Real=0.03s
[47.427s][info ][safepoint      ] Safepoint "ParallelGCFailedAllocation", Time since last: 376023686 ns, Reaching safepoint: 241508 ns, At safepoint: 27939146 ns, Total: 28180654 ns
[47.843s][info ][gc,start       ] GC(122) Pause Young (Allocation Failure)
[47.868s][debug][gc,phases      ] GC(122) Scavenge 24.958ms
[47.868s][debug][gc,ref         ] GC(122) Skipped phase 1 of Reference Processing: no references
[47.868s][debug][gc,ref         ] GC(122) ReferenceProcessor::execute queues: 1, RefProcThreadModel::Single, marks_oops_alive: false
[47.869s][debug][gc,ref         ] GC(122) Skipped phase 3 of Reference Processing: no references
[47.869s][debug][gc,ref         ] GC(122) ReferenceProcessor::execute queues: 1, RefProcThreadModel::Single, marks_oops_alive: false
[47.869s][debug][gc,phases      ] GC(122) Reference Processing 0.135ms
[47.869s][debug][gc,phases      ] GC(122)   VM Weak                        Min:  0.0, Avg:  0.0, Max:  0.0, Diff:  0.0, Sum:  0.0, Workers: 4
[47.869s][debug][gc,phases      ] GC(122)     Dead                           Min: 0, Avg:  0.0, Max: 0, Diff: 0, Sum: 0, Workers: 4
[47.869s][debug][gc,phases      ] GC(122)     Total                          Min: 0, Avg: 171.0, Max: 366, Diff: 366, Sum: 684, Workers: 4
[47.869s][debug][gc,phases      ] GC(122)   ObjectSynchronizer Weak        Min:  0.0, Avg:  0.0, Max:  0.0, Diff:  0.0, Sum:  0.0, Workers: 4
[47.869s][debug][gc,phases      ] GC(122)     Dead                           Min: 0, Avg:  0.0, Max: 0, Diff: 0, Sum: 0, Workers: 4
[47.869s][debug][gc,phases      ] GC(122)     Total                          Min: 0, Avg: 114.2, Max: 256, Diff: 256, Sum: 457, Workers: 4
[47.869s][debug][gc,phases      ] GC(122)   JVMTI Tag Weak OopStorage      Min:  0.0, Avg:  0.0, Max:  0.0, Diff:  0.0, Sum:  0.0, Workers: 4
[47.869s][debug][gc,phases      ] GC(122)     Dead                           Min: 0, Avg:  0.0, Max: 0, Diff: 0, Sum: 0, Workers: 4
[47.869s][debug][gc,phases      ] GC(122)     Total                          Min: 0, Avg:  0.0, Max: 0, Diff: 0, Sum: 0, Workers: 4
[47.869s][debug][gc,phases      ] GC(122)   StringTable Weak               Min:  0.1, Avg:  0.1, Max:  0.1, Diff:  0.0, Sum:  0.4, Workers: 4
[47.869s][debug][gc,phases      ] GC(122)     Dead                           Min: 0, Avg:  0.2, Max: 1, Diff: 1, Sum: 1, Workers: 4
[47.869s][debug][gc,phases      ] GC(122)     Total                          Min: 10816, Avg: 11770.8, Max: 13056, Diff: 2240, Sum: 47083, Workers: 4
[47.869s][debug][gc,phases      ] GC(122)   ResolvedMethodTable Weak       Min:  0.0, Avg:  0.0, Max:  0.0, Diff:  0.0, Sum:  0.1, Workers: 4
[47.869s][debug][gc,phases      ] GC(122)     Dead                           Min: 0, Avg:  0.0, Max: 0, Diff: 0, Sum: 0, Workers: 4
[47.869s][debug][gc,phases      ] GC(122)     Total                          Min: 1663, Avg: 2116.2, Max: 2624, Diff: 961, Sum: 8465, Workers: 4
[47.869s][debug][gc,phases      ] GC(122)   JNI Weak                       Min:  0.0, Avg:  0.0, Max:  0.0, Diff:  0.0, Sum:  0.0, Workers: 4
[47.869s][debug][gc,phases      ] GC(122)     Dead                           Min: 0, Avg:  0.0, Max: 0, Diff: 0, Sum: 0, Workers: 4
[47.869s][debug][gc,phases      ] GC(122)     Total                          Min: 0, Avg:  4.8, Max: 19, Diff: 19, Sum: 19, Workers: 4
[47.869s][debug][gc,phases      ] GC(122)   StringDedup Table Weak         Min:  0.0, Avg:  0.0, Max:  0.0, Diff:  0.0, Sum:  0.0, Workers: 4
[47.869s][debug][gc,phases      ] GC(122)     Dead                           Min: 0, Avg:  0.0, Max: 0, Diff: 0, Sum: 0, Workers: 4
[47.869s][debug][gc,phases      ] GC(122)     Total                          Min: 0, Avg:  0.0, Max: 0, Diff: 0, Sum: 0, Workers: 4
[47.869s][debug][gc,phases      ] GC(122)   StringDedup Requests0 Weak     Min:  0.0, Avg:  0.0, Max:  0.0, Diff:  0.0, Sum:  0.0, Workers: 4
[47.869s][debug][gc,phases      ] GC(122)     Dead                           Min: 0, Avg:  0.0, Max: 0, Diff: 0, Sum: 0, Workers: 4
[47.869s][debug][gc,phases      ] GC(122)     Total                          Min: 0, Avg:  0.0, Max: 0, Diff: 0, Sum: 0, Workers: 4
[47.869s][debug][gc,phases      ] GC(122)   StringDedup Requests1 Weak     Min:  0.0, Avg:  0.0, Max:  0.0, Diff:  0.0, Sum:  0.0, Workers: 4
[47.869s][debug][gc,phases      ] GC(122)     Dead                           Min: 0, Avg:  0.0, Max: 0, Diff: 0, Sum: 0, Workers: 4
[47.869s][debug][gc,phases      ] GC(122)     Total                          Min: 0, Avg:  0.0, Max: 0, Diff: 0, Sum: 0, Workers: 4
[47.869s][debug][gc,phases      ] GC(122)   Weak JFR Old Object Samples    Min:  0.0, Avg:  0.0, Max:  0.0, Diff:  0.0, Sum:  0.0, Workers: 4
[47.869s][debug][gc,phases      ] GC(122)     Dead                           Min: 0, Avg:  0.0, Max: 0, Diff: 0, Sum: 0, Workers: 4
[47.869s][debug][gc,phases      ] GC(122)     Total                          Min: 0, Avg:  0.0, Max: 0, Diff: 0, Sum: 0, Workers: 4
[47.869s][debug][gc,phases      ] GC(122) Weak Processing 0.334ms
[47.869s][debug][gc,age         ] GC(122) Desired survivor size 235929600 bytes, new threshold 15 (max threshold 15)
[47.869s][info ][gc,heap        ] GC(122) PSYoungGen: 1725693K(1866752K)->76951K(1865728K) Eden: 1635328K(1635328K)->0K(1635328K) From: 90365K(231424K)->76951K(230400K)
[47.869s][info ][gc,heap        ] GC(122) ParOldGen: 534772K(600576K)->559713K(600576K)
[47.869s][info ][gc,metaspace   ] GC(122) Metaspace: 82312K(83136K)->82312K(83136K) NonClass: 70603K(71040K)->70603K(71040K) Class: 11709K(12096K)->11709K(12096K)
[47.869s][info ][gc             ] GC(122) Pause Young (Allocation Failure) 2207M->621M(2408M) 25.565ms
[47.869s][info ][gc,cpu         ] GC(122) User=0.12s Sys=0.00s Real=0.02s
[47.869s][info ][safepoint      ] Safepoint "ParallelGCFailedAllocation", Time since last: 415940095 ns, Reaching safepoint: 160405 ns, At safepoint: 25674277 ns, Total: 25834682 ns
[48.868s][info ][safepoint      ] Safepoint "ICBufferFull", Time since last: 998436311 ns, Reaching safepoint: 181706 ns, At safepoint: 3900 ns, Total: 185606 ns
[49.368s][info ][safepoint      ] Safepoint "ICBufferFull", Time since last: 499764210 ns, Reaching safepoint: 226007 ns, At safepoint: 9000 ns, Total: 235007 ns
[49.441s][info ][safepoint      ] Safepoint "ICBufferFull", Time since last: 73226614 ns, Reaching safepoint: 179405 ns, At safepoint: 12201 ns, Total: 191606 ns
[49.650s][info ][safepoint      ] Safepoint "ICBufferFull", Time since last: 208915916 ns, Reaching safepoint: 257508 ns, At safepoint: 8500 ns, Total: 266008 ns
[50.076s][info ][safepoint      ] Safepoint "ICBufferFull", Time since last: 425262353 ns, Reaching safepoint: 147804 ns, At safepoint: 11301 ns, Total: 159105 ns
[50.144s][info ][gc,start       ] GC(123) Pause Young (Allocation Failure)
[50.176s][debug][gc,phases      ] GC(123) Scavenge 31.721ms
[50.176s][debug][gc,ref         ] GC(123) Skipped phase 1 of Reference Processing: no references
[50.176s][debug][gc,ref         ] GC(123) ReferenceProcessor::execute queues: 1, RefProcThreadModel::Single, marks_oops_alive: false
[50.176s][debug][gc,ref         ] GC(123) Skipped phase 3 of Reference Processing: no references
[50.176s][debug][gc,ref         ] GC(123) ReferenceProcessor::execute queues: 1, RefProcThreadModel::Single, marks_oops_alive: false
[50.176s][debug][gc,phases      ] GC(123) Reference Processing 0.161ms
[50.176s][debug][gc,phases      ] GC(123)   VM Weak                        Min:  0.0, Avg:  0.0, Max:  0.0, Diff:  0.0, Sum:  0.0, Workers: 4
[50.176s][debug][gc,phases      ] GC(123)     Dead                           Min: 0, Avg:  0.0, Max: 0, Diff: 0, Sum: 0, Workers: 4
[50.176s][debug][gc,phases      ] GC(123)     Total                          Min: 0, Avg: 173.0, Max: 576, Diff: 576, Sum: 692, Workers: 4
[50.176s][debug][gc,phases      ] GC(123)   ObjectSynchronizer Weak        Min:  0.0, Avg:  0.0, Max:  0.0, Diff:  0.0, Sum:  0.0, Workers: 4
[50.176s][debug][gc,phases      ] GC(123)     Dead                           Min: 0, Avg:  0.0, Max: 0, Diff: 0, Sum: 0, Workers: 4
[50.176s][debug][gc,phases      ] GC(123)     Total                          Min: 0, Avg: 114.8, Max: 192, Diff: 192, Sum: 459, Workers: 4
[50.176s][debug][gc,phases      ] GC(123)   JVMTI Tag Weak OopStorage      Min:  0.0, Avg:  0.0, Max:  0.0, Diff:  0.0, Sum:  0.0, Workers: 4
[50.176s][debug][gc,phases      ] GC(123)     Dead                           Min: 0, Avg:  0.0, Max: 0, Diff: 0, Sum: 0, Workers: 4
[50.176s][debug][gc,phases      ] GC(123)     Total                          Min: 0, Avg:  0.0, Max: 0, Diff: 0, Sum: 0, Workers: 4
[50.176s][debug][gc,phases      ] GC(123)   StringTable Weak               Min:  0.1, Avg:  0.1, Max:  0.1, Diff:  0.0, Sum:  0.4, Workers: 4
[50.176s][debug][gc,phases      ] GC(123)     Dead                           Min: 0, Avg:  0.2, Max: 1, Diff: 1, Sum: 1, Workers: 4
[50.176s][debug][gc,phases      ] GC(123)     Total                          Min: 10240, Avg: 11803.2, Max: 14592, Diff: 4352, Sum: 47213, Workers: 4
[50.176s][debug][gc,phases      ] GC(123)   ResolvedMethodTable Weak       Min:  0.0, Avg:  0.0, Max:  0.0, Diff:  0.0, Sum:  0.1, Workers: 4
[50.176s][debug][gc,phases      ] GC(123)     Dead                           Min: 0, Avg:  0.0, Max: 0, Diff: 0, Sum: 0, Workers: 4
[50.176s][debug][gc,phases      ] GC(123)     Total                          Min: 1786, Avg: 2126.5, Max: 2304, Diff: 518, Sum: 8506, Workers: 4
[50.176s][debug][gc,phases      ] GC(123)   JNI Weak                       Min:  0.0, Avg:  0.0, Max:  0.0, Diff:  0.0, Sum:  0.0, Workers: 4
[50.176s][debug][gc,phases      ] GC(123)     Dead                           Min: 0, Avg:  0.0, Max: 0, Diff: 0, Sum: 0, Workers: 4
[50.176s][debug][gc,phases      ] GC(123)     Total                          Min: 0, Avg:  0.0, Max: 0, Diff: 0, Sum: 0, Workers: 4
[50.176s][debug][gc,phases      ] GC(123)   StringDedup Table Weak         Min:  0.0, Avg:  0.0, Max:  0.0, Diff:  0.0, Sum:  0.0, Workers: 4
[50.176s][debug][gc,phases      ] GC(123)     Dead                           Min: 0, Avg:  0.0, Max: 0, Diff: 0, Sum: 0, Workers: 4
[50.176s][debug][gc,phases      ] GC(123)     Total                          Min: 0, Avg:  0.0, Max: 0, Diff: 0, Sum: 0, Workers: 4
[50.176s][debug][gc,phases      ] GC(123)   StringDedup Requests0 Weak     Min:  0.0, Avg:  0.0, Max:  0.0, Diff:  0.0, Sum:  0.0, Workers: 4
[50.176s][debug][gc,phases      ] GC(123)     Dead                           Min: 0, Avg:  0.0, Max: 0, Diff: 0, Sum: 0, Workers: 4
[50.176s][debug][gc,phases      ] GC(123)     Total                          Min: 0, Avg:  0.0, Max: 0, Diff: 0, Sum: 0, Workers: 4
[50.176s][debug][gc,phases      ] GC(123)   StringDedup Requests1 Weak     Min:  0.0, Avg:  0.0, Max:  0.0, Diff:  0.0, Sum:  0.0, Workers: 4
[50.176s][debug][gc,phases      ] GC(123)     Dead                           Min: 0, Avg:  0.0, Max: 0, Diff: 0, Sum: 0, Workers: 4
[50.176s][debug][gc,phases      ] GC(123)     Total                          Min: 0, Avg:  0.0, Max: 0, Diff: 0, Sum: 0, Workers: 4
[50.176s][debug][gc,phases      ] GC(123)   Weak JFR Old Object Samples    Min:  0.0, Avg:  0.0, Max:  0.0, Diff:  0.0, Sum:  0.0, Workers: 4
[50.176s][debug][gc,phases      ] GC(123)     Dead                           Min: 0, Avg:  0.0, Max: 0, Diff: 0, Sum: 0, Workers: 4
[50.176s][debug][gc,phases      ] GC(123)     Total                          Min: 0, Avg:  0.0, Max: 0, Diff: 0, Sum: 0, Workers: 4
[50.176s][debug][gc,phases      ] GC(123) Weak Processing 0.334ms
[50.176s][debug][gc,age         ] GC(123) Desired survivor size 229638144 bytes, new threshold 15 (max threshold 15)
[50.176s][info ][gc,heap        ] GC(123) PSYoungGen: 1712279K(1865728K)->104632K(1872896K) Eden: 1635328K(1635328K)->0K(1642496K) From: 76951K(230400K)->104632K(230400K)
[50.176s][info ][gc,heap        ] GC(123) ParOldGen: 559713K(600576K)->566786K(600576K)
[50.176s][info ][gc,metaspace   ] GC(123) Metaspace: 82589K(83456K)->82589K(83456K) NonClass: 70862K(71360K)->70862K(71360K) Class: 11727K(12096K)->11727K(12096K)
[50.176s][info ][gc             ] GC(123) Pause Young (Allocation Failure) 2218M->655M(2415M) 32.357ms
[50.176s][info ][gc,cpu         ] GC(123) User=0.13s Sys=0.00s Real=0.03s
[50.176s][info ][safepoint      ] Safepoint "ParallelGCFailedAllocation", Time since last: 68152359 ns, Reaching safepoint: 55401 ns, At safepoint: 32442180 ns, Total: 32497581 ns
[50.348s][info ][safepoint      ] Safepoint "ICBufferFull", Time since last: 171275774 ns, Reaching safepoint: 175306 ns, At safepoint: 8600 ns, Total: 183906 ns
[50.563s][info ][safepoint      ] Safepoint "ICBufferFull", Time since last: 215049896 ns, Reaching safepoint: 174306 ns, At safepoint: 3300 ns, Total: 177606 ns
[50.731s][info ][safepoint      ] Safepoint "ICBufferFull", Time since last: 167415657 ns, Reaching safepoint: 250508 ns, At safepoint: 11200 ns, Total: 261708 ns
[50.989s][info ][safepoint      ] Safepoint "ICBufferFull", Time since last: 257847887 ns, Reaching safepoint: 229607 ns, At safepoint: 9001 ns, Total: 238608 ns
[51.418s][info ][safepoint      ] Safepoint "ICBufferFull", Time since last: 429031250 ns, Reaching safepoint: 183006 ns, At safepoint: 17600 ns, Total: 200606 ns
[51.628s][info ][safepoint      ] Safepoint "ICBufferFull", Time since last: 210004339 ns, Reaching safepoint: 160705 ns, At safepoint: 8000 ns, Total: 168705 ns
[51.896s][info ][safepoint      ] Safepoint "ICBufferFull", Time since last: 267934688 ns, Reaching safepoint: 128104 ns, At safepoint: 7900 ns, Total: 136004 ns
[52.358s][info ][safepoint      ] Safepoint "ICBufferFull", Time since last: 461627623 ns, Reaching safepoint: 164805 ns, At safepoint: 7600 ns, Total: 172405 ns
[52.836s][info ][safepoint      ] Safepoint "ICBufferFull", Time since last: 478054019 ns, Reaching safepoint: 159305 ns, At safepoint: 3500 ns, Total: 162805 ns
[53.109s][info ][gc,start       ] GC(124) Pause Young (Allocation Failure)
[53.145s][debug][gc,phases      ] GC(124) Scavenge 36.116ms
[53.145s][debug][gc,ref         ] GC(124) Skipped phase 1 of Reference Processing: no references
[53.145s][debug][gc,ref         ] GC(124) ReferenceProcessor::execute queues: 1, RefProcThreadModel::Single, marks_oops_alive: false
[53.145s][debug][gc,ref         ] GC(124) Skipped phase 3 of Reference Processing: no references
[53.145s][debug][gc,ref         ] GC(124) ReferenceProcessor::execute queues: 1, RefProcThreadModel::Single, marks_oops_alive: false
[53.145s][debug][gc,phases      ] GC(124) Reference Processing 0.159ms
[53.146s][debug][gc,phases      ] GC(124)   VM Weak                        Min:  0.0, Avg:  0.0, Max:  0.0, Diff:  0.0, Sum:  0.0, Workers: 4
[53.146s][debug][gc,phases      ] GC(124)     Dead                           Min: 0, Avg:  0.0, Max: 0, Diff: 0, Sum: 0, Workers: 4
[53.146s][debug][gc,phases      ] GC(124)     Total                          Min: 0, Avg: 174.0, Max: 384, Diff: 384, Sum: 696, Workers: 4
[53.146s][debug][gc,phases      ] GC(124)   ObjectSynchronizer Weak        Min:  0.0, Avg:  0.0, Max:  0.0, Diff:  0.0, Sum:  0.0, Workers: 4
[53.146s][debug][gc,phases      ] GC(124)     Dead                           Min: 0, Avg:  0.0, Max: 0, Diff: 0, Sum: 0, Workers: 4
[53.146s][debug][gc,phases      ] GC(124)     Total                          Min: 0, Avg: 114.8, Max: 256, Diff: 256, Sum: 459, Workers: 4
[53.146s][debug][gc,phases      ] GC(124)   JVMTI Tag Weak OopStorage      Min:  0.0, Avg:  0.0, Max:  0.0, Diff:  0.0, Sum:  0.0, Workers: 4
[53.146s][debug][gc,phases      ] GC(124)     Dead                           Min: 0, Avg:  0.0, Max: 0, Diff: 0, Sum: 0, Workers: 4
[53.146s][debug][gc,phases      ] GC(124)     Total                          Min: 0, Avg:  0.0, Max: 0, Diff: 0, Sum: 0, Workers: 4
[53.146s][debug][gc,phases      ] GC(124)   StringTable Weak               Min:  0.1, Avg:  0.1, Max:  0.1, Diff:  0.0, Sum:  0.4, Workers: 4
[53.146s][debug][gc,phases      ] GC(124)     Dead                           Min: 0, Avg:  0.5, Max: 2, Diff: 2, Sum: 2, Workers: 4
[53.146s][debug][gc,phases      ] GC(124)     Total                          Min: 10944, Avg: 11884.5, Max: 12800, Diff: 1856, Sum: 47538, Workers: 4
[53.146s][debug][gc,phases      ] GC(124)   ResolvedMethodTable Weak       Min:  0.0, Avg:  0.0, Max:  0.0, Diff:  0.0, Sum:  0.1, Workers: 4
[53.146s][debug][gc,phases      ] GC(124)     Dead                           Min: 0, Avg:  0.0, Max: 0, Diff: 0, Sum: 0, Workers: 4
[53.146s][debug][gc,phases      ] GC(124)     Total                          Min: 1856, Avg: 2140.2, Max: 2368, Diff: 512, Sum: 8561, Workers: 4
[53.146s][debug][gc,phases      ] GC(124)   JNI Weak                       Min:  0.0, Avg:  0.0, Max:  0.0, Diff:  0.0, Sum:  0.0, Workers: 4
[53.146s][debug][gc,phases      ] GC(124)     Dead                           Min: 0, Avg:  0.0, Max: 0, Diff: 0, Sum: 0, Workers: 4
[53.146s][debug][gc,phases      ] GC(124)     Total                          Min: 0, Avg:  1.5, Max: 6, Diff: 6, Sum: 6, Workers: 4
[53.146s][debug][gc,phases      ] GC(124)   StringDedup Table Weak         Min:  0.0, Avg:  0.0, Max:  0.0, Diff:  0.0, Sum:  0.0, Workers: 4
[53.146s][debug][gc,phases      ] GC(124)     Dead                           Min: 0, Avg:  0.0, Max: 0, Diff: 0, Sum: 0, Workers: 4
[53.146s][debug][gc,phases      ] GC(124)     Total                          Min: 0, Avg:  0.0, Max: 0, Diff: 0, Sum: 0, Workers: 4
[53.146s][debug][gc,phases      ] GC(124)   StringDedup Requests0 Weak     Min:  0.0, Avg:  0.0, Max:  0.0, Diff:  0.0, Sum:  0.0, Workers: 4
[53.146s][debug][gc,phases      ] GC(124)     Dead                           Min: 0, Avg:  0.0, Max: 0, Diff: 0, Sum: 0, Workers: 4
[53.146s][debug][gc,phases      ] GC(124)     Total                          Min: 0, Avg:  0.0, Max: 0, Diff: 0, Sum: 0, Workers: 4
[53.146s][debug][gc,phases      ] GC(124)   StringDedup Requests1 Weak     Min:  0.0, Avg:  0.0, Max:  0.0, Diff:  0.0, Sum:  0.0, Workers: 4
[53.146s][debug][gc,phases      ] GC(124)     Dead                           Min: 0, Avg:  0.0, Max: 0, Diff: 0, Sum: 0, Workers: 4
[53.146s][debug][gc,phases      ] GC(124)     Total                          Min: 0, Avg:  0.0, Max: 0, Diff: 0, Sum: 0, Workers: 4
[53.146s][debug][gc,phases      ] GC(124)   Weak JFR Old Object Samples    Min:  0.0, Avg:  0.0, Max:  0.0, Diff:  0.0, Sum:  0.0, Workers: 4
[53.146s][debug][gc,phases      ] GC(124)     Dead                           Min: 0, Avg:  0.0, Max: 0, Diff: 0, Sum: 0, Workers: 4
[53.146s][debug][gc,phases      ] GC(124)     Total                          Min: 0, Avg:  0.0, Max: 0, Diff: 0, Sum: 0, Workers: 4
[53.146s][debug][gc,phases      ] GC(124) Weak Processing 0.342ms
[53.146s][debug][gc,age         ] GC(124) Desired survivor size 219676672 bytes, new threshold 15 (max threshold 15)
[53.146s][info ][gc,heap        ] GC(124) PSYoungGen: 1747128K(1872896K)->126413K(1866752K) Eden: 1642496K(1642496K)->0K(1642496K) From: 104632K(230400K)->126413K(224256K)
[53.146s][info ][gc,heap        ] GC(124) ParOldGen: 566786K(600576K)->593274K(600576K)
[53.146s][info ][gc,metaspace   ] GC(124) Metaspace: 83019K(83840K)->83019K(83840K) NonClass: 71256K(71744K)->71256K(71744K) Class: 11762K(12096K)->11762K(12096K)
[53.146s][info ][gc             ] GC(124) Pause Young (Allocation Failure) 2259M->702M(2409M) 36.757ms
[53.146s][info ][gc,cpu         ] GC(124) User=0.15s Sys=0.00s Real=0.04s
[53.146s][debug][gc,phases      ] GC(125) Pre Compact 0.010ms
[53.146s][info ][gc,start       ] GC(125) Pause Full (Ergonomics)
[53.146s][info ][gc,phases,start] GC(125) Marking Phase
[53.306s][debug][gc,phases      ] GC(125) Par Mark 160.350ms
[53.306s][debug][gc,ref         ] GC(125) Skipped phase 1 of Reference Processing: no references
[53.307s][debug][gc,ref         ] GC(125) ReferenceProcessor::execute queues: 4, RefProcThreadModel::Multi, marks_oops_alive: false
[53.307s][debug][gc,ref         ] GC(125) ReferenceProcessor::execute queues: 4, RefProcThreadModel::Multi, marks_oops_alive: true
[53.307s][debug][gc,ref         ] GC(125) ReferenceProcessor::execute queues: 1, RefProcThreadModel::Single, marks_oops_alive: false
[53.307s][debug][gc,phases      ] GC(125) Reference Processing 0.592ms
[53.307s][debug][gc,phases      ] GC(125)   VM Weak                        Min:  0.0, Avg:  0.0, Max:  0.0, Diff:  0.0, Sum:  0.0, Workers: 4
[53.307s][debug][gc,phases      ] GC(125)     Dead                           Min: 0, Avg:  0.0, Max: 0, Diff: 0, Sum: 0, Workers: 4
[53.307s][debug][gc,phases      ] GC(125)     Total                          Min: 0, Avg: 174.0, Max: 384, Diff: 384, Sum: 696, Workers: 4
[53.307s][debug][gc,phases      ] GC(125)   ObjectSynchronizer Weak        Min:  0.0, Avg:  0.0, Max:  0.0, Diff:  0.0, Sum:  0.0, Workers: 4
[53.307s][debug][gc,phases      ] GC(125)     Dead                           Min: 0, Avg:  0.0, Max: 0, Diff: 0, Sum: 0, Workers: 4
[53.307s][debug][gc,phases      ] GC(125)     Total                          Min: 11, Avg: 114.8, Max: 256, Diff: 245, Sum: 459, Workers: 4
[53.307s][debug][gc,phases      ] GC(125)   JVMTI Tag Weak OopStorage      Min:  0.0, Avg:  0.0, Max:  0.0, Diff:  0.0, Sum:  0.0, Workers: 4
[53.307s][debug][gc,phases      ] GC(125)     Dead                           Min: 0, Avg:  0.0, Max: 0, Diff: 0, Sum: 0, Workers: 4
[53.307s][debug][gc,phases      ] GC(125)     Total                          Min: 0, Avg:  0.0, Max: 0, Diff: 0, Sum: 0, Workers: 4
[53.307s][debug][gc,phases      ] GC(125)   StringTable Weak               Min:  0.1, Avg:  0.1, Max:  0.1, Diff:  0.0, Sum:  0.6, Workers: 4
[53.307s][debug][gc,phases      ] GC(125)     Dead                           Min: 0, Avg:  0.0, Max: 0, Diff: 0, Sum: 0, Workers: 4
[53.307s][debug][gc,phases      ] GC(125)     Total                          Min: 11648, Avg: 11884.5, Max: 12224, Diff: 576, Sum: 47538, Workers: 4
[53.307s][debug][gc,phases      ] GC(125)   ResolvedMethodTable Weak       Min:  0.0, Avg:  0.0, Max:  0.0, Diff:  0.0, Sum:  0.1, Workers: 4
[53.307s][debug][gc,phases      ] GC(125)     Dead                           Min: 0, Avg:  0.0, Max: 0, Diff: 0, Sum: 0, Workers: 4
[53.307s][debug][gc,phases      ] GC(125)     Total                          Min: 1777, Avg: 2140.2, Max: 2368, Diff: 591, Sum: 8561, Workers: 4
[53.307s][debug][gc,phases      ] GC(125)   JNI Weak                       Min:  0.0, Avg:  0.0, Max:  0.0, Diff:  0.0, Sum:  0.0, Workers: 4
[53.307s][debug][gc,phases      ] GC(125)     Dead                           Min: 0, Avg:  0.0, Max: 0, Diff: 0, Sum: 0, Workers: 4
[53.307s][debug][gc,phases      ] GC(125)     Total                          Min: 0, Avg:  1.5, Max: 6, Diff: 6, Sum: 6, Workers: 4
[53.307s][debug][gc,phases      ] GC(125)   StringDedup Table Weak         Min:  0.0, Avg:  0.0, Max:  0.0, Diff:  0.0, Sum:  0.0, Workers: 4
[53.307s][debug][gc,phases      ] GC(125)     Dead                           Min: 0, Avg:  0.0, Max: 0, Diff: 0, Sum: 0, Workers: 4
[53.307s][debug][gc,phases      ] GC(125)     Total                          Min: 0, Avg:  0.0, Max: 0, Diff: 0, Sum: 0, Workers: 4
[53.307s][debug][gc,phases      ] GC(125)   StringDedup Requests0 Weak     Min:  0.0, Avg:  0.0, Max:  0.0, Diff:  0.0, Sum:  0.0, Workers: 4
[53.307s][debug][gc,phases      ] GC(125)     Dead                           Min: 0, Avg:  0.0, Max: 0, Diff: 0, Sum: 0, Workers: 4
[53.307s][debug][gc,phases      ] GC(125)     Total                          Min: 0, Avg:  0.0, Max: 0, Diff: 0, Sum: 0, Workers: 4
[53.307s][debug][gc,phases      ] GC(125)   StringDedup Requests1 Weak     Min:  0.0, Avg:  0.0, Max:  0.0, Diff:  0.0, Sum:  0.0, Workers: 4
[53.307s][debug][gc,phases      ] GC(125)     Dead                           Min: 0, Avg:  0.0, Max: 0, Diff: 0, Sum: 0, Workers: 4
[53.307s][debug][gc,phases      ] GC(125)     Total                          Min: 0, Avg:  0.0, Max: 0, Diff: 0, Sum: 0, Workers: 4
[53.307s][debug][gc,phases      ] GC(125)   Weak JFR Old Object Samples    Min:  0.0, Avg:  0.0, Max:  0.0, Diff:  0.0, Sum:  0.0, Workers: 4
[53.307s][debug][gc,phases      ] GC(125)     Dead                           Min: 0, Avg:  0.0, Max: 0, Diff: 0, Sum: 0, Workers: 4
[53.307s][debug][gc,phases      ] GC(125)     Total                          Min: 0, Avg:  0.0, Max: 0, Diff: 0, Sum: 0, Workers: 4
[53.307s][debug][gc,phases      ] GC(125) Weak Processing 0.368ms
[53.307s][debug][gc,phases      ] GC(125) ClassLoaderData 0.092ms
[53.307s][debug][gc,phases      ] GC(125) Trigger cleanups 0.000ms
[53.323s][debug][gc,phases      ] GC(125) Class Unloading 15.723ms
[53.323s][info ][gc,phases      ] GC(125) Marking Phase 177.240ms
[53.323s][info ][gc,phases,start] GC(125) Summary Phase
[53.323s][info ][gc,phases      ] GC(125) Summary Phase 0.022ms
[53.323s][info ][gc,phases,start] GC(125) Adjust Roots
[53.335s][info ][gc,phases      ] GC(125) Adjust Roots 11.593ms
[53.335s][info ][gc,phases,start] GC(125) Compaction Phase
[53.472s][info ][gc,phases      ] GC(125) Compaction Phase 137.041ms
[53.472s][info ][gc,phases,start] GC(125) Post Compact
[53.474s][info ][gc,phases      ] GC(125) Post Compact 2.148ms
[53.474s][info ][gc,heap        ] GC(125) PSYoungGen: 126413K(1866752K)->0K(1882624K) Eden: 0K(1642496K)->0K(1668096K) From: 126413K(224256K)->0K(214528K)
[53.474s][info ][gc,heap        ] GC(125) ParOldGen: 593274K(600576K)->593462K(734720K)
[53.474s][info ][gc,metaspace   ] GC(125) Metaspace: 83019K(83840K)->83019K(83840K) NonClass: 71256K(71744K)->71256K(71744K) Class: 11762K(12096K)->11762K(12096K)
[53.474s][info ][gc             ] GC(125) Pause Full (Ergonomics) 702M->579M(2556M) 328.418ms
[53.474s][info ][gc,cpu         ] GC(125) User=1.22s Sys=0.00s Real=0.33s
[53.474s][info ][safepoint      ] Safepoint "ParallelGCFailedAllocation", Time since last: 272524015 ns, Reaching safepoint: 197905 ns, At safepoint: 365341911 ns, Total: 365539816 ns
[54.145s][info ][safepoint      ] Safepoint "ICBufferFull", Time since last: 670952515 ns, Reaching safepoint: 160904 ns, At safepoint: 5601 ns, Total: 166505 ns
[54.562s][info ][safepoint      ] Safepoint "ICBufferFull", Time since last: 416191233 ns, Reaching safepoint: 223906 ns, At safepoint: 13801 ns, Total: 237707 ns
[54.803s][info ][safepoint      ] Safepoint "ICBufferFull", Time since last: 240415139 ns, Reaching safepoint: 260508 ns, At safepoint: 14101 ns, Total: 274609 ns
[54.973s][info ][safepoint      ] Safepoint "ICBufferFull", Time since last: 169956716 ns, Reaching safepoint: 164605 ns, At safepoint: 10700 ns, Total: 175305 ns
[55.455s][info ][safepoint      ] Safepoint "ICBufferFull", Time since last: 482035504 ns, Reaching safepoint: 158505 ns, At safepoint: 6700 ns, Total: 165205 ns
[56.123s][info ][safepoint      ] Safepoint "ICBufferFull", Time since last: 668146299 ns, Reaching safepoint: 226507 ns, At safepoint: 13300 ns, Total: 239807 ns
[56.703s][info ][safepoint      ] Safepoint "ICBufferFull", Time since last: 579111712 ns, Reaching safepoint: 175905 ns, At safepoint: 6900 ns, Total: 182805 ns
[57.117s][info ][gc,start       ] GC(126) Pause Young (Allocation Failure)
[57.129s][debug][gc,phases      ] GC(126) Scavenge 11.882ms
[57.129s][debug][gc,ref         ] GC(126) Skipped phase 1 of Reference Processing: no references
[57.129s][debug][gc,ref         ] GC(126) ReferenceProcessor::execute queues: 1, RefProcThreadModel::Single, marks_oops_alive: false
[57.129s][debug][gc,ref         ] GC(126) Skipped phase 3 of Reference Processing: no references
[57.129s][debug][gc,ref         ] GC(126) ReferenceProcessor::execute queues: 1, RefProcThreadModel::Single, marks_oops_alive: false
[57.129s][debug][gc,phases      ] GC(126) Reference Processing 0.117ms
[57.130s][debug][gc,phases      ] GC(126)   VM Weak                        Min:  0.0, Avg:  0.0, Max:  0.0, Diff:  0.0, Sum:  0.0, Workers: 4
[57.130s][debug][gc,phases      ] GC(126)     Dead                           Min: 0, Avg:  0.0, Max: 0, Diff: 0, Sum: 0, Workers: 4
[57.130s][debug][gc,phases      ] GC(126)     Total                          Min: 0, Avg: 175.2, Max: 701, Diff: 701, Sum: 701, Workers: 4
[57.130s][debug][gc,phases      ] GC(126)   ObjectSynchronizer Weak        Min:  0.0, Avg:  0.0, Max:  0.0, Diff:  0.0, Sum:  0.0, Workers: 4
[57.130s][debug][gc,phases      ] GC(126)     Dead                           Min: 0, Avg:  0.0, Max: 0, Diff: 0, Sum: 0, Workers: 4
[57.130s][debug][gc,phases      ] GC(126)     Total                          Min: 0, Avg: 115.0, Max: 460, Diff: 460, Sum: 460, Workers: 4
[57.130s][debug][gc,phases      ] GC(126)   JVMTI Tag Weak OopStorage      Min:  0.0, Avg:  0.0, Max:  0.0, Diff:  0.0, Sum:  0.0, Workers: 4
[57.130s][debug][gc,phases      ] GC(126)     Dead                           Min: 0, Avg:  0.0, Max: 0, Diff: 0, Sum: 0, Workers: 4
[57.130s][debug][gc,phases      ] GC(126)     Total                          Min: 0, Avg:  0.0, Max: 0, Diff: 0, Sum: 0, Workers: 4
[57.130s][debug][gc,phases      ] GC(126)   StringTable Weak               Min:  0.1, Avg:  0.1, Max:  0.1, Diff:  0.0, Sum:  0.4, Workers: 4
[57.130s][debug][gc,phases      ] GC(126)     Dead                           Min: 0, Avg:  0.5, Max: 1, Diff: 1, Sum: 2, Workers: 4
[57.130s][debug][gc,phases      ] GC(126)     Total                          Min: 10688, Avg: 11926.0, Max: 13912, Diff: 3224, Sum: 47704, Workers: 4
[57.130s][debug][gc,phases      ] GC(126)   ResolvedMethodTable Weak       Min:  0.0, Avg:  0.0, Max:  0.0, Diff:  0.0, Sum:  0.1, Workers: 4
[57.130s][debug][gc,phases      ] GC(126)     Dead                           Min: 0, Avg:  0.0, Max: 0, Diff: 0, Sum: 0, Workers: 4
[57.130s][debug][gc,phases      ] GC(126)     Total                          Min: 2048, Avg: 2151.0, Max: 2240, Diff: 192, Sum: 8604, Workers: 4
[57.130s][debug][gc,phases      ] GC(126)   JNI Weak                       Min:  0.0, Avg:  0.0, Max:  0.0, Diff:  0.0, Sum:  0.0, Workers: 4
[57.130s][debug][gc,phases      ] GC(126)     Dead                           Min: 0, Avg:  0.0, Max: 0, Diff: 0, Sum: 0, Workers: 4
[57.130s][debug][gc,phases      ] GC(126)     Total                          Min: 0, Avg:  1.2, Max: 5, Diff: 5, Sum: 5, Workers: 4
[57.130s][debug][gc,phases      ] GC(126)   StringDedup Table Weak         Min:  0.0, Avg:  0.0, Max:  0.0, Diff:  0.0, Sum:  0.0, Workers: 4
[57.130s][debug][gc,phases      ] GC(126)     Dead                           Min: 0, Avg:  0.0, Max: 0, Diff: 0, Sum: 0, Workers: 4
[57.130s][debug][gc,phases      ] GC(126)     Total                          Min: 0, Avg:  0.0, Max: 0, Diff: 0, Sum: 0, Workers: 4
[57.130s][debug][gc,phases      ] GC(126)   StringDedup Requests0 Weak     Min:  0.0, Avg:  0.0, Max:  0.0, Diff:  0.0, Sum:  0.0, Workers: 4
[57.130s][debug][gc,phases      ] GC(126)     Dead                           Min: 0, Avg:  0.0, Max: 0, Diff: 0, Sum: 0, Workers: 4
[57.130s][debug][gc,phases      ] GC(126)     Total                          Min: 0, Avg:  0.0, Max: 0, Diff: 0, Sum: 0, Workers: 4
[57.130s][debug][gc,phases      ] GC(126)   StringDedup Requests1 Weak     Min:  0.0, Avg:  0.0, Max:  0.0, Diff:  0.0, Sum:  0.0, Workers: 4
[57.130s][debug][gc,phases      ] GC(126)     Dead                           Min: 0, Avg:  0.0, Max: 0, Diff: 0, Sum: 0, Workers: 4
[57.130s][debug][gc,phases      ] GC(126)     Total                          Min: 0, Avg:  0.0, Max: 0, Diff: 0, Sum: 0, Workers: 4
[57.130s][debug][gc,phases      ] GC(126)   Weak JFR Old Object Samples    Min:  0.0, Avg:  0.0, Max:  0.0, Diff:  0.0, Sum:  0.0, Workers: 4
[57.130s][debug][gc,phases      ] GC(126)     Dead                           Min: 0, Avg:  0.0, Max: 0, Diff: 0, Sum: 0, Workers: 4
[57.130s][debug][gc,phases      ] GC(126)     Total                          Min: 0, Avg:  0.0, Max: 0, Diff: 0, Sum: 0, Workers: 4
[57.130s][debug][gc,phases      ] GC(126) Weak Processing 0.325ms
[57.130s][debug][gc,age         ] GC(126) Desired survivor size 229113856 bytes, new threshold 15 (max threshold 15)
[57.130s][info ][gc,heap        ] GC(126) PSYoungGen: 1668096K(1882624K)->21472K(1689600K) Eden: 1668096K(1668096K)->0K(1668096K) From: 0K(214528K)->21472K(21504K)
[57.130s][info ][gc,heap        ] GC(126) ParOldGen: 593462K(734720K)->593470K(734720K)
[57.130s][info ][gc,metaspace   ] GC(126) Metaspace: 83579K(84480K)->83579K(84480K) NonClass: 71785K(72256K)->71785K(72256K) Class: 11794K(12224K)->11794K(12224K)
[57.130s][info ][gc             ] GC(126) Pause Young (Allocation Failure) 2208M->600M(2367M) 12.449ms
[57.130s][info ][gc,cpu         ] GC(126) User=0.06s Sys=0.00s Real=0.01s
[57.130s][info ][safepoint      ] Safepoint "ParallelGCFailedAllocation", Time since last: 414533058 ns, Reaching safepoint: 220207 ns, At safepoint: 12538876 ns, Total: 12759083 ns
[57.675s][info ][safepoint      ] Safepoint "ICBufferFull", Time since last: 545469487 ns, Reaching safepoint: 147405 ns, At safepoint: 14600 ns, Total: 162005 ns
[58.458s][info ][safepoint      ] Safepoint "ICBufferFull", Time since last: 781946978 ns, Reaching safepoint: 160705 ns, At safepoint: 6600 ns, Total: 167305 ns
[58.921s][info ][safepoint      ] Safepoint "ICBufferFull", Time since last: 463651917 ns, Reaching safepoint: 179606 ns, At safepoint: 3000 ns, Total: 182606 ns
[59.860s][info ][safepoint      ] Safepoint "ICBufferFull", Time since last: 937925932 ns, Reaching safepoint: 180106 ns, At safepoint: 9000 ns, Total: 189106 ns
[60.860s][info ][safepoint      ] Safepoint "Cleanup", Time since last: 1000101875 ns, Reaching safepoint: 186805 ns, At safepoint: 12601 ns, Total: 199406 ns
[61.503s][info ][safepoint      ] Safepoint "ICBufferFull", Time since last: 643105660 ns, Reaching safepoint: 184105 ns, At safepoint: 5600 ns, Total: 189705 ns
[62.504s][info ][safepoint      ] Safepoint "Cleanup", Time since last: 1000129137 ns, Reaching safepoint: 242007 ns, At safepoint: 16301 ns, Total: 258308 ns
[64.113s][info ][safepoint      ] Safepoint "ICBufferFull", Time since last: 1608843009 ns, Reaching safepoint: 150804 ns, At safepoint: 6100 ns, Total: 156904 ns
[65.113s][info ][safepoint      ] Safepoint "Cleanup", Time since last: 1000106575 ns, Reaching safepoint: 161605 ns, At safepoint: 13501 ns, Total: 175106 ns
[66.113s][info ][safepoint      ] Safepoint "Cleanup", Time since last: 1000103251 ns, Reaching safepoint: 156305 ns, At safepoint: 11900 ns, Total: 168205 ns
[67.113s][info ][safepoint      ] Safepoint "Cleanup", Time since last: 1000126229 ns, Reaching safepoint: 161404 ns, At safepoint: 12901 ns, Total: 174305 ns
[68.114s][info ][safepoint      ] Safepoint "Cleanup", Time since last: 1000117305 ns, Reaching safepoint: 153504 ns, At safepoint: 17201 ns, Total: 170705 ns
[69.114s][info ][safepoint      ] Safepoint "Cleanup", Time since last: 1000097181 ns, Reaching safepoint: 137904 ns, At safepoint: 9300 ns, Total: 147204 ns
[69.710s][info ][gc,start       ] GC(127) Pause Young (Allocation Failure)
[69.718s][debug][gc,phases      ] GC(127) Scavenge 7.754ms
[69.718s][debug][gc,ref         ] GC(127) Skipped phase 1 of Reference Processing: no references
[69.718s][debug][gc,ref         ] GC(127) ReferenceProcessor::execute queues: 1, RefProcThreadModel::Single, marks_oops_alive: false
[69.718s][debug][gc,ref         ] GC(127) Skipped phase 3 of Reference Processing: no references
[69.718s][debug][gc,ref         ] GC(127) ReferenceProcessor::execute queues: 1, RefProcThreadModel::Single, marks_oops_alive: false
[69.718s][debug][gc,phases      ] GC(127) Reference Processing 0.113ms
[69.718s][debug][gc,phases      ] GC(127)   VM Weak                        Min:  0.0, Avg:  0.0, Max:  0.0, Diff:  0.0, Sum:  0.0, Workers: 4
[69.718s][debug][gc,phases      ] GC(127)     Dead                           Min: 0, Avg:  0.0, Max: 0, Diff: 0, Sum: 0, Workers: 4
[69.718s][debug][gc,phases      ] GC(127)     Total                          Min: 0, Avg: 179.8, Max: 704, Diff: 704, Sum: 719, Workers: 4
[69.718s][debug][gc,phases      ] GC(127)   ObjectSynchronizer Weak        Min:  0.0, Avg:  0.0, Max:  0.0, Diff:  0.0, Sum:  0.0, Workers: 4
[69.718s][debug][gc,phases      ] GC(127)     Dead                           Min: 0, Avg:  0.0, Max: 0, Diff: 0, Sum: 0, Workers: 4
[69.718s][debug][gc,phases      ] GC(127)     Total                          Min: 0, Avg: 115.0, Max: 268, Diff: 268, Sum: 460, Workers: 4
[69.718s][debug][gc,phases      ] GC(127)   JVMTI Tag Weak OopStorage      Min:  0.0, Avg:  0.0, Max:  0.0, Diff:  0.0, Sum:  0.0, Workers: 4
[69.718s][debug][gc,phases      ] GC(127)     Dead                           Min: 0, Avg:  0.0, Max: 0, Diff: 0, Sum: 0, Workers: 4
[69.718s][debug][gc,phases      ] GC(127)     Total                          Min: 0, Avg:  0.0, Max: 0, Diff: 0, Sum: 0, Workers: 4
[69.718s][debug][gc,phases      ] GC(127)   StringTable Weak               Min:  0.1, Avg:  0.1, Max:  0.1, Diff:  0.0, Sum:  0.4, Workers: 4
[69.718s][debug][gc,phases      ] GC(127)     Dead                           Min: 0, Avg:  0.0, Max: 0, Diff: 0, Sum: 0, Workers: 4
[69.718s][debug][gc,phases      ] GC(127)     Total                          Min: 11072, Avg: 11960.5, Max: 13410, Diff: 2338, Sum: 47842, Workers: 4
[69.718s][debug][gc,phases      ] GC(127)   ResolvedMethodTable Weak       Min:  0.0, Avg:  0.0, Max:  0.0, Diff:  0.0, Sum:  0.1, Workers: 4
[69.718s][debug][gc,phases      ] GC(127)     Dead                           Min: 0, Avg:  0.0, Max: 0, Diff: 0, Sum: 0, Workers: 4
[69.718s][debug][gc,phases      ] GC(127)     Total                          Min: 2048, Avg: 2161.0, Max: 2308, Diff: 260, Sum: 8644, Workers: 4
[69.718s][debug][gc,phases      ] GC(127)   JNI Weak                       Min:  0.0, Avg:  0.0, Max:  0.0, Diff:  0.0, Sum:  0.0, Workers: 4
[69.718s][debug][gc,phases      ] GC(127)     Dead                           Min: 0, Avg:  0.0, Max: 0, Diff: 0, Sum: 0, Workers: 4
[69.718s][debug][gc,phases      ] GC(127)     Total                          Min: 0, Avg:  0.0, Max: 0, Diff: 0, Sum: 0, Workers: 4
[69.718s][debug][gc,phases      ] GC(127)   StringDedup Table Weak         Min:  0.0, Avg:  0.0, Max:  0.0, Diff:  0.0, Sum:  0.0, Workers: 4
[69.718s][debug][gc,phases      ] GC(127)     Dead                           Min: 0, Avg:  0.0, Max: 0, Diff: 0, Sum: 0, Workers: 4
[69.718s][debug][gc,phases      ] GC(127)     Total                          Min: 0, Avg:  0.0, Max: 0, Diff: 0, Sum: 0, Workers: 4
[69.718s][debug][gc,phases      ] GC(127)   StringDedup Requests0 Weak     Min:  0.0, Avg:  0.0, Max:  0.0, Diff:  0.0, Sum:  0.0, Workers: 4
[69.718s][debug][gc,phases      ] GC(127)     Dead                           Min: 0, Avg:  0.0, Max: 0, Diff: 0, Sum: 0, Workers: 4
[69.718s][debug][gc,phases      ] GC(127)     Total                          Min: 0, Avg:  0.0, Max: 0, Diff: 0, Sum: 0, Workers: 4
[69.718s][debug][gc,phases      ] GC(127)   StringDedup Requests1 Weak     Min:  0.0, Avg:  0.0, Max:  0.0, Diff:  0.0, Sum:  0.0, Workers: 4
[69.718s][debug][gc,phases      ] GC(127)     Dead                           Min: 0, Avg:  0.0, Max: 0, Diff: 0, Sum: 0, Workers: 4
[69.718s][debug][gc,phases      ] GC(127)     Total                          Min: 0, Avg:  0.0, Max: 0, Diff: 0, Sum: 0, Workers: 4
[69.718s][debug][gc,phases      ] GC(127)   Weak JFR Old Object Samples    Min:  0.0, Avg:  0.0, Max:  0.0, Diff:  0.0, Sum:  0.0, Workers: 4
[69.718s][debug][gc,phases      ] GC(127)     Dead                           Min: 0, Avg:  0.0, Max: 0, Diff: 0, Sum: 0, Workers: 4
[69.718s][debug][gc,phases      ] GC(127)     Total                          Min: 0, Avg:  0.0, Max: 0, Diff: 0, Sum: 0, Workers: 4
[69.718s][debug][gc,phases      ] GC(127) Weak Processing 0.339ms
[69.718s][debug][gc,age         ] GC(127) Desired survivor size 234356736 bytes, new threshold 15 (max threshold 15)
[69.718s][info ][gc,heap        ] GC(127) PSYoungGen: 1689568K(1689600K)->20576K(1863168K) Eden: 1668096K(1668096K)->0K(1639424K) From: 21472K(21504K)->20576K(223744K)
[69.718s][info ][gc,heap        ] GC(127) ParOldGen: 593470K(734720K)->593478K(734720K)
[69.718s][info ][gc,metaspace   ] GC(127) Metaspace: 83861K(84800K)->83861K(84800K) NonClass: 72050K(72576K)->72050K(72576K) Class: 11811K(12224K)->11811K(12224K)
[69.718s][info ][gc             ] GC(127) Pause Young (Allocation Failure) 2229M->599M(2537M) 8.340ms
[69.719s][info ][gc,cpu         ] GC(127) User=0.03s Sys=0.01s Real=0.01s
[69.719s][info ][safepoint      ] Safepoint "ParallelGCFailedAllocation", Time since last: 596164142 ns, Reaching safepoint: 59402 ns, At safepoint: 8422951 ns, Total: 8482353 ns
[70.719s][info ][safepoint      ] Safepoint "Cleanup", Time since last: 1000080443 ns, Reaching safepoint: 64702 ns, At safepoint: 6500 ns, Total: 71202 ns
[71.768s][info ][safepoint      ] Safepoint "Cleanup", Time since last: 1049379086 ns, Reaching safepoint: 146204 ns, At safepoint: 10400 ns, Total: 156604 ns
[73.403s][info ][safepoint      ] Safepoint "Cleanup", Time since last: 1635006236 ns, Reaching safepoint: 208606 ns, At safepoint: 17001 ns, Total: 225607 ns
[74.404s][info ][safepoint      ] Safepoint "Cleanup", Time since last: 1000114259 ns, Reaching safepoint: 244307 ns, At safepoint: 14101 ns, Total: 258408 ns
[75.404s][info ][safepoint      ] Safepoint "Cleanup", Time since last: 1000110936 ns, Reaching safepoint: 192106 ns, At safepoint: 9600 ns, Total: 201706 ns
[76.164s][info ][safepoint      ] Safepoint "ICBufferFull", Time since last: 759517892 ns, Reaching safepoint: 148305 ns, At safepoint: 6700 ns, Total: 155005 ns
[77.164s][info ][safepoint      ] Safepoint "Cleanup", Time since last: 1000105696 ns, Reaching safepoint: 143704 ns, At safepoint: 12900 ns, Total: 156604 ns
[78.164s][info ][safepoint      ] Safepoint "Cleanup", Time since last: 1000100673 ns, Reaching safepoint: 177005 ns, At safepoint: 11601 ns, Total: 188606 ns
[79.165s][info ][safepoint      ] Safepoint "Cleanup", Time since last: 1000111350 ns, Reaching safepoint: 183605 ns, At safepoint: 14901 ns, Total: 198506 ns
[80.165s][info ][safepoint      ] Safepoint "Cleanup", Time since last: 1000067726 ns, Reaching safepoint: 180005 ns, At safepoint: 8801 ns, Total: 188806 ns
[81.133s][info ][gc,start       ] GC(128) Pause Young (Allocation Failure)
[81.145s][debug][gc,phases      ] GC(128) Scavenge 11.518ms
[81.145s][debug][gc,ref         ] GC(128) Skipped phase 1 of Reference Processing: no references
[81.145s][debug][gc,ref         ] GC(128) ReferenceProcessor::execute queues: 1, RefProcThreadModel::Single, marks_oops_alive: false
[81.145s][debug][gc,ref         ] GC(128) Skipped phase 3 of Reference Processing: no references
[81.145s][debug][gc,ref         ] GC(128) ReferenceProcessor::execute queues: 1, RefProcThreadModel::Single, marks_oops_alive: false
[81.145s][debug][gc,phases      ] GC(128) Reference Processing 0.123ms
[81.145s][debug][gc,phases      ] GC(128)   VM Weak                        Min:  0.0, Avg:  0.0, Max:  0.0, Diff:  0.0, Sum:  0.0, Workers: 4
[81.145s][debug][gc,phases      ] GC(128)     Dead                           Min: 0, Avg:  0.0, Max: 0, Diff: 0, Sum: 0, Workers: 4
[81.145s][debug][gc,phases      ] GC(128)     Total                          Min: 0, Avg: 180.8, Max: 467, Diff: 467, Sum: 723, Workers: 4
[81.145s][debug][gc,phases      ] GC(128)   ObjectSynchronizer Weak        Min:  0.0, Avg:  0.0, Max:  0.0, Diff:  0.0, Sum:  0.0, Workers: 4
[81.145s][debug][gc,phases      ] GC(128)     Dead                           Min: 0, Avg:  0.0, Max: 0, Diff: 0, Sum: 0, Workers: 4
[81.145s][debug][gc,phases      ] GC(128)     Total                          Min: 0, Avg: 115.5, Max: 334, Diff: 334, Sum: 462, Workers: 4
[81.145s][debug][gc,phases      ] GC(128)   JVMTI Tag Weak OopStorage      Min:  0.0, Avg:  0.0, Max:  0.0, Diff:  0.0, Sum:  0.0, Workers: 4
[81.145s][debug][gc,phases      ] GC(128)     Dead                           Min: 0, Avg:  0.0, Max: 0, Diff: 0, Sum: 0, Workers: 4
[81.145s][debug][gc,phases      ] GC(128)     Total                          Min: 0, Avg:  0.0, Max: 0, Diff: 0, Sum: 0, Workers: 4
[81.145s][debug][gc,phases      ] GC(128)   StringTable Weak               Min:  0.1, Avg:  0.1, Max:  0.1, Diff:  0.0, Sum:  0.4, Workers: 4
[81.145s][debug][gc,phases      ] GC(128)     Dead                           Min: 0, Avg:  0.2, Max: 1, Diff: 1, Sum: 1, Workers: 4
[81.145s][debug][gc,phases      ] GC(128)     Total                          Min: 10880, Avg: 11983.5, Max: 12798, Diff: 1918, Sum: 47934, Workers: 4
[81.145s][debug][gc,phases      ] GC(128)   ResolvedMethodTable Weak       Min:  0.0, Avg:  0.0, Max:  0.0, Diff:  0.0, Sum:  0.1, Workers: 4
[81.145s][debug][gc,phases      ] GC(128)     Dead                           Min: 0, Avg:  0.0, Max: 0, Diff: 0, Sum: 0, Workers: 4
[81.145s][debug][gc,phases      ] GC(128)     Total                          Min: 1920, Avg: 2174.8, Max: 2368, Diff: 448, Sum: 8699, Workers: 4
[81.145s][debug][gc,phases      ] GC(128)   JNI Weak                       Min:  0.0, Avg:  0.0, Max:  0.0, Diff:  0.0, Sum:  0.0, Workers: 4
[81.145s][debug][gc,phases      ] GC(128)     Dead                           Min: 0, Avg:  0.0, Max: 0, Diff: 0, Sum: 0, Workers: 4
[81.145s][debug][gc,phases      ] GC(128)     Total                          Min: 0, Avg:  0.0, Max: 0, Diff: 0, Sum: 0, Workers: 4
[81.145s][debug][gc,phases      ] GC(128)   StringDedup Table Weak         Min:  0.0, Avg:  0.0, Max:  0.0, Diff:  0.0, Sum:  0.0, Workers: 4
[81.145s][debug][gc,phases      ] GC(128)     Dead                           Min: 0, Avg:  0.0, Max: 0, Diff: 0, Sum: 0, Workers: 4
[81.145s][debug][gc,phases      ] GC(128)     Total                          Min: 0, Avg:  0.0, Max: 0, Diff: 0, Sum: 0, Workers: 4
[81.145s][debug][gc,phases      ] GC(128)   StringDedup Requests0 Weak     Min:  0.0, Avg:  0.0, Max:  0.0, Diff:  0.0, Sum:  0.0, Workers: 4
[81.145s][debug][gc,phases      ] GC(128)     Dead                           Min: 0, Avg:  0.0, Max: 0, Diff: 0, Sum: 0, Workers: 4
[81.145s][debug][gc,phases      ] GC(128)     Total                          Min: 0, Avg:  0.0, Max: 0, Diff: 0, Sum: 0, Workers: 4
[81.145s][debug][gc,phases      ] GC(128)   StringDedup Requests1 Weak     Min:  0.0, Avg:  0.0, Max:  0.0, Diff:  0.0, Sum:  0.0, Workers: 4
[81.145s][debug][gc,phases      ] GC(128)     Dead                           Min: 0, Avg:  0.0, Max: 0, Diff: 0, Sum: 0, Workers: 4
[81.145s][debug][gc,phases      ] GC(128)     Total                          Min: 0, Avg:  0.0, Max: 0, Diff: 0, Sum: 0, Workers: 4
[81.145s][debug][gc,phases      ] GC(128)   Weak JFR Old Object Samples    Min:  0.0, Avg:  0.0, Max:  0.0, Diff:  0.0, Sum:  0.0, Workers: 4
[81.145s][debug][gc,phases      ] GC(128)     Dead                           Min: 0, Avg:  0.0, Max: 0, Diff: 0, Sum: 0, Workers: 4
[81.145s][debug][gc,phases      ] GC(128)     Total                          Min: 0, Avg:  0.0, Max: 0, Diff: 0, Sum: 0, Workers: 4
[81.145s][debug][gc,phases      ] GC(128) Weak Processing 0.315ms
[81.145s][debug][gc,age         ] GC(128) Desired survivor size 235405312 bytes, new threshold 15 (max threshold 15)
[81.145s][info ][gc,heap        ] GC(128) PSYoungGen: 1660000K(1863168K)->28249K(1668096K) Eden: 1639424K(1639424K)->0K(1639424K) From: 20576K(223744K)->28249K(28672K)
[81.145s][info ][gc,heap        ] GC(128) ParOldGen: 593478K(734720K)->593486K(734720K)
[81.145s][info ][gc,metaspace   ] GC(128) Metaspace: 84116K(85056K)->84116K(85056K) NonClass: 72283K(72768K)->72283K(72768K) Class: 11832K(12288K)->11832K(12288K)
[81.145s][info ][gc             ] GC(128) Pause Young (Allocation Failure) 2200M->607M(2346M) 12.086ms
[81.145s][info ][gc,cpu         ] GC(128) User=0.05s Sys=0.00s Real=0.01s
[81.145s][info ][safepoint      ] Safepoint "ParallelGCFailedAllocation", Time since last: 967896755 ns, Reaching safepoint: 82702 ns, At safepoint: 12164659 ns, Total: 12247361 ns
[82.010s][info ][safepoint      ] Safepoint "ICBufferFull", Time since last: 864543888 ns, Reaching safepoint: 153605 ns, At safepoint: 6300 ns, Total: 159905 ns
[82.963s][info ][safepoint      ] Safepoint "ICBufferFull", Time since last: 952651966 ns, Reaching safepoint: 159104 ns, At safepoint: 8601 ns, Total: 167705 ns
[84.416s][info ][safepoint      ] Safepoint "Cleanup", Time since last: 1453718885 ns, Reaching safepoint: 106503 ns, At safepoint: 12100 ns, Total: 118603 ns
[85.417s][info ][safepoint      ] Safepoint "Cleanup", Time since last: 1000099909 ns, Reaching safepoint: 65902 ns, At safepoint: 6300 ns, Total: 72202 ns
[86.417s][info ][safepoint      ] Safepoint "Cleanup", Time since last: 1000111186 ns, Reaching safepoint: 164905 ns, At safepoint: 13100 ns, Total: 178005 ns
[87.417s][info ][safepoint      ] Safepoint "Cleanup", Time since last: 1000113864 ns, Reaching safepoint: 159505 ns, At safepoint: 11300 ns, Total: 170805 ns
[88.417s][info ][safepoint      ] Safepoint "Cleanup", Time since last: 1000107441 ns, Reaching safepoint: 109504 ns, At safepoint: 6800 ns, Total: 116304 ns
[89.418s][info ][safepoint      ] Safepoint "Cleanup", Time since last: 1000119119 ns, Reaching safepoint: 73302 ns, At safepoint: 10500 ns, Total: 83802 ns
[90.418s][info ][safepoint      ] Safepoint "Cleanup", Time since last: 1000095797 ns, Reaching safepoint: 64502 ns, At safepoint: 8800 ns, Total: 73302 ns
[91.529s][info ][safepoint      ] Safepoint "Cleanup", Time since last: 1111248426 ns, Reaching safepoint: 191606 ns, At safepoint: 11700 ns, Total: 203306 ns
[91.535s][info ][gc,start       ] GC(129) Pause Young (Allocation Failure)
[91.553s][debug][gc,phases      ] GC(129) Scavenge 17.773ms
[91.553s][debug][gc,ref         ] GC(129) Skipped phase 1 of Reference Processing: no references
[91.553s][debug][gc,ref         ] GC(129) ReferenceProcessor::execute queues: 1, RefProcThreadModel::Single, marks_oops_alive: false
[91.553s][debug][gc,ref         ] GC(129) Skipped phase 3 of Reference Processing: no references
[91.553s][debug][gc,ref         ] GC(129) ReferenceProcessor::execute queues: 1, RefProcThreadModel::Single, marks_oops_alive: false
[91.553s][debug][gc,phases      ] GC(129) Reference Processing 0.161ms
[91.553s][debug][gc,phases      ] GC(129)   VM Weak                        Min:  0.0, Avg:  0.0, Max:  0.0, Diff:  0.0, Sum:  0.0, Workers: 4
[91.553s][debug][gc,phases      ] GC(129)     Dead                           Min: 0, Avg:  0.0, Max: 0, Diff: 0, Sum: 0, Workers: 4
[91.553s][debug][gc,phases      ] GC(129)     Total                          Min: 0, Avg: 181.0, Max: 724, Diff: 724, Sum: 724, Workers: 4
[91.553s][debug][gc,phases      ] GC(129)   ObjectSynchronizer Weak        Min:  0.0, Avg:  0.0, Max:  0.0, Diff:  0.0, Sum:  0.0, Workers: 4
[91.553s][debug][gc,phases      ] GC(129)     Dead                           Min: 0, Avg:  0.0, Max: 0, Diff: 0, Sum: 0, Workers: 4
[91.553s][debug][gc,phases      ] GC(129)     Total                          Min: 0, Avg: 115.5, Max: 256, Diff: 256, Sum: 462, Workers: 4
[91.553s][debug][gc,phases      ] GC(129)   JVMTI Tag Weak OopStorage      Min:  0.0, Avg:  0.0, Max:  0.0, Diff:  0.0, Sum:  0.0, Workers: 4
[91.553s][debug][gc,phases      ] GC(129)     Dead                           Min: 0, Avg:  0.0, Max: 0, Diff: 0, Sum: 0, Workers: 4
[91.553s][debug][gc,phases      ] GC(129)     Total                          Min: 0, Avg:  0.0, Max: 0, Diff: 0, Sum: 0, Workers: 4
[91.553s][debug][gc,phases      ] GC(129)   StringTable Weak               Min:  0.1, Avg:  0.1, Max:  0.1, Diff:  0.0, Sum:  0.4, Workers: 4
[91.553s][debug][gc,phases      ] GC(129)     Dead                           Min: 0, Avg:  0.2, Max: 1, Diff: 1, Sum: 1, Workers: 4
[91.553s][debug][gc,phases      ] GC(129)     Total                          Min: 11264, Avg: 11996.2, Max: 12736, Diff: 1472, Sum: 47985, Workers: 4
[91.553s][debug][gc,phases      ] GC(129)   ResolvedMethodTable Weak       Min:  0.0, Avg:  0.0, Max:  0.0, Diff:  0.0, Sum:  0.1, Workers: 4
[91.553s][debug][gc,phases      ] GC(129)     Dead                           Min: 0, Avg:  0.0, Max: 0, Diff: 0, Sum: 0, Workers: 4
[91.553s][debug][gc,phases      ] GC(129)     Total                          Min: 2048, Avg: 2181.0, Max: 2452, Diff: 404, Sum: 8724, Workers: 4
[91.553s][debug][gc,phases      ] GC(129)   JNI Weak                       Min:  0.0, Avg:  0.0, Max:  0.0, Diff:  0.0, Sum:  0.0, Workers: 4
[91.553s][debug][gc,phases      ] GC(129)     Dead                           Min: 0, Avg:  0.0, Max: 0, Diff: 0, Sum: 0, Workers: 4
[91.553s][debug][gc,phases      ] GC(129)     Total                          Min: 0, Avg:  2.2, Max: 9, Diff: 9, Sum: 9, Workers: 4
[91.553s][debug][gc,phases      ] GC(129)   StringDedup Table Weak         Min:  0.0, Avg:  0.0, Max:  0.0, Diff:  0.0, Sum:  0.0, Workers: 4
[91.553s][debug][gc,phases      ] GC(129)     Dead                           Min: 0, Avg:  0.0, Max: 0, Diff: 0, Sum: 0, Workers: 4
[91.553s][debug][gc,phases      ] GC(129)     Total                          Min: 0, Avg:  0.0, Max: 0, Diff: 0, Sum: 0, Workers: 4
[91.553s][debug][gc,phases      ] GC(129)   StringDedup Requests0 Weak     Min:  0.0, Avg:  0.0, Max:  0.0, Diff:  0.0, Sum:  0.0, Workers: 4
[91.553s][debug][gc,phases      ] GC(129)     Dead                           Min: 0, Avg:  0.0, Max: 0, Diff: 0, Sum: 0, Workers: 4
[91.553s][debug][gc,phases      ] GC(129)     Total                          Min: 0, Avg:  0.0, Max: 0, Diff: 0, Sum: 0, Workers: 4
[91.553s][debug][gc,phases      ] GC(129)   StringDedup Requests1 Weak     Min:  0.0, Avg:  0.0, Max:  0.0, Diff:  0.0, Sum:  0.0, Workers: 4
[91.553s][debug][gc,phases      ] GC(129)     Dead                           Min: 0, Avg:  0.0, Max: 0, Diff: 0, Sum: 0, Workers: 4
[91.553s][debug][gc,phases      ] GC(129)     Total                          Min: 0, Avg:  0.0, Max: 0, Diff: 0, Sum: 0, Workers: 4
[91.553s][debug][gc,phases      ] GC(129)   Weak JFR Old Object Samples    Min:  0.0, Avg:  0.0, Max:  0.0, Diff:  0.0, Sum:  0.0, Workers: 4
[91.553s][debug][gc,phases      ] GC(129)     Dead                           Min: 0, Avg:  0.0, Max: 0, Diff: 0, Sum: 0, Workers: 4
[91.553s][debug][gc,phases      ] GC(129)     Total                          Min: 0, Avg:  0.0, Max: 0, Diff: 0, Sum: 0, Workers: 4
[91.553s][debug][gc,phases      ] GC(129) Weak Processing 0.415ms
[91.553s][debug][gc,age         ] GC(129) Desired survivor size 231211008 bytes, new threshold 15 (max threshold 15)
[91.553s][info ][gc,heap        ] GC(129) PSYoungGen: 1667673K(1668096K)->44784K(1871360K) Eden: 1639424K(1639424K)->0K(1641472K) From: 28249K(28672K)->44784K(229888K)
[91.553s][info ][gc,heap        ] GC(129) ParOldGen: 593486K(734720K)->593494K(734720K)
[91.553s][info ][gc,metaspace   ] GC(129) Metaspace: 84279K(85184K)->84279K(85184K) NonClass: 72436K(72896K)->72436K(72896K) Class: 11843K(12288K)->11843K(12288K)
[91.553s][info ][gc             ] GC(129) Pause Young (Allocation Failure) 2208M->623M(2545M) 18.502ms
[91.553s][info ][gc,cpu         ] GC(129) User=0.09s Sys=0.00s Real=0.02s
[91.553s][info ][safepoint      ] Safepoint "ParallelGCFailedAllocation", Time since last: 5491361 ns, Reaching safepoint: 111903 ns, At safepoint: 18612845 ns, Total: 18724748 ns
[91.762s][info ][safepoint      ] Safepoint "ICBufferFull", Time since last: 208553802 ns, Reaching safepoint: 229607 ns, At safepoint: 22600 ns, Total: 252207 ns
[92.301s][info ][safepoint      ] Safepoint "ICBufferFull", Time since last: 538839358 ns, Reaching safepoint: 261208 ns, At safepoint: 8800 ns, Total: 270008 ns
[93.302s][info ][safepoint      ] Safepoint "Cleanup", Time since last: 1000128433 ns, Reaching safepoint: 163805 ns, At safepoint: 18700 ns, Total: 182505 ns
[94.302s][info ][safepoint      ] Safepoint "Cleanup", Time since last: 1000114811 ns, Reaching safepoint: 100403 ns, At safepoint: 9600 ns, Total: 110003 ns
[95.302s][info ][safepoint      ] Safepoint "Cleanup", Time since last: 1000104288 ns, Reaching safepoint: 173305 ns, At safepoint: 10801 ns, Total: 184106 ns
[96.277s][info ][safepoint      ] Safepoint "ICBufferFull", Time since last: 975051935 ns, Reaching safepoint: 202906 ns, At safepoint: 14001 ns, Total: 216907 ns
[97.309s][info ][safepoint      ] Safepoint "Cleanup", Time since last: 1031667563 ns, Reaching safepoint: 278609 ns, At safepoint: 8500 ns, Total: 287109 ns
[98.310s][info ][safepoint      ] Safepoint "Cleanup", Time since last: 1000100321 ns, Reaching safepoint: 155305 ns, At safepoint: 9100 ns, Total: 164405 ns
[99.310s][info ][safepoint      ] Safepoint "Cleanup", Time since last: 1000107300 ns, Reaching safepoint: 146404 ns, At safepoint: 6601 ns, Total: 153005 ns
[100.310s][info ][safepoint      ] Safepoint "Cleanup", Time since last: 1000102978 ns, Reaching safepoint: 123103 ns, At safepoint: 7400 ns, Total: 130503 ns
[100.511s][info ][gc,start       ] GC(130) Pause Young (Allocation Failure)
[100.541s][debug][gc,phases      ] GC(130) Scavenge 30.237ms
[100.541s][debug][gc,ref         ] GC(130) Skipped phase 1 of Reference Processing: no references
[100.541s][debug][gc,ref         ] GC(130) ReferenceProcessor::execute queues: 1, RefProcThreadModel::Single, marks_oops_alive: false
[100.542s][debug][gc,ref         ] GC(130) Skipped phase 3 of Reference Processing: no references
[100.542s][debug][gc,ref         ] GC(130) ReferenceProcessor::execute queues: 1, RefProcThreadModel::Single, marks_oops_alive: false
[100.542s][debug][gc,phases      ] GC(130) Reference Processing 0.193ms
[100.542s][debug][gc,phases      ] GC(130)   VM Weak                        Min:  0.0, Avg:  0.0, Max:  0.0, Diff:  0.0, Sum:  0.0, Workers: 4
[100.542s][debug][gc,phases      ] GC(130)     Dead                           Min: 0, Avg:  0.0, Max: 0, Diff: 0, Sum: 0, Workers: 4
[100.542s][debug][gc,phases      ] GC(130)     Total                          Min: 0, Avg: 181.8, Max: 448, Diff: 448, Sum: 727, Workers: 4
[100.542s][debug][gc,phases      ] GC(130)   ObjectSynchronizer Weak        Min:  0.0, Avg:  0.0, Max:  0.0, Diff:  0.0, Sum:  0.0, Workers: 4
[100.542s][debug][gc,phases      ] GC(130)     Dead                           Min: 0, Avg:  1.0, Max: 4, Diff: 4, Sum: 4, Workers: 4
[100.542s][debug][gc,phases      ] GC(130)     Total                          Min: 0, Avg: 116.5, Max: 274, Diff: 274, Sum: 466, Workers: 4
[100.542s][debug][gc,phases      ] GC(130)   JVMTI Tag Weak OopStorage      Min:  0.0, Avg:  0.0, Max:  0.0, Diff:  0.0, Sum:  0.0, Workers: 4
[100.542s][debug][gc,phases      ] GC(130)     Dead                           Min: 0, Avg:  0.0, Max: 0, Diff: 0, Sum: 0, Workers: 4
[100.542s][debug][gc,phases      ] GC(130)     Total                          Min: 0, Avg:  0.0, Max: 0, Diff: 0, Sum: 0, Workers: 4
[100.542s][debug][gc,phases      ] GC(130)   StringTable Weak               Min:  0.1, Avg:  0.1, Max:  0.1, Diff:  0.0, Sum:  0.5, Workers: 4
[100.542s][debug][gc,phases      ] GC(130)     Dead                           Min: 0, Avg:  0.5, Max: 1, Diff: 1, Sum: 2, Workers: 4
[100.542s][debug][gc,phases      ] GC(130)     Total                          Min: 11328, Avg: 12029.2, Max: 12661, Diff: 1333, Sum: 48117, Workers: 4
[100.542s][debug][gc,phases      ] GC(130)   ResolvedMethodTable Weak       Min:  0.0, Avg:  0.0, Max:  0.0, Diff:  0.0, Sum:  0.1, Workers: 4
[100.542s][debug][gc,phases      ] GC(130)     Dead                           Min: 0, Avg:  0.0, Max: 0, Diff: 0, Sum: 0, Workers: 4
[100.542s][debug][gc,phases      ] GC(130)     Total                          Min: 640, Avg: 2205.2, Max: 2880, Diff: 2240, Sum: 8821, Workers: 4
[100.542s][debug][gc,phases      ] GC(130)   JNI Weak                       Min:  0.0, Avg:  0.0, Max:  0.0, Diff:  0.0, Sum:  0.0, Workers: 4
[100.542s][debug][gc,phases      ] GC(130)     Dead                           Min: 0, Avg:  0.0, Max: 0, Diff: 0, Sum: 0, Workers: 4
[100.542s][debug][gc,phases      ] GC(130)     Total                          Min: 0, Avg:  0.0, Max: 0, Diff: 0, Sum: 0, Workers: 4
[100.542s][debug][gc,phases      ] GC(130)   StringDedup Table Weak         Min:  0.0, Avg:  0.0, Max:  0.0, Diff:  0.0, Sum:  0.0, Workers: 4
[100.542s][debug][gc,phases      ] GC(130)     Dead                           Min: 0, Avg:  0.0, Max: 0, Diff: 0, Sum: 0, Workers: 4
[100.542s][debug][gc,phases      ] GC(130)     Total                          Min: 0, Avg:  0.0, Max: 0, Diff: 0, Sum: 0, Workers: 4
[100.542s][debug][gc,phases      ] GC(130)   StringDedup Requests0 Weak     Min:  0.0, Avg:  0.0, Max:  0.0, Diff:  0.0, Sum:  0.0, Workers: 4
[100.542s][debug][gc,phases      ] GC(130)     Dead                           Min: 0, Avg:  0.0, Max: 0, Diff: 0, Sum: 0, Workers: 4
[100.542s][debug][gc,phases      ] GC(130)     Total                          Min: 0, Avg:  0.0, Max: 0, Diff: 0, Sum: 0, Workers: 4
[100.542s][debug][gc,phases      ] GC(130)   StringDedup Requests1 Weak     Min:  0.0, Avg:  0.0, Max:  0.0, Diff:  0.0, Sum:  0.0, Workers: 4
[100.542s][debug][gc,phases      ] GC(130)     Dead                           Min: 0, Avg:  0.0, Max: 0, Diff: 0, Sum: 0, Workers: 4
[100.542s][debug][gc,phases      ] GC(130)     Total                          Min: 0, Avg:  0.0, Max: 0, Diff: 0, Sum: 0, Workers: 4
[100.542s][debug][gc,phases      ] GC(130)   Weak JFR Old Object Samples    Min:  0.0, Avg:  0.0, Max:  0.0, Diff:  0.0, Sum:  0.0, Workers: 4
[100.542s][debug][gc,phases      ] GC(130)     Dead                           Min: 0, Avg:  0.0, Max: 0, Diff: 0, Sum: 0, Workers: 4
[100.542s][debug][gc,phases      ] GC(130)     Total                          Min: 0, Avg:  0.0, Max: 0, Diff: 0, Sum: 0, Workers: 4
[100.542s][debug][gc,phases      ] GC(130) Weak Processing 0.401ms
[100.542s][debug][gc,age         ] GC(130) Desired survivor size 224919552 bytes, new threshold 15 (max threshold 15)
[100.542s][info ][gc,heap        ] GC(130) PSYoungGen: 1686256K(1871360K)->51377K(1867264K) Eden: 1641472K(1641472K)->0K(1641472K) From: 44784K(229888K)->51377K(225792K)
[100.542s][info ][gc,heap        ] GC(130) ParOldGen: 593494K(734720K)->593502K(734720K)
[100.542s][info ][gc,metaspace   ] GC(130) Metaspace: 84800K(85760K)->84800K(85760K) NonClass: 72892K(73408K)->72892K(73408K) Class: 11907K(12352K)->11907K(12352K)
[100.542s][info ][gc             ] GC(130) Pause Young (Allocation Failure) 2226M->629M(2541M) 30.974ms
[100.542s][info ][gc,cpu         ] GC(130) User=0.07s Sys=0.00s Real=0.02s
[100.542s][info ][safepoint      ] Safepoint "ParallelGCFailedAllocation", Time since last: 200766835 ns, Reaching safepoint: 79102 ns, At safepoint: 31070803 ns, Total: 31149905 ns
[101.542s][info ][safepoint      ] Safepoint "Cleanup", Time since last: 1000092751 ns, Reaching safepoint: 97603 ns, At safepoint: 13500 ns, Total: 111103 ns
[102.543s][info ][safepoint      ] Safepoint "Cleanup", Time since last: 1000112730 ns, Reaching safepoint: 83702 ns, At safepoint: 11501 ns, Total: 95203 ns
[103.543s][info ][safepoint      ] Safepoint "Cleanup", Time since last: 1000098707 ns, Reaching safepoint: 71802 ns, At safepoint: 8600 ns, Total: 80402 ns
[104.543s][info ][safepoint      ] Safepoint "Cleanup", Time since last: 1000099286 ns, Reaching safepoint: 89103 ns, At safepoint: 10500 ns, Total: 99603 ns
[105.543s][info ][safepoint      ] Safepoint "Cleanup", Time since last: 1000097664 ns, Reaching safepoint: 88502 ns, At safepoint: 8801 ns, Total: 97303 ns
[106.543s][info ][safepoint      ] Safepoint "Cleanup", Time since last: 1000099642 ns, Reaching safepoint: 123404 ns, At safepoint: 13200 ns, Total: 136604 ns
[107.544s][info ][safepoint      ] Safepoint "Cleanup", Time since last: 1000098521 ns, Reaching safepoint: 140004 ns, At safepoint: 5500 ns, Total: 145504 ns
[108.544s][info ][safepoint      ] Safepoint "Cleanup", Time since last: 1000127000 ns, Reaching safepoint: 64002 ns, At safepoint: 4800 ns, Total: 68802 ns
[109.544s][info ][safepoint      ] Safepoint "Cleanup", Time since last: 1000099478 ns, Reaching safepoint: 81402 ns, At safepoint: 7500 ns, Total: 88902 ns
[110.544s][info ][safepoint      ] Safepoint "Cleanup", Time since last: 1000100856 ns, Reaching safepoint: 85503 ns, At safepoint: 17300 ns, Total: 102803 ns
[111.544s][info ][safepoint      ] Safepoint "Cleanup", Time since last: 1000103935 ns, Reaching safepoint: 76803 ns, At safepoint: 8600 ns, Total: 85403 ns
[112.611s][info ][safepoint      ] Safepoint "Cleanup", Time since last: 1066543627 ns, Reaching safepoint: 220807 ns, At safepoint: 6400 ns, Total: 227207 ns
[113.611s][info ][safepoint      ] Safepoint "Cleanup", Time since last: 1000107991 ns, Reaching safepoint: 174605 ns, At safepoint: 13100 ns, Total: 187705 ns
[114.865s][info ][safepoint      ] Safepoint "Cleanup", Time since last: 1252932741 ns, Reaching safepoint: 207306 ns, At safepoint: 6500 ns, Total: 213806 ns
[115.865s][info ][safepoint      ] Safepoint "Cleanup", Time since last: 1000117844 ns, Reaching safepoint: 144504 ns, At safepoint: 6500 ns, Total: 151004 ns
[116.867s][info ][safepoint      ] Safepoint "Cleanup", Time since last: 1000106822 ns, Reaching safepoint: 2154662 ns, At safepoint: 18100 ns, Total: 2172762 ns
[117.867s][info ][safepoint      ] Safepoint "Cleanup", Time since last: 1000132202 ns, Reaching safepoint: 196505 ns, At safepoint: 11301 ns, Total: 207806 ns
[118.606s][info ][gc,start       ] GC(131) Pause Young (Allocation Failure)
[118.626s][debug][gc,phases      ] GC(131) Scavenge 20.099ms
[118.626s][debug][gc,ref         ] GC(131) Skipped phase 1 of Reference Processing: no references
[118.626s][debug][gc,ref         ] GC(131) ReferenceProcessor::execute queues: 1, RefProcThreadModel::Single, marks_oops_alive: false
[118.626s][debug][gc,ref         ] GC(131) Skipped phase 3 of Reference Processing: no references
[118.626s][debug][gc,ref         ] GC(131) ReferenceProcessor::execute queues: 1, RefProcThreadModel::Single, marks_oops_alive: false
[118.626s][debug][gc,phases      ] GC(131) Reference Processing 0.160ms
[118.626s][debug][gc,phases      ] GC(131)   VM Weak                        Min:  0.0, Avg:  0.0, Max:  0.0, Diff:  0.0, Sum:  0.0, Workers: 4
[118.626s][debug][gc,phases      ] GC(131)     Dead                           Min: 0, Avg:  0.0, Max: 0, Diff: 0, Sum: 0, Workers: 4
[118.626s][debug][gc,phases      ] GC(131)     Total                          Min: 0, Avg: 186.0, Max: 488, Diff: 488, Sum: 744, Workers: 4
[118.626s][debug][gc,phases      ] GC(131)   ObjectSynchronizer Weak        Min:  0.0, Avg:  0.0, Max:  0.0, Diff:  0.0, Sum:  0.0, Workers: 4
[118.626s][debug][gc,phases      ] GC(131)     Dead                           Min: 0, Avg:  0.0, Max: 0, Diff: 0, Sum: 0, Workers: 4
[118.626s][debug][gc,phases      ] GC(131)     Total                          Min: 0, Avg: 116.5, Max: 210, Diff: 210, Sum: 466, Workers: 4
[118.626s][debug][gc,phases      ] GC(131)   JVMTI Tag Weak OopStorage      Min:  0.0, Avg:  0.0, Max:  0.0, Diff:  0.0, Sum:  0.0, Workers: 4
[118.626s][debug][gc,phases      ] GC(131)     Dead                           Min: 0, Avg:  0.0, Max: 0, Diff: 0, Sum: 0, Workers: 4
[118.626s][debug][gc,phases      ] GC(131)     Total                          Min: 0, Avg:  0.0, Max: 0, Diff: 0, Sum: 0, Workers: 4
[118.626s][debug][gc,phases      ] GC(131)   StringTable Weak               Min:  0.1, Avg:  0.1, Max:  0.1, Diff:  0.0, Sum:  0.5, Workers: 4
[118.626s][debug][gc,phases      ] GC(131)     Dead                           Min: 0, Avg:  0.5, Max: 2, Diff: 2, Sum: 2, Workers: 4
[118.626s][debug][gc,phases      ] GC(131)     Total                          Min: 10240, Avg: 12045.5, Max: 13504, Diff: 3264, Sum: 48182, Workers: 4
[118.626s][debug][gc,phases      ] GC(131)   ResolvedMethodTable Weak       Min:  0.0, Avg:  0.0, Max:  0.0, Diff:  0.0, Sum:  0.1, Workers: 4
[118.626s][debug][gc,phases      ] GC(131)     Dead                           Min: 0, Avg:  0.0, Max: 0, Diff: 0, Sum: 0, Workers: 4
[118.626s][debug][gc,phases      ] GC(131)     Total                          Min: 2145, Avg: 2232.2, Max: 2368, Diff: 223, Sum: 8929, Workers: 4
[118.626s][debug][gc,phases      ] GC(131)   JNI Weak                       Min:  0.0, Avg:  0.0, Max:  0.0, Diff:  0.0, Sum:  0.0, Workers: 4
[118.626s][debug][gc,phases      ] GC(131)     Dead                           Min: 0, Avg:  0.0, Max: 0, Diff: 0, Sum: 0, Workers: 4
[118.626s][debug][gc,phases      ] GC(131)     Total                          Min: 0, Avg:  0.0, Max: 0, Diff: 0, Sum: 0, Workers: 4
[118.626s][debug][gc,phases      ] GC(131)   StringDedup Table Weak         Min:  0.0, Avg:  0.0, Max:  0.0, Diff:  0.0, Sum:  0.0, Workers: 4
[118.626s][debug][gc,phases      ] GC(131)     Dead                           Min: 0, Avg:  0.0, Max: 0, Diff: 0, Sum: 0, Workers: 4
[118.626s][debug][gc,phases      ] GC(131)     Total                          Min: 0, Avg:  0.0, Max: 0, Diff: 0, Sum: 0, Workers: 4
[118.626s][debug][gc,phases      ] GC(131)   StringDedup Requests0 Weak     Min:  0.0, Avg:  0.0, Max:  0.0, Diff:  0.0, Sum:  0.0, Workers: 4
[118.626s][debug][gc,phases      ] GC(131)     Dead                           Min: 0, Avg:  0.0, Max: 0, Diff: 0, Sum: 0, Workers: 4
[118.626s][debug][gc,phases      ] GC(131)     Total                          Min: 0, Avg:  0.0, Max: 0, Diff: 0, Sum: 0, Workers: 4
[118.626s][debug][gc,phases      ] GC(131)   StringDedup Requests1 Weak     Min:  0.0, Avg:  0.0, Max:  0.0, Diff:  0.0, Sum:  0.0, Workers: 4
[118.626s][debug][gc,phases      ] GC(131)     Dead                           Min: 0, Avg:  0.0, Max: 0, Diff: 0, Sum: 0, Workers: 4
[118.626s][debug][gc,phases      ] GC(131)     Total                          Min: 0, Avg:  0.0, Max: 0, Diff: 0, Sum: 0, Workers: 4
[118.626s][debug][gc,phases      ] GC(131)   Weak JFR Old Object Samples    Min:  0.0, Avg:  0.0, Max:  0.0, Diff:  0.0, Sum:  0.0, Workers: 4
[118.626s][debug][gc,phases      ] GC(131)     Dead                           Min: 0, Avg:  0.0, Max: 0, Diff: 0, Sum: 0, Workers: 4
[118.626s][debug][gc,phases      ] GC(131)     Total                          Min: 0, Avg:  0.0, Max: 0, Diff: 0, Sum: 0, Workers: 4
[118.626s][debug][gc,phases      ] GC(131) Weak Processing 0.398ms
[118.626s][debug][gc,age         ] GC(131) Desired survivor size 218103808 bytes, new threshold 15 (max threshold 15)
[118.626s][info ][gc,heap        ] GC(131) PSYoungGen: 1692849K(1867264K)->52241K(1884160K) Eden: 1641472K(1641472K)->0K(1664512K) From: 51377K(225792K)->52241K(219648K)
[118.626s][info ][gc,heap        ] GC(131) ParOldGen: 593502K(734720K)->593510K(734720K)
[118.626s][info ][gc,metaspace   ] GC(131) Metaspace: 85071K(86080K)->85071K(86080K) NonClass: 73122K(73664K)->73122K(73664K) Class: 11949K(12416K)->11949K(12416K)
[118.626s][info ][gc             ] GC(131) Pause Young (Allocation Failure) 2232M->630M(2557M) 20.824ms
[118.627s][info ][gc,cpu         ] GC(131) User=0.08s Sys=0.00s Real=0.02s
[118.627s][info ][safepoint      ] Safepoint "ParallelGCFailedAllocation", Time since last: 738031264 ns, Reaching safepoint: 131404 ns, At safepoint: 20954201 ns, Total: 21085605 ns
[119.627s][info ][safepoint      ] Safepoint "Cleanup", Time since last: 1000093363 ns, Reaching safepoint: 80002 ns, At safepoint: 15401 ns, Total: 95403 ns
[120.627s][info ][safepoint      ] Safepoint "Cleanup", Time since last: 1000104342 ns, Reaching safepoint: 61802 ns, At safepoint: 9800 ns, Total: 71602 ns
[121.627s][info ][safepoint      ] Safepoint "Cleanup", Time since last: 1000184624 ns, Reaching safepoint: 67102 ns, At safepoint: 10400 ns, Total: 77502 ns
[122.627s][info ][safepoint      ] Safepoint "Cleanup", Time since last: 1000104201 ns, Reaching safepoint: 54101 ns, At safepoint: 6601 ns, Total: 60702 ns
[123.628s][info ][safepoint      ] Safepoint "Cleanup", Time since last: 1000095279 ns, Reaching safepoint: 69702 ns, At safepoint: 6700 ns, Total: 76402 ns
[124.628s][info ][safepoint      ] Safepoint "Cleanup", Time since last: 1000089859 ns, Reaching safepoint: 132403 ns, At safepoint: 12201 ns, Total: 144604 ns
[125.780s][info ][safepoint      ] Safepoint "Cleanup", Time since last: 1151846967 ns, Reaching safepoint: 86402 ns, At safepoint: 11501 ns, Total: 97903 ns
[126.780s][info ][safepoint      ] Safepoint "Cleanup", Time since last: 1000103914 ns, Reaching safepoint: 69101 ns, At safepoint: 8701 ns, Total: 77802 ns
[127.780s][info ][safepoint      ] Safepoint "Cleanup", Time since last: 1000099293 ns, Reaching safepoint: 46401 ns, At safepoint: 7700 ns, Total: 54101 ns
[128.934s][info ][safepoint      ] Safepoint "Cleanup", Time since last: 1153743246 ns, Reaching safepoint: 70102 ns, At safepoint: 9200 ns, Total: 79302 ns
[130.934s][info ][safepoint      ] Safepoint "Cleanup", Time since last: 2000116774 ns, Reaching safepoint: 67502 ns, At safepoint: 9000 ns, Total: 76502 ns
[131.934s][info ][safepoint      ] Safepoint "Cleanup", Time since last: 1000118208 ns, Reaching safepoint: 61702 ns, At safepoint: 12200 ns, Total: 73902 ns
[132.934s][info ][safepoint      ] Safepoint "Cleanup", Time since last: 1000108187 ns, Reaching safepoint: 57202 ns, At safepoint: 6400 ns, Total: 63602 ns
[133.323s][info ][gc,start       ] GC(132) Pause Young (Allocation Failure)
[133.338s][debug][gc,phases      ] GC(132) Scavenge 14.876ms
[133.338s][debug][gc,ref         ] GC(132) Skipped phase 1 of Reference Processing: no references
[133.338s][debug][gc,ref         ] GC(132) ReferenceProcessor::execute queues: 1, RefProcThreadModel::Single, marks_oops_alive: false
[133.338s][debug][gc,ref         ] GC(132) Skipped phase 3 of Reference Processing: no references
[133.338s][debug][gc,ref         ] GC(132) ReferenceProcessor::execute queues: 1, RefProcThreadModel::Single, marks_oops_alive: false
[133.338s][debug][gc,phases      ] GC(132) Reference Processing 0.173ms
[133.339s][debug][gc,phases      ] GC(132)   VM Weak                        Min:  0.0, Avg:  0.0, Max:  0.0, Diff:  0.0, Sum:  0.0, Workers: 4
[133.339s][debug][gc,phases      ] GC(132)     Dead                           Min: 0, Avg:  0.0, Max: 0, Diff: 0, Sum: 0, Workers: 4
[133.339s][debug][gc,phases      ] GC(132)     Total                          Min: 0, Avg: 186.0, Max: 640, Diff: 640, Sum: 744, Workers: 4
[133.339s][debug][gc,phases      ] GC(132)   ObjectSynchronizer Weak        Min:  0.0, Avg:  0.0, Max:  0.0, Diff:  0.0, Sum:  0.0, Workers: 4
[133.339s][debug][gc,phases      ] GC(132)     Dead                           Min: 0, Avg:  0.0, Max: 0, Diff: 0, Sum: 0, Workers: 4
[133.339s][debug][gc,phases      ] GC(132)     Total                          Min: 0, Avg: 116.5, Max: 256, Diff: 256, Sum: 466, Workers: 4
[133.339s][debug][gc,phases      ] GC(132)   JVMTI Tag Weak OopStorage      Min:  0.0, Avg:  0.0, Max:  0.0, Diff:  0.0, Sum:  0.0, Workers: 4
[133.339s][debug][gc,phases      ] GC(132)     Dead                           Min: 0, Avg:  0.0, Max: 0, Diff: 0, Sum: 0, Workers: 4
[133.339s][debug][gc,phases      ] GC(132)     Total                          Min: 0, Avg:  0.0, Max: 0, Diff: 0, Sum: 0, Workers: 4
[133.339s][debug][gc,phases      ] GC(132)   StringTable Weak               Min:  0.1, Avg:  0.1, Max:  0.1, Diff:  0.0, Sum:  0.4, Workers: 4
[133.339s][debug][gc,phases      ] GC(132)     Dead                           Min: 0, Avg:  0.0, Max: 0, Diff: 0, Sum: 0, Workers: 4
[133.339s][debug][gc,phases      ] GC(132)     Total                          Min: 11392, Avg: 12058.8, Max: 12779, Diff: 1387, Sum: 48235, Workers: 4
[133.339s][debug][gc,phases      ] GC(132)   ResolvedMethodTable Weak       Min:  0.0, Avg:  0.0, Max:  0.0, Diff:  0.0, Sum:  0.1, Workers: 4
[133.339s][debug][gc,phases      ] GC(132)     Dead                           Min: 0, Avg:  1.5, Max: 6, Diff: 6, Sum: 6, Workers: 4
[133.339s][debug][gc,phases      ] GC(132)     Total                          Min: 2112, Avg: 2235.2, Max: 2432, Diff: 320, Sum: 8941, Workers: 4
[133.339s][debug][gc,phases      ] GC(132)   JNI Weak                       Min:  0.0, Avg:  0.0, Max:  0.0, Diff:  0.0, Sum:  0.0, Workers: 4
[133.339s][debug][gc,phases      ] GC(132)     Dead                           Min: 0, Avg:  0.0, Max: 0, Diff: 0, Sum: 0, Workers: 4
[133.339s][debug][gc,phases      ] GC(132)     Total                          Min: 0, Avg:  0.0, Max: 0, Diff: 0, Sum: 0, Workers: 4
[133.339s][debug][gc,phases      ] GC(132)   StringDedup Table Weak         Min:  0.0, Avg:  0.0, Max:  0.0, Diff:  0.0, Sum:  0.0, Workers: 4
[133.339s][debug][gc,phases      ] GC(132)     Dead                           Min: 0, Avg:  0.0, Max: 0, Diff: 0, Sum: 0, Workers: 4
[133.339s][debug][gc,phases      ] GC(132)     Total                          Min: 0, Avg:  0.0, Max: 0, Diff: 0, Sum: 0, Workers: 4
[133.339s][debug][gc,phases      ] GC(132)   StringDedup Requests0 Weak     Min:  0.0, Avg:  0.0, Max:  0.0, Diff:  0.0, Sum:  0.0, Workers: 4
[133.339s][debug][gc,phases      ] GC(132)     Dead                           Min: 0, Avg:  0.0, Max: 0, Diff: 0, Sum: 0, Workers: 4
[133.339s][debug][gc,phases      ] GC(132)     Total                          Min: 0, Avg:  0.0, Max: 0, Diff: 0, Sum: 0, Workers: 4
[133.339s][debug][gc,phases      ] GC(132)   StringDedup Requests1 Weak     Min:  0.0, Avg:  0.0, Max:  0.0, Diff:  0.0, Sum:  0.0, Workers: 4
[133.339s][debug][gc,phases      ] GC(132)     Dead                           Min: 0, Avg:  0.0, Max: 0, Diff: 0, Sum: 0, Workers: 4
[133.339s][debug][gc,phases      ] GC(132)     Total                          Min: 0, Avg:  0.0, Max: 0, Diff: 0, Sum: 0, Workers: 4
[133.339s][debug][gc,phases      ] GC(132)   Weak JFR Old Object Samples    Min:  0.0, Avg:  0.0, Max:  0.0, Diff:  0.0, Sum:  0.0, Workers: 4
[133.339s][debug][gc,phases      ] GC(132)     Dead                           Min: 0, Avg:  0.0, Max: 0, Diff: 0, Sum: 0, Workers: 4
[133.339s][debug][gc,phases      ] GC(132)     Total                          Min: 0, Avg:  0.0, Max: 0, Diff: 0, Sum: 0, Workers: 4
[133.339s][debug][gc,phases      ] GC(132) Weak Processing 0.312ms
[133.339s][debug][gc,age         ] GC(132) Desired survivor size 210763776 bytes, new threshold 15 (max threshold 15)
[133.339s][info ][gc,heap        ] GC(132) PSYoungGen: 1716753K(1884160K)->52200K(1877504K) Eden: 1664512K(1664512K)->0K(1664512K) From: 52241K(219648K)->52200K(212992K)
[133.339s][info ][gc,heap        ] GC(132) ParOldGen: 593510K(734720K)->593518K(734720K)
[133.339s][info ][gc,metaspace   ] GC(132) Metaspace: 85206K(86208K)->85206K(86208K) NonClass: 73253K(73792K)->73253K(73792K) Class: 11953K(12416K)->11953K(12416K)
[133.339s][info ][gc             ] GC(132) Pause Young (Allocation Failure) 2256M->630M(2551M) 15.492ms
[133.339s][info ][gc,cpu         ] GC(132) User=0.05s Sys=0.00s Real=0.01s
[133.339s][info ][safepoint      ] Safepoint "ParallelGCFailedAllocation", Time since last: 388845630 ns, Reaching safepoint: 27300 ns, At safepoint: 15576942 ns, Total: 15604242 ns
[134.339s][info ][safepoint      ] Safepoint "Cleanup", Time since last: 1000090958 ns, Reaching safepoint: 49101 ns, At safepoint: 6701 ns, Total: 55802 ns
[135.339s][info ][safepoint      ] Safepoint "Cleanup", Time since last: 1000106937 ns, Reaching safepoint: 50002 ns, At safepoint: 3600 ns, Total: 53602 ns
[136.339s][info ][safepoint      ] Safepoint "Cleanup", Time since last: 1000100817 ns, Reaching safepoint: 76802 ns, At safepoint: 7101 ns, Total: 83903 ns
[137.340s][info ][safepoint      ] Safepoint "Cleanup", Time since last: 1000104997 ns, Reaching safepoint: 170404 ns, At safepoint: 10601 ns, Total: 181005 ns
[138.340s][info ][safepoint      ] Safepoint "Cleanup", Time since last: 1000109477 ns, Reaching safepoint: 71202 ns, At safepoint: 11300 ns, Total: 82502 ns
[139.340s][info ][safepoint      ] Safepoint "Cleanup", Time since last: 1000103456 ns, Reaching safepoint: 60902 ns, At safepoint: 7900 ns, Total: 68802 ns
[140.340s][info ][safepoint      ] Safepoint "Cleanup", Time since last: 1000102036 ns, Reaching safepoint: 61202 ns, At safepoint: 10700 ns, Total: 71902 ns
[141.340s][info ][safepoint      ] Safepoint "Cleanup", Time since last: 1000094516 ns, Reaching safepoint: 84602 ns, At safepoint: 7801 ns, Total: 92403 ns
[142.341s][info ][safepoint      ] Safepoint "Cleanup", Time since last: 1000098895 ns, Reaching safepoint: 56802 ns, At safepoint: 6300 ns, Total: 63102 ns
[143.341s][info ][safepoint      ] Safepoint "Cleanup", Time since last: 1000096575 ns, Reaching safepoint: 80303 ns, At safepoint: 6700 ns, Total: 87003 ns
[144.341s][info ][safepoint      ] Safepoint "Cleanup", Time since last: 1000066254 ns, Reaching safepoint: 47902 ns, At safepoint: 3200 ns, Total: 51102 ns
[145.122s][info ][gc,start       ] GC(133) Pause Young (Allocation Failure)
[145.136s][debug][gc,phases      ] GC(133) Scavenge 13.926ms
[145.137s][debug][gc,ref         ] GC(133) Skipped phase 1 of Reference Processing: no references
[145.137s][debug][gc,ref         ] GC(133) ReferenceProcessor::execute queues: 1, RefProcThreadModel::Single, marks_oops_alive: false
[145.137s][debug][gc,ref         ] GC(133) Skipped phase 3 of Reference Processing: no references
[145.137s][debug][gc,ref         ] GC(133) ReferenceProcessor::execute queues: 1, RefProcThreadModel::Single, marks_oops_alive: false
[145.137s][debug][gc,phases      ] GC(133) Reference Processing 0.155ms
[145.137s][debug][gc,phases      ] GC(133)   VM Weak                        Min:  0.0, Avg:  0.0, Max:  0.0, Diff:  0.0, Sum:  0.0, Workers: 4
[145.137s][debug][gc,phases      ] GC(133)     Dead                           Min: 0, Avg:  0.0, Max: 0, Diff: 0, Sum: 0, Workers: 4
[145.137s][debug][gc,phases      ] GC(133)     Total                          Min: 0, Avg: 186.2, Max: 576, Diff: 576, Sum: 745, Workers: 4
[145.137s][debug][gc,phases      ] GC(133)   ObjectSynchronizer Weak        Min:  0.0, Avg:  0.0, Max:  0.0, Diff:  0.0, Sum:  0.0, Workers: 4
[145.137s][debug][gc,phases      ] GC(133)     Dead                           Min: 0, Avg:  0.0, Max: 0, Diff: 0, Sum: 0, Workers: 4
[145.137s][debug][gc,phases      ] GC(133)     Total                          Min: 0, Avg: 116.5, Max: 320, Diff: 320, Sum: 466, Workers: 4
[145.137s][debug][gc,phases      ] GC(133)   JVMTI Tag Weak OopStorage      Min:  0.0, Avg:  0.0, Max:  0.0, Diff:  0.0, Sum:  0.0, Workers: 4
[145.137s][debug][gc,phases      ] GC(133)     Dead                           Min: 0, Avg:  0.0, Max: 0, Diff: 0, Sum: 0, Workers: 4
[145.137s][debug][gc,phases      ] GC(133)     Total                          Min: 0, Avg:  0.0, Max: 0, Diff: 0, Sum: 0, Workers: 4
[145.137s][debug][gc,phases      ] GC(133)   StringTable Weak               Min:  0.1, Avg:  0.1, Max:  0.1, Diff:  0.0, Sum:  0.4, Workers: 4
[145.137s][debug][gc,phases      ] GC(133)     Dead                           Min: 0, Avg:  0.2, Max: 1, Diff: 1, Sum: 1, Workers: 4
[145.137s][debug][gc,phases      ] GC(133)     Total                          Min: 11215, Avg: 12067.8, Max: 13376, Diff: 2161, Sum: 48271, Workers: 4
[145.137s][debug][gc,phases      ] GC(133)   ResolvedMethodTable Weak       Min:  0.0, Avg:  0.0, Max:  0.0, Diff:  0.0, Sum:  0.1, Workers: 4
[145.137s][debug][gc,phases      ] GC(133)     Dead                           Min: 0, Avg:  0.0, Max: 0, Diff: 0, Sum: 0, Workers: 4
[145.137s][debug][gc,phases      ] GC(133)     Total                          Min: 2112, Avg: 2237.2, Max: 2368, Diff: 256, Sum: 8949, Workers: 4
[145.137s][debug][gc,phases      ] GC(133)   JNI Weak                       Min:  0.0, Avg:  0.0, Max:  0.0, Diff:  0.0, Sum:  0.0, Workers: 4
[145.137s][debug][gc,phases      ] GC(133)     Dead                           Min: 0, Avg:  0.0, Max: 0, Diff: 0, Sum: 0, Workers: 4
[145.137s][debug][gc,phases      ] GC(133)     Total                          Min: 0, Avg:  0.0, Max: 0, Diff: 0, Sum: 0, Workers: 4
[145.137s][debug][gc,phases      ] GC(133)   StringDedup Table Weak         Min:  0.0, Avg:  0.0, Max:  0.0, Diff:  0.0, Sum:  0.0, Workers: 4
[145.137s][debug][gc,phases      ] GC(133)     Dead                           Min: 0, Avg:  0.0, Max: 0, Diff: 0, Sum: 0, Workers: 4
[145.137s][debug][gc,phases      ] GC(133)     Total                          Min: 0, Avg:  0.0, Max: 0, Diff: 0, Sum: 0, Workers: 4
[145.137s][debug][gc,phases      ] GC(133)   StringDedup Requests0 Weak     Min:  0.0, Avg:  0.0, Max:  0.0, Diff:  0.0, Sum:  0.0, Workers: 4
[145.137s][debug][gc,phases      ] GC(133)     Dead                           Min: 0, Avg:  0.0, Max: 0, Diff: 0, Sum: 0, Workers: 4
[145.137s][debug][gc,phases      ] GC(133)     Total                          Min: 0, Avg:  0.0, Max: 0, Diff: 0, Sum: 0, Workers: 4
[145.137s][debug][gc,phases      ] GC(133)   StringDedup Requests1 Weak     Min:  0.0, Avg:  0.0, Max:  0.0, Diff:  0.0, Sum:  0.0, Workers: 4
[145.137s][debug][gc,phases      ] GC(133)     Dead                           Min: 0, Avg:  0.0, Max: 0, Diff: 0, Sum: 0, Workers: 4
[145.137s][debug][gc,phases      ] GC(133)     Total                          Min: 0, Avg:  0.0, Max: 0, Diff: 0, Sum: 0, Workers: 4
[145.137s][debug][gc,phases      ] GC(133)   Weak JFR Old Object Samples    Min:  0.0, Avg:  0.0, Max:  0.0, Diff:  0.0, Sum:  0.0, Workers: 4
[145.137s][debug][gc,phases      ] GC(133)     Dead                           Min: 0, Avg:  0.0, Max: 0, Diff: 0, Sum: 0, Workers: 4
[145.137s][debug][gc,phases      ] GC(133)     Total                          Min: 0, Avg:  0.0, Max: 0, Diff: 0, Sum: 0, Workers: 4
[145.137s][debug][gc,phases      ] GC(133) Weak Processing 0.342ms
[145.137s][debug][gc,age         ] GC(133) Desired survivor size 202899456 bytes, new threshold 15 (max threshold 15)
[145.137s][info ][gc,heap        ] GC(133) PSYoungGen: 1716712K(1877504K)->52417K(1899008K) Eden: 1664512K(1664512K)->0K(1693184K) From: 52200K(212992K)->52417K(205824K)
[145.137s][info ][gc,heap        ] GC(133) ParOldGen: 593518K(734720K)->593526K(734720K)
[145.137s][info ][gc,metaspace   ] GC(133) Metaspace: 85299K(86272K)->85299K(86272K) NonClass: 73342K(73856K)->73342K(73856K) Class: 11956K(12416K)->11956K(12416K)
[145.137s][info ][gc             ] GC(133) Pause Young (Allocation Failure) 2256M->630M(2572M) 14.565ms
[145.137s][info ][gc,cpu         ] GC(133) User=0.06s Sys=0.00s Real=0.01s
[145.137s][info ][safepoint      ] Safepoint "ParallelGCFailedAllocation", Time since last: 781558189 ns, Reaching safepoint: 67102 ns, At safepoint: 14657713 ns, Total: 14724815 ns
[146.137s][info ][safepoint      ] Safepoint "Cleanup", Time since last: 1000079018 ns, Reaching safepoint: 42002 ns, At safepoint: 3000 ns, Total: 45002 ns
[147.137s][info ][safepoint      ] Safepoint "Cleanup", Time since last: 1000105799 ns, Reaching safepoint: 55802 ns, At safepoint: 6200 ns, Total: 62002 ns
[148.138s][info ][safepoint      ] Safepoint "Cleanup", Time since last: 1000056078 ns, Reaching safepoint: 62002 ns, At safepoint: 8400 ns, Total: 70402 ns
[149.138s][info ][safepoint      ] Safepoint "Cleanup", Time since last: 1000100460 ns, Reaching safepoint: 74702 ns, At safepoint: 8100 ns, Total: 82802 ns
[150.138s][info ][safepoint      ] Safepoint "Cleanup", Time since last: 1000109440 ns, Reaching safepoint: 52702 ns, At safepoint: 9800 ns, Total: 62502 ns
[151.138s][info ][safepoint      ] Safepoint "Cleanup", Time since last: 1000095520 ns, Reaching safepoint: 45601 ns, At safepoint: 9701 ns, Total: 55302 ns
[152.138s][info ][safepoint      ] Safepoint "Cleanup", Time since last: 1000110000 ns, Reaching safepoint: 50701 ns, At safepoint: 10501 ns, Total: 61202 ns
[153.138s][info ][safepoint      ] Safepoint "Cleanup", Time since last: 1000066879 ns, Reaching safepoint: 53202 ns, At safepoint: 26801 ns, Total: 80003 ns
[154.627s][info ][safepoint      ] Safepoint "Cleanup", Time since last: 1488165598 ns, Reaching safepoint: 81603 ns, At safepoint: 7800 ns, Total: 89403 ns
[155.627s][info ][safepoint      ] Safepoint "Cleanup", Time since last: 1000113132 ns, Reaching safepoint: 52801 ns, At safepoint: 9300 ns, Total: 62101 ns
[157.627s][info ][safepoint      ] Safepoint "Cleanup", Time since last: 2000165204 ns, Reaching safepoint: 55201 ns, At safepoint: 3200 ns, Total: 58401 ns
[158.287s][info ][gc,start       ] GC(134) Pause Young (Allocation Failure)
[158.302s][debug][gc,phases      ] GC(134) Scavenge 15.021ms
[158.302s][debug][gc,ref         ] GC(134) Skipped phase 1 of Reference Processing: no references
[158.302s][debug][gc,ref         ] GC(134) ReferenceProcessor::execute queues: 1, RefProcThreadModel::Single, marks_oops_alive: false
[158.302s][debug][gc,ref         ] GC(134) Skipped phase 3 of Reference Processing: no references
[158.302s][debug][gc,ref         ] GC(134) ReferenceProcessor::execute queues: 1, RefProcThreadModel::Single, marks_oops_alive: false
[158.302s][debug][gc,phases      ] GC(134) Reference Processing 0.132ms
[158.302s][debug][gc,phases      ] GC(134)   VM Weak                        Min:  0.0, Avg:  0.0, Max:  0.0, Diff:  0.0, Sum:  0.0, Workers: 4
[158.302s][debug][gc,phases      ] GC(134)     Dead                           Min: 0, Avg:  0.0, Max: 0, Diff: 0, Sum: 0, Workers: 4
[158.302s][debug][gc,phases      ] GC(134)     Total                          Min: 0, Avg: 186.2, Max: 704, Diff: 704, Sum: 745, Workers: 4
[158.302s][debug][gc,phases      ] GC(134)   ObjectSynchronizer Weak        Min:  0.0, Avg:  0.0, Max:  0.0, Diff:  0.0, Sum:  0.0, Workers: 4
[158.302s][debug][gc,phases      ] GC(134)     Dead                           Min: 0, Avg:  0.0, Max: 0, Diff: 0, Sum: 0, Workers: 4
[158.302s][debug][gc,phases      ] GC(134)     Total                          Min: 0, Avg: 116.5, Max: 320, Diff: 320, Sum: 466, Workers: 4
[158.302s][debug][gc,phases      ] GC(134)   JVMTI Tag Weak OopStorage      Min:  0.0, Avg:  0.0, Max:  0.0, Diff:  0.0, Sum:  0.0, Workers: 4
[158.302s][debug][gc,phases      ] GC(134)     Dead                           Min: 0, Avg:  0.0, Max: 0, Diff: 0, Sum: 0, Workers: 4
[158.302s][debug][gc,phases      ] GC(134)     Total                          Min: 0, Avg:  0.0, Max: 0, Diff: 0, Sum: 0, Workers: 4
[158.302s][debug][gc,phases      ] GC(134)   StringTable Weak               Min:  0.1, Avg:  0.1, Max:  0.1, Diff:  0.0, Sum:  0.4, Workers: 4
[158.302s][debug][gc,phases      ] GC(134)     Dead                           Min: 0, Avg:  0.0, Max: 0, Diff: 0, Sum: 0, Workers: 4
[158.302s][debug][gc,phases      ] GC(134)     Total                          Min: 11776, Avg: 12080.0, Max: 12608, Diff: 832, Sum: 48320, Workers: 4
[158.302s][debug][gc,phases      ] GC(134)   ResolvedMethodTable Weak       Min:  0.0, Avg:  0.0, Max:  0.0, Diff:  0.0, Sum:  0.1, Workers: 4
[158.302s][debug][gc,phases      ] GC(134)     Dead                           Min: 0, Avg:  0.2, Max: 1, Diff: 1, Sum: 1, Workers: 4
[158.302s][debug][gc,phases      ] GC(134)     Total                          Min: 2112, Avg: 2238.0, Max: 2368, Diff: 256, Sum: 8952, Workers: 4
[158.302s][debug][gc,phases      ] GC(134)   JNI Weak                       Min:  0.0, Avg:  0.0, Max:  0.0, Diff:  0.0, Sum:  0.0, Workers: 4
[158.302s][debug][gc,phases      ] GC(134)     Dead                           Min: 0, Avg:  0.0, Max: 0, Diff: 0, Sum: 0, Workers: 4
[158.302s][debug][gc,phases      ] GC(134)     Total                          Min: 0, Avg:  0.0, Max: 0, Diff: 0, Sum: 0, Workers: 4
[158.302s][debug][gc,phases      ] GC(134)   StringDedup Table Weak         Min:  0.0, Avg:  0.0, Max:  0.0, Diff:  0.0, Sum:  0.0, Workers: 4
[158.302s][debug][gc,phases      ] GC(134)     Dead                           Min: 0, Avg:  0.0, Max: 0, Diff: 0, Sum: 0, Workers: 4
[158.302s][debug][gc,phases      ] GC(134)     Total                          Min: 0, Avg:  0.0, Max: 0, Diff: 0, Sum: 0, Workers: 4
[158.302s][debug][gc,phases      ] GC(134)   StringDedup Requests0 Weak     Min:  0.0, Avg:  0.0, Max:  0.0, Diff:  0.0, Sum:  0.0, Workers: 4
[158.302s][debug][gc,phases      ] GC(134)     Dead                           Min: 0, Avg:  0.0, Max: 0, Diff: 0, Sum: 0, Workers: 4
[158.302s][debug][gc,phases      ] GC(134)     Total                          Min: 0, Avg:  0.0, Max: 0, Diff: 0, Sum: 0, Workers: 4
[158.302s][debug][gc,phases      ] GC(134)   StringDedup Requests1 Weak     Min:  0.0, Avg:  0.0, Max:  0.0, Diff:  0.0, Sum:  0.0, Workers: 4
[158.302s][debug][gc,phases      ] GC(134)     Dead                           Min: 0, Avg:  0.0, Max: 0, Diff: 0, Sum: 0, Workers: 4
[158.302s][debug][gc,phases      ] GC(134)     Total                          Min: 0, Avg:  0.0, Max: 0, Diff: 0, Sum: 0, Workers: 4
[158.302s][debug][gc,phases      ] GC(134)   Weak JFR Old Object Samples    Min:  0.0, Avg:  0.0, Max:  0.0, Diff:  0.0, Sum:  0.0, Workers: 4
[158.302s][debug][gc,phases      ] GC(134)     Dead                           Min: 0, Avg:  0.0, Max: 0, Diff: 0, Sum: 0, Workers: 4
[158.302s][debug][gc,phases      ] GC(134)     Total                          Min: 0, Avg:  0.0, Max: 0, Diff: 0, Sum: 0, Workers: 4
[158.302s][debug][gc,phases      ] GC(134) Weak Processing 0.374ms
[158.303s][debug][gc,age         ] GC(134) Desired survivor size 195559424 bytes, new threshold 15 (max threshold 15)
[158.303s][info ][gc,heap        ] GC(134) PSYoungGen: 1745601K(1899008K)->52584K(1891328K) Eden: 1693184K(1693184K)->0K(1693184K) From: 52417K(205824K)->52584K(198144K)
[158.303s][info ][gc,heap        ] GC(134) ParOldGen: 593526K(734720K)->593534K(734720K)
[158.303s][info ][gc,metaspace   ] GC(134) Metaspace: 85380K(86336K)->85380K(86336K) NonClass: 73423K(73920K)->73423K(73920K) Class: 11957K(12416K)->11957K(12416K)
[158.303s][info ][gc             ] GC(134) Pause Young (Allocation Failure) 2284M->630M(2564M) 15.658ms
[158.303s][info ][gc,cpu         ] GC(134) User=0.06s Sys=0.00s Real=0.02s
[158.303s][info ][safepoint      ] Safepoint "ParallelGCFailedAllocation", Time since last: 659793991 ns, Reaching safepoint: 50101 ns, At safepoint: 15746339 ns, Total: 15796440 ns
[159.303s][info ][safepoint      ] Safepoint "Cleanup", Time since last: 1000093259 ns, Reaching safepoint: 123204 ns, At safepoint: 11300 ns, Total: 134504 ns
[160.303s][info ][safepoint      ] Safepoint "Cleanup", Time since last: 1000128341 ns, Reaching safepoint: 58001 ns, At safepoint: 10701 ns, Total: 68702 ns
[161.303s][info ][safepoint      ] Safepoint "Cleanup", Time since last: 1000082320 ns, Reaching safepoint: 127704 ns, At safepoint: 18300 ns, Total: 146004 ns
[162.303s][info ][safepoint      ] Safepoint "Cleanup", Time since last: 1000118502 ns, Reaching safepoint: 120203 ns, At safepoint: 13701 ns, Total: 133904 ns
[164.304s][info ][safepoint      ] Safepoint "Cleanup", Time since last: 2000182244 ns, Reaching safepoint: 187905 ns, At safepoint: 10300 ns, Total: 198205 ns
[165.304s][info ][safepoint      ] Safepoint "Cleanup", Time since last: 1000113944 ns, Reaching safepoint: 130404 ns, At safepoint: 9300 ns, Total: 139704 ns
[166.304s][info ][safepoint      ] Safepoint "Cleanup", Time since last: 1000115824 ns, Reaching safepoint: 114204 ns, At safepoint: 11800 ns, Total: 126004 ns
[167.305s][info ][safepoint      ] Safepoint "Cleanup", Time since last: 1000110805 ns, Reaching safepoint: 144604 ns, At safepoint: 11901 ns, Total: 156505 ns
[168.305s][info ][safepoint      ] Safepoint "Cleanup", Time since last: 1000113586 ns, Reaching safepoint: 104003 ns, At safepoint: 8600 ns, Total: 112603 ns
[169.305s][info ][safepoint      ] Safepoint "Cleanup", Time since last: 1000123267 ns, Reaching safepoint: 125504 ns, At safepoint: 10800 ns, Total: 136304 ns
[170.305s][info ][safepoint      ] Safepoint "Cleanup", Time since last: 1000123148 ns, Reaching safepoint: 137204 ns, At safepoint: 13200 ns, Total: 150404 ns
[171.306s][info ][safepoint      ] Safepoint "Cleanup", Time since last: 1000121529 ns, Reaching safepoint: 131904 ns, At safepoint: 11800 ns, Total: 143704 ns
[172.763s][info ][gc,start       ] GC(135) Pause Young (Allocation Failure)
[172.778s][debug][gc,phases      ] GC(135) Scavenge 15.719ms
[172.778s][debug][gc,ref         ] GC(135) Skipped phase 1 of Reference Processing: no references
[172.779s][debug][gc,ref         ] GC(135) ReferenceProcessor::execute queues: 1, RefProcThreadModel::Single, marks_oops_alive: false
[172.779s][debug][gc,ref         ] GC(135) Skipped phase 3 of Reference Processing: no references
[172.779s][debug][gc,ref         ] GC(135) ReferenceProcessor::execute queues: 1, RefProcThreadModel::Single, marks_oops_alive: false
[172.779s][debug][gc,phases      ] GC(135) Reference Processing 0.143ms
[172.779s][debug][gc,phases      ] GC(135)   VM Weak                        Min:  0.0, Avg:  0.0, Max:  0.0, Diff:  0.0, Sum:  0.0, Workers: 4
[172.779s][debug][gc,phases      ] GC(135)     Dead                           Min: 0, Avg:  0.0, Max: 0, Diff: 0, Sum: 0, Workers: 4
[172.779s][debug][gc,phases      ] GC(135)     Total                          Min: 0, Avg: 186.2, Max: 489, Diff: 489, Sum: 745, Workers: 4
[172.779s][debug][gc,phases      ] GC(135)   ObjectSynchronizer Weak        Min:  0.0, Avg:  0.0, Max:  0.0, Diff:  0.0, Sum:  0.0, Workers: 4
[172.779s][debug][gc,phases      ] GC(135)     Dead                           Min: 0, Avg:  0.0, Max: 0, Diff: 0, Sum: 0, Workers: 4
[172.779s][debug][gc,phases      ] GC(135)     Total                          Min: 0, Avg: 116.5, Max: 320, Diff: 320, Sum: 466, Workers: 4
[172.779s][debug][gc,phases      ] GC(135)   JVMTI Tag Weak OopStorage      Min:  0.0, Avg:  0.0, Max:  0.0, Diff:  0.0, Sum:  0.0, Workers: 4
[172.779s][debug][gc,phases      ] GC(135)     Dead                           Min: 0, Avg:  0.0, Max: 0, Diff: 0, Sum: 0, Workers: 4
[172.779s][debug][gc,phases      ] GC(135)     Total                          Min: 0, Avg:  0.0, Max: 0, Diff: 0, Sum: 0, Workers: 4
[172.779s][debug][gc,phases      ] GC(135)   StringTable Weak               Min:  0.1, Avg:  0.1, Max:  0.1, Diff:  0.0, Sum:  0.4, Workers: 4
[172.779s][debug][gc,phases      ] GC(135)     Dead                           Min: 0, Avg:  0.0, Max: 0, Diff: 0, Sum: 0, Workers: 4
[172.779s][debug][gc,phases      ] GC(135)     Total                          Min: 11136, Avg: 12082.0, Max: 12736, Diff: 1600, Sum: 48328, Workers: 4
[172.779s][debug][gc,phases      ] GC(135)   ResolvedMethodTable Weak       Min:  0.0, Avg:  0.0, Max:  0.0, Diff:  0.0, Sum:  0.1, Workers: 4
[172.779s][debug][gc,phases      ] GC(135)     Dead                           Min: 0, Avg:  0.0, Max: 0, Diff: 0, Sum: 0, Workers: 4
[172.779s][debug][gc,phases      ] GC(135)     Total                          Min: 2112, Avg: 2238.0, Max: 2304, Diff: 192, Sum: 8952, Workers: 4
[172.779s][debug][gc,phases      ] GC(135)   JNI Weak                       Min:  0.0, Avg:  0.0, Max:  0.0, Diff:  0.0, Sum:  0.0, Workers: 4
[172.779s][debug][gc,phases      ] GC(135)     Dead                           Min: 0, Avg:  0.0, Max: 0, Diff: 0, Sum: 0, Workers: 4
[172.779s][debug][gc,phases      ] GC(135)     Total                          Min: 0, Avg:  0.0, Max: 0, Diff: 0, Sum: 0, Workers: 4
[172.779s][debug][gc,phases      ] GC(135)   StringDedup Table Weak         Min:  0.0, Avg:  0.0, Max:  0.0, Diff:  0.0, Sum:  0.0, Workers: 4
[172.779s][debug][gc,phases      ] GC(135)     Dead                           Min: 0, Avg:  0.0, Max: 0, Diff: 0, Sum: 0, Workers: 4
[172.779s][debug][gc,phases      ] GC(135)     Total                          Min: 0, Avg:  0.0, Max: 0, Diff: 0, Sum: 0, Workers: 4
[172.779s][debug][gc,phases      ] GC(135)   StringDedup Requests0 Weak     Min:  0.0, Avg:  0.0, Max:  0.0, Diff:  0.0, Sum:  0.0, Workers: 4
[172.779s][debug][gc,phases      ] GC(135)     Dead                           Min: 0, Avg:  0.0, Max: 0, Diff: 0, Sum: 0, Workers: 4
[172.779s][debug][gc,phases      ] GC(135)     Total                          Min: 0, Avg:  0.0, Max: 0, Diff: 0, Sum: 0, Workers: 4
[172.779s][debug][gc,phases      ] GC(135)   StringDedup Requests1 Weak     Min:  0.0, Avg:  0.0, Max:  0.0, Diff:  0.0, Sum:  0.0, Workers: 4
[172.779s][debug][gc,phases      ] GC(135)     Dead                           Min: 0, Avg:  0.0, Max: 0, Diff: 0, Sum: 0, Workers: 4
[172.779s][debug][gc,phases      ] GC(135)     Total                          Min: 0, Avg:  0.0, Max: 0, Diff: 0, Sum: 0, Workers: 4
[172.779s][debug][gc,phases      ] GC(135)   Weak JFR Old Object Samples    Min:  0.0, Avg:  0.0, Max:  0.0, Diff:  0.0, Sum:  0.0, Workers: 4
[172.779s][debug][gc,phases      ] GC(135)     Dead                           Min: 0, Avg:  0.0, Max: 0, Diff: 0, Sum: 0, Workers: 4
[172.779s][debug][gc,phases      ] GC(135)     Total                          Min: 0, Avg:  0.0, Max: 0, Diff: 0, Sum: 0, Workers: 4
[172.779s][debug][gc,phases      ] GC(135) Weak Processing 0.344ms
[172.779s][debug][gc,age         ] GC(135) Desired survivor size 188219392 bytes, new threshold 15 (max threshold 15)
[172.779s][info ][gc,heap        ] GC(135) PSYoungGen: 1745768K(1891328K)->52393K(1913344K) Eden: 1693184K(1693184K)->0K(1722368K) From: 52584K(198144K)->52393K(190976K)
[172.779s][info ][gc,heap        ] GC(135) ParOldGen: 593534K(734720K)->593542K(734720K)
[172.779s][info ][gc,metaspace   ] GC(135) Metaspace: 85437K(86400K)->85437K(86400K) NonClass: 73479K(73984K)->73479K(73984K) Class: 11957K(12416K)->11957K(12416K)
[172.779s][info ][gc             ] GC(135) Pause Young (Allocation Failure) 2284M->630M(2586M) 16.335ms
[172.779s][info ][gc,cpu         ] GC(135) User=0.06s Sys=0.01s Real=0.01s
[172.779s][info ][safepoint      ] Safepoint "ParallelGCFailedAllocation", Time since last: 1456881515 ns, Reaching safepoint: 48501 ns, At safepoint: 16415653 ns, Total: 16464154 ns
[174.779s][info ][safepoint      ] Safepoint "Cleanup", Time since last: 2000151843 ns, Reaching safepoint: 49801 ns, At safepoint: 9101 ns, Total: 58902 ns
[175.779s][info ][safepoint      ] Safepoint "Cleanup", Time since last: 1000071942 ns, Reaching safepoint: 49902 ns, At safepoint: 8300 ns, Total: 58202 ns
[176.780s][info ][safepoint      ] Safepoint "Cleanup", Time since last: 1000099125 ns, Reaching safepoint: 47001 ns, At safepoint: 17901 ns, Total: 64902 ns
[177.780s][info ][safepoint      ] Safepoint "Cleanup", Time since last: 1000101606 ns, Reaching safepoint: 47901 ns, At safepoint: 8000 ns, Total: 55901 ns
[178.780s][info ][safepoint      ] Safepoint "Cleanup", Time since last: 1000109588 ns, Reaching safepoint: 48301 ns, At safepoint: 2500 ns, Total: 50801 ns
[179.780s][info ][safepoint      ] Safepoint "Cleanup", Time since last: 1000098469 ns, Reaching safepoint: 46601 ns, At safepoint: 6500 ns, Total: 53101 ns
[180.780s][info ][safepoint      ] Safepoint "Cleanup", Time since last: 1000101250 ns, Reaching safepoint: 55802 ns, At safepoint: 7200 ns, Total: 63002 ns
[181.780s][info ][safepoint      ] Safepoint "Cleanup", Time since last: 1000094031 ns, Reaching safepoint: 42601 ns, At safepoint: 2400 ns, Total: 45001 ns
[183.656s][info ][safepoint      ] Safepoint "Cleanup", Time since last: 1875972204 ns, Reaching safepoint: 141804 ns, At safepoint: 12600 ns, Total: 154404 ns
[184.657s][info ][safepoint      ] Safepoint "Cleanup", Time since last: 1000106178 ns, Reaching safepoint: 125104 ns, At safepoint: 10900 ns, Total: 136004 ns
[185.657s][info ][safepoint      ] Safepoint "Cleanup", Time since last: 1000096159 ns, Reaching safepoint: 126103 ns, At safepoint: 9401 ns, Total: 135504 ns
[186.158s][info ][gc,start       ] GC(136) Pause Young (Allocation Failure)
[186.172s][debug][gc,phases      ] GC(136) Scavenge 13.718ms
[186.172s][debug][gc,ref         ] GC(136) Skipped phase 1 of Reference Processing: no references
[186.172s][debug][gc,ref         ] GC(136) ReferenceProcessor::execute queues: 1, RefProcThreadModel::Single, marks_oops_alive: false
[186.172s][debug][gc,ref         ] GC(136) Skipped phase 3 of Reference Processing: no references
[186.172s][debug][gc,ref         ] GC(136) ReferenceProcessor::execute queues: 1, RefProcThreadModel::Single, marks_oops_alive: false
[186.172s][debug][gc,phases      ] GC(136) Reference Processing 0.143ms
[186.172s][debug][gc,phases      ] GC(136)   VM Weak                        Min:  0.0, Avg:  0.0, Max:  0.0, Diff:  0.0, Sum:  0.0, Workers: 4
[186.172s][debug][gc,phases      ] GC(136)     Dead                           Min: 0, Avg:  0.0, Max: 0, Diff: 0, Sum: 0, Workers: 4
[186.172s][debug][gc,phases      ] GC(136)     Total                          Min: 0, Avg: 186.2, Max: 681, Diff: 681, Sum: 745, Workers: 4
[186.172s][debug][gc,phases      ] GC(136)   ObjectSynchronizer Weak        Min:  0.0, Avg:  0.0, Max:  0.0, Diff:  0.0, Sum:  0.0, Workers: 4
[186.172s][debug][gc,phases      ] GC(136)     Dead                           Min: 0, Avg:  0.0, Max: 0, Diff: 0, Sum: 0, Workers: 4
[186.172s][debug][gc,phases      ] GC(136)     Total                          Min: 0, Avg: 116.5, Max: 320, Diff: 320, Sum: 466, Workers: 4
[186.172s][debug][gc,phases      ] GC(136)   JVMTI Tag Weak OopStorage      Min:  0.0, Avg:  0.0, Max:  0.0, Diff:  0.0, Sum:  0.0, Workers: 4
[186.172s][debug][gc,phases      ] GC(136)     Dead                           Min: 0, Avg:  0.0, Max: 0, Diff: 0, Sum: 0, Workers: 4
[186.172s][debug][gc,phases      ] GC(136)     Total                          Min: 0, Avg:  0.0, Max: 0, Diff: 0, Sum: 0, Workers: 4
[186.172s][debug][gc,phases      ] GC(136)   StringTable Weak               Min:  0.1, Avg:  0.1, Max:  0.1, Diff:  0.0, Sum:  0.4, Workers: 4
[186.172s][debug][gc,phases      ] GC(136)     Dead                           Min: 0, Avg:  0.0, Max: 0, Diff: 0, Sum: 0, Workers: 4
[186.172s][debug][gc,phases      ] GC(136)     Total                          Min: 11200, Avg: 12085.0, Max: 12820, Diff: 1620, Sum: 48340, Workers: 4
[186.172s][debug][gc,phases      ] GC(136)   ResolvedMethodTable Weak       Min:  0.0, Avg:  0.0, Max:  0.0, Diff:  0.0, Sum:  0.1, Workers: 4
[186.172s][debug][gc,phases      ] GC(136)     Dead                           Min: 0, Avg:  0.0, Max: 0, Diff: 0, Sum: 0, Workers: 4
[186.172s][debug][gc,phases      ] GC(136)     Total                          Min: 2112, Avg: 2238.5, Max: 2362, Diff: 250, Sum: 8954, Workers: 4
[186.172s][debug][gc,phases      ] GC(136)   JNI Weak                       Min:  0.0, Avg:  0.0, Max:  0.0, Diff:  0.0, Sum:  0.0, Workers: 4
[186.172s][debug][gc,phases      ] GC(136)     Dead                           Min: 0, Avg:  0.0, Max: 0, Diff: 0, Sum: 0, Workers: 4
[186.172s][debug][gc,phases      ] GC(136)     Total                          Min: 0, Avg:  0.0, Max: 0, Diff: 0, Sum: 0, Workers: 4
[186.172s][debug][gc,phases      ] GC(136)   StringDedup Table Weak         Min:  0.0, Avg:  0.0, Max:  0.0, Diff:  0.0, Sum:  0.0, Workers: 4
[186.172s][debug][gc,phases      ] GC(136)     Dead                           Min: 0, Avg:  0.0, Max: 0, Diff: 0, Sum: 0, Workers: 4
[186.172s][debug][gc,phases      ] GC(136)     Total                          Min: 0, Avg:  0.0, Max: 0, Diff: 0, Sum: 0, Workers: 4
[186.172s][debug][gc,phases      ] GC(136)   StringDedup Requests0 Weak     Min:  0.0, Avg:  0.0, Max:  0.0, Diff:  0.0, Sum:  0.0, Workers: 4
[186.172s][debug][gc,phases      ] GC(136)     Dead                           Min: 0, Avg:  0.0, Max: 0, Diff: 0, Sum: 0, Workers: 4
[186.172s][debug][gc,phases      ] GC(136)     Total                          Min: 0, Avg:  0.0, Max: 0, Diff: 0, Sum: 0, Workers: 4
[186.172s][debug][gc,phases      ] GC(136)   StringDedup Requests1 Weak     Min:  0.0, Avg:  0.0, Max:  0.0, Diff:  0.0, Sum:  0.0, Workers: 4
[186.172s][debug][gc,phases      ] GC(136)     Dead                           Min: 0, Avg:  0.0, Max: 0, Diff: 0, Sum: 0, Workers: 4
[186.172s][debug][gc,phases      ] GC(136)     Total                          Min: 0, Avg:  0.0, Max: 0, Diff: 0, Sum: 0, Workers: 4
[186.172s][debug][gc,phases      ] GC(136)   Weak JFR Old Object Samples    Min:  0.0, Avg:  0.0, Max:  0.0, Diff:  0.0, Sum:  0.0, Workers: 4
[186.172s][debug][gc,phases      ] GC(136)     Dead                           Min: 0, Avg:  0.0, Max: 0, Diff: 0, Sum: 0, Workers: 4
[186.172s][debug][gc,phases      ] GC(136)     Total                          Min: 0, Avg:  0.0, Max: 0, Diff: 0, Sum: 0, Workers: 4
[186.172s][debug][gc,phases      ] GC(136) Weak Processing 0.326ms
[186.172s][debug][gc,age         ] GC(136) Desired survivor size 180355072 bytes, new threshold 15 (max threshold 15)
[186.172s][info ][gc,heap        ] GC(136) PSYoungGen: 1774761K(1913344K)->54729K(1906176K) Eden: 1722368K(1722368K)->0K(1722368K) From: 52393K(190976K)->54729K(183808K)
[186.172s][info ][gc,heap        ] GC(136) ParOldGen: 593542K(734720K)->593550K(734720K)
[186.172s][info ][gc,metaspace   ] GC(136) Metaspace: 85511K(86464K)->85511K(86464K) NonClass: 73551K(74048K)->73551K(74048K) Class: 11960K(12416K)->11960K(12416K)
[186.172s][info ][gc             ] GC(136) Pause Young (Allocation Failure) 2312M->633M(2579M) 14.314ms
[186.172s][info ][gc,cpu         ] GC(136) User=0.05s Sys=0.00s Real=0.02s
[186.172s][info ][safepoint      ] Safepoint "ParallelGCFailedAllocation", Time since last: 501112601 ns, Reaching safepoint: 61102 ns, At safepoint: 14397093 ns, Total: 14458195 ns
[187.173s][info ][safepoint      ] Safepoint "Cleanup", Time since last: 1000079531 ns, Reaching safepoint: 55901 ns, At safepoint: 4901 ns, Total: 60802 ns
[188.173s][info ][safepoint      ] Safepoint "Cleanup", Time since last: 1000102712 ns, Reaching safepoint: 53402 ns, At safepoint: 6200 ns, Total: 59602 ns
[189.173s][info ][safepoint      ] Safepoint "Cleanup", Time since last: 1000094594 ns, Reaching safepoint: 51702 ns, At safepoint: 3700 ns, Total: 55402 ns
[190.173s][info ][safepoint      ] Safepoint "Cleanup", Time since last: 1000095275 ns, Reaching safepoint: 46702 ns, At safepoint: 2800 ns, Total: 49502 ns
[191.173s][info ][safepoint      ] Safepoint "Cleanup", Time since last: 1000091457 ns, Reaching safepoint: 57002 ns, At safepoint: 8100 ns, Total: 65102 ns
[192.173s][info ][safepoint      ] Safepoint "Cleanup", Time since last: 1000093839 ns, Reaching safepoint: 32801 ns, At safepoint: 3000 ns, Total: 35801 ns
[193.174s][info ][safepoint      ] Safepoint "Cleanup", Time since last: 1000090421 ns, Reaching safepoint: 59201 ns, At safepoint: 10701 ns, Total: 69902 ns
[194.174s][info ][safepoint      ] Safepoint "Cleanup", Time since last: 1000105703 ns, Reaching safepoint: 49701 ns, At safepoint: 4400 ns, Total: 54101 ns
[195.174s][info ][safepoint      ] Safepoint "Cleanup", Time since last: 1000100385 ns, Reaching safepoint: 56401 ns, At safepoint: 10101 ns, Total: 66502 ns
[196.174s][info ][safepoint      ] Safepoint "Cleanup", Time since last: 1000118667 ns, Reaching safepoint: 52201 ns, At safepoint: 5400 ns, Total: 57601 ns
[197.174s][info ][safepoint      ] Safepoint "Cleanup", Time since last: 1000095349 ns, Reaching safepoint: 54001 ns, At safepoint: 6700 ns, Total: 60701 ns
[198.174s][info ][safepoint      ] Safepoint "Cleanup", Time since last: 1000093930 ns, Reaching safepoint: 48102 ns, At safepoint: 4700 ns, Total: 52802 ns
[198.450s][info ][gc,start       ] GC(137) Pause Young (Allocation Failure)
[198.466s][debug][gc,phases      ] GC(137) Scavenge 16.301ms
[198.467s][debug][gc,ref         ] GC(137) Skipped phase 1 of Reference Processing: no references
[198.467s][debug][gc,ref         ] GC(137) ReferenceProcessor::execute queues: 1, RefProcThreadModel::Single, marks_oops_alive: false
[198.467s][debug][gc,ref         ] GC(137) Skipped phase 3 of Reference Processing: no references
[198.467s][debug][gc,ref         ] GC(137) ReferenceProcessor::execute queues: 1, RefProcThreadModel::Single, marks_oops_alive: false
[198.467s][debug][gc,phases      ] GC(137) Reference Processing 0.133ms
[198.467s][debug][gc,phases      ] GC(137)   VM Weak                        Min:  0.0, Avg:  0.0, Max:  0.0, Diff:  0.0, Sum:  0.0, Workers: 4
[198.467s][debug][gc,phases      ] GC(137)     Dead                           Min: 0, Avg:  0.0, Max: 0, Diff: 0, Sum: 0, Workers: 4
[198.467s][debug][gc,phases      ] GC(137)     Total                          Min: 0, Avg: 186.2, Max: 512, Diff: 512, Sum: 745, Workers: 4
[198.467s][debug][gc,phases      ] GC(137)   ObjectSynchronizer Weak        Min:  0.0, Avg:  0.0, Max:  0.0, Diff:  0.0, Sum:  0.0, Workers: 4
[198.467s][debug][gc,phases      ] GC(137)     Dead                           Min: 0, Avg:  0.0, Max: 0, Diff: 0, Sum: 0, Workers: 4
[198.467s][debug][gc,phases      ] GC(137)     Total                          Min: 0, Avg: 116.5, Max: 256, Diff: 256, Sum: 466, Workers: 4
[198.467s][debug][gc,phases      ] GC(137)   JVMTI Tag Weak OopStorage      Min:  0.0, Avg:  0.0, Max:  0.0, Diff:  0.0, Sum:  0.0, Workers: 4
[198.467s][debug][gc,phases      ] GC(137)     Dead                           Min: 0, Avg:  0.0, Max: 0, Diff: 0, Sum: 0, Workers: 4
[198.467s][debug][gc,phases      ] GC(137)     Total                          Min: 0, Avg:  0.0, Max: 0, Diff: 0, Sum: 0, Workers: 4
[198.467s][debug][gc,phases      ] GC(137)   StringTable Weak               Min:  0.1, Avg:  0.1, Max:  0.1, Diff:  0.0, Sum:  0.5, Workers: 4
[198.467s][debug][gc,phases      ] GC(137)     Dead                           Min: 0, Avg:  0.0, Max: 0, Diff: 0, Sum: 0, Workers: 4
[198.467s][debug][gc,phases      ] GC(137)     Total                          Min: 10957, Avg: 12099.2, Max: 13760, Diff: 2803, Sum: 48397, Workers: 4
[198.467s][debug][gc,phases      ] GC(137)   ResolvedMethodTable Weak       Min:  0.0, Avg:  0.0, Max:  0.0, Diff:  0.0, Sum:  0.1, Workers: 4
[198.467s][debug][gc,phases      ] GC(137)     Dead                           Min: 0, Avg:  0.0, Max: 0, Diff: 0, Sum: 0, Workers: 4
[198.467s][debug][gc,phases      ] GC(137)     Total                          Min: 2170, Avg: 2238.5, Max: 2304, Diff: 134, Sum: 8954, Workers: 4
[198.467s][debug][gc,phases      ] GC(137)   JNI Weak                       Min:  0.0, Avg:  0.0, Max:  0.0, Diff:  0.0, Sum:  0.0, Workers: 4
[198.467s][debug][gc,phases      ] GC(137)     Dead                           Min: 0, Avg:  0.0, Max: 0, Diff: 0, Sum: 0, Workers: 4
[198.467s][debug][gc,phases      ] GC(137)     Total                          Min: 0, Avg:  0.0, Max: 0, Diff: 0, Sum: 0, Workers: 4
[198.467s][debug][gc,phases      ] GC(137)   StringDedup Table Weak         Min:  0.0, Avg:  0.0, Max:  0.0, Diff:  0.0, Sum:  0.0, Workers: 4
[198.467s][debug][gc,phases      ] GC(137)     Dead                           Min: 0, Avg:  0.0, Max: 0, Diff: 0, Sum: 0, Workers: 4
[198.467s][debug][gc,phases      ] GC(137)     Total                          Min: 0, Avg:  0.0, Max: 0, Diff: 0, Sum: 0, Workers: 4
[198.467s][debug][gc,phases      ] GC(137)   StringDedup Requests0 Weak     Min:  0.0, Avg:  0.0, Max:  0.0, Diff:  0.0, Sum:  0.0, Workers: 4
[198.467s][debug][gc,phases      ] GC(137)     Dead                           Min: 0, Avg:  0.0, Max: 0, Diff: 0, Sum: 0, Workers: 4
[198.467s][debug][gc,phases      ] GC(137)     Total                          Min: 0, Avg:  0.0, Max: 0, Diff: 0, Sum: 0, Workers: 4
[198.467s][debug][gc,phases      ] GC(137)   StringDedup Requests1 Weak     Min:  0.0, Avg:  0.0, Max:  0.0, Diff:  0.0, Sum:  0.0, Workers: 4
[198.467s][debug][gc,phases      ] GC(137)     Dead                           Min: 0, Avg:  0.0, Max: 0, Diff: 0, Sum: 0, Workers: 4
[198.467s][debug][gc,phases      ] GC(137)     Total                          Min: 0, Avg:  0.0, Max: 0, Diff: 0, Sum: 0, Workers: 4
[198.467s][debug][gc,phases      ] GC(137)   Weak JFR Old Object Samples    Min:  0.0, Avg:  0.0, Max:  0.0, Diff:  0.0, Sum:  0.0, Workers: 4
[198.467s][debug][gc,phases      ] GC(137)     Dead                           Min: 0, Avg:  0.0, Max: 0, Diff: 0, Sum: 0, Workers: 4
[198.467s][debug][gc,phases      ] GC(137)     Total                          Min: 0, Avg:  0.0, Max: 0, Diff: 0, Sum: 0, Workers: 4
[198.467s][debug][gc,phases      ] GC(137) Weak Processing 0.353ms
[198.467s][debug][gc,age         ] GC(137) Desired survivor size 172490752 bytes, new threshold 15 (max threshold 15)
[198.467s][info ][gc,heap        ] GC(137) PSYoungGen: 1777097K(1906176K)->55062K(1928704K) Eden: 1722368K(1722368K)->0K(1752576K) From: 54729K(183808K)->55062K(176128K)
[198.467s][info ][gc,heap        ] GC(137) ParOldGen: 593550K(734720K)->593558K(734720K)
[198.467s][info ][gc,metaspace   ] GC(137) Metaspace: 85603K(86592K)->85603K(86592K) NonClass: 73642K(74176K)->73642K(74176K) Class: 11960K(12416K)->11960K(12416K)
[198.467s][info ][gc             ] GC(137) Pause Young (Allocation Failure) 2315M->633M(2601M) 16.922ms
[198.467s][info ][gc,cpu         ] GC(137) User=0.07s Sys=0.00s Real=0.02s
[198.467s][info ][safepoint      ] Safepoint "ParallelGCFailedAllocation", Time since last: 275662374 ns, Reaching safepoint: 113703 ns, At safepoint: 17012962 ns, Total: 17126665 ns
[199.467s][info ][safepoint      ] Safepoint "Cleanup", Time since last: 1000086306 ns, Reaching safepoint: 64502 ns, At safepoint: 8100 ns, Total: 72602 ns
[200.467s][info ][safepoint      ] Safepoint "Cleanup", Time since last: 1000103389 ns, Reaching safepoint: 51202 ns, At safepoint: 2900 ns, Total: 54102 ns
[201.468s][info ][safepoint      ] Safepoint "Cleanup", Time since last: 1000110071 ns, Reaching safepoint: 45001 ns, At safepoint: 3400 ns, Total: 48401 ns
[202.468s][info ][safepoint      ] Safepoint "Cleanup", Time since last: 1000105754 ns, Reaching safepoint: 135803 ns, At safepoint: 8901 ns, Total: 144704 ns
[203.745s][info ][safepoint      ] Safepoint "Cleanup", Time since last: 1277144022 ns, Reaching safepoint: 183505 ns, At safepoint: 13000 ns, Total: 196505 ns
[204.745s][info ][safepoint      ] Safepoint "Cleanup", Time since last: 1000102513 ns, Reaching safepoint: 68402 ns, At safepoint: 9900 ns, Total: 78302 ns
[205.746s][info ][safepoint      ] Safepoint "Cleanup", Time since last: 1000103395 ns, Reaching safepoint: 52301 ns, At safepoint: 7500 ns, Total: 59801 ns
[207.443s][info ][safepoint      ] Safepoint "Cleanup", Time since last: 1697822586 ns, Reaching safepoint: 44701 ns, At safepoint: 3000 ns, Total: 47701 ns
[208.444s][info ][safepoint      ] Safepoint "Cleanup", Time since last: 1000101047 ns, Reaching safepoint: 55101 ns, At safepoint: 18801 ns, Total: 73902 ns
[209.444s][info ][safepoint      ] Safepoint "Cleanup", Time since last: 1000106929 ns, Reaching safepoint: 50301 ns, At safepoint: 4701 ns, Total: 55002 ns
[210.341s][info ][gc,start       ] GC(138) Pause Young (Allocation Failure)
[210.357s][debug][gc,phases      ] GC(138) Scavenge 16.031ms
[210.357s][debug][gc,ref         ] GC(138) Skipped phase 1 of Reference Processing: no references
[210.357s][debug][gc,ref         ] GC(138) ReferenceProcessor::execute queues: 1, RefProcThreadModel::Single, marks_oops_alive: false
[210.357s][debug][gc,ref         ] GC(138) Skipped phase 3 of Reference Processing: no references
[210.357s][debug][gc,ref         ] GC(138) ReferenceProcessor::execute queues: 1, RefProcThreadModel::Single, marks_oops_alive: false
[210.357s][debug][gc,phases      ] GC(138) Reference Processing 0.167ms
[210.357s][debug][gc,phases      ] GC(138)   VM Weak                        Min:  0.0, Avg:  0.0, Max:  0.0, Diff:  0.0, Sum:  0.0, Workers: 4
[210.357s][debug][gc,phases      ] GC(138)     Dead                           Min: 0, Avg:  0.0, Max: 0, Diff: 0, Sum: 0, Workers: 4
[210.357s][debug][gc,phases      ] GC(138)     Total                          Min: 0, Avg: 186.2, Max: 704, Diff: 704, Sum: 745, Workers: 4
[210.357s][debug][gc,phases      ] GC(138)   ObjectSynchronizer Weak        Min:  0.0, Avg:  0.0, Max:  0.0, Diff:  0.0, Sum:  0.0, Workers: 4
[210.357s][debug][gc,phases      ] GC(138)     Dead                           Min: 0, Avg:  0.0, Max: 0, Diff: 0, Sum: 0, Workers: 4
[210.357s][debug][gc,phases      ] GC(138)     Total                          Min: 64, Avg: 116.5, Max: 210, Diff: 146, Sum: 466, Workers: 4
[210.357s][debug][gc,phases      ] GC(138)   JVMTI Tag Weak OopStorage      Min:  0.0, Avg:  0.0, Max:  0.0, Diff:  0.0, Sum:  0.0, Workers: 4
[210.357s][debug][gc,phases      ] GC(138)     Dead                           Min: 0, Avg:  0.0, Max: 0, Diff: 0, Sum: 0, Workers: 4
[210.357s][debug][gc,phases      ] GC(138)     Total                          Min: 0, Avg:  0.0, Max: 0, Diff: 0, Sum: 0, Workers: 4
[210.357s][debug][gc,phases      ] GC(138)   StringTable Weak               Min:  0.1, Avg:  0.1, Max:  0.1, Diff:  0.0, Sum:  0.4, Workers: 4
[210.357s][debug][gc,phases      ] GC(138)     Dead                           Min: 0, Avg:  0.0, Max: 0, Diff: 0, Sum: 0, Workers: 4
[210.357s][debug][gc,phases      ] GC(138)     Total                          Min: 11456, Avg: 12103.2, Max: 12765, Diff: 1309, Sum: 48413, Workers: 4
[210.357s][debug][gc,phases      ] GC(138)   ResolvedMethodTable Weak       Min:  0.0, Avg:  0.0, Max:  0.0, Diff:  0.0, Sum:  0.1, Workers: 4
[210.357s][debug][gc,phases      ] GC(138)     Dead                           Min: 0, Avg:  0.0, Max: 0, Diff: 0, Sum: 0, Workers: 4
[210.357s][debug][gc,phases      ] GC(138)     Total                          Min: 2048, Avg: 2239.0, Max: 2556, Diff: 508, Sum: 8956, Workers: 4
[210.357s][debug][gc,phases      ] GC(138)   JNI Weak                       Min:  0.0, Avg:  0.0, Max:  0.0, Diff:  0.0, Sum:  0.0, Workers: 4
[210.357s][debug][gc,phases      ] GC(138)     Dead                           Min: 0, Avg:  0.0, Max: 0, Diff: 0, Sum: 0, Workers: 4
[210.357s][debug][gc,phases      ] GC(138)     Total                          Min: 0, Avg:  0.0, Max: 0, Diff: 0, Sum: 0, Workers: 4
[210.357s][debug][gc,phases      ] GC(138)   StringDedup Table Weak         Min:  0.0, Avg:  0.0, Max:  0.0, Diff:  0.0, Sum:  0.0, Workers: 4
[210.357s][debug][gc,phases      ] GC(138)     Dead                           Min: 0, Avg:  0.0, Max: 0, Diff: 0, Sum: 0, Workers: 4
[210.357s][debug][gc,phases      ] GC(138)     Total                          Min: 0, Avg:  0.0, Max: 0, Diff: 0, Sum: 0, Workers: 4
[210.357s][debug][gc,phases      ] GC(138)   StringDedup Requests0 Weak     Min:  0.0, Avg:  0.0, Max:  0.0, Diff:  0.0, Sum:  0.0, Workers: 4
[210.357s][debug][gc,phases      ] GC(138)     Dead                           Min: 0, Avg:  0.0, Max: 0, Diff: 0, Sum: 0, Workers: 4
[210.357s][debug][gc,phases      ] GC(138)     Total                          Min: 0, Avg:  0.0, Max: 0, Diff: 0, Sum: 0, Workers: 4
[210.357s][debug][gc,phases      ] GC(138)   StringDedup Requests1 Weak     Min:  0.0, Avg:  0.0, Max:  0.0, Diff:  0.0, Sum:  0.0, Workers: 4
[210.357s][debug][gc,phases      ] GC(138)     Dead                           Min: 0, Avg:  0.0, Max: 0, Diff: 0, Sum: 0, Workers: 4
[210.357s][debug][gc,phases      ] GC(138)     Total                          Min: 0, Avg:  0.0, Max: 0, Diff: 0, Sum: 0, Workers: 4
[210.357s][debug][gc,phases      ] GC(138)   Weak JFR Old Object Samples    Min:  0.0, Avg:  0.0, Max:  0.0, Diff:  0.0, Sum:  0.0, Workers: 4
[210.357s][debug][gc,phases      ] GC(138)     Dead                           Min: 0, Avg:  0.0, Max: 0, Diff: 0, Sum: 0, Workers: 4
[210.357s][debug][gc,phases      ] GC(138)     Total                          Min: 0, Avg:  0.0, Max: 0, Diff: 0, Sum: 0, Workers: 4
[210.357s][debug][gc,phases      ] GC(138) Weak Processing 0.326ms
[210.357s][debug][gc,age         ] GC(138) Desired survivor size 165150720 bytes, new threshold 15 (max threshold 15)
[210.357s][info ][gc,heap        ] GC(138) PSYoungGen: 1807638K(1928704K)->55153K(1921024K) Eden: 1752576K(1752576K)->0K(1752576K) From: 55062K(176128K)->55153K(168448K)
[210.357s][info ][gc,heap        ] GC(138) ParOldGen: 593558K(734720K)->593558K(734720K)
[210.357s][info ][gc,metaspace   ] GC(138) Metaspace: 85652K(86592K)->85652K(86592K) NonClass: 73691K(74176K)->73691K(74176K) Class: 11961K(12416K)->11961K(12416K)
[210.357s][info ][gc             ] GC(138) Pause Young (Allocation Failure) 2344M->633M(2593M) 16.652ms
[210.357s][info ][gc,cpu         ] GC(138) User=0.07s Sys=0.00s Real=0.02s
[210.357s][info ][safepoint      ] Safepoint "ParallelGCFailedAllocation", Time since last: 896736530 ns, Reaching safepoint: 44202 ns, At safepoint: 16742650 ns, Total: 16786852 ns
[212.358s][info ][safepoint      ] Safepoint "Cleanup", Time since last: 2000165072 ns, Reaching safepoint: 123903 ns, At safepoint: 9001 ns, Total: 132904 ns
[214.358s][info ][safepoint      ] Safepoint "Cleanup", Time since last: 2000158701 ns, Reaching safepoint: 123204 ns, At safepoint: 7400 ns, Total: 130604 ns
[215.358s][info ][safepoint      ] Safepoint "Cleanup", Time since last: 1000105825 ns, Reaching safepoint: 126504 ns, At safepoint: 6100 ns, Total: 132604 ns
[216.358s][info ][safepoint      ] Safepoint "Cleanup", Time since last: 1000096707 ns, Reaching safepoint: 128004 ns, At safepoint: 8000 ns, Total: 136004 ns
[218.359s][info ][safepoint      ] Safepoint "Cleanup", Time since last: 2000175163 ns, Reaching safepoint: 126403 ns, At safepoint: 7900 ns, Total: 134303 ns
[220.359s][info ][safepoint      ] Safepoint "Cleanup", Time since last: 2000164593 ns, Reaching safepoint: 122203 ns, At safepoint: 10901 ns, Total: 133104 ns
[221.359s][info ][safepoint      ] Safepoint "Cleanup", Time since last: 1000118921 ns, Reaching safepoint: 125404 ns, At safepoint: 13400 ns, Total: 138804 ns
[222.359s][info ][safepoint      ] Safepoint "Cleanup", Time since last: 1000094204 ns, Reaching safepoint: 120403 ns, At safepoint: 10300 ns, Total: 130703 ns
[222.455s][info ][safepoint      ] Safepoint "ParallelGCFailedAllocation", Time since last: 95831958 ns, Reaching safepoint: 55401 ns, At safepoint: 10801 ns, Total: 66202 ns
[222.455s][info ][gc,start       ] GC(139) Pause Young (GCLocker Initiated GC)
[222.472s][debug][gc,phases      ] GC(139) Scavenge 16.903ms
[222.472s][debug][gc,ref         ] GC(139) Skipped phase 1 of Reference Processing: no references
[222.472s][debug][gc,ref         ] GC(139) ReferenceProcessor::execute queues: 1, RefProcThreadModel::Single, marks_oops_alive: false
[222.473s][debug][gc,ref         ] GC(139) Skipped phase 3 of Reference Processing: no references
[222.473s][debug][gc,ref         ] GC(139) ReferenceProcessor::execute queues: 1, RefProcThreadModel::Single, marks_oops_alive: false
[222.473s][debug][gc,phases      ] GC(139) Reference Processing 0.134ms
[222.473s][debug][gc,phases      ] GC(139)   VM Weak                        Min:  0.0, Avg:  0.0, Max:  0.0, Diff:  0.0, Sum:  0.0, Workers: 4
[222.473s][debug][gc,phases      ] GC(139)     Dead                           Min: 0, Avg:  0.0, Max: 0, Diff: 0, Sum: 0, Workers: 4
[222.473s][debug][gc,phases      ] GC(139)     Total                          Min: 0, Avg: 186.2, Max: 640, Diff: 640, Sum: 745, Workers: 4
[222.473s][debug][gc,phases      ] GC(139)   ObjectSynchronizer Weak        Min:  0.0, Avg:  0.0, Max:  0.0, Diff:  0.0, Sum:  0.0, Workers: 4
[222.473s][debug][gc,phases      ] GC(139)     Dead                           Min: 0, Avg:  0.0, Max: 0, Diff: 0, Sum: 0, Workers: 4
[222.473s][debug][gc,phases      ] GC(139)     Total                          Min: 0, Avg: 116.5, Max: 338, Diff: 338, Sum: 466, Workers: 4
[222.473s][debug][gc,phases      ] GC(139)   JVMTI Tag Weak OopStorage      Min:  0.0, Avg:  0.0, Max:  0.0, Diff:  0.0, Sum:  0.0, Workers: 4
[222.473s][debug][gc,phases      ] GC(139)     Dead                           Min: 0, Avg:  0.0, Max: 0, Diff: 0, Sum: 0, Workers: 4
[222.473s][debug][gc,phases      ] GC(139)     Total                          Min: 0, Avg:  0.0, Max: 0, Diff: 0, Sum: 0, Workers: 4
[222.473s][debug][gc,phases      ] GC(139)   StringTable Weak               Min:  0.1, Avg:  0.1, Max:  0.1, Diff:  0.0, Sum:  0.4, Workers: 4
[222.473s][debug][gc,phases      ] GC(139)     Dead                           Min: 0, Avg:  0.0, Max: 0, Diff: 0, Sum: 0, Workers: 4
[222.473s][debug][gc,phases      ] GC(139)     Total                          Min: 11499, Avg: 12106.8, Max: 12992, Diff: 1493, Sum: 48427, Workers: 4
[222.473s][debug][gc,phases      ] GC(139)   ResolvedMethodTable Weak       Min:  0.0, Avg:  0.0, Max:  0.0, Diff:  0.0, Sum:  0.1, Workers: 4
[222.473s][debug][gc,phases      ] GC(139)     Dead                           Min: 0, Avg:  0.0, Max: 0, Diff: 0, Sum: 0, Workers: 4
[222.473s][debug][gc,phases      ] GC(139)     Total                          Min: 2046, Avg: 2239.5, Max: 2432, Diff: 386, Sum: 8958, Workers: 4
[222.473s][debug][gc,phases      ] GC(139)   JNI Weak                       Min:  0.0, Avg:  0.0, Max:  0.0, Diff:  0.0, Sum:  0.0, Workers: 4
[222.473s][debug][gc,phases      ] GC(139)     Dead                           Min: 0, Avg:  0.0, Max: 0, Diff: 0, Sum: 0, Workers: 4
[222.473s][debug][gc,phases      ] GC(139)     Total                          Min: 0, Avg:  0.0, Max: 0, Diff: 0, Sum: 0, Workers: 4
[222.473s][debug][gc,phases      ] GC(139)   StringDedup Table Weak         Min:  0.0, Avg:  0.0, Max:  0.0, Diff:  0.0, Sum:  0.0, Workers: 4
[222.473s][debug][gc,phases      ] GC(139)     Dead                           Min: 0, Avg:  0.0, Max: 0, Diff: 0, Sum: 0, Workers: 4
[222.473s][debug][gc,phases      ] GC(139)     Total                          Min: 0, Avg:  0.0, Max: 0, Diff: 0, Sum: 0, Workers: 4
[222.473s][debug][gc,phases      ] GC(139)   StringDedup Requests0 Weak     Min:  0.0, Avg:  0.0, Max:  0.0, Diff:  0.0, Sum:  0.0, Workers: 4
[222.473s][debug][gc,phases      ] GC(139)     Dead                           Min: 0, Avg:  0.0, Max: 0, Diff: 0, Sum: 0, Workers: 4
[222.473s][debug][gc,phases      ] GC(139)     Total                          Min: 0, Avg:  0.0, Max: 0, Diff: 0, Sum: 0, Workers: 4
[222.473s][debug][gc,phases      ] GC(139)   StringDedup Requests1 Weak     Min:  0.0, Avg:  0.0, Max:  0.0, Diff:  0.0, Sum:  0.0, Workers: 4
[222.473s][debug][gc,phases      ] GC(139)     Dead                           Min: 0, Avg:  0.0, Max: 0, Diff: 0, Sum: 0, Workers: 4
[222.473s][debug][gc,phases      ] GC(139)     Total                          Min: 0, Avg:  0.0, Max: 0, Diff: 0, Sum: 0, Workers: 4
[222.473s][debug][gc,phases      ] GC(139)   Weak JFR Old Object Samples    Min:  0.0, Avg:  0.0, Max:  0.0, Diff:  0.0, Sum:  0.0, Workers: 4
[222.473s][debug][gc,phases      ] GC(139)     Dead                           Min: 0, Avg:  0.0, Max: 0, Diff: 0, Sum: 0, Workers: 4
[222.473s][debug][gc,phases      ] GC(139)     Total                          Min: 0, Avg:  0.0, Max: 0, Diff: 0, Sum: 0, Workers: 4
[222.473s][debug][gc,phases      ] GC(139) Weak Processing 0.331ms
[222.473s][debug][gc,age         ] GC(139) Desired survivor size 157810688 bytes, new threshold 15 (max threshold 15)
[222.473s][info ][gc,heap        ] GC(139) PSYoungGen: 1807729K(1921024K)->56017K(1943040K) Eden: 1752576K(1752576K)->0K(1781760K) From: 55153K(168448K)->56017K(161280K)
[222.473s][info ][gc,heap        ] GC(139) ParOldGen: 593560K(734720K)->593560K(734720K)
[222.473s][info ][gc,metaspace   ] GC(139) Metaspace: 85672K(86656K)->85672K(86656K) NonClass: 73710K(74240K)->73710K(74240K) Class: 11961K(12416K)->11961K(12416K)
[222.473s][info ][gc             ] GC(139) Pause Young (GCLocker Initiated GC) 2345M->634M(2615M) 17.481ms
[222.473s][info ][gc,cpu         ] GC(139) User=0.07s Sys=0.00s Real=0.02s
[222.473s][info ][safepoint      ] Safepoint "ParallelGCSystemGC", Time since last: 92202 ns, Reaching safepoint: 14901 ns, At safepoint: 17553768 ns, Total: 17568669 ns
[223.473s][info ][safepoint      ] Safepoint "Cleanup", Time since last: 1000086784 ns, Reaching safepoint: 65002 ns, At safepoint: 10300 ns, Total: 75302 ns
[224.473s][info ][safepoint      ] Safepoint "Cleanup", Time since last: 1000094768 ns, Reaching safepoint: 58601 ns, At safepoint: 12901 ns, Total: 71502 ns
[226.474s][info ][safepoint      ] Safepoint "Cleanup", Time since last: 2000161982 ns, Reaching safepoint: 63502 ns, At safepoint: 9300 ns, Total: 72802 ns
[227.474s][info ][safepoint      ] Safepoint "Cleanup", Time since last: 1000101216 ns, Reaching safepoint: 55902 ns, At safepoint: 4500 ns, Total: 60402 ns
[228.474s][info ][safepoint      ] Safepoint "Cleanup", Time since last: 1000102599 ns, Reaching safepoint: 37201 ns, At safepoint: 7000 ns, Total: 44201 ns
[229.474s][info ][safepoint      ] Safepoint "Cleanup", Time since last: 1000104082 ns, Reaching safepoint: 52302 ns, At safepoint: 3200 ns, Total: 55502 ns
[230.474s][info ][safepoint      ] Safepoint "Cleanup", Time since last: 1000111365 ns, Reaching safepoint: 66802 ns, At safepoint: 7400 ns, Total: 74202 ns
[231.474s][info ][safepoint      ] Safepoint "Cleanup", Time since last: 1000106448 ns, Reaching safepoint: 50502 ns, At safepoint: 17700 ns, Total: 68202 ns
[232.474s][info ][safepoint      ] Safepoint "Cleanup", Time since last: 1000094531 ns, Reaching safepoint: 45401 ns, At safepoint: 7701 ns, Total: 53102 ns
[233.475s][info ][safepoint      ] Safepoint "Cleanup", Time since last: 1000104214 ns, Reaching safepoint: 51401 ns, At safepoint: 7501 ns, Total: 58902 ns
[234.475s][info ][safepoint      ] Safepoint "Cleanup", Time since last: 1000097797 ns, Reaching safepoint: 55702 ns, At safepoint: 4300 ns, Total: 60002 ns
[234.955s][info ][safepoint      ] Safepoint "ParallelGCFailedAllocation", Time since last: 480182718 ns, Reaching safepoint: 29600 ns, At safepoint: 11201 ns, Total: 40801 ns
[234.955s][info ][gc,start       ] GC(140) Pause Young (GCLocker Initiated GC)
[234.971s][debug][gc,phases      ] GC(140) Scavenge 15.881ms
[234.971s][debug][gc,ref         ] GC(140) Skipped phase 1 of Reference Processing: no references
[234.971s][debug][gc,ref         ] GC(140) ReferenceProcessor::execute queues: 1, RefProcThreadModel::Single, marks_oops_alive: false
[234.971s][debug][gc,ref         ] GC(140) Skipped phase 3 of Reference Processing: no references
[234.971s][debug][gc,ref         ] GC(140) ReferenceProcessor::execute queues: 1, RefProcThreadModel::Single, marks_oops_alive: false
[234.971s][debug][gc,phases      ] GC(140) Reference Processing 0.156ms
[234.971s][debug][gc,phases      ] GC(140)   VM Weak                        Min:  0.0, Avg:  0.0, Max:  0.0, Diff:  0.0, Sum:  0.0, Workers: 4
[234.971s][debug][gc,phases      ] GC(140)     Dead                           Min: 0, Avg:  0.0, Max: 0, Diff: 0, Sum: 0, Workers: 4
[234.971s][debug][gc,phases      ] GC(140)     Total                          Min: 0, Avg: 186.2, Max: 448, Diff: 448, Sum: 745, Workers: 4
[234.971s][debug][gc,phases      ] GC(140)   ObjectSynchronizer Weak        Min:  0.0, Avg:  0.0, Max:  0.0, Diff:  0.0, Sum:  0.0, Workers: 4
[234.971s][debug][gc,phases      ] GC(140)     Dead                           Min: 0, Avg:  0.0, Max: 0, Diff: 0, Sum: 0, Workers: 4
[234.971s][debug][gc,phases      ] GC(140)     Total                          Min: 0, Avg: 116.5, Max: 274, Diff: 274, Sum: 466, Workers: 4
[234.971s][debug][gc,phases      ] GC(140)   JVMTI Tag Weak OopStorage      Min:  0.0, Avg:  0.0, Max:  0.0, Diff:  0.0, Sum:  0.0, Workers: 4
[234.971s][debug][gc,phases      ] GC(140)     Dead                           Min: 0, Avg:  0.0, Max: 0, Diff: 0, Sum: 0, Workers: 4
[234.972s][debug][gc,phases      ] GC(140)     Total                          Min: 0, Avg:  0.0, Max: 0, Diff: 0, Sum: 0, Workers: 4
[234.972s][debug][gc,phases      ] GC(140)   StringTable Weak               Min:  0.1, Avg:  0.1, Max:  0.1, Diff:  0.0, Sum:  0.4, Workers: 4
[234.972s][debug][gc,phases      ] GC(140)     Dead                           Min: 0, Avg:  0.0, Max: 0, Diff: 0, Sum: 0, Workers: 4
[234.972s][debug][gc,phases      ] GC(140)     Total                          Min: 11648, Avg: 12112.2, Max: 13056, Diff: 1408, Sum: 48449, Workers: 4
[234.972s][debug][gc,phases      ] GC(140)   ResolvedMethodTable Weak       Min:  0.0, Avg:  0.0, Max:  0.0, Diff:  0.0, Sum:  0.1, Workers: 4
[234.972s][debug][gc,phases      ] GC(140)     Dead                           Min: 0, Avg:  0.0, Max: 0, Diff: 0, Sum: 0, Workers: 4
[234.972s][debug][gc,phases      ] GC(140)     Total                          Min: 1984, Avg: 2239.5, Max: 2430, Diff: 446, Sum: 8958, Workers: 4
[234.972s][debug][gc,phases      ] GC(140)   JNI Weak                       Min:  0.0, Avg:  0.0, Max:  0.0, Diff:  0.0, Sum:  0.0, Workers: 4
[234.972s][debug][gc,phases      ] GC(140)     Dead                           Min: 0, Avg:  0.0, Max: 0, Diff: 0, Sum: 0, Workers: 4
[234.972s][debug][gc,phases      ] GC(140)     Total                          Min: 0, Avg:  0.0, Max: 0, Diff: 0, Sum: 0, Workers: 4
[234.972s][debug][gc,phases      ] GC(140)   StringDedup Table Weak         Min:  0.0, Avg:  0.0, Max:  0.0, Diff:  0.0, Sum:  0.0, Workers: 4
[234.972s][debug][gc,phases      ] GC(140)     Dead                           Min: 0, Avg:  0.0, Max: 0, Diff: 0, Sum: 0, Workers: 4
[234.972s][debug][gc,phases      ] GC(140)     Total                          Min: 0, Avg:  0.0, Max: 0, Diff: 0, Sum: 0, Workers: 4
[234.972s][debug][gc,phases      ] GC(140)   StringDedup Requests0 Weak     Min:  0.0, Avg:  0.0, Max:  0.0, Diff:  0.0, Sum:  0.0, Workers: 4
[234.972s][debug][gc,phases      ] GC(140)     Dead                           Min: 0, Avg:  0.0, Max: 0, Diff: 0, Sum: 0, Workers: 4
[234.972s][debug][gc,phases      ] GC(140)     Total                          Min: 0, Avg:  0.0, Max: 0, Diff: 0, Sum: 0, Workers: 4
[234.972s][debug][gc,phases      ] GC(140)   StringDedup Requests1 Weak     Min:  0.0, Avg:  0.0, Max:  0.0, Diff:  0.0, Sum:  0.0, Workers: 4
[234.972s][debug][gc,phases      ] GC(140)     Dead                           Min: 0, Avg:  0.0, Max: 0, Diff: 0, Sum: 0, Workers: 4
[234.972s][debug][gc,phases      ] GC(140)     Total                          Min: 0, Avg:  0.0, Max: 0, Diff: 0, Sum: 0, Workers: 4
[234.972s][debug][gc,phases      ] GC(140)   Weak JFR Old Object Samples    Min:  0.0, Avg:  0.0, Max:  0.0, Diff:  0.0, Sum:  0.0, Workers: 4
[234.972s][debug][gc,phases      ] GC(140)     Dead                           Min: 0, Avg:  0.0, Max: 0, Diff: 0, Sum: 0, Workers: 4
[234.972s][debug][gc,phases      ] GC(140)     Total                          Min: 0, Avg:  0.0, Max: 0, Diff: 0, Sum: 0, Workers: 4
[234.972s][debug][gc,phases      ] GC(140) Weak Processing 0.329ms
[234.972s][debug][gc,age         ] GC(140) Desired survivor size 150994944 bytes, new threshold 15 (max threshold 15)
[234.972s][info ][gc,heap        ] GC(140) PSYoungGen: 1837777K(1943040K)->56625K(1935872K) Eden: 1781760K(1781760K)->0K(1781760K) From: 56017K(161280K)->56625K(154112K)
[234.972s][info ][gc,heap        ] GC(140) ParOldGen: 593562K(734720K)->593562K(734720K)
[234.972s][info ][gc,metaspace   ] GC(140) Metaspace: 85708K(86656K)->85708K(86656K) NonClass: 73746K(74240K)->73746K(74240K) Class: 11961K(12416K)->11961K(12416K)
[234.972s][info ][gc             ] GC(140) Pause Young (GCLocker Initiated GC) 2374M->634M(2608M) 16.477ms
[234.972s][info ][gc,cpu         ] GC(140) User=0.07s Sys=0.00s Real=0.02s
[234.972s][info ][safepoint      ] Safepoint "ParallelGCSystemGC", Time since last: 89202 ns, Reaching safepoint: 15701 ns, At safepoint: 16549638 ns, Total: 16565339 ns
[235.972s][info ][safepoint      ] Safepoint "Cleanup", Time since last: 1000092272 ns, Reaching safepoint: 117303 ns, At safepoint: 7800 ns, Total: 125103 ns
[237.972s][info ][safepoint      ] Safepoint "Cleanup", Time since last: 2000184994 ns, Reaching safepoint: 45601 ns, At safepoint: 8301 ns, Total: 53902 ns
[238.972s][info ][safepoint      ] Safepoint "Cleanup", Time since last: 1000096822 ns, Reaching safepoint: 63101 ns, At safepoint: 7401 ns, Total: 70502 ns
[239.972s][info ][safepoint      ] Safepoint "Cleanup", Time since last: 1000105105 ns, Reaching safepoint: 56302 ns, At safepoint: 4900 ns, Total: 61202 ns
[241.973s][info ][safepoint      ] Safepoint "Cleanup", Time since last: 2000161060 ns, Reaching safepoint: 52901 ns, At safepoint: 11101 ns, Total: 64002 ns
[242.973s][info ][safepoint      ] Safepoint "Cleanup", Time since last: 1000097755 ns, Reaching safepoint: 122703 ns, At safepoint: 14301 ns, Total: 137004 ns
[243.973s][info ][safepoint      ] Safepoint "Cleanup", Time since last: 1000110739 ns, Reaching safepoint: 58402 ns, At safepoint: 8900 ns, Total: 67302 ns
[245.973s][info ][safepoint      ] Safepoint "Cleanup", Time since last: 2000189829 ns, Reaching safepoint: 56901 ns, At safepoint: 4200 ns, Total: 61101 ns
[246.974s][info ][safepoint      ] Safepoint "Cleanup", Time since last: 1000106690 ns, Reaching safepoint: 51002 ns, At safepoint: 6400 ns, Total: 57402 ns
[247.355s][info ][gc,start       ] GC(141) Pause Young (Allocation Failure)
[247.373s][debug][gc,phases      ] GC(141) Scavenge 18.659ms
[247.373s][debug][gc,ref         ] GC(141) Skipped phase 1 of Reference Processing: no references
[247.373s][debug][gc,ref         ] GC(141) ReferenceProcessor::execute queues: 1, RefProcThreadModel::Single, marks_oops_alive: false
[247.373s][debug][gc,ref         ] GC(141) Skipped phase 3 of Reference Processing: no references
[247.373s][debug][gc,ref         ] GC(141) ReferenceProcessor::execute queues: 1, RefProcThreadModel::Single, marks_oops_alive: false
[247.373s][debug][gc,phases      ] GC(141) Reference Processing 0.156ms
[247.374s][debug][gc,phases      ] GC(141)   VM Weak                        Min:  0.0, Avg:  0.0, Max:  0.0, Diff:  0.0, Sum:  0.0, Workers: 4
[247.374s][debug][gc,phases      ] GC(141)     Dead                           Min: 0, Avg:  0.0, Max: 0, Diff: 0, Sum: 0, Workers: 4
[247.374s][debug][gc,phases      ] GC(141)     Total                          Min: 0, Avg: 186.2, Max: 704, Diff: 704, Sum: 745, Workers: 4
[247.374s][debug][gc,phases      ] GC(141)   ObjectSynchronizer Weak        Min:  0.0, Avg:  0.0, Max:  0.0, Diff:  0.0, Sum:  0.0, Workers: 4
[247.374s][debug][gc,phases      ] GC(141)     Dead                           Min: 0, Avg:  0.0, Max: 0, Diff: 0, Sum: 0, Workers: 4
[247.374s][debug][gc,phases      ] GC(141)     Total                          Min: 0, Avg: 116.5, Max: 256, Diff: 256, Sum: 466, Workers: 4
[247.374s][debug][gc,phases      ] GC(141)   JVMTI Tag Weak OopStorage      Min:  0.0, Avg:  0.0, Max:  0.0, Diff:  0.0, Sum:  0.0, Workers: 4
[247.374s][debug][gc,phases      ] GC(141)     Dead                           Min: 0, Avg:  0.0, Max: 0, Diff: 0, Sum: 0, Workers: 4
[247.374s][debug][gc,phases      ] GC(141)     Total                          Min: 0, Avg:  0.0, Max: 0, Diff: 0, Sum: 0, Workers: 4
[247.374s][debug][gc,phases      ] GC(141)   StringTable Weak               Min:  0.1, Avg:  0.1, Max:  0.1, Diff:  0.0, Sum:  0.5, Workers: 4
[247.374s][debug][gc,phases      ] GC(141)     Dead                           Min: 0, Avg:  0.0, Max: 0, Diff: 0, Sum: 0, Workers: 4
[247.374s][debug][gc,phases      ] GC(141)     Total                          Min: 11072, Avg: 12113.0, Max: 13120, Diff: 2048, Sum: 48452, Workers: 4
[247.374s][debug][gc,phases      ] GC(141)   ResolvedMethodTable Weak       Min:  0.0, Avg:  0.0, Max:  0.0, Diff:  0.0, Sum:  0.1, Workers: 4
[247.374s][debug][gc,phases      ] GC(141)     Dead                           Min: 0, Avg:  0.0, Max: 0, Diff: 0, Sum: 0, Workers: 4
[247.374s][debug][gc,phases      ] GC(141)     Total                          Min: 2048, Avg: 2240.0, Max: 2432, Diff: 384, Sum: 8960, Workers: 4
[247.374s][debug][gc,phases      ] GC(141)   JNI Weak                       Min:  0.0, Avg:  0.0, Max:  0.0, Diff:  0.0, Sum:  0.0, Workers: 4
[247.374s][debug][gc,phases      ] GC(141)     Dead                           Min: 0, Avg:  0.0, Max: 0, Diff: 0, Sum: 0, Workers: 4
[247.374s][debug][gc,phases      ] GC(141)     Total                          Min: 0, Avg:  0.0, Max: 0, Diff: 0, Sum: 0, Workers: 4
[247.374s][debug][gc,phases      ] GC(141)   StringDedup Table Weak         Min:  0.0, Avg:  0.0, Max:  0.0, Diff:  0.0, Sum:  0.0, Workers: 4
[247.374s][debug][gc,phases      ] GC(141)     Dead                           Min: 0, Avg:  0.0, Max: 0, Diff: 0, Sum: 0, Workers: 4
[247.374s][debug][gc,phases      ] GC(141)     Total                          Min: 0, Avg:  0.0, Max: 0, Diff: 0, Sum: 0, Workers: 4
[247.374s][debug][gc,phases      ] GC(141)   StringDedup Requests0 Weak     Min:  0.0, Avg:  0.0, Max:  0.0, Diff:  0.0, Sum:  0.0, Workers: 4
[247.374s][debug][gc,phases      ] GC(141)     Dead                           Min: 0, Avg:  0.0, Max: 0, Diff: 0, Sum: 0, Workers: 4
[247.374s][debug][gc,phases      ] GC(141)     Total                          Min: 0, Avg:  0.0, Max: 0, Diff: 0, Sum: 0, Workers: 4
[247.374s][debug][gc,phases      ] GC(141)   StringDedup Requests1 Weak     Min:  0.0, Avg:  0.0, Max:  0.0, Diff:  0.0, Sum:  0.0, Workers: 4
[247.374s][debug][gc,phases      ] GC(141)     Dead                           Min: 0, Avg:  0.0, Max: 0, Diff: 0, Sum: 0, Workers: 4
[247.374s][debug][gc,phases      ] GC(141)     Total                          Min: 0, Avg:  0.0, Max: 0, Diff: 0, Sum: 0, Workers: 4
[247.374s][debug][gc,phases      ] GC(141)   Weak JFR Old Object Samples    Min:  0.0, Avg:  0.0, Max:  0.0, Diff:  0.0, Sum:  0.0, Workers: 4
[247.374s][debug][gc,phases      ] GC(141)     Dead                           Min: 0, Avg:  0.0, Max: 0, Diff: 0, Sum: 0, Workers: 4
[247.374s][debug][gc,phases      ] GC(141)     Total                          Min: 0, Avg:  0.0, Max: 0, Diff: 0, Sum: 0, Workers: 4
[247.374s][debug][gc,phases      ] GC(141) Weak Processing 0.363ms
[247.374s][debug][gc,age         ] GC(141) Desired survivor size 147324928 bytes, new threshold 15 (max threshold 15)
[247.374s][info ][gc,heap        ] GC(141) PSYoungGen: 1838385K(1935872K)->38497K(1953280K) Eden: 1781760K(1781760K)->0K(1805824K) From: 56625K(154112K)->38497K(147456K)
[247.374s][info ][gc,heap        ] GC(141) ParOldGen: 593579K(734720K)->612983K(734720K)
[247.374s][info ][gc,metaspace   ] GC(141) Metaspace: 85725K(86656K)->85725K(86656K) NonClass: 73762K(74240K)->73762K(74240K) Class: 11962K(12416K)->11962K(12416K)
[247.374s][info ][gc             ] GC(141) Pause Young (Allocation Failure) 2374M->636M(2625M) 19.329ms
[247.374s][info ][gc,cpu         ] GC(141) User=0.07s Sys=0.00s Real=0.02s
[247.374s][info ][safepoint      ] Safepoint "ParallelGCFailedAllocation", Time since last: 380884906 ns, Reaching safepoint: 111203 ns, At safepoint: 19418910 ns, Total: 19530113 ns
[249.374s][info ][safepoint      ] Safepoint "Cleanup", Time since last: 2000145416 ns, Reaching safepoint: 53102 ns, At safepoint: 34101 ns, Total: 87203 ns
[254.375s][info ][safepoint      ] Safepoint "Cleanup", Time since last: 5000342103 ns, Reaching safepoint: 52502 ns, At safepoint: 6900 ns, Total: 59402 ns
[256.375s][info ][safepoint      ] Safepoint "Cleanup", Time since last: 2000158589 ns, Reaching safepoint: 59301 ns, At safepoint: 8501 ns, Total: 67802 ns
[258.375s][info ][safepoint      ] Safepoint "Cleanup", Time since last: 2000163024 ns, Reaching safepoint: 50101 ns, At safepoint: 5400 ns, Total: 55501 ns
[259.375s][info ][safepoint      ] Safepoint "Cleanup", Time since last: 1000105289 ns, Reaching safepoint: 51402 ns, At safepoint: 3600 ns, Total: 55002 ns
[260.375s][info ][safepoint      ] Safepoint "Cleanup", Time since last: 1000095572 ns, Reaching safepoint: 61902 ns, At safepoint: 9300 ns, Total: 71202 ns
[261.376s][info ][safepoint      ] Safepoint "Cleanup", Time since last: 1000099357 ns, Reaching safepoint: 59601 ns, At safepoint: 8000 ns, Total: 67601 ns
[261.819s][info ][gc,start       ] GC(142) Pause Young (Allocation Failure)
[261.829s][debug][gc,phases      ] GC(142) Scavenge 9.466ms
[261.829s][debug][gc,ref         ] GC(142) Skipped phase 1 of Reference Processing: no references
[261.829s][debug][gc,ref         ] GC(142) ReferenceProcessor::execute queues: 1, RefProcThreadModel::Single, marks_oops_alive: false
[261.829s][debug][gc,ref         ] GC(142) Skipped phase 3 of Reference Processing: no references
[261.829s][debug][gc,ref         ] GC(142) ReferenceProcessor::execute queues: 1, RefProcThreadModel::Single, marks_oops_alive: false
[261.829s][debug][gc,phases      ] GC(142) Reference Processing 0.137ms
[261.829s][debug][gc,phases      ] GC(142)   VM Weak                        Min:  0.0, Avg:  0.0, Max:  0.0, Diff:  0.0, Sum:  0.0, Workers: 4
[261.829s][debug][gc,phases      ] GC(142)     Dead                           Min: 0, Avg:  0.0, Max: 0, Diff: 0, Sum: 0, Workers: 4
[261.829s][debug][gc,phases      ] GC(142)     Total                          Min: 0, Avg: 186.2, Max: 745, Diff: 745, Sum: 745, Workers: 4
[261.829s][debug][gc,phases      ] GC(142)   ObjectSynchronizer Weak        Min:  0.0, Avg:  0.0, Max:  0.0, Diff:  0.0, Sum:  0.0, Workers: 4
[261.829s][debug][gc,phases      ] GC(142)     Dead                           Min: 0, Avg:  0.0, Max: 0, Diff: 0, Sum: 0, Workers: 4
[261.829s][debug][gc,phases      ] GC(142)     Total                          Min: 0, Avg: 116.5, Max: 466, Diff: 466, Sum: 466, Workers: 4
[261.829s][debug][gc,phases      ] GC(142)   JVMTI Tag Weak OopStorage      Min:  0.0, Avg:  0.0, Max:  0.0, Diff:  0.0, Sum:  0.0, Workers: 4
[261.829s][debug][gc,phases      ] GC(142)     Dead                           Min: 0, Avg:  0.0, Max: 0, Diff: 0, Sum: 0, Workers: 4
[261.829s][debug][gc,phases      ] GC(142)     Total                          Min: 0, Avg:  0.0, Max: 0, Diff: 0, Sum: 0, Workers: 4
[261.829s][debug][gc,phases      ] GC(142)   StringTable Weak               Min:  0.1, Avg:  0.1, Max:  0.1, Diff:  0.0, Sum:  0.5, Workers: 4
[261.829s][debug][gc,phases      ] GC(142)     Dead                           Min: 0, Avg:  0.0, Max: 0, Diff: 0, Sum: 0, Workers: 4
[261.829s][debug][gc,phases      ] GC(142)     Total                          Min: 10894, Avg: 12115.5, Max: 13952, Diff: 3058, Sum: 48462, Workers: 4
[261.829s][debug][gc,phases      ] GC(142)   ResolvedMethodTable Weak       Min:  0.0, Avg:  0.0, Max:  0.0, Diff:  0.0, Sum:  0.1, Workers: 4
[261.829s][debug][gc,phases      ] GC(142)     Dead                           Min: 0, Avg:  0.0, Max: 0, Diff: 0, Sum: 0, Workers: 4
[261.829s][debug][gc,phases      ] GC(142)     Total                          Min: 2112, Avg: 2240.5, Max: 2432, Diff: 320, Sum: 8962, Workers: 4
[261.829s][debug][gc,phases      ] GC(142)   JNI Weak                       Min:  0.0, Avg:  0.0, Max:  0.0, Diff:  0.0, Sum:  0.0, Workers: 4
[261.829s][debug][gc,phases      ] GC(142)     Dead                           Min: 0, Avg:  0.0, Max: 0, Diff: 0, Sum: 0, Workers: 4
[261.829s][debug][gc,phases      ] GC(142)     Total                          Min: 0, Avg:  0.0, Max: 0, Diff: 0, Sum: 0, Workers: 4
[261.829s][debug][gc,phases      ] GC(142)   StringDedup Table Weak         Min:  0.0, Avg:  0.0, Max:  0.0, Diff:  0.0, Sum:  0.0, Workers: 4
[261.829s][debug][gc,phases      ] GC(142)     Dead                           Min: 0, Avg:  0.0, Max: 0, Diff: 0, Sum: 0, Workers: 4
[261.829s][debug][gc,phases      ] GC(142)     Total                          Min: 0, Avg:  0.0, Max: 0, Diff: 0, Sum: 0, Workers: 4
[261.829s][debug][gc,phases      ] GC(142)   StringDedup Requests0 Weak     Min:  0.0, Avg:  0.0, Max:  0.0, Diff:  0.0, Sum:  0.0, Workers: 4
[261.829s][debug][gc,phases      ] GC(142)     Dead                           Min: 0, Avg:  0.0, Max: 0, Diff: 0, Sum: 0, Workers: 4
[261.829s][debug][gc,phases      ] GC(142)     Total                          Min: 0, Avg:  0.0, Max: 0, Diff: 0, Sum: 0, Workers: 4
[261.829s][debug][gc,phases      ] GC(142)   StringDedup Requests1 Weak     Min:  0.0, Avg:  0.0, Max:  0.0, Diff:  0.0, Sum:  0.0, Workers: 4
[261.829s][debug][gc,phases      ] GC(142)     Dead                           Min: 0, Avg:  0.0, Max: 0, Diff: 0, Sum: 0, Workers: 4
[261.829s][debug][gc,phases      ] GC(142)     Total                          Min: 0, Avg:  0.0, Max: 0, Diff: 0, Sum: 0, Workers: 4
[261.829s][debug][gc,phases      ] GC(142)   Weak JFR Old Object Samples    Min:  0.0, Avg:  0.0, Max:  0.0, Diff:  0.0, Sum:  0.0, Workers: 4
[261.829s][debug][gc,phases      ] GC(142)     Dead                           Min: 0, Avg:  0.0, Max: 0, Diff: 0, Sum: 0, Workers: 4
[261.829s][debug][gc,phases      ] GC(142)     Total                          Min: 0, Avg:  0.0, Max: 0, Diff: 0, Sum: 0, Workers: 4
[261.829s][debug][gc,phases      ] GC(142) Weak Processing 0.361ms
[261.829s][debug][gc,age         ] GC(142) Desired survivor size 143654912 bytes, new threshold 15 (max threshold 15)
[261.829s][info ][gc,heap        ] GC(142) PSYoungGen: 1844321K(1953280K)->38337K(1949696K) Eden: 1805824K(1805824K)->0K(1805824K) From: 38497K(147456K)->38337K(143872K)
[261.829s][info ][gc,heap        ] GC(142) ParOldGen: 612983K(734720K)->613227K(734720K)
[261.829s][info ][gc,metaspace   ] GC(142) Metaspace: 85746K(86720K)->85746K(86720K) NonClass: 73782K(74304K)->73782K(74304K) Class: 11963K(12416K)->11963K(12416K)
[261.829s][info ][gc             ] GC(142) Pause Young (Allocation Failure) 2399M->636M(2621M) 10.091ms
[261.829s][info ][gc,cpu         ] GC(142) User=0.04s Sys=0.00s Real=0.01s
[261.829s][info ][safepoint      ] Safepoint "ParallelGCFailedAllocation", Time since last: 443627155 ns, Reaching safepoint: 47401 ns, At safepoint: 10177165 ns, Total: 10224566 ns
[262.830s][info ][safepoint      ] Safepoint "Cleanup", Time since last: 1000088434 ns, Reaching safepoint: 42201 ns, At safepoint: 3100 ns, Total: 45301 ns
[263.830s][info ][safepoint      ] Safepoint "Cleanup", Time since last: 1000096117 ns, Reaching safepoint: 50802 ns, At safepoint: 3200 ns, Total: 54002 ns
[264.830s][info ][safepoint      ] Safepoint "Cleanup", Time since last: 1000096901 ns, Reaching safepoint: 49402 ns, At safepoint: 5200 ns, Total: 54602 ns
[265.830s][info ][safepoint      ] Safepoint "Cleanup", Time since last: 1000105986 ns, Reaching safepoint: 128303 ns, At safepoint: 9200 ns, Total: 137503 ns
[266.830s][info ][safepoint      ] Safepoint "Cleanup", Time since last: 1000091070 ns, Reaching safepoint: 38901 ns, At safepoint: 3200 ns, Total: 42101 ns
[267.830s][info ][safepoint      ] Safepoint "Cleanup", Time since last: 1000071954 ns, Reaching safepoint: 48401 ns, At safepoint: 5100 ns, Total: 53501 ns
[270.831s][info ][safepoint      ] Safepoint "Cleanup", Time since last: 3000244968 ns, Reaching safepoint: 46601 ns, At safepoint: 3500 ns, Total: 50101 ns
[271.831s][info ][safepoint      ] Safepoint "Cleanup", Time since last: 1000100192 ns, Reaching safepoint: 50201 ns, At safepoint: 5600 ns, Total: 55801 ns
[275.303s][info ][gc,start       ] GC(143) Pause Young (Allocation Failure)
[275.315s][debug][gc,phases      ] GC(143) Scavenge 11.243ms
[275.315s][debug][gc,ref         ] GC(143) Skipped phase 1 of Reference Processing: no references
[275.315s][debug][gc,ref         ] GC(143) ReferenceProcessor::execute queues: 1, RefProcThreadModel::Single, marks_oops_alive: false
[275.315s][debug][gc,ref         ] GC(143) Skipped phase 3 of Reference Processing: no references
[275.315s][debug][gc,ref         ] GC(143) ReferenceProcessor::execute queues: 1, RefProcThreadModel::Single, marks_oops_alive: false
[275.315s][debug][gc,phases      ] GC(143) Reference Processing 0.131ms
[275.315s][debug][gc,phases      ] GC(143)   VM Weak                        Min:  0.0, Avg:  0.0, Max:  0.0, Diff:  0.0, Sum:  0.0, Workers: 4
[275.315s][debug][gc,phases      ] GC(143)     Dead                           Min: 0, Avg:  0.0, Max: 0, Diff: 0, Sum: 0, Workers: 4
[275.315s][debug][gc,phases      ] GC(143)     Total                          Min: 0, Avg: 186.2, Max: 384, Diff: 384, Sum: 745, Workers: 4
[275.315s][debug][gc,phases      ] GC(143)   ObjectSynchronizer Weak        Min:  0.0, Avg:  0.0, Max:  0.0, Diff:  0.0, Sum:  0.0, Workers: 4
[275.315s][debug][gc,phases      ] GC(143)     Dead                           Min: 0, Avg:  0.0, Max: 0, Diff: 0, Sum: 0, Workers: 4
[275.315s][debug][gc,phases      ] GC(143)     Total                          Min: 0, Avg: 116.5, Max: 320, Diff: 320, Sum: 466, Workers: 4
[275.315s][debug][gc,phases      ] GC(143)   JVMTI Tag Weak OopStorage      Min:  0.0, Avg:  0.0, Max:  0.0, Diff:  0.0, Sum:  0.0, Workers: 4
[275.315s][debug][gc,phases      ] GC(143)     Dead                           Min: 0, Avg:  0.0, Max: 0, Diff: 0, Sum: 0, Workers: 4
[275.315s][debug][gc,phases      ] GC(143)     Total                          Min: 0, Avg:  0.0, Max: 0, Diff: 0, Sum: 0, Workers: 4
[275.315s][debug][gc,phases      ] GC(143)   StringTable Weak               Min:  0.1, Avg:  0.1, Max:  0.1, Diff:  0.0, Sum:  0.4, Workers: 4
[275.315s][debug][gc,phases      ] GC(143)     Dead                           Min: 0, Avg:  0.0, Max: 0, Diff: 0, Sum: 0, Workers: 4
[275.315s][debug][gc,phases      ] GC(143)     Total                          Min: 11456, Avg: 12116.2, Max: 12817, Diff: 1361, Sum: 48465, Workers: 4
[275.315s][debug][gc,phases      ] GC(143)   ResolvedMethodTable Weak       Min:  0.0, Avg:  0.0, Max:  0.0, Diff:  0.0, Sum:  0.1, Workers: 4
[275.315s][debug][gc,phases      ] GC(143)     Dead                           Min: 0, Avg:  0.0, Max: 0, Diff: 0, Sum: 0, Workers: 4
[275.315s][debug][gc,phases      ] GC(143)     Total                          Min: 2114, Avg: 2240.5, Max: 2368, Diff: 254, Sum: 8962, Workers: 4
[275.315s][debug][gc,phases      ] GC(143)   JNI Weak                       Min:  0.0, Avg:  0.0, Max:  0.0, Diff:  0.0, Sum:  0.0, Workers: 4
[275.315s][debug][gc,phases      ] GC(143)     Dead                           Min: 0, Avg:  0.0, Max: 0, Diff: 0, Sum: 0, Workers: 4
[275.315s][debug][gc,phases      ] GC(143)     Total                          Min: 0, Avg:  0.0, Max: 0, Diff: 0, Sum: 0, Workers: 4
[275.315s][debug][gc,phases      ] GC(143)   StringDedup Table Weak         Min:  0.0, Avg:  0.0, Max:  0.0, Diff:  0.0, Sum:  0.0, Workers: 4
[275.315s][debug][gc,phases      ] GC(143)     Dead                           Min: 0, Avg:  0.0, Max: 0, Diff: 0, Sum: 0, Workers: 4
[275.315s][debug][gc,phases      ] GC(143)     Total                          Min: 0, Avg:  0.0, Max: 0, Diff: 0, Sum: 0, Workers: 4
[275.315s][debug][gc,phases      ] GC(143)   StringDedup Requests0 Weak     Min:  0.0, Avg:  0.0, Max:  0.0, Diff:  0.0, Sum:  0.0, Workers: 4
[275.315s][debug][gc,phases      ] GC(143)     Dead                           Min: 0, Avg:  0.0, Max: 0, Diff: 0, Sum: 0, Workers: 4
[275.315s][debug][gc,phases      ] GC(143)     Total                          Min: 0, Avg:  0.0, Max: 0, Diff: 0, Sum: 0, Workers: 4
[275.315s][debug][gc,phases      ] GC(143)   StringDedup Requests1 Weak     Min:  0.0, Avg:  0.0, Max:  0.0, Diff:  0.0, Sum:  0.0, Workers: 4
[275.315s][debug][gc,phases      ] GC(143)     Dead                           Min: 0, Avg:  0.0, Max: 0, Diff: 0, Sum: 0, Workers: 4
[275.315s][debug][gc,phases      ] GC(143)     Total                          Min: 0, Avg:  0.0, Max: 0, Diff: 0, Sum: 0, Workers: 4
[275.315s][debug][gc,phases      ] GC(143)   Weak JFR Old Object Samples    Min:  0.0, Avg:  0.0, Max:  0.0, Diff:  0.0, Sum:  0.0, Workers: 4
[275.315s][debug][gc,phases      ] GC(143)     Dead                           Min: 0, Avg:  0.0, Max: 0, Diff: 0, Sum: 0, Workers: 4
[275.315s][debug][gc,phases      ] GC(143)     Total                          Min: 0, Avg:  0.0, Max: 0, Diff: 0, Sum: 0, Workers: 4
[275.315s][debug][gc,phases      ] GC(143) Weak Processing 0.340ms
[275.315s][debug][gc,age         ] GC(143) Desired survivor size 140509184 bytes, new threshold 15 (max threshold 15)
[275.315s][info ][gc,heap        ] GC(143) PSYoungGen: 1844161K(1949696K)->31872K(1959936K) Eden: 1805824K(1805824K)->0K(1819648K) From: 38337K(143872K)->31872K(140288K)
[275.315s][info ][gc,heap        ] GC(143) ParOldGen: 613227K(734720K)->620139K(734720K)
[275.315s][info ][gc,metaspace   ] GC(143) Metaspace: 85763K(86720K)->85763K(86720K) NonClass: 73798K(74304K)->73798K(74304K) Class: 11964K(12416K)->11964K(12416K)
[275.315s][info ][gc             ] GC(143) Pause Young (Allocation Failure) 2399M->636M(2631M) 11.851ms
[275.315s][info ][gc,cpu         ] GC(143) User=0.04s Sys=0.01s Real=0.01s
[275.315s][info ][safepoint      ] Safepoint "ParallelGCFailedAllocation", Time since last: 3472445776 ns, Reaching safepoint: 134903 ns, At safepoint: 11940408 ns, Total: 12075311 ns
[277.316s][info ][safepoint      ] Safepoint "Cleanup", Time since last: 2000156127 ns, Reaching safepoint: 128104 ns, At safepoint: 9000 ns, Total: 137104 ns
[278.316s][info ][safepoint      ] Safepoint "Cleanup", Time since last: 1000096391 ns, Reaching safepoint: 119303 ns, At safepoint: 12700 ns, Total: 132003 ns
[279.316s][info ][safepoint      ] Safepoint "Cleanup", Time since last: 1000102675 ns, Reaching safepoint: 131204 ns, At safepoint: 16000 ns, Total: 147204 ns
[280.316s][info ][safepoint      ] Safepoint "Cleanup", Time since last: 1000099160 ns, Reaching safepoint: 125203 ns, At safepoint: 7101 ns, Total: 132304 ns
[281.317s][info ][safepoint      ] Safepoint "Cleanup", Time since last: 1000111444 ns, Reaching safepoint: 130304 ns, At safepoint: 13300 ns, Total: 143604 ns
[282.317s][info ][safepoint      ] Safepoint "Cleanup", Time since last: 1000099429 ns, Reaching safepoint: 121304 ns, At safepoint: 9100 ns, Total: 130404 ns
[283.317s][info ][safepoint      ] Safepoint "Cleanup", Time since last: 1000085413 ns, Reaching safepoint: 44102 ns, At safepoint: 4300 ns, Total: 48402 ns
[284.317s][info ][safepoint      ] Safepoint "Cleanup", Time since last: 1000106898 ns, Reaching safepoint: 120804 ns, At safepoint: 11900 ns, Total: 132704 ns
[285.422s][info ][safepoint      ] Safepoint "Cleanup", Time since last: 1104487063 ns, Reaching safepoint: 67102 ns, At safepoint: 10500 ns, Total: 77602 ns
[286.422s][info ][safepoint      ] Safepoint "Cleanup", Time since last: 1000103367 ns, Reaching safepoint: 47401 ns, At safepoint: 3200 ns, Total: 50601 ns
[286.982s][info ][gc,start       ] GC(144) Pause Young (Allocation Failure)
[286.993s][debug][gc,phases      ] GC(144) Scavenge 10.842ms
[286.993s][debug][gc,ref         ] GC(144) Skipped phase 1 of Reference Processing: no references
[286.993s][debug][gc,ref         ] GC(144) ReferenceProcessor::execute queues: 1, RefProcThreadModel::Single, marks_oops_alive: false
[286.993s][debug][gc,ref         ] GC(144) Skipped phase 3 of Reference Processing: no references
[286.993s][debug][gc,ref         ] GC(144) ReferenceProcessor::execute queues: 1, RefProcThreadModel::Single, marks_oops_alive: false
[286.993s][debug][gc,phases      ] GC(144) Reference Processing 0.131ms
[286.993s][debug][gc,phases      ] GC(144)   VM Weak                        Min:  0.0, Avg:  0.0, Max:  0.0, Diff:  0.0, Sum:  0.0, Workers: 4
[286.994s][debug][gc,phases      ] GC(144)     Dead                           Min: 0, Avg:  0.0, Max: 0, Diff: 0, Sum: 0, Workers: 4
[286.994s][debug][gc,phases      ] GC(144)     Total                          Min: 0, Avg: 186.2, Max: 745, Diff: 745, Sum: 745, Workers: 4
[286.994s][debug][gc,phases      ] GC(144)   ObjectSynchronizer Weak        Min:  0.0, Avg:  0.0, Max:  0.0, Diff:  0.0, Sum:  0.0, Workers: 4
[286.994s][debug][gc,phases      ] GC(144)     Dead                           Min: 0, Avg:  0.0, Max: 0, Diff: 0, Sum: 0, Workers: 4
[286.994s][debug][gc,phases      ] GC(144)     Total                          Min: 0, Avg: 116.5, Max: 256, Diff: 256, Sum: 466, Workers: 4
[286.994s][debug][gc,phases      ] GC(144)   JVMTI Tag Weak OopStorage      Min:  0.0, Avg:  0.0, Max:  0.0, Diff:  0.0, Sum:  0.0, Workers: 4
[286.994s][debug][gc,phases      ] GC(144)     Dead                           Min: 0, Avg:  0.0, Max: 0, Diff: 0, Sum: 0, Workers: 4
[286.994s][debug][gc,phases      ] GC(144)     Total                          Min: 0, Avg:  0.0, Max: 0, Diff: 0, Sum: 0, Workers: 4
[286.994s][debug][gc,phases      ] GC(144)   StringTable Weak               Min:  0.1, Avg:  0.1, Max:  0.1, Diff:  0.0, Sum:  0.4, Workers: 4
[286.994s][debug][gc,phases      ] GC(144)     Dead                           Min: 0, Avg:  0.0, Max: 0, Diff: 0, Sum: 0, Workers: 4
[286.994s][debug][gc,phases      ] GC(144)     Total                          Min: 10240, Avg: 12117.2, Max: 13888, Diff: 3648, Sum: 48469, Workers: 4
[286.994s][debug][gc,phases      ] GC(144)   ResolvedMethodTable Weak       Min:  0.0, Avg:  0.0, Max:  0.0, Diff:  0.0, Sum:  0.1, Workers: 4
[286.994s][debug][gc,phases      ] GC(144)     Dead                           Min: 0, Avg:  0.0, Max: 0, Diff: 0, Sum: 0, Workers: 4
[286.994s][debug][gc,phases      ] GC(144)     Total                          Min: 1664, Avg: 2240.5, Max: 2624, Diff: 960, Sum: 8962, Workers: 4
[286.994s][debug][gc,phases      ] GC(144)   JNI Weak                       Min:  0.0, Avg:  0.0, Max:  0.0, Diff:  0.0, Sum:  0.0, Workers: 4
[286.994s][debug][gc,phases      ] GC(144)     Dead                           Min: 0, Avg:  0.0, Max: 0, Diff: 0, Sum: 0, Workers: 4
[286.994s][debug][gc,phases      ] GC(144)     Total                          Min: 0, Avg:  0.0, Max: 0, Diff: 0, Sum: 0, Workers: 4
[286.994s][debug][gc,phases      ] GC(144)   StringDedup Table Weak         Min:  0.0, Avg:  0.0, Max:  0.0, Diff:  0.0, Sum:  0.0, Workers: 4
[286.994s][debug][gc,phases      ] GC(144)     Dead                           Min: 0, Avg:  0.0, Max: 0, Diff: 0, Sum: 0, Workers: 4
[286.994s][debug][gc,phases      ] GC(144)     Total                          Min: 0, Avg:  0.0, Max: 0, Diff: 0, Sum: 0, Workers: 4
[286.994s][debug][gc,phases      ] GC(144)   StringDedup Requests0 Weak     Min:  0.0, Avg:  0.0, Max:  0.0, Diff:  0.0, Sum:  0.0, Workers: 4
[286.994s][debug][gc,phases      ] GC(144)     Dead                           Min: 0, Avg:  0.0, Max: 0, Diff: 0, Sum: 0, Workers: 4
[286.994s][debug][gc,phases      ] GC(144)     Total                          Min: 0, Avg:  0.0, Max: 0, Diff: 0, Sum: 0, Workers: 4
[286.994s][debug][gc,phases      ] GC(144)   StringDedup Requests1 Weak     Min:  0.0, Avg:  0.0, Max:  0.0, Diff:  0.0, Sum:  0.0, Workers: 4
[286.994s][debug][gc,phases      ] GC(144)     Dead                           Min: 0, Avg:  0.0, Max: 0, Diff: 0, Sum: 0, Workers: 4
[286.994s][debug][gc,phases      ] GC(144)     Total                          Min: 0, Avg:  0.0, Max: 0, Diff: 0, Sum: 0, Workers: 4
[286.994s][debug][gc,phases      ] GC(144)   Weak JFR Old Object Samples    Min:  0.0, Avg:  0.0, Max:  0.0, Diff:  0.0, Sum:  0.0, Workers: 4
[286.994s][debug][gc,phases      ] GC(144)     Dead                           Min: 0, Avg:  0.0, Max: 0, Diff: 0, Sum: 0, Workers: 4
[286.994s][debug][gc,phases      ] GC(144)     Total                          Min: 0, Avg:  0.0, Max: 0, Diff: 0, Sum: 0, Workers: 4
[286.994s][debug][gc,phases      ] GC(144) Weak Processing 0.336ms
[286.994s][debug][gc,age         ] GC(144) Desired survivor size 139460608 bytes, new threshold 15 (max threshold 15)
[286.994s][info ][gc,heap        ] GC(144) PSYoungGen: 1851520K(1959936K)->18000K(1956864K) Eden: 1819648K(1819648K)->0K(1819648K) From: 31872K(140288K)->18000K(137216K)
[286.994s][info ][gc,heap        ] GC(144) ParOldGen: 620139K(734720K)->634724K(734720K)
[286.994s][info ][gc,metaspace   ] GC(144) Metaspace: 85770K(86720K)->85770K(86720K) NonClass: 73805K(74304K)->73805K(74304K) Class: 11964K(12416K)->11964K(12416K)
[286.994s][info ][gc             ] GC(144) Pause Young (Allocation Failure) 2413M->637M(2628M) 11.446ms
[286.994s][info ][gc,cpu         ] GC(144) User=0.05s Sys=0.00s Real=0.02s
[286.994s][info ][safepoint      ] Safepoint "ParallelGCFailedAllocation", Time since last: 560306875 ns, Reaching safepoint: 46501 ns, At safepoint: 11529195 ns, Total: 11575696 ns
[287.994s][info ][safepoint      ] Safepoint "Cleanup", Time since last: 1000089043 ns, Reaching safepoint: 50001 ns, At safepoint: 5000 ns, Total: 55001 ns
[288.994s][info ][safepoint      ] Safepoint "Cleanup", Time since last: 1000105028 ns, Reaching safepoint: 62202 ns, At safepoint: 10100 ns, Total: 72302 ns
[289.994s][info ][safepoint      ] Safepoint "Cleanup", Time since last: 1000115913 ns, Reaching safepoint: 46401 ns, At safepoint: 7500 ns, Total: 53901 ns
[291.994s][info ][safepoint      ] Safepoint "Cleanup", Time since last: 2000175979 ns, Reaching safepoint: 38101 ns, At safepoint: 3801 ns, Total: 41902 ns
[292.995s][info ][safepoint      ] Safepoint "Cleanup", Time since last: 1000101467 ns, Reaching safepoint: 36501 ns, At safepoint: 3100 ns, Total: 39601 ns
[293.995s][info ][safepoint      ] Safepoint "Cleanup", Time since last: 1000097052 ns, Reaching safepoint: 47902 ns, At safepoint: 6300 ns, Total: 54202 ns
[294.995s][info ][safepoint      ] Safepoint "Cleanup", Time since last: 1000108337 ns, Reaching safepoint: 45702 ns, At safepoint: 2900 ns, Total: 48602 ns
[295.995s][info ][safepoint      ] Safepoint "Cleanup", Time since last: 1000095722 ns, Reaching safepoint: 51001 ns, At safepoint: 6200 ns, Total: 57201 ns
[296.995s][info ][safepoint      ] Safepoint "Cleanup", Time since last: 1000101708 ns, Reaching safepoint: 117603 ns, At safepoint: 7400 ns, Total: 125003 ns
[297.995s][info ][safepoint      ] Safepoint "Cleanup", Time since last: 1000103393 ns, Reaching safepoint: 52601 ns, At safepoint: 3301 ns, Total: 55902 ns
[299.372s][info ][gc,start       ] GC(145) Pause Young (Allocation Failure)
[299.379s][debug][gc,phases      ] GC(145) Scavenge 7.122ms
[299.379s][debug][gc,ref         ] GC(145) Skipped phase 1 of Reference Processing: no references
[299.379s][debug][gc,ref         ] GC(145) ReferenceProcessor::execute queues: 1, RefProcThreadModel::Single, marks_oops_alive: false
[299.379s][debug][gc,ref         ] GC(145) Skipped phase 3 of Reference Processing: no references
[299.379s][debug][gc,ref         ] GC(145) ReferenceProcessor::execute queues: 1, RefProcThreadModel::Single, marks_oops_alive: false
[299.379s][debug][gc,phases      ] GC(145) Reference Processing 0.126ms
[299.379s][debug][gc,phases      ] GC(145)   VM Weak                        Min:  0.0, Avg:  0.0, Max:  0.0, Diff:  0.0, Sum:  0.0, Workers: 4
[299.379s][debug][gc,phases      ] GC(145)     Dead                           Min: 0, Avg:  0.0, Max: 0, Diff: 0, Sum: 0, Workers: 4
[299.379s][debug][gc,phases      ] GC(145)     Total                          Min: 0, Avg: 186.2, Max: 384, Diff: 384, Sum: 745, Workers: 4
[299.379s][debug][gc,phases      ] GC(145)   ObjectSynchronizer Weak        Min:  0.0, Avg:  0.0, Max:  0.0, Diff:  0.0, Sum:  0.0, Workers: 4
[299.379s][debug][gc,phases      ] GC(145)     Dead                           Min: 0, Avg:  0.0, Max: 0, Diff: 0, Sum: 0, Workers: 4
[299.379s][debug][gc,phases      ] GC(145)     Total                          Min: 0, Avg: 116.5, Max: 192, Diff: 192, Sum: 466, Workers: 4
[299.379s][debug][gc,phases      ] GC(145)   JVMTI Tag Weak OopStorage      Min:  0.0, Avg:  0.0, Max:  0.0, Diff:  0.0, Sum:  0.0, Workers: 4
[299.379s][debug][gc,phases      ] GC(145)     Dead                           Min: 0, Avg:  0.0, Max: 0, Diff: 0, Sum: 0, Workers: 4
[299.379s][debug][gc,phases      ] GC(145)     Total                          Min: 0, Avg:  0.0, Max: 0, Diff: 0, Sum: 0, Workers: 4
[299.379s][debug][gc,phases      ] GC(145)   StringTable Weak               Min:  0.1, Avg:  0.1, Max:  0.1, Diff:  0.0, Sum:  0.4, Workers: 4
[299.379s][debug][gc,phases      ] GC(145)     Dead                           Min: 0, Avg:  0.0, Max: 0, Diff: 0, Sum: 0, Workers: 4
[299.379s][debug][gc,phases      ] GC(145)     Total                          Min: 11712, Avg: 12118.2, Max: 12672, Diff: 960, Sum: 48473, Workers: 4
[299.379s][debug][gc,phases      ] GC(145)   ResolvedMethodTable Weak       Min:  0.0, Avg:  0.0, Max:  0.0, Diff:  0.0, Sum:  0.1, Workers: 4
[299.379s][debug][gc,phases      ] GC(145)     Dead                           Min: 0, Avg:  0.0, Max: 0, Diff: 0, Sum: 0, Workers: 4
[299.379s][debug][gc,phases      ] GC(145)     Total                          Min: 2178, Avg: 2240.5, Max: 2304, Diff: 126, Sum: 8962, Workers: 4
[299.379s][debug][gc,phases      ] GC(145)   JNI Weak                       Min:  0.0, Avg:  0.0, Max:  0.0, Diff:  0.0, Sum:  0.0, Workers: 4
[299.379s][debug][gc,phases      ] GC(145)     Dead                           Min: 0, Avg:  0.0, Max: 0, Diff: 0, Sum: 0, Workers: 4
[299.379s][debug][gc,phases      ] GC(145)     Total                          Min: 0, Avg:  0.0, Max: 0, Diff: 0, Sum: 0, Workers: 4
[299.379s][debug][gc,phases      ] GC(145)   StringDedup Table Weak         Min:  0.0, Avg:  0.0, Max:  0.0, Diff:  0.0, Sum:  0.0, Workers: 4
[299.379s][debug][gc,phases      ] GC(145)     Dead                           Min: 0, Avg:  0.0, Max: 0, Diff: 0, Sum: 0, Workers: 4
[299.379s][debug][gc,phases      ] GC(145)     Total                          Min: 0, Avg:  0.0, Max: 0, Diff: 0, Sum: 0, Workers: 4
[299.379s][debug][gc,phases      ] GC(145)   StringDedup Requests0 Weak     Min:  0.0, Avg:  0.0, Max:  0.0, Diff:  0.0, Sum:  0.0, Workers: 4
[299.379s][debug][gc,phases      ] GC(145)     Dead                           Min: 0, Avg:  0.0, Max: 0, Diff: 0, Sum: 0, Workers: 4
[299.379s][debug][gc,phases      ] GC(145)     Total                          Min: 0, Avg:  0.0, Max: 0, Diff: 0, Sum: 0, Workers: 4
[299.379s][debug][gc,phases      ] GC(145)   StringDedup Requests1 Weak     Min:  0.0, Avg:  0.0, Max:  0.0, Diff:  0.0, Sum:  0.0, Workers: 4
[299.379s][debug][gc,phases      ] GC(145)     Dead                           Min: 0, Avg:  0.0, Max: 0, Diff: 0, Sum: 0, Workers: 4
[299.379s][debug][gc,phases      ] GC(145)     Total                          Min: 0, Avg:  0.0, Max: 0, Diff: 0, Sum: 0, Workers: 4
[299.379s][debug][gc,phases      ] GC(145)   Weak JFR Old Object Samples    Min:  0.0, Avg:  0.0, Max:  0.0, Diff:  0.0, Sum:  0.0, Workers: 4
[299.379s][debug][gc,phases      ] GC(145)     Dead                           Min: 0, Avg:  0.0, Max: 0, Diff: 0, Sum: 0, Workers: 4
[299.379s][debug][gc,phases      ] GC(145)     Total                          Min: 0, Avg:  0.0, Max: 0, Diff: 0, Sum: 0, Workers: 4
[299.379s][debug][gc,phases      ] GC(145) Weak Processing 0.331ms
[299.379s][debug][gc,age         ] GC(145) Desired survivor size 138936320 bytes, new threshold 15 (max threshold 15)
[299.379s][info ][gc,heap        ] GC(145) PSYoungGen: 1837648K(1956864K)->9872K(1961472K) Eden: 1819648K(1819648K)->0K(1825280K) From: 18000K(137216K)->9872K(136192K)
[299.379s][info ][gc,heap        ] GC(145) ParOldGen: 634724K(734720K)->643201K(734720K)
[299.379s][info ][gc,metaspace   ] GC(145) Metaspace: 85802K(86720K)->85802K(86720K) NonClass: 73838K(74304K)->73838K(74304K) Class: 11964K(12416K)->11964K(12416K)
[299.379s][info ][gc             ] GC(145) Pause Young (Allocation Failure) 2414M->637M(2633M) 7.701ms
[299.379s][info ][gc,cpu         ] GC(145) User=0.02s Sys=0.01s Real=0.00s
[299.379s][info ][safepoint      ] Safepoint "ParallelGCFailedAllocation", Time since last: 1376107551 ns, Reaching safepoint: 46902 ns, At safepoint: 7791198 ns, Total: 7838100 ns
[300.380s][info ][safepoint      ] Safepoint "Cleanup", Time since last: 1000081257 ns, Reaching safepoint: 44501 ns, At safepoint: 8800 ns, Total: 53301 ns
[301.380s][info ][safepoint      ] Safepoint "Cleanup", Time since last: 1000097743 ns, Reaching safepoint: 58001 ns, At safepoint: 12601 ns, Total: 70602 ns
[302.380s][info ][safepoint      ] Safepoint "Cleanup", Time since last: 1000096327 ns, Reaching safepoint: 62202 ns, At safepoint: 11300 ns, Total: 73502 ns
[303.380s][info ][safepoint      ] Safepoint "Cleanup", Time since last: 1000099113 ns, Reaching safepoint: 44501 ns, At safepoint: 3101 ns, Total: 47602 ns
[308.380s][info ][safepoint      ] Safepoint "Cleanup", Time since last: 5000354942 ns, Reaching safepoint: 46101 ns, At safepoint: 2900 ns, Total: 49001 ns
[310.381s][info ][safepoint      ] Safepoint "Cleanup", Time since last: 2000170636 ns, Reaching safepoint: 49401 ns, At safepoint: 3000 ns, Total: 52401 ns
[311.381s][info ][safepoint      ] Safepoint "Cleanup", Time since last: 1000100797 ns, Reaching safepoint: 57101 ns, At safepoint: 5600 ns, Total: 62701 ns
[311.555s][info ][gc,start       ] GC(146) Pause Young (Allocation Failure)
[311.559s][debug][gc,phases      ] GC(146) Scavenge 4.649ms
[311.559s][debug][gc,ref         ] GC(146) Skipped phase 1 of Reference Processing: no references
[311.559s][debug][gc,ref         ] GC(146) ReferenceProcessor::execute queues: 1, RefProcThreadModel::Single, marks_oops_alive: false
[311.559s][debug][gc,ref         ] GC(146) Skipped phase 3 of Reference Processing: no references
[311.559s][debug][gc,ref         ] GC(146) ReferenceProcessor::execute queues: 1, RefProcThreadModel::Single, marks_oops_alive: false
[311.559s][debug][gc,phases      ] GC(146) Reference Processing 0.119ms
[311.560s][debug][gc,phases      ] GC(146)   VM Weak                        Min:  0.0, Avg:  0.0, Max:  0.0, Diff:  0.0, Sum:  0.0, Workers: 4
[311.560s][debug][gc,phases      ] GC(146)     Dead                           Min: 0, Avg:  0.0, Max: 0, Diff: 0, Sum: 0, Workers: 4
[311.560s][debug][gc,phases      ] GC(146)     Total                          Min: 0, Avg: 186.2, Max: 617, Diff: 617, Sum: 745, Workers: 4
[311.560s][debug][gc,phases      ] GC(146)   ObjectSynchronizer Weak        Min:  0.0, Avg:  0.0, Max:  0.0, Diff:  0.0, Sum:  0.0, Workers: 4
[311.560s][debug][gc,phases      ] GC(146)     Dead                           Min: 0, Avg:  0.0, Max: 0, Diff: 0, Sum: 0, Workers: 4
[311.560s][debug][gc,phases      ] GC(146)     Total                          Min: 0, Avg: 116.5, Max: 256, Diff: 256, Sum: 466, Workers: 4
[311.560s][debug][gc,phases      ] GC(146)   JVMTI Tag Weak OopStorage      Min:  0.0, Avg:  0.0, Max:  0.0, Diff:  0.0, Sum:  0.0, Workers: 4
[311.560s][debug][gc,phases      ] GC(146)     Dead                           Min: 0, Avg:  0.0, Max: 0, Diff: 0, Sum: 0, Workers: 4
[311.560s][debug][gc,phases      ] GC(146)     Total                          Min: 0, Avg:  0.0, Max: 0, Diff: 0, Sum: 0, Workers: 4
[311.560s][debug][gc,phases      ] GC(146)   StringTable Weak               Min:  0.1, Avg:  0.1, Max:  0.1, Diff:  0.0, Sum:  0.4, Workers: 4
[311.560s][debug][gc,phases      ] GC(146)     Dead                           Min: 0, Avg:  0.0, Max: 0, Diff: 0, Sum: 0, Workers: 4
[311.560s][debug][gc,phases      ] GC(146)     Total                          Min: 11200, Avg: 12118.5, Max: 12698, Diff: 1498, Sum: 48474, Workers: 4
[311.560s][debug][gc,phases      ] GC(146)   ResolvedMethodTable Weak       Min:  0.0, Avg:  0.0, Max:  0.0, Diff:  0.0, Sum:  0.1, Workers: 4
[311.560s][debug][gc,phases      ] GC(146)     Dead                           Min: 0, Avg:  0.2, Max: 1, Diff: 1, Sum: 1, Workers: 4
[311.560s][debug][gc,phases      ] GC(146)     Total                          Min: 2048, Avg: 2240.5, Max: 2435, Diff: 387, Sum: 8962, Workers: 4
[311.560s][debug][gc,phases      ] GC(146)   JNI Weak                       Min:  0.0, Avg:  0.0, Max:  0.0, Diff:  0.0, Sum:  0.0, Workers: 4
[311.560s][debug][gc,phases      ] GC(146)     Dead                           Min: 0, Avg:  0.0, Max: 0, Diff: 0, Sum: 0, Workers: 4
[311.560s][debug][gc,phases      ] GC(146)     Total                          Min: 0, Avg:  0.0, Max: 0, Diff: 0, Sum: 0, Workers: 4
[311.560s][debug][gc,phases      ] GC(146)   StringDedup Table Weak         Min:  0.0, Avg:  0.0, Max:  0.0, Diff:  0.0, Sum:  0.0, Workers: 4
[311.560s][debug][gc,phases      ] GC(146)     Dead                           Min: 0, Avg:  0.0, Max: 0, Diff: 0, Sum: 0, Workers: 4
[311.560s][debug][gc,phases      ] GC(146)     Total                          Min: 0, Avg:  0.0, Max: 0, Diff: 0, Sum: 0, Workers: 4
[311.560s][debug][gc,phases      ] GC(146)   StringDedup Requests0 Weak     Min:  0.0, Avg:  0.0, Max:  0.0, Diff:  0.0, Sum:  0.0, Workers: 4
[311.560s][debug][gc,phases      ] GC(146)     Dead                           Min: 0, Avg:  0.0, Max: 0, Diff: 0, Sum: 0, Workers: 4
[311.560s][debug][gc,phases      ] GC(146)     Total                          Min: 0, Avg:  0.0, Max: 0, Diff: 0, Sum: 0, Workers: 4
[311.560s][debug][gc,phases      ] GC(146)   StringDedup Requests1 Weak     Min:  0.0, Avg:  0.0, Max:  0.0, Diff:  0.0, Sum:  0.0, Workers: 4
[311.560s][debug][gc,phases      ] GC(146)     Dead                           Min: 0, Avg:  0.0, Max: 0, Diff: 0, Sum: 0, Workers: 4
[311.560s][debug][gc,phases      ] GC(146)     Total                          Min: 0, Avg:  0.0, Max: 0, Diff: 0, Sum: 0, Workers: 4
[311.560s][debug][gc,phases      ] GC(146)   Weak JFR Old Object Samples    Min:  0.0, Avg:  0.0, Max:  0.0, Diff:  0.0, Sum:  0.0, Workers: 4
[311.560s][debug][gc,phases      ] GC(146)     Dead                           Min: 0, Avg:  0.0, Max: 0, Diff: 0, Sum: 0, Workers: 4
[311.560s][debug][gc,phases      ] GC(146)     Total                          Min: 0, Avg:  0.0, Max: 0, Diff: 0, Sum: 0, Workers: 4
[311.560s][debug][gc,phases      ] GC(146) Weak Processing 0.315ms
[311.560s][debug][gc,age         ] GC(146) Desired survivor size 136839168 bytes, new threshold 15 (max threshold 15)
[311.560s][info ][gc,heap        ] GC(146) PSYoungGen: 1835152K(1961472K)->9776K(1960960K) Eden: 1825280K(1825280K)->0K(1825280K) From: 9872K(136192K)->9776K(135680K)
[311.560s][info ][gc,heap        ] GC(146) ParOldGen: 643201K(734720K)->643882K(734720K)
[311.560s][info ][gc,metaspace   ] GC(146) Metaspace: 85812K(86784K)->85812K(86784K) NonClass: 73847K(74368K)->73847K(74368K) Class: 11964K(12416K)->11964K(12416K)
[311.560s][info ][gc             ] GC(146) Pause Young (Allocation Failure) 2420M->638M(2632M) 5.187ms
[311.560s][info ][gc,cpu         ] GC(146) User=0.02s Sys=0.00s Real=0.00s
[311.560s][info ][safepoint      ] Safepoint "ParallelGCFailedAllocation", Time since last: 173696392 ns, Reaching safepoint: 124203 ns, At safepoint: 5263234 ns, Total: 5387437 ns
[312.560s][info ][safepoint      ] Safepoint "Cleanup", Time since last: 1000080778 ns, Reaching safepoint: 121204 ns, At safepoint: 8600 ns, Total: 129804 ns
[313.560s][info ][safepoint      ] Safepoint "Cleanup", Time since last: 1000055164 ns, Reaching safepoint: 117203 ns, At safepoint: 10900 ns, Total: 128103 ns
[314.560s][info ][safepoint      ] Safepoint "Cleanup", Time since last: 1000091150 ns, Reaching safepoint: 118603 ns, At safepoint: 10700 ns, Total: 129303 ns
[317.561s][info ][safepoint      ] Safepoint "Cleanup", Time since last: 3000230564 ns, Reaching safepoint: 126304 ns, At safepoint: 8700 ns, Total: 135004 ns
[318.561s][info ][safepoint      ] Safepoint "Cleanup", Time since last: 1000115293 ns, Reaching safepoint: 139504 ns, At safepoint: 8200 ns, Total: 147704 ns
[321.561s][info ][safepoint      ] Safepoint "Cleanup", Time since last: 3000249693 ns, Reaching safepoint: 110603 ns, At safepoint: 7000 ns, Total: 117603 ns
[322.562s][info ][safepoint      ] Safepoint "Cleanup", Time since last: 1000116337 ns, Reaching safepoint: 124403 ns, At safepoint: 6200 ns, Total: 130603 ns
[323.562s][info ][safepoint      ] Safepoint "Cleanup", Time since last: 1000101722 ns, Reaching safepoint: 111903 ns, At safepoint: 7900 ns, Total: 119803 ns
[324.907s][info ][gc,start       ] GC(147) Pause Young (Allocation Failure)
[324.911s][debug][gc,phases      ] GC(147) Scavenge 4.255ms
[324.911s][debug][gc,ref         ] GC(147) Skipped phase 1 of Reference Processing: no references
[324.912s][debug][gc,ref         ] GC(147) ReferenceProcessor::execute queues: 1, RefProcThreadModel::Single, marks_oops_alive: false
[324.912s][debug][gc,ref         ] GC(147) Skipped phase 3 of Reference Processing: no references
[324.912s][debug][gc,ref         ] GC(147) ReferenceProcessor::execute queues: 1, RefProcThreadModel::Single, marks_oops_alive: false
[324.912s][debug][gc,phases      ] GC(147) Reference Processing 0.132ms
[324.912s][debug][gc,phases      ] GC(147)   VM Weak                        Min:  0.0, Avg:  0.0, Max:  0.0, Diff:  0.0, Sum:  0.0, Workers: 4
[324.912s][debug][gc,phases      ] GC(147)     Dead                           Min: 0, Avg:  0.0, Max: 0, Diff: 0, Sum: 0, Workers: 4
[324.912s][debug][gc,phases      ] GC(147)     Total                          Min: 0, Avg: 186.2, Max: 745, Diff: 745, Sum: 745, Workers: 4
[324.912s][debug][gc,phases      ] GC(147)   ObjectSynchronizer Weak        Min:  0.0, Avg:  0.0, Max:  0.0, Diff:  0.0, Sum:  0.0, Workers: 4
[324.912s][debug][gc,phases      ] GC(147)     Dead                           Min: 0, Avg:  0.0, Max: 0, Diff: 0, Sum: 0, Workers: 4
[324.912s][debug][gc,phases      ] GC(147)     Total                          Min: 0, Avg: 116.5, Max: 466, Diff: 466, Sum: 466, Workers: 4
[324.912s][debug][gc,phases      ] GC(147)   JVMTI Tag Weak OopStorage      Min:  0.0, Avg:  0.0, Max:  0.0, Diff:  0.0, Sum:  0.0, Workers: 4
[324.912s][debug][gc,phases      ] GC(147)     Dead                           Min: 0, Avg:  0.0, Max: 0, Diff: 0, Sum: 0, Workers: 4
[324.912s][debug][gc,phases      ] GC(147)     Total                          Min: 0, Avg:  0.0, Max: 0, Diff: 0, Sum: 0, Workers: 4
[324.912s][debug][gc,phases      ] GC(147)   StringTable Weak               Min:  0.1, Avg:  0.1, Max:  0.1, Diff:  0.0, Sum:  0.4, Workers: 4
[324.912s][debug][gc,phases      ] GC(147)     Dead                           Min: 0, Avg:  0.0, Max: 0, Diff: 0, Sum: 0, Workers: 4
[324.912s][debug][gc,phases      ] GC(147)     Total                          Min: 11739, Avg: 12118.8, Max: 12736, Diff: 997, Sum: 48475, Workers: 4
[324.912s][debug][gc,phases      ] GC(147)   ResolvedMethodTable Weak       Min:  0.0, Avg:  0.0, Max:  0.0, Diff:  0.0, Sum:  0.1, Workers: 4
[324.912s][debug][gc,phases      ] GC(147)     Dead                           Min: 0, Avg:  0.0, Max: 0, Diff: 0, Sum: 0, Workers: 4
[324.912s][debug][gc,phases      ] GC(147)     Total                          Min: 2115, Avg: 2240.5, Max: 2367, Diff: 252, Sum: 8962, Workers: 4
[324.912s][debug][gc,phases      ] GC(147)   JNI Weak                       Min:  0.0, Avg:  0.0, Max:  0.0, Diff:  0.0, Sum:  0.0, Workers: 4
[324.912s][debug][gc,phases      ] GC(147)     Dead                           Min: 0, Avg:  0.0, Max: 0, Diff: 0, Sum: 0, Workers: 4
[324.912s][debug][gc,phases      ] GC(147)     Total                          Min: 0, Avg:  0.0, Max: 0, Diff: 0, Sum: 0, Workers: 4
[324.912s][debug][gc,phases      ] GC(147)   StringDedup Table Weak         Min:  0.0, Avg:  0.0, Max:  0.0, Diff:  0.0, Sum:  0.0, Workers: 4
[324.912s][debug][gc,phases      ] GC(147)     Dead                           Min: 0, Avg:  0.0, Max: 0, Diff: 0, Sum: 0, Workers: 4
[324.912s][debug][gc,phases      ] GC(147)     Total                          Min: 0, Avg:  0.0, Max: 0, Diff: 0, Sum: 0, Workers: 4
[324.912s][debug][gc,phases      ] GC(147)   StringDedup Requests0 Weak     Min:  0.0, Avg:  0.0, Max:  0.0, Diff:  0.0, Sum:  0.0, Workers: 4
[324.912s][debug][gc,phases      ] GC(147)     Dead                           Min: 0, Avg:  0.0, Max: 0, Diff: 0, Sum: 0, Workers: 4
[324.912s][debug][gc,phases      ] GC(147)     Total                          Min: 0, Avg:  0.0, Max: 0, Diff: 0, Sum: 0, Workers: 4
[324.912s][debug][gc,phases      ] GC(147)   StringDedup Requests1 Weak     Min:  0.0, Avg:  0.0, Max:  0.0, Diff:  0.0, Sum:  0.0, Workers: 4
[324.912s][debug][gc,phases      ] GC(147)     Dead                           Min: 0, Avg:  0.0, Max: 0, Diff: 0, Sum: 0, Workers: 4
[324.912s][debug][gc,phases      ] GC(147)     Total                          Min: 0, Avg:  0.0, Max: 0, Diff: 0, Sum: 0, Workers: 4
[324.912s][debug][gc,phases      ] GC(147)   Weak JFR Old Object Samples    Min:  0.0, Avg:  0.0, Max:  0.0, Diff:  0.0, Sum:  0.0, Workers: 4
[324.912s][debug][gc,phases      ] GC(147)     Dead                           Min: 0, Avg:  0.0, Max: 0, Diff: 0, Sum: 0, Workers: 4
[324.912s][debug][gc,phases      ] GC(147)     Total                          Min: 0, Avg:  0.0, Max: 0, Diff: 0, Sum: 0, Workers: 4
[324.912s][debug][gc,phases      ] GC(147) Weak Processing 0.331ms
[324.912s][debug][gc,age         ] GC(147) Desired survivor size 134217728 bytes, new threshold 15 (max threshold 15)
[324.912s][info ][gc,heap        ] GC(147) PSYoungGen: 1835056K(1960960K)->9744K(1966080K) Eden: 1825280K(1825280K)->0K(1832448K) From: 9776K(135680K)->9744K(133632K)
[324.912s][info ][gc,heap        ] GC(147) ParOldGen: 643882K(734720K)->644202K(734720K)
[324.912s][info ][gc,metaspace   ] GC(147) Metaspace: 85817K(86784K)->85817K(86784K) NonClass: 73853K(74368K)->73853K(74368K) Class: 11964K(12416K)->11964K(12416K)
[324.912s][info ][gc             ] GC(147) Pause Young (Allocation Failure) 2420M->638M(2637M) 4.855ms
[324.912s][info ][gc,cpu         ] GC(147) User=0.01s Sys=0.00s Real=0.01s
[324.912s][info ][safepoint      ] Safepoint "ParallelGCFailedAllocation", Time since last: 1345044967 ns, Reaching safepoint: 98802 ns, At safepoint: 4945424 ns, Total: 5044226 ns
[327.912s][info ][safepoint      ] Safepoint "Cleanup", Time since last: 3000241924 ns, Reaching safepoint: 112103 ns, At safepoint: 9900 ns, Total: 122003 ns
[329.913s][info ][safepoint      ] Safepoint "Cleanup", Time since last: 2000161679 ns, Reaching safepoint: 161404 ns, At safepoint: 8901 ns, Total: 170305 ns
[332.913s][info ][safepoint      ] Safepoint "Cleanup", Time since last: 3000249214 ns, Reaching safepoint: 125003 ns, At safepoint: 9100 ns, Total: 134103 ns
[333.913s][info ][safepoint      ] Safepoint "Cleanup", Time since last: 1000093877 ns, Reaching safepoint: 126704 ns, At safepoint: 9400 ns, Total: 136104 ns
[334.914s][info ][safepoint      ] Safepoint "Cleanup", Time since last: 1000091963 ns, Reaching safepoint: 115103 ns, At safepoint: 8600 ns, Total: 123703 ns
[336.778s][info ][gc,start       ] GC(148) Pause Young (Allocation Failure)
[336.782s][debug][gc,phases      ] GC(148) Scavenge 4.050ms
[336.782s][debug][gc,ref         ] GC(148) Skipped phase 1 of Reference Processing: no references
[336.782s][debug][gc,ref         ] GC(148) ReferenceProcessor::execute queues: 1, RefProcThreadModel::Single, marks_oops_alive: false
[336.782s][debug][gc,ref         ] GC(148) Skipped phase 3 of Reference Processing: no references
[336.782s][debug][gc,ref         ] GC(148) ReferenceProcessor::execute queues: 1, RefProcThreadModel::Single, marks_oops_alive: false
[336.782s][debug][gc,phases      ] GC(148) Reference Processing 0.118ms
[336.782s][debug][gc,phases      ] GC(148)   VM Weak                        Min:  0.0, Avg:  0.0, Max:  0.0, Diff:  0.0, Sum:  0.0, Workers: 4
[336.782s][debug][gc,phases      ] GC(148)     Dead                           Min: 0, Avg:  0.0, Max: 0, Diff: 0, Sum: 0, Workers: 4
[336.782s][debug][gc,phases      ] GC(148)     Total                          Min: 0, Avg: 186.2, Max: 681, Diff: 681, Sum: 745, Workers: 4
[336.782s][debug][gc,phases      ] GC(148)   ObjectSynchronizer Weak        Min:  0.0, Avg:  0.0, Max:  0.0, Diff:  0.0, Sum:  0.0, Workers: 4
[336.782s][debug][gc,phases      ] GC(148)     Dead                           Min: 0, Avg:  0.0, Max: 0, Diff: 0, Sum: 0, Workers: 4
[336.782s][debug][gc,phases      ] GC(148)     Total                          Min: 0, Avg: 116.5, Max: 256, Diff: 256, Sum: 466, Workers: 4
[336.782s][debug][gc,phases      ] GC(148)   JVMTI Tag Weak OopStorage      Min:  0.0, Avg:  0.0, Max:  0.0, Diff:  0.0, Sum:  0.0, Workers: 4
[336.782s][debug][gc,phases      ] GC(148)     Dead                           Min: 0, Avg:  0.0, Max: 0, Diff: 0, Sum: 0, Workers: 4
[336.782s][debug][gc,phases      ] GC(148)     Total                          Min: 0, Avg:  0.0, Max: 0, Diff: 0, Sum: 0, Workers: 4
[336.782s][debug][gc,phases      ] GC(148)   StringTable Weak               Min:  0.1, Avg:  0.1, Max:  0.1, Diff:  0.0, Sum:  0.4, Workers: 4
[336.782s][debug][gc,phases      ] GC(148)     Dead                           Min: 0, Avg:  0.0, Max: 0, Diff: 0, Sum: 0, Workers: 4
[336.782s][debug][gc,phases      ] GC(148)     Total                          Min: 11648, Avg: 12119.2, Max: 12736, Diff: 1088, Sum: 48477, Workers: 4
[336.782s][debug][gc,phases      ] GC(148)   ResolvedMethodTable Weak       Min:  0.0, Avg:  0.0, Max:  0.0, Diff:  0.0, Sum:  0.1, Workers: 4
[336.782s][debug][gc,phases      ] GC(148)     Dead                           Min: 0, Avg:  0.0, Max: 0, Diff: 0, Sum: 0, Workers: 4
[336.782s][debug][gc,phases      ] GC(148)     Total                          Min: 1984, Avg: 2240.5, Max: 2367, Diff: 383, Sum: 8962, Workers: 4
[336.782s][debug][gc,phases      ] GC(148)   JNI Weak                       Min:  0.0, Avg:  0.0, Max:  0.0, Diff:  0.0, Sum:  0.0, Workers: 4
[336.782s][debug][gc,phases      ] GC(148)     Dead                           Min: 0, Avg:  0.0, Max: 0, Diff: 0, Sum: 0, Workers: 4
[336.782s][debug][gc,phases      ] GC(148)     Total                          Min: 0, Avg:  0.0, Max: 0, Diff: 0, Sum: 0, Workers: 4
[336.782s][debug][gc,phases      ] GC(148)   StringDedup Table Weak         Min:  0.0, Avg:  0.0, Max:  0.0, Diff:  0.0, Sum:  0.0, Workers: 4
[336.782s][debug][gc,phases      ] GC(148)     Dead                           Min: 0, Avg:  0.0, Max: 0, Diff: 0, Sum: 0, Workers: 4
[336.782s][debug][gc,phases      ] GC(148)     Total                          Min: 0, Avg:  0.0, Max: 0, Diff: 0, Sum: 0, Workers: 4
[336.782s][debug][gc,phases      ] GC(148)   StringDedup Requests0 Weak     Min:  0.0, Avg:  0.0, Max:  0.0, Diff:  0.0, Sum:  0.0, Workers: 4
[336.782s][debug][gc,phases      ] GC(148)     Dead                           Min: 0, Avg:  0.0, Max: 0, Diff: 0, Sum: 0, Workers: 4
[336.782s][debug][gc,phases      ] GC(148)     Total                          Min: 0, Avg:  0.0, Max: 0, Diff: 0, Sum: 0, Workers: 4
[336.782s][debug][gc,phases      ] GC(148)   StringDedup Requests1 Weak     Min:  0.0, Avg:  0.0, Max:  0.0, Diff:  0.0, Sum:  0.0, Workers: 4
[336.782s][debug][gc,phases      ] GC(148)     Dead                           Min: 0, Avg:  0.0, Max: 0, Diff: 0, Sum: 0, Workers: 4
[336.782s][debug][gc,phases      ] GC(148)     Total                          Min: 0, Avg:  0.0, Max: 0, Diff: 0, Sum: 0, Workers: 4
[336.782s][debug][gc,phases      ] GC(148)   Weak JFR Old Object Samples    Min:  0.0, Avg:  0.0, Max:  0.0, Diff:  0.0, Sum:  0.0, Workers: 4
[336.782s][debug][gc,phases      ] GC(148)     Dead                           Min: 0, Avg:  0.0, Max: 0, Diff: 0, Sum: 0, Workers: 4
[336.782s][debug][gc,phases      ] GC(148)     Total                          Min: 0, Avg:  0.0, Max: 0, Diff: 0, Sum: 0, Workers: 4
[336.782s][debug][gc,phases      ] GC(148) Weak Processing 0.338ms
[336.782s][debug][gc,age         ] GC(148) Desired survivor size 131072000 bytes, new threshold 15 (max threshold 15)
[336.782s][info ][gc,heap        ] GC(148) PSYoungGen: 1842192K(1966080K)->9088K(1963520K) Eden: 1832448K(1832448K)->0K(1832448K) From: 9744K(133632K)->9088K(131072K)
[336.782s][info ][gc,heap        ] GC(148) ParOldGen: 644202K(734720K)->644410K(734720K)
[336.782s][info ][gc,metaspace   ] GC(148) Metaspace: 85821K(86784K)->85821K(86784K) NonClass: 73856K(74368K)->73856K(74368K) Class: 11964K(12416K)->11964K(12416K)
[336.782s][info ][gc             ] GC(148) Pause Young (Allocation Failure) 2428M->638M(2635M) 4.660ms
[336.782s][info ][gc,cpu         ] GC(148) User=0.01s Sys=0.01s Real=0.01s
[336.782s][info ][safepoint      ] Safepoint "ParallelGCFailedAllocation", Time since last: 1864049292 ns, Reaching safepoint: 48301 ns, At safepoint: 4741918 ns, Total: 4790219 ns
[337.783s][info ][safepoint      ] Safepoint "Cleanup", Time since last: 1000084324 ns, Reaching safepoint: 46801 ns, At safepoint: 7800 ns, Total: 54601 ns
[340.783s][info ][safepoint      ] Safepoint "Cleanup", Time since last: 3000233088 ns, Reaching safepoint: 46801 ns, At safepoint: 6400 ns, Total: 53201 ns
[341.783s][info ][safepoint      ] Safepoint "Cleanup", Time since last: 1000095470 ns, Reaching safepoint: 150403 ns, At safepoint: 7801 ns, Total: 158204 ns
[342.783s][info ][safepoint      ] Safepoint "Cleanup", Time since last: 1000095155 ns, Reaching safepoint: 48501 ns, At safepoint: 10601 ns, Total: 59102 ns
[343.783s][info ][safepoint      ] Safepoint "Cleanup", Time since last: 1000106942 ns, Reaching safepoint: 58901 ns, At safepoint: 11300 ns, Total: 70201 ns
[344.784s][info ][safepoint      ] Safepoint "Cleanup", Time since last: 1000105429 ns, Reaching safepoint: 58002 ns, At safepoint: 6700 ns, Total: 64702 ns
[347.784s][info ][safepoint      ] Safepoint "Cleanup", Time since last: 3000231302 ns, Reaching safepoint: 42501 ns, At safepoint: 3200 ns, Total: 45701 ns
[348.041s][info ][gc,start       ] GC(149) Pause Young (Allocation Failure)
[348.045s][debug][gc,phases      ] GC(149) Scavenge 4.271ms
[348.045s][debug][gc,ref         ] GC(149) Skipped phase 1 of Reference Processing: no references
[348.045s][debug][gc,ref         ] GC(149) ReferenceProcessor::execute queues: 1, RefProcThreadModel::Single, marks_oops_alive: false
[348.045s][debug][gc,ref         ] GC(149) Skipped phase 3 of Reference Processing: no references
[348.045s][debug][gc,ref         ] GC(149) ReferenceProcessor::execute queues: 1, RefProcThreadModel::Single, marks_oops_alive: false
[348.045s][debug][gc,phases      ] GC(149) Reference Processing 0.117ms
[348.046s][debug][gc,phases      ] GC(149)   VM Weak                        Min:  0.0, Avg:  0.0, Max:  0.0, Diff:  0.0, Sum:  0.0, Workers: 4
[348.046s][debug][gc,phases      ] GC(149)     Dead                           Min: 0, Avg:  0.0, Max: 0, Diff: 0, Sum: 0, Workers: 4
[348.046s][debug][gc,phases      ] GC(149)     Total                          Min: 0, Avg: 186.2, Max: 489, Diff: 489, Sum: 745, Workers: 4
[348.046s][debug][gc,phases      ] GC(149)   ObjectSynchronizer Weak        Min:  0.0, Avg:  0.0, Max:  0.0, Diff:  0.0, Sum:  0.0, Workers: 4
[348.046s][debug][gc,phases      ] GC(149)     Dead                           Min: 0, Avg:  0.0, Max: 0, Diff: 0, Sum: 0, Workers: 4
[348.046s][debug][gc,phases      ] GC(149)     Total                          Min: 0, Avg: 116.5, Max: 256, Diff: 256, Sum: 466, Workers: 4
[348.046s][debug][gc,phases      ] GC(149)   JVMTI Tag Weak OopStorage      Min:  0.0, Avg:  0.0, Max:  0.0, Diff:  0.0, Sum:  0.0, Workers: 4
[348.046s][debug][gc,phases      ] GC(149)     Dead                           Min: 0, Avg:  0.0, Max: 0, Diff: 0, Sum: 0, Workers: 4
[348.046s][debug][gc,phases      ] GC(149)     Total                          Min: 0, Avg:  0.0, Max: 0, Diff: 0, Sum: 0, Workers: 4
[348.046s][debug][gc,phases      ] GC(149)   StringTable Weak               Min:  0.1, Avg:  0.1, Max:  0.1, Diff:  0.0, Sum:  0.4, Workers: 4
[348.046s][debug][gc,phases      ] GC(149)     Dead                           Min: 0, Avg:  0.0, Max: 0, Diff: 0, Sum: 0, Workers: 4
[348.046s][debug][gc,phases      ] GC(149)     Total                          Min: 11584, Avg: 12119.8, Max: 13184, Diff: 1600, Sum: 48479, Workers: 4
[348.046s][debug][gc,phases      ] GC(149)   ResolvedMethodTable Weak       Min:  0.0, Avg:  0.0, Max:  0.0, Diff:  0.0, Sum:  0.1, Workers: 4
[348.046s][debug][gc,phases      ] GC(149)     Dead                           Min: 0, Avg:  0.0, Max: 0, Diff: 0, Sum: 0, Workers: 4
[348.046s][debug][gc,phases      ] GC(149)     Total                          Min: 2112, Avg: 2241.8, Max: 2432, Diff: 320, Sum: 8967, Workers: 4
[348.046s][debug][gc,phases      ] GC(149)   JNI Weak                       Min:  0.0, Avg:  0.0, Max:  0.0, Diff:  0.0, Sum:  0.0, Workers: 4
[348.046s][debug][gc,phases      ] GC(149)     Dead                           Min: 0, Avg:  0.0, Max: 0, Diff: 0, Sum: 0, Workers: 4
[348.046s][debug][gc,phases      ] GC(149)     Total                          Min: 0, Avg:  0.0, Max: 0, Diff: 0, Sum: 0, Workers: 4
[348.046s][debug][gc,phases      ] GC(149)   StringDedup Table Weak         Min:  0.0, Avg:  0.0, Max:  0.0, Diff:  0.0, Sum:  0.0, Workers: 4
[348.046s][debug][gc,phases      ] GC(149)     Dead                           Min: 0, Avg:  0.0, Max: 0, Diff: 0, Sum: 0, Workers: 4
[348.046s][debug][gc,phases      ] GC(149)     Total                          Min: 0, Avg:  0.0, Max: 0, Diff: 0, Sum: 0, Workers: 4
[348.046s][debug][gc,phases      ] GC(149)   StringDedup Requests0 Weak     Min:  0.0, Avg:  0.0, Max:  0.0, Diff:  0.0, Sum:  0.0, Workers: 4
[348.046s][debug][gc,phases      ] GC(149)     Dead                           Min: 0, Avg:  0.0, Max: 0, Diff: 0, Sum: 0, Workers: 4
[348.046s][debug][gc,phases      ] GC(149)     Total                          Min: 0, Avg:  0.0, Max: 0, Diff: 0, Sum: 0, Workers: 4
[348.046s][debug][gc,phases      ] GC(149)   StringDedup Requests1 Weak     Min:  0.0, Avg:  0.0, Max:  0.0, Diff:  0.0, Sum:  0.0, Workers: 4
[348.046s][debug][gc,phases      ] GC(149)     Dead                           Min: 0, Avg:  0.0, Max: 0, Diff: 0, Sum: 0, Workers: 4
[348.046s][debug][gc,phases      ] GC(149)     Total                          Min: 0, Avg:  0.0, Max: 0, Diff: 0, Sum: 0, Workers: 4
[348.046s][debug][gc,phases      ] GC(149)   Weak JFR Old Object Samples    Min:  0.0, Avg:  0.0, Max:  0.0, Diff:  0.0, Sum:  0.0, Workers: 4
[348.046s][debug][gc,phases      ] GC(149)     Dead                           Min: 0, Avg:  0.0, Max: 0, Diff: 0, Sum: 0, Workers: 4
[348.046s][debug][gc,phases      ] GC(149)     Total                          Min: 0, Avg:  0.0, Max: 0, Diff: 0, Sum: 0, Workers: 4
[348.046s][debug][gc,phases      ] GC(149) Weak Processing 0.324ms
[348.046s][debug][gc,age         ] GC(149) Desired survivor size 126877696 bytes, new threshold 15 (max threshold 15)
[348.046s][info ][gc,heap        ] GC(149) PSYoungGen: 1841536K(1963520K)->9296K(1973248K) Eden: 1832448K(1832448K)->0K(1845248K) From: 9088K(131072K)->9296K(128000K)
[348.046s][info ][gc,heap        ] GC(149) ParOldGen: 644410K(734720K)->644678K(734720K)
[348.046s][info ][gc,metaspace   ] GC(149) Metaspace: 85841K(86784K)->85841K(86784K) NonClass: 73875K(74368K)->73875K(74368K) Class: 11966K(12416K)->11966K(12416K)
[348.046s][info ][gc             ] GC(149) Pause Young (Allocation Failure) 2427M->638M(2644M) 4.833ms
[348.046s][info ][gc,cpu         ] GC(149) User=0.02s Sys=0.00s Real=0.01s
[348.046s][info ][safepoint      ] Safepoint "ParallelGCFailedAllocation", Time since last: 256968767 ns, Reaching safepoint: 26201 ns, At safepoint: 4910221 ns, Total: 4936422 ns
[349.046s][info ][safepoint      ] Safepoint "Cleanup", Time since last: 1000072771 ns, Reaching safepoint: 38201 ns, At safepoint: 4900 ns, Total: 43101 ns
[350.046s][info ][safepoint      ] Safepoint "Cleanup", Time since last: 1000096757 ns, Reaching safepoint: 48301 ns, At safepoint: 6200 ns, Total: 54501 ns
[351.046s][info ][safepoint      ] Safepoint "Cleanup", Time since last: 1000098344 ns, Reaching safepoint: 65202 ns, At safepoint: 5800 ns, Total: 71002 ns
[352.046s][info ][safepoint      ] Safepoint "Cleanup", Time since last: 1000097431 ns, Reaching safepoint: 64801 ns, At safepoint: 11301 ns, Total: 76102 ns
[353.047s][info ][safepoint      ] Safepoint "Cleanup", Time since last: 1000101017 ns, Reaching safepoint: 50001 ns, At safepoint: 7700 ns, Total: 57701 ns
[354.047s][info ][safepoint      ] Safepoint "Cleanup", Time since last: 1000132705 ns, Reaching safepoint: 59302 ns, At safepoint: 10900 ns, Total: 70202 ns
[355.047s][info ][safepoint      ] Safepoint "Cleanup", Time since last: 1000104591 ns, Reaching safepoint: 50601 ns, At safepoint: 8700 ns, Total: 59301 ns
[358.047s][info ][safepoint      ] Safepoint "Cleanup", Time since last: 3000298393 ns, Reaching safepoint: 50701 ns, At safepoint: 6000 ns, Total: 56701 ns
[360.405s][info ][gc,start       ] GC(150) Pause Young (Allocation Failure)
[360.409s][debug][gc,phases      ] GC(150) Scavenge 4.199ms
[360.409s][debug][gc,ref         ] GC(150) Skipped phase 1 of Reference Processing: no references
[360.409s][debug][gc,ref         ] GC(150) ReferenceProcessor::execute queues: 1, RefProcThreadModel::Single, marks_oops_alive: false
[360.409s][debug][gc,ref         ] GC(150) Skipped phase 3 of Reference Processing: no references
[360.409s][debug][gc,ref         ] GC(150) Skipped phase 4 of Reference Processing: no references
[360.409s][debug][gc,phases      ] GC(150) Reference Processing 0.133ms
[360.409s][debug][gc,phases      ] GC(150)   VM Weak                        Min:  0.0, Avg:  0.0, Max:  0.0, Diff:  0.0, Sum:  0.0, Workers: 4
[360.409s][debug][gc,phases      ] GC(150)     Dead                           Min: 0, Avg:  0.0, Max: 0, Diff: 0, Sum: 0, Workers: 4
[360.409s][debug][gc,phases      ] GC(150)     Total                          Min: 0, Avg: 186.2, Max: 489, Diff: 489, Sum: 745, Workers: 4
[360.409s][debug][gc,phases      ] GC(150)   ObjectSynchronizer Weak        Min:  0.0, Avg:  0.0, Max:  0.0, Diff:  0.0, Sum:  0.0, Workers: 4
[360.409s][debug][gc,phases      ] GC(150)     Dead                           Min: 0, Avg:  0.0, Max: 0, Diff: 0, Sum: 0, Workers: 4
[360.409s][debug][gc,phases      ] GC(150)     Total                          Min: 0, Avg: 116.5, Max: 256, Diff: 256, Sum: 466, Workers: 4
[360.409s][debug][gc,phases      ] GC(150)   JVMTI Tag Weak OopStorage      Min:  0.0, Avg:  0.0, Max:  0.0, Diff:  0.0, Sum:  0.0, Workers: 4
[360.409s][debug][gc,phases      ] GC(150)     Dead                           Min: 0, Avg:  0.0, Max: 0, Diff: 0, Sum: 0, Workers: 4
[360.409s][debug][gc,phases      ] GC(150)     Total                          Min: 0, Avg:  0.0, Max: 0, Diff: 0, Sum: 0, Workers: 4
[360.409s][debug][gc,phases      ] GC(150)   StringTable Weak               Min:  0.1, Avg:  0.1, Max:  0.1, Diff:  0.0, Sum:  0.4, Workers: 4
[360.409s][debug][gc,phases      ] GC(150)     Dead                           Min: 0, Avg:  0.0, Max: 0, Diff: 0, Sum: 0, Workers: 4
[360.409s][debug][gc,phases      ] GC(150)     Total                          Min: 11615, Avg: 12119.8, Max: 12864, Diff: 1249, Sum: 48479, Workers: 4
[360.409s][debug][gc,phases      ] GC(150)   ResolvedMethodTable Weak       Min:  0.0, Avg:  0.0, Max:  0.0, Diff:  0.0, Sum:  0.1, Workers: 4
[360.409s][debug][gc,phases      ] GC(150)     Dead                           Min: 0, Avg:  0.0, Max: 0, Diff: 0, Sum: 0, Workers: 4
[360.409s][debug][gc,phases      ] GC(150)     Total                          Min: 2183, Avg: 2241.8, Max: 2304, Diff: 121, Sum: 8967, Workers: 4
[360.409s][debug][gc,phases      ] GC(150)   JNI Weak                       Min:  0.0, Avg:  0.0, Max:  0.0, Diff:  0.0, Sum:  0.0, Workers: 4
[360.409s][debug][gc,phases      ] GC(150)     Dead                           Min: 0, Avg:  0.0, Max: 0, Diff: 0, Sum: 0, Workers: 4
[360.409s][debug][gc,phases      ] GC(150)     Total                          Min: 0, Avg:  0.0, Max: 0, Diff: 0, Sum: 0, Workers: 4
[360.409s][debug][gc,phases      ] GC(150)   StringDedup Table Weak         Min:  0.0, Avg:  0.0, Max:  0.0, Diff:  0.0, Sum:  0.0, Workers: 4
[360.409s][debug][gc,phases      ] GC(150)     Dead                           Min: 0, Avg:  0.0, Max: 0, Diff: 0, Sum: 0, Workers: 4
[360.409s][debug][gc,phases      ] GC(150)     Total                          Min: 0, Avg:  0.0, Max: 0, Diff: 0, Sum: 0, Workers: 4
[360.409s][debug][gc,phases      ] GC(150)   StringDedup Requests0 Weak     Min:  0.0, Avg:  0.0, Max:  0.0, Diff:  0.0, Sum:  0.0, Workers: 4
[360.409s][debug][gc,phases      ] GC(150)     Dead                           Min: 0, Avg:  0.0, Max: 0, Diff: 0, Sum: 0, Workers: 4
[360.409s][debug][gc,phases      ] GC(150)     Total                          Min: 0, Avg:  0.0, Max: 0, Diff: 0, Sum: 0, Workers: 4
[360.409s][debug][gc,phases      ] GC(150)   StringDedup Requests1 Weak     Min:  0.0, Avg:  0.0, Max:  0.0, Diff:  0.0, Sum:  0.0, Workers: 4
[360.409s][debug][gc,phases      ] GC(150)     Dead                           Min: 0, Avg:  0.0, Max: 0, Diff: 0, Sum: 0, Workers: 4
[360.409s][debug][gc,phases      ] GC(150)     Total                          Min: 0, Avg:  0.0, Max: 0, Diff: 0, Sum: 0, Workers: 4
[360.409s][debug][gc,phases      ] GC(150)   Weak JFR Old Object Samples    Min:  0.0, Avg:  0.0, Max:  0.0, Diff:  0.0, Sum:  0.0, Workers: 4
[360.409s][debug][gc,phases      ] GC(150)     Dead                           Min: 0, Avg:  0.0, Max: 0, Diff: 0, Sum: 0, Workers: 4
[360.410s][debug][gc,phases      ] GC(150)     Total                          Min: 0, Avg:  0.0, Max: 0, Diff: 0, Sum: 0, Workers: 4
[360.410s][debug][gc,phases      ] GC(150) Weak Processing 0.334ms
[360.410s][debug][gc,age         ] GC(150) Desired survivor size 122683392 bytes, new threshold 15 (max threshold 15)
[360.410s][info ][gc,heap        ] GC(150) PSYoungGen: 1854544K(1973248K)->9632K(1969152K) Eden: 1845248K(1845248K)->0K(1845248K) From: 9296K(128000K)->9632K(123904K)
[360.410s][info ][gc,heap        ] GC(150) ParOldGen: 644678K(734720K)->645018K(734720K)
[360.410s][info ][gc,metaspace   ] GC(150) Metaspace: 85854K(86784K)->85854K(86784K) NonClass: 73888K(74368K)->73888K(74368K) Class: 11966K(12416K)->11966K(12416K)
[360.410s][info ][gc             ] GC(150) Pause Young (Allocation Failure) 2440M->639M(2640M) 4.803ms
[360.410s][info ][gc,cpu         ] GC(150) User=0.02s Sys=0.00s Real=0.00s
[360.410s][info ][safepoint      ] Safepoint "ParallelGCFailedAllocation", Time since last: 2357349152 ns, Reaching safepoint: 107603 ns, At safepoint: 4886320 ns, Total: 4993923 ns
[361.410s][info ][safepoint      ] Safepoint "Cleanup", Time since last: 1000088107 ns, Reaching safepoint: 118603 ns, At safepoint: 6400 ns, Total: 125003 ns
[362.410s][info ][safepoint      ] Safepoint "Cleanup", Time since last: 1000101793 ns, Reaching safepoint: 129704 ns, At safepoint: 13900 ns, Total: 143604 ns
[363.410s][info ][safepoint      ] Safepoint "Cleanup", Time since last: 1000103280 ns, Reaching safepoint: 143904 ns, At safepoint: 12700 ns, Total: 156604 ns
[364.480s][info ][safepoint      ] Safepoint "Cleanup", Time since last: 1069430070 ns, Reaching safepoint: 116203 ns, At safepoint: 8700 ns, Total: 124903 ns
[366.842s][info ][safepoint      ] Safepoint "Cleanup", Time since last: 2361979270 ns, Reaching safepoint: 61801 ns, At safepoint: 6300 ns, Total: 68101 ns
[371.842s][info ][safepoint      ] Safepoint "Cleanup", Time since last: 5000367782 ns, Reaching safepoint: 50001 ns, At safepoint: 26501 ns, Total: 76502 ns
[372.729s][info ][gc,start       ] GC(151) Pause Young (Allocation Failure)
[372.734s][debug][gc,phases      ] GC(151) Scavenge 5.012ms
[372.734s][debug][gc,ref         ] GC(151) Skipped phase 1 of Reference Processing: no references
[372.734s][debug][gc,ref         ] GC(151) ReferenceProcessor::execute queues: 1, RefProcThreadModel::Single, marks_oops_alive: false
[372.734s][debug][gc,ref         ] GC(151) Skipped phase 3 of Reference Processing: no references
[372.734s][debug][gc,ref         ] GC(151) Skipped phase 4 of Reference Processing: no references
[372.734s][debug][gc,phases      ] GC(151) Reference Processing 0.103ms
[372.734s][debug][gc,phases      ] GC(151)   VM Weak                        Min:  0.0, Avg:  0.0, Max:  0.0, Diff:  0.0, Sum:  0.0, Workers: 4
[372.734s][debug][gc,phases      ] GC(151)     Dead                           Min: 0, Avg:  0.0, Max: 0, Diff: 0, Sum: 0, Workers: 4
[372.734s][debug][gc,phases      ] GC(151)     Total                          Min: 0, Avg: 186.2, Max: 745, Diff: 745, Sum: 745, Workers: 4
[372.734s][debug][gc,phases      ] GC(151)   ObjectSynchronizer Weak        Min:  0.0, Avg:  0.0, Max:  0.0, Diff:  0.0, Sum:  0.0, Workers: 4
[372.734s][debug][gc,phases      ] GC(151)     Dead                           Min: 0, Avg:  0.0, Max: 0, Diff: 0, Sum: 0, Workers: 4
[372.734s][debug][gc,phases      ] GC(151)     Total                          Min: 0, Avg: 116.5, Max: 320, Diff: 320, Sum: 466, Workers: 4
[372.734s][debug][gc,phases      ] GC(151)   JVMTI Tag Weak OopStorage      Min:  0.0, Avg:  0.0, Max:  0.0, Diff:  0.0, Sum:  0.0, Workers: 4
[372.734s][debug][gc,phases      ] GC(151)     Dead                           Min: 0, Avg:  0.0, Max: 0, Diff: 0, Sum: 0, Workers: 4
[372.734s][debug][gc,phases      ] GC(151)     Total                          Min: 0, Avg:  0.0, Max: 0, Diff: 0, Sum: 0, Workers: 4
[372.734s][debug][gc,phases      ] GC(151)   StringTable Weak               Min:  0.1, Avg:  0.1, Max:  0.1, Diff:  0.0, Sum:  0.4, Workers: 4
[372.734s][debug][gc,phases      ] GC(151)     Dead                           Min: 0, Avg:  0.0, Max: 0, Diff: 0, Sum: 0, Workers: 4
[372.734s][debug][gc,phases      ] GC(151)     Total                          Min: 11299, Avg: 12120.8, Max: 12992, Diff: 1693, Sum: 48483, Workers: 4
[372.734s][debug][gc,phases      ] GC(151)   ResolvedMethodTable Weak       Min:  0.0, Avg:  0.0, Max:  0.0, Diff:  0.0, Sum:  0.1, Workers: 4
[372.734s][debug][gc,phases      ] GC(151)     Dead                           Min: 0, Avg:  0.0, Max: 0, Diff: 0, Sum: 0, Workers: 4
[372.734s][debug][gc,phases      ] GC(151)     Total                          Min: 2048, Avg: 2241.8, Max: 2503, Diff: 455, Sum: 8967, Workers: 4
[372.734s][debug][gc,phases      ] GC(151)   JNI Weak                       Min:  0.0, Avg:  0.0, Max:  0.0, Diff:  0.0, Sum:  0.0, Workers: 4
[372.734s][debug][gc,phases      ] GC(151)     Dead                           Min: 0, Avg:  0.0, Max: 0, Diff: 0, Sum: 0, Workers: 4
[372.734s][debug][gc,phases      ] GC(151)     Total                          Min: 0, Avg:  0.0, Max: 0, Diff: 0, Sum: 0, Workers: 4
[372.734s][debug][gc,phases      ] GC(151)   StringDedup Table Weak         Min:  0.0, Avg:  0.0, Max:  0.0, Diff:  0.0, Sum:  0.0, Workers: 4
[372.734s][debug][gc,phases      ] GC(151)     Dead                           Min: 0, Avg:  0.0, Max: 0, Diff: 0, Sum: 0, Workers: 4
[372.734s][debug][gc,phases      ] GC(151)     Total                          Min: 0, Avg:  0.0, Max: 0, Diff: 0, Sum: 0, Workers: 4
[372.734s][debug][gc,phases      ] GC(151)   StringDedup Requests0 Weak     Min:  0.0, Avg:  0.0, Max:  0.0, Diff:  0.0, Sum:  0.0, Workers: 4
[372.734s][debug][gc,phases      ] GC(151)     Dead                           Min: 0, Avg:  0.0, Max: 0, Diff: 0, Sum: 0, Workers: 4
[372.734s][debug][gc,phases      ] GC(151)     Total                          Min: 0, Avg:  0.0, Max: 0, Diff: 0, Sum: 0, Workers: 4
[372.734s][debug][gc,phases      ] GC(151)   StringDedup Requests1 Weak     Min:  0.0, Avg:  0.0, Max:  0.0, Diff:  0.0, Sum:  0.0, Workers: 4
[372.734s][debug][gc,phases      ] GC(151)     Dead                           Min: 0, Avg:  0.0, Max: 0, Diff: 0, Sum: 0, Workers: 4
[372.734s][debug][gc,phases      ] GC(151)     Total                          Min: 0, Avg:  0.0, Max: 0, Diff: 0, Sum: 0, Workers: 4
[372.734s][debug][gc,phases      ] GC(151)   Weak JFR Old Object Samples    Min:  0.0, Avg:  0.0, Max:  0.0, Diff:  0.0, Sum:  0.0, Workers: 4
[372.734s][debug][gc,phases      ] GC(151)     Dead                           Min: 0, Avg:  0.0, Max: 0, Diff: 0, Sum: 0, Workers: 4
[372.734s][debug][gc,phases      ] GC(151)     Total                          Min: 0, Avg:  0.0, Max: 0, Diff: 0, Sum: 0, Workers: 4
[372.734s][debug][gc,phases      ] GC(151) Weak Processing 0.333ms
[372.735s][debug][gc,age         ] GC(151) Desired survivor size 118489088 bytes, new threshold 15 (max threshold 15)
[372.735s][info ][gc,heap        ] GC(151) PSYoungGen: 1854880K(1969152K)->6832K(1981440K) Eden: 1845248K(1845248K)->0K(1861632K) From: 9632K(123904K)->6832K(119808K)
[372.735s][info ][gc,heap        ] GC(151) ParOldGen: 645018K(734720K)->648162K(734720K)
[372.735s][info ][gc,metaspace   ] GC(151) Metaspace: 85862K(86784K)->85862K(86784K) NonClass: 73896K(74368K)->73896K(74368K) Class: 11966K(12416K)->11966K(12416K)
[372.735s][info ][gc             ] GC(151) Pause Young (Allocation Failure) 2441M->639M(2652M) 5.561ms
[372.735s][info ][gc,cpu         ] GC(151) User=0.02s Sys=0.00s Real=0.01s
[372.735s][info ][safepoint      ] Safepoint "ParallelGCFailedAllocation", Time since last: 886472779 ns, Reaching safepoint: 106003 ns, At safepoint: 5641338 ns, Total: 5747341 ns
[374.735s][info ][safepoint      ] Safepoint "Cleanup", Time since last: 2000144479 ns, Reaching safepoint: 48201 ns, At safepoint: 3901 ns, Total: 52102 ns
[379.735s][info ][safepoint      ] Safepoint "Cleanup", Time since last: 5000324174 ns, Reaching safepoint: 42201 ns, At safepoint: 5601 ns, Total: 47802 ns
[380.735s][info ][safepoint      ] Safepoint "Cleanup", Time since last: 1000091157 ns, Reaching safepoint: 47601 ns, At safepoint: 9701 ns, Total: 57302 ns
[381.735s][info ][safepoint      ] Safepoint "Cleanup", Time since last: 1000096945 ns, Reaching safepoint: 49601 ns, At safepoint: 2300 ns, Total: 51901 ns
[383.736s][info ][safepoint      ] Safepoint "Cleanup", Time since last: 2000152251 ns, Reaching safepoint: 42501 ns, At safepoint: 7500 ns, Total: 50001 ns
[384.707s][info ][gc,start       ] GC(152) Pause Young (Allocation Failure)
[384.711s][debug][gc,phases      ] GC(152) Scavenge 4.020ms
[384.711s][debug][gc,ref         ] GC(152) Skipped phase 1 of Reference Processing: no references
[384.711s][debug][gc,ref         ] GC(152) ReferenceProcessor::execute queues: 1, RefProcThreadModel::Single, marks_oops_alive: false
[384.711s][debug][gc,ref         ] GC(152) Skipped phase 3 of Reference Processing: no references
[384.711s][debug][gc,ref         ] GC(152) Skipped phase 4 of Reference Processing: no references
[384.711s][debug][gc,phases      ] GC(152) Reference Processing 0.130ms
[384.712s][debug][gc,phases      ] GC(152)   VM Weak                        Min:  0.0, Avg:  0.0, Max:  0.0, Diff:  0.0, Sum:  0.0, Workers: 4
[384.712s][debug][gc,phases      ] GC(152)     Dead                           Min: 0, Avg:  0.0, Max: 0, Diff: 0, Sum: 0, Workers: 4
[384.712s][debug][gc,phases      ] GC(152)     Total                          Min: 0, Avg: 186.2, Max: 704, Diff: 704, Sum: 745, Workers: 4
[384.712s][debug][gc,phases      ] GC(152)   ObjectSynchronizer Weak        Min:  0.0, Avg:  0.0, Max:  0.0, Diff:  0.0, Sum:  0.0, Workers: 4
[384.712s][debug][gc,phases      ] GC(152)     Dead                           Min: 0, Avg:  0.0, Max: 0, Diff: 0, Sum: 0, Workers: 4
[384.712s][debug][gc,phases      ] GC(152)     Total                          Min: 0, Avg: 116.5, Max: 256, Diff: 256, Sum: 466, Workers: 4
[384.712s][debug][gc,phases      ] GC(152)   JVMTI Tag Weak OopStorage      Min:  0.0, Avg:  0.0, Max:  0.0, Diff:  0.0, Sum:  0.0, Workers: 4
[384.712s][debug][gc,phases      ] GC(152)     Dead                           Min: 0, Avg:  0.0, Max: 0, Diff: 0, Sum: 0, Workers: 4
[384.712s][debug][gc,phases      ] GC(152)     Total                          Min: 0, Avg:  0.0, Max: 0, Diff: 0, Sum: 0, Workers: 4
[384.712s][debug][gc,phases      ] GC(152)   StringTable Weak               Min:  0.1, Avg:  0.1, Max:  0.1, Diff:  0.0, Sum:  0.4, Workers: 4
[384.712s][debug][gc,phases      ] GC(152)     Dead                           Min: 0, Avg:  0.0, Max: 0, Diff: 0, Sum: 0, Workers: 4
[384.712s][debug][gc,phases      ] GC(152)     Total                          Min: 11072, Avg: 12121.0, Max: 12708, Diff: 1636, Sum: 48484, Workers: 4
[384.712s][debug][gc,phases      ] GC(152)   ResolvedMethodTable Weak       Min:  0.0, Avg:  0.0, Max:  0.0, Diff:  0.0, Sum:  0.1, Workers: 4
[384.712s][debug][gc,phases      ] GC(152)     Dead                           Min: 0, Avg:  0.0, Max: 0, Diff: 0, Sum: 0, Workers: 4
[384.712s][debug][gc,phases      ] GC(152)     Total                          Min: 2112, Avg: 2241.8, Max: 2432, Diff: 320, Sum: 8967, Workers: 4
[384.712s][debug][gc,phases      ] GC(152)   JNI Weak                       Min:  0.0, Avg:  0.0, Max:  0.0, Diff:  0.0, Sum:  0.0, Workers: 4
[384.712s][debug][gc,phases      ] GC(152)     Dead                           Min: 0, Avg:  0.0, Max: 0, Diff: 0, Sum: 0, Workers: 4
[384.712s][debug][gc,phases      ] GC(152)     Total                          Min: 0, Avg:  0.0, Max: 0, Diff: 0, Sum: 0, Workers: 4
[384.712s][debug][gc,phases      ] GC(152)   StringDedup Table Weak         Min:  0.0, Avg:  0.0, Max:  0.0, Diff:  0.0, Sum:  0.0, Workers: 4
[384.712s][debug][gc,phases      ] GC(152)     Dead                           Min: 0, Avg:  0.0, Max: 0, Diff: 0, Sum: 0, Workers: 4
[384.712s][debug][gc,phases      ] GC(152)     Total                          Min: 0, Avg:  0.0, Max: 0, Diff: 0, Sum: 0, Workers: 4
[384.712s][debug][gc,phases      ] GC(152)   StringDedup Requests0 Weak     Min:  0.0, Avg:  0.0, Max:  0.0, Diff:  0.0, Sum:  0.0, Workers: 4
[384.712s][debug][gc,phases      ] GC(152)     Dead                           Min: 0, Avg:  0.0, Max: 0, Diff: 0, Sum: 0, Workers: 4
[384.712s][debug][gc,phases      ] GC(152)     Total                          Min: 0, Avg:  0.0, Max: 0, Diff: 0, Sum: 0, Workers: 4
[384.712s][debug][gc,phases      ] GC(152)   StringDedup Requests1 Weak     Min:  0.0, Avg:  0.0, Max:  0.0, Diff:  0.0, Sum:  0.0, Workers: 4
[384.712s][debug][gc,phases      ] GC(152)     Dead                           Min: 0, Avg:  0.0, Max: 0, Diff: 0, Sum: 0, Workers: 4
[384.712s][debug][gc,phases      ] GC(152)     Total                          Min: 0, Avg:  0.0, Max: 0, Diff: 0, Sum: 0, Workers: 4
[384.712s][debug][gc,phases      ] GC(152)   Weak JFR Old Object Samples    Min:  0.0, Avg:  0.0, Max:  0.0, Diff:  0.0, Sum:  0.0, Workers: 4
[384.712s][debug][gc,phases      ] GC(152)     Dead                           Min: 0, Avg:  0.0, Max: 0, Diff: 0, Sum: 0, Workers: 4
[384.712s][debug][gc,phases      ] GC(152)     Total                          Min: 0, Avg:  0.0, Max: 0, Diff: 0, Sum: 0, Workers: 4
[384.712s][debug][gc,phases      ] GC(152) Weak Processing 0.309ms
[384.712s][debug][gc,age         ] GC(152) Desired survivor size 113770496 bytes, new threshold 15 (max threshold 15)
[384.712s][info ][gc,heap        ] GC(152) PSYoungGen: 1868464K(1981440K)->6720K(1977344K) Eden: 1861632K(1861632K)->0K(1861632K) From: 6832K(119808K)->6720K(115712K)
[384.712s][info ][gc,heap        ] GC(152) ParOldGen: 648162K(734720K)->648750K(734720K)
[384.712s][info ][gc,metaspace   ] GC(152) Metaspace: 85864K(86784K)->85864K(86784K) NonClass: 73897K(74368K)->73897K(74368K) Class: 11966K(12416K)->11966K(12416K)
[384.712s][info ][gc             ] GC(152) Pause Young (Allocation Failure) 2457M->640M(2648M) 4.581ms
[384.712s][info ][gc,cpu         ] GC(152) User=0.01s Sys=0.00s Real=0.01s
[384.712s][info ][safepoint      ] Safepoint "ParallelGCFailedAllocation", Time since last: 971401310 ns, Reaching safepoint: 115103 ns, At safepoint: 4664414 ns, Total: 4779517 ns
[385.712s][info ][safepoint      ] Safepoint "Cleanup", Time since last: 1000080694 ns, Reaching safepoint: 114403 ns, At safepoint: 11300 ns, Total: 125703 ns
[388.712s][info ][safepoint      ] Safepoint "Cleanup", Time since last: 3000273110 ns, Reaching safepoint: 128203 ns, At safepoint: 7101 ns, Total: 135304 ns
[390.713s][info ][safepoint      ] Safepoint "Cleanup", Time since last: 2000173477 ns, Reaching safepoint: 120203 ns, At safepoint: 6700 ns, Total: 126903 ns
[391.713s][info ][safepoint      ] Safepoint "Cleanup", Time since last: 1000102421 ns, Reaching safepoint: 127903 ns, At safepoint: 8700 ns, Total: 136603 ns
[393.713s][info ][safepoint      ] Safepoint "Cleanup", Time since last: 2000213304 ns, Reaching safepoint: 161204 ns, At safepoint: 11201 ns, Total: 172405 ns
[395.714s][info ][safepoint      ] Safepoint "Cleanup", Time since last: 2000175254 ns, Reaching safepoint: 126203 ns, At safepoint: 12800 ns, Total: 139003 ns
[397.506s][info ][gc,start       ] GC(153) Pause Young (Allocation Failure)
[397.511s][debug][gc,phases      ] GC(153) Scavenge 4.281ms
[397.511s][debug][gc,ref         ] GC(153) Skipped phase 1 of Reference Processing: no references
[397.511s][debug][gc,ref         ] GC(153) ReferenceProcessor::execute queues: 1, RefProcThreadModel::Single, marks_oops_alive: false
[397.511s][debug][gc,ref         ] GC(153) Skipped phase 3 of Reference Processing: no references
[397.511s][debug][gc,ref         ] GC(153) Skipped phase 4 of Reference Processing: no references
[397.511s][debug][gc,phases      ] GC(153) Reference Processing 0.125ms
[397.511s][debug][gc,phases      ] GC(153)   VM Weak                        Min:  0.0, Avg:  0.0, Max:  0.0, Diff:  0.0, Sum:  0.0, Workers: 4
[397.511s][debug][gc,phases      ] GC(153)     Dead                           Min: 0, Avg:  0.0, Max: 0, Diff: 0, Sum: 0, Workers: 4
[397.511s][debug][gc,phases      ] GC(153)     Total                          Min: 0, Avg: 186.2, Max: 384, Diff: 384, Sum: 745, Workers: 4
[397.511s][debug][gc,phases      ] GC(153)   ObjectSynchronizer Weak        Min:  0.0, Avg:  0.0, Max:  0.0, Diff:  0.0, Sum:  0.0, Workers: 4
[397.511s][debug][gc,phases      ] GC(153)     Dead                           Min: 0, Avg:  0.0, Max: 0, Diff: 0, Sum: 0, Workers: 4
[397.511s][debug][gc,phases      ] GC(153)     Total                          Min: 0, Avg: 116.5, Max: 192, Diff: 192, Sum: 466, Workers: 4
[397.511s][debug][gc,phases      ] GC(153)   JVMTI Tag Weak OopStorage      Min:  0.0, Avg:  0.0, Max:  0.0, Diff:  0.0, Sum:  0.0, Workers: 4
[397.511s][debug][gc,phases      ] GC(153)     Dead                           Min: 0, Avg:  0.0, Max: 0, Diff: 0, Sum: 0, Workers: 4
[397.511s][debug][gc,phases      ] GC(153)     Total                          Min: 0, Avg:  0.0, Max: 0, Diff: 0, Sum: 0, Workers: 4
[397.511s][debug][gc,phases      ] GC(153)   StringTable Weak               Min:  0.1, Avg:  0.1, Max:  0.1, Diff:  0.0, Sum:  0.4, Workers: 4
[397.511s][debug][gc,phases      ] GC(153)     Dead                           Min: 0, Avg:  0.0, Max: 0, Diff: 0, Sum: 0, Workers: 4
[397.511s][debug][gc,phases      ] GC(153)     Total                          Min: 11648, Avg: 12121.2, Max: 12480, Diff: 832, Sum: 48485, Workers: 4
[397.511s][debug][gc,phases      ] GC(153)   ResolvedMethodTable Weak       Min:  0.0, Avg:  0.0, Max:  0.0, Diff:  0.0, Sum:  0.1, Workers: 4
[397.511s][debug][gc,phases      ] GC(153)     Dead                           Min: 0, Avg:  0.0, Max: 0, Diff: 0, Sum: 0, Workers: 4
[397.511s][debug][gc,phases      ] GC(153)     Total                          Min: 2112, Avg: 2241.8, Max: 2375, Diff: 263, Sum: 8967, Workers: 4
[397.511s][debug][gc,phases      ] GC(153)   JNI Weak                       Min:  0.0, Avg:  0.0, Max:  0.0, Diff:  0.0, Sum:  0.0, Workers: 4
[397.511s][debug][gc,phases      ] GC(153)     Dead                           Min: 0, Avg:  0.0, Max: 0, Diff: 0, Sum: 0, Workers: 4
[397.511s][debug][gc,phases      ] GC(153)     Total                          Min: 0, Avg:  0.0, Max: 0, Diff: 0, Sum: 0, Workers: 4
[397.511s][debug][gc,phases      ] GC(153)   StringDedup Table Weak         Min:  0.0, Avg:  0.0, Max:  0.0, Diff:  0.0, Sum:  0.0, Workers: 4
[397.511s][debug][gc,phases      ] GC(153)     Dead                           Min: 0, Avg:  0.0, Max: 0, Diff: 0, Sum: 0, Workers: 4
[397.511s][debug][gc,phases      ] GC(153)     Total                          Min: 0, Avg:  0.0, Max: 0, Diff: 0, Sum: 0, Workers: 4
[397.511s][debug][gc,phases      ] GC(153)   StringDedup Requests0 Weak     Min:  0.0, Avg:  0.0, Max:  0.0, Diff:  0.0, Sum:  0.0, Workers: 4
[397.511s][debug][gc,phases      ] GC(153)     Dead                           Min: 0, Avg:  0.0, Max: 0, Diff: 0, Sum: 0, Workers: 4
[397.511s][debug][gc,phases      ] GC(153)     Total                          Min: 0, Avg:  0.0, Max: 0, Diff: 0, Sum: 0, Workers: 4
[397.511s][debug][gc,phases      ] GC(153)   StringDedup Requests1 Weak     Min:  0.0, Avg:  0.0, Max:  0.0, Diff:  0.0, Sum:  0.0, Workers: 4
[397.511s][debug][gc,phases      ] GC(153)     Dead                           Min: 0, Avg:  0.0, Max: 0, Diff: 0, Sum: 0, Workers: 4
[397.511s][debug][gc,phases      ] GC(153)     Total                          Min: 0, Avg:  0.0, Max: 0, Diff: 0, Sum: 0, Workers: 4
[397.511s][debug][gc,phases      ] GC(153)   Weak JFR Old Object Samples    Min:  0.0, Avg:  0.0, Max:  0.0, Diff:  0.0, Sum:  0.0, Workers: 4
[397.511s][debug][gc,phases      ] GC(153)     Dead                           Min: 0, Avg:  0.0, Max: 0, Diff: 0, Sum: 0, Workers: 4
[397.511s][debug][gc,phases      ] GC(153)     Total                          Min: 0, Avg:  0.0, Max: 0, Diff: 0, Sum: 0, Workers: 4
[397.511s][debug][gc,phases      ] GC(153) Weak Processing 0.333ms
[397.511s][debug][gc,age         ] GC(153) Desired survivor size 109051904 bytes, new threshold 15 (max threshold 15)
[397.511s][info ][gc,heap        ] GC(153) PSYoungGen: 1868352K(1977344K)->6482K(1990656K) Eden: 1861632K(1861632K)->0K(1879552K) From: 6720K(115712K)->6482K(111104K)
[397.511s][info ][gc,heap        ] GC(153) ParOldGen: 648750K(734720K)->649358K(734720K)
[397.511s][info ][gc,metaspace   ] GC(153) Metaspace: 85873K(86784K)->85873K(86784K) NonClass: 73907K(74368K)->73907K(74368K) Class: 11966K(12416K)->11966K(12416K)
[397.511s][info ][gc             ] GC(153) Pause Young (Allocation Failure) 2458M->640M(2661M) 4.873ms
[397.511s][info ][gc,cpu         ] GC(153) User=0.01s Sys=0.00s Real=0.01s
[397.511s][info ][safepoint      ] Safepoint "ParallelGCFailedAllocation", Time since last: 1792609494 ns, Reaching safepoint: 121803 ns, At safepoint: 4963320 ns, Total: 5085123 ns
[398.512s][info ][safepoint      ] Safepoint "Cleanup", Time since last: 1000088937 ns, Reaching safepoint: 127103 ns, At safepoint: 11000 ns, Total: 138103 ns
[399.512s][info ][safepoint      ] Safepoint "Cleanup", Time since last: 1000120225 ns, Reaching safepoint: 128303 ns, At safepoint: 8600 ns, Total: 136903 ns
[401.512s][info ][safepoint      ] Safepoint "Cleanup", Time since last: 2000189313 ns, Reaching safepoint: 127103 ns, At safepoint: 7700 ns, Total: 134803 ns
[404.513s][info ][safepoint      ] Safepoint "Cleanup", Time since last: 3000234427 ns, Reaching safepoint: 162604 ns, At safepoint: 9001 ns, Total: 171605 ns
[405.513s][info ][safepoint      ] Safepoint "Cleanup", Time since last: 1000096751 ns, Reaching safepoint: 109303 ns, At safepoint: 7400 ns, Total: 116703 ns
[409.054s][info ][gc,start       ] GC(154) Pause Young (Allocation Failure)
[409.058s][debug][gc,phases      ] GC(154) Scavenge 4.196ms
[409.058s][debug][gc,ref         ] GC(154) Skipped phase 1 of Reference Processing: no references
[409.058s][debug][gc,ref         ] GC(154) ReferenceProcessor::execute queues: 1, RefProcThreadModel::Single, marks_oops_alive: false
[409.058s][debug][gc,ref         ] GC(154) Skipped phase 3 of Reference Processing: no references
[409.058s][debug][gc,ref         ] GC(154) Skipped phase 4 of Reference Processing: no references
[409.058s][debug][gc,phases      ] GC(154) Reference Processing 0.113ms
[409.058s][debug][gc,phases      ] GC(154)   VM Weak                        Min:  0.0, Avg:  0.0, Max:  0.0, Diff:  0.0, Sum:  0.0, Workers: 4
[409.058s][debug][gc,phases      ] GC(154)     Dead                           Min: 0, Avg:  0.0, Max: 0, Diff: 0, Sum: 0, Workers: 4
[409.058s][debug][gc,phases      ] GC(154)     Total                          Min: 0, Avg: 186.2, Max: 745, Diff: 745, Sum: 745, Workers: 4
[409.058s][debug][gc,phases      ] GC(154)   ObjectSynchronizer Weak        Min:  0.0, Avg:  0.0, Max:  0.0, Diff:  0.0, Sum:  0.0, Workers: 4
[409.058s][debug][gc,phases      ] GC(154)     Dead                           Min: 0, Avg:  0.0, Max: 0, Diff: 0, Sum: 0, Workers: 4
[409.058s][debug][gc,phases      ] GC(154)     Total                          Min: 0, Avg: 116.5, Max: 466, Diff: 466, Sum: 466, Workers: 4
[409.058s][debug][gc,phases      ] GC(154)   JVMTI Tag Weak OopStorage      Min:  0.0, Avg:  0.0, Max:  0.0, Diff:  0.0, Sum:  0.0, Workers: 4
[409.058s][debug][gc,phases      ] GC(154)     Dead                           Min: 0, Avg:  0.0, Max: 0, Diff: 0, Sum: 0, Workers: 4
[409.058s][debug][gc,phases      ] GC(154)     Total                          Min: 0, Avg:  0.0, Max: 0, Diff: 0, Sum: 0, Workers: 4
[409.058s][debug][gc,phases      ] GC(154)   StringTable Weak               Min:  0.1, Avg:  0.1, Max:  0.1, Diff:  0.0, Sum:  0.5, Workers: 4
[409.059s][debug][gc,phases      ] GC(154)     Dead                           Min: 0, Avg:  0.0, Max: 0, Diff: 0, Sum: 0, Workers: 4
[409.059s][debug][gc,phases      ] GC(154)     Total                          Min: 11712, Avg: 12122.0, Max: 12480, Diff: 768, Sum: 48488, Workers: 4
[409.059s][debug][gc,phases      ] GC(154)   ResolvedMethodTable Weak       Min:  0.0, Avg:  0.0, Max:  0.0, Diff:  0.0, Sum:  0.1, Workers: 4
[409.059s][debug][gc,phases      ] GC(154)     Dead                           Min: 0, Avg:  0.0, Max: 0, Diff: 0, Sum: 0, Workers: 4
[409.059s][debug][gc,phases      ] GC(154)     Total                          Min: 2176, Avg: 2241.8, Max: 2311, Diff: 135, Sum: 8967, Workers: 4
[409.059s][debug][gc,phases      ] GC(154)   JNI Weak                       Min:  0.0, Avg:  0.0, Max:  0.0, Diff:  0.0, Sum:  0.0, Workers: 4
[409.059s][debug][gc,phases      ] GC(154)     Dead                           Min: 0, Avg:  0.0, Max: 0, Diff: 0, Sum: 0, Workers: 4
[409.059s][debug][gc,phases      ] GC(154)     Total                          Min: 0, Avg:  0.0, Max: 0, Diff: 0, Sum: 0, Workers: 4
[409.059s][debug][gc,phases      ] GC(154)   StringDedup Table Weak         Min:  0.0, Avg:  0.0, Max:  0.0, Diff:  0.0, Sum:  0.0, Workers: 4
[409.059s][debug][gc,phases      ] GC(154)     Dead                           Min: 0, Avg:  0.0, Max: 0, Diff: 0, Sum: 0, Workers: 4
[409.059s][debug][gc,phases      ] GC(154)     Total                          Min: 0, Avg:  0.0, Max: 0, Diff: 0, Sum: 0, Workers: 4
[409.059s][debug][gc,phases      ] GC(154)   StringDedup Requests0 Weak     Min:  0.0, Avg:  0.0, Max:  0.0, Diff:  0.0, Sum:  0.0, Workers: 4
[409.059s][debug][gc,phases      ] GC(154)     Dead                           Min: 0, Avg:  0.0, Max: 0, Diff: 0, Sum: 0, Workers: 4
[409.059s][debug][gc,phases      ] GC(154)     Total                          Min: 0, Avg:  0.0, Max: 0, Diff: 0, Sum: 0, Workers: 4
[409.059s][debug][gc,phases      ] GC(154)   StringDedup Requests1 Weak     Min:  0.0, Avg:  0.0, Max:  0.0, Diff:  0.0, Sum:  0.0, Workers: 4
[409.059s][debug][gc,phases      ] GC(154)     Dead                           Min: 0, Avg:  0.0, Max: 0, Diff: 0, Sum: 0, Workers: 4
[409.059s][debug][gc,phases      ] GC(154)     Total                          Min: 0, Avg:  0.0, Max: 0, Diff: 0, Sum: 0, Workers: 4
[409.059s][debug][gc,phases      ] GC(154)   Weak JFR Old Object Samples    Min:  0.0, Avg:  0.0, Max:  0.0, Diff:  0.0, Sum:  0.0, Workers: 4
[409.059s][debug][gc,phases      ] GC(154)     Dead                           Min: 0, Avg:  0.0, Max: 0, Diff: 0, Sum: 0, Workers: 4
[409.059s][debug][gc,phases      ] GC(154)     Total                          Min: 0, Avg:  0.0, Max: 0, Diff: 0, Sum: 0, Workers: 4
[409.059s][debug][gc,phases      ] GC(154) Weak Processing 0.338ms
[409.059s][debug][gc,age         ] GC(154) Desired survivor size 104333312 bytes, new threshold 15 (max threshold 15)
[409.059s][info ][gc,heap        ] GC(154) PSYoungGen: 1886034K(1990656K)->6512K(1986048K) Eden: 1879552K(1879552K)->0K(1879552K) From: 6482K(111104K)->6512K(106496K)
[409.059s][info ][gc,heap        ] GC(154) ParOldGen: 649358K(734720K)->649590K(734720K)
[409.059s][info ][gc,metaspace   ] GC(154) Metaspace: 85889K(86848K)->85889K(86848K) NonClass: 73921K(74432K)->73921K(74432K) Class: 11968K(12416K)->11968K(12416K)
[409.059s][info ][gc             ] GC(154) Pause Young (Allocation Failure) 2475M->640M(2657M) 4.780ms
[409.059s][info ][gc,cpu         ] GC(154) User=0.02s Sys=0.00s Real=0.00s
[409.059s][info ][safepoint      ] Safepoint "ParallelGCFailedAllocation", Time since last: 3540887061 ns, Reaching safepoint: 120103 ns, At safepoint: 4867317 ns, Total: 4987420 ns
[412.059s][info ][safepoint      ] Safepoint "Cleanup", Time since last: 3000219455 ns, Reaching safepoint: 155404 ns, At safepoint: 15300 ns, Total: 170704 ns
[413.059s][info ][safepoint      ] Safepoint "Cleanup", Time since last: 1000096462 ns, Reaching safepoint: 139703 ns, At safepoint: 9301 ns, Total: 149004 ns
[416.060s][info ][safepoint      ] Safepoint "Cleanup", Time since last: 3000230612 ns, Reaching safepoint: 127004 ns, At safepoint: 10300 ns, Total: 137304 ns
[417.060s][info ][safepoint      ] Safepoint "Cleanup", Time since last: 1000096614 ns, Reaching safepoint: 114903 ns, At safepoint: 7700 ns, Total: 122603 ns
[418.060s][info ][safepoint      ] Safepoint "Cleanup", Time since last: 1000093503 ns, Reaching safepoint: 446111 ns, At safepoint: 7500 ns, Total: 453611 ns
[419.061s][info ][safepoint      ] Safepoint "Cleanup", Time since last: 1000094491 ns, Reaching safepoint: 114702 ns, At safepoint: 5601 ns, Total: 120303 ns
[420.708s][info ][gc,start       ] GC(155) Pause Young (Allocation Failure)
[420.712s][debug][gc,phases      ] GC(155) Scavenge 4.414ms
[420.712s][debug][gc,ref         ] GC(155) Skipped phase 1 of Reference Processing: no references
[420.713s][debug][gc,ref         ] GC(155) ReferenceProcessor::execute queues: 1, RefProcThreadModel::Single, marks_oops_alive: false
[420.713s][debug][gc,ref         ] GC(155) Skipped phase 3 of Reference Processing: no references
[420.713s][debug][gc,ref         ] GC(155) ReferenceProcessor::execute queues: 1, RefProcThreadModel::Single, marks_oops_alive: false
[420.713s][debug][gc,phases      ] GC(155) Reference Processing 0.114ms
[420.713s][debug][gc,phases      ] GC(155)   VM Weak                        Min:  0.0, Avg:  0.0, Max:  0.0, Diff:  0.0, Sum:  0.0, Workers: 4
[420.713s][debug][gc,phases      ] GC(155)     Dead                           Min: 0, Avg:  0.0, Max: 0, Diff: 0, Sum: 0, Workers: 4
[420.713s][debug][gc,phases      ] GC(155)     Total                          Min: 0, Avg: 186.2, Max: 745, Diff: 745, Sum: 745, Workers: 4
[420.713s][debug][gc,phases      ] GC(155)   ObjectSynchronizer Weak        Min:  0.0, Avg:  0.0, Max:  0.0, Diff:  0.0, Sum:  0.0, Workers: 4
[420.713s][debug][gc,phases      ] GC(155)     Dead                           Min: 0, Avg:  0.0, Max: 0, Diff: 0, Sum: 0, Workers: 4
[420.713s][debug][gc,phases      ] GC(155)     Total                          Min: 0, Avg: 116.5, Max: 466, Diff: 466, Sum: 466, Workers: 4
[420.713s][debug][gc,phases      ] GC(155)   JVMTI Tag Weak OopStorage      Min:  0.0, Avg:  0.0, Max:  0.0, Diff:  0.0, Sum:  0.0, Workers: 4
[420.713s][debug][gc,phases      ] GC(155)     Dead                           Min: 0, Avg:  0.0, Max: 0, Diff: 0, Sum: 0, Workers: 4
[420.713s][debug][gc,phases      ] GC(155)     Total                          Min: 0, Avg:  0.0, Max: 0, Diff: 0, Sum: 0, Workers: 4
[420.713s][debug][gc,phases      ] GC(155)   StringTable Weak               Min:  0.1, Avg:  0.1, Max:  0.1, Diff:  0.0, Sum:  0.4, Workers: 4
[420.713s][debug][gc,phases      ] GC(155)     Dead                           Min: 0, Avg:  0.0, Max: 0, Diff: 0, Sum: 0, Workers: 4
[420.713s][debug][gc,phases      ] GC(155)     Total                          Min: 11305, Avg: 12122.2, Max: 13376, Diff: 2071, Sum: 48489, Workers: 4
[420.713s][debug][gc,phases      ] GC(155)   ResolvedMethodTable Weak       Min:  0.0, Avg:  0.0, Max:  0.0, Diff:  0.0, Sum:  0.1, Workers: 4
[420.713s][debug][gc,phases      ] GC(155)     Dead                           Min: 0, Avg:  0.0, Max: 0, Diff: 0, Sum: 0, Workers: 4
[420.713s][debug][gc,phases      ] GC(155)     Total                          Min: 2056, Avg: 2242.0, Max: 2432, Diff: 376, Sum: 8968, Workers: 4
[420.713s][debug][gc,phases      ] GC(155)   JNI Weak                       Min:  0.0, Avg:  0.0, Max:  0.0, Diff:  0.0, Sum:  0.0, Workers: 4
[420.713s][debug][gc,phases      ] GC(155)     Dead                           Min: 0, Avg:  0.0, Max: 0, Diff: 0, Sum: 0, Workers: 4
[420.713s][debug][gc,phases      ] GC(155)     Total                          Min: 0, Avg:  0.0, Max: 0, Diff: 0, Sum: 0, Workers: 4
[420.713s][debug][gc,phases      ] GC(155)   StringDedup Table Weak         Min:  0.0, Avg:  0.0, Max:  0.0, Diff:  0.0, Sum:  0.0, Workers: 4
[420.713s][debug][gc,phases      ] GC(155)     Dead                           Min: 0, Avg:  0.0, Max: 0, Diff: 0, Sum: 0, Workers: 4
[420.713s][debug][gc,phases      ] GC(155)     Total                          Min: 0, Avg:  0.0, Max: 0, Diff: 0, Sum: 0, Workers: 4
[420.713s][debug][gc,phases      ] GC(155)   StringDedup Requests0 Weak     Min:  0.0, Avg:  0.0, Max:  0.0, Diff:  0.0, Sum:  0.0, Workers: 4
[420.713s][debug][gc,phases      ] GC(155)     Dead                           Min: 0, Avg:  0.0, Max: 0, Diff: 0, Sum: 0, Workers: 4
[420.713s][debug][gc,phases      ] GC(155)     Total                          Min: 0, Avg:  0.0, Max: 0, Diff: 0, Sum: 0, Workers: 4
[420.713s][debug][gc,phases      ] GC(155)   StringDedup Requests1 Weak     Min:  0.0, Avg:  0.0, Max:  0.0, Diff:  0.0, Sum:  0.0, Workers: 4
[420.713s][debug][gc,phases      ] GC(155)     Dead                           Min: 0, Avg:  0.0, Max: 0, Diff: 0, Sum: 0, Workers: 4
[420.713s][debug][gc,phases      ] GC(155)     Total                          Min: 0, Avg:  0.0, Max: 0, Diff: 0, Sum: 0, Workers: 4
[420.713s][debug][gc,phases      ] GC(155)   Weak JFR Old Object Samples    Min:  0.0, Avg:  0.0, Max:  0.0, Diff:  0.0, Sum:  0.0, Workers: 4
[420.713s][debug][gc,phases      ] GC(155)     Dead                           Min: 0, Avg:  0.0, Max: 0, Diff: 0, Sum: 0, Workers: 4
[420.713s][debug][gc,phases      ] GC(155)     Total                          Min: 0, Avg:  0.0, Max: 0, Diff: 0, Sum: 0, Workers: 4
[420.713s][debug][gc,phases      ] GC(155) Weak Processing 0.327ms
[420.713s][debug][gc,age         ] GC(155) Desired survivor size 99614720 bytes, new threshold 15 (max threshold 15)
[420.713s][info ][gc,heap        ] GC(155) PSYoungGen: 1886064K(1986048K)->6704K(1999872K) Eden: 1879552K(1879552K)->0K(1897984K) From: 6512K(106496K)->6704K(101888K)
[420.713s][info ][gc,heap        ] GC(155) ParOldGen: 649590K(734720K)->649794K(734720K)
[420.713s][info ][gc,metaspace   ] GC(155) Metaspace: 85903K(86848K)->85903K(86848K) NonClass: 73934K(74432K)->73934K(74432K) Class: 11969K(12416K)->11969K(12416K)
[420.713s][info ][gc             ] GC(155) Pause Young (Allocation Failure) 2476M->641M(2670M) 4.984ms
[420.713s][info ][gc,cpu         ] GC(155) User=0.02s Sys=0.00s Real=0.01s
[420.713s][info ][safepoint      ] Safepoint "ParallelGCFailedAllocation", Time since last: 1647171223 ns, Reaching safepoint: 117503 ns, At safepoint: 5061620 ns, Total: 5179123 ns
[421.713s][info ][safepoint      ] Safepoint "Cleanup", Time since last: 1000081560 ns, Reaching safepoint: 133503 ns, At safepoint: 13700 ns, Total: 147203 ns
[422.713s][info ][safepoint      ] Safepoint "Cleanup", Time since last: 1000105149 ns, Reaching safepoint: 89302 ns, At safepoint: 10400 ns, Total: 99702 ns
[423.714s][info ][safepoint      ] Safepoint "Cleanup", Time since last: 1000128238 ns, Reaching safepoint: 162104 ns, At safepoint: 12800 ns, Total: 174904 ns
[424.714s][info ][safepoint      ] Safepoint "Cleanup", Time since last: 1000105925 ns, Reaching safepoint: 116003 ns, At safepoint: 11100 ns, Total: 127103 ns
[425.714s][info ][safepoint      ] Safepoint "Cleanup", Time since last: 1000094414 ns, Reaching safepoint: 113403 ns, At safepoint: 11900 ns, Total: 125303 ns
[428.715s][info ][safepoint      ] Safepoint "Cleanup", Time since last: 3000209369 ns, Reaching safepoint: 114403 ns, At safepoint: 7300 ns, Total: 121703 ns
[430.715s][info ][safepoint      ] Safepoint "Cleanup", Time since last: 2000164423 ns, Reaching safepoint: 134603 ns, At safepoint: 9600 ns, Total: 144203 ns
[433.818s][info ][gc,start       ] GC(156) Pause Young (Allocation Failure)
[433.821s][debug][gc,phases      ] GC(156) Scavenge 3.514ms
[433.821s][debug][gc,ref         ] GC(156) Skipped phase 1 of Reference Processing: no references
[433.822s][debug][gc,ref         ] GC(156) ReferenceProcessor::execute queues: 1, RefProcThreadModel::Single, marks_oops_alive: false
[433.822s][debug][gc,ref         ] GC(156) Skipped phase 3 of Reference Processing: no references
[433.822s][debug][gc,ref         ] GC(156) Skipped phase 4 of Reference Processing: no references
[433.822s][debug][gc,phases      ] GC(156) Reference Processing 0.115ms
[433.822s][debug][gc,phases      ] GC(156)   VM Weak                        Min:  0.0, Avg:  0.0, Max:  0.0, Diff:  0.0, Sum:  0.0, Workers: 4
[433.822s][debug][gc,phases      ] GC(156)     Dead                           Min: 0, Avg:  0.0, Max: 0, Diff: 0, Sum: 0, Workers: 4
[433.822s][debug][gc,phases      ] GC(156)     Total                          Min: 0, Avg: 186.2, Max: 512, Diff: 512, Sum: 745, Workers: 4
[433.822s][debug][gc,phases      ] GC(156)   ObjectSynchronizer Weak        Min:  0.0, Avg:  0.0, Max:  0.0, Diff:  0.0, Sum:  0.0, Workers: 4
[433.822s][debug][gc,phases      ] GC(156)     Dead                           Min: 0, Avg:  0.0, Max: 0, Diff: 0, Sum: 0, Workers: 4
[433.822s][debug][gc,phases      ] GC(156)     Total                          Min: 0, Avg: 116.5, Max: 210, Diff: 210, Sum: 466, Workers: 4
[433.822s][debug][gc,phases      ] GC(156)   JVMTI Tag Weak OopStorage      Min:  0.0, Avg:  0.0, Max:  0.0, Diff:  0.0, Sum:  0.0, Workers: 4
[433.822s][debug][gc,phases      ] GC(156)     Dead                           Min: 0, Avg:  0.0, Max: 0, Diff: 0, Sum: 0, Workers: 4
[433.822s][debug][gc,phases      ] GC(156)     Total                          Min: 0, Avg:  0.0, Max: 0, Diff: 0, Sum: 0, Workers: 4
[433.822s][debug][gc,phases      ] GC(156)   StringTable Weak               Min:  0.1, Avg:  0.1, Max:  0.1, Diff:  0.0, Sum:  0.4, Workers: 4
[433.822s][debug][gc,phases      ] GC(156)     Dead                           Min: 0, Avg:  0.0, Max: 0, Diff: 0, Sum: 0, Workers: 4
[433.822s][debug][gc,phases      ] GC(156)     Total                          Min: 11584, Avg: 12129.2, Max: 12800, Diff: 1216, Sum: 48517, Workers: 4
[433.822s][debug][gc,phases      ] GC(156)   ResolvedMethodTable Weak       Min:  0.0, Avg:  0.0, Max:  0.0, Diff:  0.0, Sum:  0.1, Workers: 4
[433.822s][debug][gc,phases      ] GC(156)     Dead                           Min: 0, Avg:  0.0, Max: 0, Diff: 0, Sum: 0, Workers: 4
[433.822s][debug][gc,phases      ] GC(156)     Total                          Min: 1992, Avg: 2242.0, Max: 2432, Diff: 440, Sum: 8968, Workers: 4
[433.822s][debug][gc,phases      ] GC(156)   JNI Weak                       Min:  0.0, Avg:  0.0, Max:  0.0, Diff:  0.0, Sum:  0.0, Workers: 4
[433.822s][debug][gc,phases      ] GC(156)     Dead                           Min: 0, Avg:  0.0, Max: 0, Diff: 0, Sum: 0, Workers: 4
[433.822s][debug][gc,phases      ] GC(156)     Total                          Min: 0, Avg:  0.0, Max: 0, Diff: 0, Sum: 0, Workers: 4
[433.822s][debug][gc,phases      ] GC(156)   StringDedup Table Weak         Min:  0.0, Avg:  0.0, Max:  0.0, Diff:  0.0, Sum:  0.0, Workers: 4
[433.822s][debug][gc,phases      ] GC(156)     Dead                           Min: 0, Avg:  0.0, Max: 0, Diff: 0, Sum: 0, Workers: 4
[433.822s][debug][gc,phases      ] GC(156)     Total                          Min: 0, Avg:  0.0, Max: 0, Diff: 0, Sum: 0, Workers: 4
[433.822s][debug][gc,phases      ] GC(156)   StringDedup Requests0 Weak     Min:  0.0, Avg:  0.0, Max:  0.0, Diff:  0.0, Sum:  0.0, Workers: 4
[433.822s][debug][gc,phases      ] GC(156)     Dead                           Min: 0, Avg:  0.0, Max: 0, Diff: 0, Sum: 0, Workers: 4
[433.822s][debug][gc,phases      ] GC(156)     Total                          Min: 0, Avg:  0.0, Max: 0, Diff: 0, Sum: 0, Workers: 4
[433.822s][debug][gc,phases      ] GC(156)   StringDedup Requests1 Weak     Min:  0.0, Avg:  0.0, Max:  0.0, Diff:  0.0, Sum:  0.0, Workers: 4
[433.822s][debug][gc,phases      ] GC(156)     Dead                           Min: 0, Avg:  0.0, Max: 0, Diff: 0, Sum: 0, Workers: 4
[433.822s][debug][gc,phases      ] GC(156)     Total                          Min: 0, Avg:  0.0, Max: 0, Diff: 0, Sum: 0, Workers: 4
[433.822s][debug][gc,phases      ] GC(156)   Weak JFR Old Object Samples    Min:  0.0, Avg:  0.0, Max:  0.0, Diff:  0.0, Sum:  0.0, Workers: 4
[433.822s][debug][gc,phases      ] GC(156)     Dead                           Min: 0, Avg:  0.0, Max: 0, Diff: 0, Sum: 0, Workers: 4
[433.822s][debug][gc,phases      ] GC(156)     Total                          Min: 0, Avg:  0.0, Max: 0, Diff: 0, Sum: 0, Workers: 4
[433.822s][debug][gc,phases      ] GC(156) Weak Processing 0.319ms
[433.822s][debug][gc,age         ] GC(156) Desired survivor size 94371840 bytes, new threshold 15 (max threshold 15)
[433.822s][info ][gc,heap        ] GC(156) PSYoungGen: 1904688K(1999872K)->6608K(1995264K) Eden: 1897984K(1897984K)->0K(1897984K) From: 6704K(101888K)->6608K(97280K)
[433.822s][info ][gc,heap        ] GC(156) ParOldGen: 649794K(734720K)->649970K(734720K)
[433.822s][info ][gc,metaspace   ] GC(156) Metaspace: 85904K(86848K)->85904K(86848K) NonClass: 73935K(74432K)->73935K(74432K) Class: 11969K(12416K)->11969K(12416K)
[433.822s][info ][gc             ] GC(156) Pause Young (Allocation Failure) 2494M->641M(2666M) 4.066ms
[433.822s][info ][gc,cpu         ] GC(156) User=0.02s Sys=0.00s Real=0.00s
[433.822s][info ][safepoint      ] Safepoint "ParallelGCFailedAllocation", Time since last: 3102950134 ns, Reaching safepoint: 54401 ns, At safepoint: 4159299 ns, Total: 4213700 ns
[435.822s][info ][safepoint      ] Safepoint "Cleanup", Time since last: 2000129005 ns, Reaching safepoint: 64502 ns, At safepoint: 9500 ns, Total: 74002 ns
[436.822s][info ][safepoint      ] Safepoint "Cleanup", Time since last: 1000100687 ns, Reaching safepoint: 66201 ns, At safepoint: 7500 ns, Total: 73701 ns
[437.823s][info ][safepoint      ] Safepoint "Cleanup", Time since last: 1000046874 ns, Reaching safepoint: 60702 ns, At safepoint: 8900 ns, Total: 69602 ns
[438.823s][info ][safepoint      ] Safepoint "Cleanup", Time since last: 1000067563 ns, Reaching safepoint: 39201 ns, At safepoint: 3600 ns, Total: 42801 ns
[439.823s][info ][safepoint      ] Safepoint "Cleanup", Time since last: 1000101252 ns, Reaching safepoint: 44302 ns, At safepoint: 3300 ns, Total: 47602 ns
[440.823s][info ][safepoint      ] Safepoint "Cleanup", Time since last: 1000094941 ns, Reaching safepoint: 56201 ns, At safepoint: 3700 ns, Total: 59901 ns
[441.823s][info ][safepoint      ] Safepoint "Cleanup", Time since last: 1000095730 ns, Reaching safepoint: 47601 ns, At safepoint: 3600 ns, Total: 51201 ns
[443.823s][info ][safepoint      ] Safepoint "Cleanup", Time since last: 2000134325 ns, Reaching safepoint: 40201 ns, At safepoint: 3500 ns, Total: 43701 ns
[445.687s][info ][gc,start       ] GC(157) Pause Young (Allocation Failure)
[445.690s][debug][gc,phases      ] GC(157) Scavenge 3.684ms
[445.691s][debug][gc,ref         ] GC(157) Skipped phase 1 of Reference Processing: no references
[445.691s][debug][gc,ref         ] GC(157) ReferenceProcessor::execute queues: 1, RefProcThreadModel::Single, marks_oops_alive: false
[445.691s][debug][gc,ref         ] GC(157) Skipped phase 3 of Reference Processing: no references
[445.691s][debug][gc,ref         ] GC(157) Skipped phase 4 of Reference Processing: no references
[445.691s][debug][gc,phases      ] GC(157) Reference Processing 0.116ms
[445.691s][debug][gc,phases      ] GC(157)   VM Weak                        Min:  0.0, Avg:  0.0, Max:  0.0, Diff:  0.0, Sum:  0.0, Workers: 4
[445.691s][debug][gc,phases      ] GC(157)     Dead                           Min: 0, Avg:  0.0, Max: 0, Diff: 0, Sum: 0, Workers: 4
[445.691s][debug][gc,phases      ] GC(157)     Total                          Min: 0, Avg: 186.2, Max: 576, Diff: 576, Sum: 745, Workers: 4
[445.691s][debug][gc,phases      ] GC(157)   ObjectSynchronizer Weak        Min:  0.0, Avg:  0.0, Max:  0.0, Diff:  0.0, Sum:  0.0, Workers: 4
[445.691s][debug][gc,phases      ] GC(157)     Dead                           Min: 0, Avg:  0.0, Max: 0, Diff: 0, Sum: 0, Workers: 4
[445.691s][debug][gc,phases      ] GC(157)     Total                          Min: 0, Avg: 116.5, Max: 274, Diff: 274, Sum: 466, Workers: 4
[445.691s][debug][gc,phases      ] GC(157)   JVMTI Tag Weak OopStorage      Min:  0.0, Avg:  0.0, Max:  0.0, Diff:  0.0, Sum:  0.0, Workers: 4
[445.691s][debug][gc,phases      ] GC(157)     Dead                           Min: 0, Avg:  0.0, Max: 0, Diff: 0, Sum: 0, Workers: 4
[445.691s][debug][gc,phases      ] GC(157)     Total                          Min: 0, Avg:  0.0, Max: 0, Diff: 0, Sum: 0, Workers: 4
[445.691s][debug][gc,phases      ] GC(157)   StringTable Weak               Min:  0.1, Avg:  0.1, Max:  0.1, Diff:  0.0, Sum:  0.4, Workers: 4
[445.691s][debug][gc,phases      ] GC(157)     Dead                           Min: 0, Avg:  0.0, Max: 0, Diff: 0, Sum: 0, Workers: 4
[445.691s][debug][gc,phases      ] GC(157)     Total                          Min: 11648, Avg: 12129.2, Max: 12997, Diff: 1349, Sum: 48517, Workers: 4
[445.691s][debug][gc,phases      ] GC(157)   ResolvedMethodTable Weak       Min:  0.0, Avg:  0.0, Max:  0.0, Diff:  0.0, Sum:  0.1, Workers: 4
[445.691s][debug][gc,phases      ] GC(157)     Dead                           Min: 0, Avg:  0.0, Max: 0, Diff: 0, Sum: 0, Workers: 4
[445.691s][debug][gc,phases      ] GC(157)     Total                          Min: 2048, Avg: 2242.0, Max: 2496, Diff: 448, Sum: 8968, Workers: 4
[445.691s][debug][gc,phases      ] GC(157)   JNI Weak                       Min:  0.0, Avg:  0.0, Max:  0.0, Diff:  0.0, Sum:  0.0, Workers: 4
[445.691s][debug][gc,phases      ] GC(157)     Dead                           Min: 0, Avg:  0.0, Max: 0, Diff: 0, Sum: 0, Workers: 4
[445.691s][debug][gc,phases      ] GC(157)     Total                          Min: 0, Avg:  0.0, Max: 0, Diff: 0, Sum: 0, Workers: 4
[445.691s][debug][gc,phases      ] GC(157)   StringDedup Table Weak         Min:  0.0, Avg:  0.0, Max:  0.0, Diff:  0.0, Sum:  0.0, Workers: 4
[445.691s][debug][gc,phases      ] GC(157)     Dead                           Min: 0, Avg:  0.0, Max: 0, Diff: 0, Sum: 0, Workers: 4
[445.691s][debug][gc,phases      ] GC(157)     Total                          Min: 0, Avg:  0.0, Max: 0, Diff: 0, Sum: 0, Workers: 4
[445.691s][debug][gc,phases      ] GC(157)   StringDedup Requests0 Weak     Min:  0.0, Avg:  0.0, Max:  0.0, Diff:  0.0, Sum:  0.0, Workers: 4
[445.691s][debug][gc,phases      ] GC(157)     Dead                           Min: 0, Avg:  0.0, Max: 0, Diff: 0, Sum: 0, Workers: 4
[445.691s][debug][gc,phases      ] GC(157)     Total                          Min: 0, Avg:  0.0, Max: 0, Diff: 0, Sum: 0, Workers: 4
[445.691s][debug][gc,phases      ] GC(157)   StringDedup Requests1 Weak     Min:  0.0, Avg:  0.0, Max:  0.0, Diff:  0.0, Sum:  0.0, Workers: 4
[445.691s][debug][gc,phases      ] GC(157)     Dead                           Min: 0, Avg:  0.0, Max: 0, Diff: 0, Sum: 0, Workers: 4
[445.691s][debug][gc,phases      ] GC(157)     Total                          Min: 0, Avg:  0.0, Max: 0, Diff: 0, Sum: 0, Workers: 4
[445.691s][debug][gc,phases      ] GC(157)   Weak JFR Old Object Samples    Min:  0.0, Avg:  0.0, Max:  0.0, Diff:  0.0, Sum:  0.0, Workers: 4
[445.691s][debug][gc,phases      ] GC(157)     Dead                           Min: 0, Avg:  0.0, Max: 0, Diff: 0, Sum: 0, Workers: 4
[445.691s][debug][gc,phases      ] GC(157)     Total                          Min: 0, Avg:  0.0, Max: 0, Diff: 0, Sum: 0, Workers: 4
[445.691s][debug][gc,phases      ] GC(157) Weak Processing 0.341ms
[445.691s][debug][gc,age         ] GC(157) Desired survivor size 89653248 bytes, new threshold 15 (max threshold 15)
[445.691s][info ][gc,heap        ] GC(157) PSYoungGen: 1904592K(1995264K)->6496K(2009600K) Eden: 1897984K(1897984K)->0K(1917440K) From: 6608K(97280K)->6496K(92160K)
[445.691s][info ][gc,heap        ] GC(157) ParOldGen: 649970K(734720K)->650114K(734720K)
[445.691s][info ][gc,metaspace   ] GC(157) Metaspace: 85906K(86848K)->85906K(86848K) NonClass: 73937K(74432K)->73937K(74432K) Class: 11969K(12416K)->11969K(12416K)
[445.691s][info ][gc             ] GC(157) Pause Young (Allocation Failure) 2494M->641M(2680M) 4.287ms
[445.691s][info ][gc,cpu         ] GC(157) User=0.01s Sys=0.01s Real=0.01s
[445.691s][info ][safepoint      ] Safepoint "ParallelGCFailedAllocation", Time since last: 1863406956 ns, Reaching safepoint: 52902 ns, At safepoint: 4371303 ns, Total: 4424205 ns
[446.691s][info ][safepoint      ] Safepoint "Cleanup", Time since last: 1000066975 ns, Reaching safepoint: 42601 ns, At safepoint: 3000 ns, Total: 45601 ns
[450.692s][info ][safepoint      ] Safepoint "Cleanup", Time since last: 4000299790 ns, Reaching safepoint: 51701 ns, At safepoint: 7600 ns, Total: 59301 ns
[452.692s][info ][safepoint      ] Safepoint "Cleanup", Time since last: 2000176829 ns, Reaching safepoint: 55402 ns, At safepoint: 10700 ns, Total: 66102 ns
[454.692s][info ][safepoint      ] Safepoint "Cleanup", Time since last: 2000167885 ns, Reaching safepoint: 33101 ns, At safepoint: 3800 ns, Total: 36901 ns
[458.055s][info ][gc,start       ] GC(158) Pause Young (Allocation Failure)
[458.060s][debug][gc,phases      ] GC(158) Scavenge 4.991ms
[458.060s][debug][gc,ref         ] GC(158) Skipped phase 1 of Reference Processing: no references
[458.060s][debug][gc,ref         ] GC(158) ReferenceProcessor::execute queues: 1, RefProcThreadModel::Single, marks_oops_alive: false
[458.060s][debug][gc,ref         ] GC(158) Skipped phase 3 of Reference Processing: no references
[458.060s][debug][gc,ref         ] GC(158) ReferenceProcessor::execute queues: 1, RefProcThreadModel::Single, marks_oops_alive: false
[458.060s][debug][gc,phases      ] GC(158) Reference Processing 0.123ms
[458.060s][debug][gc,phases      ] GC(158)   VM Weak                        Min:  0.0, Avg:  0.0, Max:  0.0, Diff:  0.0, Sum:  0.0, Workers: 4
[458.060s][debug][gc,phases      ] GC(158)     Dead                           Min: 0, Avg:  0.0, Max: 0, Diff: 0, Sum: 0, Workers: 4
[458.060s][debug][gc,phases      ] GC(158)     Total                          Min: 0, Avg: 186.2, Max: 745, Diff: 745, Sum: 745, Workers: 4
[458.060s][debug][gc,phases      ] GC(158)   ObjectSynchronizer Weak        Min:  0.0, Avg:  0.0, Max:  0.0, Diff:  0.0, Sum:  0.0, Workers: 4
[458.060s][debug][gc,phases      ] GC(158)     Dead                           Min: 0, Avg:  0.0, Max: 0, Diff: 0, Sum: 0, Workers: 4
[458.060s][debug][gc,phases      ] GC(158)     Total                          Min: 0, Avg: 116.5, Max: 384, Diff: 384, Sum: 466, Workers: 4
[458.060s][debug][gc,phases      ] GC(158)   JVMTI Tag Weak OopStorage      Min:  0.0, Avg:  0.0, Max:  0.0, Diff:  0.0, Sum:  0.0, Workers: 4
[458.060s][debug][gc,phases      ] GC(158)     Dead                           Min: 0, Avg:  0.0, Max: 0, Diff: 0, Sum: 0, Workers: 4
[458.060s][debug][gc,phases      ] GC(158)     Total                          Min: 0, Avg:  0.0, Max: 0, Diff: 0, Sum: 0, Workers: 4
[458.060s][debug][gc,phases      ] GC(158)   StringTable Weak               Min:  0.1, Avg:  0.1, Max:  0.1, Diff:  0.0, Sum:  0.4, Workers: 4
[458.060s][debug][gc,phases      ] GC(158)     Dead                           Min: 0, Avg:  0.0, Max: 0, Diff: 0, Sum: 0, Workers: 4
[458.060s][debug][gc,phases      ] GC(158)     Total                          Min: 10944, Avg: 12129.5, Max: 13254, Diff: 2310, Sum: 48518, Workers: 4
[458.060s][debug][gc,phases      ] GC(158)   ResolvedMethodTable Weak       Min:  0.0, Avg:  0.0, Max:  0.0, Diff:  0.0, Sum:  0.1, Workers: 4
[458.060s][debug][gc,phases      ] GC(158)     Dead                           Min: 0, Avg:  0.0, Max: 0, Diff: 0, Sum: 0, Workers: 4
[458.060s][debug][gc,phases      ] GC(158)     Total                          Min: 2240, Avg: 2242.5, Max: 2250, Diff: 10, Sum: 8970, Workers: 4
[458.060s][debug][gc,phases      ] GC(158)   JNI Weak                       Min:  0.0, Avg:  0.0, Max:  0.0, Diff:  0.0, Sum:  0.0, Workers: 4
[458.060s][debug][gc,phases      ] GC(158)     Dead                           Min: 0, Avg:  0.0, Max: 0, Diff: 0, Sum: 0, Workers: 4
[458.060s][debug][gc,phases      ] GC(158)     Total                          Min: 0, Avg:  0.0, Max: 0, Diff: 0, Sum: 0, Workers: 4
[458.060s][debug][gc,phases      ] GC(158)   StringDedup Table Weak         Min:  0.0, Avg:  0.0, Max:  0.0, Diff:  0.0, Sum:  0.0, Workers: 4
[458.060s][debug][gc,phases      ] GC(158)     Dead                           Min: 0, Avg:  0.0, Max: 0, Diff: 0, Sum: 0, Workers: 4
[458.060s][debug][gc,phases      ] GC(158)     Total                          Min: 0, Avg:  0.0, Max: 0, Diff: 0, Sum: 0, Workers: 4
[458.060s][debug][gc,phases      ] GC(158)   StringDedup Requests0 Weak     Min:  0.0, Avg:  0.0, Max:  0.0, Diff:  0.0, Sum:  0.0, Workers: 4
[458.060s][debug][gc,phases      ] GC(158)     Dead                           Min: 0, Avg:  0.0, Max: 0, Diff: 0, Sum: 0, Workers: 4
[458.060s][debug][gc,phases      ] GC(158)     Total                          Min: 0, Avg:  0.0, Max: 0, Diff: 0, Sum: 0, Workers: 4
[458.060s][debug][gc,phases      ] GC(158)   StringDedup Requests1 Weak     Min:  0.0, Avg:  0.0, Max:  0.0, Diff:  0.0, Sum:  0.0, Workers: 4
[458.060s][debug][gc,phases      ] GC(158)     Dead                           Min: 0, Avg:  0.0, Max: 0, Diff: 0, Sum: 0, Workers: 4
[458.060s][debug][gc,phases      ] GC(158)     Total                          Min: 0, Avg:  0.0, Max: 0, Diff: 0, Sum: 0, Workers: 4
[458.060s][debug][gc,phases      ] GC(158)   Weak JFR Old Object Samples    Min:  0.0, Avg:  0.0, Max:  0.0, Diff:  0.0, Sum:  0.0, Workers: 4
[458.060s][debug][gc,phases      ] GC(158)     Dead                           Min: 0, Avg:  0.0, Max: 0, Diff: 0, Sum: 0, Workers: 4
[458.060s][debug][gc,phases      ] GC(158)     Total                          Min: 0, Avg:  0.0, Max: 0, Diff: 0, Sum: 0, Workers: 4
[458.060s][debug][gc,phases      ] GC(158) Weak Processing 0.332ms
[458.060s][debug][gc,age         ] GC(158) Desired survivor size 84934656 bytes, new threshold 15 (max threshold 15)
[458.060s][info ][gc,heap        ] GC(158) PSYoungGen: 1923936K(2009600K)->6752K(2004992K) Eden: 1917440K(1917440K)->0K(1917440K) From: 6496K(92160K)->6752K(87552K)
[458.060s][info ][gc,heap        ] GC(158) ParOldGen: 650114K(734720K)->650283K(734720K)
[458.060s][info ][gc,metaspace   ] GC(158) Metaspace: 85914K(86848K)->85914K(86848K) NonClass: 73945K(74432K)->73945K(74432K) Class: 11969K(12416K)->11969K(12416K)
[458.060s][info ][gc             ] GC(158) Pause Young (Allocation Failure) 2513M->641M(2675M) 5.585ms
[458.060s][info ][gc,cpu         ] GC(158) User=0.02s Sys=0.00s Real=0.00s
[458.060s][info ][safepoint      ] Safepoint "ParallelGCFailedAllocation", Time since last: 3362701394 ns, Reaching safepoint: 116803 ns, At safepoint: 5676533 ns, Total: 5793336 ns
[459.061s][info ][safepoint      ] Safepoint "Cleanup", Time since last: 1000086540 ns, Reaching safepoint: 122802 ns, At safepoint: 8601 ns, Total: 131403 ns
[466.061s][info ][safepoint      ] Safepoint "Cleanup", Time since last: 7000503173 ns, Reaching safepoint: 121003 ns, At safepoint: 6300 ns, Total: 127303 ns
[468.062s][info ][safepoint      ] Safepoint "Cleanup", Time since last: 2000162196 ns, Reaching safepoint: 126803 ns, At safepoint: 10700 ns, Total: 137503 ns
[470.857s][info ][gc,start       ] GC(159) Pause Young (Allocation Failure)
[470.860s][debug][gc,phases      ] GC(159) Scavenge 3.702ms
[470.860s][debug][gc,ref         ] GC(159) Skipped phase 1 of Reference Processing: no references
[470.860s][debug][gc,ref         ] GC(159) ReferenceProcessor::execute queues: 1, RefProcThreadModel::Single, marks_oops_alive: false
[470.860s][debug][gc,ref         ] GC(159) Skipped phase 3 of Reference Processing: no references
[470.860s][debug][gc,ref         ] GC(159) ReferenceProcessor::execute queues: 1, RefProcThreadModel::Single, marks_oops_alive: false
[470.860s][debug][gc,phases      ] GC(159) Reference Processing 0.115ms
[470.861s][debug][gc,phases      ] GC(159)   VM Weak                        Min:  0.0, Avg:  0.0, Max:  0.0, Diff:  0.0, Sum:  0.0, Workers: 4
[470.861s][debug][gc,phases      ] GC(159)     Dead                           Min: 0, Avg:  0.0, Max: 0, Diff: 0, Sum: 0, Workers: 4
[470.861s][debug][gc,phases      ] GC(159)     Total                          Min: 0, Avg: 186.2, Max: 745, Diff: 745, Sum: 745, Workers: 4
[470.861s][debug][gc,phases      ] GC(159)   ObjectSynchronizer Weak        Min:  0.0, Avg:  0.0, Max:  0.0, Diff:  0.0, Sum:  0.0, Workers: 4
[470.861s][debug][gc,phases      ] GC(159)     Dead                           Min: 0, Avg:  0.0, Max: 0, Diff: 0, Sum: 0, Workers: 4
[470.861s][debug][gc,phases      ] GC(159)     Total                          Min: 0, Avg: 116.5, Max: 256, Diff: 256, Sum: 466, Workers: 4
[470.861s][debug][gc,phases      ] GC(159)   JVMTI Tag Weak OopStorage      Min:  0.0, Avg:  0.0, Max:  0.0, Diff:  0.0, Sum:  0.0, Workers: 4
[470.861s][debug][gc,phases      ] GC(159)     Dead                           Min: 0, Avg:  0.0, Max: 0, Diff: 0, Sum: 0, Workers: 4
[470.861s][debug][gc,phases      ] GC(159)     Total                          Min: 0, Avg:  0.0, Max: 0, Diff: 0, Sum: 0, Workers: 4
[470.861s][debug][gc,phases      ] GC(159)   StringTable Weak               Min:  0.1, Avg:  0.1, Max:  0.1, Diff:  0.0, Sum:  0.4, Workers: 4
[470.861s][debug][gc,phases      ] GC(159)     Dead                           Min: 0, Avg:  0.0, Max: 0, Diff: 0, Sum: 0, Workers: 4
[470.861s][debug][gc,phases      ] GC(159)     Total                          Min: 8896, Avg: 12129.8, Max: 13767, Diff: 4871, Sum: 48519, Workers: 4
[470.861s][debug][gc,phases      ] GC(159)   ResolvedMethodTable Weak       Min:  0.0, Avg:  0.0, Max:  0.0, Diff:  0.0, Sum:  0.1, Workers: 4
[470.861s][debug][gc,phases      ] GC(159)     Dead                           Min: 0, Avg:  0.0, Max: 0, Diff: 0, Sum: 0, Workers: 4
[470.861s][debug][gc,phases      ] GC(159)     Total                          Min: 1984, Avg: 2242.5, Max: 2432, Diff: 448, Sum: 8970, Workers: 4
[470.861s][debug][gc,phases      ] GC(159)   JNI Weak                       Min:  0.0, Avg:  0.0, Max:  0.0, Diff:  0.0, Sum:  0.0, Workers: 4
[470.861s][debug][gc,phases      ] GC(159)     Dead                           Min: 0, Avg:  0.0, Max: 0, Diff: 0, Sum: 0, Workers: 4
[470.861s][debug][gc,phases      ] GC(159)     Total                          Min: 0, Avg:  0.0, Max: 0, Diff: 0, Sum: 0, Workers: 4
[470.861s][debug][gc,phases      ] GC(159)   StringDedup Table Weak         Min:  0.0, Avg:  0.0, Max:  0.0, Diff:  0.0, Sum:  0.0, Workers: 4
[470.861s][debug][gc,phases      ] GC(159)     Dead                           Min: 0, Avg:  0.0, Max: 0, Diff: 0, Sum: 0, Workers: 4
[470.861s][debug][gc,phases      ] GC(159)     Total                          Min: 0, Avg:  0.0, Max: 0, Diff: 0, Sum: 0, Workers: 4
[470.861s][debug][gc,phases      ] GC(159)   StringDedup Requests0 Weak     Min:  0.0, Avg:  0.0, Max:  0.0, Diff:  0.0, Sum:  0.0, Workers: 4
[470.861s][debug][gc,phases      ] GC(159)     Dead                           Min: 0, Avg:  0.0, Max: 0, Diff: 0, Sum: 0, Workers: 4
[470.861s][debug][gc,phases      ] GC(159)     Total                          Min: 0, Avg:  0.0, Max: 0, Diff: 0, Sum: 0, Workers: 4
[470.861s][debug][gc,phases      ] GC(159)   StringDedup Requests1 Weak     Min:  0.0, Avg:  0.0, Max:  0.0, Diff:  0.0, Sum:  0.0, Workers: 4
[470.861s][debug][gc,phases      ] GC(159)     Dead                           Min: 0, Avg:  0.0, Max: 0, Diff: 0, Sum: 0, Workers: 4
[470.861s][debug][gc,phases      ] GC(159)     Total                          Min: 0, Avg:  0.0, Max: 0, Diff: 0, Sum: 0, Workers: 4
[470.861s][debug][gc,phases      ] GC(159)   Weak JFR Old Object Samples    Min:  0.0, Avg:  0.0, Max:  0.0, Diff:  0.0, Sum:  0.0, Workers: 4
[470.861s][debug][gc,phases      ] GC(159)     Dead                           Min: 0, Avg:  0.0, Max: 0, Diff: 0, Sum: 0, Workers: 4
[470.861s][debug][gc,phases      ] GC(159)     Total                          Min: 0, Avg:  0.0, Max: 0, Diff: 0, Sum: 0, Workers: 4
[470.861s][debug][gc,phases      ] GC(159) Weak Processing 0.336ms
[470.861s][debug][gc,age         ] GC(159) Desired survivor size 80216064 bytes, new threshold 15 (max threshold 15)
[470.861s][info ][gc,heap        ] GC(159) PSYoungGen: 1924192K(2004992K)->6560K(2018816K) Eden: 1917440K(1917440K)->0K(1935872K) From: 6752K(87552K)->6560K(82944K)
[470.861s][info ][gc,heap        ] GC(159) ParOldGen: 650283K(734720K)->650587K(734720K)
[470.861s][info ][gc,metaspace   ] GC(159) Metaspace: 85917K(86848K)->85917K(86848K) NonClass: 73947K(74432K)->73947K(74432K) Class: 11969K(12416K)->11969K(12416K)
[470.861s][info ][gc             ] GC(159) Pause Young (Allocation Failure) 2514M->641M(2689M) 4.287ms
[470.861s][info ][gc,cpu         ] GC(159) User=0.02s Sys=0.00s Real=0.00s
[470.861s][info ][safepoint      ] Safepoint "ParallelGCFailedAllocation", Time since last: 2794790177 ns, Reaching safepoint: 114203 ns, At safepoint: 4374302 ns, Total: 4488505 ns
[471.861s][info ][safepoint      ] Safepoint "Cleanup", Time since last: 1000118803 ns, Reaching safepoint: 144804 ns, At safepoint: 12200 ns, Total: 157004 ns
[472.861s][info ][safepoint      ] Safepoint "Cleanup", Time since last: 1000106292 ns, Reaching safepoint: 121703 ns, At safepoint: 9900 ns, Total: 131603 ns
[474.862s][info ][safepoint      ] Safepoint "Cleanup", Time since last: 2000179853 ns, Reaching safepoint: 138803 ns, At safepoint: 8300 ns, Total: 147103 ns
[475.862s][info ][safepoint      ] Safepoint "Cleanup", Time since last: 1000107261 ns, Reaching safepoint: 121603 ns, At safepoint: 6600 ns, Total: 128203 ns
[479.862s][info ][safepoint      ] Safepoint "Cleanup", Time since last: 4000292836 ns, Reaching safepoint: 122903 ns, At safepoint: 15601 ns, Total: 138504 ns
[480.863s][info ][safepoint      ] Safepoint "Cleanup", Time since last: 1000095308 ns, Reaching safepoint: 100202 ns, At safepoint: 10601 ns, Total: 110803 ns
[481.863s][info ][safepoint      ] Safepoint "Cleanup", Time since last: 1000094698 ns, Reaching safepoint: 104802 ns, At safepoint: 10200 ns, Total: 115002 ns
[483.505s][info ][gc,start       ] GC(160) Pause Young (Allocation Failure)
[483.509s][debug][gc,phases      ] GC(160) Scavenge 4.388ms
[483.509s][debug][gc,ref         ] GC(160) Skipped phase 1 of Reference Processing: no references
[483.509s][debug][gc,ref         ] GC(160) ReferenceProcessor::execute queues: 1, RefProcThreadModel::Single, marks_oops_alive: false
[483.509s][debug][gc,ref         ] GC(160) Skipped phase 3 of Reference Processing: no references
[483.509s][debug][gc,ref         ] GC(160) ReferenceProcessor::execute queues: 1, RefProcThreadModel::Single, marks_oops_alive: false
[483.509s][debug][gc,phases      ] GC(160) Reference Processing 0.138ms
[483.510s][debug][gc,phases      ] GC(160)   VM Weak                        Min:  0.0, Avg:  0.0, Max:  0.0, Diff:  0.0, Sum:  0.0, Workers: 4
[483.510s][debug][gc,phases      ] GC(160)     Dead                           Min: 0, Avg:  0.0, Max: 0, Diff: 0, Sum: 0, Workers: 4
[483.510s][debug][gc,phases      ] GC(160)     Total                          Min: 0, Avg: 186.2, Max: 745, Diff: 745, Sum: 745, Workers: 4
[483.510s][debug][gc,phases      ] GC(160)   ObjectSynchronizer Weak        Min:  0.0, Avg:  0.0, Max:  0.0, Diff:  0.0, Sum:  0.0, Workers: 4
[483.510s][debug][gc,phases      ] GC(160)     Dead                           Min: 0, Avg:  0.0, Max: 0, Diff: 0, Sum: 0, Workers: 4
[483.510s][debug][gc,phases      ] GC(160)     Total                          Min: 0, Avg: 116.5, Max: 466, Diff: 466, Sum: 466, Workers: 4
[483.510s][debug][gc,phases      ] GC(160)   JVMTI Tag Weak OopStorage      Min:  0.0, Avg:  0.0, Max:  0.0, Diff:  0.0, Sum:  0.0, Workers: 4
[483.510s][debug][gc,phases      ] GC(160)     Dead                           Min: 0, Avg:  0.0, Max: 0, Diff: 0, Sum: 0, Workers: 4
[483.510s][debug][gc,phases      ] GC(160)     Total                          Min: 0, Avg:  0.0, Max: 0, Diff: 0, Sum: 0, Workers: 4
[483.510s][debug][gc,phases      ] GC(160)   StringTable Weak               Min:  0.1, Avg:  0.1, Max:  0.1, Diff:  0.0, Sum:  0.4, Workers: 4
[483.510s][debug][gc,phases      ] GC(160)     Dead                           Min: 0, Avg:  0.0, Max: 0, Diff: 0, Sum: 0, Workers: 4
[483.510s][debug][gc,phases      ] GC(160)     Total                          Min: 10560, Avg: 12129.8, Max: 13376, Diff: 2816, Sum: 48519, Workers: 4
[483.510s][debug][gc,phases      ] GC(160)   ResolvedMethodTable Weak       Min:  0.0, Avg:  0.0, Max:  0.0, Diff:  0.0, Sum:  0.1, Workers: 4
[483.510s][debug][gc,phases      ] GC(160)     Dead                           Min: 0, Avg:  0.0, Max: 0, Diff: 0, Sum: 0, Workers: 4
[483.510s][debug][gc,phases      ] GC(160)     Total                          Min: 2186, Avg: 2242.5, Max: 2304, Diff: 118, Sum: 8970, Workers: 4
[483.510s][debug][gc,phases      ] GC(160)   JNI Weak                       Min:  0.0, Avg:  0.0, Max:  0.0, Diff:  0.0, Sum:  0.0, Workers: 4
[483.510s][debug][gc,phases      ] GC(160)     Dead                           Min: 0, Avg:  0.0, Max: 0, Diff: 0, Sum: 0, Workers: 4
[483.510s][debug][gc,phases      ] GC(160)     Total                          Min: 0, Avg:  0.0, Max: 0, Diff: 0, Sum: 0, Workers: 4
[483.510s][debug][gc,phases      ] GC(160)   StringDedup Table Weak         Min:  0.0, Avg:  0.0, Max:  0.0, Diff:  0.0, Sum:  0.0, Workers: 4
[483.510s][debug][gc,phases      ] GC(160)     Dead                           Min: 0, Avg:  0.0, Max: 0, Diff: 0, Sum: 0, Workers: 4
[483.510s][debug][gc,phases      ] GC(160)     Total                          Min: 0, Avg:  0.0, Max: 0, Diff: 0, Sum: 0, Workers: 4
[483.510s][debug][gc,phases      ] GC(160)   StringDedup Requests0 Weak     Min:  0.0, Avg:  0.0, Max:  0.0, Diff:  0.0, Sum:  0.0, Workers: 4
[483.510s][debug][gc,phases      ] GC(160)     Dead                           Min: 0, Avg:  0.0, Max: 0, Diff: 0, Sum: 0, Workers: 4
[483.510s][debug][gc,phases      ] GC(160)     Total                          Min: 0, Avg:  0.0, Max: 0, Diff: 0, Sum: 0, Workers: 4
[483.510s][debug][gc,phases      ] GC(160)   StringDedup Requests1 Weak     Min:  0.0, Avg:  0.0, Max:  0.0, Diff:  0.0, Sum:  0.0, Workers: 4
[483.510s][debug][gc,phases      ] GC(160)     Dead                           Min: 0, Avg:  0.0, Max: 0, Diff: 0, Sum: 0, Workers: 4
[483.510s][debug][gc,phases      ] GC(160)     Total                          Min: 0, Avg:  0.0, Max: 0, Diff: 0, Sum: 0, Workers: 4
[483.510s][debug][gc,phases      ] GC(160)   Weak JFR Old Object Samples    Min:  0.0, Avg:  0.0, Max:  0.0, Diff:  0.0, Sum:  0.0, Workers: 4
[483.510s][debug][gc,phases      ] GC(160)     Dead                           Min: 0, Avg:  0.0, Max: 0, Diff: 0, Sum: 0, Workers: 4
[483.510s][debug][gc,phases      ] GC(160)     Total                          Min: 0, Avg:  0.0, Max: 0, Diff: 0, Sum: 0, Workers: 4
[483.510s][debug][gc,phases      ] GC(160) Weak Processing 0.328ms
[483.510s][debug][gc,age         ] GC(160) Desired survivor size 76021760 bytes, new threshold 15 (max threshold 15)
[483.510s][info ][gc,heap        ] GC(160) PSYoungGen: 1942432K(2018816K)->6336K(2014208K) Eden: 1935872K(1935872K)->0K(1935872K) From: 6560K(82944K)->6336K(78336K)
[483.510s][info ][gc,heap        ] GC(160) ParOldGen: 650587K(734720K)->650923K(734720K)
[483.510s][info ][gc,metaspace   ] GC(160) Metaspace: 85933K(86848K)->85933K(86848K) NonClass: 73964K(74432K)->73964K(74432K) Class: 11969K(12416K)->11969K(12416K)
[483.510s][info ][gc             ] GC(160) Pause Young (Allocation Failure) 2532M->641M(2684M) 4.965ms
[483.510s][info ][gc,cpu         ] GC(160) User=0.01s Sys=0.00s Real=0.00s
[483.510s][info ][safepoint      ] Safepoint "ParallelGCFailedAllocation", Time since last: 1641873361 ns, Reaching safepoint: 126703 ns, At safepoint: 5048417 ns, Total: 5175120 ns
[484.510s][info ][safepoint      ] Safepoint "Cleanup", Time since last: 1000096871 ns, Reaching safepoint: 121503 ns, At safepoint: 6700 ns, Total: 128203 ns
[486.510s][info ][safepoint      ] Safepoint "Cleanup", Time since last: 2000157610 ns, Reaching safepoint: 124303 ns, At safepoint: 11300 ns, Total: 135603 ns
[487.511s][info ][safepoint      ] Safepoint "Cleanup", Time since last: 1000092440 ns, Reaching safepoint: 129703 ns, At safepoint: 15900 ns, Total: 145603 ns
[488.511s][info ][safepoint      ] Safepoint "Cleanup", Time since last: 1000103730 ns, Reaching safepoint: 126603 ns, At safepoint: 10100 ns, Total: 136703 ns
[493.511s][info ][safepoint      ] Safepoint "Cleanup", Time since last: 5000355492 ns, Reaching safepoint: 131303 ns, At safepoint: 12900 ns, Total: 144203 ns
[495.512s][info ][safepoint      ] Safepoint "Cleanup", Time since last: 2000158526 ns, Reaching safepoint: 127403 ns, At safepoint: 9200 ns, Total: 136603 ns
[497.555s][info ][gc,start       ] GC(161) Pause Young (Allocation Failure)
[497.559s][debug][gc,phases      ] GC(161) Scavenge 4.283ms
[497.559s][debug][gc,ref         ] GC(161) Skipped phase 1 of Reference Processing: no references
[497.559s][debug][gc,ref         ] GC(161) ReferenceProcessor::execute queues: 1, RefProcThreadModel::Single, marks_oops_alive: false
[497.559s][debug][gc,ref         ] GC(161) Skipped phase 3 of Reference Processing: no references
[497.559s][debug][gc,ref         ] GC(161) ReferenceProcessor::execute queues: 1, RefProcThreadModel::Single, marks_oops_alive: false
[497.559s][debug][gc,phases      ] GC(161) Reference Processing 0.121ms
[497.560s][debug][gc,phases      ] GC(161)   VM Weak                        Min:  0.0, Avg:  0.0, Max:  0.0, Diff:  0.0, Sum:  0.0, Workers: 4
[497.560s][debug][gc,phases      ] GC(161)     Dead                           Min: 0, Avg:  0.0, Max: 0, Diff: 0, Sum: 0, Workers: 4
[497.560s][debug][gc,phases      ] GC(161)     Total                          Min: 0, Avg: 186.2, Max: 425, Diff: 425, Sum: 745, Workers: 4
[497.560s][debug][gc,phases      ] GC(161)   ObjectSynchronizer Weak        Min:  0.0, Avg:  0.0, Max:  0.0, Diff:  0.0, Sum:  0.0, Workers: 4
[497.560s][debug][gc,phases      ] GC(161)     Dead                           Min: 0, Avg:  0.0, Max: 0, Diff: 0, Sum: 0, Workers: 4
[497.560s][debug][gc,phases      ] GC(161)     Total                          Min: 0, Avg: 116.5, Max: 210, Diff: 210, Sum: 466, Workers: 4
[497.560s][debug][gc,phases      ] GC(161)   JVMTI Tag Weak OopStorage      Min:  0.0, Avg:  0.0, Max:  0.0, Diff:  0.0, Sum:  0.0, Workers: 4
[497.560s][debug][gc,phases      ] GC(161)     Dead                           Min: 0, Avg:  0.0, Max: 0, Diff: 0, Sum: 0, Workers: 4
[497.560s][debug][gc,phases      ] GC(161)     Total                          Min: 0, Avg:  0.0, Max: 0, Diff: 0, Sum: 0, Workers: 4
[497.560s][debug][gc,phases      ] GC(161)   StringTable Weak               Min:  0.1, Avg:  0.1, Max:  0.1, Diff:  0.0, Sum:  0.4, Workers: 4
[497.560s][debug][gc,phases      ] GC(161)     Dead                           Min: 0, Avg:  0.0, Max: 0, Diff: 0, Sum: 0, Workers: 4
[497.560s][debug][gc,phases      ] GC(161)     Total                          Min: 11719, Avg: 12129.8, Max: 12800, Diff: 1081, Sum: 48519, Workers: 4
[497.560s][debug][gc,phases      ] GC(161)   ResolvedMethodTable Weak       Min:  0.0, Avg:  0.0, Max:  0.0, Diff:  0.0, Sum:  0.1, Workers: 4
[497.560s][debug][gc,phases      ] GC(161)     Dead                           Min: 0, Avg:  0.0, Max: 0, Diff: 0, Sum: 0, Workers: 4
[497.560s][debug][gc,phases      ] GC(161)     Total                          Min: 2176, Avg: 2242.5, Max: 2304, Diff: 128, Sum: 8970, Workers: 4
[497.560s][debug][gc,phases      ] GC(161)   JNI Weak                       Min:  0.0, Avg:  0.0, Max:  0.0, Diff:  0.0, Sum:  0.0, Workers: 4
[497.560s][debug][gc,phases      ] GC(161)     Dead                           Min: 0, Avg:  0.0, Max: 0, Diff: 0, Sum: 0, Workers: 4
[497.560s][debug][gc,phases      ] GC(161)     Total                          Min: 0, Avg:  0.0, Max: 0, Diff: 0, Sum: 0, Workers: 4
[497.560s][debug][gc,phases      ] GC(161)   StringDedup Table Weak         Min:  0.0, Avg:  0.0, Max:  0.0, Diff:  0.0, Sum:  0.0, Workers: 4
[497.560s][debug][gc,phases      ] GC(161)     Dead                           Min: 0, Avg:  0.0, Max: 0, Diff: 0, Sum: 0, Workers: 4
[497.560s][debug][gc,phases      ] GC(161)     Total                          Min: 0, Avg:  0.0, Max: 0, Diff: 0, Sum: 0, Workers: 4
[497.560s][debug][gc,phases      ] GC(161)   StringDedup Requests0 Weak     Min:  0.0, Avg:  0.0, Max:  0.0, Diff:  0.0, Sum:  0.0, Workers: 4
[497.560s][debug][gc,phases      ] GC(161)     Dead                           Min: 0, Avg:  0.0, Max: 0, Diff: 0, Sum: 0, Workers: 4
[497.560s][debug][gc,phases      ] GC(161)     Total                          Min: 0, Avg:  0.0, Max: 0, Diff: 0, Sum: 0, Workers: 4
[497.560s][debug][gc,phases      ] GC(161)   StringDedup Requests1 Weak     Min:  0.0, Avg:  0.0, Max:  0.0, Diff:  0.0, Sum:  0.0, Workers: 4
[497.560s][debug][gc,phases      ] GC(161)     Dead                           Min: 0, Avg:  0.0, Max: 0, Diff: 0, Sum: 0, Workers: 4
[497.560s][debug][gc,phases      ] GC(161)     Total                          Min: 0, Avg:  0.0, Max: 0, Diff: 0, Sum: 0, Workers: 4
[497.560s][debug][gc,phases      ] GC(161)   Weak JFR Old Object Samples    Min:  0.0, Avg:  0.0, Max:  0.0, Diff:  0.0, Sum:  0.0, Workers: 4
[497.560s][debug][gc,phases      ] GC(161)     Dead                           Min: 0, Avg:  0.0, Max: 0, Diff: 0, Sum: 0, Workers: 4
[497.560s][debug][gc,phases      ] GC(161)     Total                          Min: 0, Avg:  0.0, Max: 0, Diff: 0, Sum: 0, Workers: 4
[497.560s][debug][gc,phases      ] GC(161) Weak Processing 0.325ms
[497.560s][debug][gc,age         ] GC(161) Desired survivor size 71827456 bytes, new threshold 15 (max threshold 15)
[497.560s][info ][gc,heap        ] GC(161) PSYoungGen: 1942208K(2014208K)->6176K(2027008K) Eden: 1935872K(1935872K)->0K(1952768K) From: 6336K(78336K)->6176K(74240K)
[497.560s][info ][gc,heap        ] GC(161) ParOldGen: 650923K(734720K)->651283K(734720K)
[497.560s][info ][gc,metaspace   ] GC(161) Metaspace: 85936K(86848K)->85936K(86848K) NonClass: 73967K(74432K)->73967K(74432K) Class: 11969K(12416K)->11969K(12416K)
[497.560s][info ][gc             ] GC(161) Pause Young (Allocation Failure) 2532M->642M(2697M) 4.840ms
[497.560s][info ][gc,cpu         ] GC(161) User=0.01s Sys=0.00s Real=0.00s
[497.560s][info ][safepoint      ] Safepoint "ParallelGCFailedAllocation", Time since last: 2043175677 ns, Reaching safepoint: 119803 ns, At safepoint: 4920713 ns, Total: 5040516 ns
[502.560s][info ][safepoint      ] Safepoint "Cleanup", Time since last: 5000346235 ns, Reaching safepoint: 115703 ns, At safepoint: 5700 ns, Total: 121403 ns
[505.254s][info ][safepoint      ] Safepoint "Cleanup", Time since last: 2693246656 ns, Reaching safepoint: 156104 ns, At safepoint: 16200 ns, Total: 172304 ns
[506.254s][info ][safepoint      ] Safepoint "Cleanup", Time since last: 1000125852 ns, Reaching safepoint: 134103 ns, At safepoint: 8000 ns, Total: 142103 ns
[507.254s][info ][safepoint      ] Safepoint "Cleanup", Time since last: 1000127442 ns, Reaching safepoint: 131603 ns, At safepoint: 24701 ns, Total: 156304 ns
[508.255s][info ][safepoint      ] Safepoint "Cleanup", Time since last: 1000118232 ns, Reaching safepoint: 123002 ns, At safepoint: 15401 ns, Total: 138403 ns
[511.255s][info ][safepoint      ] Safepoint "Cleanup", Time since last: 3000245434 ns, Reaching safepoint: 280106 ns, At safepoint: 12900 ns, Total: 293006 ns
[511.454s][info ][gc,start       ] GC(162) Pause Young (Allocation Failure)
[511.459s][debug][gc,phases      ] GC(162) Scavenge 4.250ms
[511.459s][debug][gc,ref         ] GC(162) Skipped phase 1 of Reference Processing: no references
[511.459s][debug][gc,ref         ] GC(162) ReferenceProcessor::execute queues: 1, RefProcThreadModel::Single, marks_oops_alive: false
[511.459s][debug][gc,ref         ] GC(162) Skipped phase 3 of Reference Processing: no references
[511.459s][debug][gc,ref         ] GC(162) Skipped phase 4 of Reference Processing: no references
[511.459s][debug][gc,phases      ] GC(162) Reference Processing 0.114ms
[511.459s][debug][gc,phases      ] GC(162)   VM Weak                        Min:  0.0, Avg:  0.0, Max:  0.0, Diff:  0.0, Sum:  0.0, Workers: 4
[511.459s][debug][gc,phases      ] GC(162)     Dead                           Min: 0, Avg:  0.0, Max: 0, Diff: 0, Sum: 0, Workers: 4
[511.459s][debug][gc,phases      ] GC(162)     Total                          Min: 0, Avg: 186.2, Max: 489, Diff: 489, Sum: 745, Workers: 4
[511.459s][debug][gc,phases      ] GC(162)   ObjectSynchronizer Weak        Min:  0.0, Avg:  0.0, Max:  0.0, Diff:  0.0, Sum:  0.0, Workers: 4
[511.459s][debug][gc,phases      ] GC(162)     Dead                           Min: 0, Avg:  0.0, Max: 0, Diff: 0, Sum: 0, Workers: 4
[511.459s][debug][gc,phases      ] GC(162)     Total                          Min: 0, Avg: 116.5, Max: 256, Diff: 256, Sum: 466, Workers: 4
[511.459s][debug][gc,phases      ] GC(162)   JVMTI Tag Weak OopStorage      Min:  0.0, Avg:  0.0, Max:  0.0, Diff:  0.0, Sum:  0.0, Workers: 4
[511.459s][debug][gc,phases      ] GC(162)     Dead                           Min: 0, Avg:  0.0, Max: 0, Diff: 0, Sum: 0, Workers: 4
[511.459s][debug][gc,phases      ] GC(162)     Total                          Min: 0, Avg:  0.0, Max: 0, Diff: 0, Sum: 0, Workers: 4
[511.459s][debug][gc,phases      ] GC(162)   StringTable Weak               Min:  0.1, Avg:  0.1, Max:  0.1, Diff:  0.0, Sum:  0.4, Workers: 4
[511.459s][debug][gc,phases      ] GC(162)     Dead                           Min: 0, Avg:  0.0, Max: 0, Diff: 0, Sum: 0, Workers: 4
[511.459s][debug][gc,phases      ] GC(162)     Total                          Min: 11008, Avg: 12133.2, Max: 13248, Diff: 2240, Sum: 48533, Workers: 4
[511.459s][debug][gc,phases      ] GC(162)   ResolvedMethodTable Weak       Min:  0.0, Avg:  0.0, Max:  0.0, Diff:  0.0, Sum:  0.1, Workers: 4
[511.459s][debug][gc,phases      ] GC(162)     Dead                           Min: 0, Avg:  0.0, Max: 0, Diff: 0, Sum: 0, Workers: 4
[511.459s][debug][gc,phases      ] GC(162)     Total                          Min: 1728, Avg: 2242.5, Max: 2698, Diff: 970, Sum: 8970, Workers: 4
[511.459s][debug][gc,phases      ] GC(162)   JNI Weak                       Min:  0.0, Avg:  0.0, Max:  0.0, Diff:  0.0, Sum:  0.0, Workers: 4
[511.459s][debug][gc,phases      ] GC(162)     Dead                           Min: 0, Avg:  0.0, Max: 0, Diff: 0, Sum: 0, Workers: 4
[511.459s][debug][gc,phases      ] GC(162)     Total                          Min: 0, Avg:  0.0, Max: 0, Diff: 0, Sum: 0, Workers: 4
[511.459s][debug][gc,phases      ] GC(162)   StringDedup Table Weak         Min:  0.0, Avg:  0.0, Max:  0.0, Diff:  0.0, Sum:  0.0, Workers: 4
[511.459s][debug][gc,phases      ] GC(162)     Dead                           Min: 0, Avg:  0.0, Max: 0, Diff: 0, Sum: 0, Workers: 4
[511.459s][debug][gc,phases      ] GC(162)     Total                          Min: 0, Avg:  0.0, Max: 0, Diff: 0, Sum: 0, Workers: 4
[511.459s][debug][gc,phases      ] GC(162)   StringDedup Requests0 Weak     Min:  0.0, Avg:  0.0, Max:  0.0, Diff:  0.0, Sum:  0.0, Workers: 4
[511.459s][debug][gc,phases      ] GC(162)     Dead                           Min: 0, Avg:  0.0, Max: 0, Diff: 0, Sum: 0, Workers: 4
[511.459s][debug][gc,phases      ] GC(162)     Total                          Min: 0, Avg:  0.0, Max: 0, Diff: 0, Sum: 0, Workers: 4
[511.459s][debug][gc,phases      ] GC(162)   StringDedup Requests1 Weak     Min:  0.0, Avg:  0.0, Max:  0.0, Diff:  0.0, Sum:  0.0, Workers: 4
[511.459s][debug][gc,phases      ] GC(162)     Dead                           Min: 0, Avg:  0.0, Max: 0, Diff: 0, Sum: 0, Workers: 4
[511.459s][debug][gc,phases      ] GC(162)     Total                          Min: 0, Avg:  0.0, Max: 0, Diff: 0, Sum: 0, Workers: 4
[511.459s][debug][gc,phases      ] GC(162)   Weak JFR Old Object Samples    Min:  0.0, Avg:  0.0, Max:  0.0, Diff:  0.0, Sum:  0.0, Workers: 4
[511.459s][debug][gc,phases      ] GC(162)     Dead                           Min: 0, Avg:  0.0, Max: 0, Diff: 0, Sum: 0, Workers: 4
[511.459s][debug][gc,phases      ] GC(162)     Total                          Min: 0, Avg:  0.0, Max: 0, Diff: 0, Sum: 0, Workers: 4
[511.459s][debug][gc,phases      ] GC(162) Weak Processing 0.343ms
[511.459s][debug][gc,age         ] GC(162) Desired survivor size 67633152 bytes, new threshold 15 (max threshold 15)
[511.459s][info ][gc,heap        ] GC(162) PSYoungGen: 1958944K(2027008K)->5712K(2022912K) Eden: 1952768K(1952768K)->0K(1952768K) From: 6176K(74240K)->5712K(70144K)
[511.459s][info ][gc,heap        ] GC(162) ParOldGen: 651283K(734720K)->651683K(734720K)
[511.459s][info ][gc,metaspace   ] GC(162) Metaspace: 85947K(86848K)->85947K(86848K) NonClass: 73978K(74432K)->73978K(74432K) Class: 11969K(12416K)->11969K(12416K)
[511.459s][info ][gc             ] GC(162) Pause Young (Allocation Failure) 2549M->641M(2693M) 4.843ms
[511.459s][info ][gc,cpu         ] GC(162) User=0.02s Sys=0.00s Real=0.00s
[511.459s][info ][safepoint      ] Safepoint "ParallelGCFailedAllocation", Time since last: 199063258 ns, Reaching safepoint: 110002 ns, At safepoint: 4938213 ns, Total: 5048215 ns
[512.459s][info ][safepoint      ] Safepoint "Cleanup", Time since last: 1000081990 ns, Reaching safepoint: 115603 ns, At safepoint: 7800 ns, Total: 123403 ns
[515.460s][info ][safepoint      ] Safepoint "Cleanup", Time since last: 3000225710 ns, Reaching safepoint: 129103 ns, At safepoint: 11600 ns, Total: 140703 ns
[522.460s][info ][safepoint      ] Safepoint "Cleanup", Time since last: 7000399849 ns, Reaching safepoint: 146304 ns, At safepoint: 10400 ns, Total: 156704 ns
[523.461s][info ][safepoint      ] Safepoint "Cleanup", Time since last: 1000094684 ns, Reaching safepoint: 122803 ns, At safepoint: 14400 ns, Total: 137203 ns
[525.461s][info ][safepoint      ] Safepoint "Cleanup", Time since last: 2000199139 ns, Reaching safepoint: 139803 ns, At safepoint: 26701 ns, Total: 166504 ns
[525.955s][info ][gc,start       ] GC(163) Pause Young (Allocation Failure)
[525.959s][debug][gc,phases      ] GC(163) Scavenge 4.100ms
[525.959s][debug][gc,ref         ] GC(163) Skipped phase 1 of Reference Processing: no references
[525.959s][debug][gc,ref         ] GC(163) ReferenceProcessor::execute queues: 1, RefProcThreadModel::Single, marks_oops_alive: false
[525.959s][debug][gc,ref         ] GC(163) Skipped phase 3 of Reference Processing: no references
[525.959s][debug][gc,ref         ] GC(163) Skipped phase 4 of Reference Processing: no references
[525.959s][debug][gc,phases      ] GC(163) Reference Processing 0.141ms
[525.959s][debug][gc,phases      ] GC(163)   VM Weak                        Min:  0.0, Avg:  0.0, Max:  0.0, Diff:  0.0, Sum:  0.0, Workers: 4
[525.959s][debug][gc,phases      ] GC(163)     Dead                           Min: 0, Avg:  0.0, Max: 0, Diff: 0, Sum: 0, Workers: 4
[525.959s][debug][gc,phases      ] GC(163)     Total                          Min: 0, Avg: 186.2, Max: 617, Diff: 617, Sum: 745, Workers: 4
[525.959s][debug][gc,phases      ] GC(163)   ObjectSynchronizer Weak        Min:  0.0, Avg:  0.0, Max:  0.0, Diff:  0.0, Sum:  0.0, Workers: 4
[525.959s][debug][gc,phases      ] GC(163)     Dead                           Min: 0, Avg:  0.0, Max: 0, Diff: 0, Sum: 0, Workers: 4
[525.959s][debug][gc,phases      ] GC(163)     Total                          Min: 0, Avg: 116.5, Max: 274, Diff: 274, Sum: 466, Workers: 4
[525.959s][debug][gc,phases      ] GC(163)   JVMTI Tag Weak OopStorage      Min:  0.0, Avg:  0.0, Max:  0.0, Diff:  0.0, Sum:  0.0, Workers: 4
[525.959s][debug][gc,phases      ] GC(163)     Dead                           Min: 0, Avg:  0.0, Max: 0, Diff: 0, Sum: 0, Workers: 4
[525.959s][debug][gc,phases      ] GC(163)     Total                          Min: 0, Avg:  0.0, Max: 0, Diff: 0, Sum: 0, Workers: 4
[525.959s][debug][gc,phases      ] GC(163)   StringTable Weak               Min:  0.1, Avg:  0.1, Max:  0.1, Diff:  0.0, Sum:  0.4, Workers: 4
[525.960s][debug][gc,phases      ] GC(163)     Dead                           Min: 0, Avg:  0.0, Max: 0, Diff: 0, Sum: 0, Workers: 4
[525.960s][debug][gc,phases      ] GC(163)     Total                          Min: 11413, Avg: 12133.2, Max: 13312, Diff: 1899, Sum: 48533, Workers: 4
[525.960s][debug][gc,phases      ] GC(163)   ResolvedMethodTable Weak       Min:  0.0, Avg:  0.0, Max:  0.0, Diff:  0.0, Sum:  0.1, Workers: 4
[525.960s][debug][gc,phases      ] GC(163)     Dead                           Min: 0, Avg:  0.0, Max: 0, Diff: 0, Sum: 0, Workers: 4
[525.960s][debug][gc,phases      ] GC(163)     Total                          Min: 2112, Avg: 2242.5, Max: 2506, Diff: 394, Sum: 8970, Workers: 4
[525.960s][debug][gc,phases      ] GC(163)   JNI Weak                       Min:  0.0, Avg:  0.0, Max:  0.0, Diff:  0.0, Sum:  0.0, Workers: 4
[525.960s][debug][gc,phases      ] GC(163)     Dead                           Min: 0, Avg:  0.0, Max: 0, Diff: 0, Sum: 0, Workers: 4
[525.960s][debug][gc,phases      ] GC(163)     Total                          Min: 0, Avg:  0.0, Max: 0, Diff: 0, Sum: 0, Workers: 4
[525.960s][debug][gc,phases      ] GC(163)   StringDedup Table Weak         Min:  0.0, Avg:  0.0, Max:  0.0, Diff:  0.0, Sum:  0.0, Workers: 4
[525.960s][debug][gc,phases      ] GC(163)     Dead                           Min: 0, Avg:  0.0, Max: 0, Diff: 0, Sum: 0, Workers: 4
[525.960s][debug][gc,phases      ] GC(163)     Total                          Min: 0, Avg:  0.0, Max: 0, Diff: 0, Sum: 0, Workers: 4
[525.960s][debug][gc,phases      ] GC(163)   StringDedup Requests0 Weak     Min:  0.0, Avg:  0.0, Max:  0.0, Diff:  0.0, Sum:  0.0, Workers: 4
[525.960s][debug][gc,phases      ] GC(163)     Dead                           Min: 0, Avg:  0.0, Max: 0, Diff: 0, Sum: 0, Workers: 4
[525.960s][debug][gc,phases      ] GC(163)     Total                          Min: 0, Avg:  0.0, Max: 0, Diff: 0, Sum: 0, Workers: 4
[525.960s][debug][gc,phases      ] GC(163)   StringDedup Requests1 Weak     Min:  0.0, Avg:  0.0, Max:  0.0, Diff:  0.0, Sum:  0.0, Workers: 4
[525.960s][debug][gc,phases      ] GC(163)     Dead                           Min: 0, Avg:  0.0, Max: 0, Diff: 0, Sum: 0, Workers: 4
[525.960s][debug][gc,phases      ] GC(163)     Total                          Min: 0, Avg:  0.0, Max: 0, Diff: 0, Sum: 0, Workers: 4
[525.960s][debug][gc,phases      ] GC(163)   Weak JFR Old Object Samples    Min:  0.0, Avg:  0.0, Max:  0.0, Diff:  0.0, Sum:  0.0, Workers: 4
[525.960s][debug][gc,phases      ] GC(163)     Dead                           Min: 0, Avg:  0.0, Max: 0, Diff: 0, Sum: 0, Workers: 4
[525.960s][debug][gc,phases      ] GC(163)     Total                          Min: 0, Avg:  0.0, Max: 0, Diff: 0, Sum: 0, Workers: 4
[525.960s][debug][gc,phases      ] GC(163) Weak Processing 0.417ms
[525.960s][debug][gc,age         ] GC(163) Desired survivor size 63963136 bytes, new threshold 15 (max threshold 15)
[525.960s][info ][gc,heap        ] GC(163) PSYoungGen: 1958480K(2022912K)->5248K(2034688K) Eden: 1952768K(1952768K)->0K(1968640K) From: 5712K(70144K)->5248K(66048K)
[525.960s][info ][gc,heap        ] GC(163) ParOldGen: 651683K(734720K)->652167K(734720K)
[525.960s][info ][gc,metaspace   ] GC(163) Metaspace: 85953K(86912K)->85953K(86912K) NonClass: 73984K(74496K)->73984K(74496K) Class: 11969K(12416K)->11969K(12416K)
[525.960s][info ][gc             ] GC(163) Pause Young (Allocation Failure) 2548M->642M(2704M) 4.809ms
[525.960s][info ][gc,cpu         ] GC(163) User=0.01s Sys=0.00s Real=0.00s
[525.960s][info ][safepoint      ] Safepoint "ParallelGCFailedAllocation", Time since last: 493795637 ns, Reaching safepoint: 40601 ns, At safepoint: 4890411 ns, Total: 4931012 ns
[529.960s][info ][safepoint      ] Safepoint "Cleanup", Time since last: 4000327044 ns, Reaching safepoint: 135603 ns, At safepoint: 13200 ns, Total: 148803 ns
[532.961s][info ][safepoint      ] Safepoint "Cleanup", Time since last: 3000219708 ns, Reaching safepoint: 130503 ns, At safepoint: 9400 ns, Total: 139903 ns
[535.961s][info ][safepoint      ] Safepoint "Cleanup", Time since last: 3000240224 ns, Reaching safepoint: 135503 ns, At safepoint: 8901 ns, Total: 144404 ns
[537.961s][info ][safepoint      ] Safepoint "Cleanup", Time since last: 2000163602 ns, Reaching safepoint: 119803 ns, At safepoint: 6000 ns, Total: 125803 ns
[540.650s][info ][gc,start       ] GC(164) Pause Young (Allocation Failure)
[540.654s][debug][gc,phases      ] GC(164) Scavenge 3.604ms
[540.654s][debug][gc,ref         ] GC(164) Skipped phase 1 of Reference Processing: no references
[540.654s][debug][gc,ref         ] GC(164) ReferenceProcessor::execute queues: 1, RefProcThreadModel::Single, marks_oops_alive: false
[540.654s][debug][gc,ref         ] GC(164) Skipped phase 3 of Reference Processing: no references
[540.654s][debug][gc,ref         ] GC(164) Skipped phase 4 of Reference Processing: no references
[540.654s][debug][gc,phases      ] GC(164) Reference Processing 0.115ms
[540.654s][debug][gc,phases      ] GC(164)   VM Weak                        Min:  0.0, Avg:  0.0, Max:  0.0, Diff:  0.0, Sum:  0.0, Workers: 4
[540.654s][debug][gc,phases      ] GC(164)     Dead                           Min: 0, Avg:  0.0, Max: 0, Diff: 0, Sum: 0, Workers: 4
[540.654s][debug][gc,phases      ] GC(164)     Total                          Min: 0, Avg: 186.2, Max: 745, Diff: 745, Sum: 745, Workers: 4
[540.654s][debug][gc,phases      ] GC(164)   ObjectSynchronizer Weak        Min:  0.0, Avg:  0.0, Max:  0.0, Diff:  0.0, Sum:  0.0, Workers: 4
[540.654s][debug][gc,phases      ] GC(164)     Dead                           Min: 0, Avg:  0.0, Max: 0, Diff: 0, Sum: 0, Workers: 4
[540.654s][debug][gc,phases      ] GC(164)     Total                          Min: 0, Avg: 116.5, Max: 466, Diff: 466, Sum: 466, Workers: 4
[540.654s][debug][gc,phases      ] GC(164)   JVMTI Tag Weak OopStorage      Min:  0.0, Avg:  0.0, Max:  0.0, Diff:  0.0, Sum:  0.0, Workers: 4
[540.654s][debug][gc,phases      ] GC(164)     Dead                           Min: 0, Avg:  0.0, Max: 0, Diff: 0, Sum: 0, Workers: 4
[540.654s][debug][gc,phases      ] GC(164)     Total                          Min: 0, Avg:  0.0, Max: 0, Diff: 0, Sum: 0, Workers: 4
[540.654s][debug][gc,phases      ] GC(164)   StringTable Weak               Min:  0.1, Avg:  0.1, Max:  0.1, Diff:  0.0, Sum:  0.4, Workers: 4
[540.654s][debug][gc,phases      ] GC(164)     Dead                           Min: 0, Avg:  0.0, Max: 0, Diff: 0, Sum: 0, Workers: 4
[540.654s][debug][gc,phases      ] GC(164)     Total                          Min: 10944, Avg: 12133.8, Max: 13783, Diff: 2839, Sum: 48535, Workers: 4
[540.654s][debug][gc,phases      ] GC(164)   ResolvedMethodTable Weak       Min:  0.0, Avg:  0.0, Max:  0.0, Diff:  0.0, Sum:  0.1, Workers: 4
[540.654s][debug][gc,phases      ] GC(164)     Dead                           Min: 0, Avg:  0.0, Max: 0, Diff: 0, Sum: 0, Workers: 4
[540.654s][debug][gc,phases      ] GC(164)     Total                          Min: 2112, Avg: 2242.5, Max: 2368, Diff: 256, Sum: 8970, Workers: 4
[540.654s][debug][gc,phases      ] GC(164)   JNI Weak                       Min:  0.0, Avg:  0.0, Max:  0.0, Diff:  0.0, Sum:  0.0, Workers: 4
[540.654s][debug][gc,phases      ] GC(164)     Dead                           Min: 0, Avg:  0.0, Max: 0, Diff: 0, Sum: 0, Workers: 4
[540.654s][debug][gc,phases      ] GC(164)     Total                          Min: 0, Avg:  0.0, Max: 0, Diff: 0, Sum: 0, Workers: 4
[540.654s][debug][gc,phases      ] GC(164)   StringDedup Table Weak         Min:  0.0, Avg:  0.0, Max:  0.0, Diff:  0.0, Sum:  0.0, Workers: 4
[540.654s][debug][gc,phases      ] GC(164)     Dead                           Min: 0, Avg:  0.0, Max: 0, Diff: 0, Sum: 0, Workers: 4
[540.654s][debug][gc,phases      ] GC(164)     Total                          Min: 0, Avg:  0.0, Max: 0, Diff: 0, Sum: 0, Workers: 4
[540.654s][debug][gc,phases      ] GC(164)   StringDedup Requests0 Weak     Min:  0.0, Avg:  0.0, Max:  0.0, Diff:  0.0, Sum:  0.0, Workers: 4
[540.654s][debug][gc,phases      ] GC(164)     Dead                           Min: 0, Avg:  0.0, Max: 0, Diff: 0, Sum: 0, Workers: 4
[540.654s][debug][gc,phases      ] GC(164)     Total                          Min: 0, Avg:  0.0, Max: 0, Diff: 0, Sum: 0, Workers: 4
[540.654s][debug][gc,phases      ] GC(164)   StringDedup Requests1 Weak     Min:  0.0, Avg:  0.0, Max:  0.0, Diff:  0.0, Sum:  0.0, Workers: 4
[540.654s][debug][gc,phases      ] GC(164)     Dead                           Min: 0, Avg:  0.0, Max: 0, Diff: 0, Sum: 0, Workers: 4
[540.654s][debug][gc,phases      ] GC(164)     Total                          Min: 0, Avg:  0.0, Max: 0, Diff: 0, Sum: 0, Workers: 4
[540.654s][debug][gc,phases      ] GC(164)   Weak JFR Old Object Samples    Min:  0.0, Avg:  0.0, Max:  0.0, Diff:  0.0, Sum:  0.0, Workers: 4
[540.654s][debug][gc,phases      ] GC(164)     Dead                           Min: 0, Avg:  0.0, Max: 0, Diff: 0, Sum: 0, Workers: 4
[540.654s][debug][gc,phases      ] GC(164)     Total                          Min: 0, Avg:  0.0, Max: 0, Diff: 0, Sum: 0, Workers: 4
[540.654s][debug][gc,phases      ] GC(164) Weak Processing 0.338ms
[540.654s][debug][gc,age         ] GC(164) Desired survivor size 60293120 bytes, new threshold 15 (max threshold 15)
[540.654s][info ][gc,heap        ] GC(164) PSYoungGen: 1973888K(2034688K)->4560K(2031104K) Eden: 1968640K(1968640K)->0K(1968640K) From: 5248K(66048K)->4560K(62464K)
[540.654s][info ][gc,heap        ] GC(164) ParOldGen: 652167K(734720K)->652667K(734720K)
[540.654s][info ][gc,metaspace   ] GC(164) Metaspace: 85966K(86912K)->85966K(86912K) NonClass: 73996K(74496K)->73996K(74496K) Class: 11969K(12416K)->11969K(12416K)
[540.654s][info ][gc             ] GC(164) Pause Young (Allocation Failure) 2564M->641M(2701M) 4.200ms
[540.654s][info ][gc,cpu         ] GC(164) User=0.02s Sys=0.00s Real=0.01s
[540.654s][info ][safepoint      ] Safepoint "ParallelGCFailedAllocation", Time since last: 2688598837 ns, Reaching safepoint: 62901 ns, At safepoint: 4284197 ns, Total: 4347098 ns
[542.654s][info ][safepoint      ] Safepoint "Cleanup", Time since last: 2000156816 ns, Reaching safepoint: 119202 ns, At safepoint: 11201 ns, Total: 130403 ns
[543.655s][info ][safepoint      ] Safepoint "Cleanup", Time since last: 1000256898 ns, Reaching safepoint: 122402 ns, At safepoint: 7701 ns, Total: 130103 ns
[544.655s][info ][safepoint      ] Safepoint "Cleanup", Time since last: 1000114885 ns, Reaching safepoint: 140204 ns, At safepoint: 10800 ns, Total: 151004 ns
[547.655s][info ][safepoint      ] Safepoint "Cleanup", Time since last: 3000206599 ns, Reaching safepoint: 126603 ns, At safepoint: 11500 ns, Total: 138103 ns
[548.656s][info ][safepoint      ] Safepoint "Cleanup", Time since last: 1000122349 ns, Reaching safepoint: 129803 ns, At safepoint: 14400 ns, Total: 144203 ns
[549.656s][info ][safepoint      ] Safepoint "Cleanup", Time since last: 1000108840 ns, Reaching safepoint: 127203 ns, At safepoint: 17801 ns, Total: 145004 ns
[550.656s][info ][safepoint      ] Safepoint "Cleanup", Time since last: 1000144031 ns, Reaching safepoint: 122803 ns, At safepoint: 14900 ns, Total: 137703 ns
[553.454s][info ][gc,start       ] GC(165) Pause Young (Allocation Failure)
[553.458s][debug][gc,phases      ] GC(165) Scavenge 3.962ms
[553.458s][debug][gc,ref         ] GC(165) Skipped phase 1 of Reference Processing: no references
[553.458s][debug][gc,ref         ] GC(165) ReferenceProcessor::execute queues: 1, RefProcThreadModel::Single, marks_oops_alive: false
[553.458s][debug][gc,ref         ] GC(165) Skipped phase 3 of Reference Processing: no references
[553.458s][debug][gc,ref         ] GC(165) Skipped phase 4 of Reference Processing: no references
[553.458s][debug][gc,phases      ] GC(165) Reference Processing 0.117ms
[553.458s][debug][gc,phases      ] GC(165)   VM Weak                        Min:  0.0, Avg:  0.0, Max:  0.0, Diff:  0.0, Sum:  0.0, Workers: 4
[553.458s][debug][gc,phases      ] GC(165)     Dead                           Min: 0, Avg:  0.0, Max: 0, Diff: 0, Sum: 0, Workers: 4
[553.458s][debug][gc,phases      ] GC(165)     Total                          Min: 0, Avg: 186.2, Max: 576, Diff: 576, Sum: 745, Workers: 4
[553.458s][debug][gc,phases      ] GC(165)   ObjectSynchronizer Weak        Min:  0.0, Avg:  0.0, Max:  0.0, Diff:  0.0, Sum:  0.0, Workers: 4
[553.458s][debug][gc,phases      ] GC(165)     Dead                           Min: 0, Avg:  0.0, Max: 0, Diff: 0, Sum: 0, Workers: 4
[553.458s][debug][gc,phases      ] GC(165)     Total                          Min: 0, Avg: 116.5, Max: 256, Diff: 256, Sum: 466, Workers: 4
[553.458s][debug][gc,phases      ] GC(165)   JVMTI Tag Weak OopStorage      Min:  0.0, Avg:  0.0, Max:  0.0, Diff:  0.0, Sum:  0.0, Workers: 4
[553.458s][debug][gc,phases      ] GC(165)     Dead                           Min: 0, Avg:  0.0, Max: 0, Diff: 0, Sum: 0, Workers: 4
[553.458s][debug][gc,phases      ] GC(165)     Total                          Min: 0, Avg:  0.0, Max: 0, Diff: 0, Sum: 0, Workers: 4
[553.458s][debug][gc,phases      ] GC(165)   StringTable Weak               Min:  0.1, Avg:  0.1, Max:  0.1, Diff:  0.0, Sum:  0.4, Workers: 4
[553.458s][debug][gc,phases      ] GC(165)     Dead                           Min: 0, Avg:  0.0, Max: 0, Diff: 0, Sum: 0, Workers: 4
[553.458s][debug][gc,phases      ] GC(165)     Total                          Min: 11840, Avg: 12138.2, Max: 12480, Diff: 640, Sum: 48553, Workers: 4
[553.458s][debug][gc,phases      ] GC(165)   ResolvedMethodTable Weak       Min:  0.0, Avg:  0.0, Max:  0.0, Diff:  0.0, Sum:  0.1, Workers: 4
[553.458s][debug][gc,phases      ] GC(165)     Dead                           Min: 0, Avg:  0.0, Max: 0, Diff: 0, Sum: 0, Workers: 4
[553.458s][debug][gc,phases      ] GC(165)     Total                          Min: 2122, Avg: 2242.5, Max: 2368, Diff: 246, Sum: 8970, Workers: 4
[553.458s][debug][gc,phases      ] GC(165)   JNI Weak                       Min:  0.0, Avg:  0.0, Max:  0.0, Diff:  0.0, Sum:  0.0, Workers: 4
[553.458s][debug][gc,phases      ] GC(165)     Dead                           Min: 0, Avg:  0.0, Max: 0, Diff: 0, Sum: 0, Workers: 4
[553.458s][debug][gc,phases      ] GC(165)     Total                          Min: 0, Avg:  0.0, Max: 0, Diff: 0, Sum: 0, Workers: 4
[553.458s][debug][gc,phases      ] GC(165)   StringDedup Table Weak         Min:  0.0, Avg:  0.0, Max:  0.0, Diff:  0.0, Sum:  0.0, Workers: 4
[553.458s][debug][gc,phases      ] GC(165)     Dead                           Min: 0, Avg:  0.0, Max: 0, Diff: 0, Sum: 0, Workers: 4
[553.458s][debug][gc,phases      ] GC(165)     Total                          Min: 0, Avg:  0.0, Max: 0, Diff: 0, Sum: 0, Workers: 4
[553.458s][debug][gc,phases      ] GC(165)   StringDedup Requests0 Weak     Min:  0.0, Avg:  0.0, Max:  0.0, Diff:  0.0, Sum:  0.0, Workers: 4
[553.458s][debug][gc,phases      ] GC(165)     Dead                           Min: 0, Avg:  0.0, Max: 0, Diff: 0, Sum: 0, Workers: 4
[553.458s][debug][gc,phases      ] GC(165)     Total                          Min: 0, Avg:  0.0, Max: 0, Diff: 0, Sum: 0, Workers: 4
[553.458s][debug][gc,phases      ] GC(165)   StringDedup Requests1 Weak     Min:  0.0, Avg:  0.0, Max:  0.0, Diff:  0.0, Sum:  0.0, Workers: 4
[553.458s][debug][gc,phases      ] GC(165)     Dead                           Min: 0, Avg:  0.0, Max: 0, Diff: 0, Sum: 0, Workers: 4
[553.458s][debug][gc,phases      ] GC(165)     Total                          Min: 0, Avg:  0.0, Max: 0, Diff: 0, Sum: 0, Workers: 4
[553.458s][debug][gc,phases      ] GC(165)   Weak JFR Old Object Samples    Min:  0.0, Avg:  0.0, Max:  0.0, Diff:  0.0, Sum:  0.0, Workers: 4
[553.458s][debug][gc,phases      ] GC(165)     Dead                           Min: 0, Avg:  0.0, Max: 0, Diff: 0, Sum: 0, Workers: 4
[553.458s][debug][gc,phases      ] GC(165)     Total                          Min: 0, Avg:  0.0, Max: 0, Diff: 0, Sum: 0, Workers: 4
[553.458s][debug][gc,phases      ] GC(165) Weak Processing 0.318ms
[553.458s][debug][gc,age         ] GC(165) Desired survivor size 57147392 bytes, new threshold 15 (max threshold 15)
[553.458s][info ][gc,heap        ] GC(165) PSYoungGen: 1973200K(2031104K)->4752K(2041344K) Eden: 1968640K(1968640K)->0K(1982464K) From: 4560K(62464K)->4752K(58880K)
[553.458s][info ][gc,heap        ] GC(165) ParOldGen: 652667K(734720K)->652843K(734720K)
[553.458s][info ][gc,metaspace   ] GC(165) Metaspace: 85971K(86912K)->85971K(86912K) NonClass: 74001K(74496K)->74001K(74496K) Class: 11969K(12416K)->11969K(12416K)
[553.458s][info ][gc             ] GC(165) Pause Young (Allocation Failure) 2564M->642M(2711M) 4.530ms
[553.458s][info ][gc,cpu         ] GC(165) User=0.02s Sys=0.00s Real=0.00s
[553.458s][info ][safepoint      ] Safepoint "ParallelGCFailedAllocation", Time since last: 2797255370 ns, Reaching safepoint: 99902 ns, At safepoint: 4611504 ns, Total: 4711406 ns
[554.458s][info ][safepoint      ] Safepoint "Cleanup", Time since last: 1000078195 ns, Reaching safepoint: 93903 ns, At safepoint: 10500 ns, Total: 104403 ns
[556.459s][info ][safepoint      ] Safepoint "Cleanup", Time since last: 2000162065 ns, Reaching safepoint: 165103 ns, At safepoint: 10100 ns, Total: 175203 ns
[557.459s][info ][safepoint      ] Safepoint "Cleanup", Time since last: 1000098670 ns, Reaching safepoint: 120603 ns, At safepoint: 10200 ns, Total: 130803 ns
[558.459s][info ][safepoint      ] Safepoint "Cleanup", Time since last: 1000090960 ns, Reaching safepoint: 142703 ns, At safepoint: 12500 ns, Total: 155203 ns
[559.459s][info ][safepoint      ] Safepoint "Cleanup", Time since last: 1000087052 ns, Reaching safepoint: 122302 ns, At safepoint: 10801 ns, Total: 133103 ns
[560.460s][info ][safepoint      ] Safepoint "Cleanup", Time since last: 1000278746 ns, Reaching safepoint: 122703 ns, At safepoint: 6300 ns, Total: 129003 ns
[562.460s][info ][safepoint      ] Safepoint "Cleanup", Time since last: 2000176058 ns, Reaching safepoint: 126303 ns, At safepoint: 9300 ns, Total: 135603 ns
[564.460s][info ][safepoint      ] Safepoint "Cleanup", Time since last: 2000161923 ns, Reaching safepoint: 121502 ns, At safepoint: 8500 ns, Total: 130002 ns
[565.461s][info ][safepoint      ] Safepoint "Cleanup", Time since last: 1000098499 ns, Reaching safepoint: 123703 ns, At safepoint: 7700 ns, Total: 131403 ns
[566.461s][info ][safepoint      ] Safepoint "Cleanup", Time since last: 1000098289 ns, Reaching safepoint: 123703 ns, At safepoint: 11400 ns, Total: 135103 ns
[567.461s][info ][safepoint      ] Safepoint "Cleanup", Time since last: 1000094581 ns, Reaching safepoint: 121603 ns, At safepoint: 13800 ns, Total: 135403 ns
[567.783s][info ][gc,start       ] GC(166) Pause Young (Allocation Failure)
[567.787s][debug][gc,phases      ] GC(166) Scavenge 3.607ms
[567.787s][debug][gc,ref         ] GC(166) Skipped phase 1 of Reference Processing: no references
[567.787s][debug][gc,ref         ] GC(166) ReferenceProcessor::execute queues: 1, RefProcThreadModel::Single, marks_oops_alive: false
[567.787s][debug][gc,ref         ] GC(166) Skipped phase 3 of Reference Processing: no references
[567.787s][debug][gc,ref         ] GC(166) Skipped phase 4 of Reference Processing: no references
[567.787s][debug][gc,phases      ] GC(166) Reference Processing 0.139ms
[567.787s][debug][gc,phases      ] GC(166)   VM Weak                        Min:  0.0, Avg:  0.0, Max:  0.0, Diff:  0.0, Sum:  0.0, Workers: 4
[567.787s][debug][gc,phases      ] GC(166)     Dead                           Min: 0, Avg:  0.0, Max: 0, Diff: 0, Sum: 0, Workers: 4
[567.787s][debug][gc,phases      ] GC(166)     Total                          Min: 0, Avg: 186.2, Max: 512, Diff: 512, Sum: 745, Workers: 4
[567.787s][debug][gc,phases      ] GC(166)   ObjectSynchronizer Weak        Min:  0.0, Avg:  0.0, Max:  0.0, Diff:  0.0, Sum:  0.0, Workers: 4
[567.787s][debug][gc,phases      ] GC(166)     Dead                           Min: 0, Avg:  0.0, Max: 0, Diff: 0, Sum: 0, Workers: 4
[567.787s][debug][gc,phases      ] GC(166)     Total                          Min: 0, Avg: 116.5, Max: 256, Diff: 256, Sum: 466, Workers: 4
[567.787s][debug][gc,phases      ] GC(166)   JVMTI Tag Weak OopStorage      Min:  0.0, Avg:  0.0, Max:  0.0, Diff:  0.0, Sum:  0.0, Workers: 4
[567.787s][debug][gc,phases      ] GC(166)     Dead                           Min: 0, Avg:  0.0, Max: 0, Diff: 0, Sum: 0, Workers: 4
[567.787s][debug][gc,phases      ] GC(166)     Total                          Min: 0, Avg:  0.0, Max: 0, Diff: 0, Sum: 0, Workers: 4
[567.787s][debug][gc,phases      ] GC(166)   StringTable Weak               Min:  0.1, Avg:  0.1, Max:  0.1, Diff:  0.0, Sum:  0.4, Workers: 4
[567.787s][debug][gc,phases      ] GC(166)     Dead                           Min: 0, Avg:  0.0, Max: 0, Diff: 0, Sum: 0, Workers: 4
[567.787s][debug][gc,phases      ] GC(166)     Total                          Min: 11584, Avg: 12138.5, Max: 13162, Diff: 1578, Sum: 48554, Workers: 4
[567.787s][debug][gc,phases      ] GC(166)   ResolvedMethodTable Weak       Min:  0.0, Avg:  0.0, Max:  0.0, Diff:  0.0, Sum:  0.1, Workers: 4
[567.787s][debug][gc,phases      ] GC(166)     Dead                           Min: 0, Avg:  0.0, Max: 0, Diff: 0, Sum: 0, Workers: 4
[567.787s][debug][gc,phases      ] GC(166)     Total                          Min: 2176, Avg: 2242.5, Max: 2368, Diff: 192, Sum: 8970, Workers: 4
[567.787s][debug][gc,phases      ] GC(166)   JNI Weak                       Min:  0.0, Avg:  0.0, Max:  0.0, Diff:  0.0, Sum:  0.0, Workers: 4
[567.787s][debug][gc,phases      ] GC(166)     Dead                           Min: 0, Avg:  0.0, Max: 0, Diff: 0, Sum: 0, Workers: 4
[567.787s][debug][gc,phases      ] GC(166)     Total                          Min: 0, Avg:  0.0, Max: 0, Diff: 0, Sum: 0, Workers: 4
[567.787s][debug][gc,phases      ] GC(166)   StringDedup Table Weak         Min:  0.0, Avg:  0.0, Max:  0.0, Diff:  0.0, Sum:  0.0, Workers: 4
[567.787s][debug][gc,phases      ] GC(166)     Dead                           Min: 0, Avg:  0.0, Max: 0, Diff: 0, Sum: 0, Workers: 4
[567.787s][debug][gc,phases      ] GC(166)     Total                          Min: 0, Avg:  0.0, Max: 0, Diff: 0, Sum: 0, Workers: 4
[567.787s][debug][gc,phases      ] GC(166)   StringDedup Requests0 Weak     Min:  0.0, Avg:  0.0, Max:  0.0, Diff:  0.0, Sum:  0.0, Workers: 4
[567.787s][debug][gc,phases      ] GC(166)     Dead                           Min: 0, Avg:  0.0, Max: 0, Diff: 0, Sum: 0, Workers: 4
[567.787s][debug][gc,phases      ] GC(166)     Total                          Min: 0, Avg:  0.0, Max: 0, Diff: 0, Sum: 0, Workers: 4
[567.787s][debug][gc,phases      ] GC(166)   StringDedup Requests1 Weak     Min:  0.0, Avg:  0.0, Max:  0.0, Diff:  0.0, Sum:  0.0, Workers: 4
[567.787s][debug][gc,phases      ] GC(166)     Dead                           Min: 0, Avg:  0.0, Max: 0, Diff: 0, Sum: 0, Workers: 4
[567.787s][debug][gc,phases      ] GC(166)     Total                          Min: 0, Avg:  0.0, Max: 0, Diff: 0, Sum: 0, Workers: 4
[567.787s][debug][gc,phases      ] GC(166)   Weak JFR Old Object Samples    Min:  0.0, Avg:  0.0, Max:  0.0, Diff:  0.0, Sum:  0.0, Workers: 4
[567.787s][debug][gc,phases      ] GC(166)     Dead                           Min: 0, Avg:  0.0, Max: 0, Diff: 0, Sum: 0, Workers: 4
[567.787s][debug][gc,phases      ] GC(166)     Total                          Min: 0, Avg:  0.0, Max: 0, Diff: 0, Sum: 0, Workers: 4
[567.787s][debug][gc,phases      ] GC(166) Weak Processing 0.314ms
[567.787s][debug][gc,age         ] GC(166) Desired survivor size 53477376 bytes, new threshold 15 (max threshold 15)
[567.787s][info ][gc,heap        ] GC(166) PSYoungGen: 1987216K(2041344K)->4880K(2038272K) Eden: 1982464K(1982464K)->0K(1982464K) From: 4752K(58880K)->4880K(55808K)
[567.787s][info ][gc,heap        ] GC(166) ParOldGen: 652843K(734720K)->652939K(734720K)
[567.787s][info ][gc,metaspace   ] GC(166) Metaspace: 85988K(86912K)->85988K(86912K) NonClass: 74018K(74496K)->74018K(74496K) Class: 11970K(12416K)->11970K(12416K)
[567.787s][info ][gc             ] GC(166) Pause Young (Allocation Failure) 2578M->642M(2708M) 4.189ms
[567.787s][info ][gc,cpu         ] GC(166) User=0.01s Sys=0.00s Real=0.00s
[567.787s][info ][safepoint      ] Safepoint "ParallelGCFailedAllocation", Time since last: 321782600 ns, Reaching safepoint: 61401 ns, At safepoint: 4263395 ns, Total: 4324796 ns
[569.787s][info ][safepoint      ] Safepoint "Cleanup", Time since last: 2000162829 ns, Reaching safepoint: 48501 ns, At safepoint: 3800 ns, Total: 52301 ns
[570.788s][info ][safepoint      ] Safepoint "Cleanup", Time since last: 1000085152 ns, Reaching safepoint: 51701 ns, At safepoint: 5400 ns, Total: 57101 ns
[571.788s][info ][safepoint      ] Safepoint "Cleanup", Time since last: 1000099743 ns, Reaching safepoint: 53301 ns, At safepoint: 6400 ns, Total: 59701 ns
[573.788s][info ][safepoint      ] Safepoint "Cleanup", Time since last: 2000168259 ns, Reaching safepoint: 53501 ns, At safepoint: 8201 ns, Total: 61702 ns
[574.788s][info ][safepoint      ] Safepoint "Cleanup", Time since last: 1000103317 ns, Reaching safepoint: 45801 ns, At safepoint: 3100 ns, Total: 48901 ns
[575.788s][info ][safepoint      ] Safepoint "Cleanup", Time since last: 1000058807 ns, Reaching safepoint: 46601 ns, At safepoint: 2800 ns, Total: 49401 ns
[578.789s][info ][safepoint      ] Safepoint "Cleanup", Time since last: 3000204171 ns, Reaching safepoint: 48901 ns, At safepoint: 4600 ns, Total: 53501 ns
[579.953s][info ][safepoint      ] Safepoint "Cleanup", Time since last: 1164093026 ns, Reaching safepoint: 128903 ns, At safepoint: 9100 ns, Total: 138003 ns
[581.199s][info ][safepoint      ] Safepoint "Cleanup", Time since last: 1245868333 ns, Reaching safepoint: 95302 ns, At safepoint: 10401 ns, Total: 105703 ns
[581.698s][info ][gc,start       ] GC(167) Pause Young (Allocation Failure)
[581.701s][debug][gc,phases      ] GC(167) Scavenge 3.378ms
[581.701s][debug][gc,ref         ] GC(167) Skipped phase 1 of Reference Processing: no references
[581.702s][debug][gc,ref         ] GC(167) ReferenceProcessor::execute queues: 1, RefProcThreadModel::Single, marks_oops_alive: false
[581.702s][debug][gc,ref         ] GC(167) Skipped phase 3 of Reference Processing: no references
[581.702s][debug][gc,ref         ] GC(167) Skipped phase 4 of Reference Processing: no references
[581.702s][debug][gc,phases      ] GC(167) Reference Processing 0.118ms
[581.702s][debug][gc,phases      ] GC(167)   VM Weak                        Min:  0.0, Avg:  0.0, Max:  0.0, Diff:  0.0, Sum:  0.0, Workers: 4
[581.702s][debug][gc,phases      ] GC(167)     Dead                           Min: 0, Avg:  0.0, Max: 0, Diff: 0, Sum: 0, Workers: 4
[581.702s][debug][gc,phases      ] GC(167)     Total                          Min: 0, Avg: 186.2, Max: 745, Diff: 745, Sum: 745, Workers: 4
[581.702s][debug][gc,phases      ] GC(167)   ObjectSynchronizer Weak        Min:  0.0, Avg:  0.0, Max:  0.0, Diff:  0.0, Sum:  0.0, Workers: 4
[581.702s][debug][gc,phases      ] GC(167)     Dead                           Min: 0, Avg:  0.0, Max: 0, Diff: 0, Sum: 0, Workers: 4
[581.702s][debug][gc,phases      ] GC(167)     Total                          Min: 0, Avg: 116.5, Max: 402, Diff: 402, Sum: 466, Workers: 4
[581.702s][debug][gc,phases      ] GC(167)   JVMTI Tag Weak OopStorage      Min:  0.0, Avg:  0.0, Max:  0.0, Diff:  0.0, Sum:  0.0, Workers: 4
[581.702s][debug][gc,phases      ] GC(167)     Dead                           Min: 0, Avg:  0.0, Max: 0, Diff: 0, Sum: 0, Workers: 4
[581.702s][debug][gc,phases      ] GC(167)     Total                          Min: 0, Avg:  0.0, Max: 0, Diff: 0, Sum: 0, Workers: 4
[581.702s][debug][gc,phases      ] GC(167)   StringTable Weak               Min:  0.1, Avg:  0.1, Max:  0.1, Diff:  0.0, Sum:  0.4, Workers: 4
[581.702s][debug][gc,phases      ] GC(167)     Dead                           Min: 0, Avg:  0.0, Max: 0, Diff: 0, Sum: 0, Workers: 4
[581.702s][debug][gc,phases      ] GC(167)     Total                          Min: 10496, Avg: 12138.5, Max: 13354, Diff: 2858, Sum: 48554, Workers: 4
[581.702s][debug][gc,phases      ] GC(167)   ResolvedMethodTable Weak       Min:  0.0, Avg:  0.0, Max:  0.0, Diff:  0.0, Sum:  0.1, Workers: 4
[581.702s][debug][gc,phases      ] GC(167)     Dead                           Min: 0, Avg:  0.0, Max: 0, Diff: 0, Sum: 0, Workers: 4
[581.702s][debug][gc,phases      ] GC(167)     Total                          Min: 2112, Avg: 2242.5, Max: 2378, Diff: 266, Sum: 8970, Workers: 4
[581.702s][debug][gc,phases      ] GC(167)   JNI Weak                       Min:  0.0, Avg:  0.0, Max:  0.0, Diff:  0.0, Sum:  0.0, Workers: 4
[581.702s][debug][gc,phases      ] GC(167)     Dead                           Min: 0, Avg:  0.0, Max: 0, Diff: 0, Sum: 0, Workers: 4
[581.702s][debug][gc,phases      ] GC(167)     Total                          Min: 0, Avg:  0.0, Max: 0, Diff: 0, Sum: 0, Workers: 4
[581.702s][debug][gc,phases      ] GC(167)   StringDedup Table Weak         Min:  0.0, Avg:  0.0, Max:  0.0, Diff:  0.0, Sum:  0.0, Workers: 4
[581.702s][debug][gc,phases      ] GC(167)     Dead                           Min: 0, Avg:  0.0, Max: 0, Diff: 0, Sum: 0, Workers: 4
[581.702s][debug][gc,phases      ] GC(167)     Total                          Min: 0, Avg:  0.0, Max: 0, Diff: 0, Sum: 0, Workers: 4
[581.702s][debug][gc,phases      ] GC(167)   StringDedup Requests0 Weak     Min:  0.0, Avg:  0.0, Max:  0.0, Diff:  0.0, Sum:  0.0, Workers: 4
[581.702s][debug][gc,phases      ] GC(167)     Dead                           Min: 0, Avg:  0.0, Max: 0, Diff: 0, Sum: 0, Workers: 4
[581.702s][debug][gc,phases      ] GC(167)     Total                          Min: 0, Avg:  0.0, Max: 0, Diff: 0, Sum: 0, Workers: 4
[581.702s][debug][gc,phases      ] GC(167)   StringDedup Requests1 Weak     Min:  0.0, Avg:  0.0, Max:  0.0, Diff:  0.0, Sum:  0.0, Workers: 4
[581.702s][debug][gc,phases      ] GC(167)     Dead                           Min: 0, Avg:  0.0, Max: 0, Diff: 0, Sum: 0, Workers: 4
[581.702s][debug][gc,phases      ] GC(167)     Total                          Min: 0, Avg:  0.0, Max: 0, Diff: 0, Sum: 0, Workers: 4
[581.702s][debug][gc,phases      ] GC(167)   Weak JFR Old Object Samples    Min:  0.0, Avg:  0.0, Max:  0.0, Diff:  0.0, Sum:  0.0, Workers: 4
[581.702s][debug][gc,phases      ] GC(167)     Dead                           Min: 0, Avg:  0.0, Max: 0, Diff: 0, Sum: 0, Workers: 4
[581.702s][debug][gc,phases      ] GC(167)     Total                          Min: 0, Avg:  0.0, Max: 0, Diff: 0, Sum: 0, Workers: 4
[581.702s][debug][gc,phases      ] GC(167) Weak Processing 0.344ms
[581.702s][debug][gc,age         ] GC(167) Desired survivor size 50331648 bytes, new threshold 15 (max threshold 15)
[581.702s][info ][gc,heap        ] GC(167) PSYoungGen: 1987344K(2038272K)->4640K(2048000K) Eden: 1982464K(1982464K)->0K(1995776K) From: 4880K(55808K)->4640K(52224K)
[581.702s][info ][gc,heap        ] GC(167) ParOldGen: 652939K(734720K)->653127K(734720K)
[581.702s][info ][gc,metaspace   ] GC(167) Metaspace: 85995K(86912K)->85995K(86912K) NonClass: 74024K(74496K)->74024K(74496K) Class: 11970K(12416K)->11970K(12416K)
[581.702s][info ][gc             ] GC(167) Pause Young (Allocation Failure) 2578M->642M(2717M) 3.969ms
[581.702s][info ][gc,cpu         ] GC(167) User=0.02s Sys=0.00s Real=0.00s
[581.702s][info ][safepoint      ] Safepoint "ParallelGCFailedAllocation", Time since last: 499203109 ns, Reaching safepoint: 28200 ns, At safepoint: 4047790 ns, Total: 4075990 ns
[582.702s][info ][safepoint      ] Safepoint "Cleanup", Time since last: 1000094749 ns, Reaching safepoint: 124403 ns, At safepoint: 10000 ns, Total: 134403 ns
[583.702s][info ][safepoint      ] Safepoint "Cleanup", Time since last: 1000116241 ns, Reaching safepoint: 111003 ns, At safepoint: 8000 ns, Total: 119003 ns
[584.703s][info ][safepoint      ] Safepoint "Cleanup", Time since last: 1000110132 ns, Reaching safepoint: 120103 ns, At safepoint: 8700 ns, Total: 128803 ns
[585.703s][info ][safepoint      ] Safepoint "Cleanup", Time since last: 1000108823 ns, Reaching safepoint: 128803 ns, At safepoint: 15901 ns, Total: 144704 ns
[586.703s][info ][safepoint      ] Safepoint "Cleanup", Time since last: 1000119415 ns, Reaching safepoint: 134703 ns, At safepoint: 32301 ns, Total: 167004 ns
[587.703s][info ][safepoint      ] Safepoint "Cleanup", Time since last: 1000109707 ns, Reaching safepoint: 126303 ns, At safepoint: 6600 ns, Total: 132903 ns
[588.704s][info ][safepoint      ] Safepoint "Cleanup", Time since last: 1000121398 ns, Reaching safepoint: 130203 ns, At safepoint: 14601 ns, Total: 144804 ns
[591.169s][info ][safepoint      ] Safepoint "Cleanup", Time since last: 2464883274 ns, Reaching safepoint: 116003 ns, At safepoint: 11800 ns, Total: 127803 ns
[592.169s][info ][safepoint      ] Safepoint "Cleanup", Time since last: 1000073068 ns, Reaching safepoint: 51201 ns, At safepoint: 3401 ns, Total: 54602 ns
[595.169s][info ][safepoint      ] Safepoint "Cleanup", Time since last: 3000244856 ns, Reaching safepoint: 53901 ns, At safepoint: 6200 ns, Total: 60101 ns
[596.409s][info ][gc,start       ] GC(168) Pause Young (Allocation Failure)
[596.412s][debug][gc,phases      ] GC(168) Scavenge 3.346ms
[596.412s][debug][gc,ref         ] GC(168) Skipped phase 1 of Reference Processing: no references
[596.412s][debug][gc,ref         ] GC(168) ReferenceProcessor::execute queues: 1, RefProcThreadModel::Single, marks_oops_alive: false
[596.412s][debug][gc,ref         ] GC(168) Skipped phase 3 of Reference Processing: no references
[596.412s][debug][gc,ref         ] GC(168) ReferenceProcessor::execute queues: 1, RefProcThreadModel::Single, marks_oops_alive: false
[596.412s][debug][gc,phases      ] GC(168) Reference Processing 0.116ms
[596.412s][debug][gc,phases      ] GC(168)   VM Weak                        Min:  0.0, Avg:  0.0, Max:  0.0, Diff:  0.0, Sum:  0.0, Workers: 4
[596.412s][debug][gc,phases      ] GC(168)     Dead                           Min: 0, Avg:  0.0, Max: 0, Diff: 0, Sum: 0, Workers: 4
[596.412s][debug][gc,phases      ] GC(168)     Total                          Min: 0, Avg: 186.2, Max: 745, Diff: 745, Sum: 745, Workers: 4
[596.412s][debug][gc,phases      ] GC(168)   ObjectSynchronizer Weak        Min:  0.0, Avg:  0.0, Max:  0.0, Diff:  0.0, Sum:  0.0, Workers: 4
[596.412s][debug][gc,phases      ] GC(168)     Dead                           Min: 0, Avg:  0.0, Max: 0, Diff: 0, Sum: 0, Workers: 4
[596.412s][debug][gc,phases      ] GC(168)     Total                          Min: 0, Avg: 116.5, Max: 466, Diff: 466, Sum: 466, Workers: 4
[596.412s][debug][gc,phases      ] GC(168)   JVMTI Tag Weak OopStorage      Min:  0.0, Avg:  0.0, Max:  0.0, Diff:  0.0, Sum:  0.0, Workers: 4
[596.412s][debug][gc,phases      ] GC(168)     Dead                           Min: 0, Avg:  0.0, Max: 0, Diff: 0, Sum: 0, Workers: 4
[596.412s][debug][gc,phases      ] GC(168)     Total                          Min: 0, Avg:  0.0, Max: 0, Diff: 0, Sum: 0, Workers: 4
[596.412s][debug][gc,phases      ] GC(168)   StringTable Weak               Min:  0.1, Avg:  0.1, Max:  0.1, Diff:  0.0, Sum:  0.4, Workers: 4
[596.412s][debug][gc,phases      ] GC(168)     Dead                           Min: 0, Avg:  0.0, Max: 0, Diff: 0, Sum: 0, Workers: 4
[596.412s][debug][gc,phases      ] GC(168)     Total                          Min: 11648, Avg: 12139.0, Max: 12800, Diff: 1152, Sum: 48556, Workers: 4
[596.412s][debug][gc,phases      ] GC(168)   ResolvedMethodTable Weak       Min:  0.0, Avg:  0.0, Max:  0.0, Diff:  0.0, Sum:  0.1, Workers: 4
[596.412s][debug][gc,phases      ] GC(168)     Dead                           Min: 0, Avg:  0.0, Max: 0, Diff: 0, Sum: 0, Workers: 4
[596.412s][debug][gc,phases      ] GC(168)     Total                          Min: 2112, Avg: 2242.5, Max: 2368, Diff: 256, Sum: 8970, Workers: 4
[596.412s][debug][gc,phases      ] GC(168)   JNI Weak                       Min:  0.0, Avg:  0.0, Max:  0.0, Diff:  0.0, Sum:  0.0, Workers: 4
[596.412s][debug][gc,phases      ] GC(168)     Dead                           Min: 0, Avg:  0.0, Max: 0, Diff: 0, Sum: 0, Workers: 4
[596.412s][debug][gc,phases      ] GC(168)     Total                          Min: 0, Avg:  0.0, Max: 0, Diff: 0, Sum: 0, Workers: 4
[596.412s][debug][gc,phases      ] GC(168)   StringDedup Table Weak         Min:  0.0, Avg:  0.0, Max:  0.0, Diff:  0.0, Sum:  0.0, Workers: 4
[596.412s][debug][gc,phases      ] GC(168)     Dead                           Min: 0, Avg:  0.0, Max: 0, Diff: 0, Sum: 0, Workers: 4
[596.412s][debug][gc,phases      ] GC(168)     Total                          Min: 0, Avg:  0.0, Max: 0, Diff: 0, Sum: 0, Workers: 4
[596.412s][debug][gc,phases      ] GC(168)   StringDedup Requests0 Weak     Min:  0.0, Avg:  0.0, Max:  0.0, Diff:  0.0, Sum:  0.0, Workers: 4
[596.412s][debug][gc,phases      ] GC(168)     Dead                           Min: 0, Avg:  0.0, Max: 0, Diff: 0, Sum: 0, Workers: 4
[596.412s][debug][gc,phases      ] GC(168)     Total                          Min: 0, Avg:  0.0, Max: 0, Diff: 0, Sum: 0, Workers: 4
[596.412s][debug][gc,phases      ] GC(168)   StringDedup Requests1 Weak     Min:  0.0, Avg:  0.0, Max:  0.0, Diff:  0.0, Sum:  0.0, Workers: 4
[596.412s][debug][gc,phases      ] GC(168)     Dead                           Min: 0, Avg:  0.0, Max: 0, Diff: 0, Sum: 0, Workers: 4
[596.412s][debug][gc,phases      ] GC(168)     Total                          Min: 0, Avg:  0.0, Max: 0, Diff: 0, Sum: 0, Workers: 4
[596.413s][debug][gc,phases      ] GC(168)   Weak JFR Old Object Samples    Min:  0.0, Avg:  0.0, Max:  0.0, Diff:  0.0, Sum:  0.0, Workers: 4
[596.413s][debug][gc,phases      ] GC(168)     Dead                           Min: 0, Avg:  0.0, Max: 0, Diff: 0, Sum: 0, Workers: 4
[596.413s][debug][gc,phases      ] GC(168)     Total                          Min: 0, Avg:  0.0, Max: 0, Diff: 0, Sum: 0, Workers: 4
[596.413s][debug][gc,phases      ] GC(168) Weak Processing 0.332ms
[596.413s][debug][gc,age         ] GC(168) Desired survivor size 47185920 bytes, new threshold 15 (max threshold 15)
[596.413s][info ][gc,heap        ] GC(168) PSYoungGen: 2000416K(2048000K)->5056K(2044928K) Eden: 1995776K(1995776K)->0K(1995776K) From: 4640K(52224K)->5056K(49152K)
[596.413s][info ][gc,heap        ] GC(168) ParOldGen: 653127K(734720K)->653267K(734720K)
[596.413s][info ][gc,metaspace   ] GC(168) Metaspace: 86023K(86976K)->86023K(86976K) NonClass: 74051K(74560K)->74051K(74560K) Class: 11971K(12416K)->11971K(12416K)
[596.413s][info ][gc             ] GC(168) Pause Young (Allocation Failure) 2591M->642M(2714M) 3.918ms
[596.413s][info ][gc,cpu         ] GC(168) User=0.01s Sys=0.00s Real=0.01s
[596.413s][info ][safepoint      ] Safepoint "ParallelGCFailedAllocation", Time since last: 1239325329 ns, Reaching safepoint: 99602 ns, At safepoint: 3994689 ns, Total: 4094291 ns
[597.413s][info ][safepoint      ] Safepoint "Cleanup", Time since last: 1000082525 ns, Reaching safepoint: 126503 ns, At safepoint: 16700 ns, Total: 143203 ns
[599.413s][info ][safepoint      ] Safepoint "Cleanup", Time since last: 2000169026 ns, Reaching safepoint: 122002 ns, At safepoint: 9201 ns, Total: 131203 ns
[600.413s][info ][safepoint      ] Safepoint "Cleanup", Time since last: 1000098900 ns, Reaching safepoint: 117403 ns, At safepoint: 7800 ns, Total: 125203 ns
[601.414s][info ][safepoint      ] Safepoint "Cleanup", Time since last: 1000058992 ns, Reaching safepoint: 113902 ns, At safepoint: 6900 ns, Total: 120802 ns
[602.414s][info ][safepoint      ] Safepoint "Cleanup", Time since last: 1000091985 ns, Reaching safepoint: 122402 ns, At safepoint: 9501 ns, Total: 131903 ns
[603.414s][info ][safepoint      ] Safepoint "Cleanup", Time since last: 1000057675 ns, Reaching safepoint: 115102 ns, At safepoint: 7101 ns, Total: 122203 ns
[608.414s][info ][safepoint      ] Safepoint "Cleanup", Time since last: 5000352455 ns, Reaching safepoint: 123103 ns, At safepoint: 10200 ns, Total: 133303 ns
[609.415s][info ][safepoint      ] Safepoint "Cleanup", Time since last: 1000099627 ns, Reaching safepoint: 120603 ns, At safepoint: 5700 ns, Total: 126303 ns
[611.058s][info ][gc,start       ] GC(169) Pause Young (Allocation Failure)
[611.062s][debug][gc,phases      ] GC(169) Scavenge 3.828ms
[611.062s][debug][gc,ref         ] GC(169) Skipped phase 1 of Reference Processing: no references
[611.062s][debug][gc,ref         ] GC(169) ReferenceProcessor::execute queues: 1, RefProcThreadModel::Single, marks_oops_alive: false
[611.062s][debug][gc,ref         ] GC(169) Skipped phase 3 of Reference Processing: no references
[611.062s][debug][gc,ref         ] GC(169) ReferenceProcessor::execute queues: 1, RefProcThreadModel::Single, marks_oops_alive: false
[611.062s][debug][gc,phases      ] GC(169) Reference Processing 0.129ms
[611.062s][debug][gc,phases      ] GC(169)   VM Weak                        Min:  0.0, Avg:  0.0, Max:  0.0, Diff:  0.0, Sum:  0.0, Workers: 4
[611.062s][debug][gc,phases      ] GC(169)     Dead                           Min: 0, Avg:  0.0, Max: 0, Diff: 0, Sum: 0, Workers: 4
[611.062s][debug][gc,phases      ] GC(169)     Total                          Min: 0, Avg: 186.2, Max: 448, Diff: 448, Sum: 745, Workers: 4
[611.062s][debug][gc,phases      ] GC(169)   ObjectSynchronizer Weak        Min:  0.0, Avg:  0.0, Max:  0.0, Diff:  0.0, Sum:  0.0, Workers: 4
[611.062s][debug][gc,phases      ] GC(169)     Dead                           Min: 0, Avg:  0.0, Max: 0, Diff: 0, Sum: 0, Workers: 4
[611.062s][debug][gc,phases      ] GC(169)     Total                          Min: 0, Avg: 116.5, Max: 256, Diff: 256, Sum: 466, Workers: 4
[611.062s][debug][gc,phases      ] GC(169)   JVMTI Tag Weak OopStorage      Min:  0.0, Avg:  0.0, Max:  0.0, Diff:  0.0, Sum:  0.0, Workers: 4
[611.062s][debug][gc,phases      ] GC(169)     Dead                           Min: 0, Avg:  0.0, Max: 0, Diff: 0, Sum: 0, Workers: 4
[611.062s][debug][gc,phases      ] GC(169)     Total                          Min: 0, Avg:  0.0, Max: 0, Diff: 0, Sum: 0, Workers: 4
[611.062s][debug][gc,phases      ] GC(169)   StringTable Weak               Min:  0.1, Avg:  0.1, Max:  0.1, Diff:  0.0, Sum:  0.5, Workers: 4
[611.063s][debug][gc,phases      ] GC(169)     Dead                           Min: 0, Avg:  0.0, Max: 0, Diff: 0, Sum: 0, Workers: 4
[611.063s][debug][gc,phases      ] GC(169)     Total                          Min: 11456, Avg: 12139.2, Max: 12928, Diff: 1472, Sum: 48557, Workers: 4
[611.063s][debug][gc,phases      ] GC(169)   ResolvedMethodTable Weak       Min:  0.0, Avg:  0.0, Max:  0.0, Diff:  0.0, Sum:  0.1, Workers: 4
[611.063s][debug][gc,phases      ] GC(169)     Dead                           Min: 0, Avg:  0.0, Max: 0, Diff: 0, Sum: 0, Workers: 4
[611.063s][debug][gc,phases      ] GC(169)     Total                          Min: 2240, Avg: 2243.0, Max: 2252, Diff: 12, Sum: 8972, Workers: 4
[611.063s][debug][gc,phases      ] GC(169)   JNI Weak                       Min:  0.0, Avg:  0.0, Max:  0.0, Diff:  0.0, Sum:  0.0, Workers: 4
[611.063s][debug][gc,phases      ] GC(169)     Dead                           Min: 0, Avg:  0.0, Max: 0, Diff: 0, Sum: 0, Workers: 4
[611.063s][debug][gc,phases      ] GC(169)     Total                          Min: 0, Avg:  0.0, Max: 0, Diff: 0, Sum: 0, Workers: 4
[611.063s][debug][gc,phases      ] GC(169)   StringDedup Table Weak         Min:  0.0, Avg:  0.0, Max:  0.0, Diff:  0.0, Sum:  0.0, Workers: 4
[611.063s][debug][gc,phases      ] GC(169)     Dead                           Min: 0, Avg:  0.0, Max: 0, Diff: 0, Sum: 0, Workers: 4
[611.063s][debug][gc,phases      ] GC(169)     Total                          Min: 0, Avg:  0.0, Max: 0, Diff: 0, Sum: 0, Workers: 4
[611.063s][debug][gc,phases      ] GC(169)   StringDedup Requests0 Weak     Min:  0.0, Avg:  0.0, Max:  0.0, Diff:  0.0, Sum:  0.0, Workers: 4
[611.063s][debug][gc,phases      ] GC(169)     Dead                           Min: 0, Avg:  0.0, Max: 0, Diff: 0, Sum: 0, Workers: 4
[611.063s][debug][gc,phases      ] GC(169)     Total                          Min: 0, Avg:  0.0, Max: 0, Diff: 0, Sum: 0, Workers: 4
[611.063s][debug][gc,phases      ] GC(169)   StringDedup Requests1 Weak     Min:  0.0, Avg:  0.0, Max:  0.0, Diff:  0.0, Sum:  0.0, Workers: 4
[611.063s][debug][gc,phases      ] GC(169)     Dead                           Min: 0, Avg:  0.0, Max: 0, Diff: 0, Sum: 0, Workers: 4
[611.063s][debug][gc,phases      ] GC(169)     Total                          Min: 0, Avg:  0.0, Max: 0, Diff: 0, Sum: 0, Workers: 4
[611.063s][debug][gc,phases      ] GC(169)   Weak JFR Old Object Samples    Min:  0.0, Avg:  0.0, Max:  0.0, Diff:  0.0, Sum:  0.0, Workers: 4
[611.063s][debug][gc,phases      ] GC(169)     Dead                           Min: 0, Avg:  0.0, Max: 0, Diff: 0, Sum: 0, Workers: 4
[611.063s][debug][gc,phases      ] GC(169)     Total                          Min: 0, Avg:  0.0, Max: 0, Diff: 0, Sum: 0, Workers: 4
[611.063s][debug][gc,phases      ] GC(169) Weak Processing 0.368ms
[611.063s][debug][gc,age         ] GC(169) Desired survivor size 44564480 bytes, new threshold 15 (max threshold 15)
[611.063s][info ][gc,heap        ] GC(169) PSYoungGen: 2000832K(2044928K)->4800K(2053632K) Eden: 1995776K(1995776K)->0K(2007552K) From: 5056K(49152K)->4800K(46080K)
[611.063s][info ][gc,heap        ] GC(169) ParOldGen: 653267K(734720K)->653387K(734720K)
[611.063s][info ][gc,metaspace   ] GC(169) Metaspace: 86032K(86976K)->86032K(86976K) NonClass: 74060K(74560K)->74060K(74560K) Class: 11972K(12416K)->11972K(12416K)
[611.063s][info ][gc             ] GC(169) Pause Young (Allocation Failure) 2591M->642M(2723M) 4.443ms
[611.063s][info ][gc,cpu         ] GC(169) User=0.02s Sys=0.00s Real=0.01s
[611.063s][info ][safepoint      ] Safepoint "ParallelGCFailedAllocation", Time since last: 1643487881 ns, Reaching safepoint: 41901 ns, At safepoint: 4520700 ns, Total: 4562601 ns
[614.063s][info ][safepoint      ] Safepoint "Cleanup", Time since last: 3000215692 ns, Reaching safepoint: 120902 ns, At safepoint: 22301 ns, Total: 143203 ns
[616.063s][info ][safepoint      ] Safepoint "Cleanup", Time since last: 2000196756 ns, Reaching safepoint: 175804 ns, At safepoint: 14500 ns, Total: 190304 ns
[618.064s][info ][safepoint      ] Safepoint "Cleanup", Time since last: 2000165123 ns, Reaching safepoint: 121003 ns, At safepoint: 12100 ns, Total: 133103 ns
[619.064s][info ][safepoint      ] Safepoint "Cleanup", Time since last: 1000098550 ns, Reaching safepoint: 128803 ns, At safepoint: 8200 ns, Total: 137003 ns
[620.064s][info ][safepoint      ] Safepoint "Cleanup", Time since last: 1000101443 ns, Reaching safepoint: 157203 ns, At safepoint: 8400 ns, Total: 165603 ns
[623.065s][info ][safepoint      ] Safepoint "Cleanup", Time since last: 3000212678 ns, Reaching safepoint: 129303 ns, At safepoint: 8900 ns, Total: 138203 ns
[626.308s][info ][gc,start       ] GC(170) Pause Young (Allocation Failure)
[626.312s][debug][gc,phases      ] GC(170) Scavenge 3.755ms
[626.312s][debug][gc,ref         ] GC(170) Skipped phase 1 of Reference Processing: no references
[626.312s][debug][gc,ref         ] GC(170) ReferenceProcessor::execute queues: 1, RefProcThreadModel::Single, marks_oops_alive: false
[626.312s][debug][gc,ref         ] GC(170) Skipped phase 3 of Reference Processing: no references
[626.312s][debug][gc,ref         ] GC(170) ReferenceProcessor::execute queues: 1, RefProcThreadModel::Single, marks_oops_alive: false
[626.312s][debug][gc,phases      ] GC(170) Reference Processing 0.136ms
[626.312s][debug][gc,phases      ] GC(170)   VM Weak                        Min:  0.0, Avg:  0.0, Max:  0.0, Diff:  0.0, Sum:  0.0, Workers: 4
[626.312s][debug][gc,phases      ] GC(170)     Dead                           Min: 0, Avg:  0.0, Max: 0, Diff: 0, Sum: 0, Workers: 4
[626.312s][debug][gc,phases      ] GC(170)     Total                          Min: 0, Avg: 186.2, Max: 745, Diff: 745, Sum: 745, Workers: 4
[626.312s][debug][gc,phases      ] GC(170)   ObjectSynchronizer Weak        Min:  0.0, Avg:  0.0, Max:  0.0, Diff:  0.0, Sum:  0.0, Workers: 4
[626.312s][debug][gc,phases      ] GC(170)     Dead                           Min: 0, Avg:  0.0, Max: 0, Diff: 0, Sum: 0, Workers: 4
[626.312s][debug][gc,phases      ] GC(170)     Total                          Min: 0, Avg: 116.5, Max: 402, Diff: 402, Sum: 466, Workers: 4
[626.312s][debug][gc,phases      ] GC(170)   JVMTI Tag Weak OopStorage      Min:  0.0, Avg:  0.0, Max:  0.0, Diff:  0.0, Sum:  0.0, Workers: 4
[626.312s][debug][gc,phases      ] GC(170)     Dead                           Min: 0, Avg:  0.0, Max: 0, Diff: 0, Sum: 0, Workers: 4
[626.312s][debug][gc,phases      ] GC(170)     Total                          Min: 0, Avg:  0.0, Max: 0, Diff: 0, Sum: 0, Workers: 4
[626.312s][debug][gc,phases      ] GC(170)   StringTable Weak               Min:  0.1, Avg:  0.1, Max:  0.1, Diff:  0.0, Sum:  0.4, Workers: 4
[626.312s][debug][gc,phases      ] GC(170)     Dead                           Min: 0, Avg:  0.0, Max: 0, Diff: 0, Sum: 0, Workers: 4
[626.312s][debug][gc,phases      ] GC(170)     Total                          Min: 11264, Avg: 12139.2, Max: 12800, Diff: 1536, Sum: 48557, Workers: 4
[626.312s][debug][gc,phases      ] GC(170)   ResolvedMethodTable Weak       Min:  0.0, Avg:  0.0, Max:  0.0, Diff:  0.0, Sum:  0.1, Workers: 4
[626.312s][debug][gc,phases      ] GC(170)     Dead                           Min: 0, Avg:  0.0, Max: 0, Diff: 0, Sum: 0, Workers: 4
[626.312s][debug][gc,phases      ] GC(170)     Total                          Min: 1728, Avg: 2243.0, Max: 2508, Diff: 780, Sum: 8972, Workers: 4
[626.312s][debug][gc,phases      ] GC(170)   JNI Weak                       Min:  0.0, Avg:  0.0, Max:  0.0, Diff:  0.0, Sum:  0.0, Workers: 4
[626.312s][debug][gc,phases      ] GC(170)     Dead                           Min: 0, Avg:  0.0, Max: 0, Diff: 0, Sum: 0, Workers: 4
[626.312s][debug][gc,phases      ] GC(170)     Total                          Min: 0, Avg:  0.0, Max: 0, Diff: 0, Sum: 0, Workers: 4
[626.312s][debug][gc,phases      ] GC(170)   StringDedup Table Weak         Min:  0.0, Avg:  0.0, Max:  0.0, Diff:  0.0, Sum:  0.0, Workers: 4
[626.312s][debug][gc,phases      ] GC(170)     Dead                           Min: 0, Avg:  0.0, Max: 0, Diff: 0, Sum: 0, Workers: 4
[626.312s][debug][gc,phases      ] GC(170)     Total                          Min: 0, Avg:  0.0, Max: 0, Diff: 0, Sum: 0, Workers: 4
[626.312s][debug][gc,phases      ] GC(170)   StringDedup Requests0 Weak     Min:  0.0, Avg:  0.0, Max:  0.0, Diff:  0.0, Sum:  0.0, Workers: 4
[626.312s][debug][gc,phases      ] GC(170)     Dead                           Min: 0, Avg:  0.0, Max: 0, Diff: 0, Sum: 0, Workers: 4
[626.312s][debug][gc,phases      ] GC(170)     Total                          Min: 0, Avg:  0.0, Max: 0, Diff: 0, Sum: 0, Workers: 4
[626.312s][debug][gc,phases      ] GC(170)   StringDedup Requests1 Weak     Min:  0.0, Avg:  0.0, Max:  0.0, Diff:  0.0, Sum:  0.0, Workers: 4
[626.312s][debug][gc,phases      ] GC(170)     Dead                           Min: 0, Avg:  0.0, Max: 0, Diff: 0, Sum: 0, Workers: 4
[626.312s][debug][gc,phases      ] GC(170)     Total                          Min: 0, Avg:  0.0, Max: 0, Diff: 0, Sum: 0, Workers: 4
[626.312s][debug][gc,phases      ] GC(170)   Weak JFR Old Object Samples    Min:  0.0, Avg:  0.0, Max:  0.0, Diff:  0.0, Sum:  0.0, Workers: 4
[626.312s][debug][gc,phases      ] GC(170)     Dead                           Min: 0, Avg:  0.0, Max: 0, Diff: 0, Sum: 0, Workers: 4
[626.312s][debug][gc,phases      ] GC(170)     Total                          Min: 0, Avg:  0.0, Max: 0, Diff: 0, Sum: 0, Workers: 4
[626.312s][debug][gc,phases      ] GC(170) Weak Processing 0.336ms
[626.312s][debug][gc,age         ] GC(170) Desired survivor size 41943040 bytes, new threshold 15 (max threshold 15)
[626.313s][info ][gc,heap        ] GC(170) PSYoungGen: 2012352K(2053632K)->5216K(2051072K) Eden: 2007552K(2007552K)->0K(2007552K) From: 4800K(46080K)->5216K(43520K)
[626.313s][info ][gc,heap        ] GC(170) ParOldGen: 653387K(734720K)->653575K(734720K)
[626.313s][info ][gc,metaspace   ] GC(170) Metaspace: 86043K(86976K)->86043K(86976K) NonClass: 74071K(74560K)->74071K(74560K) Class: 11972K(12416K)->11972K(12416K)
[626.313s][info ][gc             ] GC(170) Pause Young (Allocation Failure) 2603M->643M(2720M) 4.363ms
[626.313s][info ][gc,cpu         ] GC(170) User=0.02s Sys=0.00s Real=0.01s
[626.313s][info ][safepoint      ] Safepoint "ParallelGCFailedAllocation", Time since last: 3243426029 ns, Reaching safepoint: 101703 ns, At safepoint: 4452797 ns, Total: 4554500 ns
[628.313s][info ][safepoint      ] Safepoint "Cleanup", Time since last: 2000134161 ns, Reaching safepoint: 114303 ns, At safepoint: 8700 ns, Total: 123003 ns
[632.313s][info ][safepoint      ] Safepoint "Cleanup", Time since last: 4000307930 ns, Reaching safepoint: 141903 ns, At safepoint: 10701 ns, Total: 152604 ns
[636.314s][info ][safepoint      ] Safepoint "Cleanup", Time since last: 4000312306 ns, Reaching safepoint: 123303 ns, At safepoint: 6200 ns, Total: 129503 ns
[639.314s][info ][safepoint      ] Safepoint "Cleanup", Time since last: 3000262400 ns, Reaching safepoint: 124903 ns, At safepoint: 5800 ns, Total: 130703 ns
[640.314s][info ][safepoint      ] Safepoint "Cleanup", Time since last: 1000098185 ns, Reaching safepoint: 128403 ns, At safepoint: 6900 ns, Total: 135303 ns
[641.315s][info ][safepoint      ] Safepoint "Cleanup", Time since last: 1000101178 ns, Reaching safepoint: 145603 ns, At safepoint: 10600 ns, Total: 156203 ns
[641.470s][info ][gc,start       ] GC(171) Pause Young (Allocation Failure)
[641.473s][debug][gc,phases      ] GC(171) Scavenge 3.268ms
[641.473s][debug][gc,ref         ] GC(171) Skipped phase 1 of Reference Processing: no references
[641.473s][debug][gc,ref         ] GC(171) ReferenceProcessor::execute queues: 1, RefProcThreadModel::Single, marks_oops_alive: false
[641.473s][debug][gc,ref         ] GC(171) Skipped phase 3 of Reference Processing: no references
[641.473s][debug][gc,ref         ] GC(171) ReferenceProcessor::execute queues: 1, RefProcThreadModel::Single, marks_oops_alive: false
[641.473s][debug][gc,phases      ] GC(171) Reference Processing 0.115ms
[641.474s][debug][gc,phases      ] GC(171)   VM Weak                        Min:  0.0, Avg:  0.0, Max:  0.0, Diff:  0.0, Sum:  0.0, Workers: 4
[641.474s][debug][gc,phases      ] GC(171)     Dead                           Min: 0, Avg:  0.0, Max: 0, Diff: 0, Sum: 0, Workers: 4
[641.474s][debug][gc,phases      ] GC(171)     Total                          Min: 0, Avg: 186.2, Max: 745, Diff: 745, Sum: 745, Workers: 4
[641.474s][debug][gc,phases      ] GC(171)   ObjectSynchronizer Weak        Min:  0.0, Avg:  0.0, Max:  0.0, Diff:  0.0, Sum:  0.0, Workers: 4
[641.474s][debug][gc,phases      ] GC(171)     Dead                           Min: 0, Avg:  0.0, Max: 0, Diff: 0, Sum: 0, Workers: 4
[641.474s][debug][gc,phases      ] GC(171)     Total                          Min: 0, Avg: 116.5, Max: 466, Diff: 466, Sum: 466, Workers: 4
[641.474s][debug][gc,phases      ] GC(171)   JVMTI Tag Weak OopStorage      Min:  0.0, Avg:  0.0, Max:  0.0, Diff:  0.0, Sum:  0.0, Workers: 4
[641.474s][debug][gc,phases      ] GC(171)     Dead                           Min: 0, Avg:  0.0, Max: 0, Diff: 0, Sum: 0, Workers: 4
[641.474s][debug][gc,phases      ] GC(171)     Total                          Min: 0, Avg:  0.0, Max: 0, Diff: 0, Sum: 0, Workers: 4
[641.474s][debug][gc,phases      ] GC(171)   StringTable Weak               Min:  0.1, Avg:  0.1, Max:  0.1, Diff:  0.0, Sum:  0.4, Workers: 4
[641.474s][debug][gc,phases      ] GC(171)     Dead                           Min: 0, Avg:  0.0, Max: 0, Diff: 0, Sum: 0, Workers: 4
[641.474s][debug][gc,phases      ] GC(171)     Total                          Min: 11008, Avg: 12140.2, Max: 13504, Diff: 2496, Sum: 48561, Workers: 4
[641.474s][debug][gc,phases      ] GC(171)   ResolvedMethodTable Weak       Min:  0.0, Avg:  0.0, Max:  0.0, Diff:  0.0, Sum:  0.1, Workers: 4
[641.474s][debug][gc,phases      ] GC(171)     Dead                           Min: 0, Avg:  0.0, Max: 0, Diff: 0, Sum: 0, Workers: 4
[641.474s][debug][gc,phases      ] GC(171)     Total                          Min: 2112, Avg: 2243.8, Max: 2304, Diff: 192, Sum: 8975, Workers: 4
[641.474s][debug][gc,phases      ] GC(171)   JNI Weak                       Min:  0.0, Avg:  0.0, Max:  0.0, Diff:  0.0, Sum:  0.0, Workers: 4
[641.474s][debug][gc,phases      ] GC(171)     Dead                           Min: 0, Avg:  0.0, Max: 0, Diff: 0, Sum: 0, Workers: 4
[641.474s][debug][gc,phases      ] GC(171)     Total                          Min: 0, Avg:  0.0, Max: 0, Diff: 0, Sum: 0, Workers: 4
[641.474s][debug][gc,phases      ] GC(171)   StringDedup Table Weak         Min:  0.0, Avg:  0.0, Max:  0.0, Diff:  0.0, Sum:  0.0, Workers: 4
[641.474s][debug][gc,phases      ] GC(171)     Dead                           Min: 0, Avg:  0.0, Max: 0, Diff: 0, Sum: 0, Workers: 4
[641.474s][debug][gc,phases      ] GC(171)     Total                          Min: 0, Avg:  0.0, Max: 0, Diff: 0, Sum: 0, Workers: 4
[641.474s][debug][gc,phases      ] GC(171)   StringDedup Requests0 Weak     Min:  0.0, Avg:  0.0, Max:  0.0, Diff:  0.0, Sum:  0.0, Workers: 4
[641.474s][debug][gc,phases      ] GC(171)     Dead                           Min: 0, Avg:  0.0, Max: 0, Diff: 0, Sum: 0, Workers: 4
[641.474s][debug][gc,phases      ] GC(171)     Total                          Min: 0, Avg:  0.0, Max: 0, Diff: 0, Sum: 0, Workers: 4
[641.474s][debug][gc,phases      ] GC(171)   StringDedup Requests1 Weak     Min:  0.0, Avg:  0.0, Max:  0.0, Diff:  0.0, Sum:  0.0, Workers: 4
[641.474s][debug][gc,phases      ] GC(171)     Dead                           Min: 0, Avg:  0.0, Max: 0, Diff: 0, Sum: 0, Workers: 4
[641.474s][debug][gc,phases      ] GC(171)     Total                          Min: 0, Avg:  0.0, Max: 0, Diff: 0, Sum: 0, Workers: 4
[641.474s][debug][gc,phases      ] GC(171)   Weak JFR Old Object Samples    Min:  0.0, Avg:  0.0, Max:  0.0, Diff:  0.0, Sum:  0.0, Workers: 4
[641.474s][debug][gc,phases      ] GC(171)     Dead                           Min: 0, Avg:  0.0, Max: 0, Diff: 0, Sum: 0, Workers: 4
[641.474s][debug][gc,phases      ] GC(171)     Total                          Min: 0, Avg:  0.0, Max: 0, Diff: 0, Sum: 0, Workers: 4
[641.474s][debug][gc,phases      ] GC(171) Weak Processing 0.343ms
[641.474s][debug][gc,age         ] GC(171) Desired survivor size 39321600 bytes, new threshold 15 (max threshold 15)
[641.474s][info ][gc,heap        ] GC(171) PSYoungGen: 2012768K(2051072K)->4512K(2058752K) Eden: 2007552K(2007552K)->0K(2017792K) From: 5216K(43520K)->4512K(40960K)
[641.474s][info ][gc,heap        ] GC(171) ParOldGen: 653575K(734720K)->653639K(734720K)
[641.474s][info ][gc,metaspace   ] GC(171) Metaspace: 86078K(86976K)->86078K(86976K) NonClass: 74105K(74560K)->74105K(74560K) Class: 11973K(12416K)->11973K(12416K)
[641.474s][info ][gc             ] GC(171) Pause Young (Allocation Failure) 2603M->642M(2728M) 3.853ms
[641.474s][info ][gc,cpu         ] GC(171) User=0.02s Sys=0.00s Real=0.01s
[641.474s][info ][safepoint      ] Safepoint "ParallelGCFailedAllocation", Time since last: 155236780 ns, Reaching safepoint: 28000 ns, At safepoint: 3929486 ns, Total: 3957486 ns
[642.474s][info ][safepoint      ] Safepoint "Cleanup", Time since last: 1000084768 ns, Reaching safepoint: 53801 ns, At safepoint: 4900 ns, Total: 58701 ns
[643.474s][info ][safepoint      ] Safepoint "Cleanup", Time since last: 1000066161 ns, Reaching safepoint: 55701 ns, At safepoint: 2900 ns, Total: 58601 ns
[645.474s][info ][safepoint      ] Safepoint "Cleanup", Time since last: 2000159499 ns, Reaching safepoint: 79302 ns, At safepoint: 20000 ns, Total: 99302 ns
[646.475s][info ][safepoint      ] Safepoint "Cleanup", Time since last: 1000106239 ns, Reaching safepoint: 125902 ns, At safepoint: 7701 ns, Total: 133603 ns
[647.475s][info ][safepoint      ] Safepoint "Cleanup", Time since last: 1000101131 ns, Reaching safepoint: 56701 ns, At safepoint: 5900 ns, Total: 62601 ns
[648.475s][info ][safepoint      ] Safepoint "Cleanup", Time since last: 1000138624 ns, Reaching safepoint: 52501 ns, At safepoint: 3300 ns, Total: 55801 ns
[651.475s][info ][safepoint      ] Safepoint "Cleanup", Time since last: 3000226724 ns, Reaching safepoint: 48701 ns, At safepoint: 8001 ns, Total: 56702 ns
[652.475s][info ][safepoint      ] Safepoint "Cleanup", Time since last: 1000102993 ns, Reaching safepoint: 51901 ns, At safepoint: 3401 ns, Total: 55302 ns
[653.476s][info ][safepoint      ] Safepoint "Cleanup", Time since last: 1000095586 ns, Reaching safepoint: 48401 ns, At safepoint: 8300 ns, Total: 56701 ns
[654.476s][info ][safepoint      ] Safepoint "Cleanup", Time since last: 1000110179 ns, Reaching safepoint: 53801 ns, At safepoint: 13500 ns, Total: 67301 ns
[655.476s][info ][safepoint      ] Safepoint "Cleanup", Time since last: 1000095972 ns, Reaching safepoint: 50801 ns, At safepoint: 3100 ns, Total: 53901 ns
[657.457s][info ][gc,start       ] GC(172) Pause Young (Allocation Failure)
[657.461s][debug][gc,phases      ] GC(172) Scavenge 3.923ms
[657.461s][debug][gc,ref         ] GC(172) Skipped phase 1 of Reference Processing: no references
[657.461s][debug][gc,ref         ] GC(172) ReferenceProcessor::execute queues: 1, RefProcThreadModel::Single, marks_oops_alive: false
[657.461s][debug][gc,ref         ] GC(172) Skipped phase 3 of Reference Processing: no references
[657.461s][debug][gc,ref         ] GC(172) ReferenceProcessor::execute queues: 1, RefProcThreadModel::Single, marks_oops_alive: false
[657.461s][debug][gc,phases      ] GC(172) Reference Processing 0.128ms
[657.461s][debug][gc,phases      ] GC(172)   VM Weak                        Min:  0.0, Avg:  0.0, Max:  0.0, Diff:  0.0, Sum:  0.0, Workers: 4
[657.461s][debug][gc,phases      ] GC(172)     Dead                           Min: 0, Avg:  0.0, Max: 0, Diff: 0, Sum: 0, Workers: 4
[657.461s][debug][gc,phases      ] GC(172)     Total                          Min: 0, Avg: 186.5, Max: 512, Diff: 512, Sum: 746, Workers: 4
[657.461s][debug][gc,phases      ] GC(172)   ObjectSynchronizer Weak        Min:  0.0, Avg:  0.0, Max:  0.0, Diff:  0.0, Sum:  0.0, Workers: 4
[657.461s][debug][gc,phases      ] GC(172)     Dead                           Min: 0, Avg:  0.0, Max: 0, Diff: 0, Sum: 0, Workers: 4
[657.461s][debug][gc,phases      ] GC(172)     Total                          Min: 64, Avg: 116.5, Max: 192, Diff: 128, Sum: 466, Workers: 4
[657.461s][debug][gc,phases      ] GC(172)   JVMTI Tag Weak OopStorage      Min:  0.0, Avg:  0.0, Max:  0.0, Diff:  0.0, Sum:  0.0, Workers: 4
[657.461s][debug][gc,phases      ] GC(172)     Dead                           Min: 0, Avg:  0.0, Max: 0, Diff: 0, Sum: 0, Workers: 4
[657.461s][debug][gc,phases      ] GC(172)     Total                          Min: 0, Avg:  0.0, Max: 0, Diff: 0, Sum: 0, Workers: 4
[657.461s][debug][gc,phases      ] GC(172)   StringTable Weak               Min:  0.1, Avg:  0.1, Max:  0.1, Diff:  0.0, Sum:  0.4, Workers: 4
[657.461s][debug][gc,phases      ] GC(172)     Dead                           Min: 0, Avg:  0.2, Max: 1, Diff: 1, Sum: 1, Workers: 4
[657.461s][debug][gc,phases      ] GC(172)     Total                          Min: 10898, Avg: 12148.5, Max: 14400, Diff: 3502, Sum: 48594, Workers: 4
[657.461s][debug][gc,phases      ] GC(172)   ResolvedMethodTable Weak       Min:  0.0, Avg:  0.0, Max:  0.0, Diff:  0.0, Sum:  0.1, Workers: 4
[657.461s][debug][gc,phases      ] GC(172)     Dead                           Min: 0, Avg:  1.2, Max: 5, Diff: 5, Sum: 5, Workers: 4
[657.461s][debug][gc,phases      ] GC(172)     Total                          Min: 1984, Avg: 2248.5, Max: 2594, Diff: 610, Sum: 8994, Workers: 4
[657.461s][debug][gc,phases      ] GC(172)   JNI Weak                       Min:  0.0, Avg:  0.0, Max:  0.0, Diff:  0.0, Sum:  0.0, Workers: 4
[657.461s][debug][gc,phases      ] GC(172)     Dead                           Min: 0, Avg:  0.0, Max: 0, Diff: 0, Sum: 0, Workers: 4
[657.461s][debug][gc,phases      ] GC(172)     Total                          Min: 0, Avg:  0.0, Max: 0, Diff: 0, Sum: 0, Workers: 4
[657.461s][debug][gc,phases      ] GC(172)   StringDedup Table Weak         Min:  0.0, Avg:  0.0, Max:  0.0, Diff:  0.0, Sum:  0.0, Workers: 4
[657.461s][debug][gc,phases      ] GC(172)     Dead                           Min: 0, Avg:  0.0, Max: 0, Diff: 0, Sum: 0, Workers: 4
[657.461s][debug][gc,phases      ] GC(172)     Total                          Min: 0, Avg:  0.0, Max: 0, Diff: 0, Sum: 0, Workers: 4
[657.461s][debug][gc,phases      ] GC(172)   StringDedup Requests0 Weak     Min:  0.0, Avg:  0.0, Max:  0.0, Diff:  0.0, Sum:  0.0, Workers: 4
[657.461s][debug][gc,phases      ] GC(172)     Dead                           Min: 0, Avg:  0.0, Max: 0, Diff: 0, Sum: 0, Workers: 4
[657.461s][debug][gc,phases      ] GC(172)     Total                          Min: 0, Avg:  0.0, Max: 0, Diff: 0, Sum: 0, Workers: 4
[657.461s][debug][gc,phases      ] GC(172)   StringDedup Requests1 Weak     Min:  0.0, Avg:  0.0, Max:  0.0, Diff:  0.0, Sum:  0.0, Workers: 4
[657.461s][debug][gc,phases      ] GC(172)     Dead                           Min: 0, Avg:  0.0, Max: 0, Diff: 0, Sum: 0, Workers: 4
[657.461s][debug][gc,phases      ] GC(172)     Total                          Min: 0, Avg:  0.0, Max: 0, Diff: 0, Sum: 0, Workers: 4
[657.461s][debug][gc,phases      ] GC(172)   Weak JFR Old Object Samples    Min:  0.0, Avg:  0.0, Max:  0.0, Diff:  0.0, Sum:  0.0, Workers: 4
[657.461s][debug][gc,phases      ] GC(172)     Dead                           Min: 0, Avg:  0.0, Max: 0, Diff: 0, Sum: 0, Workers: 4
[657.461s][debug][gc,phases      ] GC(172)     Total                          Min: 0, Avg:  0.0, Max: 0, Diff: 0, Sum: 0, Workers: 4
[657.461s][debug][gc,phases      ] GC(172) Weak Processing 0.367ms
[657.461s][debug][gc,age         ] GC(172) Desired survivor size 36700160 bytes, new threshold 15 (max threshold 15)
[657.461s][info ][gc,heap        ] GC(172) PSYoungGen: 2022304K(2058752K)->4864K(2056192K) Eden: 2017792K(2017792K)->0K(2017792K) From: 4512K(40960K)->4864K(38400K)
[657.461s][info ][gc,heap        ] GC(172) ParOldGen: 653639K(734720K)->653783K(734720K)
[657.461s][info ][gc,metaspace   ] GC(172) Metaspace: 86262K(87232K)->86262K(87232K) NonClass: 74275K(74816K)->74275K(74816K) Class: 11986K(12416K)->11986K(12416K)
[657.461s][info ][gc             ] GC(172) Pause Young (Allocation Failure) 2613M->643M(2725M) 4.564ms
[657.461s][info ][gc,cpu         ] GC(172) User=0.02s Sys=0.00s Real=0.00s
[657.461s][info ][safepoint      ] Safepoint "ParallelGCFailedAllocation", Time since last: 1980524895 ns, Reaching safepoint: 111202 ns, At safepoint: 4648201 ns, Total: 4759403 ns
[659.461s][info ][safepoint      ] Safepoint "Cleanup", Time since last: 2000156790 ns, Reaching safepoint: 119803 ns, At safepoint: 8300 ns, Total: 128103 ns
[660.462s][info ][safepoint      ] Safepoint "Cleanup", Time since last: 1000097835 ns, Reaching safepoint: 128803 ns, At safepoint: 13600 ns, Total: 142403 ns
[661.462s][info ][safepoint      ] Safepoint "Cleanup", Time since last: 1000100027 ns, Reaching safepoint: 115403 ns, At safepoint: 7900 ns, Total: 123303 ns
[662.462s][info ][safepoint      ] Safepoint "Cleanup", Time since last: 1000076920 ns, Reaching safepoint: 123202 ns, At safepoint: 8501 ns, Total: 131703 ns
[663.462s][info ][safepoint      ] Safepoint "Cleanup", Time since last: 1000093612 ns, Reaching safepoint: 128203 ns, At safepoint: 20200 ns, Total: 148403 ns
[664.463s][info ][safepoint      ] Safepoint "Cleanup", Time since last: 1000121007 ns, Reaching safepoint: 130702 ns, At safepoint: 6401 ns, Total: 137103 ns
[666.463s][info ][safepoint      ] Safepoint "Cleanup", Time since last: 2000216989 ns, Reaching safepoint: 115103 ns, At safepoint: 7100 ns, Total: 122203 ns
[667.463s][info ][safepoint      ] Safepoint "Cleanup", Time since last: 1000103384 ns, Reaching safepoint: 129603 ns, At safepoint: 9400 ns, Total: 139003 ns
[669.463s][info ][safepoint      ] Safepoint "Cleanup", Time since last: 2000170046 ns, Reaching safepoint: 127502 ns, At safepoint: 8401 ns, Total: 135903 ns
[671.464s][info ][safepoint      ] Safepoint "Cleanup", Time since last: 2000193017 ns, Reaching safepoint: 120202 ns, At safepoint: 13301 ns, Total: 133503 ns
[673.654s][info ][gc,start       ] GC(173) Pause Young (Allocation Failure)
[673.658s][debug][gc,phases      ] GC(173) Scavenge 4.115ms
[673.658s][debug][gc,ref         ] GC(173) Skipped phase 1 of Reference Processing: no references
[673.659s][debug][gc,ref         ] GC(173) ReferenceProcessor::execute queues: 1, RefProcThreadModel::Single, marks_oops_alive: false
[673.659s][debug][gc,ref         ] GC(173) Skipped phase 3 of Reference Processing: no references
[673.659s][debug][gc,ref         ] GC(173) ReferenceProcessor::execute queues: 1, RefProcThreadModel::Single, marks_oops_alive: false
[673.659s][debug][gc,phases      ] GC(173) Reference Processing 0.102ms
[673.659s][debug][gc,phases      ] GC(173)   VM Weak                        Min:  0.0, Avg:  0.0, Max:  0.0, Diff:  0.0, Sum:  0.0, Workers: 4
[673.659s][debug][gc,phases      ] GC(173)     Dead                           Min: 0, Avg:  0.0, Max: 0, Diff: 0, Sum: 0, Workers: 4
[673.659s][debug][gc,phases      ] GC(173)     Total                          Min: 0, Avg: 187.5, Max: 576, Diff: 576, Sum: 750, Workers: 4
[673.659s][debug][gc,phases      ] GC(173)   ObjectSynchronizer Weak        Min:  0.0, Avg:  0.0, Max:  0.0, Diff:  0.0, Sum:  0.0, Workers: 4
[673.659s][debug][gc,phases      ] GC(173)     Dead                           Min: 0, Avg:  0.0, Max: 0, Diff: 0, Sum: 0, Workers: 4
[673.659s][debug][gc,phases      ] GC(173)     Total                          Min: 0, Avg: 116.5, Max: 210, Diff: 210, Sum: 466, Workers: 4
[673.659s][debug][gc,phases      ] GC(173)   JVMTI Tag Weak OopStorage      Min:  0.0, Avg:  0.0, Max:  0.0, Diff:  0.0, Sum:  0.0, Workers: 4
[673.659s][debug][gc,phases      ] GC(173)     Dead                           Min: 0, Avg:  0.0, Max: 0, Diff: 0, Sum: 0, Workers: 4
[673.659s][debug][gc,phases      ] GC(173)     Total                          Min: 0, Avg:  0.0, Max: 0, Diff: 0, Sum: 0, Workers: 4
[673.659s][debug][gc,phases      ] GC(173)   StringTable Weak               Min:  0.1, Avg:  0.1, Max:  0.1, Diff:  0.0, Sum:  0.4, Workers: 4
[673.659s][debug][gc,phases      ] GC(173)     Dead                           Min: 0, Avg:  0.0, Max: 0, Diff: 0, Sum: 0, Workers: 4
[673.659s][debug][gc,phases      ] GC(173)     Total                          Min: 11862, Avg: 12149.5, Max: 12800, Diff: 938, Sum: 48598, Workers: 4
[673.659s][debug][gc,phases      ] GC(173)   ResolvedMethodTable Weak       Min:  0.0, Avg:  0.0, Max:  0.0, Diff:  0.0, Sum:  0.1, Workers: 4
[673.659s][debug][gc,phases      ] GC(173)     Dead                           Min: 0, Avg:  0.0, Max: 0, Diff: 0, Sum: 0, Workers: 4
[673.659s][debug][gc,phases      ] GC(173)     Total                          Min: 2112, Avg: 2251.0, Max: 2412, Diff: 300, Sum: 9004, Workers: 4
[673.659s][debug][gc,phases      ] GC(173)   JNI Weak                       Min:  0.0, Avg:  0.0, Max:  0.0, Diff:  0.0, Sum:  0.0, Workers: 4
[673.659s][debug][gc,phases      ] GC(173)     Dead                           Min: 0, Avg:  0.0, Max: 0, Diff: 0, Sum: 0, Workers: 4
[673.659s][debug][gc,phases      ] GC(173)     Total                          Min: 0, Avg:  0.0, Max: 0, Diff: 0, Sum: 0, Workers: 4
[673.659s][debug][gc,phases      ] GC(173)   StringDedup Table Weak         Min:  0.0, Avg:  0.0, Max:  0.0, Diff:  0.0, Sum:  0.0, Workers: 4
[673.659s][debug][gc,phases      ] GC(173)     Dead                           Min: 0, Avg:  0.0, Max: 0, Diff: 0, Sum: 0, Workers: 4
[673.659s][debug][gc,phases      ] GC(173)     Total                          Min: 0, Avg:  0.0, Max: 0, Diff: 0, Sum: 0, Workers: 4
[673.659s][debug][gc,phases      ] GC(173)   StringDedup Requests0 Weak     Min:  0.0, Avg:  0.0, Max:  0.0, Diff:  0.0, Sum:  0.0, Workers: 4
[673.659s][debug][gc,phases      ] GC(173)     Dead                           Min: 0, Avg:  0.0, Max: 0, Diff: 0, Sum: 0, Workers: 4
[673.659s][debug][gc,phases      ] GC(173)     Total                          Min: 0, Avg:  0.0, Max: 0, Diff: 0, Sum: 0, Workers: 4
[673.659s][debug][gc,phases      ] GC(173)   StringDedup Requests1 Weak     Min:  0.0, Avg:  0.0, Max:  0.0, Diff:  0.0, Sum:  0.0, Workers: 4
[673.659s][debug][gc,phases      ] GC(173)     Dead                           Min: 0, Avg:  0.0, Max: 0, Diff: 0, Sum: 0, Workers: 4
[673.659s][debug][gc,phases      ] GC(173)     Total                          Min: 0, Avg:  0.0, Max: 0, Diff: 0, Sum: 0, Workers: 4
[673.659s][debug][gc,phases      ] GC(173)   Weak JFR Old Object Samples    Min:  0.0, Avg:  0.0, Max:  0.0, Diff:  0.0, Sum:  0.0, Workers: 4
[673.659s][debug][gc,phases      ] GC(173)     Dead                           Min: 0, Avg:  0.0, Max: 0, Diff: 0, Sum: 0, Workers: 4
[673.659s][debug][gc,phases      ] GC(173)     Total                          Min: 0, Avg:  0.0, Max: 0, Diff: 0, Sum: 0, Workers: 4
[673.659s][debug][gc,phases      ] GC(173) Weak Processing 0.324ms
[673.659s][debug][gc,age         ] GC(173) Desired survivor size 34603008 bytes, new threshold 15 (max threshold 15)
[673.659s][info ][gc,heap        ] GC(173) PSYoungGen: 2022656K(2056192K)->4896K(2063360K) Eden: 2017792K(2017792K)->0K(2027520K) From: 4864K(38400K)->4896K(35840K)
[673.659s][info ][gc,heap        ] GC(173) ParOldGen: 653783K(734720K)->653903K(734720K)
[673.659s][info ][gc,metaspace   ] GC(173) Metaspace: 86297K(87232K)->86297K(87232K) NonClass: 74308K(74816K)->74308K(74816K) Class: 11989K(12416K)->11989K(12416K)
[673.659s][info ][gc             ] GC(173) Pause Young (Allocation Failure) 2613M->643M(2732M) 4.669ms
[673.659s][info ][gc,cpu         ] GC(173) User=0.02s Sys=0.01s Real=0.00s
[673.659s][info ][safepoint      ] Safepoint "ParallelGCFailedAllocation", Time since last: 2190304683 ns, Reaching safepoint: 114302 ns, At safepoint: 4752702 ns, Total: 4867004 ns
[675.659s][info ][safepoint      ] Safepoint "Cleanup", Time since last: 2000140457 ns, Reaching safepoint: 122002 ns, At safepoint: 10701 ns, Total: 132703 ns
[679.660s][info ][safepoint      ] Safepoint "Cleanup", Time since last: 4000286427 ns, Reaching safepoint: 114203 ns, At safepoint: 24000 ns, Total: 138203 ns
[681.660s][info ][safepoint      ] Safepoint "Cleanup", Time since last: 2000183573 ns, Reaching safepoint: 128603 ns, At safepoint: 12000 ns, Total: 140603 ns
[682.660s][info ][safepoint      ] Safepoint "Cleanup", Time since last: 1000093776 ns, Reaching safepoint: 119102 ns, At safepoint: 7400 ns, Total: 126502 ns
[684.661s][info ][safepoint      ] Safepoint "Cleanup", Time since last: 2000167130 ns, Reaching safepoint: 115403 ns, At safepoint: 6300 ns, Total: 121703 ns
[687.661s][info ][safepoint      ] Safepoint "Cleanup", Time since last: 3000409046 ns, Reaching safepoint: 116303 ns, At safepoint: 9000 ns, Total: 125303 ns
[688.661s][info ][safepoint      ] Safepoint "Cleanup", Time since last: 1000109434 ns, Reaching safepoint: 119903 ns, At safepoint: 6200 ns, Total: 126103 ns
[689.662s][info ][safepoint      ] Safepoint "Cleanup", Time since last: 1000100727 ns, Reaching safepoint: 119803 ns, At safepoint: 6900 ns, Total: 126703 ns
[690.255s][info ][gc,start       ] GC(174) Pause Young (Allocation Failure)
[690.258s][debug][gc,phases      ] GC(174) Scavenge 3.324ms
[690.258s][debug][gc,ref         ] GC(174) Skipped phase 1 of Reference Processing: no references
[690.258s][debug][gc,ref         ] GC(174) ReferenceProcessor::execute queues: 1, RefProcThreadModel::Single, marks_oops_alive: false
[690.258s][debug][gc,ref         ] GC(174) Skipped phase 3 of Reference Processing: no references
[690.258s][debug][gc,ref         ] GC(174) ReferenceProcessor::execute queues: 1, RefProcThreadModel::Single, marks_oops_alive: false
[690.258s][debug][gc,phases      ] GC(174) Reference Processing 0.121ms
[690.258s][debug][gc,phases      ] GC(174)   VM Weak                        Min:  0.0, Avg:  0.0, Max:  0.0, Diff:  0.0, Sum:  0.0, Workers: 4
[690.258s][debug][gc,phases      ] GC(174)     Dead                           Min: 0, Avg:  0.0, Max: 0, Diff: 0, Sum: 0, Workers: 4
[690.258s][debug][gc,phases      ] GC(174)     Total                          Min: 0, Avg: 187.5, Max: 576, Diff: 576, Sum: 750, Workers: 4
[690.258s][debug][gc,phases      ] GC(174)   ObjectSynchronizer Weak        Min:  0.0, Avg:  0.0, Max:  0.0, Diff:  0.0, Sum:  0.0, Workers: 4
[690.258s][debug][gc,phases      ] GC(174)     Dead                           Min: 0, Avg:  0.0, Max: 0, Diff: 0, Sum: 0, Workers: 4
[690.258s][debug][gc,phases      ] GC(174)     Total                          Min: 0, Avg: 116.5, Max: 256, Diff: 256, Sum: 466, Workers: 4
[690.258s][debug][gc,phases      ] GC(174)   JVMTI Tag Weak OopStorage      Min:  0.0, Avg:  0.0, Max:  0.0, Diff:  0.0, Sum:  0.0, Workers: 4
[690.258s][debug][gc,phases      ] GC(174)     Dead                           Min: 0, Avg:  0.0, Max: 0, Diff: 0, Sum: 0, Workers: 4
[690.258s][debug][gc,phases      ] GC(174)     Total                          Min: 0, Avg:  0.0, Max: 0, Diff: 0, Sum: 0, Workers: 4
[690.258s][debug][gc,phases      ] GC(174)   StringTable Weak               Min:  0.1, Avg:  0.1, Max:  0.1, Diff:  0.0, Sum:  0.5, Workers: 4
[690.258s][debug][gc,phases      ] GC(174)     Dead                           Min: 0, Avg:  0.0, Max: 0, Diff: 0, Sum: 0, Workers: 4
[690.259s][debug][gc,phases      ] GC(174)     Total                          Min: 11776, Avg: 12149.5, Max: 12864, Diff: 1088, Sum: 48598, Workers: 4
[690.259s][debug][gc,phases      ] GC(174)   ResolvedMethodTable Weak       Min:  0.0, Avg:  0.0, Max:  0.0, Diff:  0.0, Sum:  0.1, Workers: 4
[690.259s][debug][gc,phases      ] GC(174)     Dead                           Min: 0, Avg:  0.0, Max: 0, Diff: 0, Sum: 0, Workers: 4
[690.259s][debug][gc,phases      ] GC(174)     Total                          Min: 2092, Avg: 2251.0, Max: 2304, Diff: 212, Sum: 9004, Workers: 4
[690.259s][debug][gc,phases      ] GC(174)   JNI Weak                       Min:  0.0, Avg:  0.0, Max:  0.0, Diff:  0.0, Sum:  0.0, Workers: 4
[690.259s][debug][gc,phases      ] GC(174)     Dead                           Min: 0, Avg:  0.0, Max: 0, Diff: 0, Sum: 0, Workers: 4
[690.259s][debug][gc,phases      ] GC(174)     Total                          Min: 0, Avg:  0.0, Max: 0, Diff: 0, Sum: 0, Workers: 4
[690.259s][debug][gc,phases      ] GC(174)   StringDedup Table Weak         Min:  0.0, Avg:  0.0, Max:  0.0, Diff:  0.0, Sum:  0.0, Workers: 4
[690.259s][debug][gc,phases      ] GC(174)     Dead                           Min: 0, Avg:  0.0, Max: 0, Diff: 0, Sum: 0, Workers: 4
[690.259s][debug][gc,phases      ] GC(174)     Total                          Min: 0, Avg:  0.0, Max: 0, Diff: 0, Sum: 0, Workers: 4
[690.259s][debug][gc,phases      ] GC(174)   StringDedup Requests0 Weak     Min:  0.0, Avg:  0.0, Max:  0.0, Diff:  0.0, Sum:  0.0, Workers: 4
[690.259s][debug][gc,phases      ] GC(174)     Dead                           Min: 0, Avg:  0.0, Max: 0, Diff: 0, Sum: 0, Workers: 4
[690.259s][debug][gc,phases      ] GC(174)     Total                          Min: 0, Avg:  0.0, Max: 0, Diff: 0, Sum: 0, Workers: 4
[690.259s][debug][gc,phases      ] GC(174)   StringDedup Requests1 Weak     Min:  0.0, Avg:  0.0, Max:  0.0, Diff:  0.0, Sum:  0.0, Workers: 4
[690.259s][debug][gc,phases      ] GC(174)     Dead                           Min: 0, Avg:  0.0, Max: 0, Diff: 0, Sum: 0, Workers: 4
[690.259s][debug][gc,phases      ] GC(174)     Total                          Min: 0, Avg:  0.0, Max: 0, Diff: 0, Sum: 0, Workers: 4
[690.259s][debug][gc,phases      ] GC(174)   Weak JFR Old Object Samples    Min:  0.0, Avg:  0.0, Max:  0.0, Diff:  0.0, Sum:  0.0, Workers: 4
[690.259s][debug][gc,phases      ] GC(174)     Dead                           Min: 0, Avg:  0.0, Max: 0, Diff: 0, Sum: 0, Workers: 4
[690.259s][debug][gc,phases      ] GC(174)     Total                          Min: 0, Avg:  0.0, Max: 0, Diff: 0, Sum: 0, Workers: 4
[690.259s][debug][gc,phases      ] GC(174) Weak Processing 0.348ms
[690.259s][debug][gc,age         ] GC(174) Desired survivor size 32505856 bytes, new threshold 15 (max threshold 15)
[690.259s][info ][gc,heap        ] GC(174) PSYoungGen: 2032416K(2063360K)->4976K(2061312K) Eden: 2027520K(2027520K)->0K(2027520K) From: 4896K(35840K)->4976K(33792K)
[690.259s][info ][gc,heap        ] GC(174) ParOldGen: 653903K(734720K)->654027K(734720K)
[690.259s][info ][gc,metaspace   ] GC(174) Metaspace: 86315K(87296K)->86315K(87296K) NonClass: 74325K(74880K)->74325K(74880K) Class: 11989K(12416K)->11989K(12416K)
[690.259s][info ][gc             ] GC(174) Pause Young (Allocation Failure) 2623M->643M(2730M) 3.925ms
[690.259s][info ][gc,cpu         ] GC(174) User=0.02s Sys=0.00s Real=0.00s
[690.259s][info ][safepoint      ] Safepoint "ParallelGCFailedAllocation", Time since last: 593002002 ns, Reaching safepoint: 149903 ns, At safepoint: 4008986 ns, Total: 4158889 ns
[692.259s][info ][safepoint      ] Safepoint "Cleanup", Time since last: 2000156924 ns, Reaching safepoint: 128103 ns, At safepoint: 10000 ns, Total: 138103 ns
[693.259s][info ][safepoint      ] Safepoint "Cleanup", Time since last: 1000101903 ns, Reaching safepoint: 147103 ns, At safepoint: 7800 ns, Total: 154903 ns
[694.259s][info ][safepoint      ] Safepoint "Cleanup", Time since last: 1000115996 ns, Reaching safepoint: 117702 ns, At safepoint: 7500 ns, Total: 125202 ns
[697.260s][info ][safepoint      ] Safepoint "Cleanup", Time since last: 3000193544 ns, Reaching safepoint: 117702 ns, At safepoint: 26001 ns, Total: 143703 ns
[699.260s][info ][safepoint      ] Safepoint "Cleanup", Time since last: 2000168829 ns, Reaching safepoint: 110202 ns, At safepoint: 7601 ns, Total: 117803 ns
[701.260s][info ][safepoint      ] Safepoint "Cleanup", Time since last: 2000158801 ns, Reaching safepoint: 112203 ns, At safepoint: 11600 ns, Total: 123803 ns
[702.261s][info ][safepoint      ] Safepoint "Cleanup", Time since last: 1000094241 ns, Reaching safepoint: 100602 ns, At safepoint: 7600 ns, Total: 108202 ns
[704.261s][info ][safepoint      ] Safepoint "Cleanup", Time since last: 2000172862 ns, Reaching safepoint: 128903 ns, At safepoint: 13900 ns, Total: 142803 ns
[705.504s][info ][gc,start       ] GC(175) Pause Young (Allocation Failure)
[705.508s][debug][gc,phases      ] GC(175) Scavenge 3.187ms
[705.508s][debug][gc,ref         ] GC(175) Skipped phase 1 of Reference Processing: no references
[705.508s][debug][gc,ref         ] GC(175) ReferenceProcessor::execute queues: 1, RefProcThreadModel::Single, marks_oops_alive: false
[705.508s][debug][gc,ref         ] GC(175) Skipped phase 3 of Reference Processing: no references
[705.508s][debug][gc,ref         ] GC(175) ReferenceProcessor::execute queues: 1, RefProcThreadModel::Single, marks_oops_alive: false
[705.508s][debug][gc,phases      ] GC(175) Reference Processing 0.123ms
[705.508s][debug][gc,phases      ] GC(175)   VM Weak                        Min:  0.0, Avg:  0.0, Max:  0.0, Diff:  0.0, Sum:  0.0, Workers: 4
[705.508s][debug][gc,phases      ] GC(175)     Dead                           Min: 0, Avg:  0.0, Max: 0, Diff: 0, Sum: 0, Workers: 4
[705.508s][debug][gc,phases      ] GC(175)     Total                          Min: 0, Avg: 187.8, Max: 495, Diff: 495, Sum: 751, Workers: 4
[705.508s][debug][gc,phases      ] GC(175)   ObjectSynchronizer Weak        Min:  0.0, Avg:  0.0, Max:  0.0, Diff:  0.0, Sum:  0.0, Workers: 4
[705.508s][debug][gc,phases      ] GC(175)     Dead                           Min: 0, Avg:  0.0, Max: 0, Diff: 0, Sum: 0, Workers: 4
[705.508s][debug][gc,phases      ] GC(175)     Total                          Min: 0, Avg: 116.5, Max: 274, Diff: 274, Sum: 466, Workers: 4
[705.508s][debug][gc,phases      ] GC(175)   JVMTI Tag Weak OopStorage      Min:  0.0, Avg:  0.0, Max:  0.0, Diff:  0.0, Sum:  0.0, Workers: 4
[705.508s][debug][gc,phases      ] GC(175)     Dead                           Min: 0, Avg:  0.0, Max: 0, Diff: 0, Sum: 0, Workers: 4
[705.508s][debug][gc,phases      ] GC(175)     Total                          Min: 0, Avg:  0.0, Max: 0, Diff: 0, Sum: 0, Workers: 4
[705.508s][debug][gc,phases      ] GC(175)   StringTable Weak               Min:  0.1, Avg:  0.1, Max:  0.1, Diff:  0.0, Sum:  0.4, Workers: 4
[705.508s][debug][gc,phases      ] GC(175)     Dead                           Min: 0, Avg:  0.0, Max: 0, Diff: 0, Sum: 0, Workers: 4
[705.508s][debug][gc,phases      ] GC(175)     Total                          Min: 11776, Avg: 12153.8, Max: 12736, Diff: 960, Sum: 48615, Workers: 4
[705.508s][debug][gc,phases      ] GC(175)   ResolvedMethodTable Weak       Min:  0.0, Avg:  0.0, Max:  0.0, Diff:  0.0, Sum:  0.1, Workers: 4
[705.508s][debug][gc,phases      ] GC(175)     Dead                           Min: 0, Avg:  0.0, Max: 0, Diff: 0, Sum: 0, Workers: 4
[705.508s][debug][gc,phases      ] GC(175)     Total                          Min: 2240, Avg: 2252.8, Max: 2291, Diff: 51, Sum: 9011, Workers: 4
[705.508s][debug][gc,phases      ] GC(175)   JNI Weak                       Min:  0.0, Avg:  0.0, Max:  0.0, Diff:  0.0, Sum:  0.0, Workers: 4
[705.508s][debug][gc,phases      ] GC(175)     Dead                           Min: 0, Avg:  0.0, Max: 0, Diff: 0, Sum: 0, Workers: 4
[705.508s][debug][gc,phases      ] GC(175)     Total                          Min: 0, Avg:  0.0, Max: 0, Diff: 0, Sum: 0, Workers: 4
[705.508s][debug][gc,phases      ] GC(175)   StringDedup Table Weak         Min:  0.0, Avg:  0.0, Max:  0.0, Diff:  0.0, Sum:  0.0, Workers: 4
[705.508s][debug][gc,phases      ] GC(175)     Dead                           Min: 0, Avg:  0.0, Max: 0, Diff: 0, Sum: 0, Workers: 4
[705.508s][debug][gc,phases      ] GC(175)     Total                          Min: 0, Avg:  0.0, Max: 0, Diff: 0, Sum: 0, Workers: 4
[705.508s][debug][gc,phases      ] GC(175)   StringDedup Requests0 Weak     Min:  0.0, Avg:  0.0, Max:  0.0, Diff:  0.0, Sum:  0.0, Workers: 4
[705.508s][debug][gc,phases      ] GC(175)     Dead                           Min: 0, Avg:  0.0, Max: 0, Diff: 0, Sum: 0, Workers: 4
[705.508s][debug][gc,phases      ] GC(175)     Total                          Min: 0, Avg:  0.0, Max: 0, Diff: 0, Sum: 0, Workers: 4
[705.508s][debug][gc,phases      ] GC(175)   StringDedup Requests1 Weak     Min:  0.0, Avg:  0.0, Max:  0.0, Diff:  0.0, Sum:  0.0, Workers: 4
[705.508s][debug][gc,phases      ] GC(175)     Dead                           Min: 0, Avg:  0.0, Max: 0, Diff: 0, Sum: 0, Workers: 4
[705.508s][debug][gc,phases      ] GC(175)     Total                          Min: 0, Avg:  0.0, Max: 0, Diff: 0, Sum: 0, Workers: 4
[705.508s][debug][gc,phases      ] GC(175)   Weak JFR Old Object Samples    Min:  0.0, Avg:  0.0, Max:  0.0, Diff:  0.0, Sum:  0.0, Workers: 4
[705.508s][debug][gc,phases      ] GC(175)     Dead                           Min: 0, Avg:  0.0, Max: 0, Diff: 0, Sum: 0, Workers: 4
[705.508s][debug][gc,phases      ] GC(175)     Total                          Min: 0, Avg:  0.0, Max: 0, Diff: 0, Sum: 0, Workers: 4
[705.508s][debug][gc,phases      ] GC(175) Weak Processing 0.325ms
[705.508s][debug][gc,age         ] GC(175) Desired survivor size 30408704 bytes, new threshold 15 (max threshold 15)
[705.508s][info ][gc,heap        ] GC(175) PSYoungGen: 2032496K(2061312K)->5024K(2067456K) Eden: 2027520K(2027520K)->0K(2035712K) From: 4976K(33792K)->5024K(31744K)
[705.508s][info ][gc,heap        ] GC(175) ParOldGen: 654027K(734720K)->654139K(734720K)
[705.508s][info ][gc,metaspace   ] GC(175) Metaspace: 86324K(87296K)->86324K(87296K) NonClass: 74332K(74880K)->74332K(74880K) Class: 11992K(12416K)->11992K(12416K)
[705.508s][info ][gc             ] GC(175) Pause Young (Allocation Failure) 2623M->643M(2736M) 3.761ms
[705.508s][info ][gc,cpu         ] GC(175) User=0.02s Sys=0.00s Real=0.00s
[705.508s][info ][safepoint      ] Safepoint "ParallelGCFailedAllocation", Time since last: 1243238604 ns, Reaching safepoint: 101902 ns, At safepoint: 3846982 ns, Total: 3948884 ns
[706.508s][info ][safepoint      ] Safepoint "Cleanup", Time since last: 1000086512 ns, Reaching safepoint: 121503 ns, At safepoint: 7600 ns, Total: 129103 ns
[707.508s][info ][safepoint      ] Safepoint "Cleanup", Time since last: 1000096206 ns, Reaching safepoint: 96302 ns, At safepoint: 7400 ns, Total: 103702 ns
[710.509s][info ][safepoint      ] Safepoint "Cleanup", Time since last: 3000246077 ns, Reaching safepoint: 124903 ns, At safepoint: 8000 ns, Total: 132903 ns
[712.509s][info ][safepoint      ] Safepoint "Cleanup", Time since last: 2000191152 ns, Reaching safepoint: 129403 ns, At safepoint: 14800 ns, Total: 144203 ns
[713.509s][info ][safepoint      ] Safepoint "Cleanup", Time since last: 1000109766 ns, Reaching safepoint: 143903 ns, At safepoint: 14001 ns, Total: 157904 ns
[714.510s][info ][safepoint      ] Safepoint "Cleanup", Time since last: 1000109160 ns, Reaching safepoint: 128602 ns, At safepoint: 8400 ns, Total: 137002 ns
[715.510s][info ][safepoint      ] Safepoint "Cleanup", Time since last: 1000094553 ns, Reaching safepoint: 123403 ns, At safepoint: 6200 ns, Total: 129603 ns
[716.510s][info ][safepoint      ] Safepoint "Cleanup", Time since last: 1000093446 ns, Reaching safepoint: 121003 ns, At safepoint: 6000 ns, Total: 127003 ns
[717.510s][info ][safepoint      ] Safepoint "Cleanup", Time since last: 1000102740 ns, Reaching safepoint: 122503 ns, At safepoint: 10000 ns, Total: 132503 ns
[719.511s][info ][safepoint      ] Safepoint "Cleanup", Time since last: 2000157359 ns, Reaching safepoint: 122903 ns, At safepoint: 12000 ns, Total: 134903 ns
[720.907s][info ][gc,start       ] GC(176) Pause Young (Allocation Failure)
[720.911s][debug][gc,phases      ] GC(176) Scavenge 3.261ms
[720.911s][debug][gc,ref         ] GC(176) Skipped phase 1 of Reference Processing: no references
[720.911s][debug][gc,ref         ] GC(176) ReferenceProcessor::execute queues: 1, RefProcThreadModel::Single, marks_oops_alive: false
[720.911s][debug][gc,ref         ] GC(176) Skipped phase 3 of Reference Processing: no references
[720.911s][debug][gc,ref         ] GC(176) ReferenceProcessor::execute queues: 1, RefProcThreadModel::Single, marks_oops_alive: false
[720.911s][debug][gc,phases      ] GC(176) Reference Processing 0.125ms
[720.911s][debug][gc,phases      ] GC(176)   VM Weak                        Min:  0.0, Avg:  0.0, Max:  0.0, Diff:  0.0, Sum:  0.0, Workers: 4
[720.911s][debug][gc,phases      ] GC(176)     Dead                           Min: 0, Avg:  0.0, Max: 0, Diff: 0, Sum: 0, Workers: 4
[720.911s][debug][gc,phases      ] GC(176)     Total                          Min: 0, Avg: 187.8, Max: 559, Diff: 559, Sum: 751, Workers: 4
[720.911s][debug][gc,phases      ] GC(176)   ObjectSynchronizer Weak        Min:  0.0, Avg:  0.0, Max:  0.0, Diff:  0.0, Sum:  0.0, Workers: 4
[720.911s][debug][gc,phases      ] GC(176)     Dead                           Min: 0, Avg:  0.0, Max: 0, Diff: 0, Sum: 0, Workers: 4
[720.911s][debug][gc,phases      ] GC(176)     Total                          Min: 0, Avg: 116.5, Max: 256, Diff: 256, Sum: 466, Workers: 4
[720.911s][debug][gc,phases      ] GC(176)   JVMTI Tag Weak OopStorage      Min:  0.0, Avg:  0.0, Max:  0.0, Diff:  0.0, Sum:  0.0, Workers: 4
[720.911s][debug][gc,phases      ] GC(176)     Dead                           Min: 0, Avg:  0.0, Max: 0, Diff: 0, Sum: 0, Workers: 4
[720.911s][debug][gc,phases      ] GC(176)     Total                          Min: 0, Avg:  0.0, Max: 0, Diff: 0, Sum: 0, Workers: 4
[720.911s][debug][gc,phases      ] GC(176)   StringTable Weak               Min:  0.1, Avg:  0.1, Max:  0.1, Diff:  0.0, Sum:  0.4, Workers: 4
[720.911s][debug][gc,phases      ] GC(176)     Dead                           Min: 0, Avg:  0.0, Max: 0, Diff: 0, Sum: 0, Workers: 4
[720.911s][debug][gc,phases      ] GC(176)     Total                          Min: 11371, Avg: 12154.8, Max: 13120, Diff: 1749, Sum: 48619, Workers: 4
[720.911s][debug][gc,phases      ] GC(176)   ResolvedMethodTable Weak       Min:  0.0, Avg:  0.0, Max:  0.0, Diff:  0.0, Sum:  0.1, Workers: 4
[720.911s][debug][gc,phases      ] GC(176)     Dead                           Min: 0, Avg:  0.0, Max: 0, Diff: 0, Sum: 0, Workers: 4
[720.911s][debug][gc,phases      ] GC(176)     Total                          Min: 2176, Avg: 2252.8, Max: 2368, Diff: 192, Sum: 9011, Workers: 4
[720.911s][debug][gc,phases      ] GC(176)   JNI Weak                       Min:  0.0, Avg:  0.0, Max:  0.0, Diff:  0.0, Sum:  0.0, Workers: 4
[720.911s][debug][gc,phases      ] GC(176)     Dead                           Min: 0, Avg:  0.0, Max: 0, Diff: 0, Sum: 0, Workers: 4
[720.911s][debug][gc,phases      ] GC(176)     Total                          Min: 0, Avg:  0.0, Max: 0, Diff: 0, Sum: 0, Workers: 4
[720.911s][debug][gc,phases      ] GC(176)   StringDedup Table Weak         Min:  0.0, Avg:  0.0, Max:  0.0, Diff:  0.0, Sum:  0.0, Workers: 4
[720.911s][debug][gc,phases      ] GC(176)     Dead                           Min: 0, Avg:  0.0, Max: 0, Diff: 0, Sum: 0, Workers: 4
[720.911s][debug][gc,phases      ] GC(176)     Total                          Min: 0, Avg:  0.0, Max: 0, Diff: 0, Sum: 0, Workers: 4
[720.911s][debug][gc,phases      ] GC(176)   StringDedup Requests0 Weak     Min:  0.0, Avg:  0.0, Max:  0.0, Diff:  0.0, Sum:  0.0, Workers: 4
[720.911s][debug][gc,phases      ] GC(176)     Dead                           Min: 0, Avg:  0.0, Max: 0, Diff: 0, Sum: 0, Workers: 4
[720.911s][debug][gc,phases      ] GC(176)     Total                          Min: 0, Avg:  0.0, Max: 0, Diff: 0, Sum: 0, Workers: 4
[720.911s][debug][gc,phases      ] GC(176)   StringDedup Requests1 Weak     Min:  0.0, Avg:  0.0, Max:  0.0, Diff:  0.0, Sum:  0.0, Workers: 4
[720.911s][debug][gc,phases      ] GC(176)     Dead                           Min: 0, Avg:  0.0, Max: 0, Diff: 0, Sum: 0, Workers: 4
[720.911s][debug][gc,phases      ] GC(176)     Total                          Min: 0, Avg:  0.0, Max: 0, Diff: 0, Sum: 0, Workers: 4
[720.911s][debug][gc,phases      ] GC(176)   Weak JFR Old Object Samples    Min:  0.0, Avg:  0.0, Max:  0.0, Diff:  0.0, Sum:  0.0, Workers: 4
[720.911s][debug][gc,phases      ] GC(176)     Dead                           Min: 0, Avg:  0.0, Max: 0, Diff: 0, Sum: 0, Workers: 4
[720.911s][debug][gc,phases      ] GC(176)     Total                          Min: 0, Avg:  0.0, Max: 0, Diff: 0, Sum: 0, Workers: 4
[720.911s][debug][gc,phases      ] GC(176) Weak Processing 0.324ms
[720.911s][debug][gc,age         ] GC(176) Desired survivor size 28311552 bytes, new threshold 15 (max threshold 15)
[720.911s][info ][gc,heap        ] GC(176) PSYoungGen: 2040736K(2067456K)->5136K(2065408K) Eden: 2035712K(2035712K)->0K(2035712K) From: 5024K(31744K)->5136K(29696K)
[720.911s][info ][gc,heap        ] GC(176) ParOldGen: 654139K(734720K)->654203K(734720K)
[720.911s][info ][gc,metaspace   ] GC(176) Metaspace: 86358K(87296K)->86358K(87296K) NonClass: 74366K(74880K)->74366K(74880K) Class: 11992K(12416K)->11992K(12416K)
[720.911s][info ][gc             ] GC(176) Pause Young (Allocation Failure) 2631M->643M(2734M) 3.844ms
[720.911s][info ][gc,cpu         ] GC(176) User=0.01s Sys=0.00s Real=0.01s
[720.911s][info ][safepoint      ] Safepoint "ParallelGCFailedAllocation", Time since last: 1396502430 ns, Reaching safepoint: 123003 ns, At safepoint: 3923983 ns, Total: 4046986 ns
[721.911s][info ][safepoint      ] Safepoint "Cleanup", Time since last: 1000048910 ns, Reaching safepoint: 118603 ns, At safepoint: 13600 ns, Total: 132203 ns
[725.912s][info ][safepoint      ] Safepoint "Cleanup", Time since last: 4000307379 ns, Reaching safepoint: 127502 ns, At safepoint: 12701 ns, Total: 140203 ns
[727.912s][info ][safepoint      ] Safepoint "Cleanup", Time since last: 2000167051 ns, Reaching safepoint: 119002 ns, At safepoint: 6100 ns, Total: 125102 ns
[729.912s][info ][safepoint      ] Safepoint "Cleanup", Time since last: 2000159725 ns, Reaching safepoint: 128603 ns, At safepoint: 11500 ns, Total: 140103 ns
[730.913s][info ][safepoint      ] Safepoint "Cleanup", Time since last: 1000095654 ns, Reaching safepoint: 117102 ns, At safepoint: 10200 ns, Total: 127302 ns
[735.913s][info ][safepoint      ] Safepoint "Cleanup", Time since last: 5000402570 ns, Reaching safepoint: 124903 ns, At safepoint: 14100 ns, Total: 139003 ns
[737.706s][info ][gc,start       ] GC(177) Pause Young (Allocation Failure)
[737.710s][debug][gc,phases      ] GC(177) Scavenge 3.748ms
[737.710s][debug][gc,ref         ] GC(177) Skipped phase 1 of Reference Processing: no references
[737.710s][debug][gc,ref         ] GC(177) ReferenceProcessor::execute queues: 1, RefProcThreadModel::Single, marks_oops_alive: false
[737.710s][debug][gc,ref         ] GC(177) Skipped phase 3 of Reference Processing: no references
[737.710s][debug][gc,ref         ] GC(177) ReferenceProcessor::execute queues: 1, RefProcThreadModel::Single, marks_oops_alive: false
[737.710s][debug][gc,phases      ] GC(177) Reference Processing 0.140ms
[737.710s][debug][gc,phases      ] GC(177)   VM Weak                        Min:  0.0, Avg:  0.0, Max:  0.0, Diff:  0.0, Sum:  0.0, Workers: 4
[737.710s][debug][gc,phases      ] GC(177)     Dead                           Min: 0, Avg:  0.0, Max: 0, Diff: 0, Sum: 0, Workers: 4
[737.710s][debug][gc,phases      ] GC(177)     Total                          Min: 0, Avg: 187.8, Max: 559, Diff: 559, Sum: 751, Workers: 4
[737.710s][debug][gc,phases      ] GC(177)   ObjectSynchronizer Weak        Min:  0.0, Avg:  0.0, Max:  0.0, Diff:  0.0, Sum:  0.0, Workers: 4
[737.710s][debug][gc,phases      ] GC(177)     Dead                           Min: 0, Avg:  0.0, Max: 0, Diff: 0, Sum: 0, Workers: 4
[737.710s][debug][gc,phases      ] GC(177)     Total                          Min: 0, Avg: 116.5, Max: 274, Diff: 274, Sum: 466, Workers: 4
[737.710s][debug][gc,phases      ] GC(177)   JVMTI Tag Weak OopStorage      Min:  0.0, Avg:  0.0, Max:  0.0, Diff:  0.0, Sum:  0.0, Workers: 4
[737.710s][debug][gc,phases      ] GC(177)     Dead                           Min: 0, Avg:  0.0, Max: 0, Diff: 0, Sum: 0, Workers: 4
[737.710s][debug][gc,phases      ] GC(177)     Total                          Min: 0, Avg:  0.0, Max: 0, Diff: 0, Sum: 0, Workers: 4
[737.710s][debug][gc,phases      ] GC(177)   StringTable Weak               Min:  0.1, Avg:  0.1, Max:  0.1, Diff:  0.0, Sum:  0.4, Workers: 4
[737.710s][debug][gc,phases      ] GC(177)     Dead                           Min: 0, Avg:  0.0, Max: 0, Diff: 0, Sum: 0, Workers: 4
[737.710s][debug][gc,phases      ] GC(177)     Total                          Min: 11584, Avg: 12155.0, Max: 12588, Diff: 1004, Sum: 48620, Workers: 4
[737.710s][debug][gc,phases      ] GC(177)   ResolvedMethodTable Weak       Min:  0.0, Avg:  0.0, Max:  0.0, Diff:  0.0, Sum:  0.1, Workers: 4
[737.710s][debug][gc,phases      ] GC(177)     Dead                           Min: 0, Avg:  0.0, Max: 0, Diff: 0, Sum: 0, Workers: 4
[737.710s][debug][gc,phases      ] GC(177)     Total                          Min: 2240, Avg: 2252.8, Max: 2291, Diff: 51, Sum: 9011, Workers: 4
[737.710s][debug][gc,phases      ] GC(177)   JNI Weak                       Min:  0.0, Avg:  0.0, Max:  0.0, Diff:  0.0, Sum:  0.0, Workers: 4
[737.710s][debug][gc,phases      ] GC(177)     Dead                           Min: 0, Avg:  0.0, Max: 0, Diff: 0, Sum: 0, Workers: 4
[737.710s][debug][gc,phases      ] GC(177)     Total                          Min: 0, Avg:  0.0, Max: 0, Diff: 0, Sum: 0, Workers: 4
[737.710s][debug][gc,phases      ] GC(177)   StringDedup Table Weak         Min:  0.0, Avg:  0.0, Max:  0.0, Diff:  0.0, Sum:  0.0, Workers: 4
[737.710s][debug][gc,phases      ] GC(177)     Dead                           Min: 0, Avg:  0.0, Max: 0, Diff: 0, Sum: 0, Workers: 4
[737.710s][debug][gc,phases      ] GC(177)     Total                          Min: 0, Avg:  0.0, Max: 0, Diff: 0, Sum: 0, Workers: 4
[737.710s][debug][gc,phases      ] GC(177)   StringDedup Requests0 Weak     Min:  0.0, Avg:  0.0, Max:  0.0, Diff:  0.0, Sum:  0.0, Workers: 4
[737.710s][debug][gc,phases      ] GC(177)     Dead                           Min: 0, Avg:  0.0, Max: 0, Diff: 0, Sum: 0, Workers: 4
[737.710s][debug][gc,phases      ] GC(177)     Total                          Min: 0, Avg:  0.0, Max: 0, Diff: 0, Sum: 0, Workers: 4
[737.710s][debug][gc,phases      ] GC(177)   StringDedup Requests1 Weak     Min:  0.0, Avg:  0.0, Max:  0.0, Diff:  0.0, Sum:  0.0, Workers: 4
[737.710s][debug][gc,phases      ] GC(177)     Dead                           Min: 0, Avg:  0.0, Max: 0, Diff: 0, Sum: 0, Workers: 4
[737.710s][debug][gc,phases      ] GC(177)     Total                          Min: 0, Avg:  0.0, Max: 0, Diff: 0, Sum: 0, Workers: 4
[737.710s][debug][gc,phases      ] GC(177)   Weak JFR Old Object Samples    Min:  0.0, Avg:  0.0, Max:  0.0, Diff:  0.0, Sum:  0.0, Workers: 4
[737.710s][debug][gc,phases      ] GC(177)     Dead                           Min: 0, Avg:  0.0, Max: 0, Diff: 0, Sum: 0, Workers: 4
[737.710s][debug][gc,phases      ] GC(177)     Total                          Min: 0, Avg:  0.0, Max: 0, Diff: 0, Sum: 0, Workers: 4
[737.710s][debug][gc,phases      ] GC(177) Weak Processing 0.347ms
[737.710s][debug][gc,age         ] GC(177) Desired survivor size 26738688 bytes, new threshold 15 (max threshold 15)
[737.710s][info ][gc,heap        ] GC(177) PSYoungGen: 2040848K(2065408K)->5200K(2071040K) Eden: 2035712K(2035712K)->0K(2043392K) From: 5136K(29696K)->5200K(27648K)
[737.710s][info ][gc,heap        ] GC(177) ParOldGen: 654203K(734720K)->654411K(734720K)
[737.710s][info ][gc,metaspace   ] GC(177) Metaspace: 86367K(87296K)->86367K(87296K) NonClass: 74374K(74880K)->74374K(74880K) Class: 11992K(12416K)->11992K(12416K)
[737.710s][info ][gc             ] GC(177) Pause Young (Allocation Failure) 2631M->644M(2740M) 4.358ms
[737.710s][info ][gc,cpu         ] GC(177) User=0.02s Sys=0.00s Real=0.01s
[737.710s][info ][safepoint      ] Safepoint "ParallelGCFailedAllocation", Time since last: 1792699045 ns, Reaching safepoint: 114402 ns, At safepoint: 4440294 ns, Total: 4554696 ns
[738.711s][info ][safepoint      ] Safepoint "Cleanup", Time since last: 1000083704 ns, Reaching safepoint: 115902 ns, At safepoint: 6200 ns, Total: 122102 ns
[741.711s][info ][safepoint      ] Safepoint "Cleanup", Time since last: 3000221373 ns, Reaching safepoint: 105902 ns, At safepoint: 24201 ns, Total: 130103 ns
[748.712s][info ][safepoint      ] Safepoint "Cleanup", Time since last: 7000517819 ns, Reaching safepoint: 118003 ns, At safepoint: 12900 ns, Total: 130903 ns
[749.712s][info ][safepoint      ] Safepoint "Cleanup", Time since last: 1000064935 ns, Reaching safepoint: 112302 ns, At safepoint: 7000 ns, Total: 119302 ns
[752.712s][info ][safepoint      ] Safepoint "Cleanup", Time since last: 3000184669 ns, Reaching safepoint: 123602 ns, At safepoint: 9400 ns, Total: 133002 ns
[753.712s][info ][safepoint      ] Safepoint "Cleanup", Time since last: 1000100312 ns, Reaching safepoint: 109802 ns, At safepoint: 7700 ns, Total: 117502 ns
[755.713s][info ][safepoint      ] Safepoint "Cleanup", Time since last: 2000165704 ns, Reaching safepoint: 111502 ns, At safepoint: 7900 ns, Total: 119402 ns
[756.254s][info ][gc,start       ] GC(178) Pause Young (Allocation Failure)
[756.258s][debug][gc,phases      ] GC(178) Scavenge 3.433ms
[756.258s][debug][gc,ref         ] GC(178) Skipped phase 1 of Reference Processing: no references
[756.258s][debug][gc,ref         ] GC(178) ReferenceProcessor::execute queues: 1, RefProcThreadModel::Single, marks_oops_alive: false
[756.258s][debug][gc,ref         ] GC(178) Skipped phase 3 of Reference Processing: no references
[756.258s][debug][gc,ref         ] GC(178) ReferenceProcessor::execute queues: 1, RefProcThreadModel::Single, marks_oops_alive: false
[756.258s][debug][gc,phases      ] GC(178) Reference Processing 0.123ms
[756.258s][debug][gc,phases      ] GC(178)   VM Weak                        Min:  0.0, Avg:  0.0, Max:  0.0, Diff:  0.0, Sum:  0.0, Workers: 4
[756.258s][debug][gc,phases      ] GC(178)     Dead                           Min: 0, Avg:  0.0, Max: 0, Diff: 0, Sum: 0, Workers: 4
[756.258s][debug][gc,phases      ] GC(178)     Total                          Min: 0, Avg: 187.8, Max: 384, Diff: 384, Sum: 751, Workers: 4
[756.258s][debug][gc,phases      ] GC(178)   ObjectSynchronizer Weak        Min:  0.0, Avg:  0.0, Max:  0.0, Diff:  0.0, Sum:  0.0, Workers: 4
[756.258s][debug][gc,phases      ] GC(178)     Dead                           Min: 0, Avg:  0.0, Max: 0, Diff: 0, Sum: 0, Workers: 4
[756.258s][debug][gc,phases      ] GC(178)     Total                          Min: 0, Avg: 116.5, Max: 192, Diff: 192, Sum: 466, Workers: 4
[756.258s][debug][gc,phases      ] GC(178)   JVMTI Tag Weak OopStorage      Min:  0.0, Avg:  0.0, Max:  0.0, Diff:  0.0, Sum:  0.0, Workers: 4
[756.258s][debug][gc,phases      ] GC(178)     Dead                           Min: 0, Avg:  0.0, Max: 0, Diff: 0, Sum: 0, Workers: 4
[756.258s][debug][gc,phases      ] GC(178)     Total                          Min: 0, Avg:  0.0, Max: 0, Diff: 0, Sum: 0, Workers: 4
[756.258s][debug][gc,phases      ] GC(178)   StringTable Weak               Min:  0.1, Avg:  0.1, Max:  0.1, Diff:  0.0, Sum:  0.4, Workers: 4
[756.258s][debug][gc,phases      ] GC(178)     Dead                           Min: 0, Avg:  0.0, Max: 0, Diff: 0, Sum: 0, Workers: 4
[756.258s][debug][gc,phases      ] GC(178)     Total                          Min: 11840, Avg: 12155.5, Max: 12352, Diff: 512, Sum: 48622, Workers: 4
[756.258s][debug][gc,phases      ] GC(178)   ResolvedMethodTable Weak       Min:  0.0, Avg:  0.0, Max:  0.0, Diff:  0.0, Sum:  0.1, Workers: 4
[756.258s][debug][gc,phases      ] GC(178)     Dead                           Min: 0, Avg:  0.0, Max: 0, Diff: 0, Sum: 0, Workers: 4
[756.258s][debug][gc,phases      ] GC(178)     Total                          Min: 2112, Avg: 2252.8, Max: 2432, Diff: 320, Sum: 9011, Workers: 4
[756.258s][debug][gc,phases      ] GC(178)   JNI Weak                       Min:  0.0, Avg:  0.0, Max:  0.0, Diff:  0.0, Sum:  0.0, Workers: 4
[756.258s][debug][gc,phases      ] GC(178)     Dead                           Min: 0, Avg:  0.0, Max: 0, Diff: 0, Sum: 0, Workers: 4
[756.258s][debug][gc,phases      ] GC(178)     Total                          Min: 0, Avg:  0.0, Max: 0, Diff: 0, Sum: 0, Workers: 4
[756.258s][debug][gc,phases      ] GC(178)   StringDedup Table Weak         Min:  0.0, Avg:  0.0, Max:  0.0, Diff:  0.0, Sum:  0.0, Workers: 4
[756.258s][debug][gc,phases      ] GC(178)     Dead                           Min: 0, Avg:  0.0, Max: 0, Diff: 0, Sum: 0, Workers: 4
[756.258s][debug][gc,phases      ] GC(178)     Total                          Min: 0, Avg:  0.0, Max: 0, Diff: 0, Sum: 0, Workers: 4
[756.258s][debug][gc,phases      ] GC(178)   StringDedup Requests0 Weak     Min:  0.0, Avg:  0.0, Max:  0.0, Diff:  0.0, Sum:  0.0, Workers: 4
[756.258s][debug][gc,phases      ] GC(178)     Dead                           Min: 0, Avg:  0.0, Max: 0, Diff: 0, Sum: 0, Workers: 4
[756.258s][debug][gc,phases      ] GC(178)     Total                          Min: 0, Avg:  0.0, Max: 0, Diff: 0, Sum: 0, Workers: 4
[756.258s][debug][gc,phases      ] GC(178)   StringDedup Requests1 Weak     Min:  0.0, Avg:  0.0, Max:  0.0, Diff:  0.0, Sum:  0.0, Workers: 4
[756.258s][debug][gc,phases      ] GC(178)     Dead                           Min: 0, Avg:  0.0, Max: 0, Diff: 0, Sum: 0, Workers: 4
[756.258s][debug][gc,phases      ] GC(178)     Total                          Min: 0, Avg:  0.0, Max: 0, Diff: 0, Sum: 0, Workers: 4
[756.258s][debug][gc,phases      ] GC(178)   Weak JFR Old Object Samples    Min:  0.0, Avg:  0.0, Max:  0.0, Diff:  0.0, Sum:  0.0, Workers: 4
[756.258s][debug][gc,phases      ] GC(178)     Dead                           Min: 0, Avg:  0.0, Max: 0, Diff: 0, Sum: 0, Workers: 4
[756.258s][debug][gc,phases      ] GC(178)     Total                          Min: 0, Avg:  0.0, Max: 0, Diff: 0, Sum: 0, Workers: 4
[756.258s][debug][gc,phases      ] GC(178) Weak Processing 0.385ms
[756.258s][debug][gc,age         ] GC(178) Desired survivor size 25165824 bytes, new threshold 15 (max threshold 15)
[756.258s][info ][gc,heap        ] GC(178) PSYoungGen: 2048592K(2071040K)->5024K(2069504K) Eden: 2043392K(2043392K)->0K(2043392K) From: 5200K(27648K)->5024K(26112K)
[756.258s][info ][gc,heap        ] GC(178) ParOldGen: 654411K(734720K)->654475K(734720K)
[756.258s][info ][gc,metaspace   ] GC(178) Metaspace: 86368K(87296K)->86368K(87296K) NonClass: 74375K(74880K)->74375K(74880K) Class: 11992K(12416K)->11992K(12416K)
[756.258s][info ][gc             ] GC(178) Pause Young (Allocation Failure) 2639M->644M(2738M) 4.054ms
[756.258s][info ][gc,cpu         ] GC(178) User=0.01s Sys=0.00s Real=0.00s
[756.259s][info ][safepoint      ] Safepoint "ParallelGCFailedAllocation", Time since last: 541609670 ns, Reaching safepoint: 87401 ns, At safepoint: 4136187 ns, Total: 4223588 ns
[760.259s][info ][safepoint      ] Safepoint "Cleanup", Time since last: 4000309121 ns, Reaching safepoint: 117402 ns, At safepoint: 6601 ns, Total: 124003 ns
[764.259s][info ][safepoint      ] Safepoint "Cleanup", Time since last: 4000293724 ns, Reaching safepoint: 132703 ns, At safepoint: 8700 ns, Total: 141403 ns
[768.260s][info ][safepoint      ] Safepoint "Cleanup", Time since last: 4000304529 ns, Reaching safepoint: 120902 ns, At safepoint: 10600 ns, Total: 131502 ns
[775.208s][info ][gc,start       ] GC(179) Pause Young (Allocation Failure)
[775.211s][debug][gc,phases      ] GC(179) Scavenge 3.237ms
[775.211s][debug][gc,ref         ] GC(179) Skipped phase 1 of Reference Processing: no references
[775.211s][debug][gc,ref         ] GC(179) ReferenceProcessor::execute queues: 1, RefProcThreadModel::Single, marks_oops_alive: false
[775.211s][debug][gc,ref         ] GC(179) Skipped phase 3 of Reference Processing: no references
[775.211s][debug][gc,ref         ] GC(179) ReferenceProcessor::execute queues: 1, RefProcThreadModel::Single, marks_oops_alive: false
[775.211s][debug][gc,phases      ] GC(179) Reference Processing 0.120ms
[775.211s][debug][gc,phases      ] GC(179)   VM Weak                        Min:  0.0, Avg:  0.0, Max:  0.0, Diff:  0.0, Sum:  0.0, Workers: 4
[775.211s][debug][gc,phases      ] GC(179)     Dead                           Min: 0, Avg:  0.0, Max: 0, Diff: 0, Sum: 0, Workers: 4
[775.211s][debug][gc,phases      ] GC(179)     Total                          Min: 0, Avg: 187.8, Max: 751, Diff: 751, Sum: 751, Workers: 4
[775.211s][debug][gc,phases      ] GC(179)   ObjectSynchronizer Weak        Min:  0.0, Avg:  0.0, Max:  0.0, Diff:  0.0, Sum:  0.0, Workers: 4
[775.211s][debug][gc,phases      ] GC(179)     Dead                           Min: 0, Avg:  0.0, Max: 0, Diff: 0, Sum: 0, Workers: 4
[775.211s][debug][gc,phases      ] GC(179)     Total                          Min: 0, Avg: 116.5, Max: 338, Diff: 338, Sum: 466, Workers: 4
[775.211s][debug][gc,phases      ] GC(179)   JVMTI Tag Weak OopStorage      Min:  0.0, Avg:  0.0, Max:  0.0, Diff:  0.0, Sum:  0.0, Workers: 4
[775.211s][debug][gc,phases      ] GC(179)     Dead                           Min: 0, Avg:  0.0, Max: 0, Diff: 0, Sum: 0, Workers: 4
[775.211s][debug][gc,phases      ] GC(179)     Total                          Min: 0, Avg:  0.0, Max: 0, Diff: 0, Sum: 0, Workers: 4
[775.211s][debug][gc,phases      ] GC(179)   StringTable Weak               Min:  0.1, Avg:  0.1, Max:  0.1, Diff:  0.0, Sum:  0.4, Workers: 4
[775.211s][debug][gc,phases      ] GC(179)     Dead                           Min: 0, Avg:  0.0, Max: 0, Diff: 0, Sum: 0, Workers: 4
[775.211s][debug][gc,phases      ] GC(179)     Total                          Min: 11392, Avg: 12156.2, Max: 12864, Diff: 1472, Sum: 48625, Workers: 4
[775.211s][debug][gc,phases      ] GC(179)   ResolvedMethodTable Weak       Min:  0.0, Avg:  0.0, Max:  0.0, Diff:  0.0, Sum:  0.1, Workers: 4
[775.211s][debug][gc,phases      ] GC(179)     Dead                           Min: 0, Avg:  0.0, Max: 0, Diff: 0, Sum: 0, Workers: 4
[775.211s][debug][gc,phases      ] GC(179)     Total                          Min: 1984, Avg: 2252.8, Max: 2496, Diff: 512, Sum: 9011, Workers: 4
[775.211s][debug][gc,phases      ] GC(179)   JNI Weak                       Min:  0.0, Avg:  0.0, Max:  0.0, Diff:  0.0, Sum:  0.0, Workers: 4
[775.211s][debug][gc,phases      ] GC(179)     Dead                           Min: 0, Avg:  0.0, Max: 0, Diff: 0, Sum: 0, Workers: 4
[775.211s][debug][gc,phases      ] GC(179)     Total                          Min: 0, Avg:  0.0, Max: 0, Diff: 0, Sum: 0, Workers: 4
[775.211s][debug][gc,phases      ] GC(179)   StringDedup Table Weak         Min:  0.0, Avg:  0.0, Max:  0.0, Diff:  0.0, Sum:  0.0, Workers: 4
[775.211s][debug][gc,phases      ] GC(179)     Dead                           Min: 0, Avg:  0.0, Max: 0, Diff: 0, Sum: 0, Workers: 4
[775.211s][debug][gc,phases      ] GC(179)     Total                          Min: 0, Avg:  0.0, Max: 0, Diff: 0, Sum: 0, Workers: 4
[775.211s][debug][gc,phases      ] GC(179)   StringDedup Requests0 Weak     Min:  0.0, Avg:  0.0, Max:  0.0, Diff:  0.0, Sum:  0.0, Workers: 4
[775.211s][debug][gc,phases      ] GC(179)     Dead                           Min: 0, Avg:  0.0, Max: 0, Diff: 0, Sum: 0, Workers: 4
[775.211s][debug][gc,phases      ] GC(179)     Total                          Min: 0, Avg:  0.0, Max: 0, Diff: 0, Sum: 0, Workers: 4
[775.211s][debug][gc,phases      ] GC(179)   StringDedup Requests1 Weak     Min:  0.0, Avg:  0.0, Max:  0.0, Diff:  0.0, Sum:  0.0, Workers: 4
[775.211s][debug][gc,phases      ] GC(179)     Dead                           Min: 0, Avg:  0.0, Max: 0, Diff: 0, Sum: 0, Workers: 4
[775.211s][debug][gc,phases      ] GC(179)     Total                          Min: 0, Avg:  0.0, Max: 0, Diff: 0, Sum: 0, Workers: 4
[775.211s][debug][gc,phases      ] GC(179)   Weak JFR Old Object Samples    Min:  0.0, Avg:  0.0, Max:  0.0, Diff:  0.0, Sum:  0.0, Workers: 4
[775.211s][debug][gc,phases      ] GC(179)     Dead                           Min: 0, Avg:  0.0, Max: 0, Diff: 0, Sum: 0, Workers: 4
[775.211s][debug][gc,phases      ] GC(179)     Total                          Min: 0, Avg:  0.0, Max: 0, Diff: 0, Sum: 0, Workers: 4
[775.211s][debug][gc,phases      ] GC(179) Weak Processing 0.321ms
[775.211s][debug][gc,age         ] GC(179) Desired survivor size 23592960 bytes, new threshold 15 (max threshold 15)
[775.211s][info ][gc,heap        ] GC(179) PSYoungGen: 2048416K(2069504K)->5232K(2074112K) Eden: 2043392K(2043392K)->0K(2049536K) From: 5024K(26112K)->5232K(24576K)
[775.211s][info ][gc,heap        ] GC(179) ParOldGen: 654475K(734720K)->654547K(734720K)
[775.211s][info ][gc,metaspace   ] GC(179) Metaspace: 86377K(87360K)->86377K(87360K) NonClass: 74385K(74944K)->74385K(74944K) Class: 11992K(12416K)->11992K(12416K)
[775.211s][info ][gc             ] GC(179) Pause Young (Allocation Failure) 2639M->644M(2743M) 3.822ms
[775.211s][info ][gc,cpu         ] GC(179) User=0.02s Sys=0.00s Real=0.01s
[775.211s][info ][safepoint      ] Safepoint "ParallelGCFailedAllocation", Time since last: 6947523192 ns, Reaching safepoint: 119703 ns, At safepoint: 3903181 ns, Total: 4022884 ns
[778.212s][info ][safepoint      ] Safepoint "Cleanup", Time since last: 3000228512 ns, Reaching safepoint: 110303 ns, At safepoint: 5700 ns, Total: 116003 ns
[780.212s][info ][safepoint      ] Safepoint "Cleanup", Time since last: 2000169913 ns, Reaching safepoint: 119702 ns, At safepoint: 8500 ns, Total: 128202 ns
[784.212s][info ][safepoint      ] Safepoint "Cleanup", Time since last: 4000282356 ns, Reaching safepoint: 110702 ns, At safepoint: 8200 ns, Total: 118902 ns
[785.213s][info ][safepoint      ] Safepoint "Cleanup", Time since last: 1000092525 ns, Reaching safepoint: 115802 ns, At safepoint: 6400 ns, Total: 122202 ns
[788.213s][info ][safepoint      ] Safepoint "Cleanup", Time since last: 3000260141 ns, Reaching safepoint: 121602 ns, At safepoint: 8900 ns, Total: 130502 ns
[790.213s][info ][safepoint      ] Safepoint "Cleanup", Time since last: 2000167298 ns, Reaching safepoint: 91302 ns, At safepoint: 9800 ns, Total: 101102 ns
[792.214s][info ][safepoint      ] Safepoint "Cleanup", Time since last: 2000124675 ns, Reaching safepoint: 127503 ns, At safepoint: 8800 ns, Total: 136303 ns
[792.667s][info ][gc,start       ] GC(180) Pause Young (Allocation Failure)
[792.671s][debug][gc,phases      ] GC(180) Scavenge 4.325ms
[792.671s][debug][gc,ref         ] GC(180) Skipped phase 1 of Reference Processing: no references
[792.671s][debug][gc,ref         ] GC(180) ReferenceProcessor::execute queues: 1, RefProcThreadModel::Single, marks_oops_alive: false
[792.671s][debug][gc,ref         ] GC(180) Skipped phase 3 of Reference Processing: no references
[792.671s][debug][gc,ref         ] GC(180) Skipped phase 4 of Reference Processing: no references
[792.671s][debug][gc,phases      ] GC(180) Reference Processing 0.118ms
[792.671s][debug][gc,phases      ] GC(180)   VM Weak                        Min:  0.0, Avg:  0.0, Max:  0.0, Diff:  0.0, Sum:  0.0, Workers: 4
[792.671s][debug][gc,phases      ] GC(180)     Dead                           Min: 0, Avg:  0.0, Max: 0, Diff: 0, Sum: 0, Workers: 4
[792.671s][debug][gc,phases      ] GC(180)     Total                          Min: 0, Avg: 187.8, Max: 576, Diff: 576, Sum: 751, Workers: 4
[792.671s][debug][gc,phases      ] GC(180)   ObjectSynchronizer Weak        Min:  0.0, Avg:  0.0, Max:  0.0, Diff:  0.0, Sum:  0.0, Workers: 4
[792.671s][debug][gc,phases      ] GC(180)     Dead                           Min: 0, Avg:  0.0, Max: 0, Diff: 0, Sum: 0, Workers: 4
[792.671s][debug][gc,phases      ] GC(180)     Total                          Min: 0, Avg: 116.5, Max: 256, Diff: 256, Sum: 466, Workers: 4
[792.671s][debug][gc,phases      ] GC(180)   JVMTI Tag Weak OopStorage      Min:  0.0, Avg:  0.0, Max:  0.0, Diff:  0.0, Sum:  0.0, Workers: 4
[792.671s][debug][gc,phases      ] GC(180)     Dead                           Min: 0, Avg:  0.0, Max: 0, Diff: 0, Sum: 0, Workers: 4
[792.671s][debug][gc,phases      ] GC(180)     Total                          Min: 0, Avg:  0.0, Max: 0, Diff: 0, Sum: 0, Workers: 4
[792.671s][debug][gc,phases      ] GC(180)   StringTable Weak               Min:  0.1, Avg:  0.1, Max:  0.1, Diff:  0.0, Sum:  0.4, Workers: 4
[792.671s][debug][gc,phases      ] GC(180)     Dead                           Min: 0, Avg:  0.0, Max: 0, Diff: 0, Sum: 0, Workers: 4
[792.671s][debug][gc,phases      ] GC(180)     Total                          Min: 11008, Avg: 12156.5, Max: 13426, Diff: 2418, Sum: 48626, Workers: 4
[792.671s][debug][gc,phases      ] GC(180)   ResolvedMethodTable Weak       Min:  0.0, Avg:  0.0, Max:  0.0, Diff:  0.0, Sum:  0.1, Workers: 4
[792.671s][debug][gc,phases      ] GC(180)     Dead                           Min: 0, Avg:  0.0, Max: 0, Diff: 0, Sum: 0, Workers: 4
[792.671s][debug][gc,phases      ] GC(180)     Total                          Min: 2112, Avg: 2252.8, Max: 2368, Diff: 256, Sum: 9011, Workers: 4
[792.671s][debug][gc,phases      ] GC(180)   JNI Weak                       Min:  0.0, Avg:  0.0, Max:  0.0, Diff:  0.0, Sum:  0.0, Workers: 4
[792.671s][debug][gc,phases      ] GC(180)     Dead                           Min: 0, Avg:  0.0, Max: 0, Diff: 0, Sum: 0, Workers: 4
[792.671s][debug][gc,phases      ] GC(180)     Total                          Min: 0, Avg:  0.0, Max: 0, Diff: 0, Sum: 0, Workers: 4
[792.671s][debug][gc,phases      ] GC(180)   StringDedup Table Weak         Min:  0.0, Avg:  0.0, Max:  0.0, Diff:  0.0, Sum:  0.0, Workers: 4
[792.671s][debug][gc,phases      ] GC(180)     Dead                           Min: 0, Avg:  0.0, Max: 0, Diff: 0, Sum: 0, Workers: 4
[792.671s][debug][gc,phases      ] GC(180)     Total                          Min: 0, Avg:  0.0, Max: 0, Diff: 0, Sum: 0, Workers: 4
[792.671s][debug][gc,phases      ] GC(180)   StringDedup Requests0 Weak     Min:  0.0, Avg:  0.0, Max:  0.0, Diff:  0.0, Sum:  0.0, Workers: 4
[792.671s][debug][gc,phases      ] GC(180)     Dead                           Min: 0, Avg:  0.0, Max: 0, Diff: 0, Sum: 0, Workers: 4
[792.671s][debug][gc,phases      ] GC(180)     Total                          Min: 0, Avg:  0.0, Max: 0, Diff: 0, Sum: 0, Workers: 4
[792.671s][debug][gc,phases      ] GC(180)   StringDedup Requests1 Weak     Min:  0.0, Avg:  0.0, Max:  0.0, Diff:  0.0, Sum:  0.0, Workers: 4
[792.671s][debug][gc,phases      ] GC(180)     Dead                           Min: 0, Avg:  0.0, Max: 0, Diff: 0, Sum: 0, Workers: 4
[792.671s][debug][gc,phases      ] GC(180)     Total                          Min: 0, Avg:  0.0, Max: 0, Diff: 0, Sum: 0, Workers: 4
[792.671s][debug][gc,phases      ] GC(180)   Weak JFR Old Object Samples    Min:  0.0, Avg:  0.0, Max:  0.0, Diff:  0.0, Sum:  0.0, Workers: 4
[792.671s][debug][gc,phases      ] GC(180)     Dead                           Min: 0, Avg:  0.0, Max: 0, Diff: 0, Sum: 0, Workers: 4
[792.671s][debug][gc,phases      ] GC(180)     Total                          Min: 0, Avg:  0.0, Max: 0, Diff: 0, Sum: 0, Workers: 4
[792.671s][debug][gc,phases      ] GC(180) Weak Processing 0.322ms
[792.671s][debug][gc,age         ] GC(180) Desired survivor size 22020096 bytes, new threshold 15 (max threshold 15)
[792.671s][info ][gc,heap        ] GC(180) PSYoungGen: 2054768K(2074112K)->4976K(2072576K) Eden: 2049536K(2049536K)->0K(2049536K) From: 5232K(24576K)->4976K(23040K)
[792.671s][info ][gc,heap        ] GC(180) ParOldGen: 654547K(734720K)->654767K(734720K)
[792.671s][info ][gc,metaspace   ] GC(180) Metaspace: 86386K(87360K)->86386K(87360K) NonClass: 74393K(74944K)->74393K(74944K) Class: 11992K(12416K)->11992K(12416K)
[792.671s][info ][gc             ] GC(180) Pause Young (Allocation Failure) 2645M->644M(2741M) 4.889ms
[792.671s][info ][gc,cpu         ] GC(180) User=0.01s Sys=0.00s Real=0.01s
[792.671s][info ][safepoint      ] Safepoint "ParallelGCFailedAllocation", Time since last: 452923511 ns, Reaching safepoint: 30401 ns, At safepoint: 4966403 ns, Total: 4996804 ns
[796.672s][info ][safepoint      ] Safepoint "Cleanup", Time since last: 4000274472 ns, Reaching safepoint: 67101 ns, At safepoint: 9100 ns, Total: 76201 ns
[799.672s][info ][safepoint      ] Safepoint "Cleanup", Time since last: 3000233046 ns, Reaching safepoint: 118702 ns, At safepoint: 22001 ns, Total: 140703 ns
[800.672s][info ][safepoint      ] Safepoint "Cleanup", Time since last: 1000095637 ns, Reaching safepoint: 49701 ns, At safepoint: 4801 ns, Total: 54502 ns
[801.673s][info ][safepoint      ] Safepoint "Cleanup", Time since last: 1000101532 ns, Reaching safepoint: 42101 ns, At safepoint: 3900 ns, Total: 46001 ns
[802.673s][info ][safepoint      ] Safepoint "Cleanup", Time since last: 1000093726 ns, Reaching safepoint: 48501 ns, At safepoint: 6200 ns, Total: 54701 ns
[803.673s][info ][safepoint      ] Safepoint "Cleanup", Time since last: 1000095422 ns, Reaching safepoint: 46600 ns, At safepoint: 11101 ns, Total: 57701 ns
[804.673s][info ][safepoint      ] Safepoint "Cleanup", Time since last: 1000101615 ns, Reaching safepoint: 50701 ns, At safepoint: 10401 ns, Total: 61102 ns
[805.673s][info ][safepoint      ] Safepoint "Cleanup", Time since last: 1000107910 ns, Reaching safepoint: 52601 ns, At safepoint: 7200 ns, Total: 59801 ns
[807.673s][info ][safepoint      ] Safepoint "Cleanup", Time since last: 2000150103 ns, Reaching safepoint: 55501 ns, At safepoint: 9300 ns, Total: 64801 ns
[808.808s][info ][gc,start       ] GC(181) Pause Young (Allocation Failure)
[808.813s][debug][gc,phases      ] GC(181) Scavenge 4.791ms
[808.813s][debug][gc,ref         ] GC(181) Skipped phase 1 of Reference Processing: no references
[808.813s][debug][gc,ref         ] GC(181) ReferenceProcessor::execute queues: 1, RefProcThreadModel::Single, marks_oops_alive: false
[808.813s][debug][gc,ref         ] GC(181) Skipped phase 3 of Reference Processing: no references
[808.813s][debug][gc,ref         ] GC(181) ReferenceProcessor::execute queues: 1, RefProcThreadModel::Single, marks_oops_alive: false
[808.813s][debug][gc,phases      ] GC(181) Reference Processing 0.116ms
[808.813s][debug][gc,phases      ] GC(181)   VM Weak                        Min:  0.0, Avg:  0.0, Max:  0.0, Diff:  0.0, Sum:  0.0, Workers: 4
[808.813s][debug][gc,phases      ] GC(181)     Dead                           Min: 0, Avg:  0.0, Max: 0, Diff: 0, Sum: 0, Workers: 4
[808.813s][debug][gc,phases      ] GC(181)     Total                          Min: 0, Avg: 187.8, Max: 751, Diff: 751, Sum: 751, Workers: 4
[808.813s][debug][gc,phases      ] GC(181)   ObjectSynchronizer Weak        Min:  0.0, Avg:  0.0, Max:  0.0, Diff:  0.0, Sum:  0.0, Workers: 4
[808.813s][debug][gc,phases      ] GC(181)     Dead                           Min: 0, Avg:  0.0, Max: 0, Diff: 0, Sum: 0, Workers: 4
[808.813s][debug][gc,phases      ] GC(181)     Total                          Min: 0, Avg: 116.5, Max: 256, Diff: 256, Sum: 466, Workers: 4
[808.813s][debug][gc,phases      ] GC(181)   JVMTI Tag Weak OopStorage      Min:  0.0, Avg:  0.0, Max:  0.0, Diff:  0.0, Sum:  0.0, Workers: 4
[808.813s][debug][gc,phases      ] GC(181)     Dead                           Min: 0, Avg:  0.0, Max: 0, Diff: 0, Sum: 0, Workers: 4
[808.813s][debug][gc,phases      ] GC(181)     Total                          Min: 0, Avg:  0.0, Max: 0, Diff: 0, Sum: 0, Workers: 4
[808.813s][debug][gc,phases      ] GC(181)   StringTable Weak               Min:  0.1, Avg:  0.1, Max:  0.1, Diff:  0.0, Sum:  0.4, Workers: 4
[808.813s][debug][gc,phases      ] GC(181)     Dead                           Min: 0, Avg:  0.0, Max: 0, Diff: 0, Sum: 0, Workers: 4
[808.813s][debug][gc,phases      ] GC(181)     Total                          Min: 11456, Avg: 12156.8, Max: 12992, Diff: 1536, Sum: 48627, Workers: 4
[808.813s][debug][gc,phases      ] GC(181)   ResolvedMethodTable Weak       Min:  0.0, Avg:  0.0, Max:  0.0, Diff:  0.0, Sum:  0.1, Workers: 4
[808.813s][debug][gc,phases      ] GC(181)     Dead                           Min: 0, Avg:  0.0, Max: 0, Diff: 0, Sum: 0, Workers: 4
[808.813s][debug][gc,phases      ] GC(181)     Total                          Min: 1792, Avg: 2252.8, Max: 2483, Diff: 691, Sum: 9011, Workers: 4
[808.813s][debug][gc,phases      ] GC(181)   JNI Weak                       Min:  0.0, Avg:  0.0, Max:  0.0, Diff:  0.0, Sum:  0.0, Workers: 4
[808.813s][debug][gc,phases      ] GC(181)     Dead                           Min: 0, Avg:  0.0, Max: 0, Diff: 0, Sum: 0, Workers: 4
[808.813s][debug][gc,phases      ] GC(181)     Total                          Min: 0, Avg:  0.0, Max: 0, Diff: 0, Sum: 0, Workers: 4
[808.813s][debug][gc,phases      ] GC(181)   StringDedup Table Weak         Min:  0.0, Avg:  0.0, Max:  0.0, Diff:  0.0, Sum:  0.0, Workers: 4
[808.813s][debug][gc,phases      ] GC(181)     Dead                           Min: 0, Avg:  0.0, Max: 0, Diff: 0, Sum: 0, Workers: 4
[808.813s][debug][gc,phases      ] GC(181)     Total                          Min: 0, Avg:  0.0, Max: 0, Diff: 0, Sum: 0, Workers: 4
[808.813s][debug][gc,phases      ] GC(181)   StringDedup Requests0 Weak     Min:  0.0, Avg:  0.0, Max:  0.0, Diff:  0.0, Sum:  0.0, Workers: 4
[808.813s][debug][gc,phases      ] GC(181)     Dead                           Min: 0, Avg:  0.0, Max: 0, Diff: 0, Sum: 0, Workers: 4
[808.813s][debug][gc,phases      ] GC(181)     Total                          Min: 0, Avg:  0.0, Max: 0, Diff: 0, Sum: 0, Workers: 4
[808.813s][debug][gc,phases      ] GC(181)   StringDedup Requests1 Weak     Min:  0.0, Avg:  0.0, Max:  0.0, Diff:  0.0, Sum:  0.0, Workers: 4
[808.813s][debug][gc,phases      ] GC(181)     Dead                           Min: 0, Avg:  0.0, Max: 0, Diff: 0, Sum: 0, Workers: 4
[808.813s][debug][gc,phases      ] GC(181)     Total                          Min: 0, Avg:  0.0, Max: 0, Diff: 0, Sum: 0, Workers: 4
[808.813s][debug][gc,phases      ] GC(181)   Weak JFR Old Object Samples    Min:  0.0, Avg:  0.0, Max:  0.0, Diff:  0.0, Sum:  0.0, Workers: 4
[808.813s][debug][gc,phases      ] GC(181)     Dead                           Min: 0, Avg:  0.0, Max: 0, Diff: 0, Sum: 0, Workers: 4
[808.813s][debug][gc,phases      ] GC(181)     Total                          Min: 0, Avg:  0.0, Max: 0, Diff: 0, Sum: 0, Workers: 4
[808.813s][debug][gc,phases      ] GC(181) Weak Processing 0.327ms
[808.813s][debug][gc,age         ] GC(181) Desired survivor size 20447232 bytes, new threshold 15 (max threshold 15)
[808.813s][info ][gc,heap        ] GC(181) PSYoungGen: 2054512K(2072576K)->6384K(2077184K) Eden: 2049536K(2049536K)->0K(2055680K) From: 4976K(23040K)->6384K(21504K)
[808.813s][info ][gc,heap        ] GC(181) ParOldGen: 654767K(734720K)->654847K(734720K)
[808.813s][info ][gc,metaspace   ] GC(181) Metaspace: 86391K(87360K)->86391K(87360K) NonClass: 74399K(74944K)->74399K(74944K) Class: 11992K(12416K)->11992K(12416K)
[808.813s][info ][gc             ] GC(181) Pause Young (Allocation Failure) 2645M->645M(2746M) 5.356ms
[808.813s][info ][gc,cpu         ] GC(181) User=0.02s Sys=0.00s Real=0.01s
[808.813s][info ][safepoint      ] Safepoint "ParallelGCFailedAllocation", Time since last: 1134476174 ns, Reaching safepoint: 102302 ns, At safepoint: 5440113 ns, Total: 5542415 ns
[813.814s][info ][safepoint      ] Safepoint "Cleanup", Time since last: 5000316279 ns, Reaching safepoint: 116002 ns, At safepoint: 8900 ns, Total: 124902 ns
[814.814s][info ][safepoint      ] Safepoint "Cleanup", Time since last: 1000106361 ns, Reaching safepoint: 116502 ns, At safepoint: 10200 ns, Total: 126702 ns
[817.814s][info ][safepoint      ] Safepoint "Cleanup", Time since last: 3000233447 ns, Reaching safepoint: 99202 ns, At safepoint: 7900 ns, Total: 107102 ns
[818.815s][info ][safepoint      ] Safepoint "Cleanup", Time since last: 1000093139 ns, Reaching safepoint: 116502 ns, At safepoint: 9601 ns, Total: 126103 ns
[819.815s][info ][safepoint      ] Safepoint "Cleanup", Time since last: 1000109333 ns, Reaching safepoint: 124503 ns, At safepoint: 5900 ns, Total: 130403 ns
[821.562s][info ][safepoint      ] Safepoint "Cleanup", Time since last: 1747159633 ns, Reaching safepoint: 106602 ns, At safepoint: 7200 ns, Total: 113802 ns
[822.562s][info ][safepoint      ] Safepoint "Cleanup", Time since last: 1000100619 ns, Reaching safepoint: 144103 ns, At safepoint: 11900 ns, Total: 156003 ns
[823.563s][info ][safepoint      ] Safepoint "Cleanup", Time since last: 1000093613 ns, Reaching safepoint: 111702 ns, At safepoint: 5600 ns, Total: 117302 ns
[825.563s][info ][safepoint      ] Safepoint "Cleanup", Time since last: 2000195211 ns, Reaching safepoint: 180504 ns, At safepoint: 12900 ns, Total: 193404 ns
[826.563s][info ][safepoint      ] Safepoint "Cleanup", Time since last: 1000118898 ns, Reaching safepoint: 121202 ns, At safepoint: 11501 ns, Total: 132703 ns
[827.563s][info ][safepoint      ] Safepoint "Cleanup", Time since last: 1000105292 ns, Reaching safepoint: 131103 ns, At safepoint: 10100 ns, Total: 141203 ns
[827.603s][info ][gc,start       ] GC(182) Pause Young (Allocation Failure)
[827.607s][debug][gc,phases      ] GC(182) Scavenge 4.102ms
[827.607s][debug][gc,ref         ] GC(182) Skipped phase 1 of Reference Processing: no references
[827.607s][debug][gc,ref         ] GC(182) ReferenceProcessor::execute queues: 1, RefProcThreadModel::Single, marks_oops_alive: false
[827.607s][debug][gc,ref         ] GC(182) Skipped phase 3 of Reference Processing: no references
[827.607s][debug][gc,ref         ] GC(182) ReferenceProcessor::execute queues: 1, RefProcThreadModel::Single, marks_oops_alive: false
[827.607s][debug][gc,phases      ] GC(182) Reference Processing 0.141ms
[827.608s][debug][gc,phases      ] GC(182)   VM Weak                        Min:  0.0, Avg:  0.0, Max:  0.0, Diff:  0.0, Sum:  0.0, Workers: 4
[827.608s][debug][gc,phases      ] GC(182)     Dead                           Min: 0, Avg:  0.0, Max: 0, Diff: 0, Sum: 0, Workers: 4
[827.608s][debug][gc,phases      ] GC(182)     Total                          Min: 0, Avg: 187.8, Max: 448, Diff: 448, Sum: 751, Workers: 4
[827.608s][debug][gc,phases      ] GC(182)   ObjectSynchronizer Weak        Min:  0.0, Avg:  0.0, Max:  0.0, Diff:  0.0, Sum:  0.0, Workers: 4
[827.608s][debug][gc,phases      ] GC(182)     Dead                           Min: 0, Avg:  0.0, Max: 0, Diff: 0, Sum: 0, Workers: 4
[827.608s][debug][gc,phases      ] GC(182)     Total                          Min: 0, Avg: 116.5, Max: 210, Diff: 210, Sum: 466, Workers: 4
[827.608s][debug][gc,phases      ] GC(182)   JVMTI Tag Weak OopStorage      Min:  0.0, Avg:  0.0, Max:  0.0, Diff:  0.0, Sum:  0.0, Workers: 4
[827.608s][debug][gc,phases      ] GC(182)     Dead                           Min: 0, Avg:  0.0, Max: 0, Diff: 0, Sum: 0, Workers: 4
[827.608s][debug][gc,phases      ] GC(182)     Total                          Min: 0, Avg:  0.0, Max: 0, Diff: 0, Sum: 0, Workers: 4
[827.608s][debug][gc,phases      ] GC(182)   StringTable Weak               Min:  0.1, Avg:  0.1, Max:  0.1, Diff:  0.0, Sum:  0.4, Workers: 4
[827.608s][debug][gc,phases      ] GC(182)     Dead                           Min: 0, Avg:  0.2, Max: 1, Diff: 1, Sum: 1, Workers: 4
[827.608s][debug][gc,phases      ] GC(182)     Total                          Min: 11072, Avg: 12159.0, Max: 12672, Diff: 1600, Sum: 48636, Workers: 4
[827.608s][debug][gc,phases      ] GC(182)   ResolvedMethodTable Weak       Min:  0.0, Avg:  0.0, Max:  0.0, Diff:  0.0, Sum:  0.1, Workers: 4
[827.608s][debug][gc,phases      ] GC(182)     Dead                           Min: 0, Avg:  0.0, Max: 0, Diff: 0, Sum: 0, Workers: 4
[827.608s][debug][gc,phases      ] GC(182)     Total                          Min: 1856, Avg: 2254.8, Max: 2555, Diff: 699, Sum: 9019, Workers: 4
[827.608s][debug][gc,phases      ] GC(182)   JNI Weak                       Min:  0.0, Avg:  0.0, Max:  0.0, Diff:  0.0, Sum:  0.0, Workers: 4
[827.608s][debug][gc,phases      ] GC(182)     Dead                           Min: 0, Avg:  0.0, Max: 0, Diff: 0, Sum: 0, Workers: 4
[827.608s][debug][gc,phases      ] GC(182)     Total                          Min: 0, Avg:  0.0, Max: 0, Diff: 0, Sum: 0, Workers: 4
[827.608s][debug][gc,phases      ] GC(182)   StringDedup Table Weak         Min:  0.0, Avg:  0.0, Max:  0.0, Diff:  0.0, Sum:  0.0, Workers: 4
[827.608s][debug][gc,phases      ] GC(182)     Dead                           Min: 0, Avg:  0.0, Max: 0, Diff: 0, Sum: 0, Workers: 4
[827.608s][debug][gc,phases      ] GC(182)     Total                          Min: 0, Avg:  0.0, Max: 0, Diff: 0, Sum: 0, Workers: 4
[827.608s][debug][gc,phases      ] GC(182)   StringDedup Requests0 Weak     Min:  0.0, Avg:  0.0, Max:  0.0, Diff:  0.0, Sum:  0.0, Workers: 4
[827.608s][debug][gc,phases      ] GC(182)     Dead                           Min: 0, Avg:  0.0, Max: 0, Diff: 0, Sum: 0, Workers: 4
[827.608s][debug][gc,phases      ] GC(182)     Total                          Min: 0, Avg:  0.0, Max: 0, Diff: 0, Sum: 0, Workers: 4
[827.608s][debug][gc,phases      ] GC(182)   StringDedup Requests1 Weak     Min:  0.0, Avg:  0.0, Max:  0.0, Diff:  0.0, Sum:  0.0, Workers: 4
[827.608s][debug][gc,phases      ] GC(182)     Dead                           Min: 0, Avg:  0.0, Max: 0, Diff: 0, Sum: 0, Workers: 4
[827.608s][debug][gc,phases      ] GC(182)     Total                          Min: 0, Avg:  0.0, Max: 0, Diff: 0, Sum: 0, Workers: 4
[827.608s][debug][gc,phases      ] GC(182)   Weak JFR Old Object Samples    Min:  0.0, Avg:  0.0, Max:  0.0, Diff:  0.0, Sum:  0.0, Workers: 4
[827.608s][debug][gc,phases      ] GC(182)     Dead                           Min: 0, Avg:  0.0, Max: 0, Diff: 0, Sum: 0, Workers: 4
[827.608s][debug][gc,phases      ] GC(182)     Total                          Min: 0, Avg:  0.0, Max: 0, Diff: 0, Sum: 0, Workers: 4
[827.608s][debug][gc,phases      ] GC(182) Weak Processing 0.336ms
[827.608s][debug][gc,age         ] GC(182) Desired survivor size 19398656 bytes, new threshold 15 (max threshold 15)
[827.608s][info ][gc,heap        ] GC(182) PSYoungGen: 2062064K(2077184K)->6352K(2075648K) Eden: 2055680K(2055680K)->0K(2055680K) From: 6384K(21504K)->6352K(19968K)
[827.608s][info ][gc,heap        ] GC(182) ParOldGen: 654847K(734720K)->654944K(734720K)
[827.608s][info ][gc,metaspace   ] GC(182) Metaspace: 86429K(87360K)->86429K(87360K) NonClass: 74435K(74944K)->74435K(74944K) Class: 11994K(12416K)->11994K(12416K)
[827.608s][info ][gc             ] GC(182) Pause Young (Allocation Failure) 2653M->645M(2744M) 4.724ms
[827.608s][info ][gc,cpu         ] GC(182) User=0.01s Sys=0.00s Real=0.00s
[827.608s][info ][safepoint      ] Safepoint "ParallelGCFailedAllocation", Time since last: 39523013 ns, Reaching safepoint: 113803 ns, At safepoint: 4812999 ns, Total: 4926802 ns
[828.608s][info ][safepoint      ] Safepoint "Cleanup", Time since last: 1000088586 ns, Reaching safepoint: 137403 ns, At safepoint: 15200 ns, Total: 152603 ns
[829.608s][info ][safepoint      ] Safepoint "Cleanup", Time since last: 1000120582 ns, Reaching safepoint: 127503 ns, At safepoint: 14200 ns, Total: 141703 ns
[832.609s][info ][safepoint      ] Safepoint "Cleanup", Time since last: 3000257412 ns, Reaching safepoint: 137503 ns, At safepoint: 11700 ns, Total: 149203 ns
[836.609s][info ][safepoint      ] Safepoint "Cleanup", Time since last: 4000310709 ns, Reaching safepoint: 132202 ns, At safepoint: 10501 ns, Total: 142703 ns
[838.610s][info ][safepoint      ] Safepoint "Cleanup", Time since last: 2000139172 ns, Reaching safepoint: 121703 ns, At safepoint: 9200 ns, Total: 130903 ns
[839.610s][info ][safepoint      ] Safepoint "Cleanup", Time since last: 1000109530 ns, Reaching safepoint: 116202 ns, At safepoint: 6800 ns, Total: 123002 ns
[840.610s][info ][safepoint      ] Safepoint "Cleanup", Time since last: 1000103224 ns, Reaching safepoint: 115803 ns, At safepoint: 9200 ns, Total: 125003 ns
[841.610s][info ][safepoint      ] Safepoint "Cleanup", Time since last: 1000095019 ns, Reaching safepoint: 128403 ns, At safepoint: 11500 ns, Total: 139903 ns
[843.611s][info ][safepoint      ] Safepoint "Cleanup", Time since last: 2000156522 ns, Reaching safepoint: 113702 ns, At safepoint: 5600 ns, Total: 119302 ns
[846.106s][info ][gc,start       ] GC(183) Pause Young (Allocation Failure)
[846.110s][debug][gc,phases      ] GC(183) Scavenge 4.121ms
[846.110s][debug][gc,ref         ] GC(183) Skipped phase 1 of Reference Processing: no references
[846.110s][debug][gc,ref         ] GC(183) ReferenceProcessor::execute queues: 1, RefProcThreadModel::Single, marks_oops_alive: false
[846.110s][debug][gc,ref         ] GC(183) Skipped phase 3 of Reference Processing: no references
[846.110s][debug][gc,ref         ] GC(183) ReferenceProcessor::execute queues: 1, RefProcThreadModel::Single, marks_oops_alive: false
[846.110s][debug][gc,phases      ] GC(183) Reference Processing 0.122ms
[846.110s][debug][gc,phases      ] GC(183)   VM Weak                        Min:  0.0, Avg:  0.0, Max:  0.0, Diff:  0.0, Sum:  0.0, Workers: 4
[846.110s][debug][gc,phases      ] GC(183)     Dead                           Min: 0, Avg:  0.0, Max: 0, Diff: 0, Sum: 0, Workers: 4
[846.110s][debug][gc,phases      ] GC(183)     Total                          Min: 0, Avg: 187.8, Max: 431, Diff: 431, Sum: 751, Workers: 4
[846.110s][debug][gc,phases      ] GC(183)   ObjectSynchronizer Weak        Min:  0.0, Avg:  0.0, Max:  0.0, Diff:  0.0, Sum:  0.0, Workers: 4
[846.110s][debug][gc,phases      ] GC(183)     Dead                           Min: 0, Avg:  0.0, Max: 0, Diff: 0, Sum: 0, Workers: 4
[846.110s][debug][gc,phases      ] GC(183)     Total                          Min: 0, Avg: 116.5, Max: 192, Diff: 192, Sum: 466, Workers: 4
[846.110s][debug][gc,phases      ] GC(183)   JVMTI Tag Weak OopStorage      Min:  0.0, Avg:  0.0, Max:  0.0, Diff:  0.0, Sum:  0.0, Workers: 4
[846.110s][debug][gc,phases      ] GC(183)     Dead                           Min: 0, Avg:  0.0, Max: 0, Diff: 0, Sum: 0, Workers: 4
[846.110s][debug][gc,phases      ] GC(183)     Total                          Min: 0, Avg:  0.0, Max: 0, Diff: 0, Sum: 0, Workers: 4
[846.110s][debug][gc,phases      ] GC(183)   StringTable Weak               Min:  0.1, Avg:  0.1, Max:  0.1, Diff:  0.0, Sum:  0.4, Workers: 4
[846.110s][debug][gc,phases      ] GC(183)     Dead                           Min: 0, Avg:  0.0, Max: 0, Diff: 0, Sum: 0, Workers: 4
[846.110s][debug][gc,phases      ] GC(183)     Total                          Min: 11520, Avg: 12164.8, Max: 13504, Diff: 1984, Sum: 48659, Workers: 4
[846.110s][debug][gc,phases      ] GC(183)   ResolvedMethodTable Weak       Min:  0.0, Avg:  0.0, Max:  0.0, Diff:  0.0, Sum:  0.1, Workers: 4
[846.110s][debug][gc,phases      ] GC(183)     Dead                           Min: 0, Avg:  0.0, Max: 0, Diff: 0, Sum: 0, Workers: 4
[846.110s][debug][gc,phases      ] GC(183)     Total                          Min: 2054, Avg: 2257.5, Max: 2432, Diff: 378, Sum: 9030, Workers: 4
[846.110s][debug][gc,phases      ] GC(183)   JNI Weak                       Min:  0.0, Avg:  0.0, Max:  0.0, Diff:  0.0, Sum:  0.0, Workers: 4
[846.110s][debug][gc,phases      ] GC(183)     Dead                           Min: 0, Avg:  0.0, Max: 0, Diff: 0, Sum: 0, Workers: 4
[846.110s][debug][gc,phases      ] GC(183)     Total                          Min: 0, Avg:  0.0, Max: 0, Diff: 0, Sum: 0, Workers: 4
[846.110s][debug][gc,phases      ] GC(183)   StringDedup Table Weak         Min:  0.0, Avg:  0.0, Max:  0.0, Diff:  0.0, Sum:  0.0, Workers: 4
[846.110s][debug][gc,phases      ] GC(183)     Dead                           Min: 0, Avg:  0.0, Max: 0, Diff: 0, Sum: 0, Workers: 4
[846.110s][debug][gc,phases      ] GC(183)     Total                          Min: 0, Avg:  0.0, Max: 0, Diff: 0, Sum: 0, Workers: 4
[846.110s][debug][gc,phases      ] GC(183)   StringDedup Requests0 Weak     Min:  0.0, Avg:  0.0, Max:  0.0, Diff:  0.0, Sum:  0.0, Workers: 4
[846.110s][debug][gc,phases      ] GC(183)     Dead                           Min: 0, Avg:  0.0, Max: 0, Diff: 0, Sum: 0, Workers: 4
[846.110s][debug][gc,phases      ] GC(183)     Total                          Min: 0, Avg:  0.0, Max: 0, Diff: 0, Sum: 0, Workers: 4
[846.110s][debug][gc,phases      ] GC(183)   StringDedup Requests1 Weak     Min:  0.0, Avg:  0.0, Max:  0.0, Diff:  0.0, Sum:  0.0, Workers: 4
[846.110s][debug][gc,phases      ] GC(183)     Dead                           Min: 0, Avg:  0.0, Max: 0, Diff: 0, Sum: 0, Workers: 4
[846.110s][debug][gc,phases      ] GC(183)     Total                          Min: 0, Avg:  0.0, Max: 0, Diff: 0, Sum: 0, Workers: 4
[846.110s][debug][gc,phases      ] GC(183)   Weak JFR Old Object Samples    Min:  0.0, Avg:  0.0, Max:  0.0, Diff:  0.0, Sum:  0.0, Workers: 4
[846.110s][debug][gc,phases      ] GC(183)     Dead                           Min: 0, Avg:  0.0, Max: 0, Diff: 0, Sum: 0, Workers: 4
[846.110s][debug][gc,phases      ] GC(183)     Total                          Min: 0, Avg:  0.0, Max: 0, Diff: 0, Sum: 0, Workers: 4
[846.110s][debug][gc,phases      ] GC(183) Weak Processing 0.347ms
[846.110s][debug][gc,age         ] GC(183) Desired survivor size 17825792 bytes, new threshold 15 (max threshold 15)
[846.110s][info ][gc,heap        ] GC(183) PSYoungGen: 2062032K(2075648K)->6464K(2079744K) Eden: 2055680K(2055680K)->0K(2060800K) From: 6352K(19968K)->6464K(18944K)
[846.110s][info ][gc,heap        ] GC(183) ParOldGen: 654944K(734720K)->655024K(734720K)
[846.110s][info ][gc,metaspace   ] GC(183) Metaspace: 86455K(87424K)->86455K(87424K) NonClass: 74456K(75008K)->74456K(75008K) Class: 11998K(12416K)->11998K(12416K)
[846.111s][info ][gc             ] GC(183) Pause Young (Allocation Failure) 2653M->645M(2748M) 4.723ms
[846.111s][info ][gc,cpu         ] GC(183) User=0.02s Sys=0.00s Real=0.01s
[846.111s][info ][safepoint      ] Safepoint "ParallelGCFailedAllocation", Time since last: 2495153845 ns, Reaching safepoint: 57901 ns, At safepoint: 4812899 ns, Total: 4870800 ns
[847.111s][info ][safepoint      ] Safepoint "Cleanup", Time since last: 1000086891 ns, Reaching safepoint: 124902 ns, At safepoint: 34601 ns, Total: 159503 ns
[848.111s][info ][safepoint      ] Safepoint "Cleanup", Time since last: 1000125386 ns, Reaching safepoint: 237305 ns, At safepoint: 12101 ns, Total: 249406 ns
[849.111s][info ][safepoint      ] Safepoint "Cleanup", Time since last: 1000094380 ns, Reaching safepoint: 122203 ns, At safepoint: 10300 ns, Total: 132503 ns
[850.112s][info ][safepoint      ] Safepoint "Cleanup", Time since last: 1000095676 ns, Reaching safepoint: 117602 ns, At safepoint: 7300 ns, Total: 124902 ns
[851.112s][info ][safepoint      ] Safepoint "Cleanup", Time since last: 1000100371 ns, Reaching safepoint: 118702 ns, At safepoint: 15701 ns, Total: 134403 ns
[852.112s][info ][safepoint      ] Safepoint "Cleanup", Time since last: 1000112866 ns, Reaching safepoint: 149603 ns, At safepoint: 9300 ns, Total: 158903 ns
[853.112s][info ][safepoint      ] Safepoint "Cleanup", Time since last: 1000093960 ns, Reaching safepoint: 118103 ns, At safepoint: 8100 ns, Total: 126203 ns
[854.113s][info ][safepoint      ] Safepoint "Cleanup", Time since last: 1000098456 ns, Reaching safepoint: 122402 ns, At safepoint: 6900 ns, Total: 129302 ns
[855.113s][info ][safepoint      ] Safepoint "Cleanup", Time since last: 1000102951 ns, Reaching safepoint: 114502 ns, At safepoint: 5800 ns, Total: 120302 ns
[856.113s][info ][safepoint      ] Safepoint "Cleanup", Time since last: 1000121546 ns, Reaching safepoint: 120703 ns, At safepoint: 10100 ns, Total: 130803 ns
[856.405s][info ][gc,start       ] GC(184) Pause Young (Allocation Failure)
[856.419s][debug][gc,phases      ] GC(184) Scavenge 14.840ms
[856.419s][debug][gc,ref         ] GC(184) Skipped phase 1 of Reference Processing: no references
[856.420s][debug][gc,ref         ] GC(184) ReferenceProcessor::execute queues: 1, RefProcThreadModel::Single, marks_oops_alive: false
[856.420s][debug][gc,ref         ] GC(184) Skipped phase 3 of Reference Processing: no references
[856.420s][debug][gc,ref         ] GC(184) ReferenceProcessor::execute queues: 1, RefProcThreadModel::Single, marks_oops_alive: false
[856.420s][debug][gc,phases      ] GC(184) Reference Processing 0.143ms
[856.420s][debug][gc,phases      ] GC(184)   VM Weak                        Min:  0.0, Avg:  0.0, Max:  0.0, Diff:  0.0, Sum:  0.0, Workers: 4
[856.420s][debug][gc,phases      ] GC(184)     Dead                           Min: 0, Avg:  0.0, Max: 0, Diff: 0, Sum: 0, Workers: 4
[856.420s][debug][gc,phases      ] GC(184)     Total                          Min: 0, Avg: 187.8, Max: 431, Diff: 431, Sum: 751, Workers: 4
[856.420s][debug][gc,phases      ] GC(184)   ObjectSynchronizer Weak        Min:  0.0, Avg:  0.0, Max:  0.0, Diff:  0.0, Sum:  0.0, Workers: 4
[856.420s][debug][gc,phases      ] GC(184)     Dead                           Min: 0, Avg:  0.0, Max: 0, Diff: 0, Sum: 0, Workers: 4
[856.420s][debug][gc,phases      ] GC(184)     Total                          Min: 0, Avg: 116.5, Max: 210, Diff: 210, Sum: 466, Workers: 4
[856.420s][debug][gc,phases      ] GC(184)   JVMTI Tag Weak OopStorage      Min:  0.0, Avg:  0.0, Max:  0.0, Diff:  0.0, Sum:  0.0, Workers: 4
[856.420s][debug][gc,phases      ] GC(184)     Dead                           Min: 0, Avg:  0.0, Max: 0, Diff: 0, Sum: 0, Workers: 4
[856.420s][debug][gc,phases      ] GC(184)     Total                          Min: 0, Avg:  0.0, Max: 0, Diff: 0, Sum: 0, Workers: 4
[856.420s][debug][gc,phases      ] GC(184)   StringTable Weak               Min:  0.1, Avg:  0.1, Max:  0.1, Diff:  0.0, Sum:  0.4, Workers: 4
[856.420s][debug][gc,phases      ] GC(184)     Dead                           Min: 0, Avg:  0.0, Max: 0, Diff: 0, Sum: 0, Workers: 4
[856.420s][debug][gc,phases      ] GC(184)     Total                          Min: 11223, Avg: 12165.8, Max: 13056, Diff: 1833, Sum: 48663, Workers: 4
[856.420s][debug][gc,phases      ] GC(184)   ResolvedMethodTable Weak       Min:  0.0, Avg:  0.0, Max:  0.0, Diff:  0.0, Sum:  0.1, Workers: 4
[856.420s][debug][gc,phases      ] GC(184)     Dead                           Min: 0, Avg:  0.0, Max: 0, Diff: 0, Sum: 0, Workers: 4
[856.420s][debug][gc,phases      ] GC(184)     Total                          Min: 1920, Avg: 2257.8, Max: 2432, Diff: 512, Sum: 9031, Workers: 4
[856.420s][debug][gc,phases      ] GC(184)   JNI Weak                       Min:  0.0, Avg:  0.0, Max:  0.0, Diff:  0.0, Sum:  0.0, Workers: 4
[856.420s][debug][gc,phases      ] GC(184)     Dead                           Min: 0, Avg:  0.0, Max: 0, Diff: 0, Sum: 0, Workers: 4
[856.420s][debug][gc,phases      ] GC(184)     Total                          Min: 0, Avg:  0.0, Max: 0, Diff: 0, Sum: 0, Workers: 4
[856.420s][debug][gc,phases      ] GC(184)   StringDedup Table Weak         Min:  0.0, Avg:  0.0, Max:  0.0, Diff:  0.0, Sum:  0.0, Workers: 4
[856.420s][debug][gc,phases      ] GC(184)     Dead                           Min: 0, Avg:  0.0, Max: 0, Diff: 0, Sum: 0, Workers: 4
[856.420s][debug][gc,phases      ] GC(184)     Total                          Min: 0, Avg:  0.0, Max: 0, Diff: 0, Sum: 0, Workers: 4
[856.420s][debug][gc,phases      ] GC(184)   StringDedup Requests0 Weak     Min:  0.0, Avg:  0.0, Max:  0.0, Diff:  0.0, Sum:  0.0, Workers: 4
[856.420s][debug][gc,phases      ] GC(184)     Dead                           Min: 0, Avg:  0.0, Max: 0, Diff: 0, Sum: 0, Workers: 4
[856.420s][debug][gc,phases      ] GC(184)     Total                          Min: 0, Avg:  0.0, Max: 0, Diff: 0, Sum: 0, Workers: 4
[856.420s][debug][gc,phases      ] GC(184)   StringDedup Requests1 Weak     Min:  0.0, Avg:  0.0, Max:  0.0, Diff:  0.0, Sum:  0.0, Workers: 4
[856.420s][debug][gc,phases      ] GC(184)     Dead                           Min: 0, Avg:  0.0, Max: 0, Diff: 0, Sum: 0, Workers: 4
[856.420s][debug][gc,phases      ] GC(184)     Total                          Min: 0, Avg:  0.0, Max: 0, Diff: 0, Sum: 0, Workers: 4
[856.420s][debug][gc,phases      ] GC(184)   Weak JFR Old Object Samples    Min:  0.0, Avg:  0.0, Max:  0.0, Diff:  0.0, Sum:  0.0, Workers: 4
[856.420s][debug][gc,phases      ] GC(184)     Dead                           Min: 0, Avg:  0.0, Max: 0, Diff: 0, Sum: 0, Workers: 4
[856.420s][debug][gc,phases      ] GC(184)     Total                          Min: 0, Avg:  0.0, Max: 0, Diff: 0, Sum: 0, Workers: 4
[856.420s][debug][gc,phases      ] GC(184) Weak Processing 0.323ms
[856.420s][debug][gc,age         ] GC(184) Desired survivor size 26738688 bytes, new threshold 14 (max threshold 15)
[856.420s][info ][gc,heap        ] GC(184) PSYoungGen: 2067264K(2079744K)->17388K(2078208K) Eden: 2060800K(2060800K)->0K(2060800K) From: 6464K(18944K)->17388K(17408K)
[856.420s][info ][gc,heap        ] GC(184) ParOldGen: 655024K(734720K)->670404K(734720K)
[856.420s][info ][gc,metaspace   ] GC(184) Metaspace: 86480K(87424K)->86480K(87424K) NonClass: 74480K(75008K)->74480K(75008K) Class: 12000K(12416K)->12000K(12416K)
[856.420s][info ][gc             ] GC(184) Pause Young (Allocation Failure) 2658M->671M(2747M) 15.447ms
[856.420s][info ][gc,cpu         ] GC(184) User=0.05s Sys=0.01s Real=0.01s
[856.420s][info ][safepoint      ] Safepoint "ParallelGCFailedAllocation", Time since last: 291347855 ns, Reaching safepoint: 113502 ns, At safepoint: 15535718 ns, Total: 15649220 ns
[858.420s][info ][safepoint      ] Safepoint "Cleanup", Time since last: 2000147272 ns, Reaching safepoint: 52101 ns, At safepoint: 4000 ns, Total: 56101 ns
[859.420s][info ][safepoint      ] Safepoint "Cleanup", Time since last: 1000103730 ns, Reaching safepoint: 54101 ns, At safepoint: 5400 ns, Total: 59501 ns
[860.421s][info ][safepoint      ] Safepoint "Cleanup", Time since last: 1000107224 ns, Reaching safepoint: 54001 ns, At safepoint: 3300 ns, Total: 57301 ns
[861.421s][info ][safepoint      ] Safepoint "Cleanup", Time since last: 1000101920 ns, Reaching safepoint: 54901 ns, At safepoint: 8200 ns, Total: 63101 ns
[862.421s][info ][safepoint      ] Safepoint "Cleanup", Time since last: 1000096514 ns, Reaching safepoint: 70702 ns, At safepoint: 6800 ns, Total: 77502 ns
[865.421s][info ][safepoint      ] Safepoint "Cleanup", Time since last: 3000221912 ns, Reaching safepoint: 44401 ns, At safepoint: 3500 ns, Total: 47901 ns
[870.422s][info ][safepoint      ] Safepoint "Cleanup", Time since last: 5000352122 ns, Reaching safepoint: 57401 ns, At safepoint: 10600 ns, Total: 68001 ns
[871.422s][info ][safepoint      ] Safepoint "Cleanup", Time since last: 1000056970 ns, Reaching safepoint: 54301 ns, At safepoint: 3300 ns, Total: 57601 ns
[874.004s][info ][gc,start       ] GC(185) Pause Young (Allocation Failure)
[874.012s][debug][gc,phases      ] GC(185) Scavenge 7.711ms
[874.012s][debug][gc,ref         ] GC(185) Skipped phase 1 of Reference Processing: no references
[874.012s][debug][gc,ref         ] GC(185) ReferenceProcessor::execute queues: 1, RefProcThreadModel::Single, marks_oops_alive: false
[874.012s][debug][gc,ref         ] GC(185) Skipped phase 3 of Reference Processing: no references
[874.012s][debug][gc,ref         ] GC(185) ReferenceProcessor::execute queues: 1, RefProcThreadModel::Single, marks_oops_alive: false
[874.012s][debug][gc,phases      ] GC(185) Reference Processing 0.121ms
[874.012s][debug][gc,phases      ] GC(185)   VM Weak                        Min:  0.0, Avg:  0.0, Max:  0.0, Diff:  0.0, Sum:  0.0, Workers: 4
[874.012s][debug][gc,phases      ] GC(185)     Dead                           Min: 0, Avg:  0.0, Max: 0, Diff: 0, Sum: 0, Workers: 4
[874.012s][debug][gc,phases      ] GC(185)     Total                          Min: 0, Avg: 187.8, Max: 384, Diff: 384, Sum: 751, Workers: 4
[874.012s][debug][gc,phases      ] GC(185)   ObjectSynchronizer Weak        Min:  0.0, Avg:  0.0, Max:  0.0, Diff:  0.0, Sum:  0.0, Workers: 4
[874.012s][debug][gc,phases      ] GC(185)     Dead                           Min: 0, Avg:  0.0, Max: 0, Diff: 0, Sum: 0, Workers: 4
[874.012s][debug][gc,phases      ] GC(185)     Total                          Min: 0, Avg: 116.5, Max: 256, Diff: 256, Sum: 466, Workers: 4
[874.012s][debug][gc,phases      ] GC(185)   JVMTI Tag Weak OopStorage      Min:  0.0, Avg:  0.0, Max:  0.0, Diff:  0.0, Sum:  0.0, Workers: 4
[874.012s][debug][gc,phases      ] GC(185)     Dead                           Min: 0, Avg:  0.0, Max: 0, Diff: 0, Sum: 0, Workers: 4
[874.012s][debug][gc,phases      ] GC(185)     Total                          Min: 0, Avg:  0.0, Max: 0, Diff: 0, Sum: 0, Workers: 4
[874.012s][debug][gc,phases      ] GC(185)   StringTable Weak               Min:  0.1, Avg:  0.1, Max:  0.1, Diff:  0.0, Sum:  0.4, Workers: 4
[874.012s][debug][gc,phases      ] GC(185)     Dead                           Min: 0, Avg:  0.0, Max: 0, Diff: 0, Sum: 0, Workers: 4
[874.012s][debug][gc,phases      ] GC(185)     Total                          Min: 11415, Avg: 12165.8, Max: 12864, Diff: 1449, Sum: 48663, Workers: 4
[874.012s][debug][gc,phases      ] GC(185)   ResolvedMethodTable Weak       Min:  0.0, Avg:  0.0, Max:  0.0, Diff:  0.0, Sum:  0.1, Workers: 4
[874.012s][debug][gc,phases      ] GC(185)     Dead                           Min: 0, Avg:  0.0, Max: 0, Diff: 0, Sum: 0, Workers: 4
[874.012s][debug][gc,phases      ] GC(185)     Total                          Min: 2055, Avg: 2257.8, Max: 2368, Diff: 313, Sum: 9031, Workers: 4
[874.012s][debug][gc,phases      ] GC(185)   JNI Weak                       Min:  0.0, Avg:  0.0, Max:  0.0, Diff:  0.0, Sum:  0.0, Workers: 4
[874.012s][debug][gc,phases      ] GC(185)     Dead                           Min: 0, Avg:  0.0, Max: 0, Diff: 0, Sum: 0, Workers: 4
[874.012s][debug][gc,phases      ] GC(185)     Total                          Min: 0, Avg:  0.0, Max: 0, Diff: 0, Sum: 0, Workers: 4
[874.012s][debug][gc,phases      ] GC(185)   StringDedup Table Weak         Min:  0.0, Avg:  0.0, Max:  0.0, Diff:  0.0, Sum:  0.0, Workers: 4
[874.012s][debug][gc,phases      ] GC(185)     Dead                           Min: 0, Avg:  0.0, Max: 0, Diff: 0, Sum: 0, Workers: 4
[874.012s][debug][gc,phases      ] GC(185)     Total                          Min: 0, Avg:  0.0, Max: 0, Diff: 0, Sum: 0, Workers: 4
[874.012s][debug][gc,phases      ] GC(185)   StringDedup Requests0 Weak     Min:  0.0, Avg:  0.0, Max:  0.0, Diff:  0.0, Sum:  0.0, Workers: 4
[874.012s][debug][gc,phases      ] GC(185)     Dead                           Min: 0, Avg:  0.0, Max: 0, Diff: 0, Sum: 0, Workers: 4
[874.012s][debug][gc,phases      ] GC(185)     Total                          Min: 0, Avg:  0.0, Max: 0, Diff: 0, Sum: 0, Workers: 4
[874.012s][debug][gc,phases      ] GC(185)   StringDedup Requests1 Weak     Min:  0.0, Avg:  0.0, Max:  0.0, Diff:  0.0, Sum:  0.0, Workers: 4
[874.012s][debug][gc,phases      ] GC(185)     Dead                           Min: 0, Avg:  0.0, Max: 0, Diff: 0, Sum: 0, Workers: 4
[874.012s][debug][gc,phases      ] GC(185)     Total                          Min: 0, Avg:  0.0, Max: 0, Diff: 0, Sum: 0, Workers: 4
[874.012s][debug][gc,phases      ] GC(185)   Weak JFR Old Object Samples    Min:  0.0, Avg:  0.0, Max:  0.0, Diff:  0.0, Sum:  0.0, Workers: 4
[874.012s][debug][gc,phases      ] GC(185)     Dead                           Min: 0, Avg:  0.0, Max: 0, Diff: 0, Sum: 0, Workers: 4
[874.012s][debug][gc,phases      ] GC(185)     Total                          Min: 0, Avg:  0.0, Max: 0, Diff: 0, Sum: 0, Workers: 4
[874.012s][debug][gc,phases      ] GC(185) Weak Processing 0.330ms
[874.012s][debug][gc,age         ] GC(185) Desired survivor size 28835840 bytes, new threshold 13 (max threshold 15)
[874.012s][info ][gc,heap        ] GC(185) PSYoungGen: 2078188K(2078208K)->18932K(2059776K) Eden: 2060800K(2060800K)->0K(2040832K) From: 17388K(17408K)->18932K(18944K)
[874.012s][info ][gc,heap        ] GC(185) ParOldGen: 670404K(734720K)->670695K(734720K)
[874.012s][info ][gc,metaspace   ] GC(185) Metaspace: 86486K(87424K)->86486K(87424K) NonClass: 74485K(75008K)->74485K(75008K) Class: 12000K(12416K)->12000K(12416K)
[874.012s][info ][gc             ] GC(185) Pause Young (Allocation Failure) 2684M->673M(2729M) 8.295ms
[874.012s][info ][gc,cpu         ] GC(185) User=0.03s Sys=0.00s Real=0.01s
[874.012s][info ][safepoint      ] Safepoint "ParallelGCFailedAllocation", Time since last: 2582101671 ns, Reaching safepoint: 124602 ns, At safepoint: 8387371 ns, Total: 8511973 ns
[875.013s][info ][safepoint      ] Safepoint "Cleanup", Time since last: 1000083553 ns, Reaching safepoint: 120702 ns, At safepoint: 6100 ns, Total: 126802 ns
[877.013s][info ][safepoint      ] Safepoint "Cleanup", Time since last: 2000111390 ns, Reaching safepoint: 113103 ns, At safepoint: 9200 ns, Total: 122303 ns
[882.013s][info ][safepoint      ] Safepoint "Cleanup", Time since last: 5000378743 ns, Reaching safepoint: 129303 ns, At safepoint: 12000 ns, Total: 141303 ns
[884.014s][info ][safepoint      ] Safepoint "Cleanup", Time since last: 2000229426 ns, Reaching safepoint: 168303 ns, At safepoint: 14300 ns, Total: 182603 ns
[886.014s][info ][safepoint      ] Safepoint "Cleanup", Time since last: 2000168506 ns, Reaching safepoint: 112402 ns, At safepoint: 8600 ns, Total: 121002 ns
[887.014s][info ][safepoint      ] Safepoint "Cleanup", Time since last: 1000099696 ns, Reaching safepoint: 123903 ns, At safepoint: 8000 ns, Total: 131903 ns
[888.014s][info ][safepoint      ] Safepoint "Cleanup", Time since last: 1000115192 ns, Reaching safepoint: 119002 ns, At safepoint: 8600 ns, Total: 127602 ns
[889.015s][info ][safepoint      ] Safepoint "Cleanup", Time since last: 1000119087 ns, Reaching safepoint: 144003 ns, At safepoint: 13500 ns, Total: 157503 ns
[890.015s][info ][safepoint      ] Safepoint "Cleanup", Time since last: 1000119583 ns, Reaching safepoint: 119902 ns, At safepoint: 7700 ns, Total: 127602 ns
[891.608s][info ][gc,start       ] GC(186) Pause Young (Allocation Failure)
[891.616s][debug][gc,phases      ] GC(186) Scavenge 7.886ms
[891.616s][debug][gc,ref         ] GC(186) Skipped phase 1 of Reference Processing: no references
[891.616s][debug][gc,ref         ] GC(186) ReferenceProcessor::execute queues: 1, RefProcThreadModel::Single, marks_oops_alive: false
[891.616s][debug][gc,ref         ] GC(186) Skipped phase 3 of Reference Processing: no references
[891.616s][debug][gc,ref         ] GC(186) ReferenceProcessor::execute queues: 1, RefProcThreadModel::Single, marks_oops_alive: false
[891.616s][debug][gc,phases      ] GC(186) Reference Processing 0.118ms
[891.616s][debug][gc,phases      ] GC(186)   VM Weak                        Min:  0.0, Avg:  0.0, Max:  0.0, Diff:  0.0, Sum:  0.0, Workers: 4
[891.616s][debug][gc,phases      ] GC(186)     Dead                           Min: 0, Avg:  0.0, Max: 0, Diff: 0, Sum: 0, Workers: 4
[891.616s][debug][gc,phases      ] GC(186)     Total                          Min: 0, Avg: 187.8, Max: 384, Diff: 384, Sum: 751, Workers: 4
[891.616s][debug][gc,phases      ] GC(186)   ObjectSynchronizer Weak        Min:  0.0, Avg:  0.0, Max:  0.0, Diff:  0.0, Sum:  0.0, Workers: 4
[891.616s][debug][gc,phases      ] GC(186)     Dead                           Min: 0, Avg:  0.0, Max: 0, Diff: 0, Sum: 0, Workers: 4
[891.616s][debug][gc,phases      ] GC(186)     Total                          Min: 0, Avg: 116.5, Max: 192, Diff: 192, Sum: 466, Workers: 4
[891.616s][debug][gc,phases      ] GC(186)   JVMTI Tag Weak OopStorage      Min:  0.0, Avg:  0.0, Max:  0.0, Diff:  0.0, Sum:  0.0, Workers: 4
[891.616s][debug][gc,phases      ] GC(186)     Dead                           Min: 0, Avg:  0.0, Max: 0, Diff: 0, Sum: 0, Workers: 4
[891.616s][debug][gc,phases      ] GC(186)     Total                          Min: 0, Avg:  0.0, Max: 0, Diff: 0, Sum: 0, Workers: 4
[891.616s][debug][gc,phases      ] GC(186)   StringTable Weak               Min:  0.1, Avg:  0.1, Max:  0.1, Diff:  0.0, Sum:  0.4, Workers: 4
[891.616s][debug][gc,phases      ] GC(186)     Dead                           Min: 0, Avg:  0.0, Max: 0, Diff: 0, Sum: 0, Workers: 4
[891.616s][debug][gc,phases      ] GC(186)     Total                          Min: 11612, Avg: 12167.0, Max: 12672, Diff: 1060, Sum: 48668, Workers: 4
[891.616s][debug][gc,phases      ] GC(186)   ResolvedMethodTable Weak       Min:  0.0, Avg:  0.0, Max:  0.0, Diff:  0.0, Sum:  0.1, Workers: 4
[891.616s][debug][gc,phases      ] GC(186)     Dead                           Min: 0, Avg:  0.0, Max: 0, Diff: 0, Sum: 0, Workers: 4
[891.616s][debug][gc,phases      ] GC(186)     Total                          Min: 2055, Avg: 2257.8, Max: 2368, Diff: 313, Sum: 9031, Workers: 4
[891.617s][debug][gc,phases      ] GC(186)   JNI Weak                       Min:  0.0, Avg:  0.0, Max:  0.0, Diff:  0.0, Sum:  0.0, Workers: 4
[891.617s][debug][gc,phases      ] GC(186)     Dead                           Min: 0, Avg:  0.0, Max: 0, Diff: 0, Sum: 0, Workers: 4
[891.617s][debug][gc,phases      ] GC(186)     Total                          Min: 0, Avg:  0.0, Max: 0, Diff: 0, Sum: 0, Workers: 4
[891.617s][debug][gc,phases      ] GC(186)   StringDedup Table Weak         Min:  0.0, Avg:  0.0, Max:  0.0, Diff:  0.0, Sum:  0.0, Workers: 4
[891.617s][debug][gc,phases      ] GC(186)     Dead                           Min: 0, Avg:  0.0, Max: 0, Diff: 0, Sum: 0, Workers: 4
[891.617s][debug][gc,phases      ] GC(186)     Total                          Min: 0, Avg:  0.0, Max: 0, Diff: 0, Sum: 0, Workers: 4
[891.617s][debug][gc,phases      ] GC(186)   StringDedup Requests0 Weak     Min:  0.0, Avg:  0.0, Max:  0.0, Diff:  0.0, Sum:  0.0, Workers: 4
[891.617s][debug][gc,phases      ] GC(186)     Dead                           Min: 0, Avg:  0.0, Max: 0, Diff: 0, Sum: 0, Workers: 4
[891.617s][debug][gc,phases      ] GC(186)     Total                          Min: 0, Avg:  0.0, Max: 0, Diff: 0, Sum: 0, Workers: 4
[891.617s][debug][gc,phases      ] GC(186)   StringDedup Requests1 Weak     Min:  0.0, Avg:  0.0, Max:  0.0, Diff:  0.0, Sum:  0.0, Workers: 4
[891.617s][debug][gc,phases      ] GC(186)     Dead                           Min: 0, Avg:  0.0, Max: 0, Diff: 0, Sum: 0, Workers: 4
[891.617s][debug][gc,phases      ] GC(186)     Total                          Min: 0, Avg:  0.0, Max: 0, Diff: 0, Sum: 0, Workers: 4
[891.617s][debug][gc,phases      ] GC(186)   Weak JFR Old Object Samples    Min:  0.0, Avg:  0.0, Max:  0.0, Diff:  0.0, Sum:  0.0, Workers: 4
[891.617s][debug][gc,phases      ] GC(186)     Dead                           Min: 0, Avg:  0.0, Max: 0, Diff: 0, Sum: 0, Workers: 4
[891.617s][debug][gc,phases      ] GC(186)     Total                          Min: 0, Avg:  0.0, Max: 0, Diff: 0, Sum: 0, Workers: 4
[891.617s][debug][gc,phases      ] GC(186) Weak Processing 0.319ms
[891.617s][debug][gc,age         ] GC(186) Desired survivor size 30932992 bytes, new threshold 14 (max threshold 15)
[891.617s][info ][gc,heap        ] GC(186) PSYoungGen: 2059764K(2059776K)->19732K(2060800K) Eden: 2040832K(2040832K)->0K(2040832K) From: 18932K(18944K)->19732K(19968K)
[891.617s][info ][gc,heap        ] GC(186) ParOldGen: 670695K(734720K)->670759K(734720K)
[891.617s][info ][gc,metaspace   ] GC(186) Metaspace: 86498K(87488K)->86498K(87488K) NonClass: 74496K(75008K)->74496K(75008K) Class: 12002K(12480K)->12002K(12480K)
[891.617s][info ][gc             ] GC(186) Pause Young (Allocation Failure) 2666M->674M(2730M) 8.450ms
[891.617s][info ][gc,cpu         ] GC(186) User=0.03s Sys=0.00s Real=0.01s
[891.617s][info ][safepoint      ] Safepoint "ParallelGCFailedAllocation", Time since last: 1593003697 ns, Reaching safepoint: 123602 ns, At safepoint: 8531473 ns, Total: 8655075 ns
[896.617s][info ][safepoint      ] Safepoint "Cleanup", Time since last: 5000350800 ns, Reaching safepoint: 50801 ns, At safepoint: 4500 ns, Total: 55301 ns
[897.617s][info ][safepoint      ] Safepoint "Cleanup", Time since last: 1000101147 ns, Reaching safepoint: 50201 ns, At safepoint: 6100 ns, Total: 56301 ns
[898.617s][info ][safepoint      ] Safepoint "Cleanup", Time since last: 1000094042 ns, Reaching safepoint: 44901 ns, At safepoint: 3300 ns, Total: 48201 ns
[899.618s][info ][safepoint      ] Safepoint "Cleanup", Time since last: 1000095037 ns, Reaching safepoint: 62002 ns, At safepoint: 6300 ns, Total: 68302 ns
[900.618s][info ][safepoint      ] Safepoint "Cleanup", Time since last: 1000088932 ns, Reaching safepoint: 117203 ns, At safepoint: 10000 ns, Total: 127203 ns
[901.618s][info ][safepoint      ] Safepoint "Cleanup", Time since last: 1000112629 ns, Reaching safepoint: 57001 ns, At safepoint: 10300 ns, Total: 67301 ns
[903.618s][info ][safepoint      ] Safepoint "Cleanup", Time since last: 2000162242 ns, Reaching safepoint: 43401 ns, At safepoint: 3200 ns, Total: 46601 ns
[904.618s][info ][safepoint      ] Safepoint "Cleanup", Time since last: 1000102215 ns, Reaching safepoint: 114402 ns, At safepoint: 6401 ns, Total: 120803 ns
[907.619s][info ][safepoint      ] Safepoint "Cleanup", Time since last: 3000240115 ns, Reaching safepoint: 48701 ns, At safepoint: 3700 ns, Total: 52401 ns
[908.619s][info ][safepoint      ] Safepoint "Cleanup", Time since last: 1000099097 ns, Reaching safepoint: 57801 ns, At safepoint: 4100 ns, Total: 61901 ns
[910.205s][info ][safepoint      ] Safepoint "ParallelGCFailedAllocation", Time since last: 1586153923 ns, Reaching safepoint: 32201 ns, At safepoint: 11800 ns, Total: 44001 ns
[910.205s][info ][gc,start       ] GC(187) Pause Young (GCLocker Initiated GC)
[910.212s][debug][gc,phases      ] GC(187) Scavenge 6.781ms
[910.212s][debug][gc,ref         ] GC(187) Skipped phase 1 of Reference Processing: no references
[910.212s][debug][gc,ref         ] GC(187) ReferenceProcessor::execute queues: 1, RefProcThreadModel::Single, marks_oops_alive: false
[910.212s][debug][gc,ref         ] GC(187) Skipped phase 3 of Reference Processing: no references
[910.212s][debug][gc,ref         ] GC(187) ReferenceProcessor::execute queues: 1, RefProcThreadModel::Single, marks_oops_alive: false
[910.212s][debug][gc,phases      ] GC(187) Reference Processing 0.123ms
[910.212s][debug][gc,phases      ] GC(187)   VM Weak                        Min:  0.0, Avg:  0.0, Max:  0.0, Diff:  0.0, Sum:  0.0, Workers: 4
[910.212s][debug][gc,phases      ] GC(187)     Dead                           Min: 0, Avg:  0.0, Max: 0, Diff: 0, Sum: 0, Workers: 4
[910.212s][debug][gc,phases      ] GC(187)     Total                          Min: 0, Avg: 187.8, Max: 512, Diff: 512, Sum: 751, Workers: 4
[910.212s][debug][gc,phases      ] GC(187)   ObjectSynchronizer Weak        Min:  0.0, Avg:  0.0, Max:  0.0, Diff:  0.0, Sum:  0.0, Workers: 4
[910.212s][debug][gc,phases      ] GC(187)     Dead                           Min: 0, Avg:  0.0, Max: 0, Diff: 0, Sum: 0, Workers: 4
[910.212s][debug][gc,phases      ] GC(187)     Total                          Min: 0, Avg: 116.5, Max: 256, Diff: 256, Sum: 466, Workers: 4
[910.212s][debug][gc,phases      ] GC(187)   JVMTI Tag Weak OopStorage      Min:  0.0, Avg:  0.0, Max:  0.0, Diff:  0.0, Sum:  0.0, Workers: 4
[910.212s][debug][gc,phases      ] GC(187)     Dead                           Min: 0, Avg:  0.0, Max: 0, Diff: 0, Sum: 0, Workers: 4
[910.212s][debug][gc,phases      ] GC(187)     Total                          Min: 0, Avg:  0.0, Max: 0, Diff: 0, Sum: 0, Workers: 4
[910.212s][debug][gc,phases      ] GC(187)   StringTable Weak               Min:  0.1, Avg:  0.1, Max:  0.1, Diff:  0.0, Sum:  0.5, Workers: 4
[910.212s][debug][gc,phases      ] GC(187)     Dead                           Min: 0, Avg:  0.0, Max: 0, Diff: 0, Sum: 0, Workers: 4
[910.212s][debug][gc,phases      ] GC(187)     Total                          Min: 3549, Avg: 12167.2, Max: 15424, Diff: 11875, Sum: 48669, Workers: 4
[910.212s][debug][gc,phases      ] GC(187)   ResolvedMethodTable Weak       Min:  0.0, Avg:  0.0, Max:  0.0, Diff:  0.0, Sum:  0.1, Workers: 4
[910.212s][debug][gc,phases      ] GC(187)     Dead                           Min: 0, Avg:  0.0, Max: 0, Diff: 0, Sum: 0, Workers: 4
[910.212s][debug][gc,phases      ] GC(187)     Total                          Min: 2176, Avg: 2258.0, Max: 2312, Diff: 136, Sum: 9032, Workers: 4
[910.212s][debug][gc,phases      ] GC(187)   JNI Weak                       Min:  0.0, Avg:  0.0, Max:  0.0, Diff:  0.0, Sum:  0.0, Workers: 4
[910.212s][debug][gc,phases      ] GC(187)     Dead                           Min: 0, Avg:  0.0, Max: 0, Diff: 0, Sum: 0, Workers: 4
[910.212s][debug][gc,phases      ] GC(187)     Total                          Min: 0, Avg:  0.0, Max: 0, Diff: 0, Sum: 0, Workers: 4
[910.212s][debug][gc,phases      ] GC(187)   StringDedup Table Weak         Min:  0.0, Avg:  0.0, Max:  0.0, Diff:  0.0, Sum:  0.0, Workers: 4
[910.212s][debug][gc,phases      ] GC(187)     Dead                           Min: 0, Avg:  0.0, Max: 0, Diff: 0, Sum: 0, Workers: 4
[910.212s][debug][gc,phases      ] GC(187)     Total                          Min: 0, Avg:  0.0, Max: 0, Diff: 0, Sum: 0, Workers: 4
[910.212s][debug][gc,phases      ] GC(187)   StringDedup Requests0 Weak     Min:  0.0, Avg:  0.0, Max:  0.0, Diff:  0.0, Sum:  0.0, Workers: 4
[910.212s][debug][gc,phases      ] GC(187)     Dead                           Min: 0, Avg:  0.0, Max: 0, Diff: 0, Sum: 0, Workers: 4
[910.212s][debug][gc,phases      ] GC(187)     Total                          Min: 0, Avg:  0.0, Max: 0, Diff: 0, Sum: 0, Workers: 4
[910.212s][debug][gc,phases      ] GC(187)   StringDedup Requests1 Weak     Min:  0.0, Avg:  0.0, Max:  0.0, Diff:  0.0, Sum:  0.0, Workers: 4
[910.212s][debug][gc,phases      ] GC(187)     Dead                           Min: 0, Avg:  0.0, Max: 0, Diff: 0, Sum: 0, Workers: 4
[910.212s][debug][gc,phases      ] GC(187)     Total                          Min: 0, Avg:  0.0, Max: 0, Diff: 0, Sum: 0, Workers: 4
[910.212s][debug][gc,phases      ] GC(187)   Weak JFR Old Object Samples    Min:  0.0, Avg:  0.0, Max:  0.0, Diff:  0.0, Sum:  0.0, Workers: 4
[910.212s][debug][gc,phases      ] GC(187)     Dead                           Min: 0, Avg:  0.0, Max: 0, Diff: 0, Sum: 0, Workers: 4
[910.212s][debug][gc,phases      ] GC(187)     Total                          Min: 0, Avg:  0.0, Max: 0, Diff: 0, Sum: 0, Workers: 4
[910.212s][debug][gc,phases      ] GC(187) Weak Processing 0.341ms
[910.212s][debug][gc,age         ] GC(187) Desired survivor size 32505856 bytes, new threshold 15 (max threshold 15)
[910.212s][info ][gc,heap        ] GC(187) PSYoungGen: 2060564K(2060800K)->20172K(2063872K) Eden: 2040832K(2040832K)->0K(2033664K) From: 19732K(19968K)->20172K(30208K)
[910.212s][info ][gc,heap        ] GC(187) ParOldGen: 670759K(734720K)->670767K(734720K)
[910.212s][info ][gc,metaspace   ] GC(187) Metaspace: 86509K(87488K)->86509K(87488K) NonClass: 74506K(75008K)->74506K(75008K) Class: 12003K(12480K)->12003K(12480K)
[910.212s][info ][gc             ] GC(187) Pause Young (GCLocker Initiated GC) 2667M->674M(2733M) 7.353ms
[910.212s][info ][gc,cpu         ] GC(187) User=0.03s Sys=0.00s Real=0.01s
[910.213s][info ][safepoint      ] Safepoint "ParallelGCSystemGC", Time since last: 78001 ns, Reaching safepoint: 16601 ns, At safepoint: 7422850 ns, Total: 7439451 ns
[917.213s][info ][safepoint      ] Safepoint "Cleanup", Time since last: 7000526897 ns, Reaching safepoint: 119703 ns, At safepoint: 5900 ns, Total: 125603 ns
[919.213s][info ][safepoint      ] Safepoint "Cleanup", Time since last: 2000179003 ns, Reaching safepoint: 123202 ns, At safepoint: 13601 ns, Total: 136803 ns
[922.214s][info ][safepoint      ] Safepoint "Cleanup", Time since last: 3000222920 ns, Reaching safepoint: 126103 ns, At safepoint: 10300 ns, Total: 136403 ns
[923.214s][info ][safepoint      ] Safepoint "Cleanup", Time since last: 1000094232 ns, Reaching safepoint: 101702 ns, At safepoint: 7300 ns, Total: 109002 ns
[924.214s][info ][safepoint      ] Safepoint "Cleanup", Time since last: 1000099727 ns, Reaching safepoint: 51801 ns, At safepoint: 9000 ns, Total: 60801 ns
[926.214s][info ][safepoint      ] Safepoint "Cleanup", Time since last: 2000171042 ns, Reaching safepoint: 51301 ns, At safepoint: 24300 ns, Total: 75601 ns
[928.518s][info ][gc,start       ] GC(188) Pause Young (Allocation Failure)
[928.525s][debug][gc,phases      ] GC(188) Scavenge 6.388ms
[928.525s][debug][gc,ref         ] GC(188) Skipped phase 1 of Reference Processing: no references
[928.525s][debug][gc,ref         ] GC(188) ReferenceProcessor::execute queues: 1, RefProcThreadModel::Single, marks_oops_alive: false
[928.525s][debug][gc,ref         ] GC(188) Skipped phase 3 of Reference Processing: no references
[928.525s][debug][gc,ref         ] GC(188) ReferenceProcessor::execute queues: 1, RefProcThreadModel::Single, marks_oops_alive: false
[928.525s][debug][gc,phases      ] GC(188) Reference Processing 0.141ms
[928.525s][debug][gc,phases      ] GC(188)   VM Weak                        Min:  0.0, Avg:  0.0, Max:  0.0, Diff:  0.0, Sum:  0.0, Workers: 4
[928.525s][debug][gc,phases      ] GC(188)     Dead                           Min: 0, Avg:  0.0, Max: 0, Diff: 0, Sum: 0, Workers: 4
[928.525s][debug][gc,phases      ] GC(188)     Total                          Min: 0, Avg: 187.8, Max: 512, Diff: 512, Sum: 751, Workers: 4
[928.525s][debug][gc,phases      ] GC(188)   ObjectSynchronizer Weak        Min:  0.0, Avg:  0.0, Max:  0.0, Diff:  0.0, Sum:  0.0, Workers: 4
[928.525s][debug][gc,phases      ] GC(188)     Dead                           Min: 0, Avg:  0.0, Max: 0, Diff: 0, Sum: 0, Workers: 4
[928.525s][debug][gc,phases      ] GC(188)     Total                          Min: 0, Avg: 116.5, Max: 256, Diff: 256, Sum: 466, Workers: 4
[928.525s][debug][gc,phases      ] GC(188)   JVMTI Tag Weak OopStorage      Min:  0.0, Avg:  0.0, Max:  0.0, Diff:  0.0, Sum:  0.0, Workers: 4
[928.525s][debug][gc,phases      ] GC(188)     Dead                           Min: 0, Avg:  0.0, Max: 0, Diff: 0, Sum: 0, Workers: 4
[928.525s][debug][gc,phases      ] GC(188)     Total                          Min: 0, Avg:  0.0, Max: 0, Diff: 0, Sum: 0, Workers: 4
[928.525s][debug][gc,phases      ] GC(188)   StringTable Weak               Min:  0.1, Avg:  0.1, Max:  0.1, Diff:  0.0, Sum:  0.4, Workers: 4
[928.525s][debug][gc,phases      ] GC(188)     Dead                           Min: 0, Avg:  0.0, Max: 0, Diff: 0, Sum: 0, Workers: 4
[928.525s][debug][gc,phases      ] GC(188)     Total                          Min: 11904, Avg: 12167.5, Max: 12288, Diff: 384, Sum: 48670, Workers: 4
[928.525s][debug][gc,phases      ] GC(188)   ResolvedMethodTable Weak       Min:  0.0, Avg:  0.0, Max:  0.0, Diff:  0.0, Sum:  0.1, Workers: 4
[928.525s][debug][gc,phases      ] GC(188)     Dead                           Min: 0, Avg:  0.0, Max: 0, Diff: 0, Sum: 0, Workers: 4
[928.525s][debug][gc,phases      ] GC(188)     Total                          Min: 2176, Avg: 2258.0, Max: 2312, Diff: 136, Sum: 9032, Workers: 4
[928.525s][debug][gc,phases      ] GC(188)   JNI Weak                       Min:  0.0, Avg:  0.0, Max:  0.0, Diff:  0.0, Sum:  0.0, Workers: 4
[928.525s][debug][gc,phases      ] GC(188)     Dead                           Min: 0, Avg:  0.0, Max: 0, Diff: 0, Sum: 0, Workers: 4
[928.525s][debug][gc,phases      ] GC(188)     Total                          Min: 0, Avg:  0.0, Max: 0, Diff: 0, Sum: 0, Workers: 4
[928.525s][debug][gc,phases      ] GC(188)   StringDedup Table Weak         Min:  0.0, Avg:  0.0, Max:  0.0, Diff:  0.0, Sum:  0.0, Workers: 4
[928.525s][debug][gc,phases      ] GC(188)     Dead                           Min: 0, Avg:  0.0, Max: 0, Diff: 0, Sum: 0, Workers: 4
[928.525s][debug][gc,phases      ] GC(188)     Total                          Min: 0, Avg:  0.0, Max: 0, Diff: 0, Sum: 0, Workers: 4
[928.525s][debug][gc,phases      ] GC(188)   StringDedup Requests0 Weak     Min:  0.0, Avg:  0.0, Max:  0.0, Diff:  0.0, Sum:  0.0, Workers: 4
[928.525s][debug][gc,phases      ] GC(188)     Dead                           Min: 0, Avg:  0.0, Max: 0, Diff: 0, Sum: 0, Workers: 4
[928.525s][debug][gc,phases      ] GC(188)     Total                          Min: 0, Avg:  0.0, Max: 0, Diff: 0, Sum: 0, Workers: 4
[928.525s][debug][gc,phases      ] GC(188)   StringDedup Requests1 Weak     Min:  0.0, Avg:  0.0, Max:  0.0, Diff:  0.0, Sum:  0.0, Workers: 4
[928.525s][debug][gc,phases      ] GC(188)     Dead                           Min: 0, Avg:  0.0, Max: 0, Diff: 0, Sum: 0, Workers: 4
[928.525s][debug][gc,phases      ] GC(188)     Total                          Min: 0, Avg:  0.0, Max: 0, Diff: 0, Sum: 0, Workers: 4
[928.525s][debug][gc,phases      ] GC(188)   Weak JFR Old Object Samples    Min:  0.0, Avg:  0.0, Max:  0.0, Diff:  0.0, Sum:  0.0, Workers: 4
[928.525s][debug][gc,phases      ] GC(188)     Dead                           Min: 0, Avg:  0.0, Max: 0, Diff: 0, Sum: 0, Workers: 4
[928.525s][debug][gc,phases      ] GC(188)     Total                          Min: 0, Avg:  0.0, Max: 0, Diff: 0, Sum: 0, Workers: 4
[928.525s][debug][gc,phases      ] GC(188) Weak Processing 0.311ms
[928.525s][debug][gc,age         ] GC(188) Desired survivor size 33554432 bytes, new threshold 15 (max threshold 15)
[928.525s][info ][gc,heap        ] GC(188) PSYoungGen: 2053836K(2063872K)->20460K(2054144K) Eden: 2033664K(2033664K)->0K(2033664K) From: 20172K(30208K)->20460K(20480K)
[928.525s][info ][gc,heap        ] GC(188) ParOldGen: 670769K(734720K)->670769K(734720K)
[928.525s][info ][gc,metaspace   ] GC(188) Metaspace: 86514K(87488K)->86514K(87488K) NonClass: 74511K(75008K)->74511K(75008K) Class: 12003K(12480K)->12003K(12480K)
[928.525s][info ][gc             ] GC(188) Pause Young (Allocation Failure) 2660M->675M(2723M) 6.987ms
[928.525s][info ][gc,cpu         ] GC(188) User=0.03s Sys=0.00s Real=0.01s
[928.525s][info ][safepoint      ] Safepoint "ParallelGCFailedAllocation", Time since last: 2303728327 ns, Reaching safepoint: 36001 ns, At safepoint: 7070442 ns, Total: 7106443 ns
[935.526s][info ][safepoint      ] Safepoint "Cleanup", Time since last: 7000474136 ns, Reaching safepoint: 53701 ns, At safepoint: 3400 ns, Total: 57101 ns
[936.526s][info ][safepoint      ] Safepoint "Cleanup", Time since last: 1000112275 ns, Reaching safepoint: 74002 ns, At safepoint: 3200 ns, Total: 77202 ns
[937.526s][info ][safepoint      ] Safepoint "Cleanup", Time since last: 1000104970 ns, Reaching safepoint: 50201 ns, At safepoint: 4800 ns, Total: 55001 ns
[941.378s][info ][safepoint      ] Safepoint "Cleanup", Time since last: 3851480752 ns, Reaching safepoint: 56901 ns, At safepoint: 7300 ns, Total: 64201 ns
[942.378s][info ][safepoint      ] Safepoint "Cleanup", Time since last: 1000098850 ns, Reaching safepoint: 101902 ns, At safepoint: 5800 ns, Total: 107702 ns
[943.378s][info ][safepoint      ] Safepoint "Cleanup", Time since last: 1000098645 ns, Reaching safepoint: 50401 ns, At safepoint: 5801 ns, Total: 56202 ns
[946.257s][info ][gc,start       ] GC(189) Pause Young (Allocation Failure)
[946.265s][debug][gc,phases      ] GC(189) Scavenge 7.520ms
[946.265s][debug][gc,ref         ] GC(189) Skipped phase 1 of Reference Processing: no references
[946.265s][debug][gc,ref         ] GC(189) ReferenceProcessor::execute queues: 1, RefProcThreadModel::Single, marks_oops_alive: false
[946.265s][debug][gc,ref         ] GC(189) Skipped phase 3 of Reference Processing: no references
[946.265s][debug][gc,ref         ] GC(189) ReferenceProcessor::execute queues: 1, RefProcThreadModel::Single, marks_oops_alive: false
[946.265s][debug][gc,phases      ] GC(189) Reference Processing 0.121ms
[946.265s][debug][gc,phases      ] GC(189)   VM Weak                        Min:  0.0, Avg:  0.0, Max:  0.0, Diff:  0.0, Sum:  0.0, Workers: 4
[946.265s][debug][gc,phases      ] GC(189)     Dead                           Min: 0, Avg:  0.0, Max: 0, Diff: 0, Sum: 0, Workers: 4
[946.265s][debug][gc,phases      ] GC(189)     Total                          Min: 0, Avg: 187.8, Max: 559, Diff: 559, Sum: 751, Workers: 4
[946.265s][debug][gc,phases      ] GC(189)   ObjectSynchronizer Weak        Min:  0.0, Avg:  0.0, Max:  0.0, Diff:  0.0, Sum:  0.0, Workers: 4
[946.265s][debug][gc,phases      ] GC(189)     Dead                           Min: 0, Avg:  0.0, Max: 0, Diff: 0, Sum: 0, Workers: 4
[946.265s][debug][gc,phases      ] GC(189)     Total                          Min: 0, Avg: 116.5, Max: 256, Diff: 256, Sum: 466, Workers: 4
[946.265s][debug][gc,phases      ] GC(189)   JVMTI Tag Weak OopStorage      Min:  0.0, Avg:  0.0, Max:  0.0, Diff:  0.0, Sum:  0.0, Workers: 4
[946.265s][debug][gc,phases      ] GC(189)     Dead                           Min: 0, Avg:  0.0, Max: 0, Diff: 0, Sum: 0, Workers: 4
[946.265s][debug][gc,phases      ] GC(189)     Total                          Min: 0, Avg:  0.0, Max: 0, Diff: 0, Sum: 0, Workers: 4
[946.265s][debug][gc,phases      ] GC(189)   StringTable Weak               Min:  0.1, Avg:  0.1, Max:  0.1, Diff:  0.0, Sum:  0.4, Workers: 4
[946.265s][debug][gc,phases      ] GC(189)     Dead                           Min: 0, Avg:  0.2, Max: 1, Diff: 1, Sum: 1, Workers: 4
[946.265s][debug][gc,phases      ] GC(189)     Total                          Min: 11584, Avg: 12168.8, Max: 12992, Diff: 1408, Sum: 48675, Workers: 4
[946.265s][debug][gc,phases      ] GC(189)   ResolvedMethodTable Weak       Min:  0.0, Avg:  0.0, Max:  0.0, Diff:  0.0, Sum:  0.1, Workers: 4
[946.265s][debug][gc,phases      ] GC(189)     Dead                           Min: 0, Avg:  0.0, Max: 0, Diff: 0, Sum: 0, Workers: 4
[946.265s][debug][gc,phases      ] GC(189)     Total                          Min: 2126, Avg: 2259.5, Max: 2496, Diff: 370, Sum: 9038, Workers: 4
[946.265s][debug][gc,phases      ] GC(189)   JNI Weak                       Min:  0.0, Avg:  0.0, Max:  0.0, Diff:  0.0, Sum:  0.0, Workers: 4
[946.265s][debug][gc,phases      ] GC(189)     Dead                           Min: 0, Avg:  0.0, Max: 0, Diff: 0, Sum: 0, Workers: 4
[946.265s][debug][gc,phases      ] GC(189)     Total                          Min: 0, Avg:  0.0, Max: 0, Diff: 0, Sum: 0, Workers: 4
[946.265s][debug][gc,phases      ] GC(189)   StringDedup Table Weak         Min:  0.0, Avg:  0.0, Max:  0.0, Diff:  0.0, Sum:  0.0, Workers: 4
[946.265s][debug][gc,phases      ] GC(189)     Dead                           Min: 0, Avg:  0.0, Max: 0, Diff: 0, Sum: 0, Workers: 4
[946.265s][debug][gc,phases      ] GC(189)     Total                          Min: 0, Avg:  0.0, Max: 0, Diff: 0, Sum: 0, Workers: 4
[946.265s][debug][gc,phases      ] GC(189)   StringDedup Requests0 Weak     Min:  0.0, Avg:  0.0, Max:  0.0, Diff:  0.0, Sum:  0.0, Workers: 4
[946.265s][debug][gc,phases      ] GC(189)     Dead                           Min: 0, Avg:  0.0, Max: 0, Diff: 0, Sum: 0, Workers: 4
[946.265s][debug][gc,phases      ] GC(189)     Total                          Min: 0, Avg:  0.0, Max: 0, Diff: 0, Sum: 0, Workers: 4
[946.265s][debug][gc,phases      ] GC(189)   StringDedup Requests1 Weak     Min:  0.0, Avg:  0.0, Max:  0.0, Diff:  0.0, Sum:  0.0, Workers: 4
[946.265s][debug][gc,phases      ] GC(189)     Dead                           Min: 0, Avg:  0.0, Max: 0, Diff: 0, Sum: 0, Workers: 4
[946.265s][debug][gc,phases      ] GC(189)     Total                          Min: 0, Avg:  0.0, Max: 0, Diff: 0, Sum: 0, Workers: 4
[946.265s][debug][gc,phases      ] GC(189)   Weak JFR Old Object Samples    Min:  0.0, Avg:  0.0, Max:  0.0, Diff:  0.0, Sum:  0.0, Workers: 4
[946.265s][debug][gc,phases      ] GC(189)     Dead                           Min: 0, Avg:  0.0, Max: 0, Diff: 0, Sum: 0, Workers: 4
[946.265s][debug][gc,phases      ] GC(189)     Total                          Min: 0, Avg:  0.0, Max: 0, Diff: 0, Sum: 0, Workers: 4
[946.265s][debug][gc,phases      ] GC(189) Weak Processing 0.336ms
[946.265s][debug][gc,age         ] GC(189) Desired survivor size 34603008 bytes, new threshold 15 (max threshold 15)
[946.265s][info ][gc,heap        ] GC(189) PSYoungGen: 2054124K(2054144K)->21348K(2062336K) Eden: 2033664K(2033664K)->0K(2029568K) From: 20460K(20480K)->21348K(32768K)
[946.265s][info ][gc,heap        ] GC(189) ParOldGen: 670769K(734720K)->670785K(734720K)
[946.265s][info ][gc,metaspace   ] GC(189) Metaspace: 86529K(87552K)->86529K(87552K) NonClass: 74524K(75072K)->74524K(75072K) Class: 12004K(12480K)->12004K(12480K)
[946.265s][info ][gc             ] GC(189) Pause Young (Allocation Failure) 2661M->675M(2731M) 8.109ms
[946.265s][info ][gc,cpu         ] GC(189) User=0.03s Sys=0.00s Real=0.01s
[946.265s][info ][safepoint      ] Safepoint "ParallelGCFailedAllocation", Time since last: 2878922279 ns, Reaching safepoint: 115003 ns, At safepoint: 8191564 ns, Total: 8306567 ns
[949.266s][info ][safepoint      ] Safepoint "Cleanup", Time since last: 3000170872 ns, Reaching safepoint: 44601 ns, At safepoint: 4300 ns, Total: 48901 ns
[957.266s][info ][safepoint      ] Safepoint "Cleanup", Time since last: 8000600513 ns, Reaching safepoint: 56301 ns, At safepoint: 30200 ns, Total: 86501 ns
[960.266s][info ][safepoint      ] Safepoint "Cleanup", Time since last: 3000208937 ns, Reaching safepoint: 55001 ns, At safepoint: 4900 ns, Total: 59901 ns
[962.267s][info ][safepoint      ] Safepoint "Cleanup", Time since last: 2000162538 ns, Reaching safepoint: 63902 ns, At safepoint: 11800 ns, Total: 75702 ns
[963.267s][info ][safepoint      ] Safepoint "Cleanup", Time since last: 1000111563 ns, Reaching safepoint: 121703 ns, At safepoint: 6000 ns, Total: 127703 ns
[964.055s][info ][gc,start       ] GC(190) Pause Young (Allocation Failure)
[964.062s][debug][gc,phases      ] GC(190) Scavenge 6.544ms
[964.062s][debug][gc,ref         ] GC(190) Skipped phase 1 of Reference Processing: no references
[964.062s][debug][gc,ref         ] GC(190) ReferenceProcessor::execute queues: 1, RefProcThreadModel::Single, marks_oops_alive: false
[964.062s][debug][gc,ref         ] GC(190) Skipped phase 3 of Reference Processing: no references
[964.062s][debug][gc,ref         ] GC(190) ReferenceProcessor::execute queues: 1, RefProcThreadModel::Single, marks_oops_alive: false
[964.062s][debug][gc,phases      ] GC(190) Reference Processing 0.138ms
[964.062s][debug][gc,phases      ] GC(190)   VM Weak                        Min:  0.0, Avg:  0.0, Max:  0.0, Diff:  0.0, Sum:  0.0, Workers: 4
[964.062s][debug][gc,phases      ] GC(190)     Dead                           Min: 0, Avg:  0.0, Max: 0, Diff: 0, Sum: 0, Workers: 4
[964.062s][debug][gc,phases      ] GC(190)     Total                          Min: 0, Avg: 188.0, Max: 752, Diff: 752, Sum: 752, Workers: 4
[964.062s][debug][gc,phases      ] GC(190)   ObjectSynchronizer Weak        Min:  0.0, Avg:  0.0, Max:  0.0, Diff:  0.0, Sum:  0.0, Workers: 4
[964.062s][debug][gc,phases      ] GC(190)     Dead                           Min: 0, Avg:  0.0, Max: 0, Diff: 0, Sum: 0, Workers: 4
[964.062s][debug][gc,phases      ] GC(190)     Total                          Min: 0, Avg: 116.5, Max: 448, Diff: 448, Sum: 466, Workers: 4
[964.062s][debug][gc,phases      ] GC(190)   JVMTI Tag Weak OopStorage      Min:  0.0, Avg:  0.0, Max:  0.0, Diff:  0.0, Sum:  0.0, Workers: 4
[964.062s][debug][gc,phases      ] GC(190)     Dead                           Min: 0, Avg:  0.0, Max: 0, Diff: 0, Sum: 0, Workers: 4
[964.062s][debug][gc,phases      ] GC(190)     Total                          Min: 0, Avg:  0.0, Max: 0, Diff: 0, Sum: 0, Workers: 4
[964.062s][debug][gc,phases      ] GC(190)   StringTable Weak               Min:  0.1, Avg:  0.1, Max:  0.1, Diff:  0.0, Sum:  0.4, Workers: 4
[964.062s][debug][gc,phases      ] GC(190)     Dead                           Min: 0, Avg:  0.0, Max: 0, Diff: 0, Sum: 0, Workers: 4
[964.062s][debug][gc,phases      ] GC(190)     Total                          Min: 11520, Avg: 12169.0, Max: 12608, Diff: 1088, Sum: 48676, Workers: 4
[964.062s][debug][gc,phases      ] GC(190)   ResolvedMethodTable Weak       Min:  0.0, Avg:  0.0, Max:  0.0, Diff:  0.0, Sum:  0.1, Workers: 4
[964.062s][debug][gc,phases      ] GC(190)     Dead                           Min: 0, Avg:  0.0, Max: 0, Diff: 0, Sum: 0, Workers: 4
[964.062s][debug][gc,phases      ] GC(190)     Total                          Min: 2190, Avg: 2259.5, Max: 2368, Diff: 178, Sum: 9038, Workers: 4
[964.062s][debug][gc,phases      ] GC(190)   JNI Weak                       Min:  0.0, Avg:  0.0, Max:  0.0, Diff:  0.0, Sum:  0.0, Workers: 4
[964.062s][debug][gc,phases      ] GC(190)     Dead                           Min: 0, Avg:  0.0, Max: 0, Diff: 0, Sum: 0, Workers: 4
[964.062s][debug][gc,phases      ] GC(190)     Total                          Min: 0, Avg:  0.0, Max: 0, Diff: 0, Sum: 0, Workers: 4
[964.062s][debug][gc,phases      ] GC(190)   StringDedup Table Weak         Min:  0.0, Avg:  0.0, Max:  0.0, Diff:  0.0, Sum:  0.0, Workers: 4
[964.062s][debug][gc,phases      ] GC(190)     Dead                           Min: 0, Avg:  0.0, Max: 0, Diff: 0, Sum: 0, Workers: 4
[964.062s][debug][gc,phases      ] GC(190)     Total                          Min: 0, Avg:  0.0, Max: 0, Diff: 0, Sum: 0, Workers: 4
[964.062s][debug][gc,phases      ] GC(190)   StringDedup Requests0 Weak     Min:  0.0, Avg:  0.0, Max:  0.0, Diff:  0.0, Sum:  0.0, Workers: 4
[964.062s][debug][gc,phases      ] GC(190)     Dead                           Min: 0, Avg:  0.0, Max: 0, Diff: 0, Sum: 0, Workers: 4
[964.062s][debug][gc,phases      ] GC(190)     Total                          Min: 0, Avg:  0.0, Max: 0, Diff: 0, Sum: 0, Workers: 4
[964.062s][debug][gc,phases      ] GC(190)   StringDedup Requests1 Weak     Min:  0.0, Avg:  0.0, Max:  0.0, Diff:  0.0, Sum:  0.0, Workers: 4
[964.062s][debug][gc,phases      ] GC(190)     Dead                           Min: 0, Avg:  0.0, Max: 0, Diff: 0, Sum: 0, Workers: 4
[964.062s][debug][gc,phases      ] GC(190)     Total                          Min: 0, Avg:  0.0, Max: 0, Diff: 0, Sum: 0, Workers: 4
[964.062s][debug][gc,phases      ] GC(190)   Weak JFR Old Object Samples    Min:  0.0, Avg:  0.0, Max:  0.0, Diff:  0.0, Sum:  0.0, Workers: 4
[964.062s][debug][gc,phases      ] GC(190)     Dead                           Min: 0, Avg:  0.0, Max: 0, Diff: 0, Sum: 0, Workers: 4
[964.062s][debug][gc,phases      ] GC(190)     Total                          Min: 0, Avg:  0.0, Max: 0, Diff: 0, Sum: 0, Workers: 4
[964.062s][debug][gc,phases      ] GC(190) Weak Processing 0.343ms
[964.062s][debug][gc,age         ] GC(190) Desired survivor size 35651584 bytes, new threshold 15 (max threshold 15)
[964.062s][info ][gc,heap        ] GC(190) PSYoungGen: 2050916K(2062336K)->21580K(2051584K) Eden: 2029568K(2029568K)->0K(2029568K) From: 21348K(32768K)->21580K(22016K)
[964.062s][info ][gc,heap        ] GC(190) ParOldGen: 670785K(734720K)->670801K(734720K)
[964.062s][info ][gc,metaspace   ] GC(190) Metaspace: 86541K(87552K)->86541K(87552K) NonClass: 74536K(75072K)->74536K(75072K) Class: 12005K(12480K)->12005K(12480K)
[964.062s][info ][gc             ] GC(190) Pause Young (Allocation Failure) 2657M->676M(2721M) 7.161ms
[964.062s][info ][gc,cpu         ] GC(190) User=0.03s Sys=0.00s Real=0.00s
[964.062s][info ][safepoint      ] Safepoint "ParallelGCFailedAllocation", Time since last: 787973726 ns, Reaching safepoint: 101902 ns, At safepoint: 7246445 ns, Total: 7348347 ns
[965.204s][info ][safepoint      ] Safepoint "Cleanup", Time since last: 1141833084 ns, Reaching safepoint: 114602 ns, At safepoint: 13100 ns, Total: 127702 ns
[966.204s][info ][safepoint      ] Safepoint "Cleanup", Time since last: 1000104952 ns, Reaching safepoint: 130302 ns, At safepoint: 13500 ns, Total: 143802 ns
[968.205s][info ][safepoint      ] Safepoint "Cleanup", Time since last: 2000188291 ns, Reaching safepoint: 123803 ns, At safepoint: 8800 ns, Total: 132603 ns
[975.205s][info ][safepoint      ] Safepoint "Cleanup", Time since last: 7000531588 ns, Reaching safepoint: 121503 ns, At safepoint: 8600 ns, Total: 130103 ns
[977.206s][info ][safepoint      ] Safepoint "Cleanup", Time since last: 2000175019 ns, Reaching safepoint: 118302 ns, At safepoint: 9500 ns, Total: 127802 ns
[980.206s][info ][safepoint      ] Safepoint "Cleanup", Time since last: 3000284599 ns, Reaching safepoint: 127103 ns, At safepoint: 14600 ns, Total: 141703 ns
[981.206s][info ][safepoint      ] Safepoint "Cleanup", Time since last: 1000147293 ns, Reaching safepoint: 117802 ns, At safepoint: 10201 ns, Total: 128003 ns
[981.605s][info ][gc,start       ] GC(191) Pause Young (Allocation Failure)
[981.613s][debug][gc,phases      ] GC(191) Scavenge 7.909ms
[981.613s][debug][gc,ref         ] GC(191) Skipped phase 1 of Reference Processing: no references
[981.613s][debug][gc,ref         ] GC(191) ReferenceProcessor::execute queues: 1, RefProcThreadModel::Single, marks_oops_alive: false
[981.613s][debug][gc,ref         ] GC(191) Skipped phase 3 of Reference Processing: no references
[981.613s][debug][gc,ref         ] GC(191) ReferenceProcessor::execute queues: 1, RefProcThreadModel::Single, marks_oops_alive: false
[981.613s][debug][gc,phases      ] GC(191) Reference Processing 0.122ms
[981.613s][debug][gc,phases      ] GC(191)   VM Weak                        Min:  0.0, Avg:  0.0, Max:  0.0, Diff:  0.0, Sum:  0.0, Workers: 4
[981.613s][debug][gc,phases      ] GC(191)     Dead                           Min: 0, Avg:  0.0, Max: 0, Diff: 0, Sum: 0, Workers: 4
[981.613s][debug][gc,phases      ] GC(191)     Total                          Min: 0, Avg: 188.0, Max: 432, Diff: 432, Sum: 752, Workers: 4
[981.613s][debug][gc,phases      ] GC(191)   ObjectSynchronizer Weak        Min:  0.0, Avg:  0.0, Max:  0.0, Diff:  0.0, Sum:  0.0, Workers: 4
[981.613s][debug][gc,phases      ] GC(191)     Dead                           Min: 0, Avg:  0.0, Max: 0, Diff: 0, Sum: 0, Workers: 4
[981.613s][debug][gc,phases      ] GC(191)     Total                          Min: 0, Avg: 116.5, Max: 274, Diff: 274, Sum: 466, Workers: 4
[981.613s][debug][gc,phases      ] GC(191)   JVMTI Tag Weak OopStorage      Min:  0.0, Avg:  0.0, Max:  0.0, Diff:  0.0, Sum:  0.0, Workers: 4
[981.613s][debug][gc,phases      ] GC(191)     Dead                           Min: 0, Avg:  0.0, Max: 0, Diff: 0, Sum: 0, Workers: 4
[981.613s][debug][gc,phases      ] GC(191)     Total                          Min: 0, Avg:  0.0, Max: 0, Diff: 0, Sum: 0, Workers: 4
[981.613s][debug][gc,phases      ] GC(191)   StringTable Weak               Min:  0.1, Avg:  0.1, Max:  0.1, Diff:  0.0, Sum:  0.4, Workers: 4
[981.613s][debug][gc,phases      ] GC(191)     Dead                           Min: 0, Avg:  0.0, Max: 0, Diff: 0, Sum: 0, Workers: 4
[981.613s][debug][gc,phases      ] GC(191)     Total                          Min: 11520, Avg: 12170.8, Max: 13355, Diff: 1835, Sum: 48683, Workers: 4
[981.613s][debug][gc,phases      ] GC(191)   ResolvedMethodTable Weak       Min:  0.0, Avg:  0.0, Max:  0.0, Diff:  0.0, Sum:  0.1, Workers: 4
[981.613s][debug][gc,phases      ] GC(191)     Dead                           Min: 0, Avg:  0.0, Max: 0, Diff: 0, Sum: 0, Workers: 4
[981.613s][debug][gc,phases      ] GC(191)     Total                          Min: 2176, Avg: 2259.8, Max: 2383, Diff: 207, Sum: 9039, Workers: 4
[981.613s][debug][gc,phases      ] GC(191)   JNI Weak                       Min:  0.0, Avg:  0.0, Max:  0.0, Diff:  0.0, Sum:  0.0, Workers: 4
[981.613s][debug][gc,phases      ] GC(191)     Dead                           Min: 0, Avg:  0.0, Max: 0, Diff: 0, Sum: 0, Workers: 4
[981.613s][debug][gc,phases      ] GC(191)     Total                          Min: 0, Avg:  0.0, Max: 0, Diff: 0, Sum: 0, Workers: 4
[981.613s][debug][gc,phases      ] GC(191)   StringDedup Table Weak         Min:  0.0, Avg:  0.0, Max:  0.0, Diff:  0.0, Sum:  0.0, Workers: 4
[981.613s][debug][gc,phases      ] GC(191)     Dead                           Min: 0, Avg:  0.0, Max: 0, Diff: 0, Sum: 0, Workers: 4
[981.613s][debug][gc,phases      ] GC(191)     Total                          Min: 0, Avg:  0.0, Max: 0, Diff: 0, Sum: 0, Workers: 4
[981.613s][debug][gc,phases      ] GC(191)   StringDedup Requests0 Weak     Min:  0.0, Avg:  0.0, Max:  0.0, Diff:  0.0, Sum:  0.0, Workers: 4
[981.613s][debug][gc,phases      ] GC(191)     Dead                           Min: 0, Avg:  0.0, Max: 0, Diff: 0, Sum: 0, Workers: 4
[981.613s][debug][gc,phases      ] GC(191)     Total                          Min: 0, Avg:  0.0, Max: 0, Diff: 0, Sum: 0, Workers: 4
[981.613s][debug][gc,phases      ] GC(191)   StringDedup Requests1 Weak     Min:  0.0, Avg:  0.0, Max:  0.0, Diff:  0.0, Sum:  0.0, Workers: 4
[981.613s][debug][gc,phases      ] GC(191)     Dead                           Min: 0, Avg:  0.0, Max: 0, Diff: 0, Sum: 0, Workers: 4
[981.613s][debug][gc,phases      ] GC(191)     Total                          Min: 0, Avg:  0.0, Max: 0, Diff: 0, Sum: 0, Workers: 4
[981.613s][debug][gc,phases      ] GC(191)   Weak JFR Old Object Samples    Min:  0.0, Avg:  0.0, Max:  0.0, Diff:  0.0, Sum:  0.0, Workers: 4
[981.613s][debug][gc,phases      ] GC(191)     Dead                           Min: 0, Avg:  0.0, Max: 0, Diff: 0, Sum: 0, Workers: 4
[981.613s][debug][gc,phases      ] GC(191)     Total                          Min: 0, Avg:  0.0, Max: 0, Diff: 0, Sum: 0, Workers: 4
[981.613s][debug][gc,phases      ] GC(191) Weak Processing 0.334ms
[981.613s][debug][gc,age         ] GC(191) Desired survivor size 36175872 bytes, new threshold 15 (max threshold 15)
[981.613s][info ][gc,heap        ] GC(191) PSYoungGen: 2051148K(2051584K)->21437K(2061312K) Eden: 2029568K(2029568K)->0K(2026496K) From: 21580K(22016K)->21437K(34816K)
[981.613s][info ][gc,heap        ] GC(191) ParOldGen: 670801K(734720K)->670841K(734720K)
[981.613s][info ][gc,metaspace   ] GC(191) Metaspace: 86583K(87552K)->86583K(87552K) NonClass: 74577K(75072K)->74577K(75072K) Class: 12006K(12480K)->12006K(12480K)
[981.613s][info ][gc             ] GC(191) Pause Young (Allocation Failure) 2658M->676M(2730M) 8.504ms
[981.613s][info ][gc,cpu         ] GC(191) User=0.03s Sys=0.00s Real=0.01s
[981.613s][info ][safepoint      ] Safepoint "ParallelGCFailedAllocation", Time since last: 397879512 ns, Reaching safepoint: 157503 ns, At safepoint: 8588271 ns, Total: 8745774 ns
[982.613s][info ][safepoint      ] Safepoint "Cleanup", Time since last: 1000094287 ns, Reaching safepoint: 147002 ns, At safepoint: 10801 ns, Total: 157803 ns
[985.614s][info ][safepoint      ] Safepoint "Cleanup", Time since last: 3000259135 ns, Reaching safepoint: 126202 ns, At safepoint: 10201 ns, Total: 136403 ns
[986.614s][info ][safepoint      ] Safepoint "Cleanup", Time since last: 1000095571 ns, Reaching safepoint: 125902 ns, At safepoint: 9700 ns, Total: 135602 ns
[987.616s][info ][safepoint      ] Safepoint "Cleanup", Time since last: 1002007805 ns, Reaching safepoint: 49101 ns, At safepoint: 6700 ns, Total: 55801 ns
[995.617s][info ][safepoint      ] Safepoint "Cleanup", Time since last: 8000544094 ns, Reaching safepoint: 51001 ns, At safepoint: 8700 ns, Total: 59701 ns
[997.617s][info ][safepoint      ] Safepoint "Cleanup", Time since last: 2000176161 ns, Reaching safepoint: 50301 ns, At safepoint: 3500 ns, Total: 53801 ns
[999.306s][info ][safepoint      ] Safepoint "ParallelGCFailedAllocation", Time since last: 1688803275 ns, Reaching safepoint: 47001 ns, At safepoint: 12100 ns, Total: 59101 ns
[999.306s][info ][gc,start       ] GC(192) Pause Young (GCLocker Initiated GC)
[999.313s][debug][gc,phases      ] GC(192) Scavenge 7.382ms
[999.313s][debug][gc,ref         ] GC(192) Skipped phase 1 of Reference Processing: no references
[999.313s][debug][gc,ref         ] GC(192) ReferenceProcessor::execute queues: 1, RefProcThreadModel::Single, marks_oops_alive: false
[999.313s][debug][gc,ref         ] GC(192) Skipped phase 3 of Reference Processing: no references
[999.313s][debug][gc,ref         ] GC(192) ReferenceProcessor::execute queues: 1, RefProcThreadModel::Single, marks_oops_alive: false
[999.313s][debug][gc,phases      ] GC(192) Reference Processing 0.127ms
[999.314s][debug][gc,phases      ] GC(192)   VM Weak                        Min:  0.0, Avg:  0.0, Max:  0.0, Diff:  0.0, Sum:  0.0, Workers: 4
[999.314s][debug][gc,phases      ] GC(192)     Dead                           Min: 0, Avg:  0.0, Max: 0, Diff: 0, Sum: 0, Workers: 4
[999.314s][debug][gc,phases      ] GC(192)     Total                          Min: 0, Avg: 188.0, Max: 688, Diff: 688, Sum: 752, Workers: 4
[999.314s][debug][gc,phases      ] GC(192)   ObjectSynchronizer Weak        Min:  0.0, Avg:  0.0, Max:  0.0, Diff:  0.0, Sum:  0.0, Workers: 4
[999.314s][debug][gc,phases      ] GC(192)     Dead                           Min: 0, Avg:  0.0, Max: 0, Diff: 0, Sum: 0, Workers: 4
[999.314s][debug][gc,phases      ] GC(192)     Total                          Min: 0, Avg: 116.5, Max: 256, Diff: 256, Sum: 466, Workers: 4
[999.314s][debug][gc,phases      ] GC(192)   JVMTI Tag Weak OopStorage      Min:  0.0, Avg:  0.0, Max:  0.0, Diff:  0.0, Sum:  0.0, Workers: 4
[999.314s][debug][gc,phases      ] GC(192)     Dead                           Min: 0, Avg:  0.0, Max: 0, Diff: 0, Sum: 0, Workers: 4
[999.314s][debug][gc,phases      ] GC(192)     Total                          Min: 0, Avg:  0.0, Max: 0, Diff: 0, Sum: 0, Workers: 4
[999.314s][debug][gc,phases      ] GC(192)   StringTable Weak               Min:  0.1, Avg:  0.1, Max:  0.1, Diff:  0.0, Sum:  0.4, Workers: 4
[999.314s][debug][gc,phases      ] GC(192)     Dead                           Min: 0, Avg:  0.0, Max: 0, Diff: 0, Sum: 0, Workers: 4
[999.314s][debug][gc,phases      ] GC(192)     Total                          Min: 10944, Avg: 12170.8, Max: 13824, Diff: 2880, Sum: 48683, Workers: 4
[999.314s][debug][gc,phases      ] GC(192)   ResolvedMethodTable Weak       Min:  0.0, Avg:  0.0, Max:  0.0, Diff:  0.0, Sum:  0.1, Workers: 4
[999.314s][debug][gc,phases      ] GC(192)     Dead                           Min: 0, Avg:  0.0, Max: 0, Diff: 0, Sum: 0, Workers: 4
[999.314s][debug][gc,phases      ] GC(192)     Total                          Min: 2176, Avg: 2259.8, Max: 2432, Diff: 256, Sum: 9039, Workers: 4
[999.314s][debug][gc,phases      ] GC(192)   JNI Weak                       Min:  0.0, Avg:  0.0, Max:  0.0, Diff:  0.0, Sum:  0.0, Workers: 4
[999.314s][debug][gc,phases      ] GC(192)     Dead                           Min: 0, Avg:  0.0, Max: 0, Diff: 0, Sum: 0, Workers: 4
[999.314s][debug][gc,phases      ] GC(192)     Total                          Min: 0, Avg:  0.0, Max: 0, Diff: 0, Sum: 0, Workers: 4
[999.314s][debug][gc,phases      ] GC(192)   StringDedup Table Weak         Min:  0.0, Avg:  0.0, Max:  0.0, Diff:  0.0, Sum:  0.0, Workers: 4
[999.314s][debug][gc,phases      ] GC(192)     Dead                           Min: 0, Avg:  0.0, Max: 0, Diff: 0, Sum: 0, Workers: 4
[999.314s][debug][gc,phases      ] GC(192)     Total                          Min: 0, Avg:  0.0, Max: 0, Diff: 0, Sum: 0, Workers: 4
[999.314s][debug][gc,phases      ] GC(192)   StringDedup Requests0 Weak     Min:  0.0, Avg:  0.0, Max:  0.0, Diff:  0.0, Sum:  0.0, Workers: 4
[999.314s][debug][gc,phases      ] GC(192)     Dead                           Min: 0, Avg:  0.0, Max: 0, Diff: 0, Sum: 0, Workers: 4
[999.314s][debug][gc,phases      ] GC(192)     Total                          Min: 0, Avg:  0.0, Max: 0, Diff: 0, Sum: 0, Workers: 4
[999.314s][debug][gc,phases      ] GC(192)   StringDedup Requests1 Weak     Min:  0.0, Avg:  0.0, Max:  0.0, Diff:  0.0, Sum:  0.0, Workers: 4
[999.314s][debug][gc,phases      ] GC(192)     Dead                           Min: 0, Avg:  0.0, Max: 0, Diff: 0, Sum: 0, Workers: 4
[999.314s][debug][gc,phases      ] GC(192)     Total                          Min: 0, Avg:  0.0, Max: 0, Diff: 0, Sum: 0, Workers: 4
[999.314s][debug][gc,phases      ] GC(192)   Weak JFR Old Object Samples    Min:  0.0, Avg:  0.0, Max:  0.0, Diff:  0.0, Sum:  0.0, Workers: 4
[999.314s][debug][gc,phases      ] GC(192)     Dead                           Min: 0, Avg:  0.0, Max: 0, Diff: 0, Sum: 0, Workers: 4
[999.314s][debug][gc,phases      ] GC(192)     Total                          Min: 0, Avg:  0.0, Max: 0, Diff: 0, Sum: 0, Workers: 4
[999.314s][debug][gc,phases      ] GC(192) Weak Processing 0.343ms
[999.314s][debug][gc,age         ] GC(192) Desired survivor size 36700160 bytes, new threshold 15 (max threshold 15)
[999.314s][info ][gc,heap        ] GC(192) PSYoungGen: 2047933K(2061312K)->21732K(2048512K) Eden: 2026496K(2026496K)->0K(2026496K) From: 21437K(34816K)->21732K(22016K)
[999.314s][info ][gc,heap        ] GC(192) ParOldGen: 670857K(734720K)->670873K(734720K)
[999.314s][info ][gc,metaspace   ] GC(192) Metaspace: 86597K(87616K)->86597K(87616K) NonClass: 74588K(75136K)->74588K(75136K) Class: 12009K(12480K)->12009K(12480K)
[999.314s][info ][gc             ] GC(192) Pause Young (GCLocker Initiated GC) 2655M->676M(2718M) 7.961ms
[999.314s][info ][gc,cpu         ] GC(192) User=0.03s Sys=0.00s Real=0.01s
[999.314s][info ][safepoint      ] Safepoint "ParallelGCSystemGC", Time since last: 76202 ns, Reaching safepoint: 15800 ns, At safepoint: 8035559 ns, Total: 8051359 ns
[1001.314s][info ][safepoint      ] Safepoint "Cleanup", Time since last: 2000151633 ns, Reaching safepoint: 171503 ns, At safepoint: 6000 ns, Total: 177503 ns
[1002.314s][info ][safepoint      ] Safepoint "Cleanup", Time since last: 1000096512 ns, Reaching safepoint: 88701 ns, At safepoint: 8500 ns, Total: 97201 ns
[1004.315s][info ][safepoint      ] Safepoint "Cleanup", Time since last: 2000175111 ns, Reaching safepoint: 49101 ns, At safepoint: 3400 ns, Total: 52501 ns
[1006.315s][info ][safepoint      ] Safepoint "Cleanup", Time since last: 2000170896 ns, Reaching safepoint: 123302 ns, At safepoint: 7200 ns, Total: 130502 ns
[1015.316s][info ][safepoint      ] Safepoint "Cleanup", Time since last: 9000607194 ns, Reaching safepoint: 44601 ns, At safepoint: 3200 ns, Total: 47801 ns
[1017.154s][info ][gc,start       ] GC(193) Pause Young (Allocation Failure)
[1017.161s][debug][gc,phases      ] GC(193) Scavenge 6.636ms
[1017.161s][debug][gc,ref         ] GC(193) Skipped phase 1 of Reference Processing: no references
[1017.161s][debug][gc,ref         ] GC(193) ReferenceProcessor::execute queues: 1, RefProcThreadModel::Single, marks_oops_alive: false
[1017.161s][debug][gc,ref         ] GC(193) Skipped phase 3 of Reference Processing: no references
[1017.161s][debug][gc,ref         ] GC(193) ReferenceProcessor::execute queues: 1, RefProcThreadModel::Single, marks_oops_alive: false
[1017.161s][debug][gc,phases      ] GC(193) Reference Processing 0.121ms
[1017.161s][debug][gc,phases      ] GC(193)   VM Weak                        Min:  0.0, Avg:  0.0, Max:  0.0, Diff:  0.0, Sum:  0.0, Workers: 4
[1017.161s][debug][gc,phases      ] GC(193)     Dead                           Min: 0, Avg:  0.0, Max: 0, Diff: 0, Sum: 0, Workers: 4
[1017.161s][debug][gc,phases      ] GC(193)     Total                          Min: 0, Avg: 188.0, Max: 496, Diff: 496, Sum: 752, Workers: 4
[1017.161s][debug][gc,phases      ] GC(193)   ObjectSynchronizer Weak        Min:  0.0, Avg:  0.0, Max:  0.0, Diff:  0.0, Sum:  0.0, Workers: 4
[1017.161s][debug][gc,phases      ] GC(193)     Dead                           Min: 0, Avg:  0.0, Max: 0, Diff: 0, Sum: 0, Workers: 4
[1017.161s][debug][gc,phases      ] GC(193)     Total                          Min: 0, Avg: 116.5, Max: 274, Diff: 274, Sum: 466, Workers: 4
[1017.161s][debug][gc,phases      ] GC(193)   JVMTI Tag Weak OopStorage      Min:  0.0, Avg:  0.0, Max:  0.0, Diff:  0.0, Sum:  0.0, Workers: 4
[1017.161s][debug][gc,phases      ] GC(193)     Dead                           Min: 0, Avg:  0.0, Max: 0, Diff: 0, Sum: 0, Workers: 4
[1017.161s][debug][gc,phases      ] GC(193)     Total                          Min: 0, Avg:  0.0, Max: 0, Diff: 0, Sum: 0, Workers: 4
[1017.161s][debug][gc,phases      ] GC(193)   StringTable Weak               Min:  0.1, Avg:  0.1, Max:  0.1, Diff:  0.0, Sum:  0.4, Workers: 4
[1017.161s][debug][gc,phases      ] GC(193)     Dead                           Min: 0, Avg:  0.0, Max: 0, Diff: 0, Sum: 0, Workers: 4
[1017.161s][debug][gc,phases      ] GC(193)     Total                          Min: 11456, Avg: 12170.8, Max: 12651, Diff: 1195, Sum: 48683, Workers: 4
[1017.161s][debug][gc,phases      ] GC(193)   ResolvedMethodTable Weak       Min:  0.0, Avg:  0.0, Max:  0.0, Diff:  0.0, Sum:  0.1, Workers: 4
[1017.161s][debug][gc,phases      ] GC(193)     Dead                           Min: 0, Avg:  0.0, Max: 0, Diff: 0, Sum: 0, Workers: 4
[1017.161s][debug][gc,phases      ] GC(193)     Total                          Min: 2176, Avg: 2259.8, Max: 2368, Diff: 192, Sum: 9039, Workers: 4
[1017.161s][debug][gc,phases      ] GC(193)   JNI Weak                       Min:  0.0, Avg:  0.0, Max:  0.0, Diff:  0.0, Sum:  0.0, Workers: 4
[1017.161s][debug][gc,phases      ] GC(193)     Dead                           Min: 0, Avg:  0.0, Max: 0, Diff: 0, Sum: 0, Workers: 4
[1017.161s][debug][gc,phases      ] GC(193)     Total                          Min: 0, Avg:  0.0, Max: 0, Diff: 0, Sum: 0, Workers: 4
[1017.161s][debug][gc,phases      ] GC(193)   StringDedup Table Weak         Min:  0.0, Avg:  0.0, Max:  0.0, Diff:  0.0, Sum:  0.0, Workers: 4
[1017.161s][debug][gc,phases      ] GC(193)     Dead                           Min: 0, Avg:  0.0, Max: 0, Diff: 0, Sum: 0, Workers: 4
[1017.161s][debug][gc,phases      ] GC(193)     Total                          Min: 0, Avg:  0.0, Max: 0, Diff: 0, Sum: 0, Workers: 4
[1017.161s][debug][gc,phases      ] GC(193)   StringDedup Requests0 Weak     Min:  0.0, Avg:  0.0, Max:  0.0, Diff:  0.0, Sum:  0.0, Workers: 4
[1017.161s][debug][gc,phases      ] GC(193)     Dead                           Min: 0, Avg:  0.0, Max: 0, Diff: 0, Sum: 0, Workers: 4
[1017.161s][debug][gc,phases      ] GC(193)     Total                          Min: 0, Avg:  0.0, Max: 0, Diff: 0, Sum: 0, Workers: 4
[1017.161s][debug][gc,phases      ] GC(193)   StringDedup Requests1 Weak     Min:  0.0, Avg:  0.0, Max:  0.0, Diff:  0.0, Sum:  0.0, Workers: 4
[1017.161s][debug][gc,phases      ] GC(193)     Dead                           Min: 0, Avg:  0.0, Max: 0, Diff: 0, Sum: 0, Workers: 4
[1017.161s][debug][gc,phases      ] GC(193)     Total                          Min: 0, Avg:  0.0, Max: 0, Diff: 0, Sum: 0, Workers: 4
[1017.161s][debug][gc,phases      ] GC(193)   Weak JFR Old Object Samples    Min:  0.0, Avg:  0.0, Max:  0.0, Diff:  0.0, Sum:  0.0, Workers: 4
[1017.161s][debug][gc,phases      ] GC(193)     Dead                           Min: 0, Avg:  0.0, Max: 0, Diff: 0, Sum: 0, Workers: 4
[1017.161s][debug][gc,phases      ] GC(193)     Total                          Min: 0, Avg:  0.0, Max: 0, Diff: 0, Sum: 0, Workers: 4
[1017.161s][debug][gc,phases      ] GC(193) Weak Processing 0.334ms
[1017.161s][debug][gc,age         ] GC(193) Desired survivor size 37224448 bytes, new threshold 15 (max threshold 15)
[1017.161s][info ][gc,heap        ] GC(193) PSYoungGen: 2048228K(2048512K)->21836K(2060288K) Eden: 2026496K(2026496K)->0K(2024448K) From: 21732K(22016K)->21836K(35840K)
[1017.161s][info ][gc,heap        ] GC(193) ParOldGen: 670891K(734720K)->670907K(734720K)
[1017.161s][info ][gc,metaspace   ] GC(193) Metaspace: 86599K(87616K)->86599K(87616K) NonClass: 74590K(75136K)->74590K(75136K) Class: 12009K(12480K)->12009K(12480K)
[1017.161s][info ][gc             ] GC(193) Pause Young (Allocation Failure) 2655M->676M(2729M) 7.233ms
[1017.161s][info ][gc,cpu         ] GC(193) User=0.03s Sys=0.00s Real=0.00s
[1017.161s][info ][safepoint      ] Safepoint "ParallelGCFailedAllocation", Time since last: 1838199116 ns, Reaching safepoint: 118802 ns, At safepoint: 7322544 ns, Total: 7441346 ns
[1018.161s][info ][safepoint      ] Safepoint "Cleanup", Time since last: 1000080153 ns, Reaching safepoint: 124002 ns, At safepoint: 6300 ns, Total: 130302 ns
[1028.162s][info ][safepoint      ] Safepoint "Cleanup", Time since last: 10000723023 ns, Reaching safepoint: 131103 ns, At safepoint: 9400 ns, Total: 140503 ns
[1031.163s][info ][safepoint      ] Safepoint "Cleanup", Time since last: 3000220827 ns, Reaching safepoint: 116902 ns, At safepoint: 6000 ns, Total: 122902 ns
[1035.010s][info ][gc,start       ] GC(194) Pause Young (Allocation Failure)
[1035.016s][debug][gc,phases      ] GC(194) Scavenge 6.750ms
[1035.016s][debug][gc,ref         ] GC(194) Skipped phase 1 of Reference Processing: no references
[1035.016s][debug][gc,ref         ] GC(194) ReferenceProcessor::execute queues: 1, RefProcThreadModel::Single, marks_oops_alive: false
[1035.016s][debug][gc,ref         ] GC(194) Skipped phase 3 of Reference Processing: no references
[1035.016s][debug][gc,ref         ] GC(194) ReferenceProcessor::execute queues: 1, RefProcThreadModel::Single, marks_oops_alive: false
[1035.016s][debug][gc,phases      ] GC(194) Reference Processing 0.121ms
[1035.017s][debug][gc,phases      ] GC(194)   VM Weak                        Min:  0.0, Avg:  0.0, Max:  0.0, Diff:  0.0, Sum:  0.0, Workers: 4
[1035.017s][debug][gc,phases      ] GC(194)     Dead                           Min: 0, Avg:  0.0, Max: 0, Diff: 0, Sum: 0, Workers: 4
[1035.017s][debug][gc,phases      ] GC(194)     Total                          Min: 0, Avg: 188.0, Max: 752, Diff: 752, Sum: 752, Workers: 4
[1035.017s][debug][gc,phases      ] GC(194)   ObjectSynchronizer Weak        Min:  0.0, Avg:  0.0, Max:  0.0, Diff:  0.0, Sum:  0.0, Workers: 4
[1035.017s][debug][gc,phases      ] GC(194)     Dead                           Min: 0, Avg:  0.0, Max: 0, Diff: 0, Sum: 0, Workers: 4
[1035.017s][debug][gc,phases      ] GC(194)     Total                          Min: 0, Avg: 116.5, Max: 338, Diff: 338, Sum: 466, Workers: 4
[1035.017s][debug][gc,phases      ] GC(194)   JVMTI Tag Weak OopStorage      Min:  0.0, Avg:  0.0, Max:  0.0, Diff:  0.0, Sum:  0.0, Workers: 4
[1035.017s][debug][gc,phases      ] GC(194)     Dead                           Min: 0, Avg:  0.0, Max: 0, Diff: 0, Sum: 0, Workers: 4
[1035.017s][debug][gc,phases      ] GC(194)     Total                          Min: 0, Avg:  0.0, Max: 0, Diff: 0, Sum: 0, Workers: 4
[1035.017s][debug][gc,phases      ] GC(194)   StringTable Weak               Min:  0.1, Avg:  0.1, Max:  0.1, Diff:  0.0, Sum:  0.4, Workers: 4
[1035.017s][debug][gc,phases      ] GC(194)     Dead                           Min: 0, Avg:  0.0, Max: 0, Diff: 0, Sum: 0, Workers: 4
[1035.017s][debug][gc,phases      ] GC(194)     Total                          Min: 11456, Avg: 12170.8, Max: 12992, Diff: 1536, Sum: 48683, Workers: 4
[1035.017s][debug][gc,phases      ] GC(194)   ResolvedMethodTable Weak       Min:  0.0, Avg:  0.0, Max:  0.0, Diff:  0.0, Sum:  0.1, Workers: 4
[1035.017s][debug][gc,phases      ] GC(194)     Dead                           Min: 0, Avg:  0.0, Max: 0, Diff: 0, Sum: 0, Workers: 4
[1035.017s][debug][gc,phases      ] GC(194)     Total                          Min: 2240, Avg: 2259.8, Max: 2304, Diff: 64, Sum: 9039, Workers: 4
[1035.017s][debug][gc,phases      ] GC(194)   JNI Weak                       Min:  0.0, Avg:  0.0, Max:  0.0, Diff:  0.0, Sum:  0.0, Workers: 4
[1035.017s][debug][gc,phases      ] GC(194)     Dead                           Min: 0, Avg:  0.0, Max: 0, Diff: 0, Sum: 0, Workers: 4
[1035.017s][debug][gc,phases      ] GC(194)     Total                          Min: 0, Avg:  0.0, Max: 0, Diff: 0, Sum: 0, Workers: 4
[1035.017s][debug][gc,phases      ] GC(194)   StringDedup Table Weak         Min:  0.0, Avg:  0.0, Max:  0.0, Diff:  0.0, Sum:  0.0, Workers: 4
[1035.017s][debug][gc,phases      ] GC(194)     Dead                           Min: 0, Avg:  0.0, Max: 0, Diff: 0, Sum: 0, Workers: 4
[1035.017s][debug][gc,phases      ] GC(194)     Total                          Min: 0, Avg:  0.0, Max: 0, Diff: 0, Sum: 0, Workers: 4
[1035.017s][debug][gc,phases      ] GC(194)   StringDedup Requests0 Weak     Min:  0.0, Avg:  0.0, Max:  0.0, Diff:  0.0, Sum:  0.0, Workers: 4
[1035.017s][debug][gc,phases      ] GC(194)     Dead                           Min: 0, Avg:  0.0, Max: 0, Diff: 0, Sum: 0, Workers: 4
[1035.017s][debug][gc,phases      ] GC(194)     Total                          Min: 0, Avg:  0.0, Max: 0, Diff: 0, Sum: 0, Workers: 4
[1035.017s][debug][gc,phases      ] GC(194)   StringDedup Requests1 Weak     Min:  0.0, Avg:  0.0, Max:  0.0, Diff:  0.0, Sum:  0.0, Workers: 4
[1035.017s][debug][gc,phases      ] GC(194)     Dead                           Min: 0, Avg:  0.0, Max: 0, Diff: 0, Sum: 0, Workers: 4
[1035.017s][debug][gc,phases      ] GC(194)     Total                          Min: 0, Avg:  0.0, Max: 0, Diff: 0, Sum: 0, Workers: 4
[1035.017s][debug][gc,phases      ] GC(194)   Weak JFR Old Object Samples    Min:  0.0, Avg:  0.0, Max:  0.0, Diff:  0.0, Sum:  0.0, Workers: 4
[1035.017s][debug][gc,phases      ] GC(194)     Dead                           Min: 0, Avg:  0.0, Max: 0, Diff: 0, Sum: 0, Workers: 4
[1035.017s][debug][gc,phases      ] GC(194)     Total                          Min: 0, Avg:  0.0, Max: 0, Diff: 0, Sum: 0, Workers: 4
[1035.017s][debug][gc,phases      ] GC(194) Weak Processing 0.342ms
[1035.017s][debug][gc,age         ] GC(194) Desired survivor size 37224448 bytes, new threshold 15 (max threshold 15)
[1035.017s][info ][gc,heap        ] GC(194) PSYoungGen: 2046284K(2060288K)->22452K(2060800K) Eden: 2024448K(2024448K)->0K(2024448K) From: 21836K(35840K)->22452K(36352K)
[1035.017s][info ][gc,heap        ] GC(194) ParOldGen: 670907K(734720K)->670947K(734720K)
[1035.017s][info ][gc,metaspace   ] GC(194) Metaspace: 86614K(87616K)->86614K(87616K) NonClass: 74605K(75136K)->74605K(75136K) Class: 12009K(12480K)->12009K(12480K)
[1035.017s][info ][gc             ] GC(194) Pause Young (Allocation Failure) 2653M->677M(2730M) 7.341ms
[1035.017s][info ][gc,cpu         ] GC(194) User=0.02s Sys=0.00s Real=0.01s
[1035.017s][info ][safepoint      ] Safepoint "ParallelGCFailedAllocation", Time since last: 3846761464 ns, Reaching safepoint: 104102 ns, At safepoint: 7427747 ns, Total: 7531849 ns
[1036.017s][info ][safepoint      ] Safepoint "Cleanup", Time since last: 1000090988 ns, Reaching safepoint: 49501 ns, At safepoint: 8900 ns, Total: 58401 ns
[1037.556s][info ][safepoint      ] Safepoint "Cleanup", Time since last: 1539052793 ns, Reaching safepoint: 42300 ns, At safepoint: 5301 ns, Total: 47601 ns
[1038.556s][info ][safepoint      ] Safepoint "Cleanup", Time since last: 1000107680 ns, Reaching safepoint: 130302 ns, At safepoint: 13701 ns, Total: 144003 ns
[1040.557s][info ][safepoint      ] Safepoint "Cleanup", Time since last: 2000180249 ns, Reaching safepoint: 128302 ns, At safepoint: 9400 ns, Total: 137702 ns
[1043.557s][info ][safepoint      ] Safepoint "Cleanup", Time since last: 3000232997 ns, Reaching safepoint: 123603 ns, At safepoint: 9500 ns, Total: 133103 ns
[1044.557s][info ][safepoint      ] Safepoint "Cleanup", Time since last: 1000101159 ns, Reaching safepoint: 125103 ns, At safepoint: 6800 ns, Total: 131903 ns
[1051.414s][info ][safepoint      ] Safepoint "ParallelGCFailedAllocation", Time since last: 6856628689 ns, Reaching safepoint: 114103 ns, At safepoint: 25500 ns, Total: 139603 ns
[1051.414s][info ][gc,start       ] GC(195) Pause Young (GCLocker Initiated GC)
[1051.423s][debug][gc,phases      ] GC(195) Scavenge 8.756ms
[1051.423s][debug][gc,ref         ] GC(195) Skipped phase 1 of Reference Processing: no references
[1051.423s][debug][gc,ref         ] GC(195) ReferenceProcessor::execute queues: 1, RefProcThreadModel::Single, marks_oops_alive: false
[1051.423s][debug][gc,ref         ] GC(195) Skipped phase 3 of Reference Processing: no references
[1051.423s][debug][gc,ref         ] GC(195) ReferenceProcessor::execute queues: 1, RefProcThreadModel::Single, marks_oops_alive: false
[1051.423s][debug][gc,phases      ] GC(195) Reference Processing 0.125ms
[1051.423s][debug][gc,phases      ] GC(195)   VM Weak                        Min:  0.0, Avg:  0.0, Max:  0.0, Diff:  0.0, Sum:  0.0, Workers: 4
[1051.424s][debug][gc,phases      ] GC(195)     Dead                           Min: 0, Avg:  0.0, Max: 0, Diff: 0, Sum: 0, Workers: 4
[1051.424s][debug][gc,phases      ] GC(195)     Total                          Min: 0, Avg: 188.0, Max: 752, Diff: 752, Sum: 752, Workers: 4
[1051.424s][debug][gc,phases      ] GC(195)   ObjectSynchronizer Weak        Min:  0.0, Avg:  0.0, Max:  0.0, Diff:  0.0, Sum:  0.0, Workers: 4
[1051.424s][debug][gc,phases      ] GC(195)     Dead                           Min: 0, Avg:  0.0, Max: 0, Diff: 0, Sum: 0, Workers: 4
[1051.424s][debug][gc,phases      ] GC(195)     Total                          Min: 0, Avg: 116.5, Max: 466, Diff: 466, Sum: 466, Workers: 4
[1051.424s][debug][gc,phases      ] GC(195)   JVMTI Tag Weak OopStorage      Min:  0.0, Avg:  0.0, Max:  0.0, Diff:  0.0, Sum:  0.0, Workers: 4
[1051.424s][debug][gc,phases      ] GC(195)     Dead                           Min: 0, Avg:  0.0, Max: 0, Diff: 0, Sum: 0, Workers: 4
[1051.424s][debug][gc,phases      ] GC(195)     Total                          Min: 0, Avg:  0.0, Max: 0, Diff: 0, Sum: 0, Workers: 4
[1051.424s][debug][gc,phases      ] GC(195)   StringTable Weak               Min:  0.1, Avg:  0.1, Max:  0.1, Diff:  0.0, Sum:  0.4, Workers: 4
[1051.424s][debug][gc,phases      ] GC(195)     Dead                           Min: 0, Avg:  0.0, Max: 0, Diff: 0, Sum: 0, Workers: 4
[1051.424s][debug][gc,phases      ] GC(195)     Total                          Min: 11840, Avg: 12178.2, Max: 12361, Diff: 521, Sum: 48713, Workers: 4
[1051.424s][debug][gc,phases      ] GC(195)   ResolvedMethodTable Weak       Min:  0.0, Avg:  0.0, Max:  0.0, Diff:  0.0, Sum:  0.1, Workers: 4
[1051.424s][debug][gc,phases      ] GC(195)     Dead                           Min: 0, Avg:  0.0, Max: 0, Diff: 0, Sum: 0, Workers: 4
[1051.424s][debug][gc,phases      ] GC(195)     Total                          Min: 1920, Avg: 2260.0, Max: 2576, Diff: 656, Sum: 9040, Workers: 4
[1051.424s][debug][gc,phases      ] GC(195)   JNI Weak                       Min:  0.0, Avg:  0.0, Max:  0.0, Diff:  0.0, Sum:  0.0, Workers: 4
[1051.424s][debug][gc,phases      ] GC(195)     Dead                           Min: 0, Avg:  0.0, Max: 0, Diff: 0, Sum: 0, Workers: 4
[1051.424s][debug][gc,phases      ] GC(195)     Total                          Min: 0, Avg:  0.0, Max: 0, Diff: 0, Sum: 0, Workers: 4
[1051.424s][debug][gc,phases      ] GC(195)   StringDedup Table Weak         Min:  0.0, Avg:  0.0, Max:  0.0, Diff:  0.0, Sum:  0.0, Workers: 4
[1051.424s][debug][gc,phases      ] GC(195)     Dead                           Min: 0, Avg:  0.0, Max: 0, Diff: 0, Sum: 0, Workers: 4
[1051.424s][debug][gc,phases      ] GC(195)     Total                          Min: 0, Avg:  0.0, Max: 0, Diff: 0, Sum: 0, Workers: 4
[1051.424s][debug][gc,phases      ] GC(195)   StringDedup Requests0 Weak     Min:  0.0, Avg:  0.0, Max:  0.0, Diff:  0.0, Sum:  0.0, Workers: 4
[1051.424s][debug][gc,phases      ] GC(195)     Dead                           Min: 0, Avg:  0.0, Max: 0, Diff: 0, Sum: 0, Workers: 4
[1051.424s][debug][gc,phases      ] GC(195)     Total                          Min: 0, Avg:  0.0, Max: 0, Diff: 0, Sum: 0, Workers: 4
[1051.424s][debug][gc,phases      ] GC(195)   StringDedup Requests1 Weak     Min:  0.0, Avg:  0.0, Max:  0.0, Diff:  0.0, Sum:  0.0, Workers: 4
[1051.424s][debug][gc,phases      ] GC(195)     Dead                           Min: 0, Avg:  0.0, Max: 0, Diff: 0, Sum: 0, Workers: 4
[1051.424s][debug][gc,phases      ] GC(195)     Total                          Min: 0, Avg:  0.0, Max: 0, Diff: 0, Sum: 0, Workers: 4
[1051.424s][debug][gc,phases      ] GC(195)   Weak JFR Old Object Samples    Min:  0.0, Avg:  0.0, Max:  0.0, Diff:  0.0, Sum:  0.0, Workers: 4
[1051.424s][debug][gc,phases      ] GC(195)     Dead                           Min: 0, Avg:  0.0, Max: 0, Diff: 0, Sum: 0, Workers: 4
[1051.424s][debug][gc,phases      ] GC(195)     Total                          Min: 0, Avg:  0.0, Max: 0, Diff: 0, Sum: 0, Workers: 4
[1051.424s][debug][gc,phases      ] GC(195) Weak Processing 0.403ms
[1051.424s][debug][gc,age         ] GC(195) Desired survivor size 37748736 bytes, new threshold 15 (max threshold 15)
[1051.424s][info ][gc,heap        ] GC(195) PSYoungGen: 2046900K(2060800K)->23613K(2059776K) Eden: 2024448K(2024448K)->0K(2023424K) From: 22452K(36352K)->23613K(36352K)
[1051.424s][info ][gc,heap        ] GC(195) ParOldGen: 670948K(734720K)->671044K(734720K)
[1051.424s][info ][gc,metaspace   ] GC(195) Metaspace: 86629K(87616K)->86629K(87616K) NonClass: 74617K(75136K)->74617K(75136K) Class: 12012K(12480K)->12012K(12480K)
[1051.424s][info ][gc             ] GC(195) Pause Young (GCLocker Initiated GC) 2654M->678M(2729M) 9.406ms
[1051.424s][info ][gc,cpu         ] GC(195) User=0.04s Sys=0.00s Real=0.01s
[1051.424s][info ][safepoint      ] Safepoint "ParallelGCSystemGC", Time since last: 70901 ns, Reaching safepoint: 88902 ns, At safepoint: 9481886 ns, Total: 9570788 ns
[1052.424s][info ][safepoint      ] Safepoint "Cleanup", Time since last: 1000084632 ns, Reaching safepoint: 45201 ns, At safepoint: 2800 ns, Total: 48001 ns
[1059.424s][info ][safepoint      ] Safepoint "Cleanup", Time since last: 7000499027 ns, Reaching safepoint: 65701 ns, At safepoint: 11501 ns, Total: 77202 ns
[1060.425s][info ][safepoint      ] Safepoint "Cleanup", Time since last: 1000101105 ns, Reaching safepoint: 106902 ns, At safepoint: 7800 ns, Total: 114702 ns
[1068.425s][info ][safepoint      ] Safepoint "Cleanup", Time since last: 8000581418 ns, Reaching safepoint: 49601 ns, At safepoint: 2700 ns, Total: 52301 ns
[1068.905s][info ][safepoint      ] Safepoint "ParallelGCFailedAllocation", Time since last: 479774792 ns, Reaching safepoint: 29200 ns, At safepoint: 9100 ns, Total: 38300 ns
[1068.905s][info ][gc,start       ] GC(196) Pause Young (GCLocker Initiated GC)
[1068.913s][debug][gc,phases      ] GC(196) Scavenge 7.802ms
[1068.913s][debug][gc,ref         ] GC(196) Skipped phase 1 of Reference Processing: no references
[1068.913s][debug][gc,ref         ] GC(196) ReferenceProcessor::execute queues: 1, RefProcThreadModel::Single, marks_oops_alive: false
[1068.913s][debug][gc,ref         ] GC(196) Skipped phase 3 of Reference Processing: no references
[1068.913s][debug][gc,ref         ] GC(196) ReferenceProcessor::execute queues: 1, RefProcThreadModel::Single, marks_oops_alive: false
[1068.913s][debug][gc,phases      ] GC(196) Reference Processing 0.123ms
[1068.914s][debug][gc,phases      ] GC(196)   VM Weak                        Min:  0.0, Avg:  0.0, Max:  0.0, Diff:  0.0, Sum:  0.0, Workers: 4
[1068.914s][debug][gc,phases      ] GC(196)     Dead                           Min: 0, Avg:  0.0, Max: 0, Diff: 0, Sum: 0, Workers: 4
[1068.914s][debug][gc,phases      ] GC(196)     Total                          Min: 0, Avg: 188.0, Max: 688, Diff: 688, Sum: 752, Workers: 4
[1068.914s][debug][gc,phases      ] GC(196)   ObjectSynchronizer Weak        Min:  0.0, Avg:  0.0, Max:  0.0, Diff:  0.0, Sum:  0.0, Workers: 4
[1068.914s][debug][gc,phases      ] GC(196)     Dead                           Min: 0, Avg:  0.0, Max: 0, Diff: 0, Sum: 0, Workers: 4
[1068.914s][debug][gc,phases      ] GC(196)     Total                          Min: 0, Avg: 116.5, Max: 192, Diff: 192, Sum: 466, Workers: 4
[1068.914s][debug][gc,phases      ] GC(196)   JVMTI Tag Weak OopStorage      Min:  0.0, Avg:  0.0, Max:  0.0, Diff:  0.0, Sum:  0.0, Workers: 4
[1068.914s][debug][gc,phases      ] GC(196)     Dead                           Min: 0, Avg:  0.0, Max: 0, Diff: 0, Sum: 0, Workers: 4
[1068.914s][debug][gc,phases      ] GC(196)     Total                          Min: 0, Avg:  0.0, Max: 0, Diff: 0, Sum: 0, Workers: 4
[1068.914s][debug][gc,phases      ] GC(196)   StringTable Weak               Min:  0.1, Avg:  0.1, Max:  0.1, Diff:  0.0, Sum:  0.5, Workers: 4
[1068.914s][debug][gc,phases      ] GC(196)     Dead                           Min: 0, Avg:  0.0, Max: 0, Diff: 0, Sum: 0, Workers: 4
[1068.914s][debug][gc,phases      ] GC(196)     Total                          Min: 11594, Avg: 12178.5, Max: 13184, Diff: 1590, Sum: 48714, Workers: 4
[1068.914s][debug][gc,phases      ] GC(196)   ResolvedMethodTable Weak       Min:  0.0, Avg:  0.0, Max:  0.0, Diff:  0.0, Sum:  0.1, Workers: 4
[1068.914s][debug][gc,phases      ] GC(196)     Dead                           Min: 0, Avg:  0.0, Max: 0, Diff: 0, Sum: 0, Workers: 4
[1068.914s][debug][gc,phases      ] GC(196)     Total                          Min: 2128, Avg: 2260.0, Max: 2432, Diff: 304, Sum: 9040, Workers: 4
[1068.914s][debug][gc,phases      ] GC(196)   JNI Weak                       Min:  0.0, Avg:  0.0, Max:  0.0, Diff:  0.0, Sum:  0.0, Workers: 4
[1068.914s][debug][gc,phases      ] GC(196)     Dead                           Min: 0, Avg:  0.0, Max: 0, Diff: 0, Sum: 0, Workers: 4
[1068.914s][debug][gc,phases      ] GC(196)     Total                          Min: 0, Avg:  0.0, Max: 0, Diff: 0, Sum: 0, Workers: 4
[1068.914s][debug][gc,phases      ] GC(196)   StringDedup Table Weak         Min:  0.0, Avg:  0.0, Max:  0.0, Diff:  0.0, Sum:  0.0, Workers: 4
[1068.914s][debug][gc,phases      ] GC(196)     Dead                           Min: 0, Avg:  0.0, Max: 0, Diff: 0, Sum: 0, Workers: 4
[1068.914s][debug][gc,phases      ] GC(196)     Total                          Min: 0, Avg:  0.0, Max: 0, Diff: 0, Sum: 0, Workers: 4
[1068.914s][debug][gc,phases      ] GC(196)   StringDedup Requests0 Weak     Min:  0.0, Avg:  0.0, Max:  0.0, Diff:  0.0, Sum:  0.0, Workers: 4
[1068.914s][debug][gc,phases      ] GC(196)     Dead                           Min: 0, Avg:  0.0, Max: 0, Diff: 0, Sum: 0, Workers: 4
[1068.914s][debug][gc,phases      ] GC(196)     Total                          Min: 0, Avg:  0.0, Max: 0, Diff: 0, Sum: 0, Workers: 4
[1068.914s][debug][gc,phases      ] GC(196)   StringDedup Requests1 Weak     Min:  0.0, Avg:  0.0, Max:  0.0, Diff:  0.0, Sum:  0.0, Workers: 4
[1068.914s][debug][gc,phases      ] GC(196)     Dead                           Min: 0, Avg:  0.0, Max: 0, Diff: 0, Sum: 0, Workers: 4
[1068.914s][debug][gc,phases      ] GC(196)     Total                          Min: 0, Avg:  0.0, Max: 0, Diff: 0, Sum: 0, Workers: 4
[1068.914s][debug][gc,phases      ] GC(196)   Weak JFR Old Object Samples    Min:  0.0, Avg:  0.0, Max:  0.0, Diff:  0.0, Sum:  0.0, Workers: 4
[1068.914s][debug][gc,phases      ] GC(196)     Dead                           Min: 0, Avg:  0.0, Max: 0, Diff: 0, Sum: 0, Workers: 4
[1068.914s][debug][gc,phases      ] GC(196)     Total                          Min: 0, Avg:  0.0, Max: 0, Diff: 0, Sum: 0, Workers: 4
[1068.914s][debug][gc,phases      ] GC(196) Weak Processing 0.420ms
[1068.914s][debug][gc,age         ] GC(196) Desired survivor size 37748736 bytes, new threshold 15 (max threshold 15)
[1068.914s][info ][gc,heap        ] GC(196) PSYoungGen: 2047037K(2059776K)->22020K(2060288K) Eden: 2023424K(2023424K)->0K(2023424K) From: 23613K(36352K)->22020K(36864K)
[1068.914s][info ][gc,heap        ] GC(196) ParOldGen: 671051K(734720K)->671667K(734720K)
[1068.914s][info ][gc,metaspace   ] GC(196) Metaspace: 86631K(87616K)->86631K(87616K) NonClass: 74619K(75136K)->74619K(75136K) Class: 12012K(12480K)->12012K(12480K)
[1068.914s][info ][gc             ] GC(196) Pause Young (GCLocker Initiated GC) 2654M->677M(2729M) 8.476ms
[1068.914s][info ][gc,cpu         ] GC(196) User=0.03s Sys=0.00s Real=0.01s
[1068.914s][info ][safepoint      ] Safepoint "ParallelGCSystemGC", Time since last: 132603 ns, Reaching safepoint: 16000 ns, At safepoint: 8543467 ns, Total: 8559467 ns
[1071.914s][info ][safepoint      ] Safepoint "Cleanup", Time since last: 3000215510 ns, Reaching safepoint: 136403 ns, At safepoint: 6700 ns, Total: 143103 ns
[1072.914s][info ][safepoint      ] Safepoint "Cleanup", Time since last: 1000101464 ns, Reaching safepoint: 105602 ns, At safepoint: 8300 ns, Total: 113902 ns
[1073.915s][info ][safepoint      ] Safepoint "Cleanup", Time since last: 1000114661 ns, Reaching safepoint: 118803 ns, At safepoint: 6500 ns, Total: 125303 ns
[1076.915s][info ][safepoint      ] Safepoint "Cleanup", Time since last: 3000207760 ns, Reaching safepoint: 48201 ns, At safepoint: 8100 ns, Total: 56301 ns
[1083.915s][info ][safepoint      ] Safepoint "Cleanup", Time since last: 7000474962 ns, Reaching safepoint: 44001 ns, At safepoint: 6300 ns, Total: 50301 ns
[1087.732s][info ][gc,start       ] GC(197) Pause Young (Allocation Failure)
[1087.740s][debug][gc,phases      ] GC(197) Scavenge 7.378ms
[1087.740s][debug][gc,ref         ] GC(197) Skipped phase 1 of Reference Processing: no references
[1087.740s][debug][gc,ref         ] GC(197) ReferenceProcessor::execute queues: 1, RefProcThreadModel::Single, marks_oops_alive: false
[1087.740s][debug][gc,ref         ] GC(197) Skipped phase 3 of Reference Processing: no references
[1087.740s][debug][gc,ref         ] GC(197) ReferenceProcessor::execute queues: 1, RefProcThreadModel::Single, marks_oops_alive: false
[1087.740s][debug][gc,phases      ] GC(197) Reference Processing 0.129ms
[1087.740s][debug][gc,phases      ] GC(197)   VM Weak                        Min:  0.0, Avg:  0.0, Max:  0.0, Diff:  0.0, Sum:  0.0, Workers: 4
[1087.740s][debug][gc,phases      ] GC(197)     Dead                           Min: 0, Avg:  0.0, Max: 0, Diff: 0, Sum: 0, Workers: 4
[1087.740s][debug][gc,phases      ] GC(197)     Total                          Min: 0, Avg: 188.0, Max: 704, Diff: 704, Sum: 752, Workers: 4
[1087.740s][debug][gc,phases      ] GC(197)   ObjectSynchronizer Weak        Min:  0.0, Avg:  0.0, Max:  0.0, Diff:  0.0, Sum:  0.0, Workers: 4
[1087.740s][debug][gc,phases      ] GC(197)     Dead                           Min: 0, Avg:  0.0, Max: 0, Diff: 0, Sum: 0, Workers: 4
[1087.740s][debug][gc,phases      ] GC(197)     Total                          Min: 0, Avg: 116.5, Max: 320, Diff: 320, Sum: 466, Workers: 4
[1087.740s][debug][gc,phases      ] GC(197)   JVMTI Tag Weak OopStorage      Min:  0.0, Avg:  0.0, Max:  0.0, Diff:  0.0, Sum:  0.0, Workers: 4
[1087.740s][debug][gc,phases      ] GC(197)     Dead                           Min: 0, Avg:  0.0, Max: 0, Diff: 0, Sum: 0, Workers: 4
[1087.740s][debug][gc,phases      ] GC(197)     Total                          Min: 0, Avg:  0.0, Max: 0, Diff: 0, Sum: 0, Workers: 4
[1087.740s][debug][gc,phases      ] GC(197)   StringTable Weak               Min:  0.1, Avg:  0.1, Max:  0.1, Diff:  0.0, Sum:  0.4, Workers: 4
[1087.740s][debug][gc,phases      ] GC(197)     Dead                           Min: 0, Avg:  0.0, Max: 0, Diff: 0, Sum: 0, Workers: 4
[1087.740s][debug][gc,phases      ] GC(197)     Total                          Min: 11456, Avg: 12178.5, Max: 13120, Diff: 1664, Sum: 48714, Workers: 4
[1087.740s][debug][gc,phases      ] GC(197)   ResolvedMethodTable Weak       Min:  0.0, Avg:  0.0, Max:  0.0, Diff:  0.0, Sum:  0.1, Workers: 4
[1087.740s][debug][gc,phases      ] GC(197)     Dead                           Min: 0, Avg:  0.0, Max: 0, Diff: 0, Sum: 0, Workers: 4
[1087.740s][debug][gc,phases      ] GC(197)     Total                          Min: 2112, Avg: 2260.0, Max: 2432, Diff: 320, Sum: 9040, Workers: 4
[1087.740s][debug][gc,phases      ] GC(197)   JNI Weak                       Min:  0.0, Avg:  0.0, Max:  0.0, Diff:  0.0, Sum:  0.0, Workers: 4
[1087.740s][debug][gc,phases      ] GC(197)     Dead                           Min: 0, Avg:  0.0, Max: 0, Diff: 0, Sum: 0, Workers: 4
[1087.740s][debug][gc,phases      ] GC(197)     Total                          Min: 0, Avg:  0.0, Max: 0, Diff: 0, Sum: 0, Workers: 4
[1087.740s][debug][gc,phases      ] GC(197)   StringDedup Table Weak         Min:  0.0, Avg:  0.0, Max:  0.0, Diff:  0.0, Sum:  0.0, Workers: 4
[1087.740s][debug][gc,phases      ] GC(197)     Dead                           Min: 0, Avg:  0.0, Max: 0, Diff: 0, Sum: 0, Workers: 4
[1087.740s][debug][gc,phases      ] GC(197)     Total                          Min: 0, Avg:  0.0, Max: 0, Diff: 0, Sum: 0, Workers: 4
[1087.740s][debug][gc,phases      ] GC(197)   StringDedup Requests0 Weak     Min:  0.0, Avg:  0.0, Max:  0.0, Diff:  0.0, Sum:  0.0, Workers: 4
[1087.740s][debug][gc,phases      ] GC(197)     Dead                           Min: 0, Avg:  0.0, Max: 0, Diff: 0, Sum: 0, Workers: 4
[1087.740s][debug][gc,phases      ] GC(197)     Total                          Min: 0, Avg:  0.0, Max: 0, Diff: 0, Sum: 0, Workers: 4
[1087.740s][debug][gc,phases      ] GC(197)   StringDedup Requests1 Weak     Min:  0.0, Avg:  0.0, Max:  0.0, Diff:  0.0, Sum:  0.0, Workers: 4
[1087.740s][debug][gc,phases      ] GC(197)     Dead                           Min: 0, Avg:  0.0, Max: 0, Diff: 0, Sum: 0, Workers: 4
[1087.740s][debug][gc,phases      ] GC(197)     Total                          Min: 0, Avg:  0.0, Max: 0, Diff: 0, Sum: 0, Workers: 4
[1087.740s][debug][gc,phases      ] GC(197)   Weak JFR Old Object Samples    Min:  0.0, Avg:  0.0, Max:  0.0, Diff:  0.0, Sum:  0.0, Workers: 4
[1087.740s][debug][gc,phases      ] GC(197)     Dead                           Min: 0, Avg:  0.0, Max: 0, Diff: 0, Sum: 0, Workers: 4
[1087.740s][debug][gc,phases      ] GC(197)     Total                          Min: 0, Avg:  0.0, Max: 0, Diff: 0, Sum: 0, Workers: 4
[1087.740s][debug][gc,phases      ] GC(197) Weak Processing 0.330ms
[1087.740s][debug][gc,age         ] GC(197) Desired survivor size 37224448 bytes, new threshold 15 (max threshold 15)
[1087.740s][info ][gc,heap        ] GC(197) PSYoungGen: 2045444K(2060288K)->21612K(2060800K) Eden: 2023424K(2023424K)->0K(2023936K) From: 22020K(36864K)->21612K(36864K)
[1087.740s][info ][gc,heap        ] GC(197) ParOldGen: 671670K(734720K)->671814K(734720K)
[1087.740s][info ][gc,metaspace   ] GC(197) Metaspace: 86637K(87616K)->86637K(87616K) NonClass: 74625K(75136K)->74625K(75136K) Class: 12012K(12480K)->12012K(12480K)
[1087.740s][info ][gc             ] GC(197) Pause Young (Allocation Failure) 2653M->677M(2730M) 7.961ms
[1087.740s][info ][gc,cpu         ] GC(197) User=0.03s Sys=0.00s Real=0.00s
[1087.740s][info ][safepoint      ] Safepoint "ParallelGCFailedAllocation", Time since last: 3816940302 ns, Reaching safepoint: 38201 ns, At safepoint: 8038057 ns, Total: 8076258 ns
[1091.741s][info ][safepoint      ] Safepoint "Cleanup", Time since last: 4000310231 ns, Reaching safepoint: 47201 ns, At safepoint: 6900 ns, Total: 54101 ns
[1095.741s][info ][safepoint      ] Safepoint "Cleanup", Time since last: 4000374383 ns, Reaching safepoint: 49701 ns, At safepoint: 5400 ns, Total: 55101 ns
[1100.742s][info ][safepoint      ] Safepoint "Cleanup", Time since last: 5000366906 ns, Reaching safepoint: 48601 ns, At safepoint: 7400 ns, Total: 56001 ns
[1101.742s][info ][safepoint      ] Safepoint "Cleanup", Time since last: 1000101672 ns, Reaching safepoint: 51001 ns, At safepoint: 7100 ns, Total: 58101 ns
[1102.742s][info ][safepoint      ] Safepoint "Cleanup", Time since last: 1000095270 ns, Reaching safepoint: 52501 ns, At safepoint: 7400 ns, Total: 59901 ns
[1104.742s][info ][safepoint      ] Safepoint "Cleanup", Time since last: 2000141128 ns, Reaching safepoint: 42001 ns, At safepoint: 7600 ns, Total: 49601 ns
[1106.407s][info ][gc,start       ] GC(198) Pause Young (Allocation Failure)
[1106.414s][debug][gc,phases      ] GC(198) Scavenge 7.164ms
[1106.414s][debug][gc,ref         ] GC(198) Skipped phase 1 of Reference Processing: no references
[1106.414s][debug][gc,ref         ] GC(198) ReferenceProcessor::execute queues: 1, RefProcThreadModel::Single, marks_oops_alive: false
[1106.414s][debug][gc,ref         ] GC(198) Skipped phase 3 of Reference Processing: no references
[1106.414s][debug][gc,ref         ] GC(198) ReferenceProcessor::execute queues: 1, RefProcThreadModel::Single, marks_oops_alive: false
[1106.414s][debug][gc,phases      ] GC(198) Reference Processing 0.125ms
[1106.414s][debug][gc,phases      ] GC(198)   VM Weak                        Min:  0.0, Avg:  0.0, Max:  0.0, Diff:  0.0, Sum:  0.0, Workers: 4
[1106.414s][debug][gc,phases      ] GC(198)     Dead                           Min: 0, Avg:  0.0, Max: 0, Diff: 0, Sum: 0, Workers: 4
[1106.414s][debug][gc,phases      ] GC(198)     Total                          Min: 0, Avg: 188.0, Max: 384, Diff: 384, Sum: 752, Workers: 4
[1106.414s][debug][gc,phases      ] GC(198)   ObjectSynchronizer Weak        Min:  0.0, Avg:  0.0, Max:  0.0, Diff:  0.0, Sum:  0.0, Workers: 4
[1106.414s][debug][gc,phases      ] GC(198)     Dead                           Min: 0, Avg:  0.0, Max: 0, Diff: 0, Sum: 0, Workers: 4
[1106.414s][debug][gc,phases      ] GC(198)     Total                          Min: 0, Avg: 116.5, Max: 192, Diff: 192, Sum: 466, Workers: 4
[1106.414s][debug][gc,phases      ] GC(198)   JVMTI Tag Weak OopStorage      Min:  0.0, Avg:  0.0, Max:  0.0, Diff:  0.0, Sum:  0.0, Workers: 4
[1106.414s][debug][gc,phases      ] GC(198)     Dead                           Min: 0, Avg:  0.0, Max: 0, Diff: 0, Sum: 0, Workers: 4
[1106.414s][debug][gc,phases      ] GC(198)     Total                          Min: 0, Avg:  0.0, Max: 0, Diff: 0, Sum: 0, Workers: 4
[1106.414s][debug][gc,phases      ] GC(198)   StringTable Weak               Min:  0.1, Avg:  0.1, Max:  0.1, Diff:  0.0, Sum:  0.5, Workers: 4
[1106.414s][debug][gc,phases      ] GC(198)     Dead                           Min: 0, Avg:  0.0, Max: 0, Diff: 0, Sum: 0, Workers: 4
[1106.414s][debug][gc,phases      ] GC(198)     Total                          Min: 11594, Avg: 12178.5, Max: 12800, Diff: 1206, Sum: 48714, Workers: 4
[1106.414s][debug][gc,phases      ] GC(198)   ResolvedMethodTable Weak       Min:  0.0, Avg:  0.0, Max:  0.0, Diff:  0.0, Sum:  0.1, Workers: 4
[1106.414s][debug][gc,phases      ] GC(198)     Dead                           Min: 0, Avg:  0.0, Max: 0, Diff: 0, Sum: 0, Workers: 4
[1106.414s][debug][gc,phases      ] GC(198)     Total                          Min: 2176, Avg: 2260.0, Max: 2448, Diff: 272, Sum: 9040, Workers: 4
[1106.414s][debug][gc,phases      ] GC(198)   JNI Weak                       Min:  0.0, Avg:  0.0, Max:  0.0, Diff:  0.0, Sum:  0.0, Workers: 4
[1106.414s][debug][gc,phases      ] GC(198)     Dead                           Min: 0, Avg:  0.0, Max: 0, Diff: 0, Sum: 0, Workers: 4
[1106.414s][debug][gc,phases      ] GC(198)     Total                          Min: 0, Avg:  0.0, Max: 0, Diff: 0, Sum: 0, Workers: 4
[1106.415s][debug][gc,phases      ] GC(198)   StringDedup Table Weak         Min:  0.0, Avg:  0.0, Max:  0.0, Diff:  0.0, Sum:  0.0, Workers: 4
[1106.415s][debug][gc,phases      ] GC(198)     Dead                           Min: 0, Avg:  0.0, Max: 0, Diff: 0, Sum: 0, Workers: 4
[1106.415s][debug][gc,phases      ] GC(198)     Total                          Min: 0, Avg:  0.0, Max: 0, Diff: 0, Sum: 0, Workers: 4
[1106.415s][debug][gc,phases      ] GC(198)   StringDedup Requests0 Weak     Min:  0.0, Avg:  0.0, Max:  0.0, Diff:  0.0, Sum:  0.0, Workers: 4
[1106.415s][debug][gc,phases      ] GC(198)     Dead                           Min: 0, Avg:  0.0, Max: 0, Diff: 0, Sum: 0, Workers: 4
[1106.415s][debug][gc,phases      ] GC(198)     Total                          Min: 0, Avg:  0.0, Max: 0, Diff: 0, Sum: 0, Workers: 4
[1106.415s][debug][gc,phases      ] GC(198)   StringDedup Requests1 Weak     Min:  0.0, Avg:  0.0, Max:  0.0, Diff:  0.0, Sum:  0.0, Workers: 4
[1106.415s][debug][gc,phases      ] GC(198)     Dead                           Min: 0, Avg:  0.0, Max: 0, Diff: 0, Sum: 0, Workers: 4
[1106.415s][debug][gc,phases      ] GC(198)     Total                          Min: 0, Avg:  0.0, Max: 0, Diff: 0, Sum: 0, Workers: 4
[1106.415s][debug][gc,phases      ] GC(198)   Weak JFR Old Object Samples    Min:  0.0, Avg:  0.0, Max:  0.0, Diff:  0.0, Sum:  0.0, Workers: 4
[1106.415s][debug][gc,phases      ] GC(198)     Dead                           Min: 0, Avg:  0.0, Max: 0, Diff: 0, Sum: 0, Workers: 4
[1106.415s][debug][gc,phases      ] GC(198)     Total                          Min: 0, Avg:  0.0, Max: 0, Diff: 0, Sum: 0, Workers: 4
[1106.415s][debug][gc,phases      ] GC(198) Weak Processing 0.352ms
[1106.415s][debug][gc,age         ] GC(198) Desired survivor size 36700160 bytes, new threshold 15 (max threshold 15)
[1106.415s][info ][gc,heap        ] GC(198) PSYoungGen: 2045548K(2060800K)->21692K(2060288K) Eden: 2023936K(2023936K)->0K(2023936K) From: 21612K(36864K)->21692K(36352K)
[1106.415s][info ][gc,heap        ] GC(198) ParOldGen: 671814K(734720K)->672054K(734720K)
[1106.415s][info ][gc,metaspace   ] GC(198) Metaspace: 86658K(87680K)->86658K(87680K) NonClass: 74645K(75200K)->74645K(75200K) Class: 12012K(12480K)->12012K(12480K)
[1106.415s][info ][gc             ] GC(198) Pause Young (Allocation Failure) 2653M->677M(2729M) 7.768ms
[1106.415s][info ][gc,cpu         ] GC(198) User=0.03s Sys=0.00s Real=0.01s
[1106.415s][info ][safepoint      ] Safepoint "ParallelGCFailedAllocation", Time since last: 1664517587 ns, Reaching safepoint: 120902 ns, At safepoint: 7849653 ns, Total: 7970555 ns
[1107.415s][info ][safepoint      ] Safepoint "Cleanup", Time since last: 1000084954 ns, Reaching safepoint: 125703 ns, At safepoint: 13900 ns, Total: 139603 ns
[1108.415s][info ][safepoint      ] Safepoint "Cleanup", Time since last: 1000097152 ns, Reaching safepoint: 54501 ns, At safepoint: 6600 ns, Total: 61101 ns
[1110.415s][info ][safepoint      ] Safepoint "Cleanup", Time since last: 2000167294 ns, Reaching safepoint: 46301 ns, At safepoint: 21101 ns, Total: 67402 ns
[1112.415s][info ][safepoint      ] Safepoint "Cleanup", Time since last: 2000155281 ns, Reaching safepoint: 49901 ns, At safepoint: 9401 ns, Total: 59302 ns
[1113.416s][info ][safepoint      ] Safepoint "Cleanup", Time since last: 1000107837 ns, Reaching safepoint: 47600 ns, At safepoint: 9101 ns, Total: 56701 ns
[1115.416s][info ][safepoint      ] Safepoint "Cleanup", Time since last: 2000180764 ns, Reaching safepoint: 104602 ns, At safepoint: 4700 ns, Total: 109302 ns
[1116.416s][info ][safepoint      ] Safepoint "Cleanup", Time since last: 1000104028 ns, Reaching safepoint: 48701 ns, At safepoint: 6800 ns, Total: 55501 ns
[1117.416s][info ][safepoint      ] Safepoint "Cleanup", Time since last: 1000104325 ns, Reaching safepoint: 50201 ns, At safepoint: 4100 ns, Total: 54301 ns
[1123.417s][info ][safepoint      ] Safepoint "Cleanup", Time since last: 6000417082 ns, Reaching safepoint: 56301 ns, At safepoint: 9900 ns, Total: 66201 ns
[1125.304s][info ][gc,start       ] GC(199) Pause Young (Allocation Failure)
[1125.314s][debug][gc,phases      ] GC(199) Scavenge 10.000ms
[1125.314s][debug][gc,ref         ] GC(199) Skipped phase 1 of Reference Processing: no references
[1125.315s][debug][gc,ref         ] GC(199) ReferenceProcessor::execute queues: 1, RefProcThreadModel::Single, marks_oops_alive: false
[1125.315s][debug][gc,ref         ] GC(199) Skipped phase 3 of Reference Processing: no references
[1125.315s][debug][gc,ref         ] GC(199) ReferenceProcessor::execute queues: 1, RefProcThreadModel::Single, marks_oops_alive: false
[1125.315s][debug][gc,phases      ] GC(199) Reference Processing 0.126ms
[1125.315s][debug][gc,phases      ] GC(199)   VM Weak                        Min:  0.0, Avg:  0.0, Max:  0.0, Diff:  0.0, Sum:  0.0, Workers: 4
[1125.315s][debug][gc,phases      ] GC(199)     Dead                           Min: 0, Avg:  0.0, Max: 0, Diff: 0, Sum: 0, Workers: 4
[1125.315s][debug][gc,phases      ] GC(199)     Total                          Min: 0, Avg: 188.0, Max: 560, Diff: 560, Sum: 752, Workers: 4
[1125.315s][debug][gc,phases      ] GC(199)   ObjectSynchronizer Weak        Min:  0.0, Avg:  0.0, Max:  0.0, Diff:  0.0, Sum:  0.0, Workers: 4
[1125.315s][debug][gc,phases      ] GC(199)     Dead                           Min: 0, Avg:  0.0, Max: 0, Diff: 0, Sum: 0, Workers: 4
[1125.315s][debug][gc,phases      ] GC(199)     Total                          Min: 0, Avg: 116.5, Max: 256, Diff: 256, Sum: 466, Workers: 4
[1125.315s][debug][gc,phases      ] GC(199)   JVMTI Tag Weak OopStorage      Min:  0.0, Avg:  0.0, Max:  0.0, Diff:  0.0, Sum:  0.0, Workers: 4
[1125.315s][debug][gc,phases      ] GC(199)     Dead                           Min: 0, Avg:  0.0, Max: 0, Diff: 0, Sum: 0, Workers: 4
[1125.315s][debug][gc,phases      ] GC(199)     Total                          Min: 0, Avg:  0.0, Max: 0, Diff: 0, Sum: 0, Workers: 4
[1125.315s][debug][gc,phases      ] GC(199)   StringTable Weak               Min:  0.1, Avg:  0.1, Max:  0.1, Diff:  0.0, Sum:  0.4, Workers: 4
[1125.315s][debug][gc,phases      ] GC(199)     Dead                           Min: 0, Avg:  0.0, Max: 0, Diff: 0, Sum: 0, Workers: 4
[1125.315s][debug][gc,phases      ] GC(199)     Total                          Min: 11264, Avg: 12178.5, Max: 13120, Diff: 1856, Sum: 48714, Workers: 4
[1125.315s][debug][gc,phases      ] GC(199)   ResolvedMethodTable Weak       Min:  0.0, Avg:  0.0, Max:  0.0, Diff:  0.0, Sum:  0.1, Workers: 4
[1125.315s][debug][gc,phases      ] GC(199)     Dead                           Min: 0, Avg:  0.0, Max: 0, Diff: 0, Sum: 0, Workers: 4
[1125.315s][debug][gc,phases      ] GC(199)     Total                          Min: 2048, Avg: 2260.0, Max: 2432, Diff: 384, Sum: 9040, Workers: 4
[1125.315s][debug][gc,phases      ] GC(199)   JNI Weak                       Min:  0.0, Avg:  0.0, Max:  0.0, Diff:  0.0, Sum:  0.0, Workers: 4
[1125.315s][debug][gc,phases      ] GC(199)     Dead                           Min: 0, Avg:  0.0, Max: 0, Diff: 0, Sum: 0, Workers: 4
[1125.315s][debug][gc,phases      ] GC(199)     Total                          Min: 0, Avg:  0.0, Max: 0, Diff: 0, Sum: 0, Workers: 4
[1125.315s][debug][gc,phases      ] GC(199)   StringDedup Table Weak         Min:  0.0, Avg:  0.0, Max:  0.0, Diff:  0.0, Sum:  0.0, Workers: 4
[1125.315s][debug][gc,phases      ] GC(199)     Dead                           Min: 0, Avg:  0.0, Max: 0, Diff: 0, Sum: 0, Workers: 4
[1125.315s][debug][gc,phases      ] GC(199)     Total                          Min: 0, Avg:  0.0, Max: 0, Diff: 0, Sum: 0, Workers: 4
[1125.315s][debug][gc,phases      ] GC(199)   StringDedup Requests0 Weak     Min:  0.0, Avg:  0.0, Max:  0.0, Diff:  0.0, Sum:  0.0, Workers: 4
[1125.315s][debug][gc,phases      ] GC(199)     Dead                           Min: 0, Avg:  0.0, Max: 0, Diff: 0, Sum: 0, Workers: 4
[1125.315s][debug][gc,phases      ] GC(199)     Total                          Min: 0, Avg:  0.0, Max: 0, Diff: 0, Sum: 0, Workers: 4
[1125.315s][debug][gc,phases      ] GC(199)   StringDedup Requests1 Weak     Min:  0.0, Avg:  0.0, Max:  0.0, Diff:  0.0, Sum:  0.0, Workers: 4
[1125.315s][debug][gc,phases      ] GC(199)     Dead                           Min: 0, Avg:  0.0, Max: 0, Diff: 0, Sum: 0, Workers: 4
[1125.315s][debug][gc,phases      ] GC(199)     Total                          Min: 0, Avg:  0.0, Max: 0, Diff: 0, Sum: 0, Workers: 4
[1125.315s][debug][gc,phases      ] GC(199)   Weak JFR Old Object Samples    Min:  0.0, Avg:  0.0, Max:  0.0, Diff:  0.0, Sum:  0.0, Workers: 4
[1125.315s][debug][gc,phases      ] GC(199)     Dead                           Min: 0, Avg:  0.0, Max: 0, Diff: 0, Sum: 0, Workers: 4
[1125.315s][debug][gc,phases      ] GC(199)     Total                          Min: 0, Avg:  0.0, Max: 0, Diff: 0, Sum: 0, Workers: 4
[1125.315s][debug][gc,phases      ] GC(199) Weak Processing 0.332ms
[1125.315s][debug][gc,age         ] GC(199) Desired survivor size 37224448 bytes, new threshold 15 (max threshold 15)
[1125.315s][info ][gc,heap        ] GC(199) PSYoungGen: 2045628K(2060288K)->6080K(2060288K) Eden: 2023936K(2023936K)->0K(2024448K) From: 21692K(36352K)->6080K(35840K)
[1125.315s][info ][gc,heap        ] GC(199) ParOldGen: 672054K(734720K)->688029K(734720K)
[1125.315s][info ][gc,metaspace   ] GC(199) Metaspace: 86672K(87680K)->86672K(87680K) NonClass: 74660K(75200K)->74660K(75200K) Class: 12012K(12480K)->12012K(12480K)
[1125.315s][info ][gc             ] GC(199) Pause Young (Allocation Failure) 2653M->677M(2729M) 10.595ms
[1125.315s][info ][gc,cpu         ] GC(199) User=0.02s Sys=0.02s Real=0.01s
[1125.315s][info ][safepoint      ] Safepoint "ParallelGCFailedAllocation", Time since last: 1887461819 ns, Reaching safepoint: 127502 ns, At safepoint: 10686307 ns, Total: 10813809 ns
[1131.316s][info ][safepoint      ] Safepoint "Cleanup", Time since last: 6000400543 ns, Reaching safepoint: 121502 ns, At safepoint: 8000 ns, Total: 129502 ns
[1136.316s][info ][safepoint      ] Safepoint "Cleanup", Time since last: 5000351472 ns, Reaching safepoint: 57001 ns, At safepoint: 5600 ns, Total: 62601 ns
[1137.316s][info ][safepoint      ] Safepoint "Cleanup", Time since last: 1000093267 ns, Reaching safepoint: 116202 ns, At safepoint: 11300 ns, Total: 127502 ns
[1138.316s][info ][safepoint      ] Safepoint "Cleanup", Time since last: 1000092563 ns, Reaching safepoint: 49301 ns, At safepoint: 7401 ns, Total: 56702 ns
[1139.316s][info ][safepoint      ] Safepoint "Cleanup", Time since last: 1000101560 ns, Reaching safepoint: 29301 ns, At safepoint: 3600 ns, Total: 32901 ns
[1142.554s][info ][gc,start       ] GC(200) Pause Young (Allocation Failure)
[1142.559s][debug][gc,phases      ] GC(200) Scavenge 4.862ms
[1142.559s][debug][gc,ref         ] GC(200) Skipped phase 1 of Reference Processing: no references
[1142.559s][debug][gc,ref         ] GC(200) ReferenceProcessor::execute queues: 1, RefProcThreadModel::Single, marks_oops_alive: false
[1142.559s][debug][gc,ref         ] GC(200) Skipped phase 3 of Reference Processing: no references
[1142.559s][debug][gc,ref         ] GC(200) ReferenceProcessor::execute queues: 1, RefProcThreadModel::Single, marks_oops_alive: false
[1142.559s][debug][gc,phases      ] GC(200) Reference Processing 0.120ms
[1142.560s][debug][gc,phases      ] GC(200)   VM Weak                        Min:  0.0, Avg:  0.0, Max:  0.0, Diff:  0.0, Sum:  0.0, Workers: 4
[1142.560s][debug][gc,phases      ] GC(200)     Dead                           Min: 0, Avg:  0.0, Max: 0, Diff: 0, Sum: 0, Workers: 4
[1142.560s][debug][gc,phases      ] GC(200)     Total                          Min: 0, Avg: 188.0, Max: 384, Diff: 384, Sum: 752, Workers: 4
[1142.560s][debug][gc,phases      ] GC(200)   ObjectSynchronizer Weak        Min:  0.0, Avg:  0.0, Max:  0.0, Diff:  0.0, Sum:  0.0, Workers: 4
[1142.560s][debug][gc,phases      ] GC(200)     Dead                           Min: 0, Avg:  0.0, Max: 0, Diff: 0, Sum: 0, Workers: 4
[1142.560s][debug][gc,phases      ] GC(200)     Total                          Min: 0, Avg: 116.5, Max: 192, Diff: 192, Sum: 466, Workers: 4
[1142.560s][debug][gc,phases      ] GC(200)   JVMTI Tag Weak OopStorage      Min:  0.0, Avg:  0.0, Max:  0.0, Diff:  0.0, Sum:  0.0, Workers: 4
[1142.560s][debug][gc,phases      ] GC(200)     Dead                           Min: 0, Avg:  0.0, Max: 0, Diff: 0, Sum: 0, Workers: 4
[1142.560s][debug][gc,phases      ] GC(200)     Total                          Min: 0, Avg:  0.0, Max: 0, Diff: 0, Sum: 0, Workers: 4
[1142.560s][debug][gc,phases      ] GC(200)   StringTable Weak               Min:  0.1, Avg:  0.1, Max:  0.1, Diff:  0.0, Sum:  0.4, Workers: 4
[1142.560s][debug][gc,phases      ] GC(200)     Dead                           Min: 0, Avg:  0.0, Max: 0, Diff: 0, Sum: 0, Workers: 4
[1142.560s][debug][gc,phases      ] GC(200)     Total                          Min: 11200, Avg: 12180.2, Max: 13265, Diff: 2065, Sum: 48721, Workers: 4
[1142.560s][debug][gc,phases      ] GC(200)   ResolvedMethodTable Weak       Min:  0.0, Avg:  0.0, Max:  0.0, Diff:  0.0, Sum:  0.1, Workers: 4
[1142.560s][debug][gc,phases      ] GC(200)     Dead                           Min: 0, Avg:  0.0, Max: 0, Diff: 0, Sum: 0, Workers: 4
[1142.560s][debug][gc,phases      ] GC(200)     Total                          Min: 2048, Avg: 2260.0, Max: 2432, Diff: 384, Sum: 9040, Workers: 4
[1142.560s][debug][gc,phases      ] GC(200)   JNI Weak                       Min:  0.0, Avg:  0.0, Max:  0.0, Diff:  0.0, Sum:  0.0, Workers: 4
[1142.560s][debug][gc,phases      ] GC(200)     Dead                           Min: 0, Avg:  0.0, Max: 0, Diff: 0, Sum: 0, Workers: 4
[1142.560s][debug][gc,phases      ] GC(200)     Total                          Min: 0, Avg:  0.0, Max: 0, Diff: 0, Sum: 0, Workers: 4
[1142.560s][debug][gc,phases      ] GC(200)   StringDedup Table Weak         Min:  0.0, Avg:  0.0, Max:  0.0, Diff:  0.0, Sum:  0.0, Workers: 4
[1142.560s][debug][gc,phases      ] GC(200)     Dead                           Min: 0, Avg:  0.0, Max: 0, Diff: 0, Sum: 0, Workers: 4
[1142.560s][debug][gc,phases      ] GC(200)     Total                          Min: 0, Avg:  0.0, Max: 0, Diff: 0, Sum: 0, Workers: 4
[1142.560s][debug][gc,phases      ] GC(200)   StringDedup Requests0 Weak     Min:  0.0, Avg:  0.0, Max:  0.0, Diff:  0.0, Sum:  0.0, Workers: 4
[1142.560s][debug][gc,phases      ] GC(200)     Dead                           Min: 0, Avg:  0.0, Max: 0, Diff: 0, Sum: 0, Workers: 4
[1142.560s][debug][gc,phases      ] GC(200)     Total                          Min: 0, Avg:  0.0, Max: 0, Diff: 0, Sum: 0, Workers: 4
[1142.560s][debug][gc,phases      ] GC(200)   StringDedup Requests1 Weak     Min:  0.0, Avg:  0.0, Max:  0.0, Diff:  0.0, Sum:  0.0, Workers: 4
[1142.560s][debug][gc,phases      ] GC(200)     Dead                           Min: 0, Avg:  0.0, Max: 0, Diff: 0, Sum: 0, Workers: 4
[1142.560s][debug][gc,phases      ] GC(200)     Total                          Min: 0, Avg:  0.0, Max: 0, Diff: 0, Sum: 0, Workers: 4
[1142.560s][debug][gc,phases      ] GC(200)   Weak JFR Old Object Samples    Min:  0.0, Avg:  0.0, Max:  0.0, Diff:  0.0, Sum:  0.0, Workers: 4
[1142.560s][debug][gc,phases      ] GC(200)     Dead                           Min: 0, Avg:  0.0, Max: 0, Diff: 0, Sum: 0, Workers: 4
[1142.560s][debug][gc,phases      ] GC(200)     Total                          Min: 0, Avg:  0.0, Max: 0, Diff: 0, Sum: 0, Workers: 4
[1142.560s][debug][gc,phases      ] GC(200) Weak Processing 0.333ms
[1142.560s][debug][gc,age         ] GC(200) Desired survivor size 37224448 bytes, new threshold 15 (max threshold 15)
[1142.560s][info ][gc,heap        ] GC(200) PSYoungGen: 2030528K(2060288K)->5728K(2060800K) Eden: 2024448K(2024448K)->0K(2024448K) From: 6080K(35840K)->5728K(36352K)
[1142.560s][info ][gc,heap        ] GC(200) ParOldGen: 688029K(734720K)->688757K(734720K)
[1142.560s][info ][gc,metaspace   ] GC(200) Metaspace: 86682K(87680K)->86682K(87680K) NonClass: 74670K(75200K)->74670K(75200K) Class: 12012K(12480K)->12012K(12480K)
[1142.560s][info ][gc             ] GC(200) Pause Young (Allocation Failure) 2654M->678M(2730M) 5.456ms
[1142.560s][info ][gc,cpu         ] GC(200) User=0.02s Sys=0.00s Real=0.00s
[1142.560s][info ][safepoint      ] Safepoint "ParallelGCFailedAllocation", Time since last: 3237796060 ns, Reaching safepoint: 112902 ns, At safepoint: 5545607 ns, Total: 5658509 ns
[1148.560s][info ][safepoint      ] Safepoint "Cleanup", Time since last: 6000434345 ns, Reaching safepoint: 113902 ns, At safepoint: 7100 ns, Total: 121002 ns
[1156.561s][info ][safepoint      ] Safepoint "Cleanup", Time since last: 8000568370 ns, Reaching safepoint: 143002 ns, At safepoint: 10001 ns, Total: 153003 ns
[1157.561s][info ][safepoint      ] Safepoint "Cleanup", Time since last: 1000063308 ns, Reaching safepoint: 128502 ns, At safepoint: 10601 ns, Total: 139103 ns
[1159.562s][info ][safepoint      ] Safepoint "Cleanup", Time since last: 2000159509 ns, Reaching safepoint: 109902 ns, At safepoint: 8300 ns, Total: 118202 ns
[1160.007s][info ][gc,start       ] GC(201) Pause Young (Allocation Failure)
[1160.011s][debug][gc,phases      ] GC(201) Scavenge 4.431ms
[1160.011s][debug][gc,ref         ] GC(201) Skipped phase 1 of Reference Processing: no references
[1160.011s][debug][gc,ref         ] GC(201) ReferenceProcessor::execute queues: 1, RefProcThreadModel::Single, marks_oops_alive: false
[1160.011s][debug][gc,ref         ] GC(201) Skipped phase 3 of Reference Processing: no references
[1160.011s][debug][gc,ref         ] GC(201) ReferenceProcessor::execute queues: 1, RefProcThreadModel::Single, marks_oops_alive: false
[1160.011s][debug][gc,phases      ] GC(201) Reference Processing 0.127ms
[1160.012s][debug][gc,phases      ] GC(201)   VM Weak                        Min:  0.0, Avg:  0.0, Max:  0.0, Diff:  0.0, Sum:  0.0, Workers: 4
[1160.012s][debug][gc,phases      ] GC(201)     Dead                           Min: 0, Avg:  0.0, Max: 0, Diff: 0, Sum: 0, Workers: 4
[1160.012s][debug][gc,phases      ] GC(201)     Total                          Min: 0, Avg: 188.0, Max: 320, Diff: 320, Sum: 752, Workers: 4
[1160.012s][debug][gc,phases      ] GC(201)   ObjectSynchronizer Weak        Min:  0.0, Avg:  0.0, Max:  0.0, Diff:  0.0, Sum:  0.0, Workers: 4
[1160.012s][debug][gc,phases      ] GC(201)     Dead                           Min: 0, Avg:  0.0, Max: 0, Diff: 0, Sum: 0, Workers: 4
[1160.012s][debug][gc,phases      ] GC(201)     Total                          Min: 0, Avg: 116.5, Max: 192, Diff: 192, Sum: 466, Workers: 4
[1160.012s][debug][gc,phases      ] GC(201)   JVMTI Tag Weak OopStorage      Min:  0.0, Avg:  0.0, Max:  0.0, Diff:  0.0, Sum:  0.0, Workers: 4
[1160.012s][debug][gc,phases      ] GC(201)     Dead                           Min: 0, Avg:  0.0, Max: 0, Diff: 0, Sum: 0, Workers: 4
[1160.012s][debug][gc,phases      ] GC(201)     Total                          Min: 0, Avg:  0.0, Max: 0, Diff: 0, Sum: 0, Workers: 4
[1160.012s][debug][gc,phases      ] GC(201)   StringTable Weak               Min:  0.0, Avg:  0.1, Max:  0.1, Diff:  0.1, Sum:  0.4, Workers: 4
[1160.012s][debug][gc,phases      ] GC(201)     Dead                           Min: 0, Avg:  0.0, Max: 0, Diff: 0, Sum: 0, Workers: 4
[1160.012s][debug][gc,phases      ] GC(201)     Total                          Min: 0, Avg: 12181.5, Max: 17558, Diff: 17558, Sum: 48726, Workers: 4
[1160.012s][debug][gc,phases      ] GC(201)   ResolvedMethodTable Weak       Min:  0.0, Avg:  0.0, Max:  0.0, Diff:  0.0, Sum:  0.1, Workers: 4
[1160.012s][debug][gc,phases      ] GC(201)     Dead                           Min: 0, Avg:  0.0, Max: 0, Diff: 0, Sum: 0, Workers: 4
[1160.012s][debug][gc,phases      ] GC(201)     Total                          Min: 0, Avg: 2262.0, Max: 3200, Diff: 3200, Sum: 9048, Workers: 4
[1160.012s][debug][gc,phases      ] GC(201)   JNI Weak                       Min:  0.0, Avg:  0.0, Max:  0.0, Diff:  0.0, Sum:  0.0, Workers: 4
[1160.012s][debug][gc,phases      ] GC(201)     Dead                           Min: 0, Avg:  0.0, Max: 0, Diff: 0, Sum: 0, Workers: 4
[1160.012s][debug][gc,phases      ] GC(201)     Total                          Min: 0, Avg:  0.0, Max: 0, Diff: 0, Sum: 0, Workers: 4
[1160.012s][debug][gc,phases      ] GC(201)   StringDedup Table Weak         Min:  0.0, Avg:  0.0, Max:  0.0, Diff:  0.0, Sum:  0.0, Workers: 4
[1160.012s][debug][gc,phases      ] GC(201)     Dead                           Min: 0, Avg:  0.0, Max: 0, Diff: 0, Sum: 0, Workers: 4
[1160.012s][debug][gc,phases      ] GC(201)     Total                          Min: 0, Avg:  0.0, Max: 0, Diff: 0, Sum: 0, Workers: 4
[1160.012s][debug][gc,phases      ] GC(201)   StringDedup Requests0 Weak     Min:  0.0, Avg:  0.0, Max:  0.0, Diff:  0.0, Sum:  0.0, Workers: 4
[1160.012s][debug][gc,phases      ] GC(201)     Dead                           Min: 0, Avg:  0.0, Max: 0, Diff: 0, Sum: 0, Workers: 4
[1160.012s][debug][gc,phases      ] GC(201)     Total                          Min: 0, Avg:  0.0, Max: 0, Diff: 0, Sum: 0, Workers: 4
[1160.012s][debug][gc,phases      ] GC(201)   StringDedup Requests1 Weak     Min:  0.0, Avg:  0.0, Max:  0.0, Diff:  0.0, Sum:  0.0, Workers: 4
[1160.012s][debug][gc,phases      ] GC(201)     Dead                           Min: 0, Avg:  0.0, Max: 0, Diff: 0, Sum: 0, Workers: 4
[1160.012s][debug][gc,phases      ] GC(201)     Total                          Min: 0, Avg:  0.0, Max: 0, Diff: 0, Sum: 0, Workers: 4
[1160.012s][debug][gc,phases      ] GC(201)   Weak JFR Old Object Samples    Min:  0.0, Avg:  0.0, Max:  0.0, Diff:  0.0, Sum:  0.0, Workers: 4
[1160.012s][debug][gc,phases      ] GC(201)     Dead                           Min: 0, Avg:  0.0, Max: 0, Diff: 0, Sum: 0, Workers: 4
[1160.012s][debug][gc,phases      ] GC(201)     Total                          Min: 0, Avg:  0.0, Max: 0, Diff: 0, Sum: 0, Workers: 4
[1160.012s][debug][gc,phases      ] GC(201) Weak Processing 0.388ms
[1160.012s][debug][gc,age         ] GC(201) Desired survivor size 36700160 bytes, new threshold 15 (max threshold 15)
[1160.012s][info ][gc,heap        ] GC(201) PSYoungGen: 2030176K(2060800K)->6048K(2061312K) Eden: 2024448K(2024448K)->0K(2024960K) From: 5728K(36352K)->6048K(36352K)
[1160.012s][info ][gc,heap        ] GC(201) ParOldGen: 688757K(734720K)->688985K(734720K)
[1160.012s][info ][gc,metaspace   ] GC(201) Metaspace: 86691K(87680K)->86691K(87680K) NonClass: 74677K(75200K)->74677K(75200K) Class: 12014K(12480K)->12014K(12480K)
[1160.012s][info ][gc             ] GC(201) Pause Young (Allocation Failure) 2655M->678M(2730M) 5.070ms
[1160.012s][info ][gc,cpu         ] GC(201) User=0.02s Sys=0.00s Real=0.01s
[1160.012s][info ][safepoint      ] Safepoint "ParallelGCFailedAllocation", Time since last: 445004489 ns, Reaching safepoint: 100802 ns, At safepoint: 5150899 ns, Total: 5251701 ns
[1163.012s][info ][safepoint      ] Safepoint "Cleanup", Time since last: 3000223989 ns, Reaching safepoint: 92002 ns, At safepoint: 11700 ns, Total: 103702 ns
[1164.013s][info ][safepoint      ] Safepoint "Cleanup", Time since last: 1000125492 ns, Reaching safepoint: 148403 ns, At safepoint: 6700 ns, Total: 155103 ns
[1166.013s][info ][safepoint      ] Safepoint "Cleanup", Time since last: 2000137274 ns, Reaching safepoint: 125902 ns, At safepoint: 11500 ns, Total: 137402 ns
[1167.013s][info ][safepoint      ] Safepoint "Cleanup", Time since last: 1000106784 ns, Reaching safepoint: 127502 ns, At safepoint: 7700 ns, Total: 135202 ns
[1168.013s][info ][safepoint      ] Safepoint "Cleanup", Time since last: 1000089881 ns, Reaching safepoint: 113702 ns, At safepoint: 5400 ns, Total: 119102 ns
[1169.013s][info ][safepoint      ] Safepoint "Cleanup", Time since last: 1000099178 ns, Reaching safepoint: 121902 ns, At safepoint: 10500 ns, Total: 132402 ns
[1170.014s][info ][safepoint      ] Safepoint "Cleanup", Time since last: 1000123076 ns, Reaching safepoint: 163203 ns, At safepoint: 14400 ns, Total: 177603 ns
[1171.014s][info ][safepoint      ] Safepoint "Cleanup", Time since last: 1000105073 ns, Reaching safepoint: 119702 ns, At safepoint: 14201 ns, Total: 133903 ns
[1172.014s][info ][safepoint      ] Safepoint "Cleanup", Time since last: 1000104069 ns, Reaching safepoint: 44801 ns, At safepoint: 3500 ns, Total: 48301 ns
[1173.014s][info ][safepoint      ] Safepoint "Cleanup", Time since last: 1000102867 ns, Reaching safepoint: 147103 ns, At safepoint: 10900 ns, Total: 158003 ns
[1176.015s][info ][safepoint      ] Safepoint "Cleanup", Time since last: 3000235784 ns, Reaching safepoint: 123903 ns, At safepoint: 11200 ns, Total: 135103 ns
[1177.812s][info ][gc,start       ] GC(202) Pause Young (Allocation Failure)
[1177.815s][debug][gc,phases      ] GC(202) Scavenge 3.635ms
[1177.815s][debug][gc,ref         ] GC(202) Skipped phase 1 of Reference Processing: no references
[1177.816s][debug][gc,ref         ] GC(202) ReferenceProcessor::execute queues: 1, RefProcThreadModel::Single, marks_oops_alive: false
[1177.816s][debug][gc,ref         ] GC(202) Skipped phase 3 of Reference Processing: no references
[1177.816s][debug][gc,ref         ] GC(202) ReferenceProcessor::execute queues: 1, RefProcThreadModel::Single, marks_oops_alive: false
[1177.816s][debug][gc,phases      ] GC(202) Reference Processing 0.126ms
[1177.816s][debug][gc,phases      ] GC(202)   VM Weak                        Min:  0.0, Avg:  0.0, Max:  0.0, Diff:  0.0, Sum:  0.0, Workers: 4
[1177.816s][debug][gc,phases      ] GC(202)     Dead                           Min: 0, Avg:  0.0, Max: 0, Diff: 0, Sum: 0, Workers: 4
[1177.816s][debug][gc,phases      ] GC(202)     Total                          Min: 0, Avg: 188.5, Max: 704, Diff: 704, Sum: 754, Workers: 4
[1177.816s][debug][gc,phases      ] GC(202)   ObjectSynchronizer Weak        Min:  0.0, Avg:  0.0, Max:  0.0, Diff:  0.0, Sum:  0.0, Workers: 4
[1177.816s][debug][gc,phases      ] GC(202)     Dead                           Min: 0, Avg:  0.0, Max: 0, Diff: 0, Sum: 0, Workers: 4
[1177.816s][debug][gc,phases      ] GC(202)     Total                          Min: 0, Avg: 116.5, Max: 274, Diff: 274, Sum: 466, Workers: 4
[1177.816s][debug][gc,phases      ] GC(202)   JVMTI Tag Weak OopStorage      Min:  0.0, Avg:  0.0, Max:  0.0, Diff:  0.0, Sum:  0.0, Workers: 4
[1177.816s][debug][gc,phases      ] GC(202)     Dead                           Min: 0, Avg:  0.0, Max: 0, Diff: 0, Sum: 0, Workers: 4
[1177.816s][debug][gc,phases      ] GC(202)     Total                          Min: 0, Avg:  0.0, Max: 0, Diff: 0, Sum: 0, Workers: 4
[1177.816s][debug][gc,phases      ] GC(202)   StringTable Weak               Min:  0.1, Avg:  0.1, Max:  0.1, Diff:  0.0, Sum:  0.4, Workers: 4
[1177.816s][debug][gc,phases      ] GC(202)     Dead                           Min: 0, Avg:  0.5, Max: 2, Diff: 2, Sum: 2, Workers: 4
[1177.816s][debug][gc,phases      ] GC(202)     Total                          Min: 10368, Avg: 12187.5, Max: 12992, Diff: 2624, Sum: 48750, Workers: 4
[1177.816s][debug][gc,phases      ] GC(202)   ResolvedMethodTable Weak       Min:  0.0, Avg:  0.0, Max:  0.0, Diff:  0.0, Sum:  0.1, Workers: 4
[1177.816s][debug][gc,phases      ] GC(202)     Dead                           Min: 0, Avg:  0.0, Max: 0, Diff: 0, Sum: 0, Workers: 4
[1177.816s][debug][gc,phases      ] GC(202)     Total                          Min: 2090, Avg: 2266.5, Max: 2560, Diff: 470, Sum: 9066, Workers: 4
[1177.816s][debug][gc,phases      ] GC(202)   JNI Weak                       Min:  0.0, Avg:  0.0, Max:  0.0, Diff:  0.0, Sum:  0.0, Workers: 4
[1177.816s][debug][gc,phases      ] GC(202)     Dead                           Min: 0, Avg:  0.0, Max: 0, Diff: 0, Sum: 0, Workers: 4
[1177.816s][debug][gc,phases      ] GC(202)     Total                          Min: 0, Avg:  0.0, Max: 0, Diff: 0, Sum: 0, Workers: 4
[1177.816s][debug][gc,phases      ] GC(202)   StringDedup Table Weak         Min:  0.0, Avg:  0.0, Max:  0.0, Diff:  0.0, Sum:  0.0, Workers: 4
[1177.816s][debug][gc,phases      ] GC(202)     Dead                           Min: 0, Avg:  0.0, Max: 0, Diff: 0, Sum: 0, Workers: 4
[1177.816s][debug][gc,phases      ] GC(202)     Total                          Min: 0, Avg:  0.0, Max: 0, Diff: 0, Sum: 0, Workers: 4
[1177.816s][debug][gc,phases      ] GC(202)   StringDedup Requests0 Weak     Min:  0.0, Avg:  0.0, Max:  0.0, Diff:  0.0, Sum:  0.0, Workers: 4
[1177.816s][debug][gc,phases      ] GC(202)     Dead                           Min: 0, Avg:  0.0, Max: 0, Diff: 0, Sum: 0, Workers: 4
[1177.816s][debug][gc,phases      ] GC(202)     Total                          Min: 0, Avg:  0.0, Max: 0, Diff: 0, Sum: 0, Workers: 4
[1177.816s][debug][gc,phases      ] GC(202)   StringDedup Requests1 Weak     Min:  0.0, Avg:  0.0, Max:  0.0, Diff:  0.0, Sum:  0.0, Workers: 4
[1177.816s][debug][gc,phases      ] GC(202)     Dead                           Min: 0, Avg:  0.0, Max: 0, Diff: 0, Sum: 0, Workers: 4
[1177.816s][debug][gc,phases      ] GC(202)     Total                          Min: 0, Avg:  0.0, Max: 0, Diff: 0, Sum: 0, Workers: 4
[1177.816s][debug][gc,phases      ] GC(202)   Weak JFR Old Object Samples    Min:  0.0, Avg:  0.0, Max:  0.0, Diff:  0.0, Sum:  0.0, Workers: 4
[1177.816s][debug][gc,phases      ] GC(202)     Dead                           Min: 0, Avg:  0.0, Max: 0, Diff: 0, Sum: 0, Workers: 4
[1177.816s][debug][gc,phases      ] GC(202)     Total                          Min: 0, Avg:  0.0, Max: 0, Diff: 0, Sum: 0, Workers: 4
[1177.816s][debug][gc,phases      ] GC(202) Weak Processing 0.337ms
[1177.816s][debug][gc,age         ] GC(202) Desired survivor size 36700160 bytes, new threshold 15 (max threshold 15)
[1177.816s][info ][gc,heap        ] GC(202) PSYoungGen: 2031008K(2061312K)->5712K(2060800K) Eden: 2024960K(2024960K)->0K(2024960K) From: 6048K(36352K)->5712K(35840K)
[1177.816s][info ][gc,heap        ] GC(202) ParOldGen: 688985K(734720K)->689137K(734720K)
[1177.816s][info ][gc,metaspace   ] GC(202) Metaspace: 86772K(87744K)->86772K(87744K) NonClass: 74744K(75264K)->74744K(75264K) Class: 12027K(12480K)->12027K(12480K)
[1177.816s][info ][gc             ] GC(202) Pause Young (Allocation Failure) 2656M->678M(2730M) 4.227ms
[1177.816s][info ][gc,cpu         ] GC(202) User=0.01s Sys=0.00s Real=0.00s
[1177.816s][info ][safepoint      ] Safepoint "ParallelGCFailedAllocation", Time since last: 1796712393 ns, Reaching safepoint: 130502 ns, At safepoint: 4307583 ns, Total: 4438085 ns
[1185.817s][info ][safepoint      ] Safepoint "Cleanup", Time since last: 8000529933 ns, Reaching safepoint: 55401 ns, At safepoint: 8201 ns, Total: 63602 ns
[1190.817s][info ][safepoint      ] Safepoint "Cleanup", Time since last: 5000355423 ns, Reaching safepoint: 132703 ns, At safepoint: 13600 ns, Total: 146303 ns
[1194.331s][info ][safepoint      ] Safepoint "Cleanup", Time since last: 3513639905 ns, Reaching safepoint: 63901 ns, At safepoint: 7000 ns, Total: 70901 ns
[1195.208s][info ][gc,start       ] GC(203) Pause Young (Allocation Failure)
[1195.212s][debug][gc,phases      ] GC(203) Scavenge 3.862ms
[1195.212s][debug][gc,ref         ] GC(203) Skipped phase 1 of Reference Processing: no references
[1195.212s][debug][gc,ref         ] GC(203) ReferenceProcessor::execute queues: 1, RefProcThreadModel::Single, marks_oops_alive: false
[1195.212s][debug][gc,ref         ] GC(203) Skipped phase 3 of Reference Processing: no references
[1195.212s][debug][gc,ref         ] GC(203) ReferenceProcessor::execute queues: 1, RefProcThreadModel::Single, marks_oops_alive: false
[1195.212s][debug][gc,phases      ] GC(203) Reference Processing 0.123ms
[1195.212s][debug][gc,phases      ] GC(203)   VM Weak                        Min:  0.0, Avg:  0.0, Max:  0.0, Diff:  0.0, Sum:  0.0, Workers: 4
[1195.212s][debug][gc,phases      ] GC(203)     Dead                           Min: 0, Avg:  0.0, Max: 0, Diff: 0, Sum: 0, Workers: 4
[1195.212s][debug][gc,phases      ] GC(203)     Total                          Min: 0, Avg: 188.5, Max: 754, Diff: 754, Sum: 754, Workers: 4
[1195.212s][debug][gc,phases      ] GC(203)   ObjectSynchronizer Weak        Min:  0.0, Avg:  0.0, Max:  0.0, Diff:  0.0, Sum:  0.0, Workers: 4
[1195.212s][debug][gc,phases      ] GC(203)     Dead                           Min: 0, Avg:  0.0, Max: 0, Diff: 0, Sum: 0, Workers: 4
[1195.212s][debug][gc,phases      ] GC(203)     Total                          Min: 0, Avg: 116.5, Max: 466, Diff: 466, Sum: 466, Workers: 4
[1195.212s][debug][gc,phases      ] GC(203)   JVMTI Tag Weak OopStorage      Min:  0.0, Avg:  0.0, Max:  0.0, Diff:  0.0, Sum:  0.0, Workers: 4
[1195.212s][debug][gc,phases      ] GC(203)     Dead                           Min: 0, Avg:  0.0, Max: 0, Diff: 0, Sum: 0, Workers: 4
[1195.212s][debug][gc,phases      ] GC(203)     Total                          Min: 0, Avg:  0.0, Max: 0, Diff: 0, Sum: 0, Workers: 4
[1195.212s][debug][gc,phases      ] GC(203)   StringTable Weak               Min:  0.1, Avg:  0.1, Max:  0.1, Diff:  0.0, Sum:  0.4, Workers: 4
[1195.212s][debug][gc,phases      ] GC(203)     Dead                           Min: 0, Avg:  0.0, Max: 0, Diff: 0, Sum: 0, Workers: 4
[1195.212s][debug][gc,phases      ] GC(203)     Total                          Min: 11520, Avg: 12188.8, Max: 12992, Diff: 1472, Sum: 48755, Workers: 4
[1195.212s][debug][gc,phases      ] GC(203)   ResolvedMethodTable Weak       Min:  0.0, Avg:  0.0, Max:  0.0, Diff:  0.0, Sum:  0.1, Workers: 4
[1195.212s][debug][gc,phases      ] GC(203)     Dead                           Min: 0, Avg:  0.0, Max: 0, Diff: 0, Sum: 0, Workers: 4
[1195.212s][debug][gc,phases      ] GC(203)     Total                          Min: 2176, Avg: 2266.5, Max: 2346, Diff: 170, Sum: 9066, Workers: 4
[1195.212s][debug][gc,phases      ] GC(203)   JNI Weak                       Min:  0.0, Avg:  0.0, Max:  0.0, Diff:  0.0, Sum:  0.0, Workers: 4
[1195.212s][debug][gc,phases      ] GC(203)     Dead                           Min: 0, Avg:  0.0, Max: 0, Diff: 0, Sum: 0, Workers: 4
[1195.212s][debug][gc,phases      ] GC(203)     Total                          Min: 0, Avg:  0.0, Max: 0, Diff: 0, Sum: 0, Workers: 4
[1195.212s][debug][gc,phases      ] GC(203)   StringDedup Table Weak         Min:  0.0, Avg:  0.0, Max:  0.0, Diff:  0.0, Sum:  0.0, Workers: 4
[1195.212s][debug][gc,phases      ] GC(203)     Dead                           Min: 0, Avg:  0.0, Max: 0, Diff: 0, Sum: 0, Workers: 4
[1195.212s][debug][gc,phases      ] GC(203)     Total                          Min: 0, Avg:  0.0, Max: 0, Diff: 0, Sum: 0, Workers: 4
[1195.212s][debug][gc,phases      ] GC(203)   StringDedup Requests0 Weak     Min:  0.0, Avg:  0.0, Max:  0.0, Diff:  0.0, Sum:  0.0, Workers: 4
[1195.212s][debug][gc,phases      ] GC(203)     Dead                           Min: 0, Avg:  0.0, Max: 0, Diff: 0, Sum: 0, Workers: 4
[1195.212s][debug][gc,phases      ] GC(203)     Total                          Min: 0, Avg:  0.0, Max: 0, Diff: 0, Sum: 0, Workers: 4
[1195.212s][debug][gc,phases      ] GC(203)   StringDedup Requests1 Weak     Min:  0.0, Avg:  0.0, Max:  0.0, Diff:  0.0, Sum:  0.0, Workers: 4
[1195.212s][debug][gc,phases      ] GC(203)     Dead                           Min: 0, Avg:  0.0, Max: 0, Diff: 0, Sum: 0, Workers: 4
[1195.212s][debug][gc,phases      ] GC(203)     Total                          Min: 0, Avg:  0.0, Max: 0, Diff: 0, Sum: 0, Workers: 4
[1195.212s][debug][gc,phases      ] GC(203)   Weak JFR Old Object Samples    Min:  0.0, Avg:  0.0, Max:  0.0, Diff:  0.0, Sum:  0.0, Workers: 4
[1195.212s][debug][gc,phases      ] GC(203)     Dead                           Min: 0, Avg:  0.0, Max: 0, Diff: 0, Sum: 0, Workers: 4
[1195.212s][debug][gc,phases      ] GC(203)     Total                          Min: 0, Avg:  0.0, Max: 0, Diff: 0, Sum: 0, Workers: 4
[1195.212s][debug][gc,phases      ] GC(203) Weak Processing 0.345ms
[1195.212s][debug][gc,age         ] GC(203) Desired survivor size 35651584 bytes, new threshold 15 (max threshold 15)
[1195.212s][info ][gc,heap        ] GC(203) PSYoungGen: 2030672K(2060800K)->5744K(2062336K) Eden: 2024960K(2024960K)->0K(2026496K) From: 5712K(35840K)->5744K(35840K)
[1195.212s][info ][gc,heap        ] GC(203) ParOldGen: 689137K(734720K)->689373K(734720K)
[1195.212s][info ][gc,metaspace   ] GC(203) Metaspace: 86780K(87744K)->86780K(87744K) NonClass: 74752K(75264K)->74752K(75264K) Class: 12027K(12480K)->12027K(12480K)
[1195.212s][info ][gc             ] GC(203) Pause Young (Allocation Failure) 2656M->678M(2731M) 4.458ms
[1195.212s][info ][gc,cpu         ] GC(203) User=0.01s Sys=0.00s Real=0.01s
[1195.213s][info ][safepoint      ] Safepoint "ParallelGCFailedAllocation", Time since last: 877085646 ns, Reaching safepoint: 121002 ns, At safepoint: 4542688 ns, Total: 4663690 ns
[1196.213s][info ][safepoint      ] Safepoint "Cleanup", Time since last: 1000084506 ns, Reaching safepoint: 119802 ns, At safepoint: 6400 ns, Total: 126202 ns
[1202.213s][info ][safepoint      ] Safepoint "Cleanup", Time since last: 6000485681 ns, Reaching safepoint: 125802 ns, At safepoint: 6601 ns, Total: 132403 ns
[1203.214s][info ][safepoint      ] Safepoint "Cleanup", Time since last: 1000102788 ns, Reaching safepoint: 109902 ns, At safepoint: 7600 ns, Total: 117502 ns
[1207.214s][info ][safepoint      ] Safepoint "Cleanup", Time since last: 4000291226 ns, Reaching safepoint: 143703 ns, At safepoint: 9600 ns, Total: 153303 ns
[1208.214s][info ][safepoint      ] Safepoint "Cleanup", Time since last: 1000096776 ns, Reaching safepoint: 101002 ns, At safepoint: 8700 ns, Total: 109702 ns
[1212.910s][info ][gc,start       ] GC(204) Pause Young (Allocation Failure)
[1212.913s][debug][gc,phases      ] GC(204) Scavenge 3.703ms
[1212.913s][debug][gc,ref         ] GC(204) Skipped phase 1 of Reference Processing: no references
[1212.914s][debug][gc,ref         ] GC(204) ReferenceProcessor::execute queues: 1, RefProcThreadModel::Single, marks_oops_alive: false
[1212.914s][debug][gc,ref         ] GC(204) Skipped phase 3 of Reference Processing: no references
[1212.914s][debug][gc,ref         ] GC(204) ReferenceProcessor::execute queues: 1, RefProcThreadModel::Single, marks_oops_alive: false
[1212.914s][debug][gc,phases      ] GC(204) Reference Processing 0.122ms
[1212.914s][debug][gc,phases      ] GC(204)   VM Weak                        Min:  0.0, Avg:  0.0, Max:  0.0, Diff:  0.0, Sum:  0.0, Workers: 4
[1212.914s][debug][gc,phases      ] GC(204)     Dead                           Min: 0, Avg:  0.0, Max: 0, Diff: 0, Sum: 0, Workers: 4
[1212.914s][debug][gc,phases      ] GC(204)     Total                          Min: 0, Avg: 188.5, Max: 754, Diff: 754, Sum: 754, Workers: 4
[1212.914s][debug][gc,phases      ] GC(204)   ObjectSynchronizer Weak        Min:  0.0, Avg:  0.0, Max:  0.0, Diff:  0.0, Sum:  0.0, Workers: 4
[1212.914s][debug][gc,phases      ] GC(204)     Dead                           Min: 0, Avg:  0.0, Max: 0, Diff: 0, Sum: 0, Workers: 4
[1212.914s][debug][gc,phases      ] GC(204)     Total                          Min: 0, Avg: 116.5, Max: 466, Diff: 466, Sum: 466, Workers: 4
[1212.914s][debug][gc,phases      ] GC(204)   JVMTI Tag Weak OopStorage      Min:  0.0, Avg:  0.0, Max:  0.0, Diff:  0.0, Sum:  0.0, Workers: 4
[1212.914s][debug][gc,phases      ] GC(204)     Dead                           Min: 0, Avg:  0.0, Max: 0, Diff: 0, Sum: 0, Workers: 4
[1212.914s][debug][gc,phases      ] GC(204)     Total                          Min: 0, Avg:  0.0, Max: 0, Diff: 0, Sum: 0, Workers: 4
[1212.914s][debug][gc,phases      ] GC(204)   StringTable Weak               Min:  0.1, Avg:  0.1, Max:  0.1, Diff:  0.0, Sum:  0.4, Workers: 4
[1212.914s][debug][gc,phases      ] GC(204)     Dead                           Min: 0, Avg:  0.2, Max: 1, Diff: 1, Sum: 1, Workers: 4
[1212.914s][debug][gc,phases      ] GC(204)     Total                          Min: 11648, Avg: 12193.5, Max: 13183, Diff: 1535, Sum: 48774, Workers: 4
[1212.914s][debug][gc,phases      ] GC(204)   ResolvedMethodTable Weak       Min:  0.0, Avg:  0.0, Max:  0.0, Diff:  0.0, Sum:  0.1, Workers: 4
[1212.914s][debug][gc,phases      ] GC(204)     Dead                           Min: 0, Avg:  0.0, Max: 0, Diff: 0, Sum: 0, Workers: 4
[1212.914s][debug][gc,phases      ] GC(204)     Total                          Min: 2175, Avg: 2266.8, Max: 2304, Diff: 129, Sum: 9067, Workers: 4
[1212.914s][debug][gc,phases      ] GC(204)   JNI Weak                       Min:  0.0, Avg:  0.0, Max:  0.0, Diff:  0.0, Sum:  0.0, Workers: 4
[1212.914s][debug][gc,phases      ] GC(204)     Dead                           Min: 0, Avg:  0.0, Max: 0, Diff: 0, Sum: 0, Workers: 4
[1212.914s][debug][gc,phases      ] GC(204)     Total                          Min: 0, Avg:  0.0, Max: 0, Diff: 0, Sum: 0, Workers: 4
[1212.914s][debug][gc,phases      ] GC(204)   StringDedup Table Weak         Min:  0.0, Avg:  0.0, Max:  0.0, Diff:  0.0, Sum:  0.0, Workers: 4
[1212.914s][debug][gc,phases      ] GC(204)     Dead                           Min: 0, Avg:  0.0, Max: 0, Diff: 0, Sum: 0, Workers: 4
[1212.914s][debug][gc,phases      ] GC(204)     Total                          Min: 0, Avg:  0.0, Max: 0, Diff: 0, Sum: 0, Workers: 4
[1212.914s][debug][gc,phases      ] GC(204)   StringDedup Requests0 Weak     Min:  0.0, Avg:  0.0, Max:  0.0, Diff:  0.0, Sum:  0.0, Workers: 4
[1212.914s][debug][gc,phases      ] GC(204)     Dead                           Min: 0, Avg:  0.0, Max: 0, Diff: 0, Sum: 0, Workers: 4
[1212.914s][debug][gc,phases      ] GC(204)     Total                          Min: 0, Avg:  0.0, Max: 0, Diff: 0, Sum: 0, Workers: 4
[1212.914s][debug][gc,phases      ] GC(204)   StringDedup Requests1 Weak     Min:  0.0, Avg:  0.0, Max:  0.0, Diff:  0.0, Sum:  0.0, Workers: 4
[1212.914s][debug][gc,phases      ] GC(204)     Dead                           Min: 0, Avg:  0.0, Max: 0, Diff: 0, Sum: 0, Workers: 4
[1212.914s][debug][gc,phases      ] GC(204)     Total                          Min: 0, Avg:  0.0, Max: 0, Diff: 0, Sum: 0, Workers: 4
[1212.914s][debug][gc,phases      ] GC(204)   Weak JFR Old Object Samples    Min:  0.0, Avg:  0.0, Max:  0.0, Diff:  0.0, Sum:  0.0, Workers: 4
[1212.914s][debug][gc,phases      ] GC(204)     Dead                           Min: 0, Avg:  0.0, Max: 0, Diff: 0, Sum: 0, Workers: 4
[1212.914s][debug][gc,phases      ] GC(204)     Total                          Min: 0, Avg:  0.0, Max: 0, Diff: 0, Sum: 0, Workers: 4
[1212.914s][debug][gc,phases      ] GC(204) Weak Processing 0.322ms
[1212.914s][debug][gc,age         ] GC(204) Desired survivor size 35127296 bytes, new threshold 15 (max threshold 15)
[1212.914s][info ][gc,heap        ] GC(204) PSYoungGen: 2032240K(2062336K)->5552K(2061312K) Eden: 2026496K(2026496K)->0K(2026496K) From: 5744K(35840K)->5552K(34816K)
[1212.914s][info ][gc,heap        ] GC(204) ParOldGen: 689373K(734720K)->689541K(734720K)
[1212.914s][info ][gc,metaspace   ] GC(204) Metaspace: 86791K(87744K)->86791K(87744K) NonClass: 74762K(75264K)->74762K(75264K) Class: 12028K(12480K)->12028K(12480K)
[1212.914s][info ][gc             ] GC(204) Pause Young (Allocation Failure) 2657M->678M(2730M) 4.271ms
[1212.914s][info ][gc,cpu         ] GC(204) User=0.02s Sys=0.00s Real=0.01s
[1212.914s][info ][safepoint      ] Safepoint "ParallelGCFailedAllocation", Time since last: 4695309894 ns, Reaching safepoint: 111002 ns, At safepoint: 4354183 ns, Total: 4465185 ns
[1219.915s][info ][safepoint      ] Safepoint "Cleanup", Time since last: 7000484775 ns, Reaching safepoint: 126902 ns, At safepoint: 13400 ns, Total: 140302 ns
[1220.915s][info ][safepoint      ] Safepoint "Cleanup", Time since last: 1000100245 ns, Reaching safepoint: 117702 ns, At safepoint: 7600 ns, Total: 125302 ns
[1221.915s][info ][safepoint      ] Safepoint "Cleanup", Time since last: 1000095742 ns, Reaching safepoint: 119402 ns, At safepoint: 5900 ns, Total: 125302 ns
[1222.915s][info ][safepoint      ] Safepoint "Cleanup", Time since last: 1000096640 ns, Reaching safepoint: 55201 ns, At safepoint: 8600 ns, Total: 63801 ns
[1223.915s][info ][safepoint      ] Safepoint "Cleanup", Time since last: 1000095837 ns, Reaching safepoint: 47001 ns, At safepoint: 3400 ns, Total: 50401 ns
[1225.916s][info ][safepoint      ] Safepoint "Cleanup", Time since last: 2000173666 ns, Reaching safepoint: 113302 ns, At safepoint: 7500 ns, Total: 120802 ns
[1229.916s][info ][safepoint      ] Safepoint "Cleanup", Time since last: 4000225801 ns, Reaching safepoint: 124602 ns, At safepoint: 7000 ns, Total: 131602 ns
[1230.257s][info ][gc,start       ] GC(205) Pause Young (Allocation Failure)
[1230.261s][debug][gc,phases      ] GC(205) Scavenge 3.798ms
[1230.261s][debug][gc,ref         ] GC(205) Skipped phase 1 of Reference Processing: no references
[1230.261s][debug][gc,ref         ] GC(205) ReferenceProcessor::execute queues: 1, RefProcThreadModel::Single, marks_oops_alive: false
[1230.261s][debug][gc,ref         ] GC(205) Skipped phase 3 of Reference Processing: no references
[1230.261s][debug][gc,ref         ] GC(205) ReferenceProcessor::execute queues: 1, RefProcThreadModel::Single, marks_oops_alive: false
[1230.261s][debug][gc,phases      ] GC(205) Reference Processing 0.145ms
[1230.261s][debug][gc,phases      ] GC(205)   VM Weak                        Min:  0.0, Avg:  0.0, Max:  0.0, Diff:  0.0, Sum:  0.0, Workers: 4
[1230.261s][debug][gc,phases      ] GC(205)     Dead                           Min: 0, Avg:  0.0, Max: 0, Diff: 0, Sum: 0, Workers: 4
[1230.261s][debug][gc,phases      ] GC(205)     Total                          Min: 0, Avg: 188.5, Max: 576, Diff: 576, Sum: 754, Workers: 4
[1230.261s][debug][gc,phases      ] GC(205)   ObjectSynchronizer Weak        Min:  0.0, Avg:  0.0, Max:  0.0, Diff:  0.0, Sum:  0.0, Workers: 4
[1230.261s][debug][gc,phases      ] GC(205)     Dead                           Min: 0, Avg:  0.0, Max: 0, Diff: 0, Sum: 0, Workers: 4
[1230.261s][debug][gc,phases      ] GC(205)     Total                          Min: 0, Avg: 116.5, Max: 274, Diff: 274, Sum: 466, Workers: 4
[1230.261s][debug][gc,phases      ] GC(205)   JVMTI Tag Weak OopStorage      Min:  0.0, Avg:  0.0, Max:  0.0, Diff:  0.0, Sum:  0.0, Workers: 4
[1230.261s][debug][gc,phases      ] GC(205)     Dead                           Min: 0, Avg:  0.0, Max: 0, Diff: 0, Sum: 0, Workers: 4
[1230.261s][debug][gc,phases      ] GC(205)     Total                          Min: 0, Avg:  0.0, Max: 0, Diff: 0, Sum: 0, Workers: 4
[1230.261s][debug][gc,phases      ] GC(205)   StringTable Weak               Min:  0.1, Avg:  0.1, Max:  0.1, Diff:  0.0, Sum:  0.5, Workers: 4
[1230.261s][debug][gc,phases      ] GC(205)     Dead                           Min: 0, Avg:  0.0, Max: 0, Diff: 0, Sum: 0, Workers: 4
[1230.261s][debug][gc,phases      ] GC(205)     Total                          Min: 10631, Avg: 12193.8, Max: 13504, Diff: 2873, Sum: 48775, Workers: 4
[1230.261s][debug][gc,phases      ] GC(205)   ResolvedMethodTable Weak       Min:  0.0, Avg:  0.0, Max:  0.0, Diff:  0.0, Sum:  0.1, Workers: 4
[1230.261s][debug][gc,phases      ] GC(205)     Dead                           Min: 0, Avg:  0.0, Max: 0, Diff: 0, Sum: 0, Workers: 4
[1230.261s][debug][gc,phases      ] GC(205)     Total                          Min: 2111, Avg: 2266.8, Max: 2541, Diff: 430, Sum: 9067, Workers: 4
[1230.261s][debug][gc,phases      ] GC(205)   JNI Weak                       Min:  0.0, Avg:  0.0, Max:  0.0, Diff:  0.0, Sum:  0.0, Workers: 4
[1230.261s][debug][gc,phases      ] GC(205)     Dead                           Min: 0, Avg:  0.0, Max: 0, Diff: 0, Sum: 0, Workers: 4
[1230.261s][debug][gc,phases      ] GC(205)     Total                          Min: 0, Avg:  0.0, Max: 0, Diff: 0, Sum: 0, Workers: 4
[1230.261s][debug][gc,phases      ] GC(205)   StringDedup Table Weak         Min:  0.0, Avg:  0.0, Max:  0.0, Diff:  0.0, Sum:  0.0, Workers: 4
[1230.261s][debug][gc,phases      ] GC(205)     Dead                           Min: 0, Avg:  0.0, Max: 0, Diff: 0, Sum: 0, Workers: 4
[1230.261s][debug][gc,phases      ] GC(205)     Total                          Min: 0, Avg:  0.0, Max: 0, Diff: 0, Sum: 0, Workers: 4
[1230.261s][debug][gc,phases      ] GC(205)   StringDedup Requests0 Weak     Min:  0.0, Avg:  0.0, Max:  0.0, Diff:  0.0, Sum:  0.0, Workers: 4
[1230.261s][debug][gc,phases      ] GC(205)     Dead                           Min: 0, Avg:  0.0, Max: 0, Diff: 0, Sum: 0, Workers: 4
[1230.261s][debug][gc,phases      ] GC(205)     Total                          Min: 0, Avg:  0.0, Max: 0, Diff: 0, Sum: 0, Workers: 4
[1230.261s][debug][gc,phases      ] GC(205)   StringDedup Requests1 Weak     Min:  0.0, Avg:  0.0, Max:  0.0, Diff:  0.0, Sum:  0.0, Workers: 4
[1230.261s][debug][gc,phases      ] GC(205)     Dead                           Min: 0, Avg:  0.0, Max: 0, Diff: 0, Sum: 0, Workers: 4
[1230.261s][debug][gc,phases      ] GC(205)     Total                          Min: 0, Avg:  0.0, Max: 0, Diff: 0, Sum: 0, Workers: 4
[1230.261s][debug][gc,phases      ] GC(205)   Weak JFR Old Object Samples    Min:  0.0, Avg:  0.0, Max:  0.0, Diff:  0.0, Sum:  0.0, Workers: 4
[1230.261s][debug][gc,phases      ] GC(205)     Dead                           Min: 0, Avg:  0.0, Max: 0, Diff: 0, Sum: 0, Workers: 4
[1230.261s][debug][gc,phases      ] GC(205)     Total                          Min: 0, Avg:  0.0, Max: 0, Diff: 0, Sum: 0, Workers: 4
[1230.261s][debug][gc,phases      ] GC(205) Weak Processing 0.334ms
[1230.261s][debug][gc,age         ] GC(205) Desired survivor size 34078720 bytes, new threshold 15 (max threshold 15)
[1230.261s][info ][gc,heap        ] GC(205) PSYoungGen: 2032048K(2061312K)->5392K(2063872K) Eden: 2026496K(2026496K)->0K(2029568K) From: 5552K(34816K)->5392K(34304K)
[1230.261s][info ][gc,heap        ] GC(205) ParOldGen: 689541K(734720K)->689649K(734720K)
[1230.261s][info ][gc,metaspace   ] GC(205) Metaspace: 86795K(87744K)->86795K(87744K) NonClass: 74767K(75264K)->74767K(75264K) Class: 12028K(12480K)->12028K(12480K)
[1230.261s][info ][gc             ] GC(205) Pause Young (Allocation Failure) 2657M->678M(2733M) 4.416ms
[1230.261s][info ][gc,cpu         ] GC(205) User=0.01s Sys=0.00s Real=0.00s
[1230.261s][info ][safepoint      ] Safepoint "ParallelGCFailedAllocation", Time since last: 340634613 ns, Reaching safepoint: 126002 ns, At safepoint: 4502286 ns, Total: 4628288 ns
[1239.262s][info ][safepoint      ] Safepoint "Cleanup", Time since last: 9000694084 ns, Reaching safepoint: 124902 ns, At safepoint: 9000 ns, Total: 133902 ns
[1241.262s][info ][safepoint      ] Safepoint "Cleanup", Time since last: 2000159693 ns, Reaching safepoint: 137702 ns, At safepoint: 9100 ns, Total: 146802 ns
[1243.263s][info ][safepoint      ] Safepoint "Cleanup", Time since last: 2000166784 ns, Reaching safepoint: 114502 ns, At safepoint: 9600 ns, Total: 124102 ns
[1245.263s][info ][safepoint      ] Safepoint "Cleanup", Time since last: 2000161274 ns, Reaching safepoint: 121002 ns, At safepoint: 8100 ns, Total: 129102 ns
[1246.263s][info ][safepoint      ] Safepoint "Cleanup", Time since last: 1000093084 ns, Reaching safepoint: 109002 ns, At safepoint: 10000 ns, Total: 119002 ns
[1247.263s][info ][safepoint      ] Safepoint "Cleanup", Time since last: 1000097882 ns, Reaching safepoint: 124502 ns, At safepoint: 9000 ns, Total: 133502 ns
[1247.856s][info ][gc,start       ] GC(206) Pause Young (Allocation Failure)
[1247.860s][debug][gc,phases      ] GC(206) Scavenge 3.658ms
[1247.860s][debug][gc,ref         ] GC(206) Skipped phase 1 of Reference Processing: no references
[1247.860s][debug][gc,ref         ] GC(206) ReferenceProcessor::execute queues: 1, RefProcThreadModel::Single, marks_oops_alive: false
[1247.860s][debug][gc,ref         ] GC(206) Skipped phase 3 of Reference Processing: no references
[1247.860s][debug][gc,ref         ] GC(206) ReferenceProcessor::execute queues: 1, RefProcThreadModel::Single, marks_oops_alive: false
[1247.860s][debug][gc,phases      ] GC(206) Reference Processing 0.114ms
[1247.860s][debug][gc,phases      ] GC(206)   VM Weak                        Min:  0.0, Avg:  0.0, Max:  0.0, Diff:  0.0, Sum:  0.0, Workers: 4
[1247.860s][debug][gc,phases      ] GC(206)     Dead                           Min: 0, Avg:  0.0, Max: 0, Diff: 0, Sum: 0, Workers: 4
[1247.860s][debug][gc,phases      ] GC(206)     Total                          Min: 0, Avg: 188.5, Max: 434, Diff: 434, Sum: 754, Workers: 4
[1247.860s][debug][gc,phases      ] GC(206)   ObjectSynchronizer Weak        Min:  0.0, Avg:  0.0, Max:  0.0, Diff:  0.0, Sum:  0.0, Workers: 4
[1247.860s][debug][gc,phases      ] GC(206)     Dead                           Min: 0, Avg:  0.0, Max: 0, Diff: 0, Sum: 0, Workers: 4
[1247.860s][debug][gc,phases      ] GC(206)     Total                          Min: 0, Avg: 116.5, Max: 210, Diff: 210, Sum: 466, Workers: 4
[1247.860s][debug][gc,phases      ] GC(206)   JVMTI Tag Weak OopStorage      Min:  0.0, Avg:  0.0, Max:  0.0, Diff:  0.0, Sum:  0.0, Workers: 4
[1247.860s][debug][gc,phases      ] GC(206)     Dead                           Min: 0, Avg:  0.0, Max: 0, Diff: 0, Sum: 0, Workers: 4
[1247.860s][debug][gc,phases      ] GC(206)     Total                          Min: 0, Avg:  0.0, Max: 0, Diff: 0, Sum: 0, Workers: 4
[1247.860s][debug][gc,phases      ] GC(206)   StringTable Weak               Min:  0.1, Avg:  0.1, Max:  0.1, Diff:  0.0, Sum:  0.4, Workers: 4
[1247.860s][debug][gc,phases      ] GC(206)     Dead                           Min: 0, Avg:  0.0, Max: 0, Diff: 0, Sum: 0, Workers: 4
[1247.860s][debug][gc,phases      ] GC(206)     Total                          Min: 10880, Avg: 12193.8, Max: 12800, Diff: 1920, Sum: 48775, Workers: 4
[1247.860s][debug][gc,phases      ] GC(206)   ResolvedMethodTable Weak       Min:  0.0, Avg:  0.0, Max:  0.0, Diff:  0.0, Sum:  0.1, Workers: 4
[1247.860s][debug][gc,phases      ] GC(206)     Dead                           Min: 0, Avg:  0.0, Max: 0, Diff: 0, Sum: 0, Workers: 4
[1247.860s][debug][gc,phases      ] GC(206)     Total                          Min: 2157, Avg: 2266.8, Max: 2496, Diff: 339, Sum: 9067, Workers: 4
[1247.860s][debug][gc,phases      ] GC(206)   JNI Weak                       Min:  0.0, Avg:  0.0, Max:  0.0, Diff:  0.0, Sum:  0.0, Workers: 4
[1247.860s][debug][gc,phases      ] GC(206)     Dead                           Min: 0, Avg:  0.0, Max: 0, Diff: 0, Sum: 0, Workers: 4
[1247.860s][debug][gc,phases      ] GC(206)     Total                          Min: 0, Avg:  0.0, Max: 0, Diff: 0, Sum: 0, Workers: 4
[1247.860s][debug][gc,phases      ] GC(206)   StringDedup Table Weak         Min:  0.0, Avg:  0.0, Max:  0.0, Diff:  0.0, Sum:  0.0, Workers: 4
[1247.860s][debug][gc,phases      ] GC(206)     Dead                           Min: 0, Avg:  0.0, Max: 0, Diff: 0, Sum: 0, Workers: 4
[1247.860s][debug][gc,phases      ] GC(206)     Total                          Min: 0, Avg:  0.0, Max: 0, Diff: 0, Sum: 0, Workers: 4
[1247.860s][debug][gc,phases      ] GC(206)   StringDedup Requests0 Weak     Min:  0.0, Avg:  0.0, Max:  0.0, Diff:  0.0, Sum:  0.0, Workers: 4
[1247.860s][debug][gc,phases      ] GC(206)     Dead                           Min: 0, Avg:  0.0, Max: 0, Diff: 0, Sum: 0, Workers: 4
[1247.860s][debug][gc,phases      ] GC(206)     Total                          Min: 0, Avg:  0.0, Max: 0, Diff: 0, Sum: 0, Workers: 4
[1247.860s][debug][gc,phases      ] GC(206)   StringDedup Requests1 Weak     Min:  0.0, Avg:  0.0, Max:  0.0, Diff:  0.0, Sum:  0.0, Workers: 4
[1247.860s][debug][gc,phases      ] GC(206)     Dead                           Min: 0, Avg:  0.0, Max: 0, Diff: 0, Sum: 0, Workers: 4
[1247.860s][debug][gc,phases      ] GC(206)     Total                          Min: 0, Avg:  0.0, Max: 0, Diff: 0, Sum: 0, Workers: 4
[1247.860s][debug][gc,phases      ] GC(206)   Weak JFR Old Object Samples    Min:  0.0, Avg:  0.0, Max:  0.0, Diff:  0.0, Sum:  0.0, Workers: 4
[1247.860s][debug][gc,phases      ] GC(206)     Dead                           Min: 0, Avg:  0.0, Max: 0, Diff: 0, Sum: 0, Workers: 4
[1247.860s][debug][gc,phases      ] GC(206)     Total                          Min: 0, Avg:  0.0, Max: 0, Diff: 0, Sum: 0, Workers: 4
[1247.860s][debug][gc,phases      ] GC(206) Weak Processing 0.317ms
[1247.860s][debug][gc,age         ] GC(206) Desired survivor size 33030144 bytes, new threshold 15 (max threshold 15)
[1247.860s][info ][gc,heap        ] GC(206) PSYoungGen: 2034960K(2063872K)->5504K(2062848K) Eden: 2029568K(2029568K)->0K(2029568K) From: 5392K(34304K)->5504K(33280K)
[1247.860s][info ][gc,heap        ] GC(206) ParOldGen: 689649K(734720K)->689797K(734720K)
[1247.860s][info ][gc,metaspace   ] GC(206) Metaspace: 86800K(87808K)->86800K(87808K) NonClass: 74771K(75328K)->74771K(75328K) Class: 12028K(12480K)->12028K(12480K)
[1247.860s][info ][gc             ] GC(206) Pause Young (Allocation Failure) 2660M->679M(2732M) 4.221ms
[1247.860s][info ][gc,cpu         ] GC(206) User=0.01s Sys=0.00s Real=0.00s
[1247.860s][info ][safepoint      ] Safepoint "ParallelGCFailedAllocation", Time since last: 592448503 ns, Reaching safepoint: 115702 ns, At safepoint: 4305683 ns, Total: 4421385 ns
[1252.861s][info ][safepoint      ] Safepoint "Cleanup", Time since last: 5000407664 ns, Reaching safepoint: 133702 ns, At safepoint: 6900 ns, Total: 140602 ns
[1255.861s][info ][safepoint      ] Safepoint "Cleanup", Time since last: 3000248691 ns, Reaching safepoint: 124703 ns, At safepoint: 10700 ns, Total: 135403 ns
[1257.862s][info ][safepoint      ] Safepoint "Cleanup", Time since last: 2000178416 ns, Reaching safepoint: 120102 ns, At safepoint: 7200 ns, Total: 127302 ns
[1259.862s][info ][safepoint      ] Safepoint "Cleanup", Time since last: 2000163607 ns, Reaching safepoint: 116702 ns, At safepoint: 9100 ns, Total: 125802 ns
[1260.862s][info ][safepoint      ] Safepoint "Cleanup", Time since last: 1000109251 ns, Reaching safepoint: 116102 ns, At safepoint: 6400 ns, Total: 122502 ns
[1265.104s][info ][gc,start       ] GC(207) Pause Young (Allocation Failure)
[1265.108s][debug][gc,phases      ] GC(207) Scavenge 3.835ms
[1265.108s][debug][gc,ref         ] GC(207) Skipped phase 1 of Reference Processing: no references
[1265.108s][debug][gc,ref         ] GC(207) ReferenceProcessor::execute queues: 1, RefProcThreadModel::Single, marks_oops_alive: false
[1265.109s][debug][gc,ref         ] GC(207) Skipped phase 3 of Reference Processing: no references
[1265.109s][debug][gc,ref         ] GC(207) ReferenceProcessor::execute queues: 1, RefProcThreadModel::Single, marks_oops_alive: false
[1265.109s][debug][gc,phases      ] GC(207) Reference Processing 0.127ms
[1265.109s][debug][gc,phases      ] GC(207)   VM Weak                        Min:  0.0, Avg:  0.0, Max:  0.0, Diff:  0.0, Sum:  0.0, Workers: 4
[1265.109s][debug][gc,phases      ] GC(207)     Dead                           Min: 0, Avg:  0.0, Max: 0, Diff: 0, Sum: 0, Workers: 4
[1265.109s][debug][gc,phases      ] GC(207)     Total                          Min: 0, Avg: 188.5, Max: 754, Diff: 754, Sum: 754, Workers: 4
[1265.109s][debug][gc,phases      ] GC(207)   ObjectSynchronizer Weak        Min:  0.0, Avg:  0.0, Max:  0.0, Diff:  0.0, Sum:  0.0, Workers: 4
[1265.109s][debug][gc,phases      ] GC(207)     Dead                           Min: 0, Avg:  0.0, Max: 0, Diff: 0, Sum: 0, Workers: 4
[1265.109s][debug][gc,phases      ] GC(207)     Total                          Min: 0, Avg: 116.5, Max: 448, Diff: 448, Sum: 466, Workers: 4
[1265.109s][debug][gc,phases      ] GC(207)   JVMTI Tag Weak OopStorage      Min:  0.0, Avg:  0.0, Max:  0.0, Diff:  0.0, Sum:  0.0, Workers: 4
[1265.109s][debug][gc,phases      ] GC(207)     Dead                           Min: 0, Avg:  0.0, Max: 0, Diff: 0, Sum: 0, Workers: 4
[1265.109s][debug][gc,phases      ] GC(207)     Total                          Min: 0, Avg:  0.0, Max: 0, Diff: 0, Sum: 0, Workers: 4
[1265.109s][debug][gc,phases      ] GC(207)   StringTable Weak               Min:  0.1, Avg:  0.1, Max:  0.1, Diff:  0.0, Sum:  0.4, Workers: 4
[1265.109s][debug][gc,phases      ] GC(207)     Dead                           Min: 0, Avg:  0.0, Max: 0, Diff: 0, Sum: 0, Workers: 4
[1265.109s][debug][gc,phases      ] GC(207)     Total                          Min: 11456, Avg: 12193.8, Max: 13376, Diff: 1920, Sum: 48775, Workers: 4
[1265.109s][debug][gc,phases      ] GC(207)   ResolvedMethodTable Weak       Min:  0.0, Avg:  0.0, Max:  0.0, Diff:  0.0, Sum:  0.1, Workers: 4
[1265.109s][debug][gc,phases      ] GC(207)     Dead                           Min: 0, Avg:  0.0, Max: 0, Diff: 0, Sum: 0, Workers: 4
[1265.109s][debug][gc,phases      ] GC(207)     Total                          Min: 2112, Avg: 2266.8, Max: 2432, Diff: 320, Sum: 9067, Workers: 4
[1265.109s][debug][gc,phases      ] GC(207)   JNI Weak                       Min:  0.0, Avg:  0.0, Max:  0.0, Diff:  0.0, Sum:  0.0, Workers: 4
[1265.109s][debug][gc,phases      ] GC(207)     Dead                           Min: 0, Avg:  0.0, Max: 0, Diff: 0, Sum: 0, Workers: 4
[1265.109s][debug][gc,phases      ] GC(207)     Total                          Min: 0, Avg:  0.0, Max: 0, Diff: 0, Sum: 0, Workers: 4
[1265.109s][debug][gc,phases      ] GC(207)   StringDedup Table Weak         Min:  0.0, Avg:  0.0, Max:  0.0, Diff:  0.0, Sum:  0.0, Workers: 4
[1265.109s][debug][gc,phases      ] GC(207)     Dead                           Min: 0, Avg:  0.0, Max: 0, Diff: 0, Sum: 0, Workers: 4
[1265.109s][debug][gc,phases      ] GC(207)     Total                          Min: 0, Avg:  0.0, Max: 0, Diff: 0, Sum: 0, Workers: 4
[1265.109s][debug][gc,phases      ] GC(207)   StringDedup Requests0 Weak     Min:  0.0, Avg:  0.0, Max:  0.0, Diff:  0.0, Sum:  0.0, Workers: 4
[1265.109s][debug][gc,phases      ] GC(207)     Dead                           Min: 0, Avg:  0.0, Max: 0, Diff: 0, Sum: 0, Workers: 4
[1265.109s][debug][gc,phases      ] GC(207)     Total                          Min: 0, Avg:  0.0, Max: 0, Diff: 0, Sum: 0, Workers: 4
[1265.109s][debug][gc,phases      ] GC(207)   StringDedup Requests1 Weak     Min:  0.0, Avg:  0.0, Max:  0.0, Diff:  0.0, Sum:  0.0, Workers: 4
[1265.109s][debug][gc,phases      ] GC(207)     Dead                           Min: 0, Avg:  0.0, Max: 0, Diff: 0, Sum: 0, Workers: 4
[1265.109s][debug][gc,phases      ] GC(207)     Total                          Min: 0, Avg:  0.0, Max: 0, Diff: 0, Sum: 0, Workers: 4
[1265.109s][debug][gc,phases      ] GC(207)   Weak JFR Old Object Samples    Min:  0.0, Avg:  0.0, Max:  0.0, Diff:  0.0, Sum:  0.0, Workers: 4
[1265.109s][debug][gc,phases      ] GC(207)     Dead                           Min: 0, Avg:  0.0, Max: 0, Diff: 0, Sum: 0, Workers: 4
[1265.109s][debug][gc,phases      ] GC(207)     Total                          Min: 0, Avg:  0.0, Max: 0, Diff: 0, Sum: 0, Workers: 4
[1265.109s][debug][gc,phases      ] GC(207) Weak Processing 0.337ms
[1265.109s][debug][gc,age         ] GC(207) Desired survivor size 31981568 bytes, new threshold 15 (max threshold 15)
[1265.109s][info ][gc,heap        ] GC(207) PSYoungGen: 2035072K(2062848K)->5504K(2065920K) Eden: 2029568K(2029568K)->0K(2033664K) From: 5504K(33280K)->5504K(32256K)
[1265.109s][info ][gc,heap        ] GC(207) ParOldGen: 689797K(734720K)->689869K(734720K)
[1265.109s][info ][gc,metaspace   ] GC(207) Metaspace: 86802K(87808K)->86802K(87808K) NonClass: 74773K(75328K)->74773K(75328K) Class: 12028K(12480K)->12028K(12480K)
[1265.109s][info ][gc             ] GC(207) Pause Young (Allocation Failure) 2661M->679M(2735M) 4.421ms
[1265.109s][info ][gc,cpu         ] GC(207) User=0.02s Sys=0.00s Real=0.00s
[1265.109s][info ][safepoint      ] Safepoint "ParallelGCFailedAllocation", Time since last: 4242211882 ns, Reaching safepoint: 124803 ns, At safepoint: 4533986 ns, Total: 4658789 ns
[1266.109s][info ][safepoint      ] Safepoint "Cleanup", Time since last: 1000104139 ns, Reaching safepoint: 122002 ns, At safepoint: 6400 ns, Total: 128402 ns
[1269.110s][info ][safepoint      ] Safepoint "Cleanup", Time since last: 3000250901 ns, Reaching safepoint: 120803 ns, At safepoint: 12100 ns, Total: 132903 ns
[1274.110s][info ][safepoint      ] Safepoint "Cleanup", Time since last: 5000414924 ns, Reaching safepoint: 139103 ns, At safepoint: 12900 ns, Total: 152003 ns
[1283.205s][info ][gc,start       ] GC(208) Pause Young (Allocation Failure)
[1283.209s][debug][gc,phases      ] GC(208) Scavenge 4.085ms
[1283.209s][debug][gc,ref         ] GC(208) Skipped phase 1 of Reference Processing: no references
[1283.209s][debug][gc,ref         ] GC(208) ReferenceProcessor::execute queues: 1, RefProcThreadModel::Single, marks_oops_alive: false
[1283.209s][debug][gc,ref         ] GC(208) Skipped phase 3 of Reference Processing: no references
[1283.209s][debug][gc,ref         ] GC(208) ReferenceProcessor::execute queues: 1, RefProcThreadModel::Single, marks_oops_alive: false
[1283.209s][debug][gc,phases      ] GC(208) Reference Processing 0.140ms
[1283.209s][debug][gc,phases      ] GC(208)   VM Weak                        Min:  0.0, Avg:  0.0, Max:  0.0, Diff:  0.0, Sum:  0.0, Workers: 4
[1283.209s][debug][gc,phases      ] GC(208)     Dead                           Min: 0, Avg:  0.0, Max: 0, Diff: 0, Sum: 0, Workers: 4
[1283.209s][debug][gc,phases      ] GC(208)     Total                          Min: 0, Avg: 188.5, Max: 448, Diff: 448, Sum: 754, Workers: 4
[1283.209s][debug][gc,phases      ] GC(208)   ObjectSynchronizer Weak        Min:  0.0, Avg:  0.0, Max:  0.0, Diff:  0.0, Sum:  0.0, Workers: 4
[1283.209s][debug][gc,phases      ] GC(208)     Dead                           Min: 0, Avg:  0.0, Max: 0, Diff: 0, Sum: 0, Workers: 4
[1283.209s][debug][gc,phases      ] GC(208)     Total                          Min: 0, Avg: 116.5, Max: 274, Diff: 274, Sum: 466, Workers: 4
[1283.209s][debug][gc,phases      ] GC(208)   JVMTI Tag Weak OopStorage      Min:  0.0, Avg:  0.0, Max:  0.0, Diff:  0.0, Sum:  0.0, Workers: 4
[1283.209s][debug][gc,phases      ] GC(208)     Dead                           Min: 0, Avg:  0.0, Max: 0, Diff: 0, Sum: 0, Workers: 4
[1283.209s][debug][gc,phases      ] GC(208)     Total                          Min: 0, Avg:  0.0, Max: 0, Diff: 0, Sum: 0, Workers: 4
[1283.209s][debug][gc,phases      ] GC(208)   StringTable Weak               Min:  0.1, Avg:  0.1, Max:  0.1, Diff:  0.0, Sum:  0.4, Workers: 4
[1283.209s][debug][gc,phases      ] GC(208)     Dead                           Min: 0, Avg:  0.0, Max: 0, Diff: 0, Sum: 0, Workers: 4
[1283.209s][debug][gc,phases      ] GC(208)     Total                          Min: 10368, Avg: 12193.8, Max: 14727, Diff: 4359, Sum: 48775, Workers: 4
[1283.209s][debug][gc,phases      ] GC(208)   ResolvedMethodTable Weak       Min:  0.0, Avg:  0.0, Max:  0.0, Diff:  0.0, Sum:  0.1, Workers: 4
[1283.209s][debug][gc,phases      ] GC(208)     Dead                           Min: 0, Avg:  0.0, Max: 0, Diff: 0, Sum: 0, Workers: 4
[1283.209s][debug][gc,phases      ] GC(208)     Total                          Min: 2048, Avg: 2266.8, Max: 2413, Diff: 365, Sum: 9067, Workers: 4
[1283.209s][debug][gc,phases      ] GC(208)   JNI Weak                       Min:  0.0, Avg:  0.0, Max:  0.0, Diff:  0.0, Sum:  0.0, Workers: 4
[1283.209s][debug][gc,phases      ] GC(208)     Dead                           Min: 0, Avg:  0.0, Max: 0, Diff: 0, Sum: 0, Workers: 4
[1283.209s][debug][gc,phases      ] GC(208)     Total                          Min: 0, Avg:  0.0, Max: 0, Diff: 0, Sum: 0, Workers: 4
[1283.209s][debug][gc,phases      ] GC(208)   StringDedup Table Weak         Min:  0.0, Avg:  0.0, Max:  0.0, Diff:  0.0, Sum:  0.0, Workers: 4
[1283.209s][debug][gc,phases      ] GC(208)     Dead                           Min: 0, Avg:  0.0, Max: 0, Diff: 0, Sum: 0, Workers: 4
[1283.209s][debug][gc,phases      ] GC(208)     Total                          Min: 0, Avg:  0.0, Max: 0, Diff: 0, Sum: 0, Workers: 4
[1283.209s][debug][gc,phases      ] GC(208)   StringDedup Requests0 Weak     Min:  0.0, Avg:  0.0, Max:  0.0, Diff:  0.0, Sum:  0.0, Workers: 4
[1283.209s][debug][gc,phases      ] GC(208)     Dead                           Min: 0, Avg:  0.0, Max: 0, Diff: 0, Sum: 0, Workers: 4
[1283.209s][debug][gc,phases      ] GC(208)     Total                          Min: 0, Avg:  0.0, Max: 0, Diff: 0, Sum: 0, Workers: 4
[1283.209s][debug][gc,phases      ] GC(208)   StringDedup Requests1 Weak     Min:  0.0, Avg:  0.0, Max:  0.0, Diff:  0.0, Sum:  0.0, Workers: 4
[1283.209s][debug][gc,phases      ] GC(208)     Dead                           Min: 0, Avg:  0.0, Max: 0, Diff: 0, Sum: 0, Workers: 4
[1283.209s][debug][gc,phases      ] GC(208)     Total                          Min: 0, Avg:  0.0, Max: 0, Diff: 0, Sum: 0, Workers: 4
[1283.209s][debug][gc,phases      ] GC(208)   Weak JFR Old Object Samples    Min:  0.0, Avg:  0.0, Max:  0.0, Diff:  0.0, Sum:  0.0, Workers: 4
[1283.209s][debug][gc,phases      ] GC(208)     Dead                           Min: 0, Avg:  0.0, Max: 0, Diff: 0, Sum: 0, Workers: 4
[1283.209s][debug][gc,phases      ] GC(208)     Total                          Min: 0, Avg:  0.0, Max: 0, Diff: 0, Sum: 0, Workers: 4
[1283.209s][debug][gc,phases      ] GC(208) Weak Processing 0.339ms
[1283.209s][debug][gc,age         ] GC(208) Desired survivor size 30932992 bytes, new threshold 15 (max threshold 15)
[1283.209s][info ][gc,heap        ] GC(208) PSYoungGen: 2039168K(2065920K)->5408K(2064896K) Eden: 2033664K(2033664K)->0K(2033664K) From: 5504K(32256K)->5408K(31232K)
[1283.209s][info ][gc,heap        ] GC(208) ParOldGen: 689869K(734720K)->690221K(734720K)
[1283.209s][info ][gc,metaspace   ] GC(208) Metaspace: 86802K(87808K)->86802K(87808K) NonClass: 74774K(75328K)->74774K(75328K) Class: 12028K(12480K)->12028K(12480K)
[1283.209s][info ][gc             ] GC(208) Pause Young (Allocation Failure) 2665M->679M(2734M) 4.716ms
[1283.209s][info ][gc,cpu         ] GC(208) User=0.02s Sys=0.00s Real=0.00s
[1283.209s][info ][safepoint      ] Safepoint "ParallelGCFailedAllocation", Time since last: 9094197760 ns, Reaching safepoint: 139903 ns, At safepoint: 4808691 ns, Total: 4948594 ns
[1284.209s][info ][safepoint      ] Safepoint "Cleanup", Time since last: 1000078799 ns, Reaching safepoint: 119102 ns, At safepoint: 5500 ns, Total: 124602 ns
[1287.210s][info ][safepoint      ] Safepoint "Cleanup", Time since last: 3000255582 ns, Reaching safepoint: 155003 ns, At safepoint: 9200 ns, Total: 164203 ns
[1288.210s][info ][safepoint      ] Safepoint "Cleanup", Time since last: 1000104891 ns, Reaching safepoint: 121802 ns, At safepoint: 13400 ns, Total: 135202 ns
[1293.211s][info ][safepoint      ] Safepoint "Cleanup", Time since last: 5000357116 ns, Reaching safepoint: 122802 ns, At safepoint: 20100 ns, Total: 142902 ns
[1294.211s][info ][safepoint      ] Safepoint "Cleanup", Time since last: 1000093778 ns, Reaching safepoint: 98702 ns, At safepoint: 7700 ns, Total: 106402 ns
[1297.211s][info ][safepoint      ] Safepoint "Cleanup", Time since last: 3000228018 ns, Reaching safepoint: 105602 ns, At safepoint: 8800 ns, Total: 114402 ns
[1299.187s][info ][safepoint      ] Safepoint "ParallelGCFailedAllocation", Time since last: 1975421965 ns, Reaching safepoint: 182904 ns, At safepoint: 16000 ns, Total: 198904 ns
[1299.187s][info ][gc,start       ] GC(209) Pause Young (GCLocker Initiated GC)
[1299.196s][debug][gc,phases      ] GC(209) Scavenge 8.547ms
[1299.196s][debug][gc,ref         ] GC(209) Skipped phase 1 of Reference Processing: no references
[1299.196s][debug][gc,ref         ] GC(209) ReferenceProcessor::execute queues: 1, RefProcThreadModel::Single, marks_oops_alive: false
[1299.196s][debug][gc,ref         ] GC(209) Skipped phase 3 of Reference Processing: no references
[1299.196s][debug][gc,ref         ] GC(209) ReferenceProcessor::execute queues: 1, RefProcThreadModel::Single, marks_oops_alive: false
[1299.196s][debug][gc,phases      ] GC(209) Reference Processing 0.135ms
[1299.196s][debug][gc,phases      ] GC(209)   VM Weak                        Min:  0.0, Avg:  0.0, Max:  0.0, Diff:  0.0, Sum:  0.0, Workers: 4
[1299.196s][debug][gc,phases      ] GC(209)     Dead                           Min: 0, Avg:  0.0, Max: 0, Diff: 0, Sum: 0, Workers: 4
[1299.196s][debug][gc,phases      ] GC(209)     Total                          Min: 0, Avg: 188.5, Max: 754, Diff: 754, Sum: 754, Workers: 4
[1299.196s][debug][gc,phases      ] GC(209)   ObjectSynchronizer Weak        Min:  0.0, Avg:  0.0, Max:  0.0, Diff:  0.0, Sum:  0.0, Workers: 4
[1299.196s][debug][gc,phases      ] GC(209)     Dead                           Min: 0, Avg:  0.0, Max: 0, Diff: 0, Sum: 0, Workers: 4
[1299.196s][debug][gc,phases      ] GC(209)     Total                          Min: 0, Avg: 116.8, Max: 211, Diff: 211, Sum: 467, Workers: 4
[1299.196s][debug][gc,phases      ] GC(209)   JVMTI Tag Weak OopStorage      Min:  0.0, Avg:  0.0, Max:  0.0, Diff:  0.0, Sum:  0.0, Workers: 4
[1299.196s][debug][gc,phases      ] GC(209)     Dead                           Min: 0, Avg:  0.0, Max: 0, Diff: 0, Sum: 0, Workers: 4
[1299.196s][debug][gc,phases      ] GC(209)     Total                          Min: 0, Avg:  0.0, Max: 0, Diff: 0, Sum: 0, Workers: 4
[1299.196s][debug][gc,phases      ] GC(209)   StringTable Weak               Min:  0.1, Avg:  0.1, Max:  0.1, Diff:  0.0, Sum:  0.5, Workers: 4
[1299.196s][debug][gc,phases      ] GC(209)     Dead                           Min: 0, Avg:  0.2, Max: 1, Diff: 1, Sum: 1, Workers: 4
[1299.196s][debug][gc,phases      ] GC(209)     Total                          Min: 10327, Avg: 12197.5, Max: 13440, Diff: 3113, Sum: 48790, Workers: 4
[1299.196s][debug][gc,phases      ] GC(209)   ResolvedMethodTable Weak       Min:  0.0, Avg:  0.0, Max:  0.0, Diff:  0.0, Sum:  0.1, Workers: 4
[1299.196s][debug][gc,phases      ] GC(209)     Dead                           Min: 0, Avg:  0.0, Max: 0, Diff: 0, Sum: 0, Workers: 4
[1299.196s][debug][gc,phases      ] GC(209)     Total                          Min: 2095, Avg: 2267.8, Max: 2560, Diff: 465, Sum: 9071, Workers: 4
[1299.196s][debug][gc,phases      ] GC(209)   JNI Weak                       Min:  0.0, Avg:  0.0, Max:  0.0, Diff:  0.0, Sum:  0.0, Workers: 4
[1299.196s][debug][gc,phases      ] GC(209)     Dead                           Min: 0, Avg:  0.0, Max: 0, Diff: 0, Sum: 0, Workers: 4
[1299.196s][debug][gc,phases      ] GC(209)     Total                          Min: 0, Avg:  1.0, Max: 4, Diff: 4, Sum: 4, Workers: 4
[1299.196s][debug][gc,phases      ] GC(209)   StringDedup Table Weak         Min:  0.0, Avg:  0.0, Max:  0.0, Diff:  0.0, Sum:  0.0, Workers: 4
[1299.196s][debug][gc,phases      ] GC(209)     Dead                           Min: 0, Avg:  0.0, Max: 0, Diff: 0, Sum: 0, Workers: 4
[1299.196s][debug][gc,phases      ] GC(209)     Total                          Min: 0, Avg:  0.0, Max: 0, Diff: 0, Sum: 0, Workers: 4
[1299.196s][debug][gc,phases      ] GC(209)   StringDedup Requests0 Weak     Min:  0.0, Avg:  0.0, Max:  0.0, Diff:  0.0, Sum:  0.0, Workers: 4
[1299.196s][debug][gc,phases      ] GC(209)     Dead                           Min: 0, Avg:  0.0, Max: 0, Diff: 0, Sum: 0, Workers: 4
[1299.196s][debug][gc,phases      ] GC(209)     Total                          Min: 0, Avg:  0.0, Max: 0, Diff: 0, Sum: 0, Workers: 4
[1299.196s][debug][gc,phases      ] GC(209)   StringDedup Requests1 Weak     Min:  0.0, Avg:  0.0, Max:  0.0, Diff:  0.0, Sum:  0.0, Workers: 4
[1299.196s][debug][gc,phases      ] GC(209)     Dead                           Min: 0, Avg:  0.0, Max: 0, Diff: 0, Sum: 0, Workers: 4
[1299.196s][debug][gc,phases      ] GC(209)     Total                          Min: 0, Avg:  0.0, Max: 0, Diff: 0, Sum: 0, Workers: 4
[1299.196s][debug][gc,phases      ] GC(209)   Weak JFR Old Object Samples    Min:  0.0, Avg:  0.0, Max:  0.0, Diff:  0.0, Sum:  0.0, Workers: 4
[1299.196s][debug][gc,phases      ] GC(209)     Dead                           Min: 0, Avg:  0.0, Max: 0, Diff: 0, Sum: 0, Workers: 4
[1299.196s][debug][gc,phases      ] GC(209)     Total                          Min: 0, Avg:  0.0, Max: 0, Diff: 0, Sum: 0, Workers: 4
[1299.196s][debug][gc,phases      ] GC(209) Weak Processing 0.357ms
[1299.196s][debug][gc,age         ] GC(209) Desired survivor size 29884416 bytes, new threshold 15 (max threshold 15)
[1299.196s][info ][gc,heap        ] GC(209) PSYoungGen: 2039072K(2064896K)->13392K(2067968K) Eden: 2033664K(2033664K)->0K(2037760K) From: 5408K(31232K)->13392K(30208K)
[1299.196s][info ][gc,heap        ] GC(209) ParOldGen: 690222K(734720K)->690358K(734720K)
[1299.196s][info ][gc,metaspace   ] GC(209) Metaspace: 86885K(87808K)->86885K(87808K) NonClass: 74851K(75328K)->74851K(75328K) Class: 12034K(12480K)->12034K(12480K)
[1299.196s][info ][gc             ] GC(209) Pause Young (GCLocker Initiated GC) 2665M->687M(2737M) 9.158ms
[1299.196s][info ][gc,cpu         ] GC(209) User=0.04s Sys=0.00s Real=0.01s
[1299.196s][info ][safepoint      ] Safepoint "ParallelGCSystemGC", Time since last: 66201 ns, Reaching safepoint: 83502 ns, At safepoint: 9237275 ns, Total: 9320777 ns
[1300.196s][info ][safepoint      ] Safepoint "Cleanup", Time since last: 1000082065 ns, Reaching safepoint: 159003 ns, At safepoint: 13400 ns, Total: 172403 ns
[1301.197s][info ][safepoint      ] Safepoint "Cleanup", Time since last: 1000101962 ns, Reaching safepoint: 45601 ns, At safepoint: 3300 ns, Total: 48901 ns
[1304.197s][info ][safepoint      ] Safepoint "Cleanup", Time since last: 3000251975 ns, Reaching safepoint: 47501 ns, At safepoint: 5900 ns, Total: 53401 ns
[1306.197s][info ][safepoint      ] Safepoint "Cleanup", Time since last: 2000160705 ns, Reaching safepoint: 118003 ns, At safepoint: 9800 ns, Total: 127803 ns
[1311.496s][info ][safepoint      ] Safepoint "Cleanup", Time since last: 5298259669 ns, Reaching safepoint: 80602 ns, At safepoint: 6100 ns, Total: 86702 ns
[1318.496s][info ][safepoint      ] Safepoint "Cleanup", Time since last: 7000524828 ns, Reaching safepoint: 61702 ns, At safepoint: 13600 ns, Total: 75302 ns
[1325.976s][info ][gc,start       ] GC(210) Pause Young (Allocation Failure)
[1325.980s][debug][gc,phases      ] GC(210) Scavenge 4.060ms
[1325.980s][debug][gc,ref         ] GC(210) Skipped phase 1 of Reference Processing: no references
[1325.980s][debug][gc,ref         ] GC(210) ReferenceProcessor::execute queues: 1, RefProcThreadModel::Single, marks_oops_alive: false
[1325.980s][debug][gc,ref         ] GC(210) ReferenceProcessor::execute queues: 4, RefProcThreadModel::Multi, marks_oops_alive: true
[1325.981s][debug][gc,ref         ] GC(210) ReferenceProcessor::execute queues: 1, RefProcThreadModel::Single, marks_oops_alive: false
[1325.981s][debug][gc,phases      ] GC(210) Reference Processing 0.194ms
[1325.981s][debug][gc,phases      ] GC(210)   VM Weak                        Min:  0.0, Avg:  0.0, Max:  0.0, Diff:  0.0, Sum:  0.0, Workers: 4
[1325.981s][debug][gc,phases      ] GC(210)     Dead                           Min: 0, Avg:  0.0, Max: 0, Diff: 0, Sum: 0, Workers: 4
[1325.981s][debug][gc,phases      ] GC(210)     Total                          Min: 0, Avg: 188.5, Max: 576, Diff: 576, Sum: 754, Workers: 4
[1325.981s][debug][gc,phases      ] GC(210)   ObjectSynchronizer Weak        Min:  0.0, Avg:  0.0, Max:  0.0, Diff:  0.0, Sum:  0.0, Workers: 4
[1325.981s][debug][gc,phases      ] GC(210)     Dead                           Min: 0, Avg:  0.0, Max: 0, Diff: 0, Sum: 0, Workers: 4
[1325.981s][debug][gc,phases      ] GC(210)     Total                          Min: 0, Avg: 116.8, Max: 211, Diff: 211, Sum: 467, Workers: 4
[1325.981s][debug][gc,phases      ] GC(210)   JVMTI Tag Weak OopStorage      Min:  0.0, Avg:  0.0, Max:  0.0, Diff:  0.0, Sum:  0.0, Workers: 4
[1325.981s][debug][gc,phases      ] GC(210)     Dead                           Min: 0, Avg:  0.0, Max: 0, Diff: 0, Sum: 0, Workers: 4
[1325.981s][debug][gc,phases      ] GC(210)     Total                          Min: 0, Avg:  0.0, Max: 0, Diff: 0, Sum: 0, Workers: 4
[1325.981s][debug][gc,phases      ] GC(210)   StringTable Weak               Min:  0.1, Avg:  0.1, Max:  0.1, Diff:  0.0, Sum:  0.4, Workers: 4
[1325.981s][debug][gc,phases      ] GC(210)     Dead                           Min: 0, Avg:  0.0, Max: 0, Diff: 0, Sum: 0, Workers: 4
[1325.981s][debug][gc,phases      ] GC(210)     Total                          Min: 10688, Avg: 12197.5, Max: 13823, Diff: 3135, Sum: 48790, Workers: 4
[1325.981s][debug][gc,phases      ] GC(210)   ResolvedMethodTable Weak       Min:  0.0, Avg:  0.0, Max:  0.0, Diff:  0.0, Sum:  0.1, Workers: 4
[1325.981s][debug][gc,phases      ] GC(210)     Dead                           Min: 0, Avg:  0.0, Max: 0, Diff: 0, Sum: 0, Workers: 4
[1325.981s][debug][gc,phases      ] GC(210)     Total                          Min: 1984, Avg: 2267.8, Max: 2671, Diff: 687, Sum: 9071, Workers: 4
[1325.981s][debug][gc,phases      ] GC(210)   JNI Weak                       Min:  0.0, Avg:  0.0, Max:  0.0, Diff:  0.0, Sum:  0.0, Workers: 4
[1325.981s][debug][gc,phases      ] GC(210)     Dead                           Min: 0, Avg:  0.0, Max: 0, Diff: 0, Sum: 0, Workers: 4
[1325.981s][debug][gc,phases      ] GC(210)     Total                          Min: 0, Avg:  0.0, Max: 0, Diff: 0, Sum: 0, Workers: 4
[1325.981s][debug][gc,phases      ] GC(210)   StringDedup Table Weak         Min:  0.0, Avg:  0.0, Max:  0.0, Diff:  0.0, Sum:  0.0, Workers: 4
[1325.981s][debug][gc,phases      ] GC(210)     Dead                           Min: 0, Avg:  0.0, Max: 0, Diff: 0, Sum: 0, Workers: 4
[1325.981s][debug][gc,phases      ] GC(210)     Total                          Min: 0, Avg:  0.0, Max: 0, Diff: 0, Sum: 0, Workers: 4
[1325.981s][debug][gc,phases      ] GC(210)   StringDedup Requests0 Weak     Min:  0.0, Avg:  0.0, Max:  0.0, Diff:  0.0, Sum:  0.0, Workers: 4
[1325.981s][debug][gc,phases      ] GC(210)     Dead                           Min: 0, Avg:  0.0, Max: 0, Diff: 0, Sum: 0, Workers: 4
[1325.981s][debug][gc,phases      ] GC(210)     Total                          Min: 0, Avg:  0.0, Max: 0, Diff: 0, Sum: 0, Workers: 4
[1325.981s][debug][gc,phases      ] GC(210)   StringDedup Requests1 Weak     Min:  0.0, Avg:  0.0, Max:  0.0, Diff:  0.0, Sum:  0.0, Workers: 4
[1325.981s][debug][gc,phases      ] GC(210)     Dead                           Min: 0, Avg:  0.0, Max: 0, Diff: 0, Sum: 0, Workers: 4
[1325.981s][debug][gc,phases      ] GC(210)     Total                          Min: 0, Avg:  0.0, Max: 0, Diff: 0, Sum: 0, Workers: 4
[1325.981s][debug][gc,phases      ] GC(210)   Weak JFR Old Object Samples    Min:  0.0, Avg:  0.0, Max:  0.0, Diff:  0.0, Sum:  0.0, Workers: 4
[1325.981s][debug][gc,phases      ] GC(210)     Dead                           Min: 0, Avg:  0.0, Max: 0, Diff: 0, Sum: 0, Workers: 4
[1325.981s][debug][gc,phases      ] GC(210)     Total                          Min: 0, Avg:  0.0, Max: 0, Diff: 0, Sum: 0, Workers: 4
[1325.981s][debug][gc,phases      ] GC(210) Weak Processing 0.310ms
[1325.981s][debug][gc,age         ] GC(210) Desired survivor size 28835840 bytes, new threshold 15 (max threshold 15)
[1325.981s][info ][gc,heap        ] GC(210) PSYoungGen: 2051152K(2067968K)->5520K(2066944K) Eden: 2037760K(2037760K)->0K(2037760K) From: 13392K(30208K)->5520K(29184K)
[1325.981s][info ][gc,heap        ] GC(210) ParOldGen: 690361K(734720K)->690457K(734720K)
[1325.981s][info ][gc,metaspace   ] GC(210) Metaspace: 86889K(87808K)->86889K(87808K) NonClass: 74854K(75328K)->74854K(75328K) Class: 12034K(12480K)->12034K(12480K)
[1325.981s][info ][gc             ] GC(210) Pause Young (Allocation Failure) 2677M->679M(2736M) 4.663ms
[1325.981s][info ][gc,cpu         ] GC(210) User=0.02s Sys=0.00s Real=0.00s
[1325.981s][info ][safepoint      ] Safepoint "ParallelGCFailedAllocation", Time since last: 7479996096 ns, Reaching safepoint: 26601 ns, At safepoint: 4749190 ns, Total: 4775791 ns
[1327.981s][info ][safepoint      ] Safepoint "Cleanup", Time since last: 2000165717 ns, Reaching safepoint: 51201 ns, At safepoint: 6000 ns, Total: 57201 ns
[1336.314s][info ][safepoint      ] Safepoint "Cleanup", Time since last: 8332533860 ns, Reaching safepoint: 51001 ns, At safepoint: 6000 ns, Total: 57001 ns
[1359.453s][info ][gc,start       ] GC(211) Pause Young (Allocation Failure)
[1359.457s][debug][gc,phases      ] GC(211) Scavenge 3.673ms
[1359.457s][debug][gc,ref         ] GC(211) Skipped phase 1 of Reference Processing: no references
[1359.457s][debug][gc,ref         ] GC(211) ReferenceProcessor::execute queues: 1, RefProcThreadModel::Single, marks_oops_alive: false
[1359.457s][debug][gc,ref         ] GC(211) Skipped phase 3 of Reference Processing: no references
[1359.457s][debug][gc,ref         ] GC(211) ReferenceProcessor::execute queues: 1, RefProcThreadModel::Single, marks_oops_alive: false
[1359.457s][debug][gc,phases      ] GC(211) Reference Processing 0.119ms
[1359.457s][debug][gc,phases      ] GC(211)   VM Weak                        Min:  0.0, Avg:  0.0, Max:  0.0, Diff:  0.0, Sum:  0.0, Workers: 4
[1359.457s][debug][gc,phases      ] GC(211)     Dead                           Min: 0, Avg:  0.0, Max: 0, Diff: 0, Sum: 0, Workers: 4
[1359.457s][debug][gc,phases      ] GC(211)     Total                          Min: 0, Avg: 188.5, Max: 448, Diff: 448, Sum: 754, Workers: 4
[1359.457s][debug][gc,phases      ] GC(211)   ObjectSynchronizer Weak        Min:  0.0, Avg:  0.0, Max:  0.0, Diff:  0.0, Sum:  0.0, Workers: 4
[1359.457s][debug][gc,phases      ] GC(211)     Dead                           Min: 0, Avg:  0.0, Max: 0, Diff: 0, Sum: 0, Workers: 4
[1359.457s][debug][gc,phases      ] GC(211)     Total                          Min: 0, Avg: 116.8, Max: 275, Diff: 275, Sum: 467, Workers: 4
[1359.457s][debug][gc,phases      ] GC(211)   JVMTI Tag Weak OopStorage      Min:  0.0, Avg:  0.0, Max:  0.0, Diff:  0.0, Sum:  0.0, Workers: 4
[1359.457s][debug][gc,phases      ] GC(211)     Dead                           Min: 0, Avg:  0.0, Max: 0, Diff: 0, Sum: 0, Workers: 4
[1359.457s][debug][gc,phases      ] GC(211)     Total                          Min: 0, Avg:  0.0, Max: 0, Diff: 0, Sum: 0, Workers: 4
[1359.457s][debug][gc,phases      ] GC(211)   StringTable Weak               Min:  0.1, Avg:  0.1, Max:  0.1, Diff:  0.0, Sum:  0.4, Workers: 4
[1359.457s][debug][gc,phases      ] GC(211)     Dead                           Min: 0, Avg:  0.0, Max: 0, Diff: 0, Sum: 0, Workers: 4
[1359.457s][debug][gc,phases      ] GC(211)     Total                          Min: 10944, Avg: 12200.8, Max: 12899, Diff: 1955, Sum: 48803, Workers: 4
[1359.457s][debug][gc,phases      ] GC(211)   ResolvedMethodTable Weak       Min:  0.0, Avg:  0.0, Max:  0.0, Diff:  0.0, Sum:  0.1, Workers: 4
[1359.457s][debug][gc,phases      ] GC(211)     Dead                           Min: 0, Avg:  0.0, Max: 0, Diff: 0, Sum: 0, Workers: 4
[1359.457s][debug][gc,phases      ] GC(211)     Total                          Min: 2176, Avg: 2267.8, Max: 2368, Diff: 192, Sum: 9071, Workers: 4
[1359.457s][debug][gc,phases      ] GC(211)   JNI Weak                       Min:  0.0, Avg:  0.0, Max:  0.0, Diff:  0.0, Sum:  0.0, Workers: 4
[1359.457s][debug][gc,phases      ] GC(211)     Dead                           Min: 0, Avg:  0.0, Max: 0, Diff: 0, Sum: 0, Workers: 4
[1359.457s][debug][gc,phases      ] GC(211)     Total                          Min: 0, Avg:  0.0, Max: 0, Diff: 0, Sum: 0, Workers: 4
[1359.457s][debug][gc,phases      ] GC(211)   StringDedup Table Weak         Min:  0.0, Avg:  0.0, Max:  0.0, Diff:  0.0, Sum:  0.0, Workers: 4
[1359.457s][debug][gc,phases      ] GC(211)     Dead                           Min: 0, Avg:  0.0, Max: 0, Diff: 0, Sum: 0, Workers: 4
[1359.457s][debug][gc,phases      ] GC(211)     Total                          Min: 0, Avg:  0.0, Max: 0, Diff: 0, Sum: 0, Workers: 4
[1359.457s][debug][gc,phases      ] GC(211)   StringDedup Requests0 Weak     Min:  0.0, Avg:  0.0, Max:  0.0, Diff:  0.0, Sum:  0.0, Workers: 4
[1359.457s][debug][gc,phases      ] GC(211)     Dead                           Min: 0, Avg:  0.0, Max: 0, Diff: 0, Sum: 0, Workers: 4
[1359.457s][debug][gc,phases      ] GC(211)     Total                          Min: 0, Avg:  0.0, Max: 0, Diff: 0, Sum: 0, Workers: 4
[1359.457s][debug][gc,phases      ] GC(211)   StringDedup Requests1 Weak     Min:  0.0, Avg:  0.0, Max:  0.0, Diff:  0.0, Sum:  0.0, Workers: 4
[1359.457s][debug][gc,phases      ] GC(211)     Dead                           Min: 0, Avg:  0.0, Max: 0, Diff: 0, Sum: 0, Workers: 4
[1359.457s][debug][gc,phases      ] GC(211)     Total                          Min: 0, Avg:  0.0, Max: 0, Diff: 0, Sum: 0, Workers: 4
[1359.457s][debug][gc,phases      ] GC(211)   Weak JFR Old Object Samples    Min:  0.0, Avg:  0.0, Max:  0.0, Diff:  0.0, Sum:  0.0, Workers: 4
[1359.457s][debug][gc,phases      ] GC(211)     Dead                           Min: 0, Avg:  0.0, Max: 0, Diff: 0, Sum: 0, Workers: 4
[1359.457s][debug][gc,phases      ] GC(211)     Total                          Min: 0, Avg:  0.0, Max: 0, Diff: 0, Sum: 0, Workers: 4
[1359.457s][debug][gc,phases      ] GC(211) Weak Processing 0.333ms
[1359.457s][debug][gc,age         ] GC(211) Desired survivor size 27787264 bytes, new threshold 15 (max threshold 15)
[1359.457s][info ][gc,heap        ] GC(211) PSYoungGen: 2043280K(2066944K)->5856K(2070016K) Eden: 2037760K(2037760K)->0K(2041856K) From: 5520K(29184K)->5856K(28160K)
[1359.457s][info ][gc,heap        ] GC(211) ParOldGen: 690457K(734720K)->690537K(734720K)
[1359.457s][info ][gc,metaspace   ] GC(211) Metaspace: 86889K(87808K)->86889K(87808K) NonClass: 74854K(75328K)->74854K(75328K) Class: 12034K(12480K)->12034K(12480K)
[1359.457s][info ][gc             ] GC(211) Pause Young (Allocation Failure) 2669M->680M(2739M) 4.257ms
[1359.457s][info ][gc,cpu         ] GC(211) User=0.01s Sys=0.00s Real=0.00s
[1359.457s][info ][safepoint      ] Safepoint "ParallelGCFailedAllocation", Time since last: 23139204157 ns, Reaching safepoint: 105502 ns, At safepoint: 4359983 ns, Total: 4465485 ns
[1369.458s][info ][safepoint      ] Safepoint "Cleanup", Time since last: 10000719067 ns, Reaching safepoint: 63302 ns, At safepoint: 8300 ns, Total: 71602 ns
[1389.460s][info ][safepoint      ] Safepoint "Cleanup", Time since last: 20001318489 ns, Reaching safepoint: 50001 ns, At safepoint: 8400 ns, Total: 58401 ns
[1393.507s][info ][gc,start       ] GC(212) Pause Young (Allocation Failure)
[1393.510s][debug][gc,phases      ] GC(212) Scavenge 3.899ms
[1393.510s][debug][gc,ref         ] GC(212) Skipped phase 1 of Reference Processing: no references
[1393.511s][debug][gc,ref         ] GC(212) ReferenceProcessor::execute queues: 1, RefProcThreadModel::Single, marks_oops_alive: false
[1393.511s][debug][gc,ref         ] GC(212) Skipped phase 3 of Reference Processing: no references
[1393.511s][debug][gc,ref         ] GC(212) ReferenceProcessor::execute queues: 1, RefProcThreadModel::Single, marks_oops_alive: false
[1393.511s][debug][gc,phases      ] GC(212) Reference Processing 0.118ms
[1393.511s][debug][gc,phases      ] GC(212)   VM Weak                        Min:  0.0, Avg:  0.0, Max:  0.0, Diff:  0.0, Sum:  0.0, Workers: 4
[1393.511s][debug][gc,phases      ] GC(212)     Dead                           Min: 0, Avg:  0.0, Max: 0, Diff: 0, Sum: 0, Workers: 4
[1393.511s][debug][gc,phases      ] GC(212)     Total                          Min: 0, Avg: 188.5, Max: 562, Diff: 562, Sum: 754, Workers: 4
[1393.511s][debug][gc,phases      ] GC(212)   ObjectSynchronizer Weak        Min:  0.0, Avg:  0.0, Max:  0.0, Diff:  0.0, Sum:  0.0, Workers: 4
[1393.511s][debug][gc,phases      ] GC(212)     Dead                           Min: 0, Avg:  0.0, Max: 0, Diff: 0, Sum: 0, Workers: 4
[1393.511s][debug][gc,phases      ] GC(212)     Total                          Min: 0, Avg: 116.8, Max: 256, Diff: 256, Sum: 467, Workers: 4
[1393.511s][debug][gc,phases      ] GC(212)   JVMTI Tag Weak OopStorage      Min:  0.0, Avg:  0.0, Max:  0.0, Diff:  0.0, Sum:  0.0, Workers: 4
[1393.511s][debug][gc,phases      ] GC(212)     Dead                           Min: 0, Avg:  0.0, Max: 0, Diff: 0, Sum: 0, Workers: 4
[1393.511s][debug][gc,phases      ] GC(212)     Total                          Min: 0, Avg:  0.0, Max: 0, Diff: 0, Sum: 0, Workers: 4
[1393.511s][debug][gc,phases      ] GC(212)   StringTable Weak               Min:  0.1, Avg:  0.1, Max:  0.1, Diff:  0.0, Sum:  0.4, Workers: 4
[1393.511s][debug][gc,phases      ] GC(212)     Dead                           Min: 0, Avg:  0.0, Max: 0, Diff: 0, Sum: 0, Workers: 4
[1393.511s][debug][gc,phases      ] GC(212)     Total                          Min: 11555, Avg: 12200.8, Max: 13248, Diff: 1693, Sum: 48803, Workers: 4
[1393.511s][debug][gc,phases      ] GC(212)   ResolvedMethodTable Weak       Min:  0.0, Avg:  0.0, Max:  0.0, Diff:  0.0, Sum:  0.1, Workers: 4
[1393.511s][debug][gc,phases      ] GC(212)     Dead                           Min: 0, Avg:  0.0, Max: 0, Diff: 0, Sum: 0, Workers: 4
[1393.511s][debug][gc,phases      ] GC(212)     Total                          Min: 2176, Avg: 2267.8, Max: 2432, Diff: 256, Sum: 9071, Workers: 4
[1393.511s][debug][gc,phases      ] GC(212)   JNI Weak                       Min:  0.0, Avg:  0.0, Max:  0.0, Diff:  0.0, Sum:  0.0, Workers: 4
[1393.511s][debug][gc,phases      ] GC(212)     Dead                           Min: 0, Avg:  0.0, Max: 0, Diff: 0, Sum: 0, Workers: 4
[1393.511s][debug][gc,phases      ] GC(212)     Total                          Min: 0, Avg:  0.0, Max: 0, Diff: 0, Sum: 0, Workers: 4
[1393.511s][debug][gc,phases      ] GC(212)   StringDedup Table Weak         Min:  0.0, Avg:  0.0, Max:  0.0, Diff:  0.0, Sum:  0.0, Workers: 4
[1393.511s][debug][gc,phases      ] GC(212)     Dead                           Min: 0, Avg:  0.0, Max: 0, Diff: 0, Sum: 0, Workers: 4
[1393.511s][debug][gc,phases      ] GC(212)     Total                          Min: 0, Avg:  0.0, Max: 0, Diff: 0, Sum: 0, Workers: 4
[1393.511s][debug][gc,phases      ] GC(212)   StringDedup Requests0 Weak     Min:  0.0, Avg:  0.0, Max:  0.0, Diff:  0.0, Sum:  0.0, Workers: 4
[1393.511s][debug][gc,phases      ] GC(212)     Dead                           Min: 0, Avg:  0.0, Max: 0, Diff: 0, Sum: 0, Workers: 4
[1393.511s][debug][gc,phases      ] GC(212)     Total                          Min: 0, Avg:  0.0, Max: 0, Diff: 0, Sum: 0, Workers: 4
[1393.511s][debug][gc,phases      ] GC(212)   StringDedup Requests1 Weak     Min:  0.0, Avg:  0.0, Max:  0.0, Diff:  0.0, Sum:  0.0, Workers: 4
[1393.511s][debug][gc,phases      ] GC(212)     Dead                           Min: 0, Avg:  0.0, Max: 0, Diff: 0, Sum: 0, Workers: 4
[1393.511s][debug][gc,phases      ] GC(212)     Total                          Min: 0, Avg:  0.0, Max: 0, Diff: 0, Sum: 0, Workers: 4
[1393.511s][debug][gc,phases      ] GC(212)   Weak JFR Old Object Samples    Min:  0.0, Avg:  0.0, Max:  0.0, Diff:  0.0, Sum:  0.0, Workers: 4
[1393.511s][debug][gc,phases      ] GC(212)     Dead                           Min: 0, Avg:  0.0, Max: 0, Diff: 0, Sum: 0, Workers: 4
[1393.511s][debug][gc,phases      ] GC(212)     Total                          Min: 0, Avg:  0.0, Max: 0, Diff: 0, Sum: 0, Workers: 4
[1393.511s][debug][gc,phases      ] GC(212) Weak Processing 0.320ms
[1393.511s][debug][gc,age         ] GC(212) Desired survivor size 26738688 bytes, new threshold 15 (max threshold 15)
[1393.511s][info ][gc,heap        ] GC(212) PSYoungGen: 2047712K(2070016K)->5824K(2068992K) Eden: 2041856K(2041856K)->0K(2041856K) From: 5856K(28160K)->5824K(27136K)
[1393.511s][info ][gc,heap        ] GC(212) ParOldGen: 690537K(734720K)->690625K(734720K)
[1393.511s][info ][gc,metaspace   ] GC(212) Metaspace: 86891K(87808K)->86891K(87808K) NonClass: 74856K(75328K)->74856K(75328K) Class: 12034K(12480K)->12034K(12480K)
[1393.511s][info ][gc             ] GC(212) Pause Young (Allocation Failure) 2674M->680M(2738M) 4.461ms
[1393.511s][info ][gc,cpu         ] GC(212) User=0.02s Sys=0.01s Real=0.01s
[1393.511s][info ][safepoint      ] Safepoint "ParallelGCFailedAllocation", Time since last: 4046782226 ns, Reaching safepoint: 124702 ns, At safepoint: 4541686 ns, Total: 4666388 ns
[1427.575s][info ][gc,start       ] GC(213) Pause Young (Allocation Failure)
[1427.579s][debug][gc,phases      ] GC(213) Scavenge 3.710ms
[1427.579s][debug][gc,ref         ] GC(213) Skipped phase 1 of Reference Processing: no references
[1427.579s][debug][gc,ref         ] GC(213) ReferenceProcessor::execute queues: 1, RefProcThreadModel::Single, marks_oops_alive: false
[1427.579s][debug][gc,ref         ] GC(213) Skipped phase 3 of Reference Processing: no references
[1427.579s][debug][gc,ref         ] GC(213) ReferenceProcessor::execute queues: 1, RefProcThreadModel::Single, marks_oops_alive: false
[1427.579s][debug][gc,phases      ] GC(213) Reference Processing 0.118ms
[1427.579s][debug][gc,phases      ] GC(213)   VM Weak                        Min:  0.0, Avg:  0.0, Max:  0.0, Diff:  0.0, Sum:  0.0, Workers: 4
[1427.579s][debug][gc,phases      ] GC(213)     Dead                           Min: 0, Avg:  0.0, Max: 0, Diff: 0, Sum: 0, Workers: 4
[1427.579s][debug][gc,phases      ] GC(213)     Total                          Min: 0, Avg: 188.5, Max: 498, Diff: 498, Sum: 754, Workers: 4
[1427.579s][debug][gc,phases      ] GC(213)   ObjectSynchronizer Weak        Min:  0.0, Avg:  0.0, Max:  0.0, Diff:  0.0, Sum:  0.0, Workers: 4
[1427.579s][debug][gc,phases      ] GC(213)     Dead                           Min: 0, Avg:  0.0, Max: 0, Diff: 0, Sum: 0, Workers: 4
[1427.579s][debug][gc,phases      ] GC(213)     Total                          Min: 0, Avg: 116.8, Max: 256, Diff: 256, Sum: 467, Workers: 4
[1427.579s][debug][gc,phases      ] GC(213)   JVMTI Tag Weak OopStorage      Min:  0.0, Avg:  0.0, Max:  0.0, Diff:  0.0, Sum:  0.0, Workers: 4
[1427.579s][debug][gc,phases      ] GC(213)     Dead                           Min: 0, Avg:  0.0, Max: 0, Diff: 0, Sum: 0, Workers: 4
[1427.579s][debug][gc,phases      ] GC(213)     Total                          Min: 0, Avg:  0.0, Max: 0, Diff: 0, Sum: 0, Workers: 4
[1427.579s][debug][gc,phases      ] GC(213)   StringTable Weak               Min:  0.1, Avg:  0.1, Max:  0.1, Diff:  0.0, Sum:  0.4, Workers: 4
[1427.579s][debug][gc,phases      ] GC(213)     Dead                           Min: 0, Avg:  0.0, Max: 0, Diff: 0, Sum: 0, Workers: 4
[1427.579s][debug][gc,phases      ] GC(213)     Total                          Min: 11008, Avg: 12200.8, Max: 13027, Diff: 2019, Sum: 48803, Workers: 4
[1427.579s][debug][gc,phases      ] GC(213)   ResolvedMethodTable Weak       Min:  0.0, Avg:  0.0, Max:  0.0, Diff:  0.0, Sum:  0.1, Workers: 4
[1427.579s][debug][gc,phases      ] GC(213)     Dead                           Min: 0, Avg:  0.0, Max: 0, Diff: 0, Sum: 0, Workers: 4
[1427.579s][debug][gc,phases      ] GC(213)     Total                          Min: 2112, Avg: 2267.8, Max: 2415, Diff: 303, Sum: 9071, Workers: 4
[1427.579s][debug][gc,phases      ] GC(213)   JNI Weak                       Min:  0.0, Avg:  0.0, Max:  0.0, Diff:  0.0, Sum:  0.0, Workers: 4
[1427.579s][debug][gc,phases      ] GC(213)     Dead                           Min: 0, Avg:  0.0, Max: 0, Diff: 0, Sum: 0, Workers: 4
[1427.579s][debug][gc,phases      ] GC(213)     Total                          Min: 0, Avg:  0.0, Max: 0, Diff: 0, Sum: 0, Workers: 4
[1427.579s][debug][gc,phases      ] GC(213)   StringDedup Table Weak         Min:  0.0, Avg:  0.0, Max:  0.0, Diff:  0.0, Sum:  0.0, Workers: 4
[1427.579s][debug][gc,phases      ] GC(213)     Dead                           Min: 0, Avg:  0.0, Max: 0, Diff: 0, Sum: 0, Workers: 4
[1427.579s][debug][gc,phases      ] GC(213)     Total                          Min: 0, Avg:  0.0, Max: 0, Diff: 0, Sum: 0, Workers: 4
[1427.579s][debug][gc,phases      ] GC(213)   StringDedup Requests0 Weak     Min:  0.0, Avg:  0.0, Max:  0.0, Diff:  0.0, Sum:  0.0, Workers: 4
[1427.579s][debug][gc,phases      ] GC(213)     Dead                           Min: 0, Avg:  0.0, Max: 0, Diff: 0, Sum: 0, Workers: 4
[1427.579s][debug][gc,phases      ] GC(213)     Total                          Min: 0, Avg:  0.0, Max: 0, Diff: 0, Sum: 0, Workers: 4
[1427.579s][debug][gc,phases      ] GC(213)   StringDedup Requests1 Weak     Min:  0.0, Avg:  0.0, Max:  0.0, Diff:  0.0, Sum:  0.0, Workers: 4
[1427.579s][debug][gc,phases      ] GC(213)     Dead                           Min: 0, Avg:  0.0, Max: 0, Diff: 0, Sum: 0, Workers: 4
[1427.579s][debug][gc,phases      ] GC(213)     Total                          Min: 0, Avg:  0.0, Max: 0, Diff: 0, Sum: 0, Workers: 4
[1427.579s][debug][gc,phases      ] GC(213)   Weak JFR Old Object Samples    Min:  0.0, Avg:  0.0, Max:  0.0, Diff:  0.0, Sum:  0.0, Workers: 4
[1427.579s][debug][gc,phases      ] GC(213)     Dead                           Min: 0, Avg:  0.0, Max: 0, Diff: 0, Sum: 0, Workers: 4
[1427.579s][debug][gc,phases      ] GC(213)     Total                          Min: 0, Avg:  0.0, Max: 0, Diff: 0, Sum: 0, Workers: 4
[1427.579s][debug][gc,phases      ] GC(213) Weak Processing 0.330ms
[1427.579s][debug][gc,age         ] GC(213) Desired survivor size 25690112 bytes, new threshold 15 (max threshold 15)
[1427.579s][info ][gc,heap        ] GC(213) PSYoungGen: 2047680K(2068992K)->5504K(2072064K) Eden: 2041856K(2041856K)->0K(2045952K) From: 5824K(27136K)->5504K(26112K)
[1427.579s][info ][gc,heap        ] GC(213) ParOldGen: 690625K(734720K)->690697K(734720K)
[1427.579s][info ][gc,metaspace   ] GC(213) Metaspace: 86891K(87808K)->86891K(87808K) NonClass: 74856K(75328K)->74856K(75328K) Class: 12034K(12480K)->12034K(12480K)
[1427.579s][info ][gc             ] GC(213) Pause Young (Allocation Failure) 2674M->679M(2741M) 4.284ms
[1427.579s][info ][gc,cpu         ] GC(213) User=0.01s Sys=0.00s Real=0.00s
[1427.579s][info ][safepoint      ] Safepoint "ParallelGCFailedAllocation", Time since last: 34063978345 ns, Reaching safepoint: 26401 ns, At safepoint: 4363681 ns, Total: 4390082 ns
[1461.907s][info ][gc,start       ] GC(214) Pause Young (Allocation Failure)
[1461.911s][debug][gc,phases      ] GC(214) Scavenge 3.626ms
[1461.911s][debug][gc,ref         ] GC(214) Skipped phase 1 of Reference Processing: no references
[1461.911s][debug][gc,ref         ] GC(214) ReferenceProcessor::execute queues: 1, RefProcThreadModel::Single, marks_oops_alive: false
[1461.911s][debug][gc,ref         ] GC(214) Skipped phase 3 of Reference Processing: no references
[1461.911s][debug][gc,ref         ] GC(214) ReferenceProcessor::execute queues: 1, RefProcThreadModel::Single, marks_oops_alive: false
[1461.911s][debug][gc,phases      ] GC(214) Reference Processing 0.133ms
[1461.911s][debug][gc,phases      ] GC(214)   VM Weak                        Min:  0.0, Avg:  0.0, Max:  0.0, Diff:  0.0, Sum:  0.0, Workers: 4
[1461.911s][debug][gc,phases      ] GC(214)     Dead                           Min: 0, Avg:  0.0, Max: 0, Diff: 0, Sum: 0, Workers: 4
[1461.911s][debug][gc,phases      ] GC(214)     Total                          Min: 0, Avg: 188.5, Max: 384, Diff: 384, Sum: 754, Workers: 4
[1461.911s][debug][gc,phases      ] GC(214)   ObjectSynchronizer Weak        Min:  0.0, Avg:  0.0, Max:  0.0, Diff:  0.0, Sum:  0.0, Workers: 4
[1461.911s][debug][gc,phases      ] GC(214)     Dead                           Min: 0, Avg:  0.0, Max: 0, Diff: 0, Sum: 0, Workers: 4
[1461.911s][debug][gc,phases      ] GC(214)     Total                          Min: 0, Avg: 116.8, Max: 211, Diff: 211, Sum: 467, Workers: 4
[1461.911s][debug][gc,phases      ] GC(214)   JVMTI Tag Weak OopStorage      Min:  0.0, Avg:  0.0, Max:  0.0, Diff:  0.0, Sum:  0.0, Workers: 4
[1461.911s][debug][gc,phases      ] GC(214)     Dead                           Min: 0, Avg:  0.0, Max: 0, Diff: 0, Sum: 0, Workers: 4
[1461.911s][debug][gc,phases      ] GC(214)     Total                          Min: 0, Avg:  0.0, Max: 0, Diff: 0, Sum: 0, Workers: 4
[1461.911s][debug][gc,phases      ] GC(214)   StringTable Weak               Min:  0.1, Avg:  0.1, Max:  0.1, Diff:  0.0, Sum:  0.4, Workers: 4
[1461.911s][debug][gc,phases      ] GC(214)     Dead                           Min: 0, Avg:  0.0, Max: 0, Diff: 0, Sum: 0, Workers: 4
[1461.911s][debug][gc,phases      ] GC(214)     Total                          Min: 11363, Avg: 12200.8, Max: 13440, Diff: 2077, Sum: 48803, Workers: 4
[1461.911s][debug][gc,phases      ] GC(214)   ResolvedMethodTable Weak       Min:  0.0, Avg:  0.0, Max:  0.0, Diff:  0.0, Sum:  0.1, Workers: 4
[1461.911s][debug][gc,phases      ] GC(214)     Dead                           Min: 0, Avg:  0.0, Max: 0, Diff: 0, Sum: 0, Workers: 4
[1461.911s][debug][gc,phases      ] GC(214)     Total                          Min: 2176, Avg: 2267.8, Max: 2432, Diff: 256, Sum: 9071, Workers: 4
[1461.911s][debug][gc,phases      ] GC(214)   JNI Weak                       Min:  0.0, Avg:  0.0, Max:  0.0, Diff:  0.0, Sum:  0.0, Workers: 4
[1461.911s][debug][gc,phases      ] GC(214)     Dead                           Min: 0, Avg:  0.0, Max: 0, Diff: 0, Sum: 0, Workers: 4
[1461.911s][debug][gc,phases      ] GC(214)     Total                          Min: 0, Avg:  0.0, Max: 0, Diff: 0, Sum: 0, Workers: 4
[1461.911s][debug][gc,phases      ] GC(214)   StringDedup Table Weak         Min:  0.0, Avg:  0.0, Max:  0.0, Diff:  0.0, Sum:  0.0, Workers: 4
[1461.911s][debug][gc,phases      ] GC(214)     Dead                           Min: 0, Avg:  0.0, Max: 0, Diff: 0, Sum: 0, Workers: 4
[1461.911s][debug][gc,phases      ] GC(214)     Total                          Min: 0, Avg:  0.0, Max: 0, Diff: 0, Sum: 0, Workers: 4
[1461.911s][debug][gc,phases      ] GC(214)   StringDedup Requests0 Weak     Min:  0.0, Avg:  0.0, Max:  0.0, Diff:  0.0, Sum:  0.0, Workers: 4
[1461.911s][debug][gc,phases      ] GC(214)     Dead                           Min: 0, Avg:  0.0, Max: 0, Diff: 0, Sum: 0, Workers: 4
[1461.911s][debug][gc,phases      ] GC(214)     Total                          Min: 0, Avg:  0.0, Max: 0, Diff: 0, Sum: 0, Workers: 4
[1461.911s][debug][gc,phases      ] GC(214)   StringDedup Requests1 Weak     Min:  0.0, Avg:  0.0, Max:  0.0, Diff:  0.0, Sum:  0.0, Workers: 4
[1461.911s][debug][gc,phases      ] GC(214)     Dead                           Min: 0, Avg:  0.0, Max: 0, Diff: 0, Sum: 0, Workers: 4
[1461.911s][debug][gc,phases      ] GC(214)     Total                          Min: 0, Avg:  0.0, Max: 0, Diff: 0, Sum: 0, Workers: 4
[1461.911s][debug][gc,phases      ] GC(214)   Weak JFR Old Object Samples    Min:  0.0, Avg:  0.0, Max:  0.0, Diff:  0.0, Sum:  0.0, Workers: 4
[1461.911s][debug][gc,phases      ] GC(214)     Dead                           Min: 0, Avg:  0.0, Max: 0, Diff: 0, Sum: 0, Workers: 4
[1461.911s][debug][gc,phases      ] GC(214)     Total                          Min: 0, Avg:  0.0, Max: 0, Diff: 0, Sum: 0, Workers: 4
[1461.911s][debug][gc,phases      ] GC(214) Weak Processing 0.305ms
[1461.911s][debug][gc,age         ] GC(214) Desired survivor size 24641536 bytes, new threshold 15 (max threshold 15)
[1461.911s][info ][gc,heap        ] GC(214) PSYoungGen: 2051456K(2072064K)->5504K(2071040K) Eden: 2045952K(2045952K)->0K(2045952K) From: 5504K(26112K)->5504K(25088K)
[1461.911s][info ][gc,heap        ] GC(214) ParOldGen: 690697K(734720K)->690761K(734720K)
[1461.911s][info ][gc,metaspace   ] GC(214) Metaspace: 86891K(87808K)->86891K(87808K) NonClass: 74856K(75328K)->74856K(75328K) Class: 12034K(12480K)->12034K(12480K)
[1461.911s][info ][gc             ] GC(214) Pause Young (Allocation Failure) 2677M->679M(2740M) 4.184ms
[1461.911s][info ][gc,cpu         ] GC(214) User=0.02s Sys=0.00s Real=0.01s
[1461.911s][info ][safepoint      ] Safepoint "ParallelGCFailedAllocation", Time since last: 34327496573 ns, Reaching safepoint: 96402 ns, At safepoint: 4261580 ns, Total: 4357982 ns
[1496.142s][info ][gc,start       ] GC(215) Pause Young (Allocation Failure)
[1496.146s][debug][gc,phases      ] GC(215) Scavenge 3.524ms
[1496.146s][debug][gc,ref         ] GC(215) Skipped phase 1 of Reference Processing: no references
[1496.146s][debug][gc,ref         ] GC(215) ReferenceProcessor::execute queues: 1, RefProcThreadModel::Single, marks_oops_alive: false
[1496.146s][debug][gc,ref         ] GC(215) Skipped phase 3 of Reference Processing: no references
[1496.146s][debug][gc,ref         ] GC(215) ReferenceProcessor::execute queues: 1, RefProcThreadModel::Single, marks_oops_alive: false
[1496.146s][debug][gc,phases      ] GC(215) Reference Processing 0.115ms
[1496.146s][debug][gc,phases      ] GC(215)   VM Weak                        Min:  0.0, Avg:  0.0, Max:  0.0, Diff:  0.0, Sum:  0.0, Workers: 4
[1496.146s][debug][gc,phases      ] GC(215)     Dead                           Min: 0, Avg:  0.0, Max: 0, Diff: 0, Sum: 0, Workers: 4
[1496.146s][debug][gc,phases      ] GC(215)     Total                          Min: 0, Avg: 188.5, Max: 690, Diff: 690, Sum: 754, Workers: 4
[1496.146s][debug][gc,phases      ] GC(215)   ObjectSynchronizer Weak        Min:  0.0, Avg:  0.0, Max:  0.0, Diff:  0.0, Sum:  0.0, Workers: 4
[1496.146s][debug][gc,phases      ] GC(215)     Dead                           Min: 0, Avg:  0.0, Max: 0, Diff: 0, Sum: 0, Workers: 4
[1496.146s][debug][gc,phases      ] GC(215)     Total                          Min: 0, Avg: 116.8, Max: 256, Diff: 256, Sum: 467, Workers: 4
[1496.146s][debug][gc,phases      ] GC(215)   JVMTI Tag Weak OopStorage      Min:  0.0, Avg:  0.0, Max:  0.0, Diff:  0.0, Sum:  0.0, Workers: 4
[1496.146s][debug][gc,phases      ] GC(215)     Dead                           Min: 0, Avg:  0.0, Max: 0, Diff: 0, Sum: 0, Workers: 4
[1496.146s][debug][gc,phases      ] GC(215)     Total                          Min: 0, Avg:  0.0, Max: 0, Diff: 0, Sum: 0, Workers: 4
[1496.146s][debug][gc,phases      ] GC(215)   StringTable Weak               Min:  0.1, Avg:  0.1, Max:  0.1, Diff:  0.0, Sum:  0.4, Workers: 4
[1496.146s][debug][gc,phases      ] GC(215)     Dead                           Min: 0, Avg:  0.0, Max: 0, Diff: 0, Sum: 0, Workers: 4
[1496.146s][debug][gc,phases      ] GC(215)     Total                          Min: 11328, Avg: 12200.8, Max: 13376, Diff: 2048, Sum: 48803, Workers: 4
[1496.146s][debug][gc,phases      ] GC(215)   ResolvedMethodTable Weak       Min:  0.0, Avg:  0.0, Max:  0.0, Diff:  0.0, Sum:  0.1, Workers: 4
[1496.146s][debug][gc,phases      ] GC(215)     Dead                           Min: 0, Avg:  0.0, Max: 0, Diff: 0, Sum: 0, Workers: 4
[1496.146s][debug][gc,phases      ] GC(215)     Total                          Min: 2095, Avg: 2267.8, Max: 2496, Diff: 401, Sum: 9071, Workers: 4
[1496.146s][debug][gc,phases      ] GC(215)   JNI Weak                       Min:  0.0, Avg:  0.0, Max:  0.0, Diff:  0.0, Sum:  0.0, Workers: 4
[1496.146s][debug][gc,phases      ] GC(215)     Dead                           Min: 0, Avg:  0.0, Max: 0, Diff: 0, Sum: 0, Workers: 4
[1496.146s][debug][gc,phases      ] GC(215)     Total                          Min: 0, Avg:  0.0, Max: 0, Diff: 0, Sum: 0, Workers: 4
[1496.146s][debug][gc,phases      ] GC(215)   StringDedup Table Weak         Min:  0.0, Avg:  0.0, Max:  0.0, Diff:  0.0, Sum:  0.0, Workers: 4
[1496.146s][debug][gc,phases      ] GC(215)     Dead                           Min: 0, Avg:  0.0, Max: 0, Diff: 0, Sum: 0, Workers: 4
[1496.146s][debug][gc,phases      ] GC(215)     Total                          Min: 0, Avg:  0.0, Max: 0, Diff: 0, Sum: 0, Workers: 4
[1496.146s][debug][gc,phases      ] GC(215)   StringDedup Requests0 Weak     Min:  0.0, Avg:  0.0, Max:  0.0, Diff:  0.0, Sum:  0.0, Workers: 4
[1496.146s][debug][gc,phases      ] GC(215)     Dead                           Min: 0, Avg:  0.0, Max: 0, Diff: 0, Sum: 0, Workers: 4
[1496.146s][debug][gc,phases      ] GC(215)     Total                          Min: 0, Avg:  0.0, Max: 0, Diff: 0, Sum: 0, Workers: 4
[1496.146s][debug][gc,phases      ] GC(215)   StringDedup Requests1 Weak     Min:  0.0, Avg:  0.0, Max:  0.0, Diff:  0.0, Sum:  0.0, Workers: 4
[1496.146s][debug][gc,phases      ] GC(215)     Dead                           Min: 0, Avg:  0.0, Max: 0, Diff: 0, Sum: 0, Workers: 4
[1496.146s][debug][gc,phases      ] GC(215)     Total                          Min: 0, Avg:  0.0, Max: 0, Diff: 0, Sum: 0, Workers: 4
[1496.146s][debug][gc,phases      ] GC(215)   Weak JFR Old Object Samples    Min:  0.0, Avg:  0.0, Max:  0.0, Diff:  0.0, Sum:  0.0, Workers: 4
[1496.146s][debug][gc,phases      ] GC(215)     Dead                           Min: 0, Avg:  0.0, Max: 0, Diff: 0, Sum: 0, Workers: 4
[1496.146s][debug][gc,phases      ] GC(215)     Total                          Min: 0, Avg:  0.0, Max: 0, Diff: 0, Sum: 0, Workers: 4
[1496.146s][debug][gc,phases      ] GC(215) Weak Processing 0.326ms
[1496.146s][debug][gc,age         ] GC(215) Desired survivor size 23592960 bytes, new threshold 15 (max threshold 15)
[1496.146s][info ][gc,heap        ] GC(215) PSYoungGen: 2051456K(2071040K)->5120K(2074112K) Eden: 2045952K(2045952K)->0K(2050048K) From: 5504K(25088K)->5120K(24064K)
[1496.146s][info ][gc,heap        ] GC(215) ParOldGen: 690761K(734720K)->690953K(734720K)
[1496.146s][info ][gc,metaspace   ] GC(215) Metaspace: 86891K(87808K)->86891K(87808K) NonClass: 74856K(75328K)->74856K(75328K) Class: 12034K(12480K)->12034K(12480K)
[1496.146s][info ][gc             ] GC(215) Pause Young (Allocation Failure) 2677M->679M(2743M) 4.085ms
[1496.146s][info ][gc,cpu         ] GC(215) User=0.01s Sys=0.00s Real=0.01s
[1496.146s][info ][safepoint      ] Safepoint "ParallelGCFailedAllocation", Time since last: 34230646771 ns, Reaching safepoint: 55601 ns, At safepoint: 4185678 ns, Total: 4241279 ns
[1530.177s][info ][gc,start       ] GC(216) Pause Young (Allocation Failure)
[1530.181s][debug][gc,phases      ] GC(216) Scavenge 3.268ms
[1530.181s][debug][gc,ref         ] GC(216) Skipped phase 1 of Reference Processing: no references
[1530.181s][debug][gc,ref         ] GC(216) ReferenceProcessor::execute queues: 1, RefProcThreadModel::Single, marks_oops_alive: false
[1530.181s][debug][gc,ref         ] GC(216) Skipped phase 3 of Reference Processing: no references
[1530.181s][debug][gc,ref         ] GC(216) ReferenceProcessor::execute queues: 1, RefProcThreadModel::Single, marks_oops_alive: false
[1530.181s][debug][gc,phases      ] GC(216) Reference Processing 0.134ms
[1530.181s][debug][gc,phases      ] GC(216)   VM Weak                        Min:  0.0, Avg:  0.0, Max:  0.0, Diff:  0.0, Sum:  0.0, Workers: 4
[1530.181s][debug][gc,phases      ] GC(216)     Dead                           Min: 0, Avg:  0.0, Max: 0, Diff: 0, Sum: 0, Workers: 4
[1530.181s][debug][gc,phases      ] GC(216)     Total                          Min: 0, Avg: 188.5, Max: 576, Diff: 576, Sum: 754, Workers: 4
[1530.181s][debug][gc,phases      ] GC(216)   ObjectSynchronizer Weak        Min:  0.0, Avg:  0.0, Max:  0.0, Diff:  0.0, Sum:  0.0, Workers: 4
[1530.181s][debug][gc,phases      ] GC(216)     Dead                           Min: 0, Avg:  0.0, Max: 0, Diff: 0, Sum: 0, Workers: 4
[1530.181s][debug][gc,phases      ] GC(216)     Total                          Min: 0, Avg: 116.8, Max: 256, Diff: 256, Sum: 467, Workers: 4
[1530.181s][debug][gc,phases      ] GC(216)   JVMTI Tag Weak OopStorage      Min:  0.0, Avg:  0.0, Max:  0.0, Diff:  0.0, Sum:  0.0, Workers: 4
[1530.181s][debug][gc,phases      ] GC(216)     Dead                           Min: 0, Avg:  0.0, Max: 0, Diff: 0, Sum: 0, Workers: 4
[1530.181s][debug][gc,phases      ] GC(216)     Total                          Min: 0, Avg:  0.0, Max: 0, Diff: 0, Sum: 0, Workers: 4
[1530.181s][debug][gc,phases      ] GC(216)   StringTable Weak               Min:  0.1, Avg:  0.1, Max:  0.1, Diff:  0.0, Sum:  0.4, Workers: 4
[1530.181s][debug][gc,phases      ] GC(216)     Dead                           Min: 0, Avg:  0.0, Max: 0, Diff: 0, Sum: 0, Workers: 4
[1530.181s][debug][gc,phases      ] GC(216)     Total                          Min: 10944, Avg: 12201.0, Max: 13732, Diff: 2788, Sum: 48804, Workers: 4
[1530.181s][debug][gc,phases      ] GC(216)   ResolvedMethodTable Weak       Min:  0.0, Avg:  0.0, Max:  0.0, Diff:  0.0, Sum:  0.1, Workers: 4
[1530.181s][debug][gc,phases      ] GC(216)     Dead                           Min: 0, Avg:  0.0, Max: 0, Diff: 0, Sum: 0, Workers: 4
[1530.181s][debug][gc,phases      ] GC(216)     Total                          Min: 2048, Avg: 2267.8, Max: 2415, Diff: 367, Sum: 9071, Workers: 4
[1530.181s][debug][gc,phases      ] GC(216)   JNI Weak                       Min:  0.0, Avg:  0.0, Max:  0.0, Diff:  0.0, Sum:  0.0, Workers: 4
[1530.181s][debug][gc,phases      ] GC(216)     Dead                           Min: 0, Avg:  0.0, Max: 0, Diff: 0, Sum: 0, Workers: 4
[1530.181s][debug][gc,phases      ] GC(216)     Total                          Min: 0, Avg:  0.0, Max: 0, Diff: 0, Sum: 0, Workers: 4
[1530.181s][debug][gc,phases      ] GC(216)   StringDedup Table Weak         Min:  0.0, Avg:  0.0, Max:  0.0, Diff:  0.0, Sum:  0.0, Workers: 4
[1530.181s][debug][gc,phases      ] GC(216)     Dead                           Min: 0, Avg:  0.0, Max: 0, Diff: 0, Sum: 0, Workers: 4
[1530.181s][debug][gc,phases      ] GC(216)     Total                          Min: 0, Avg:  0.0, Max: 0, Diff: 0, Sum: 0, Workers: 4
[1530.181s][debug][gc,phases      ] GC(216)   StringDedup Requests0 Weak     Min:  0.0, Avg:  0.0, Max:  0.0, Diff:  0.0, Sum:  0.0, Workers: 4
[1530.181s][debug][gc,phases      ] GC(216)     Dead                           Min: 0, Avg:  0.0, Max: 0, Diff: 0, Sum: 0, Workers: 4
[1530.181s][debug][gc,phases      ] GC(216)     Total                          Min: 0, Avg:  0.0, Max: 0, Diff: 0, Sum: 0, Workers: 4
[1530.181s][debug][gc,phases      ] GC(216)   StringDedup Requests1 Weak     Min:  0.0, Avg:  0.0, Max:  0.0, Diff:  0.0, Sum:  0.0, Workers: 4
[1530.181s][debug][gc,phases      ] GC(216)     Dead                           Min: 0, Avg:  0.0, Max: 0, Diff: 0, Sum: 0, Workers: 4
[1530.181s][debug][gc,phases      ] GC(216)     Total                          Min: 0, Avg:  0.0, Max: 0, Diff: 0, Sum: 0, Workers: 4
[1530.181s][debug][gc,phases      ] GC(216)   Weak JFR Old Object Samples    Min:  0.0, Avg:  0.0, Max:  0.0, Diff:  0.0, Sum:  0.0, Workers: 4
[1530.181s][debug][gc,phases      ] GC(216)     Dead                           Min: 0, Avg:  0.0, Max: 0, Diff: 0, Sum: 0, Workers: 4
[1530.181s][debug][gc,phases      ] GC(216)     Total                          Min: 0, Avg:  0.0, Max: 0, Diff: 0, Sum: 0, Workers: 4
[1530.181s][debug][gc,phases      ] GC(216) Weak Processing 0.345ms
[1530.181s][debug][gc,age         ] GC(216) Desired survivor size 22544384 bytes, new threshold 15 (max threshold 15)
[1530.181s][info ][gc,heap        ] GC(216) PSYoungGen: 2055168K(2074112K)->5136K(2073088K) Eden: 2050048K(2050048K)->0K(2050048K) From: 5120K(24064K)->5136K(23040K)
[1530.181s][info ][gc,heap        ] GC(216) ParOldGen: 690953K(734720K)->691081K(734720K)
[1530.181s][info ][gc,metaspace   ] GC(216) Metaspace: 86891K(87808K)->86891K(87808K) NonClass: 74856K(75328K)->74856K(75328K) Class: 12034K(12480K)->12034K(12480K)
[1530.181s][info ][gc             ] GC(216) Pause Young (Allocation Failure) 2681M->679M(2742M) 3.868ms
[1530.181s][info ][gc,cpu         ] GC(216) User=0.01s Sys=0.00s Real=0.00s
[1530.181s][info ][safepoint      ] Safepoint "ParallelGCFailedAllocation", Time since last: 34031231096 ns, Reaching safepoint: 27300 ns, At safepoint: 3975474 ns, Total: 4002774 ns
[1541.182s][info ][safepoint      ] Safepoint "Cleanup", Time since last: 11000735650 ns, Reaching safepoint: 51701 ns, At safepoint: 8101 ns, Total: 59802 ns
[1564.503s][info ][safepoint      ] Safepoint "ParallelGCFailedAllocation", Time since last: 23320658275 ns, Reaching safepoint: 47401 ns, At safepoint: 14301 ns, Total: 61702 ns
[1564.503s][info ][gc,start       ] GC(217) Pause Young (GCLocker Initiated GC)
[1564.506s][debug][gc,phases      ] GC(217) Scavenge 3.324ms
[1564.506s][debug][gc,ref         ] GC(217) Skipped phase 1 of Reference Processing: no references
[1564.507s][debug][gc,ref         ] GC(217) ReferenceProcessor::execute queues: 1, RefProcThreadModel::Single, marks_oops_alive: false
[1564.507s][debug][gc,ref         ] GC(217) Skipped phase 3 of Reference Processing: no references
[1564.507s][debug][gc,ref         ] GC(217) ReferenceProcessor::execute queues: 1, RefProcThreadModel::Single, marks_oops_alive: false
[1564.507s][debug][gc,phases      ] GC(217) Reference Processing 0.118ms
[1564.507s][debug][gc,phases      ] GC(217)   VM Weak                        Min:  0.0, Avg:  0.0, Max:  0.0, Diff:  0.0, Sum:  0.0, Workers: 4
[1564.507s][debug][gc,phases      ] GC(217)     Dead                           Min: 0, Avg:  0.0, Max: 0, Diff: 0, Sum: 0, Workers: 4
[1564.507s][debug][gc,phases      ] GC(217)     Total                          Min: 0, Avg: 188.5, Max: 754, Diff: 754, Sum: 754, Workers: 4
[1564.507s][debug][gc,phases      ] GC(217)   ObjectSynchronizer Weak        Min:  0.0, Avg:  0.0, Max:  0.0, Diff:  0.0, Sum:  0.0, Workers: 4
[1564.507s][debug][gc,phases      ] GC(217)     Dead                           Min: 0, Avg:  0.0, Max: 0, Diff: 0, Sum: 0, Workers: 4
[1564.507s][debug][gc,phases      ] GC(217)     Total                          Min: 0, Avg: 116.8, Max: 467, Diff: 467, Sum: 467, Workers: 4
[1564.507s][debug][gc,phases      ] GC(217)   JVMTI Tag Weak OopStorage      Min:  0.0, Avg:  0.0, Max:  0.0, Diff:  0.0, Sum:  0.0, Workers: 4
[1564.507s][debug][gc,phases      ] GC(217)     Dead                           Min: 0, Avg:  0.0, Max: 0, Diff: 0, Sum: 0, Workers: 4
[1564.507s][debug][gc,phases      ] GC(217)     Total                          Min: 0, Avg:  0.0, Max: 0, Diff: 0, Sum: 0, Workers: 4
[1564.507s][debug][gc,phases      ] GC(217)   StringTable Weak               Min:  0.1, Avg:  0.1, Max:  0.1, Diff:  0.0, Sum:  0.4, Workers: 4
[1564.507s][debug][gc,phases      ] GC(217)     Dead                           Min: 0, Avg:  0.0, Max: 0, Diff: 0, Sum: 0, Workers: 4
[1564.507s][debug][gc,phases      ] GC(217)     Total                          Min: 11648, Avg: 12201.0, Max: 13184, Diff: 1536, Sum: 48804, Workers: 4
[1564.507s][debug][gc,phases      ] GC(217)   ResolvedMethodTable Weak       Min:  0.0, Avg:  0.0, Max:  0.0, Diff:  0.0, Sum:  0.1, Workers: 4
[1564.507s][debug][gc,phases      ] GC(217)     Dead                           Min: 0, Avg:  0.0, Max: 0, Diff: 0, Sum: 0, Workers: 4
[1564.507s][debug][gc,phases      ] GC(217)     Total                          Min: 2112, Avg: 2267.8, Max: 2624, Diff: 512, Sum: 9071, Workers: 4
[1564.507s][debug][gc,phases      ] GC(217)   JNI Weak                       Min:  0.0, Avg:  0.0, Max:  0.0, Diff:  0.0, Sum:  0.0, Workers: 4
[1564.507s][debug][gc,phases      ] GC(217)     Dead                           Min: 0, Avg:  0.0, Max: 0, Diff: 0, Sum: 0, Workers: 4
[1564.507s][debug][gc,phases      ] GC(217)     Total                          Min: 0, Avg:  0.0, Max: 0, Diff: 0, Sum: 0, Workers: 4
[1564.507s][debug][gc,phases      ] GC(217)   StringDedup Table Weak         Min:  0.0, Avg:  0.0, Max:  0.0, Diff:  0.0, Sum:  0.0, Workers: 4
[1564.507s][debug][gc,phases      ] GC(217)     Dead                           Min: 0, Avg:  0.0, Max: 0, Diff: 0, Sum: 0, Workers: 4
[1564.507s][debug][gc,phases      ] GC(217)     Total                          Min: 0, Avg:  0.0, Max: 0, Diff: 0, Sum: 0, Workers: 4
[1564.507s][debug][gc,phases      ] GC(217)   StringDedup Requests0 Weak     Min:  0.0, Avg:  0.0, Max:  0.0, Diff:  0.0, Sum:  0.0, Workers: 4
[1564.507s][debug][gc,phases      ] GC(217)     Dead                           Min: 0, Avg:  0.0, Max: 0, Diff: 0, Sum: 0, Workers: 4
[1564.507s][debug][gc,phases      ] GC(217)     Total                          Min: 0, Avg:  0.0, Max: 0, Diff: 0, Sum: 0, Workers: 4
[1564.507s][debug][gc,phases      ] GC(217)   StringDedup Requests1 Weak     Min:  0.0, Avg:  0.0, Max:  0.0, Diff:  0.0, Sum:  0.0, Workers: 4
[1564.507s][debug][gc,phases      ] GC(217)     Dead                           Min: 0, Avg:  0.0, Max: 0, Diff: 0, Sum: 0, Workers: 4
[1564.507s][debug][gc,phases      ] GC(217)     Total                          Min: 0, Avg:  0.0, Max: 0, Diff: 0, Sum: 0, Workers: 4
[1564.507s][debug][gc,phases      ] GC(217)   Weak JFR Old Object Samples    Min:  0.0, Avg:  0.0, Max:  0.0, Diff:  0.0, Sum:  0.0, Workers: 4
[1564.507s][debug][gc,phases      ] GC(217)     Dead                           Min: 0, Avg:  0.0, Max: 0, Diff: 0, Sum: 0, Workers: 4
[1564.507s][debug][gc,phases      ] GC(217)     Total                          Min: 0, Avg:  0.0, Max: 0, Diff: 0, Sum: 0, Workers: 4
[1564.507s][debug][gc,phases      ] GC(217) Weak Processing 0.315ms
[1564.507s][debug][gc,age         ] GC(217) Desired survivor size 21495808 bytes, new threshold 15 (max threshold 15)
[1564.507s][info ][gc,heap        ] GC(217) PSYoungGen: 2055184K(2073088K)->5328K(2076160K) Eden: 2050048K(2050048K)->0K(2054144K) From: 5136K(23040K)->5328K(22016K)
[1564.507s][info ][gc,heap        ] GC(217) ParOldGen: 691085K(734720K)->691189K(734720K)
[1564.507s][info ][gc,metaspace   ] GC(217) Metaspace: 86892K(87808K)->86892K(87808K) NonClass: 74857K(75328K)->74857K(75328K) Class: 12034K(12480K)->12034K(12480K)
[1564.507s][info ][gc             ] GC(217) Pause Young (GCLocker Initiated GC) 2681M->680M(2745M) 3.864ms
[1564.507s][info ][gc,cpu         ] GC(217) User=0.01s Sys=0.00s Real=0.00s
[1564.507s][info ][safepoint      ] Safepoint "ParallelGCSystemGC", Time since last: 106702 ns, Reaching safepoint: 15000 ns, At safepoint: 3933173 ns, Total: 3948173 ns
[1598.955s][info ][gc,start       ] GC(218) Pause Young (Allocation Failure)
[1598.959s][debug][gc,phases      ] GC(218) Scavenge 3.448ms
[1598.959s][debug][gc,ref         ] GC(218) Skipped phase 1 of Reference Processing: no references
[1598.959s][debug][gc,ref         ] GC(218) ReferenceProcessor::execute queues: 1, RefProcThreadModel::Single, marks_oops_alive: false
[1598.959s][debug][gc,ref         ] GC(218) Skipped phase 3 of Reference Processing: no references
[1598.959s][debug][gc,ref         ] GC(218) ReferenceProcessor::execute queues: 1, RefProcThreadModel::Single, marks_oops_alive: false
[1598.959s][debug][gc,phases      ] GC(218) Reference Processing 0.117ms
[1598.959s][debug][gc,phases      ] GC(218)   VM Weak                        Min:  0.0, Avg:  0.0, Max:  0.0, Diff:  0.0, Sum:  0.0, Workers: 4
[1598.959s][debug][gc,phases      ] GC(218)     Dead                           Min: 0, Avg:  0.0, Max: 0, Diff: 0, Sum: 0, Workers: 4
[1598.959s][debug][gc,phases      ] GC(218)     Total                          Min: 0, Avg: 188.5, Max: 498, Diff: 498, Sum: 754, Workers: 4
[1598.959s][debug][gc,phases      ] GC(218)   ObjectSynchronizer Weak        Min:  0.0, Avg:  0.0, Max:  0.0, Diff:  0.0, Sum:  0.0, Workers: 4
[1598.959s][debug][gc,phases      ] GC(218)     Dead                           Min: 0, Avg:  0.0, Max: 0, Diff: 0, Sum: 0, Workers: 4
[1598.959s][debug][gc,phases      ] GC(218)     Total                          Min: 0, Avg: 116.8, Max: 275, Diff: 275, Sum: 467, Workers: 4
[1598.959s][debug][gc,phases      ] GC(218)   JVMTI Tag Weak OopStorage      Min:  0.0, Avg:  0.0, Max:  0.0, Diff:  0.0, Sum:  0.0, Workers: 4
[1598.959s][debug][gc,phases      ] GC(218)     Dead                           Min: 0, Avg:  0.0, Max: 0, Diff: 0, Sum: 0, Workers: 4
[1598.959s][debug][gc,phases      ] GC(218)     Total                          Min: 0, Avg:  0.0, Max: 0, Diff: 0, Sum: 0, Workers: 4
[1598.959s][debug][gc,phases      ] GC(218)   StringTable Weak               Min:  0.1, Avg:  0.1, Max:  0.1, Diff:  0.0, Sum:  0.4, Workers: 4
[1598.959s][debug][gc,phases      ] GC(218)     Dead                           Min: 0, Avg:  0.0, Max: 0, Diff: 0, Sum: 0, Workers: 4
[1598.959s][debug][gc,phases      ] GC(218)     Total                          Min: 11428, Avg: 12201.0, Max: 13504, Diff: 2076, Sum: 48804, Workers: 4
[1598.959s][debug][gc,phases      ] GC(218)   ResolvedMethodTable Weak       Min:  0.0, Avg:  0.0, Max:  0.0, Diff:  0.0, Sum:  0.1, Workers: 4
[1598.959s][debug][gc,phases      ] GC(218)     Dead                           Min: 0, Avg:  0.0, Max: 0, Diff: 0, Sum: 0, Workers: 4
[1598.959s][debug][gc,phases      ] GC(218)     Total                          Min: 1903, Avg: 2267.8, Max: 2688, Diff: 785, Sum: 9071, Workers: 4
[1598.959s][debug][gc,phases      ] GC(218)   JNI Weak                       Min:  0.0, Avg:  0.0, Max:  0.0, Diff:  0.0, Sum:  0.0, Workers: 4
[1598.959s][debug][gc,phases      ] GC(218)     Dead                           Min: 0, Avg:  0.0, Max: 0, Diff: 0, Sum: 0, Workers: 4
[1598.959s][debug][gc,phases      ] GC(218)     Total                          Min: 0, Avg:  0.0, Max: 0, Diff: 0, Sum: 0, Workers: 4
[1598.959s][debug][gc,phases      ] GC(218)   StringDedup Table Weak         Min:  0.0, Avg:  0.0, Max:  0.0, Diff:  0.0, Sum:  0.0, Workers: 4
[1598.959s][debug][gc,phases      ] GC(218)     Dead                           Min: 0, Avg:  0.0, Max: 0, Diff: 0, Sum: 0, Workers: 4
[1598.959s][debug][gc,phases      ] GC(218)     Total                          Min: 0, Avg:  0.0, Max: 0, Diff: 0, Sum: 0, Workers: 4
[1598.959s][debug][gc,phases      ] GC(218)   StringDedup Requests0 Weak     Min:  0.0, Avg:  0.0, Max:  0.0, Diff:  0.0, Sum:  0.0, Workers: 4
[1598.959s][debug][gc,phases      ] GC(218)     Dead                           Min: 0, Avg:  0.0, Max: 0, Diff: 0, Sum: 0, Workers: 4
[1598.959s][debug][gc,phases      ] GC(218)     Total                          Min: 0, Avg:  0.0, Max: 0, Diff: 0, Sum: 0, Workers: 4
[1598.959s][debug][gc,phases      ] GC(218)   StringDedup Requests1 Weak     Min:  0.0, Avg:  0.0, Max:  0.0, Diff:  0.0, Sum:  0.0, Workers: 4
[1598.959s][debug][gc,phases      ] GC(218)     Dead                           Min: 0, Avg:  0.0, Max: 0, Diff: 0, Sum: 0, Workers: 4
[1598.959s][debug][gc,phases      ] GC(218)     Total                          Min: 0, Avg:  0.0, Max: 0, Diff: 0, Sum: 0, Workers: 4
[1598.959s][debug][gc,phases      ] GC(218)   Weak JFR Old Object Samples    Min:  0.0, Avg:  0.0, Max:  0.0, Diff:  0.0, Sum:  0.0, Workers: 4
[1598.959s][debug][gc,phases      ] GC(218)     Dead                           Min: 0, Avg:  0.0, Max: 0, Diff: 0, Sum: 0, Workers: 4
[1598.959s][debug][gc,phases      ] GC(218)     Total                          Min: 0, Avg:  0.0, Max: 0, Diff: 0, Sum: 0, Workers: 4
[1598.959s][debug][gc,phases      ] GC(218) Weak Processing 0.317ms
[1598.959s][debug][gc,age         ] GC(218) Desired survivor size 20971520 bytes, new threshold 15 (max threshold 15)
[1598.959s][info ][gc,heap        ] GC(218) PSYoungGen: 2059472K(2076160K)->4960K(2075136K) Eden: 2054144K(2054144K)->0K(2054144K) From: 5328K(22016K)->4960K(20992K)
[1598.959s][info ][gc,heap        ] GC(218) ParOldGen: 691190K(734720K)->691438K(734720K)
[1598.959s][info ][gc,metaspace   ] GC(218) Metaspace: 86901K(87808K)->86901K(87808K) NonClass: 74866K(75328K)->74866K(75328K) Class: 12034K(12480K)->12034K(12480K)
[1598.959s][info ][gc             ] GC(218) Pause Young (Allocation Failure) 2686M->680M(2744M) 3.997ms
[1598.959s][info ][gc,cpu         ] GC(218) User=0.01s Sys=0.00s Real=0.00s
[1598.959s][info ][safepoint      ] Safepoint "ParallelGCFailedAllocation", Time since last: 34447980696 ns, Reaching safepoint: 116502 ns, At safepoint: 4093676 ns, Total: 4210178 ns
[1633.452s][info ][gc,start       ] GC(219) Pause Young (Allocation Failure)
[1633.455s][debug][gc,phases      ] GC(219) Scavenge 3.326ms
[1633.455s][debug][gc,ref         ] GC(219) Skipped phase 1 of Reference Processing: no references
[1633.455s][debug][gc,ref         ] GC(219) ReferenceProcessor::execute queues: 1, RefProcThreadModel::Single, marks_oops_alive: false
[1633.455s][debug][gc,ref         ] GC(219) Skipped phase 3 of Reference Processing: no references
[1633.455s][debug][gc,ref         ] GC(219) ReferenceProcessor::execute queues: 1, RefProcThreadModel::Single, marks_oops_alive: false
[1633.455s][debug][gc,phases      ] GC(219) Reference Processing 0.115ms
[1633.455s][debug][gc,phases      ] GC(219)   VM Weak                        Min:  0.0, Avg:  0.0, Max:  0.0, Diff:  0.0, Sum:  0.0, Workers: 4
[1633.455s][debug][gc,phases      ] GC(219)     Dead                           Min: 0, Avg:  0.0, Max: 0, Diff: 0, Sum: 0, Workers: 4
[1633.455s][debug][gc,phases      ] GC(219)     Total                          Min: 0, Avg: 188.5, Max: 562, Diff: 562, Sum: 754, Workers: 4
[1633.455s][debug][gc,phases      ] GC(219)   ObjectSynchronizer Weak        Min:  0.0, Avg:  0.0, Max:  0.0, Diff:  0.0, Sum:  0.0, Workers: 4
[1633.455s][debug][gc,phases      ] GC(219)     Dead                           Min: 0, Avg:  0.0, Max: 0, Diff: 0, Sum: 0, Workers: 4
[1633.455s][debug][gc,phases      ] GC(219)     Total                          Min: 0, Avg: 116.8, Max: 256, Diff: 256, Sum: 467, Workers: 4
[1633.455s][debug][gc,phases      ] GC(219)   JVMTI Tag Weak OopStorage      Min:  0.0, Avg:  0.0, Max:  0.0, Diff:  0.0, Sum:  0.0, Workers: 4
[1633.455s][debug][gc,phases      ] GC(219)     Dead                           Min: 0, Avg:  0.0, Max: 0, Diff: 0, Sum: 0, Workers: 4
[1633.455s][debug][gc,phases      ] GC(219)     Total                          Min: 0, Avg:  0.0, Max: 0, Diff: 0, Sum: 0, Workers: 4
[1633.455s][debug][gc,phases      ] GC(219)   StringTable Weak               Min:  0.1, Avg:  0.1, Max:  0.1, Diff:  0.0, Sum:  0.4, Workers: 4
[1633.455s][debug][gc,phases      ] GC(219)     Dead                           Min: 0, Avg:  0.0, Max: 0, Diff: 0, Sum: 0, Workers: 4
[1633.455s][debug][gc,phases      ] GC(219)     Total                          Min: 11200, Avg: 12201.0, Max: 12736, Diff: 1536, Sum: 48804, Workers: 4
[1633.455s][debug][gc,phases      ] GC(219)   ResolvedMethodTable Weak       Min:  0.0, Avg:  0.0, Max:  0.0, Diff:  0.0, Sum:  0.1, Workers: 4
[1633.455s][debug][gc,phases      ] GC(219)     Dead                           Min: 0, Avg:  0.0, Max: 0, Diff: 0, Sum: 0, Workers: 4
[1633.455s][debug][gc,phases      ] GC(219)     Total                          Min: 2112, Avg: 2267.8, Max: 2479, Diff: 367, Sum: 9071, Workers: 4
[1633.455s][debug][gc,phases      ] GC(219)   JNI Weak                       Min:  0.0, Avg:  0.0, Max:  0.0, Diff:  0.0, Sum:  0.0, Workers: 4
[1633.455s][debug][gc,phases      ] GC(219)     Dead                           Min: 0, Avg:  0.0, Max: 0, Diff: 0, Sum: 0, Workers: 4
[1633.455s][debug][gc,phases      ] GC(219)     Total                          Min: 0, Avg:  0.0, Max: 0, Diff: 0, Sum: 0, Workers: 4
[1633.455s][debug][gc,phases      ] GC(219)   StringDedup Table Weak         Min:  0.0, Avg:  0.0, Max:  0.0, Diff:  0.0, Sum:  0.0, Workers: 4
[1633.455s][debug][gc,phases      ] GC(219)     Dead                           Min: 0, Avg:  0.0, Max: 0, Diff: 0, Sum: 0, Workers: 4
[1633.456s][debug][gc,phases      ] GC(219)     Total                          Min: 0, Avg:  0.0, Max: 0, Diff: 0, Sum: 0, Workers: 4
[1633.456s][debug][gc,phases      ] GC(219)   StringDedup Requests0 Weak     Min:  0.0, Avg:  0.0, Max:  0.0, Diff:  0.0, Sum:  0.0, Workers: 4
[1633.456s][debug][gc,phases      ] GC(219)     Dead                           Min: 0, Avg:  0.0, Max: 0, Diff: 0, Sum: 0, Workers: 4
[1633.456s][debug][gc,phases      ] GC(219)     Total                          Min: 0, Avg:  0.0, Max: 0, Diff: 0, Sum: 0, Workers: 4
[1633.456s][debug][gc,phases      ] GC(219)   StringDedup Requests1 Weak     Min:  0.0, Avg:  0.0, Max:  0.0, Diff:  0.0, Sum:  0.0, Workers: 4
[1633.456s][debug][gc,phases      ] GC(219)     Dead                           Min: 0, Avg:  0.0, Max: 0, Diff: 0, Sum: 0, Workers: 4
[1633.456s][debug][gc,phases      ] GC(219)     Total                          Min: 0, Avg:  0.0, Max: 0, Diff: 0, Sum: 0, Workers: 4
[1633.456s][debug][gc,phases      ] GC(219)   Weak JFR Old Object Samples    Min:  0.0, Avg:  0.0, Max:  0.0, Diff:  0.0, Sum:  0.0, Workers: 4
[1633.456s][debug][gc,phases      ] GC(219)     Dead                           Min: 0, Avg:  0.0, Max: 0, Diff: 0, Sum: 0, Workers: 4
[1633.456s][debug][gc,phases      ] GC(219)     Total                          Min: 0, Avg:  0.0, Max: 0, Diff: 0, Sum: 0, Workers: 4
[1633.456s][debug][gc,phases      ] GC(219) Weak Processing 0.347ms
[1633.456s][debug][gc,age         ] GC(219) Desired survivor size 19922944 bytes, new threshold 15 (max threshold 15)
[1633.456s][info ][gc,heap        ] GC(219) PSYoungGen: 2059104K(2075136K)->4880K(2077696K) Eden: 2054144K(2054144K)->0K(2057216K) From: 4960K(20992K)->4880K(20480K)
[1633.456s][info ][gc,heap        ] GC(219) ParOldGen: 691438K(734720K)->691618K(734720K)
[1633.456s][info ][gc,metaspace   ] GC(219) Metaspace: 86901K(87808K)->86901K(87808K) NonClass: 74866K(75328K)->74866K(75328K) Class: 12034K(12480K)->12034K(12480K)
[1633.456s][info ][gc             ] GC(219) Pause Young (Allocation Failure) 2686M->680M(2746M) 3.908ms
[1633.456s][info ][gc,cpu         ] GC(219) User=0.01s Sys=0.00s Real=0.00s
[1633.456s][info ][safepoint      ] Safepoint "ParallelGCFailedAllocation", Time since last: 34492468332 ns, Reaching safepoint: 47601 ns, At safepoint: 4008274 ns, Total: 4055875 ns
[1649.457s][info ][safepoint      ] Safepoint "Cleanup", Time since last: 16001041873 ns, Reaching safepoint: 49101 ns, At safepoint: 3000 ns, Total: 52101 ns
[1656.457s][info ][gc,heap,exit   ] Heap
[1656.457s][info ][gc,heap,exit   ]  PSYoungGen      total 2077696K, used 1465002K [0x0000000780000000, 0x0000000800000000, 0x0000000800000000)
[1656.457s][info ][gc,heap,exit   ]   eden space 2057216K, 70% used [0x0000000780000000,0x00000007d91e69b8,0x00000007fd900000)
[1656.457s][info ][gc,heap,exit   ]   from space 20480K, 23% used [0x00000007fec00000,0x00000007ff0c4150,0x0000000800000000)
[1656.457s][info ][gc,heap,exit   ]   to   space 19456K, 0% used [0x00000007fd900000,0x00000007fd900000,0x00000007fec00000)
[1656.457s][info ][gc,heap,exit   ]  ParOldGen       total 734720K, used 691618K [0x0000000740000000, 0x000000076cd80000, 0x0000000780000000)
[1656.457s][info ][gc,heap,exit   ]   object space 734720K, 94% used [0x0000000740000000,0x000000076a368ba0,0x000000076cd80000)
[1656.457s][info ][gc,heap,exit   ]  Metaspace       used 86937K, committed 87872K, reserved 1130496K
[1656.457s][info ][gc,heap,exit   ]   class space    used 12038K, committed 12480K, reserved 1048576K
